{"op_code":0,"worker_id":"5ba1d696-b540-4fc7-a67a-e8041113b1d0-30636","study_name":"off_tf05_o1cmlubrze","directions":[1]}
{"op_code":4,"worker_id":"5ba1d696-b540-4fc7-a67a-e8041113b1d0-30636","study_id":0,"datetime_start":null,"state":4,"value":null,"values":null,"distributions":{},"params":{},"user_attrs":{"defaults":true},"system_attrs":{"fixed_params":{}},"intermediate_values":{}}
{"op_code":6,"worker_id":"5ba1d696-b540-4fc7-a67a-e8041113b1d0-30636","trial_id":0,"state":0,"values":null,"datetime_start":"2026-10-07T09:08:10.516745"}
{"op_code":8,"worker_id":"5ba1d696-b540-4fc7-a67a-e8041113b1d0-30636","trial_id":0,"user_attr":{"train_argv":"--option 1 --reward-mode objective --objectives tardiness_sq --lambda-late 1.0 --lambda-energy 1.0 --power-model linear --difficulty off_tf05 --timesteps 300000 --save-tag tune_off_tf05_o1cmlubrze_t0 --n-envs 4 --vec-backend subproc --seed 0 --rule-placements FirstFit,Consolidate --algo ppo --markov-obs --lookahead --fixed-scaling --critic-arrivals --lateness-shaping --normalize-reward --event-idle"}}
{"op_code":7,"worker_id":"5ba1d696-b540-4fc7-a67a-e8041113b1d0-30636","trial_id":0,"step":75000,"intermediate_value":34769.4}
{"op_code":7,"worker_id":"5ba1d696-b540-4fc7-a67a-e8041113b1d0-30636","trial_id":0,"step":150000,"intermediate_value":35029.8}
{"op_code":7,"worker_id":"5ba1d696-b540-4fc7-a67a-e8041113b1d0-30636","trial_id":0,"step":225000,"intermediate_value":36406.8}
{"op_code":6,"worker_id":"5ba1d696-b540-4fc7-a67a-e8041113b1d0-30636","trial_id":0,"state":1,"values":[37175.4],"datetime_complete":"2026-10-07T09:14:28.717606"}
{"op_code":4,"worker_id":"5ba1d696-b540-4fc7-a67a-e8041113b1d0-30636","study_id":0,"datetime_start":"2026-10-07T09:14:28.926993"}
{"op_code":5,"worker_id":"5ba1d696-b540-4fc7-a67a-e8041113b1d0-30636","trial_id":1,"param_name":"learning-rate","param_value_internal":0.00020554062603827,"distribution":"{\"name\": \"FloatDistribution\", \"attributes\": {\"step\": null, \"low\": 3e-05, \"high\": 0.001, \"log\": true}}"}
{"op_code":5,"worker_id":"5ba1d696-b540-4fc7-a67a-e8041113b1d0-30636","trial_id":1,"param_name":"rollout-size","param_value_internal":0,"distribution":"{\"name\": \"CategoricalDistribution\", \"attributes\": {\"choices\": [2048, 4096, 8192, 16384]}}"}
{"op_code":5,"worker_id":"5ba1d696-b540-4fc7-a67a-e8041113b1d0-30636","trial_id":1,"param_name":"batch-size","param_value_internal":2,"distribution":"{\"name\": \"CategoricalDistribution\", \"attributes\": {\"choices\": [64, 256, 1024]}}"}
{"op_code":5,"worker_id":"5ba1d696-b540-4fc7-a67a-e8041113b1d0-30636","trial_id":1,"param_name":"n-epochs","param_value_internal":0,"distribution":"{\"name\": \"CategoricalDistribution\", \"attributes\": {\"choices\": [3, 5, 10]}}"}
{"op_code":5,"worker_id":"5ba1d696-b540-4fc7-a67a-e8041113b1d0-30636","trial_id":1,"param_name":"gamma","param_value_internal":2,"distribution":"{\"name\": \"CategoricalDistribution\", \"attributes\": {\"choices\": [0.99, 0.995, 0.999]}}"}
{"op_code":5,"worker_id":"5ba1d696-b540-4fc7-a67a-e8041113b1d0-30636","trial_id":1,"param_name":"gae-lambda","param_value_internal":1,"distribution":"{\"name\": \"CategoricalDistribution\", \"attributes\": {\"choices\": [0.9, 0.95, 0.98]}}"}
{"op_code":5,"worker_id":"5ba1d696-b540-4fc7-a67a-e8041113b1d0-30636","trial_id":1,"param_name":"clip-range","param_value_internal":2,"distribution":"{\"name\": \"CategoricalDistribution\", \"attributes\": {\"choices\": [0.1, 0.2, 0.3]}}"}
{"op_code":5,"worker_id":"5ba1d696-b540-4fc7-a67a-e8041113b1d0-30636","trial_id":1,"param_name":"ent-coef","param_value_internal":0.02655561084998941,"distribution":"{\"name\": \"FloatDistribution\", \"attributes\": {\"step\": null, \"low\": 0.0001, \"high\": 0.03, \"log\": true}}"}
{"op_code":8,"worker_id":"5ba1d696-b540-4fc7-a67a-e8041113b1d0-30636","trial_id":1,"user_attr":{"train_argv":"--option 1 --reward-mode objective --objectives tardiness_sq --lambda-late 1.0 --lambda-energy 1.0 --power-model linear --difficulty off_tf05 --timesteps 300000 --save-tag tune_off_tf05_o1cmlubrze_t1 --n-envs 4 --vec-backend subproc --seed 0 --rule-placements FirstFit,Consolidate --algo ppo --markov-obs --lookahead --fixed-scaling --critic-arrivals --lateness-shaping --normalize-reward --event-idle --learning-rate 0.000205541 --rollout-size 2048 --batch-size 1024 --n-epochs 3 --gamma 0.999 --gae-lambda 0.95 --clip-range 0.3 --ent-coef 0.0265556"}}
{"op_code":7,"worker_id":"5ba1d696-b540-4fc7-a67a-e8041113b1d0-30636","trial_id":1,"step":75000,"intermediate_value":36666.0}
{"op_code":7,"worker_id":"5ba1d696-b540-4fc7-a67a-e8041113b1d0-30636","trial_id":1,"step":150000,"intermediate_value":34650.0}
{"op_code":7,"worker_id":"5ba1d696-b540-4fc7-a67a-e8041113b1d0-30636","trial_id":1,"step":225000,"intermediate_value":34650.0}
{"op_code":6,"worker_id":"5ba1d696-b540-4fc7-a67a-e8041113b1d0-30636","trial_id":1,"state":1,"values":[37323.85],"datetime_complete":"2026-10-07T09:18:09.326409"}
{"op_code":4,"worker_id":"5ba1d696-b540-4fc7-a67a-e8041113b1d0-30636","study_id":0,"datetime_start":"2026-10-07T09:18:09.596341"}
{"op_code":5,"worker_id":"5ba1d696-b540-4fc7-a67a-e8041113b1d0-30636","trial_id":2,"param_name":"learning-rate","param_value_internal":0.0004944733002746453,"distribution":"{\"name\": \"FloatDistribution\", \"attributes\": {\"step\": null, \"low\": 3e-05, \"high\": 0.001, \"log\": true}}"}
{"op_code":5,"worker_id":"5ba1d696-b540-4fc7-a67a-e8041113b1d0-30636","trial_id":2,"param_name":"rollout-size","param_value_internal":1,"distribution":"{\"name\": \"CategoricalDistribution\", \"attributes\": {\"choices\": [2048, 4096, 8192, 16384]}}"}
{"op_code":5,"worker_id":"5ba1d696-b540-4fc7-a67a-e8041113b1d0-30636","trial_id":2,"param_name":"batch-size","param_value_internal":1,"distribution":"{\"name\": \"CategoricalDistribution\", \"attributes\": {\"choices\": [64, 256, 1024]}}"}
{"op_code":5,"worker_id":"5ba1d696-b540-4fc7-a67a-e8041113b1d0-30636","trial_id":2,"param_name":"n-epochs","param_value_internal":2,"distribution":"{\"name\": \"CategoricalDistribution\", \"attributes\": {\"choices\": [3, 5, 10]}}"}
{"op_code":5,"worker_id":"5ba1d696-b540-4fc7-a67a-e8041113b1d0-30636","trial_id":2,"param_name":"gamma","param_value_internal":1,"distribution":"{\"name\": \"CategoricalDistribution\", \"attributes\": {\"choices\": [0.99, 0.995, 0.999]}}"}
{"op_code":5,"worker_id":"5ba1d696-b540-4fc7-a67a-e8041113b1d0-30636","trial_id":2,"param_name":"gae-lambda","param_value_internal":0,"distribution":"{\"name\": \"CategoricalDistribution\", \"attributes\": {\"choices\": [0.9, 0.95, 0.98]}}"}
{"op_code":5,"worker_id":"5ba1d696-b540-4fc7-a67a-e8041113b1d0-30636","trial_id":2,"param_name":"clip-range","param_value_internal":0,"distribution":"{\"name\": \"CategoricalDistribution\", \"attributes\": {\"choices\": [0.1, 0.2, 0.3]}}"}
{"op_code":5,"worker_id":"5ba1d696-b540-4fc7-a67a-e8041113b1d0-30636","trial_id":2,"param_name":"ent-coef","param_value_internal":0.0012094311268425492,"distribution":"{\"name\": \"FloatDistribution\", \"attributes\": {\"step\": null, \"low\": 0.0001, \"high\": 0.03, \"log\": true}}"}
{"op_code":8,"worker_id":"5ba1d696-b540-4fc7-a67a-e8041113b1d0-30636","trial_id":2,"user_attr":{"train_argv":"--option 1 --reward-mode objective --objectives tardiness_sq --lambda-late 1.0 --lambda-energy 1.0 --power-model linear --difficulty off_tf05 --timesteps 300000 --save-tag tune_off_tf05_o1cmlubrze_t2 --n-envs 4 --vec-backend subproc --seed 0 --rule-placements FirstFit,Consolidate --algo ppo --markov-obs --lookahead --fixed-scaling --critic-arrivals --lateness-shaping --normalize-reward --event-idle --learning-rate 0.000494473 --rollout-size 4096 --batch-size 256 --n-epochs 10 --gamma 0.995 --gae-lambda 0.9 --clip-range 0.1 --ent-coef 0.00120943"}}
{"op_code":7,"worker_id":"5ba1d696-b540-4fc7-a67a-e8041113b1d0-30636","trial_id":2,"step":75000,"intermediate_value":34676.6}
{"op_code":7,"worker_id":"5ba1d696-b540-4fc7-a67a-e8041113b1d0-30636","trial_id":2,"step":150000,"intermediate_value":35942.6}
{"op_code":7,"worker_id":"5ba1d696-b540-4fc7-a67a-e8041113b1d0-30636","trial_id":2,"step":225000,"intermediate_value":34507.0}
{"op_code":6,"worker_id":"5ba1d696-b540-4fc7-a67a-e8041113b1d0-30636","trial_id":2,"state":1,"values":[37168.85],"datetime_complete":"2026-10-07T09:22:56.147843"}
{"op_code":4,"worker_id":"5ba1d696-b540-4fc7-a67a-e8041113b1d0-30636","study_id":0,"datetime_start":"2026-10-07T09:22:56.384410"}
{"op_code":5,"worker_id":"5ba1d696-b540-4fc7-a67a-e8041113b1d0-30636","trial_id":3,"param_name":"learning-rate","param_value_internal":0.0003463609921766881,"distribution":"{\"name\": \"FloatDistribution\", \"attributes\": {\"step\": null, \"low\": 3e-05, \"high\": 0.001, \"log\": true}}"}
{"op_code":5,"worker_id":"5ba1d696-b540-4fc7-a67a-e8041113b1d0-30636","trial_id":3,"param_name":"rollout-size","param_value_internal":2,"distribution":"{\"name\": \"CategoricalDistribution\", \"attributes\": {\"choices\": [2048, 4096, 8192, 16384]}}"}
{"op_code":5,"worker_id":"5ba1d696-b540-4fc7-a67a-e8041113b1d0-30636","trial_id":3,"param_name":"batch-size","param_value_internal":2,"distribution":"{\"name\": \"CategoricalDistribution\", \"attributes\": {\"choices\": [64, 256, 1024]}}"}
{"op_code":5,"worker_id":"5ba1d696-b540-4fc7-a67a-e8041113b1d0-30636","trial_id":3,"param_name":"n-epochs","param_value_internal":2,"distribution":"{\"name\": \"CategoricalDistribution\", \"attributes\": {\"choices\": [3, 5, 10]}}"}
{"op_code":5,"worker_id":"5ba1d696-b540-4fc7-a67a-e8041113b1d0-30636","trial_id":3,"param_name":"gamma","param_value_internal":1,"distribution":"{\"name\": \"CategoricalDistribution\", \"attributes\": {\"choices\": [0.99, 0.995, 0.999]}}"}
{"op_code":5,"worker_id":"5ba1d696-b540-4fc7-a67a-e8041113b1d0-30636","trial_id":3,"param_name":"gae-lambda","param_value_internal":0,"distribution":"{\"name\": \"CategoricalDistribution\", \"attributes\": {\"choices\": [0.9, 0.95, 0.98]}}"}
{"op_code":5,"worker_id":"5ba1d696-b540-4fc7-a67a-e8041113b1d0-30636","trial_id":3,"param_name":"clip-range","param_value_internal":0,"distribution":"{\"name\": \"CategoricalDistribution\", \"attributes\": {\"choices\": [0.1, 0.2, 0.3]}}"}
{"op_code":5,"worker_id":"5ba1d696-b540-4fc7-a67a-e8041113b1d0-30636","trial_id":3,"param_name":"ent-coef","param_value_internal":0.0042248177213228075,"distribution":"{\"name\": \"FloatDistribution\", \"attributes\": {\"step\": null, \"low\": 0.0001, \"high\": 0.03, \"log\": true}}"}
{"op_code":8,"worker_id":"5ba1d696-b540-4fc7-a67a-e8041113b1d0-30636","trial_id":3,"user_attr":{"train_argv":"--option 1 --reward-mode objective --objectives tardiness_sq --lambda-late 1.0 --lambda-energy 1.0 --power-model linear --difficulty off_tf05 --timesteps 300000 --save-tag tune_off_tf05_o1cmlubrze_t3 --n-envs 4 --vec-backend subproc --seed 0 --rule-placements FirstFit,Consolidate --algo ppo --markov-obs --lookahead --fixed-scaling --critic-arrivals --lateness-shaping --normalize-reward --event-idle --learning-rate 0.000346361 --rollout-size 8192 --batch-size 1024 --n-epochs 10 --gamma 0.995 --gae-lambda 0.9 --clip-range 0.1 --ent-coef 0.00422482"}}
{"op_code":7,"worker_id":"5ba1d696-b540-4fc7-a67a-e8041113b1d0-30636","trial_id":3,"step":75000,"intermediate_value":34657.4}
{"op_code":7,"worker_id":"5ba1d696-b540-4fc7-a67a-e8041113b1d0-30636","trial_id":3,"step":150000,"intermediate_value":34720.8}
{"op_code":7,"worker_id":"5ba1d696-b540-4fc7-a67a-e8041113b1d0-30636","trial_id":3,"step":225000,"intermediate_value":34657.6}
{"op_code":6,"worker_id":"5ba1d696-b540-4fc7-a67a-e8041113b1d0-30636","trial_id":3,"state":1,"values":[37242.75],"datetime_complete":"2026-10-07T09:27:17.757009"}
{"op_code":4,"worker_id":"5ba1d696-b540-4fc7-a67a-e8041113b1d0-30636","study_id":0,"datetime_start":"2026-10-07T09:27:17.984840"}
{"op_code":5,"worker_id":"5ba1d696-b540-4fc7-a67a-e8041113b1d0-30636","trial_id":4,"param_name":"learning-rate","param_value_internal":4.8703159315306354e-05,"distribution":"{\"name\": \"FloatDistribution\", \"attributes\": {\"step\": null, \"low\": 3e-05, \"high\": 0.001, \"log\": true}}"}
{"op_code":5,"worker_id":"5ba1d696-b540-4fc7-a67a-e8041113b1d0-30636","trial_id":4,"param_name":"rollout-size","param_value_internal":2,"distribution":"{\"name\": \"CategoricalDistribution\", \"attributes\": {\"choices\": [2048, 4096, 8192, 16384]}}"}
{"op_code":5,"worker_id":"5ba1d696-b540-4fc7-a67a-e8041113b1d0-30636","trial_id":4,"param_name":"batch-size","param_value_internal":2,"distribution":"{\"name\": \"CategoricalDistribution\", \"attributes\": {\"choices\": [64, 256, 1024]}}"}
{"op_code":5,"worker_id":"5ba1d696-b540-4fc7-a67a-e8041113b1d0-30636","trial_id":4,"param_name":"n-epochs","param_value_internal":1,"distribution":"{\"name\": \"CategoricalDistribution\", \"attributes\": {\"choices\": [3, 5, 10]}}"}
{"op_code":5,"worker_id":"5ba1d696-b540-4fc7-a67a-e8041113b1d0-30636","trial_id":4,"param_name":"gamma","param_value_internal":0,"distribution":"{\"name\": \"CategoricalDistribution\", \"attributes\": {\"choices\": [0.99, 0.995, 0.999]}}"}
{"op_code":5,"worker_id":"5ba1d696-b540-4fc7-a67a-e8041113b1d0-30636","trial_id":4,"param_name":"gae-lambda","param_value_internal":1,"distribution":"{\"name\": \"CategoricalDistribution\", \"attributes\": {\"choices\": [0.9, 0.95, 0.98]}}"}
{"op_code":5,"worker_id":"5ba1d696-b540-4fc7-a67a-e8041113b1d0-30636","trial_id":4,"param_name":"clip-range","param_value_internal":1,"distribution":"{\"name\": \"CategoricalDistribution\", \"attributes\": {\"choices\": [0.1, 0.2, 0.3]}}"}
{"op_code":5,"worker_id":"5ba1d696-b540-4fc7-a67a-e8041113b1d0-30636","trial_id":4,"param_name":"ent-coef","param_value_internal":0.005192032534497486,"distribution":"{\"name\": \"FloatDistribution\", \"attributes\": {\"step\": null, \"low\": 0.0001, \"high\": 0.03, \"log\": true}}"}
{"op_code":8,"worker_id":"5ba1d696-b540-4fc7-a67a-e8041113b1d0-30636","trial_id":4,"user_attr":{"train_argv":"--option 1 --reward-mode objective --objectives tardiness_sq --lambda-late 1.0 --lambda-energy 1.0 --power-model linear --difficulty off_tf05 --timesteps 300000 --save-tag tune_off_tf05_o1cmlubrze_t4 --n-envs 4 --vec-backend subproc --seed 0 --rule-placements FirstFit,Consolidate --algo ppo --markov-obs --lookahead --fixed-scaling --critic-arrivals --lateness-shaping --normalize-reward --event-idle --learning-rate 4.87032e-05 --rollout-size 8192 --batch-size 1024 --n-epochs 5 --gamma 0.99 --gae-lambda 0.95 --clip-range 0.2 --ent-coef 0.00519203"}}
{"op_code":7,"worker_id":"5ba1d696-b540-4fc7-a67a-e8041113b1d0-30636","trial_id":4,"step":75000,"intermediate_value":36666.0}
{"op_code":7,"worker_id":"5ba1d696-b540-4fc7-a67a-e8041113b1d0-30636","trial_id":4,"step":150000,"intermediate_value":34650.0}
{"op_code":7,"worker_id":"5ba1d696-b540-4fc7-a67a-e8041113b1d0-30636","trial_id":4,"step":225000,"intermediate_value":34650.0}
{"op_code":6,"worker_id":"5ba1d696-b540-4fc7-a67a-e8041113b1d0-30636","trial_id":4,"state":1,"values":[37323.85],"datetime_complete":"2026-10-07T09:31:19.489981"}
{"op_code":4,"worker_id":"5ba1d696-b540-4fc7-a67a-e8041113b1d0-30636","study_id":0,"datetime_start":"2026-10-07T09:31:19.743817"}
{"op_code":5,"worker_id":"5ba1d696-b540-4fc7-a67a-e8041113b1d0-30636","trial_id":5,"param_name":"learning-rate","param_value_internal":0.00021876939530160837,"distribution":"{\"name\": \"FloatDistribution\", \"attributes\": {\"step\": null, \"low\": 3e-05, \"high\": 0.001, \"log\": true}}"}
{"op_code":5,"worker_id":"5ba1d696-b540-4fc7-a67a-e8041113b1d0-30636","trial_id":5,"param_name":"rollout-size","param_value_internal":3,"distribution":"{\"name\": \"CategoricalDistribution\", \"attributes\": {\"choices\": [2048, 4096, 8192, 16384]}}"}
{"op_code":5,"worker_id":"5ba1d696-b540-4fc7-a67a-e8041113b1d0-30636","trial_id":5,"param_name":"batch-size","param_value_internal":0,"distribution":"{\"name\": \"CategoricalDistribution\", \"attributes\": {\"choices\": [64, 256, 1024]}}"}
{"op_code":5,"worker_id":"5ba1d696-b540-4fc7-a67a-e8041113b1d0-30636","trial_id":5,"param_name":"n-epochs","param_value_internal":1,"distribution":"{\"name\": \"CategoricalDistribution\", \"attributes\": {\"choices\": [3, 5, 10]}}"}
{"op_code":5,"worker_id":"5ba1d696-b540-4fc7-a67a-e8041113b1d0-30636","trial_id":5,"param_name":"gamma","param_value_internal":1,"distribution":"{\"name\": \"CategoricalDistribution\", \"attributes\": {\"choices\": [0.99, 0.995, 0.999]}}"}
{"op_code":5,"worker_id":"5ba1d696-b540-4fc7-a67a-e8041113b1d0-30636","trial_id":5,"param_name":"gae-lambda","param_value_internal":0,"distribution":"{\"name\": \"CategoricalDistribution\", \"attributes\": {\"choices\": [0.9, 0.95, 0.98]}}"}
{"op_code":5,"worker_id":"5ba1d696-b540-4fc7-a67a-e8041113b1d0-30636","trial_id":5,"param_name":"clip-range","param_value_internal":2,"distribution":"{\"name\": \"CategoricalDistribution\", \"attributes\": {\"choices\": [0.1, 0.2, 0.3]}}"}
{"op_code":5,"worker_id":"5ba1d696-b540-4fc7-a67a-e8041113b1d0-30636","trial_id":5,"param_name":"ent-coef","param_value_internal":0.000413229862740349,"distribution":"{\"name\": \"FloatDistribution\", \"attributes\": {\"step\": null, \"low\": 0.0001, \"high\": 0.03, \"log\": true}}"}
{"op_code":8,"worker_id":"5ba1d696-b540-4fc7-a67a-e8041113b1d0-30636","trial_id":5,"user_attr":{"train_argv":"--option 1 --reward-mode objective --objectives tardiness_sq --lambda-late 1.0 --lambda-energy 1.0 --power-model linear --difficulty off_tf05 --timesteps 300000 --save-tag tune_off_tf05_o1cmlubrze_t5 --n-envs 4 --vec-backend subproc --seed 0 --rule-placements FirstFit,Consolidate --algo ppo --markov-obs --lookahead --fixed-scaling --critic-arrivals --lateness-shaping --normalize-reward --event-idle --learning-rate 0.000218769 --rollout-size 16384 --batch-size 64 --n-epochs 5 --gamma 0.995 --gae-lambda 0.9 --clip-range 0.3 --ent-coef 0.00041323"}}
{"op_code":7,"worker_id":"5ba1d696-b540-4fc7-a67a-e8041113b1d0-30636","trial_id":5,"step":75000,"intermediate_value":34650.0}
{"op_code":7,"worker_id":"5ba1d696-b540-4fc7-a67a-e8041113b1d0-30636","trial_id":5,"step":150000,"intermediate_value":34650.0}
{"op_code":7,"worker_id":"5ba1d696-b540-4fc7-a67a-e8041113b1d0-30636","trial_id":5,"step":225000,"intermediate_value":34650.0}
{"op_code":6,"worker_id":"5ba1d696-b540-4fc7-a67a-e8041113b1d0-30636","trial_id":5,"state":1,"values":[37323.85],"datetime_complete":"2026-10-07T09:36:23.422385"}
{"op_code":4,"worker_id":"5ba1d696-b540-4fc7-a67a-e8041113b1d0-30636","study_id":0,"datetime_start":"2026-10-07T09:36:23.706844"}
{"op_code":5,"worker_id":"5ba1d696-b540-4fc7-a67a-e8041113b1d0-30636","trial_id":6,"param_name":"learning-rate","param_value_internal":0.00022622417507807115,"distribution":"{\"name\": \"FloatDistribution\", \"attributes\": {\"step\": null, \"low\": 3e-05, \"high\": 0.001, \"log\": true}}"}
{"op_code":5,"worker_id":"5ba1d696-b540-4fc7-a67a-e8041113b1d0-30636","trial_id":6,"param_name":"rollout-size","param_value_internal":3,"distribution":"{\"name\": \"CategoricalDistribution\", \"attributes\": {\"choices\": [2048, 4096, 8192, 16384]}}"}
{"op_code":5,"worker_id":"5ba1d696-b540-4fc7-a67a-e8041113b1d0-30636","trial_id":6,"param_name":"batch-size","param_value_internal":1,"distribution":"{\"name\": \"CategoricalDistribution\", \"attributes\": {\"choices\": [64, 256, 1024]}}"}
{"op_code":5,"worker_id":"5ba1d696-b540-4fc7-a67a-e8041113b1d0-30636","trial_id":6,"param_name":"n-epochs","param_value_internal":1,"distribution":"{\"name\": \"CategoricalDistribution\", \"attributes\": {\"choices\": [3, 5, 10]}}"}
{"op_code":5,"worker_id":"5ba1d696-b540-4fc7-a67a-e8041113b1d0-30636","trial_id":6,"param_name":"gamma","param_value_internal":2,"distribution":"{\"name\": \"CategoricalDistribution\", \"attributes\": {\"choices\": [0.99, 0.995, 0.999]}}"}
{"op_code":5,"worker_id":"5ba1d696-b540-4fc7-a67a-e8041113b1d0-30636","trial_id":6,"param_name":"gae-lambda","param_value_internal":1,"distribution":"{\"name\": \"CategoricalDistribution\", \"attributes\": {\"choices\": [0.9, 0.95, 0.98]}}"}
{"op_code":5,"worker_id":"5ba1d696-b540-4fc7-a67a-e8041113b1d0-30636","trial_id":6,"param_name":"clip-range","param_value_internal":0,"distribution":"{\"name\": \"CategoricalDistribution\", \"attributes\": {\"choices\": [0.1, 0.2, 0.3]}}"}
{"op_code":5,"worker_id":"5ba1d696-b540-4fc7-a67a-e8041113b1d0-30636","trial_id":6,"param_name":"ent-coef","param_value_internal":0.0031776753088383902,"distribution":"{\"name\": \"FloatDistribution\", \"attributes\": {\"step\": null, \"low\": 0.0001, \"high\": 0.03, \"log\": true}}"}
{"op_code":8,"worker_id":"5ba1d696-b540-4fc7-a67a-e8041113b1d0-30636","trial_id":6,"user_attr":{"train_argv":"--option 1 --reward-mode objective --objectives tardiness_sq --lambda-late 1.0 --lambda-energy 1.0 --power-model linear --difficulty off_tf05 --timesteps 300000 --save-tag tune_off_tf05_o1cmlubrze_t6 --n-envs 4 --vec-backend subproc --seed 0 --rule-placements FirstFit,Consolidate --algo ppo --markov-obs --lookahead --fixed-scaling --critic-arrivals --lateness-shaping --normalize-reward --event-idle --learning-rate 0.000226224 --rollout-size 16384 --batch-size 256 --n-epochs 5 --gamma 0.999 --gae-lambda 0.95 --clip-range 0.1 --ent-coef 0.00317768"}}
{"op_code":7,"worker_id":"5ba1d696-b540-4fc7-a67a-e8041113b1d0-30636","trial_id":6,"step":75000,"intermediate_value":35053.6}
{"op_code":6,"worker_id":"5ba1d696-b540-4fc7-a67a-e8041113b1d0-30636","trial_id":6,"state":2,"values":[35053.6],"datetime_complete":"2026-10-07T09:37:29.731073"}
{"op_code":4,"worker_id":"5ba1d696-b540-4fc7-a67a-e8041113b1d0-30636","study_id":0,"datetime_start":"2026-10-07T09:37:30.025318"}
{"op_code":5,"worker_id":"5ba1d696-b540-4fc7-a67a-e8041113b1d0-30636","trial_id":7,"param_name":"learning-rate","param_value_internal":3.208855558609467e-05,"distribution":"{\"name\": \"FloatDistribution\", \"attributes\": {\"step\": null, \"low\": 3e-05, \"high\": 0.001, \"log\": true}}"}
{"op_code":5,"worker_id":"5ba1d696-b540-4fc7-a67a-e8041113b1d0-30636","trial_id":7,"param_name":"rollout-size","param_value_internal":1,"distribution":"{\"name\": \"CategoricalDistribution\", \"attributes\": {\"choices\": [2048, 4096, 8192, 16384]}}"}
{"op_code":5,"worker_id":"5ba1d696-b540-4fc7-a67a-e8041113b1d0-30636","trial_id":7,"param_name":"batch-size","param_value_internal":0,"distribution":"{\"name\": \"CategoricalDistribution\", \"attributes\": {\"choices\": [64, 256, 1024]}}"}
{"op_code":5,"worker_id":"5ba1d696-b540-4fc7-a67a-e8041113b1d0-30636","trial_id":7,"param_name":"n-epochs","param_value_internal":1,"distribution":"{\"name\": \"CategoricalDistribution\", \"attributes\": {\"choices\": [3, 5, 10]}}"}
{"op_code":5,"worker_id":"5ba1d696-b540-4fc7-a67a-e8041113b1d0-30636","trial_id":7,"param_name":"gamma","param_value_internal":0,"distribution":"{\"name\": \"CategoricalDistribution\", \"attributes\": {\"choices\": [0.99, 0.995, 0.999]}}"}
{"op_code":5,"worker_id":"5ba1d696-b540-4fc7-a67a-e8041113b1d0-30636","trial_id":7,"param_name":"gae-lambda","param_value_internal":0,"distribution":"{\"name\": \"CategoricalDistribution\", \"attributes\": {\"choices\": [0.9, 0.95, 0.98]}}"}
{"op_code":5,"worker_id":"5ba1d696-b540-4fc7-a67a-e8041113b1d0-30636","trial_id":7,"param_name":"clip-range","param_value_internal":0,"distribution":"{\"name\": \"CategoricalDistribution\", \"attributes\": {\"choices\": [0.1, 0.2, 0.3]}}"}
{"op_code":5,"worker_id":"5ba1d696-b540-4fc7-a67a-e8041113b1d0-30636","trial_id":7,"param_name":"ent-coef","param_value_internal":0.00017712267105509928,"distribution":"{\"name\": \"FloatDistribution\", \"attributes\": {\"step\": null, \"low\": 0.0001, \"high\": 0.03, \"log\": true}}"}
{"op_code":8,"worker_id":"5ba1d696-b540-4fc7-a67a-e8041113b1d0-30636","trial_id":7,"user_attr":{"train_argv":"--option 1 --reward-mode objective --objectives tardiness_sq --lambda-late 1.0 --lambda-energy 1.0 --power-model linear --difficulty off_tf05 --timesteps 300000 --save-tag tune_off_tf05_o1cmlubrze_t7 --n-envs 4 --vec-backend subproc --seed 0 --rule-placements FirstFit,Consolidate --algo ppo --markov-obs --lookahead --fixed-scaling --critic-arrivals --lateness-shaping --normalize-reward --event-idle --learning-rate 3.20886e-05 --rollout-size 4096 --batch-size 64 --n-epochs 5 --gamma 0.99 --gae-lambda 0.9 --clip-range 0.1 --ent-coef 0.000177123"}}
{"op_code":7,"worker_id":"5ba1d696-b540-4fc7-a67a-e8041113b1d0-30636","trial_id":7,"step":75000,"intermediate_value":34650.0}
{"op_code":7,"worker_id":"5ba1d696-b540-4fc7-a67a-e8041113b1d0-30636","trial_id":7,"step":150000,"intermediate_value":34650.0}
{"op_code":7,"worker_id":"5ba1d696-b540-4fc7-a67a-e8041113b1d0-30636","trial_id":7,"step":225000,"intermediate_value":34650.0}
{"op_code":6,"worker_id":"5ba1d696-b540-4fc7-a67a-e8041113b1d0-30636","trial_id":7,"state":1,"values":[37323.85],"datetime_complete":"2026-10-07T09:42:28.652321"}
{"op_code":4,"worker_id":"5ba1d696-b540-4fc7-a67a-e8041113b1d0-30636","study_id":0,"datetime_start":"2026-10-07T09:42:28.892222"}
{"op_code":5,"worker_id":"5ba1d696-b540-4fc7-a67a-e8041113b1d0-30636","trial_id":8,"param_name":"learning-rate","param_value_internal":0.0007540181221018431,"distribution":"{\"name\": \"FloatDistribution\", \"attributes\": {\"step\": null, \"low\": 3e-05, \"high\": 0.001, \"log\": true}}"}
{"op_code":5,"worker_id":"5ba1d696-b540-4fc7-a67a-e8041113b1d0-30636","trial_id":8,"param_name":"rollout-size","param_value_internal":1,"distribution":"{\"name\": \"CategoricalDistribution\", \"attributes\": {\"choices\": [2048, 4096, 8192, 16384]}}"}
{"op_code":5,"worker_id":"5ba1d696-b540-4fc7-a67a-e8041113b1d0-30636","trial_id":8,"param_name":"batch-size","param_value_internal":1,"distribution":"{\"name\": \"CategoricalDistribution\", \"attributes\": {\"choices\": [64, 256, 1024]}}"}
{"op_code":5,"worker_id":"5ba1d696-b540-4fc7-a67a-e8041113b1d0-30636","trial_id":8,"param_name":"n-epochs","param_value_internal":0,"distribution":"{\"name\": \"CategoricalDistribution\", \"attributes\": {\"choices\": [3, 5, 10]}}"}
{"op_code":5,"worker_id":"5ba1d696-b540-4fc7-a67a-e8041113b1d0-30636","trial_id":8,"param_name":"gamma","param_value_internal":2,"distribution":"{\"name\": \"CategoricalDistribution\", \"attributes\": {\"choices\": [0.99, 0.995, 0.999]}}"}
{"op_code":5,"worker_id":"5ba1d696-b540-4fc7-a67a-e8041113b1d0-30636","trial_id":8,"param_name":"gae-lambda","param_value_internal":2,"distribution":"{\"name\": \"CategoricalDistribution\", \"attributes\": {\"choices\": [0.9, 0.95, 0.98]}}"}
{"op_code":5,"worker_id":"5ba1d696-b540-4fc7-a67a-e8041113b1d0-30636","trial_id":8,"param_name":"clip-range","param_value_internal":0,"distribution":"{\"name\": \"CategoricalDistribution\", \"attributes\": {\"choices\": [0.1, 0.2, 0.3]}}"}
{"op_code":5,"worker_id":"5ba1d696-b540-4fc7-a67a-e8041113b1d0-30636","trial_id":8,"param_name":"ent-coef","param_value_internal":0.000779308323413374,"distribution":"{\"name\": \"FloatDistribution\", \"attributes\": {\"step\": null, \"low\": 0.0001, \"high\": 0.03, \"log\": true}}"}
{"op_code":8,"worker_id":"5ba1d696-b540-4fc7-a67a-e8041113b1d0-30636","trial_id":8,"user_attr":{"train_argv":"--option 1 --reward-mode objective --objectives tardiness_sq --lambda-late 1.0 --lambda-energy 1.0 --power-model linear --difficulty off_tf05 --timesteps 300000 --save-tag tune_off_tf05_o1cmlubrze_t8 --n-envs 4 --vec-backend subproc --seed 0 --rule-placements FirstFit,Consolidate --algo ppo --markov-obs --lookahead --fixed-scaling --critic-arrivals --lateness-shaping --normalize-reward --event-idle --learning-rate 0.000754018 --rollout-size 4096 --batch-size 256 --n-epochs 3 --gamma 0.999 --gae-lambda 0.98 --clip-range 0.1 --ent-coef 0.000779308"}}
{"op_code":7,"worker_id":"5ba1d696-b540-4fc7-a67a-e8041113b1d0-30636","trial_id":8,"step":75000,"intermediate_value":34650.0}
{"op_code":7,"worker_id":"5ba1d696-b540-4fc7-a67a-e8041113b1d0-30636","trial_id":8,"step":150000,"intermediate_value":34650.0}
{"op_code":7,"worker_id":"5ba1d696-b540-4fc7-a67a-e8041113b1d0-30636","trial_id":8,"step":225000,"intermediate_value":34650.0}
{"op_code":6,"worker_id":"5ba1d696-b540-4fc7-a67a-e8041113b1d0-30636","trial_id":8,"state":1,"values":[37323.85],"datetime_complete":"2026-10-07T09:46:14.463116"}
{"op_code":4,"worker_id":"5ba1d696-b540-4fc7-a67a-e8041113b1d0-30636","study_id":0,"datetime_start":"2026-10-07T09:46:14.707812"}
{"op_code":5,"worker_id":"5ba1d696-b540-4fc7-a67a-e8041113b1d0-30636","trial_id":9,"param_name":"learning-rate","param_value_internal":0.0003879791314675207,"distribution":"{\"name\": \"FloatDistribution\", \"attributes\": {\"step\": null, \"low\": 3e-05, \"high\": 0.001, \"log\": true}}"}
{"op_code":5,"worker_id":"5ba1d696-b540-4fc7-a67a-e8041113b1d0-30636","trial_id":9,"param_name":"rollout-size","param_value_internal":1,"distribution":"{\"name\": \"CategoricalDistribution\", \"attributes\": {\"choices\": [2048, 4096, 8192, 16384]}}"}
{"op_code":5,"worker_id":"5ba1d696-b540-4fc7-a67a-e8041113b1d0-30636","trial_id":9,"param_name":"batch-size","param_value_internal":1,"distribution":"{\"name\": \"CategoricalDistribution\", \"attributes\": {\"choices\": [64, 256, 1024]}}"}
{"op_code":5,"worker_id":"5ba1d696-b540-4fc7-a67a-e8041113b1d0-30636","trial_id":9,"param_name":"n-epochs","param_value_internal":1,"distribution":"{\"name\": \"CategoricalDistribution\", \"attributes\": {\"choices\": [3, 5, 10]}}"}
{"op_code":5,"worker_id":"5ba1d696-b540-4fc7-a67a-e8041113b1d0-30636","trial_id":9,"param_name":"gamma","param_value_internal":2,"distribution":"{\"name\": \"CategoricalDistribution\", \"attributes\": {\"choices\": [0.99, 0.995, 0.999]}}"}
{"op_code":5,"worker_id":"5ba1d696-b540-4fc7-a67a-e8041113b1d0-30636","trial_id":9,"param_name":"gae-lambda","param_value_internal":2,"distribution":"{\"name\": \"CategoricalDistribution\", \"attributes\": {\"choices\": [0.9, 0.95, 0.98]}}"}
{"op_code":5,"worker_id":"5ba1d696-b540-4fc7-a67a-e8041113b1d0-30636","trial_id":9,"param_name":"clip-range","param_value_internal":0,"distribution":"{\"name\": \"CategoricalDistribution\", \"attributes\": {\"choices\": [0.1, 0.2, 0.3]}}"}
{"op_code":5,"worker_id":"5ba1d696-b540-4fc7-a67a-e8041113b1d0-30636","trial_id":9,"param_name":"ent-coef","param_value_internal":0.006435774191713849,"distribution":"{\"name\": \"FloatDistribution\", \"attributes\": {\"step\": null, \"low\": 0.0001, \"high\": 0.03, \"log\": true}}"}
{"op_code":8,"worker_id":"5ba1d696-b540-4fc7-a67a-e8041113b1d0-30636","trial_id":9,"user_attr":{"train_argv":"--option 1 --reward-mode objective --objectives tardiness_sq --lambda-late 1.0 --lambda-energy 1.0 --power-model linear --difficulty off_tf05 --timesteps 300000 --save-tag tune_off_tf05_o1cmlubrze_t9 --n-envs 4 --vec-backend subproc --seed 0 --rule-placements FirstFit,Consolidate --algo ppo --markov-obs --lookahead --fixed-scaling --critic-arrivals --lateness-shaping --normalize-reward --event-idle --learning-rate 0.000387979 --rollout-size 4096 --batch-size 256 --n-epochs 5 --gamma 0.999 --gae-lambda 0.98 --clip-range 0.1 --ent-coef 0.00643577"}}
{"op_code":7,"worker_id":"5ba1d696-b540-4fc7-a67a-e8041113b1d0-30636","trial_id":9,"step":75000,"intermediate_value":36947.2}
{"op_code":6,"worker_id":"5ba1d696-b540-4fc7-a67a-e8041113b1d0-30636","trial_id":9,"state":2,"values":[36947.2],"datetime_complete":"2026-10-07T09:47:20.112743"}
{"op_code":4,"worker_id":"5ba1d696-b540-4fc7-a67a-e8041113b1d0-30636","study_id":0,"datetime_start":"2026-10-07T09:47:20.394890"}
{"op_code":5,"worker_id":"5ba1d696-b540-4fc7-a67a-e8041113b1d0-30636","trial_id":10,"param_name":"learning-rate","param_value_internal":9.277133673417556e-05,"distribution":"{\"name\": \"FloatDistribution\", \"attributes\": {\"step\": null, \"low\": 3e-05, \"high\": 0.001, \"log\": true}}"}
{"op_code":5,"worker_id":"5ba1d696-b540-4fc7-a67a-e8041113b1d0-30636","trial_id":10,"param_name":"rollout-size","param_value_internal":0,"distribution":"{\"name\": \"CategoricalDistribution\", \"attributes\": {\"choices\": [2048, 4096, 8192, 16384]}}"}
{"op_code":5,"worker_id":"5ba1d696-b540-4fc7-a67a-e8041113b1d0-30636","trial_id":10,"param_name":"batch-size","param_value_internal":1,"distribution":"{\"name\": \"CategoricalDistribution\", \"attributes\": {\"choices\": [64, 256, 1024]}}"}
{"op_code":5,"worker_id":"5ba1d696-b540-4fc7-a67a-e8041113b1d0-30636","trial_id":10,"param_name":"n-epochs","param_value_internal":2,"distribution":"{\"name\": \"CategoricalDistribution\", \"attributes\": {\"choices\": [3, 5, 10]}}"}
{"op_code":5,"worker_id":"5ba1d696-b540-4fc7-a67a-e8041113b1d0-30636","trial_id":10,"param_name":"gamma","param_value_internal":1,"distribution":"{\"name\": \"CategoricalDistribution\", \"attributes\": {\"choices\": [0.99, 0.995, 0.999]}}"}
{"op_code":5,"worker_id":"5ba1d696-b540-4fc7-a67a-e8041113b1d0-30636","trial_id":10,"param_name":"gae-lambda","param_value_internal":0,"distribution":"{\"name\": \"CategoricalDistribution\", \"attributes\": {\"choices\": [0.9, 0.95, 0.98]}}"}
{"op_code":5,"worker_id":"5ba1d696-b540-4fc7-a67a-e8041113b1d0-30636","trial_id":10,"param_name":"clip-range","param_value_internal":1,"distribution":"{\"name\": \"CategoricalDistribution\", \"attributes\": {\"choices\": [0.1, 0.2, 0.3]}}"}
{"op_code":5,"worker_id":"5ba1d696-b540-4fc7-a67a-e8041113b1d0-30636","trial_id":10,"param_name":"ent-coef","param_value_internal":0.0012413884898114878,"distribution":"{\"name\": \"FloatDistribution\", \"attributes\": {\"step\": null, \"low\": 0.0001, \"high\": 0.03, \"log\": true}}"}
{"op_code":8,"worker_id":"5ba1d696-b540-4fc7-a67a-e8041113b1d0-30636","trial_id":10,"user_attr":{"train_argv":"--option 1 --reward-mode objective --objectives tardiness_sq --lambda-late 1.0 --lambda-energy 1.0 --power-model linear --difficulty off_tf05 --timesteps 300000 --save-tag tune_off_tf05_o1cmlubrze_t10 --n-envs 4 --vec-backend subproc --seed 0 --rule-placements FirstFit,Consolidate --algo ppo --markov-obs --lookahead --fixed-scaling --critic-arrivals --lateness-shaping --normalize-reward --event-idle --learning-rate 9.27713e-05 --rollout-size 2048 --batch-size 256 --n-epochs 10 --gamma 0.995 --gae-lambda 0.9 --clip-range 0.2 --ent-coef 0.00124139"}}
{"op_code":7,"worker_id":"5ba1d696-b540-4fc7-a67a-e8041113b1d0-30636","trial_id":10,"step":75000,"intermediate_value":34650.0}
{"op_code":7,"worker_id":"5ba1d696-b540-4fc7-a67a-e8041113b1d0-30636","trial_id":10,"step":150000,"intermediate_value":34650.0}
{"op_code":7,"worker_id":"5ba1d696-b540-4fc7-a67a-e8041113b1d0-30636","trial_id":10,"step":225000,"intermediate_value":34650.0}
{"op_code":6,"worker_id":"5ba1d696-b540-4fc7-a67a-e8041113b1d0-30636","trial_id":10,"state":1,"values":[37323.85],"datetime_complete":"2026-10-07T09:52:03.971372"}
{"op_code":4,"worker_id":"5ba1d696-b540-4fc7-a67a-e8041113b1d0-30636","study_id":0,"datetime_start":"2026-10-07T09:52:04.222405"}
{"op_code":5,"worker_id":"5ba1d696-b540-4fc7-a67a-e8041113b1d0-30636","trial_id":11,"param_name":"learning-rate","param_value_internal":0.0009696740105924827,"distribution":"{\"name\": \"FloatDistribution\", \"attributes\": {\"step\": null, \"low\": 3e-05, \"high\": 0.001, \"log\": true}}"}
{"op_code":5,"worker_id":"5ba1d696-b540-4fc7-a67a-e8041113b1d0-30636","trial_id":11,"param_name":"rollout-size","param_value_internal":1,"distribution":"{\"name\": \"CategoricalDistribution\", \"attributes\": {\"choices\": [2048, 4096, 8192, 16384]}}"}
{"op_code":5,"worker_id":"5ba1d696-b540-4fc7-a67a-e8041113b1d0-30636","trial_id":11,"param_name":"batch-size","param_value_internal":1,"distribution":"{\"name\": \"CategoricalDistribution\", \"attributes\": {\"choices\": [64, 256, 1024]}}"}
{"op_code":5,"worker_id":"5ba1d696-b540-4fc7-a67a-e8041113b1d0-30636","trial_id":11,"param_name":"n-epochs","param_value_internal":2,"distribution":"{\"name\": \"CategoricalDistribution\", \"attributes\": {\"choices\": [3, 5, 10]}}"}
{"op_code":5,"worker_id":"5ba1d696-b540-4fc7-a67a-e8041113b1d0-30636","trial_id":11,"param_name":"gamma","param_value_internal":1,"distribution":"{\"name\": \"CategoricalDistribution\", \"attributes\": {\"choices\": [0.99, 0.995, 0.999]}}"}
{"op_code":5,"worker_id":"5ba1d696-b540-4fc7-a67a-e8041113b1d0-30636","trial_id":11,"param_name":"gae-lambda","param_value_internal":0,"distribution":"{\"name\": \"CategoricalDistribution\", \"attributes\": {\"choices\": [0.9, 0.95, 0.98]}}"}
{"op_code":5,"worker_id":"5ba1d696-b540-4fc7-a67a-e8041113b1d0-30636","trial_id":11,"param_name":"clip-range","param_value_internal":1,"distribution":"{\"name\": \"CategoricalDistribution\", \"attributes\": {\"choices\": [0.1, 0.2, 0.3]}}"}
{"op_code":5,"worker_id":"5ba1d696-b540-4fc7-a67a-e8041113b1d0-30636","trial_id":11,"param_name":"ent-coef","param_value_internal":0.00010094027300741292,"distribution":"{\"name\": \"FloatDistribution\", \"attributes\": {\"step\": null, \"low\": 0.0001, \"high\": 0.03, \"log\": true}}"}
{"op_code":8,"worker_id":"5ba1d696-b540-4fc7-a67a-e8041113b1d0-30636","trial_id":11,"user_attr":{"train_argv":"--option 1 --reward-mode objective --objectives tardiness_sq --lambda-late 1.0 --lambda-energy 1.0 --power-model linear --difficulty off_tf05 --timesteps 300000 --save-tag tune_off_tf05_o1cmlubrze_t11 --n-envs 4 --vec-backend subproc --seed 0 --rule-placements FirstFit,Consolidate --algo ppo --markov-obs --lookahead --fixed-scaling --critic-arrivals --lateness-shaping --normalize-reward --event-idle --learning-rate 0.000969674 --rollout-size 4096 --batch-size 256 --n-epochs 10 --gamma 0.995 --gae-lambda 0.9 --clip-range 0.2 --ent-coef 0.00010094"}}
{"op_code":7,"worker_id":"5ba1d696-b540-4fc7-a67a-e8041113b1d0-30636","trial_id":11,"step":75000,"intermediate_value":49973.2}
{"op_code":6,"worker_id":"5ba1d696-b540-4fc7-a67a-e8041113b1d0-30636","trial_id":11,"state":2,"values":[49973.2],"datetime_complete":"2026-10-07T09:53:19.595231"}
{"op_code":0,"worker_id":"06ca5f23-9a3e-410c-8331-fdec7d30c051-40468","study_name":"off_tf05_o1cmlubrze","directions":[1]}
{"op_code":0,"worker_id":"99f2497d-4280-441a-ab70-a0e77802a7f7-464","study_name":"off_tf05_o1cmlubrze","directions":[1]}
{"op_code":0,"worker_id":"260e3a97-c059-4ee1-8974-8c3276e747e5-31116","study_name":"off_tf05_o1cmlubrze","directions":[1]}
{"op_code":0,"worker_id":"b8d6c62f-2673-44cd-89da-39e6fd19f7f2-31800","study_name":"off_tf05_o1cmlubrze","directions":[1]}
{"op_code":0,"worker_id":"8ead0191-f5d6-4cb3-80ec-a4ca753b08d3-37176","study_name":"off_tf05_o1cmlubrze","directions":[1]}
{"op_code":0,"worker_id":"fdc7504d-37ba-4a1e-8395-b008fd792adc-17132","study_name":"off_tf05_o1cmlubrze","directions":[1]}
{"op_code":0,"worker_id":"eac0d666-bfd6-4c42-ac0e-db543b90d343-5576","study_name":"off_tf05_o1cmlubrze","directions":[1]}
{"op_code":0,"worker_id":"633d2f14-ca23-4c23-9a04-32ab93b9d51b-32732","study_name":"off_tf05_o1cmlubrze","directions":[1]}
{"op_code":0,"worker_id":"e5d89444-0ac3-46f8-93e8-e19f63fe01e5-36448","study_name":"off_tf05_o1cmlubrze","directions":[1]}
{"op_code":0,"worker_id":"c9122b96-8803-405d-9c31-51b6d99884ae-38104","study_name":"off_tf05_o1cmlubrze","directions":[1]}
{"op_code":0,"worker_id":"6dcfafe1-6c8a-4589-b848-26abdaed040f-36512","study_name":"off_tf05_o1cmlubrze","directions":[1]}
{"op_code":0,"worker_id":"607df382-7662-4fd1-a283-d6722f7841ea-14944","study_name":"off_tf05_o1cmlubrze","directions":[1]}
{"op_code":0,"worker_id":"666554a7-09c0-4580-9806-4332510acac7-39076","study_name":"off_tf05_o1cmlubrze","directions":[1]}
