{"op_code":0,"worker_id":"c3d9701d-95ab-4668-bda9-693c1c0255f0-2916","study_name":"off_tf05_o0pnm_a2c","directions":[1]}
{"op_code":4,"worker_id":"c3d9701d-95ab-4668-bda9-693c1c0255f0-2916","study_id":0,"datetime_start":"2026-10-06T00:59:39.604004"}
{"op_code":5,"worker_id":"c3d9701d-95ab-4668-bda9-693c1c0255f0-2916","trial_id":0,"param_name":"learning-rate","param_value_internal":0.0006466422717414558,"distribution":"{\"name\": \"FloatDistribution\", \"attributes\": {\"step\": null, \"low\": 0.0001, \"high\": 0.003, \"log\": true}}"}
{"op_code":5,"worker_id":"c3d9701d-95ab-4668-bda9-693c1c0255f0-2916","trial_id":0,"param_name":"rollout-size","param_value_internal":0,"distribution":"{\"name\": \"CategoricalDistribution\", \"attributes\": {\"choices\": [20, 80, 320]}}"}
{"op_code":5,"worker_id":"c3d9701d-95ab-4668-bda9-693c1c0255f0-2916","trial_id":0,"param_name":"gamma","param_value_internal":1,"distribution":"{\"name\": \"CategoricalDistribution\", \"attributes\": {\"choices\": [0.99, 0.995, 0.999]}}"}
{"op_code":5,"worker_id":"c3d9701d-95ab-4668-bda9-693c1c0255f0-2916","trial_id":0,"param_name":"gae-lambda","param_value_internal":1,"distribution":"{\"name\": \"CategoricalDistribution\", \"attributes\": {\"choices\": [0.9, 0.95, 1.0]}}"}
{"op_code":5,"worker_id":"c3d9701d-95ab-4668-bda9-693c1c0255f0-2916","trial_id":0,"param_name":"ent-coef","param_value_internal":0.009145320282946534,"distribution":"{\"name\": \"FloatDistribution\", \"attributes\": {\"step\": null, \"low\": 0.0001, \"high\": 0.03, \"log\": true}}"}
{"op_code":8,"worker_id":"c3d9701d-95ab-4668-bda9-693c1c0255f0-2916","trial_id":0,"user_attr":{"train_argv":"--option 0 --reward-mode objective --objectives tardiness_sq --lambda-late 1.0 --lambda-energy 1.0 --power-model linear --difficulty off_tf05 --timesteps 100000 --save-tag tune_off_tf05_o0pnm_a2c_t0 --n-envs 4 --vec-backend subproc --seed 0 --algo a2c --markov-obs --work-conserving --policy-arch pointer --learning-rate 0.000646642 --rollout-size 20 --gamma 0.995 --gae-lambda 0.95 --ent-coef 0.00914532"}}
{"op_code":7,"worker_id":"c3d9701d-95ab-4668-bda9-693c1c0255f0-2916","trial_id":0,"step":25000,"intermediate_value":167145.6}
{"op_code":7,"worker_id":"c3d9701d-95ab-4668-bda9-693c1c0255f0-2916","trial_id":0,"step":50000,"intermediate_value":213323.4}
{"op_code":7,"worker_id":"c3d9701d-95ab-4668-bda9-693c1c0255f0-2916","trial_id":0,"step":75000,"intermediate_value":212045.4}
{"op_code":6,"worker_id":"c3d9701d-95ab-4668-bda9-693c1c0255f0-2916","trial_id":0,"state":1,"values":[218556.75],"datetime_complete":"2026-10-06T01:01:42.468106"}
{"op_code":4,"worker_id":"c3d9701d-95ab-4668-bda9-693c1c0255f0-2916","study_id":0,"datetime_start":"2026-10-06T01:01:42.663459"}
{"op_code":5,"worker_id":"c3d9701d-95ab-4668-bda9-693c1c0255f0-2916","trial_id":1,"param_name":"learning-rate","param_value_internal":0.0006042851578845063,"distribution":"{\"name\": \"FloatDistribution\", \"attributes\": {\"step\": null, \"low\": 0.0001, \"high\": 0.003, \"log\": true}}"}
{"op_code":5,"worker_id":"c3d9701d-95ab-4668-bda9-693c1c0255f0-2916","trial_id":1,"param_name":"rollout-size","param_value_internal":1,"distribution":"{\"name\": \"CategoricalDistribution\", \"attributes\": {\"choices\": [20, 80, 320]}}"}
{"op_code":5,"worker_id":"c3d9701d-95ab-4668-bda9-693c1c0255f0-2916","trial_id":1,"param_name":"gamma","param_value_internal":2,"distribution":"{\"name\": \"CategoricalDistribution\", \"attributes\": {\"choices\": [0.99, 0.995, 0.999]}}"}
{"op_code":5,"worker_id":"c3d9701d-95ab-4668-bda9-693c1c0255f0-2916","trial_id":1,"param_name":"gae-lambda","param_value_internal":2,"distribution":"{\"name\": \"CategoricalDistribution\", \"attributes\": {\"choices\": [0.9, 0.95, 1.0]}}"}
{"op_code":5,"worker_id":"c3d9701d-95ab-4668-bda9-693c1c0255f0-2916","trial_id":1,"param_name":"ent-coef","param_value_internal":0.009541412354586892,"distribution":"{\"name\": \"FloatDistribution\", \"attributes\": {\"step\": null, \"low\": 0.0001, \"high\": 0.03, \"log\": true}}"}
{"op_code":8,"worker_id":"c3d9701d-95ab-4668-bda9-693c1c0255f0-2916","trial_id":1,"user_attr":{"train_argv":"--option 0 --reward-mode objective --objectives tardiness_sq --lambda-late 1.0 --lambda-energy 1.0 --power-model linear --difficulty off_tf05 --timesteps 100000 --save-tag tune_off_tf05_o0pnm_a2c_t1 --n-envs 4 --vec-backend subproc --seed 0 --algo a2c --markov-obs --work-conserving --policy-arch pointer --learning-rate 0.000604285 --rollout-size 80 --gamma 0.999 --gae-lambda 1 --ent-coef 0.00954141"}}
{"op_code":7,"worker_id":"c3d9701d-95ab-4668-bda9-693c1c0255f0-2916","trial_id":1,"step":25000,"intermediate_value":198791.8}
{"op_code":7,"worker_id":"c3d9701d-95ab-4668-bda9-693c1c0255f0-2916","trial_id":1,"step":50000,"intermediate_value":196512.4}
{"op_code":7,"worker_id":"c3d9701d-95ab-4668-bda9-693c1c0255f0-2916","trial_id":1,"step":75000,"intermediate_value":195072.4}
{"op_code":6,"worker_id":"c3d9701d-95ab-4668-bda9-693c1c0255f0-2916","trial_id":1,"state":1,"values":[205087.75],"datetime_complete":"2026-10-06T01:03:23.031736"}
{"op_code":4,"worker_id":"c3d9701d-95ab-4668-bda9-693c1c0255f0-2916","study_id":0,"datetime_start":"2026-10-06T01:03:23.261723"}
{"op_code":5,"worker_id":"c3d9701d-95ab-4668-bda9-693c1c0255f0-2916","trial_id":2,"param_name":"learning-rate","param_value_internal":0.0004804641349751479,"distribution":"{\"name\": \"FloatDistribution\", \"attributes\": {\"step\": null, \"low\": 0.0001, \"high\": 0.003, \"log\": true}}"}
{"op_code":5,"worker_id":"c3d9701d-95ab-4668-bda9-693c1c0255f0-2916","trial_id":2,"param_name":"rollout-size","param_value_internal":0,"distribution":"{\"name\": \"CategoricalDistribution\", \"attributes\": {\"choices\": [20, 80, 320]}}"}
{"op_code":5,"worker_id":"c3d9701d-95ab-4668-bda9-693c1c0255f0-2916","trial_id":2,"param_name":"gamma","param_value_internal":1,"distribution":"{\"name\": \"CategoricalDistribution\", \"attributes\": {\"choices\": [0.99, 0.995, 0.999]}}"}
{"op_code":5,"worker_id":"c3d9701d-95ab-4668-bda9-693c1c0255f0-2916","trial_id":2,"param_name":"gae-lambda","param_value_internal":2,"distribution":"{\"name\": \"CategoricalDistribution\", \"attributes\": {\"choices\": [0.9, 0.95, 1.0]}}"}
{"op_code":5,"worker_id":"c3d9701d-95ab-4668-bda9-693c1c0255f0-2916","trial_id":2,"param_name":"ent-coef","param_value_internal":0.001348775545730254,"distribution":"{\"name\": \"FloatDistribution\", \"attributes\": {\"step\": null, \"low\": 0.0001, \"high\": 0.03, \"log\": true}}"}
{"op_code":8,"worker_id":"c3d9701d-95ab-4668-bda9-693c1c0255f0-2916","trial_id":2,"user_attr":{"train_argv":"--option 0 --reward-mode objective --objectives tardiness_sq --lambda-late 1.0 --lambda-energy 1.0 --power-model linear --difficulty off_tf05 --timesteps 100000 --save-tag tune_off_tf05_o0pnm_a2c_t2 --n-envs 4 --vec-backend subproc --seed 0 --algo a2c --markov-obs --work-conserving --policy-arch pointer --learning-rate 0.000480464 --rollout-size 20 --gamma 0.995 --gae-lambda 1 --ent-coef 0.00134878"}}
{"op_code":7,"worker_id":"c3d9701d-95ab-4668-bda9-693c1c0255f0-2916","trial_id":2,"step":25000,"intermediate_value":217257.0}
{"op_code":7,"worker_id":"c3d9701d-95ab-4668-bda9-693c1c0255f0-2916","trial_id":2,"step":50000,"intermediate_value":198056.6}
{"op_code":7,"worker_id":"c3d9701d-95ab-4668-bda9-693c1c0255f0-2916","trial_id":2,"step":75000,"intermediate_value":216571.4}
{"op_code":6,"worker_id":"c3d9701d-95ab-4668-bda9-693c1c0255f0-2916","trial_id":2,"state":1,"values":[211428.95],"datetime_complete":"2026-10-06T01:05:22.216234"}
{"op_code":4,"worker_id":"c3d9701d-95ab-4668-bda9-693c1c0255f0-2916","study_id":0,"datetime_start":"2026-10-06T01:05:22.414415"}
{"op_code":5,"worker_id":"c3d9701d-95ab-4668-bda9-693c1c0255f0-2916","trial_id":3,"param_name":"learning-rate","param_value_internal":0.0006912670683424538,"distribution":"{\"name\": \"FloatDistribution\", \"attributes\": {\"step\": null, \"low\": 0.0001, \"high\": 0.003, \"log\": true}}"}
{"op_code":5,"worker_id":"c3d9701d-95ab-4668-bda9-693c1c0255f0-2916","trial_id":3,"param_name":"rollout-size","param_value_internal":1,"distribution":"{\"name\": \"CategoricalDistribution\", \"attributes\": {\"choices\": [20, 80, 320]}}"}
{"op_code":5,"worker_id":"c3d9701d-95ab-4668-bda9-693c1c0255f0-2916","trial_id":3,"param_name":"gamma","param_value_internal":1,"distribution":"{\"name\": \"CategoricalDistribution\", \"attributes\": {\"choices\": [0.99, 0.995, 0.999]}}"}
{"op_code":5,"worker_id":"c3d9701d-95ab-4668-bda9-693c1c0255f0-2916","trial_id":3,"param_name":"gae-lambda","param_value_internal":2,"distribution":"{\"name\": \"CategoricalDistribution\", \"attributes\": {\"choices\": [0.9, 0.95, 1.0]}}"}
{"op_code":5,"worker_id":"c3d9701d-95ab-4668-bda9-693c1c0255f0-2916","trial_id":3,"param_name":"ent-coef","param_value_internal":0.00014098918363046996,"distribution":"{\"name\": \"FloatDistribution\", \"attributes\": {\"step\": null, \"low\": 0.0001, \"high\": 0.03, \"log\": true}}"}
{"op_code":8,"worker_id":"c3d9701d-95ab-4668-bda9-693c1c0255f0-2916","trial_id":3,"user_attr":{"train_argv":"--option 0 --reward-mode objective --objectives tardiness_sq --lambda-late 1.0 --lambda-energy 1.0 --power-model linear --difficulty off_tf05 --timesteps 100000 --save-tag tune_off_tf05_o0pnm_a2c_t3 --n-envs 4 --vec-backend subproc --seed 0 --algo a2c --markov-obs --work-conserving --policy-arch pointer --learning-rate 0.000691267 --rollout-size 80 --gamma 0.995 --gae-lambda 1 --ent-coef 0.000140989"}}
{"op_code":7,"worker_id":"c3d9701d-95ab-4668-bda9-693c1c0255f0-2916","trial_id":3,"step":25000,"intermediate_value":201605.0}
{"op_code":7,"worker_id":"c3d9701d-95ab-4668-bda9-693c1c0255f0-2916","trial_id":3,"step":50000,"intermediate_value":192212.4}
{"op_code":7,"worker_id":"c3d9701d-95ab-4668-bda9-693c1c0255f0-2916","trial_id":3,"step":75000,"intermediate_value":215796.6}
{"op_code":6,"worker_id":"c3d9701d-95ab-4668-bda9-693c1c0255f0-2916","trial_id":3,"state":1,"values":[222297.35],"datetime_complete":"2026-10-06T01:07:03.178128"}
{"op_code":4,"worker_id":"c3d9701d-95ab-4668-bda9-693c1c0255f0-2916","study_id":0,"datetime_start":"2026-10-06T01:07:03.397310"}
{"op_code":5,"worker_id":"c3d9701d-95ab-4668-bda9-693c1c0255f0-2916","trial_id":4,"param_name":"learning-rate","param_value_internal":0.0009658179826892162,"distribution":"{\"name\": \"FloatDistribution\", \"attributes\": {\"step\": null, \"low\": 0.0001, \"high\": 0.003, \"log\": true}}"}
{"op_code":5,"worker_id":"c3d9701d-95ab-4668-bda9-693c1c0255f0-2916","trial_id":4,"param_name":"rollout-size","param_value_internal":0,"distribution":"{\"name\": \"CategoricalDistribution\", \"attributes\": {\"choices\": [20, 80, 320]}}"}
{"op_code":5,"worker_id":"c3d9701d-95ab-4668-bda9-693c1c0255f0-2916","trial_id":4,"param_name":"gamma","param_value_internal":2,"distribution":"{\"name\": \"CategoricalDistribution\", \"attributes\": {\"choices\": [0.99, 0.995, 0.999]}}"}
{"op_code":5,"worker_id":"c3d9701d-95ab-4668-bda9-693c1c0255f0-2916","trial_id":4,"param_name":"gae-lambda","param_value_internal":1,"distribution":"{\"name\": \"CategoricalDistribution\", \"attributes\": {\"choices\": [0.9, 0.95, 1.0]}}"}
{"op_code":5,"worker_id":"c3d9701d-95ab-4668-bda9-693c1c0255f0-2916","trial_id":4,"param_name":"ent-coef","param_value_internal":0.00032916454639831516,"distribution":"{\"name\": \"FloatDistribution\", \"attributes\": {\"step\": null, \"low\": 0.0001, \"high\": 0.03, \"log\": true}}"}
{"op_code":8,"worker_id":"c3d9701d-95ab-4668-bda9-693c1c0255f0-2916","trial_id":4,"user_attr":{"train_argv":"--option 0 --reward-mode objective --objectives tardiness_sq --lambda-late 1.0 --lambda-energy 1.0 --power-model linear --difficulty off_tf05 --timesteps 100000 --save-tag tune_off_tf05_o0pnm_a2c_t4 --n-envs 4 --vec-backend subproc --seed 0 --algo a2c --markov-obs --work-conserving --policy-arch pointer --learning-rate 0.000965818 --rollout-size 20 --gamma 0.999 --gae-lambda 0.95 --ent-coef 0.000329165"}}
{"op_code":7,"worker_id":"c3d9701d-95ab-4668-bda9-693c1c0255f0-2916","trial_id":4,"step":25000,"intermediate_value":213823.6}
{"op_code":7,"worker_id":"c3d9701d-95ab-4668-bda9-693c1c0255f0-2916","trial_id":4,"step":50000,"intermediate_value":211835.4}
{"op_code":7,"worker_id":"c3d9701d-95ab-4668-bda9-693c1c0255f0-2916","trial_id":4,"step":75000,"intermediate_value":147430.0}
{"op_code":6,"worker_id":"c3d9701d-95ab-4668-bda9-693c1c0255f0-2916","trial_id":4,"state":1,"values":[161192.85],"datetime_complete":"2026-10-06T01:09:05.005109"}
{"op_code":4,"worker_id":"c3d9701d-95ab-4668-bda9-693c1c0255f0-2916","study_id":0,"datetime_start":"2026-10-06T01:09:05.186823"}
{"op_code":5,"worker_id":"c3d9701d-95ab-4668-bda9-693c1c0255f0-2916","trial_id":5,"param_name":"learning-rate","param_value_internal":0.00017309069329908935,"distribution":"{\"name\": \"FloatDistribution\", \"attributes\": {\"step\": null, \"low\": 0.0001, \"high\": 0.003, \"log\": true}}"}
{"op_code":5,"worker_id":"c3d9701d-95ab-4668-bda9-693c1c0255f0-2916","trial_id":5,"param_name":"rollout-size","param_value_internal":0,"distribution":"{\"name\": \"CategoricalDistribution\", \"attributes\": {\"choices\": [20, 80, 320]}}"}
{"op_code":5,"worker_id":"c3d9701d-95ab-4668-bda9-693c1c0255f0-2916","trial_id":5,"param_name":"gamma","param_value_internal":0,"distribution":"{\"name\": \"CategoricalDistribution\", \"attributes\": {\"choices\": [0.99, 0.995, 0.999]}}"}
{"op_code":5,"worker_id":"c3d9701d-95ab-4668-bda9-693c1c0255f0-2916","trial_id":5,"param_name":"gae-lambda","param_value_internal":0,"distribution":"{\"name\": \"CategoricalDistribution\", \"attributes\": {\"choices\": [0.9, 0.95, 1.0]}}"}
{"op_code":5,"worker_id":"c3d9701d-95ab-4668-bda9-693c1c0255f0-2916","trial_id":5,"param_name":"ent-coef","param_value_internal":0.0008191755047162099,"distribution":"{\"name\": \"FloatDistribution\", \"attributes\": {\"step\": null, \"low\": 0.0001, \"high\": 0.03, \"log\": true}}"}
{"op_code":8,"worker_id":"c3d9701d-95ab-4668-bda9-693c1c0255f0-2916","trial_id":5,"user_attr":{"train_argv":"--option 0 --reward-mode objective --objectives tardiness_sq --lambda-late 1.0 --lambda-energy 1.0 --power-model linear --difficulty off_tf05 --timesteps 100000 --save-tag tune_off_tf05_o0pnm_a2c_t5 --n-envs 4 --vec-backend subproc --seed 0 --algo a2c --markov-obs --work-conserving --policy-arch pointer --learning-rate 0.000173091 --rollout-size 20 --gamma 0.99 --gae-lambda 0.9 --ent-coef 0.000819176"}}
{"op_code":7,"worker_id":"c3d9701d-95ab-4668-bda9-693c1c0255f0-2916","trial_id":5,"step":25000,"intermediate_value":194030.8}
{"op_code":7,"worker_id":"c3d9701d-95ab-4668-bda9-693c1c0255f0-2916","trial_id":5,"step":50000,"intermediate_value":198382.6}
{"op_code":7,"worker_id":"c3d9701d-95ab-4668-bda9-693c1c0255f0-2916","trial_id":5,"step":75000,"intermediate_value":188870.4}
{"op_code":6,"worker_id":"c3d9701d-95ab-4668-bda9-693c1c0255f0-2916","trial_id":5,"state":1,"values":[220865.05],"datetime_complete":"2026-10-06T01:11:03.931622"}
{"op_code":4,"worker_id":"c3d9701d-95ab-4668-bda9-693c1c0255f0-2916","study_id":0,"datetime_start":"2026-10-06T01:11:04.130572"}
{"op_code":5,"worker_id":"c3d9701d-95ab-4668-bda9-693c1c0255f0-2916","trial_id":6,"param_name":"learning-rate","param_value_internal":0.0016319488770709706,"distribution":"{\"name\": \"FloatDistribution\", \"attributes\": {\"step\": null, \"low\": 0.0001, \"high\": 0.003, \"log\": true}}"}
{"op_code":5,"worker_id":"c3d9701d-95ab-4668-bda9-693c1c0255f0-2916","trial_id":6,"param_name":"rollout-size","param_value_internal":1,"distribution":"{\"name\": \"CategoricalDistribution\", \"attributes\": {\"choices\": [20, 80, 320]}}"}
{"op_code":5,"worker_id":"c3d9701d-95ab-4668-bda9-693c1c0255f0-2916","trial_id":6,"param_name":"gamma","param_value_internal":2,"distribution":"{\"name\": \"CategoricalDistribution\", \"attributes\": {\"choices\": [0.99, 0.995, 0.999]}}"}
{"op_code":5,"worker_id":"c3d9701d-95ab-4668-bda9-693c1c0255f0-2916","trial_id":6,"param_name":"gae-lambda","param_value_internal":1,"distribution":"{\"name\": \"CategoricalDistribution\", \"attributes\": {\"choices\": [0.9, 0.95, 1.0]}}"}
{"op_code":5,"worker_id":"c3d9701d-95ab-4668-bda9-693c1c0255f0-2916","trial_id":6,"param_name":"ent-coef","param_value_internal":0.000501819043124292,"distribution":"{\"name\": \"FloatDistribution\", \"attributes\": {\"step\": null, \"low\": 0.0001, \"high\": 0.03, \"log\": true}}"}
{"op_code":8,"worker_id":"c3d9701d-95ab-4668-bda9-693c1c0255f0-2916","trial_id":6,"user_attr":{"train_argv":"--option 0 --reward-mode objective --objectives tardiness_sq --lambda-late 1.0 --lambda-energy 1.0 --power-model linear --difficulty off_tf05 --timesteps 100000 --save-tag tune_off_tf05_o0pnm_a2c_t6 --n-envs 4 --vec-backend subproc --seed 0 --algo a2c --markov-obs --work-conserving --policy-arch pointer --learning-rate 0.00163195 --rollout-size 80 --gamma 0.999 --gae-lambda 0.95 --ent-coef 0.000501819"}}
{"op_code":7,"worker_id":"c3d9701d-95ab-4668-bda9-693c1c0255f0-2916","trial_id":6,"step":25000,"intermediate_value":209482.4}
{"op_code":6,"worker_id":"c3d9701d-95ab-4668-bda9-693c1c0255f0-2916","trial_id":6,"state":2,"values":[209482.4],"datetime_complete":"2026-10-06T01:11:32.999758"}
{"op_code":4,"worker_id":"c3d9701d-95ab-4668-bda9-693c1c0255f0-2916","study_id":0,"datetime_start":"2026-10-06T01:11:33.209044"}
{"op_code":5,"worker_id":"c3d9701d-95ab-4668-bda9-693c1c0255f0-2916","trial_id":7,"param_name":"learning-rate","param_value_internal":0.00015050290935598963,"distribution":"{\"name\": \"FloatDistribution\", \"attributes\": {\"step\": null, \"low\": 0.0001, \"high\": 0.003, \"log\": true}}"}
{"op_code":5,"worker_id":"c3d9701d-95ab-4668-bda9-693c1c0255f0-2916","trial_id":7,"param_name":"rollout-size","param_value_internal":2,"distribution":"{\"name\": \"CategoricalDistribution\", \"attributes\": {\"choices\": [20, 80, 320]}}"}
{"op_code":5,"worker_id":"c3d9701d-95ab-4668-bda9-693c1c0255f0-2916","trial_id":7,"param_name":"gamma","param_value_internal":2,"distribution":"{\"name\": \"CategoricalDistribution\", \"attributes\": {\"choices\": [0.99, 0.995, 0.999]}}"}
{"op_code":5,"worker_id":"c3d9701d-95ab-4668-bda9-693c1c0255f0-2916","trial_id":7,"param_name":"gae-lambda","param_value_internal":0,"distribution":"{\"name\": \"CategoricalDistribution\", \"attributes\": {\"choices\": [0.9, 0.95, 1.0]}}"}
{"op_code":5,"worker_id":"c3d9701d-95ab-4668-bda9-693c1c0255f0-2916","trial_id":7,"param_name":"ent-coef","param_value_internal":0.00017088424969157387,"distribution":"{\"name\": \"FloatDistribution\", \"attributes\": {\"step\": null, \"low\": 0.0001, \"high\": 0.03, \"log\": true}}"}
{"op_code":8,"worker_id":"c3d9701d-95ab-4668-bda9-693c1c0255f0-2916","trial_id":7,"user_attr":{"train_argv":"--option 0 --reward-mode objective --objectives tardiness_sq --lambda-late 1.0 --lambda-energy 1.0 --power-model linear --difficulty off_tf05 --timesteps 100000 --save-tag tune_off_tf05_o0pnm_a2c_t7 --n-envs 4 --vec-backend subproc --seed 0 --algo a2c --markov-obs --work-conserving --policy-arch pointer --learning-rate 0.000150503 --rollout-size 320 --gamma 0.999 --gae-lambda 0.9 --ent-coef 0.000170884"}}
{"op_code":7,"worker_id":"c3d9701d-95ab-4668-bda9-693c1c0255f0-2916","trial_id":7,"step":25000,"intermediate_value":213145.6}
{"op_code":6,"worker_id":"c3d9701d-95ab-4668-bda9-693c1c0255f0-2916","trial_id":7,"state":2,"values":[213145.6],"datetime_complete":"2026-10-06T01:12:02.708983"}
{"op_code":4,"worker_id":"c3d9701d-95ab-4668-bda9-693c1c0255f0-2916","study_id":0,"datetime_start":"2026-10-06T01:12:02.940742"}
{"op_code":5,"worker_id":"c3d9701d-95ab-4668-bda9-693c1c0255f0-2916","trial_id":8,"param_name":"learning-rate","param_value_internal":0.0007091576793635641,"distribution":"{\"name\": \"FloatDistribution\", \"attributes\": {\"step\": null, \"low\": 0.0001, \"high\": 0.003, \"log\": true}}"}
{"op_code":5,"worker_id":"c3d9701d-95ab-4668-bda9-693c1c0255f0-2916","trial_id":8,"param_name":"rollout-size","param_value_internal":0,"distribution":"{\"name\": \"CategoricalDistribution\", \"attributes\": {\"choices\": [20, 80, 320]}}"}
{"op_code":5,"worker_id":"c3d9701d-95ab-4668-bda9-693c1c0255f0-2916","trial_id":8,"param_name":"gamma","param_value_internal":1,"distribution":"{\"name\": \"CategoricalDistribution\", \"attributes\": {\"choices\": [0.99, 0.995, 0.999]}}"}
{"op_code":5,"worker_id":"c3d9701d-95ab-4668-bda9-693c1c0255f0-2916","trial_id":8,"param_name":"gae-lambda","param_value_internal":1,"distribution":"{\"name\": \"CategoricalDistribution\", \"attributes\": {\"choices\": [0.9, 0.95, 1.0]}}"}
{"op_code":5,"worker_id":"c3d9701d-95ab-4668-bda9-693c1c0255f0-2916","trial_id":8,"param_name":"ent-coef","param_value_internal":0.011307978270179144,"distribution":"{\"name\": \"FloatDistribution\", \"attributes\": {\"step\": null, \"low\": 0.0001, \"high\": 0.03, \"log\": true}}"}
{"op_code":8,"worker_id":"c3d9701d-95ab-4668-bda9-693c1c0255f0-2916","trial_id":8,"user_attr":{"train_argv":"--option 0 --reward-mode objective --objectives tardiness_sq --lambda-late 1.0 --lambda-energy 1.0 --power-model linear --difficulty off_tf05 --timesteps 100000 --save-tag tune_off_tf05_o0pnm_a2c_t8 --n-envs 4 --vec-backend subproc --seed 0 --algo a2c --markov-obs --work-conserving --policy-arch pointer --learning-rate 0.000709158 --rollout-size 20 --gamma 0.995 --gae-lambda 0.95 --ent-coef 0.011308"}}
{"op_code":7,"worker_id":"c3d9701d-95ab-4668-bda9-693c1c0255f0-2916","trial_id":8,"step":25000,"intermediate_value":215323.4}
{"op_code":6,"worker_id":"c3d9701d-95ab-4668-bda9-693c1c0255f0-2916","trial_id":8,"state":2,"values":[215323.4],"datetime_complete":"2026-10-06T01:12:37.048927"}
{"op_code":4,"worker_id":"c3d9701d-95ab-4668-bda9-693c1c0255f0-2916","study_id":0,"datetime_start":"2026-10-06T01:12:37.309311"}
{"op_code":5,"worker_id":"c3d9701d-95ab-4668-bda9-693c1c0255f0-2916","trial_id":9,"param_name":"learning-rate","param_value_internal":0.00010160984472195724,"distribution":"{\"name\": \"FloatDistribution\", \"attributes\": {\"step\": null, \"low\": 0.0001, \"high\": 0.003, \"log\": true}}"}
{"op_code":5,"worker_id":"c3d9701d-95ab-4668-bda9-693c1c0255f0-2916","trial_id":9,"param_name":"rollout-size","param_value_internal":2,"distribution":"{\"name\": \"CategoricalDistribution\", \"attributes\": {\"choices\": [20, 80, 320]}}"}
{"op_code":5,"worker_id":"c3d9701d-95ab-4668-bda9-693c1c0255f0-2916","trial_id":9,"param_name":"gamma","param_value_internal":0,"distribution":"{\"name\": \"CategoricalDistribution\", \"attributes\": {\"choices\": [0.99, 0.995, 0.999]}}"}
{"op_code":5,"worker_id":"c3d9701d-95ab-4668-bda9-693c1c0255f0-2916","trial_id":9,"param_name":"gae-lambda","param_value_internal":0,"distribution":"{\"name\": \"CategoricalDistribution\", \"attributes\": {\"choices\": [0.9, 0.95, 1.0]}}"}
{"op_code":5,"worker_id":"c3d9701d-95ab-4668-bda9-693c1c0255f0-2916","trial_id":9,"param_name":"ent-coef","param_value_internal":0.02291262392205817,"distribution":"{\"name\": \"FloatDistribution\", \"attributes\": {\"step\": null, \"low\": 0.0001, \"high\": 0.03, \"log\": true}}"}
{"op_code":8,"worker_id":"c3d9701d-95ab-4668-bda9-693c1c0255f0-2916","trial_id":9,"user_attr":{"train_argv":"--option 0 --reward-mode objective --objectives tardiness_sq --lambda-late 1.0 --lambda-energy 1.0 --power-model linear --difficulty off_tf05 --timesteps 100000 --save-tag tune_off_tf05_o0pnm_a2c_t9 --n-envs 4 --vec-backend subproc --seed 0 --algo a2c --markov-obs --work-conserving --policy-arch pointer --learning-rate 0.00010161 --rollout-size 320 --gamma 0.99 --gae-lambda 0.9 --ent-coef 0.0229126"}}
{"op_code":7,"worker_id":"c3d9701d-95ab-4668-bda9-693c1c0255f0-2916","trial_id":9,"step":25000,"intermediate_value":263054.2}
{"op_code":6,"worker_id":"c3d9701d-95ab-4668-bda9-693c1c0255f0-2916","trial_id":9,"state":2,"values":[263054.2],"datetime_complete":"2026-10-06T01:13:06.279183"}
{"op_code":4,"worker_id":"c3d9701d-95ab-4668-bda9-693c1c0255f0-2916","study_id":0,"datetime_start":"2026-10-06T01:13:06.414043"}
{"op_code":5,"worker_id":"c3d9701d-95ab-4668-bda9-693c1c0255f0-2916","trial_id":10,"param_name":"learning-rate","param_value_internal":0.0024827793806799356,"distribution":"{\"name\": \"FloatDistribution\", \"attributes\": {\"step\": null, \"low\": 0.0001, \"high\": 0.003, \"log\": true}}"}
{"op_code":5,"worker_id":"c3d9701d-95ab-4668-bda9-693c1c0255f0-2916","trial_id":10,"param_name":"rollout-size","param_value_internal":0,"distribution":"{\"name\": \"CategoricalDistribution\", \"attributes\": {\"choices\": [20, 80, 320]}}"}
{"op_code":5,"worker_id":"c3d9701d-95ab-4668-bda9-693c1c0255f0-2916","trial_id":10,"param_name":"gamma","param_value_internal":2,"distribution":"{\"name\": \"CategoricalDistribution\", \"attributes\": {\"choices\": [0.99, 0.995, 0.999]}}"}
{"op_code":5,"worker_id":"c3d9701d-95ab-4668-bda9-693c1c0255f0-2916","trial_id":10,"param_name":"gae-lambda","param_value_internal":1,"distribution":"{\"name\": \"CategoricalDistribution\", \"attributes\": {\"choices\": [0.9, 0.95, 1.0]}}"}
{"op_code":5,"worker_id":"c3d9701d-95ab-4668-bda9-693c1c0255f0-2916","trial_id":10,"param_name":"ent-coef","param_value_internal":0.002585119475050524,"distribution":"{\"name\": \"FloatDistribution\", \"attributes\": {\"step\": null, \"low\": 0.0001, \"high\": 0.03, \"log\": true}}"}
{"op_code":8,"worker_id":"c3d9701d-95ab-4668-bda9-693c1c0255f0-2916","trial_id":10,"user_attr":{"train_argv":"--option 0 --reward-mode objective --objectives tardiness_sq --lambda-late 1.0 --lambda-energy 1.0 --power-model linear --difficulty off_tf05 --timesteps 100000 --save-tag tune_off_tf05_o0pnm_a2c_t10 --n-envs 4 --vec-backend subproc --seed 0 --algo a2c --markov-obs --work-conserving --policy-arch pointer --learning-rate 0.00248278 --rollout-size 20 --gamma 0.999 --gae-lambda 0.95 --ent-coef 0.00258512"}}
{"op_code":7,"worker_id":"c3d9701d-95ab-4668-bda9-693c1c0255f0-2916","trial_id":10,"step":25000,"intermediate_value":209482.4}
{"op_code":6,"worker_id":"c3d9701d-95ab-4668-bda9-693c1c0255f0-2916","trial_id":10,"state":2,"values":[209482.4],"datetime_complete":"2026-10-06T01:13:36.616148"}
{"op_code":4,"worker_id":"c3d9701d-95ab-4668-bda9-693c1c0255f0-2916","study_id":0,"datetime_start":"2026-10-06T01:13:36.814823"}
{"op_code":5,"worker_id":"c3d9701d-95ab-4668-bda9-693c1c0255f0-2916","trial_id":11,"param_name":"learning-rate","param_value_internal":0.001118463993823278,"distribution":"{\"name\": \"FloatDistribution\", \"attributes\": {\"step\": null, \"low\": 0.0001, \"high\": 0.003, \"log\": true}}"}
{"op_code":5,"worker_id":"c3d9701d-95ab-4668-bda9-693c1c0255f0-2916","trial_id":11,"param_name":"rollout-size","param_value_internal":1,"distribution":"{\"name\": \"CategoricalDistribution\", \"attributes\": {\"choices\": [20, 80, 320]}}"}
{"op_code":5,"worker_id":"c3d9701d-95ab-4668-bda9-693c1c0255f0-2916","trial_id":11,"param_name":"gamma","param_value_internal":2,"distribution":"{\"name\": \"CategoricalDistribution\", \"attributes\": {\"choices\": [0.99, 0.995, 0.999]}}"}
{"op_code":5,"worker_id":"c3d9701d-95ab-4668-bda9-693c1c0255f0-2916","trial_id":11,"param_name":"gae-lambda","param_value_internal":2,"distribution":"{\"name\": \"CategoricalDistribution\", \"attributes\": {\"choices\": [0.9, 0.95, 1.0]}}"}
{"op_code":5,"worker_id":"c3d9701d-95ab-4668-bda9-693c1c0255f0-2916","trial_id":11,"param_name":"ent-coef","param_value_internal":0.0036390149695937966,"distribution":"{\"name\": \"FloatDistribution\", \"attributes\": {\"step\": null, \"low\": 0.0001, \"high\": 0.03, \"log\": true}}"}
{"op_code":8,"worker_id":"c3d9701d-95ab-4668-bda9-693c1c0255f0-2916","trial_id":11,"user_attr":{"train_argv":"--option 0 --reward-mode objective --objectives tardiness_sq --lambda-late 1.0 --lambda-energy 1.0 --power-model linear --difficulty off_tf05 --timesteps 100000 --save-tag tune_off_tf05_o0pnm_a2c_t11 --n-envs 4 --vec-backend subproc --seed 0 --algo a2c --markov-obs --work-conserving --policy-arch pointer --learning-rate 0.00111846 --rollout-size 80 --gamma 0.999 --gae-lambda 1 --ent-coef 0.00363901"}}
{"op_code":7,"worker_id":"c3d9701d-95ab-4668-bda9-693c1c0255f0-2916","trial_id":11,"step":25000,"intermediate_value":192241.4}
{"op_code":7,"worker_id":"c3d9701d-95ab-4668-bda9-693c1c0255f0-2916","trial_id":11,"step":50000,"intermediate_value":211971.2}
{"op_code":7,"worker_id":"c3d9701d-95ab-4668-bda9-693c1c0255f0-2916","trial_id":11,"step":75000,"intermediate_value":203980.6}
{"op_code":6,"worker_id":"c3d9701d-95ab-4668-bda9-693c1c0255f0-2916","trial_id":11,"state":1,"values":[218526.2],"datetime_complete":"2026-10-06T01:15:18.294527"}
{"op_code":4,"worker_id":"c3d9701d-95ab-4668-bda9-693c1c0255f0-2916","study_id":0,"datetime_start":"2026-10-06T01:15:18.467789"}
{"op_code":5,"worker_id":"c3d9701d-95ab-4668-bda9-693c1c0255f0-2916","trial_id":12,"param_name":"learning-rate","param_value_internal":0.0003333991503448507,"distribution":"{\"name\": \"FloatDistribution\", \"attributes\": {\"step\": null, \"low\": 0.0001, \"high\": 0.003, \"log\": true}}"}
{"op_code":5,"worker_id":"c3d9701d-95ab-4668-bda9-693c1c0255f0-2916","trial_id":12,"param_name":"rollout-size","param_value_internal":1,"distribution":"{\"name\": \"CategoricalDistribution\", \"attributes\": {\"choices\": [20, 80, 320]}}"}
{"op_code":5,"worker_id":"c3d9701d-95ab-4668-bda9-693c1c0255f0-2916","trial_id":12,"param_name":"gamma","param_value_internal":2,"distribution":"{\"name\": \"CategoricalDistribution\", \"attributes\": {\"choices\": [0.99, 0.995, 0.999]}}"}
{"op_code":5,"worker_id":"c3d9701d-95ab-4668-bda9-693c1c0255f0-2916","trial_id":12,"param_name":"gae-lambda","param_value_internal":2,"distribution":"{\"name\": \"CategoricalDistribution\", \"attributes\": {\"choices\": [0.9, 0.95, 1.0]}}"}
{"op_code":5,"worker_id":"c3d9701d-95ab-4668-bda9-693c1c0255f0-2916","trial_id":12,"param_name":"ent-coef","param_value_internal":0.0002873222229374771,"distribution":"{\"name\": \"FloatDistribution\", \"attributes\": {\"step\": null, \"low\": 0.0001, \"high\": 0.03, \"log\": true}}"}
{"op_code":8,"worker_id":"c3d9701d-95ab-4668-bda9-693c1c0255f0-2916","trial_id":12,"user_attr":{"train_argv":"--option 0 --reward-mode objective --objectives tardiness_sq --lambda-late 1.0 --lambda-energy 1.0 --power-model linear --difficulty off_tf05 --timesteps 100000 --save-tag tune_off_tf05_o0pnm_a2c_t12 --n-envs 4 --vec-backend subproc --seed 0 --algo a2c --markov-obs --work-conserving --policy-arch pointer --learning-rate 0.000333399 --rollout-size 80 --gamma 0.999 --gae-lambda 1 --ent-coef 0.000287322"}}
{"op_code":7,"worker_id":"c3d9701d-95ab-4668-bda9-693c1c0255f0-2916","trial_id":12,"step":25000,"intermediate_value":205713.6}
{"op_code":6,"worker_id":"c3d9701d-95ab-4668-bda9-693c1c0255f0-2916","trial_id":12,"state":2,"values":[205713.6],"datetime_complete":"2026-10-06T01:15:47.269157"}
{"op_code":4,"worker_id":"c3d9701d-95ab-4668-bda9-693c1c0255f0-2916","study_id":0,"datetime_start":"2026-10-06T01:15:47.499826"}
{"op_code":5,"worker_id":"c3d9701d-95ab-4668-bda9-693c1c0255f0-2916","trial_id":13,"param_name":"learning-rate","param_value_internal":0.0011279354181681707,"distribution":"{\"name\": \"FloatDistribution\", \"attributes\": {\"step\": null, \"low\": 0.0001, \"high\": 0.003, \"log\": true}}"}
{"op_code":5,"worker_id":"c3d9701d-95ab-4668-bda9-693c1c0255f0-2916","trial_id":13,"param_name":"rollout-size","param_value_internal":1,"distribution":"{\"name\": \"CategoricalDistribution\", \"attributes\": {\"choices\": [20, 80, 320]}}"}
{"op_code":5,"worker_id":"c3d9701d-95ab-4668-bda9-693c1c0255f0-2916","trial_id":13,"param_name":"gamma","param_value_internal":2,"distribution":"{\"name\": \"CategoricalDistribution\", \"attributes\": {\"choices\": [0.99, 0.995, 0.999]}}"}
{"op_code":5,"worker_id":"c3d9701d-95ab-4668-bda9-693c1c0255f0-2916","trial_id":13,"param_name":"gae-lambda","param_value_internal":2,"distribution":"{\"name\": \"CategoricalDistribution\", \"attributes\": {\"choices\": [0.9, 0.95, 1.0]}}"}
{"op_code":5,"worker_id":"c3d9701d-95ab-4668-bda9-693c1c0255f0-2916","trial_id":13,"param_name":"ent-coef","param_value_internal":0.0035758805389351283,"distribution":"{\"name\": \"FloatDistribution\", \"attributes\": {\"step\": null, \"low\": 0.0001, \"high\": 0.03, \"log\": true}}"}
{"op_code":8,"worker_id":"c3d9701d-95ab-4668-bda9-693c1c0255f0-2916","trial_id":13,"user_attr":{"train_argv":"--option 0 --reward-mode objective --objectives tardiness_sq --lambda-late 1.0 --lambda-energy 1.0 --power-model linear --difficulty off_tf05 --timesteps 100000 --save-tag tune_off_tf05_o0pnm_a2c_t13 --n-envs 4 --vec-backend subproc --seed 0 --algo a2c --markov-obs --work-conserving --policy-arch pointer --learning-rate 0.00112794 --rollout-size 80 --gamma 0.999 --gae-lambda 1 --ent-coef 0.00357588"}}
{"op_code":7,"worker_id":"c3d9701d-95ab-4668-bda9-693c1c0255f0-2916","trial_id":13,"step":25000,"intermediate_value":193387.6}
{"op_code":7,"worker_id":"c3d9701d-95ab-4668-bda9-693c1c0255f0-2916","trial_id":13,"step":50000,"intermediate_value":207870.6}
{"op_code":7,"worker_id":"c3d9701d-95ab-4668-bda9-693c1c0255f0-2916","trial_id":13,"step":75000,"intermediate_value":185554.2}
{"op_code":6,"worker_id":"c3d9701d-95ab-4668-bda9-693c1c0255f0-2916","trial_id":13,"state":1,"values":[219877.15],"datetime_complete":"2026-10-06T01:17:29.415893"}
{"op_code":4,"worker_id":"c3d9701d-95ab-4668-bda9-693c1c0255f0-2916","study_id":0,"datetime_start":"2026-10-06T01:17:29.626187"}
{"op_code":5,"worker_id":"c3d9701d-95ab-4668-bda9-693c1c0255f0-2916","trial_id":14,"param_name":"learning-rate","param_value_internal":0.00032780980430322307,"distribution":"{\"name\": \"FloatDistribution\", \"attributes\": {\"step\": null, \"low\": 0.0001, \"high\": 0.003, \"log\": true}}"}
{"op_code":5,"worker_id":"c3d9701d-95ab-4668-bda9-693c1c0255f0-2916","trial_id":14,"param_name":"rollout-size","param_value_internal":2,"distribution":"{\"name\": \"CategoricalDistribution\", \"attributes\": {\"choices\": [20, 80, 320]}}"}
{"op_code":5,"worker_id":"c3d9701d-95ab-4668-bda9-693c1c0255f0-2916","trial_id":14,"param_name":"gamma","param_value_internal":2,"distribution":"{\"name\": \"CategoricalDistribution\", \"attributes\": {\"choices\": [0.99, 0.995, 0.999]}}"}
{"op_code":5,"worker_id":"c3d9701d-95ab-4668-bda9-693c1c0255f0-2916","trial_id":14,"param_name":"gae-lambda","param_value_internal":1,"distribution":"{\"name\": \"CategoricalDistribution\", \"attributes\": {\"choices\": [0.9, 0.95, 1.0]}}"}
{"op_code":5,"worker_id":"c3d9701d-95ab-4668-bda9-693c1c0255f0-2916","trial_id":14,"param_name":"ent-coef","param_value_internal":0.021381872388402105,"distribution":"{\"name\": \"FloatDistribution\", \"attributes\": {\"step\": null, \"low\": 0.0001, \"high\": 0.03, \"log\": true}}"}
{"op_code":8,"worker_id":"c3d9701d-95ab-4668-bda9-693c1c0255f0-2916","trial_id":14,"user_attr":{"train_argv":"--option 0 --reward-mode objective --objectives tardiness_sq --lambda-late 1.0 --lambda-energy 1.0 --power-model linear --difficulty off_tf05 --timesteps 100000 --save-tag tune_off_tf05_o0pnm_a2c_t14 --n-envs 4 --vec-backend subproc --seed 0 --algo a2c --markov-obs --work-conserving --policy-arch pointer --learning-rate 0.00032781 --rollout-size 320 --gamma 0.999 --gae-lambda 0.95 --ent-coef 0.0213819"}}
{"op_code":7,"worker_id":"c3d9701d-95ab-4668-bda9-693c1c0255f0-2916","trial_id":14,"step":25000,"intermediate_value":182778.2}
{"op_code":7,"worker_id":"c3d9701d-95ab-4668-bda9-693c1c0255f0-2916","trial_id":14,"step":50000,"intermediate_value":157825.0}
{"op_code":7,"worker_id":"c3d9701d-95ab-4668-bda9-693c1c0255f0-2916","trial_id":14,"step":75000,"intermediate_value":158163.6}
{"op_code":6,"worker_id":"c3d9701d-95ab-4668-bda9-693c1c0255f0-2916","trial_id":14,"state":1,"values":[158247.7],"datetime_complete":"2026-10-06T01:19:10.351136"}
{"op_code":4,"worker_id":"c3d9701d-95ab-4668-bda9-693c1c0255f0-2916","study_id":0,"datetime_start":"2026-10-06T01:19:10.578873"}
{"op_code":5,"worker_id":"c3d9701d-95ab-4668-bda9-693c1c0255f0-2916","trial_id":15,"param_name":"learning-rate","param_value_internal":0.0003287391485030043,"distribution":"{\"name\": \"FloatDistribution\", \"attributes\": {\"step\": null, \"low\": 0.0001, \"high\": 0.003, \"log\": true}}"}
{"op_code":5,"worker_id":"c3d9701d-95ab-4668-bda9-693c1c0255f0-2916","trial_id":15,"param_name":"rollout-size","param_value_internal":2,"distribution":"{\"name\": \"CategoricalDistribution\", \"attributes\": {\"choices\": [20, 80, 320]}}"}
{"op_code":5,"worker_id":"c3d9701d-95ab-4668-bda9-693c1c0255f0-2916","trial_id":15,"param_name":"gamma","param_value_internal":2,"distribution":"{\"name\": \"CategoricalDistribution\", \"attributes\": {\"choices\": [0.99, 0.995, 0.999]}}"}
{"op_code":5,"worker_id":"c3d9701d-95ab-4668-bda9-693c1c0255f0-2916","trial_id":15,"param_name":"gae-lambda","param_value_internal":1,"distribution":"{\"name\": \"CategoricalDistribution\", \"attributes\": {\"choices\": [0.9, 0.95, 1.0]}}"}
{"op_code":5,"worker_id":"c3d9701d-95ab-4668-bda9-693c1c0255f0-2916","trial_id":15,"param_name":"ent-coef","param_value_internal":0.029731628343256638,"distribution":"{\"name\": \"FloatDistribution\", \"attributes\": {\"step\": null, \"low\": 0.0001, \"high\": 0.03, \"log\": true}}"}
{"op_code":8,"worker_id":"c3d9701d-95ab-4668-bda9-693c1c0255f0-2916","trial_id":15,"user_attr":{"train_argv":"--option 0 --reward-mode objective --objectives tardiness_sq --lambda-late 1.0 --lambda-energy 1.0 --power-model linear --difficulty off_tf05 --timesteps 100000 --save-tag tune_off_tf05_o0pnm_a2c_t15 --n-envs 4 --vec-backend subproc --seed 0 --algo a2c --markov-obs --work-conserving --policy-arch pointer --learning-rate 0.000328739 --rollout-size 320 --gamma 0.999 --gae-lambda 0.95 --ent-coef 0.0297316"}}
{"op_code":7,"worker_id":"c3d9701d-95ab-4668-bda9-693c1c0255f0-2916","trial_id":15,"step":25000,"intermediate_value":177545.6}
{"op_code":7,"worker_id":"c3d9701d-95ab-4668-bda9-693c1c0255f0-2916","trial_id":15,"step":50000,"intermediate_value":91699.0}
{"op_code":7,"worker_id":"c3d9701d-95ab-4668-bda9-693c1c0255f0-2916","trial_id":15,"step":75000,"intermediate_value":93457.8}
{"op_code":6,"worker_id":"c3d9701d-95ab-4668-bda9-693c1c0255f0-2916","trial_id":15,"state":1,"values":[113300.0],"datetime_complete":"2026-10-06T01:20:51.551891"}
{"op_code":4,"worker_id":"c3d9701d-95ab-4668-bda9-693c1c0255f0-2916","study_id":0,"datetime_start":"2026-10-06T01:20:51.782445"}
{"op_code":5,"worker_id":"c3d9701d-95ab-4668-bda9-693c1c0255f0-2916","trial_id":16,"param_name":"learning-rate","param_value_internal":0.00030492324132039153,"distribution":"{\"name\": \"FloatDistribution\", \"attributes\": {\"step\": null, \"low\": 0.0001, \"high\": 0.003, \"log\": true}}"}
{"op_code":5,"worker_id":"c3d9701d-95ab-4668-bda9-693c1c0255f0-2916","trial_id":16,"param_name":"rollout-size","param_value_internal":2,"distribution":"{\"name\": \"CategoricalDistribution\", \"attributes\": {\"choices\": [20, 80, 320]}}"}
{"op_code":5,"worker_id":"c3d9701d-95ab-4668-bda9-693c1c0255f0-2916","trial_id":16,"param_name":"gamma","param_value_internal":0,"distribution":"{\"name\": \"CategoricalDistribution\", \"attributes\": {\"choices\": [0.99, 0.995, 0.999]}}"}
{"op_code":5,"worker_id":"c3d9701d-95ab-4668-bda9-693c1c0255f0-2916","trial_id":16,"param_name":"gae-lambda","param_value_internal":1,"distribution":"{\"name\": \"CategoricalDistribution\", \"attributes\": {\"choices\": [0.9, 0.95, 1.0]}}"}
{"op_code":5,"worker_id":"c3d9701d-95ab-4668-bda9-693c1c0255f0-2916","trial_id":16,"param_name":"ent-coef","param_value_internal":0.02748923557124367,"distribution":"{\"name\": \"FloatDistribution\", \"attributes\": {\"step\": null, \"low\": 0.0001, \"high\": 0.03, \"log\": true}}"}
{"op_code":8,"worker_id":"c3d9701d-95ab-4668-bda9-693c1c0255f0-2916","trial_id":16,"user_attr":{"train_argv":"--option 0 --reward-mode objective --objectives tardiness_sq --lambda-late 1.0 --lambda-energy 1.0 --power-model linear --difficulty off_tf05 --timesteps 100000 --save-tag tune_off_tf05_o0pnm_a2c_t16 --n-envs 4 --vec-backend subproc --seed 0 --algo a2c --markov-obs --work-conserving --policy-arch pointer --learning-rate 0.000304923 --rollout-size 320 --gamma 0.99 --gae-lambda 0.95 --ent-coef 0.0274892"}}
{"op_code":7,"worker_id":"c3d9701d-95ab-4668-bda9-693c1c0255f0-2916","trial_id":16,"step":25000,"intermediate_value":233554.8}
{"op_code":6,"worker_id":"c3d9701d-95ab-4668-bda9-693c1c0255f0-2916","trial_id":16,"state":2,"values":[233554.8],"datetime_complete":"2026-10-06T01:21:19.824277"}
{"op_code":4,"worker_id":"c3d9701d-95ab-4668-bda9-693c1c0255f0-2916","study_id":0,"datetime_start":"2026-10-06T01:21:20.050892"}
{"op_code":5,"worker_id":"c3d9701d-95ab-4668-bda9-693c1c0255f0-2916","trial_id":17,"param_name":"learning-rate","param_value_internal":0.0002937288884992913,"distribution":"{\"name\": \"FloatDistribution\", \"attributes\": {\"step\": null, \"low\": 0.0001, \"high\": 0.003, \"log\": true}}"}
{"op_code":5,"worker_id":"c3d9701d-95ab-4668-bda9-693c1c0255f0-2916","trial_id":17,"param_name":"rollout-size","param_value_internal":2,"distribution":"{\"name\": \"CategoricalDistribution\", \"attributes\": {\"choices\": [20, 80, 320]}}"}
{"op_code":5,"worker_id":"c3d9701d-95ab-4668-bda9-693c1c0255f0-2916","trial_id":17,"param_name":"gamma","param_value_internal":2,"distribution":"{\"name\": \"CategoricalDistribution\", \"attributes\": {\"choices\": [0.99, 0.995, 0.999]}}"}
{"op_code":5,"worker_id":"c3d9701d-95ab-4668-bda9-693c1c0255f0-2916","trial_id":17,"param_name":"gae-lambda","param_value_internal":1,"distribution":"{\"name\": \"CategoricalDistribution\", \"attributes\": {\"choices\": [0.9, 0.95, 1.0]}}"}
{"op_code":5,"worker_id":"c3d9701d-95ab-4668-bda9-693c1c0255f0-2916","trial_id":17,"param_name":"ent-coef","param_value_internal":0.015944795571934525,"distribution":"{\"name\": \"FloatDistribution\", \"attributes\": {\"step\": null, \"low\": 0.0001, \"high\": 0.03, \"log\": true}}"}
{"op_code":8,"worker_id":"c3d9701d-95ab-4668-bda9-693c1c0255f0-2916","trial_id":17,"user_attr":{"train_argv":"--option 0 --reward-mode objective --objectives tardiness_sq --lambda-late 1.0 --lambda-energy 1.0 --power-model linear --difficulty off_tf05 --timesteps 100000 --save-tag tune_off_tf05_o0pnm_a2c_t17 --n-envs 4 --vec-backend subproc --seed 0 --algo a2c --markov-obs --work-conserving --policy-arch pointer --learning-rate 0.000293729 --rollout-size 320 --gamma 0.999 --gae-lambda 0.95 --ent-coef 0.0159448"}}
{"op_code":7,"worker_id":"c3d9701d-95ab-4668-bda9-693c1c0255f0-2916","trial_id":17,"step":25000,"intermediate_value":225376.0}
{"op_code":6,"worker_id":"c3d9701d-95ab-4668-bda9-693c1c0255f0-2916","trial_id":17,"state":2,"values":[225376.0],"datetime_complete":"2026-10-06T01:21:47.064433"}
{"op_code":4,"worker_id":"c3d9701d-95ab-4668-bda9-693c1c0255f0-2916","study_id":0,"datetime_start":"2026-10-06T01:21:47.229606"}
{"op_code":5,"worker_id":"c3d9701d-95ab-4668-bda9-693c1c0255f0-2916","trial_id":18,"param_name":"learning-rate","param_value_internal":0.00022232269034490361,"distribution":"{\"name\": \"FloatDistribution\", \"attributes\": {\"step\": null, \"low\": 0.0001, \"high\": 0.003, \"log\": true}}"}
{"op_code":5,"worker_id":"c3d9701d-95ab-4668-bda9-693c1c0255f0-2916","trial_id":18,"param_name":"rollout-size","param_value_internal":2,"distribution":"{\"name\": \"CategoricalDistribution\", \"attributes\": {\"choices\": [20, 80, 320]}}"}
{"op_code":5,"worker_id":"c3d9701d-95ab-4668-bda9-693c1c0255f0-2916","trial_id":18,"param_name":"gamma","param_value_internal":2,"distribution":"{\"name\": \"CategoricalDistribution\", \"attributes\": {\"choices\": [0.99, 0.995, 0.999]}}"}
{"op_code":5,"worker_id":"c3d9701d-95ab-4668-bda9-693c1c0255f0-2916","trial_id":18,"param_name":"gae-lambda","param_value_internal":1,"distribution":"{\"name\": \"CategoricalDistribution\", \"attributes\": {\"choices\": [0.9, 0.95, 1.0]}}"}
{"op_code":5,"worker_id":"c3d9701d-95ab-4668-bda9-693c1c0255f0-2916","trial_id":18,"param_name":"ent-coef","param_value_internal":0.005334409758061224,"distribution":"{\"name\": \"FloatDistribution\", \"attributes\": {\"step\": null, \"low\": 0.0001, \"high\": 0.03, \"log\": true}}"}
{"op_code":8,"worker_id":"c3d9701d-95ab-4668-bda9-693c1c0255f0-2916","trial_id":18,"user_attr":{"train_argv":"--option 0 --reward-mode objective --objectives tardiness_sq --lambda-late 1.0 --lambda-energy 1.0 --power-model linear --difficulty off_tf05 --timesteps 100000 --save-tag tune_off_tf05_o0pnm_a2c_t18 --n-envs 4 --vec-backend subproc --seed 0 --algo a2c --markov-obs --work-conserving --policy-arch pointer --learning-rate 0.000222323 --rollout-size 320 --gamma 0.999 --gae-lambda 0.95 --ent-coef 0.00533441"}}
{"op_code":7,"worker_id":"c3d9701d-95ab-4668-bda9-693c1c0255f0-2916","trial_id":18,"step":25000,"intermediate_value":226011.2}
{"op_code":6,"worker_id":"c3d9701d-95ab-4668-bda9-693c1c0255f0-2916","trial_id":18,"state":2,"values":[226011.2],"datetime_complete":"2026-10-06T01:22:14.092792"}
{"op_code":4,"worker_id":"c3d9701d-95ab-4668-bda9-693c1c0255f0-2916","study_id":0,"datetime_start":"2026-10-06T01:22:14.284825"}
{"op_code":5,"worker_id":"c3d9701d-95ab-4668-bda9-693c1c0255f0-2916","trial_id":19,"param_name":"learning-rate","param_value_internal":0.0004223295095608246,"distribution":"{\"name\": \"FloatDistribution\", \"attributes\": {\"step\": null, \"low\": 0.0001, \"high\": 0.003, \"log\": true}}"}
{"op_code":5,"worker_id":"c3d9701d-95ab-4668-bda9-693c1c0255f0-2916","trial_id":19,"param_name":"rollout-size","param_value_internal":2,"distribution":"{\"name\": \"CategoricalDistribution\", \"attributes\": {\"choices\": [20, 80, 320]}}"}
{"op_code":5,"worker_id":"c3d9701d-95ab-4668-bda9-693c1c0255f0-2916","trial_id":19,"param_name":"gamma","param_value_internal":0,"distribution":"{\"name\": \"CategoricalDistribution\", \"attributes\": {\"choices\": [0.99, 0.995, 0.999]}}"}
{"op_code":5,"worker_id":"c3d9701d-95ab-4668-bda9-693c1c0255f0-2916","trial_id":19,"param_name":"gae-lambda","param_value_internal":1,"distribution":"{\"name\": \"CategoricalDistribution\", \"attributes\": {\"choices\": [0.9, 0.95, 1.0]}}"}
{"op_code":5,"worker_id":"c3d9701d-95ab-4668-bda9-693c1c0255f0-2916","trial_id":19,"param_name":"ent-coef","param_value_internal":0.02728973221503266,"distribution":"{\"name\": \"FloatDistribution\", \"attributes\": {\"step\": null, \"low\": 0.0001, \"high\": 0.03, \"log\": true}}"}
{"op_code":8,"worker_id":"c3d9701d-95ab-4668-bda9-693c1c0255f0-2916","trial_id":19,"user_attr":{"train_argv":"--option 0 --reward-mode objective --objectives tardiness_sq --lambda-late 1.0 --lambda-energy 1.0 --power-model linear --difficulty off_tf05 --timesteps 100000 --save-tag tune_off_tf05_o0pnm_a2c_t19 --n-envs 4 --vec-backend subproc --seed 0 --algo a2c --markov-obs --work-conserving --policy-arch pointer --learning-rate 0.00042233 --rollout-size 320 --gamma 0.99 --gae-lambda 0.95 --ent-coef 0.0272897"}}
{"op_code":7,"worker_id":"c3d9701d-95ab-4668-bda9-693c1c0255f0-2916","trial_id":19,"step":25000,"intermediate_value":178864.8}
{"op_code":7,"worker_id":"c3d9701d-95ab-4668-bda9-693c1c0255f0-2916","trial_id":19,"step":50000,"intermediate_value":179357.2}
{"op_code":7,"worker_id":"c3d9701d-95ab-4668-bda9-693c1c0255f0-2916","trial_id":19,"step":75000,"intermediate_value":180265.6}
{"op_code":6,"worker_id":"c3d9701d-95ab-4668-bda9-693c1c0255f0-2916","trial_id":19,"state":1,"values":[182506.85],"datetime_complete":"2026-10-06T01:23:56.590002"}
{"op_code":0,"worker_id":"c5102cdf-9cd2-4df5-9692-9d5d662118c3-31748","study_name":"off_tf05_o0pnm_a2c","directions":[1]}
{"op_code":0,"worker_id":"18ae5c9c-663b-437b-8d0b-d0ed0c93df76-32928","study_name":"off_tf05_o0pnm_a2c","directions":[1]}
{"op_code":0,"worker_id":"bb03de15-3b18-4efa-b2ae-df51d35df149-34464","study_name":"off_tf05_o0pnm_a2c","directions":[1]}
{"op_code":0,"worker_id":"3e6a2252-d8a6-4785-89c6-c76ca716bdf5-7220","study_name":"off_tf05_o0pnm_a2c","directions":[1]}
{"op_code":0,"worker_id":"59e46e6f-e401-49e1-bebb-7165cf4aed6f-4620","study_name":"off_tf05_o0pnm_a2c","directions":[1]}
{"op_code":0,"worker_id":"417f5b5b-59b1-4dd6-b9a8-9a538a0dcd85-29112","study_name":"off_tf05_o0pnm_a2c","directions":[1]}
{"op_code":0,"worker_id":"e8d346b8-456e-48e8-8d39-a2bd3e8f2e2b-17656","study_name":"off_tf05_o0pnm_a2c","directions":[1]}
{"op_code":0,"worker_id":"90288b5e-7d7c-45da-9c06-79e954196860-4492","study_name":"off_tf05_o0pnm_a2c","directions":[1]}
