{"op_code":0,"worker_id":"4f63ed72-72d5-4455-9407-e2e7238bd2b3-17976","study_name":"on_rho095_o1cnm_a2c","directions":[1]}
{"op_code":4,"worker_id":"4f63ed72-72d5-4455-9407-e2e7238bd2b3-17976","study_id":0,"datetime_start":"2026-10-06T02:56:17.404732"}
{"op_code":5,"worker_id":"4f63ed72-72d5-4455-9407-e2e7238bd2b3-17976","trial_id":0,"param_name":"learning-rate","param_value_internal":0.0006466422717414558,"distribution":"{\"name\": \"FloatDistribution\", \"attributes\": {\"step\": null, \"low\": 0.0001, \"high\": 0.003, \"log\": true}}"}
{"op_code":5,"worker_id":"4f63ed72-72d5-4455-9407-e2e7238bd2b3-17976","trial_id":0,"param_name":"rollout-size","param_value_internal":0,"distribution":"{\"name\": \"CategoricalDistribution\", \"attributes\": {\"choices\": [20, 80, 320]}}"}
{"op_code":5,"worker_id":"4f63ed72-72d5-4455-9407-e2e7238bd2b3-17976","trial_id":0,"param_name":"gamma","param_value_internal":1,"distribution":"{\"name\": \"CategoricalDistribution\", \"attributes\": {\"choices\": [0.99, 0.995, 0.999]}}"}
{"op_code":5,"worker_id":"4f63ed72-72d5-4455-9407-e2e7238bd2b3-17976","trial_id":0,"param_name":"gae-lambda","param_value_internal":1,"distribution":"{\"name\": \"CategoricalDistribution\", \"attributes\": {\"choices\": [0.9, 0.95, 1.0]}}"}
{"op_code":5,"worker_id":"4f63ed72-72d5-4455-9407-e2e7238bd2b3-17976","trial_id":0,"param_name":"ent-coef","param_value_internal":0.009145320282946534,"distribution":"{\"name\": \"FloatDistribution\", \"attributes\": {\"step\": null, \"low\": 0.0001, \"high\": 0.03, \"log\": true}}"}
{"op_code":8,"worker_id":"4f63ed72-72d5-4455-9407-e2e7238bd2b3-17976","trial_id":0,"user_attr":{"train_argv":"--option 1 --reward-mode objective --objectives tardiness_sq --lambda-late 1.0 --lambda-energy 1.0 --power-model linear --difficulty on_rho095 --timesteps 100000 --save-tag tune_on_rho095_o1cnm_a2c_t0 --n-envs 4 --vec-backend subproc --seed 0 --rule-placements FirstFit,Consolidate --algo a2c --markov-obs --work-conserving --learning-rate 0.000646642 --rollout-size 20 --gamma 0.995 --gae-lambda 0.95 --ent-coef 0.00914532"}}
{"op_code":7,"worker_id":"4f63ed72-72d5-4455-9407-e2e7238bd2b3-17976","trial_id":0,"step":25000,"intermediate_value":45502.8}
{"op_code":7,"worker_id":"4f63ed72-72d5-4455-9407-e2e7238bd2b3-17976","trial_id":0,"step":50000,"intermediate_value":27277.0}
{"op_code":7,"worker_id":"4f63ed72-72d5-4455-9407-e2e7238bd2b3-17976","trial_id":0,"step":75000,"intermediate_value":166137.8}
{"op_code":6,"worker_id":"4f63ed72-72d5-4455-9407-e2e7238bd2b3-17976","trial_id":0,"state":1,"values":[189647.55],"datetime_complete":"2026-10-06T02:58:50.244799"}
{"op_code":4,"worker_id":"4f63ed72-72d5-4455-9407-e2e7238bd2b3-17976","study_id":0,"datetime_start":"2026-10-06T02:58:50.439103"}
{"op_code":5,"worker_id":"4f63ed72-72d5-4455-9407-e2e7238bd2b3-17976","trial_id":1,"param_name":"learning-rate","param_value_internal":0.0006042851578845063,"distribution":"{\"name\": \"FloatDistribution\", \"attributes\": {\"step\": null, \"low\": 0.0001, \"high\": 0.003, \"log\": true}}"}
{"op_code":5,"worker_id":"4f63ed72-72d5-4455-9407-e2e7238bd2b3-17976","trial_id":1,"param_name":"rollout-size","param_value_internal":1,"distribution":"{\"name\": \"CategoricalDistribution\", \"attributes\": {\"choices\": [20, 80, 320]}}"}
{"op_code":5,"worker_id":"4f63ed72-72d5-4455-9407-e2e7238bd2b3-17976","trial_id":1,"param_name":"gamma","param_value_internal":2,"distribution":"{\"name\": \"CategoricalDistribution\", \"attributes\": {\"choices\": [0.99, 0.995, 0.999]}}"}
{"op_code":5,"worker_id":"4f63ed72-72d5-4455-9407-e2e7238bd2b3-17976","trial_id":1,"param_name":"gae-lambda","param_value_internal":2,"distribution":"{\"name\": \"CategoricalDistribution\", \"attributes\": {\"choices\": [0.9, 0.95, 1.0]}}"}
{"op_code":5,"worker_id":"4f63ed72-72d5-4455-9407-e2e7238bd2b3-17976","trial_id":1,"param_name":"ent-coef","param_value_internal":0.009541412354586892,"distribution":"{\"name\": \"FloatDistribution\", \"attributes\": {\"step\": null, \"low\": 0.0001, \"high\": 0.03, \"log\": true}}"}
{"op_code":8,"worker_id":"4f63ed72-72d5-4455-9407-e2e7238bd2b3-17976","trial_id":1,"user_attr":{"train_argv":"--option 1 --reward-mode objective --objectives tardiness_sq --lambda-late 1.0 --lambda-energy 1.0 --power-model linear --difficulty on_rho095 --timesteps 100000 --save-tag tune_on_rho095_o1cnm_a2c_t1 --n-envs 4 --vec-backend subproc --seed 0 --rule-placements FirstFit,Consolidate --algo a2c --markov-obs --work-conserving --learning-rate 0.000604285 --rollout-size 80 --gamma 0.999 --gae-lambda 1 --ent-coef 0.00954141"}}
{"op_code":7,"worker_id":"4f63ed72-72d5-4455-9407-e2e7238bd2b3-17976","trial_id":1,"step":25000,"intermediate_value":19906.4}
{"op_code":7,"worker_id":"4f63ed72-72d5-4455-9407-e2e7238bd2b3-17976","trial_id":1,"step":50000,"intermediate_value":19906.4}
{"op_code":7,"worker_id":"4f63ed72-72d5-4455-9407-e2e7238bd2b3-17976","trial_id":1,"step":75000,"intermediate_value":100738.0}
{"op_code":6,"worker_id":"4f63ed72-72d5-4455-9407-e2e7238bd2b3-17976","trial_id":1,"state":1,"values":[41763.25],"datetime_complete":"2026-10-06T03:00:50.782184"}
{"op_code":4,"worker_id":"4f63ed72-72d5-4455-9407-e2e7238bd2b3-17976","study_id":0,"datetime_start":"2026-10-06T03:00:51.003966"}
{"op_code":5,"worker_id":"4f63ed72-72d5-4455-9407-e2e7238bd2b3-17976","trial_id":2,"param_name":"learning-rate","param_value_internal":0.0004804641349751479,"distribution":"{\"name\": \"FloatDistribution\", \"attributes\": {\"step\": null, \"low\": 0.0001, \"high\": 0.003, \"log\": true}}"}
{"op_code":5,"worker_id":"4f63ed72-72d5-4455-9407-e2e7238bd2b3-17976","trial_id":2,"param_name":"rollout-size","param_value_internal":0,"distribution":"{\"name\": \"CategoricalDistribution\", \"attributes\": {\"choices\": [20, 80, 320]}}"}
{"op_code":5,"worker_id":"4f63ed72-72d5-4455-9407-e2e7238bd2b3-17976","trial_id":2,"param_name":"gamma","param_value_internal":1,"distribution":"{\"name\": \"CategoricalDistribution\", \"attributes\": {\"choices\": [0.99, 0.995, 0.999]}}"}
{"op_code":5,"worker_id":"4f63ed72-72d5-4455-9407-e2e7238bd2b3-17976","trial_id":2,"param_name":"gae-lambda","param_value_internal":2,"distribution":"{\"name\": \"CategoricalDistribution\", \"attributes\": {\"choices\": [0.9, 0.95, 1.0]}}"}
{"op_code":5,"worker_id":"4f63ed72-72d5-4455-9407-e2e7238bd2b3-17976","trial_id":2,"param_name":"ent-coef","param_value_internal":0.001348775545730254,"distribution":"{\"name\": \"FloatDistribution\", \"attributes\": {\"step\": null, \"low\": 0.0001, \"high\": 0.03, \"log\": true}}"}
{"op_code":8,"worker_id":"4f63ed72-72d5-4455-9407-e2e7238bd2b3-17976","trial_id":2,"user_attr":{"train_argv":"--option 1 --reward-mode objective --objectives tardiness_sq --lambda-late 1.0 --lambda-energy 1.0 --power-model linear --difficulty on_rho095 --timesteps 100000 --save-tag tune_on_rho095_o1cnm_a2c_t2 --n-envs 4 --vec-backend subproc --seed 0 --rule-placements FirstFit,Consolidate --algo a2c --markov-obs --work-conserving --learning-rate 0.000480464 --rollout-size 20 --gamma 0.995 --gae-lambda 1 --ent-coef 0.00134878"}}
{"op_code":7,"worker_id":"4f63ed72-72d5-4455-9407-e2e7238bd2b3-17976","trial_id":2,"step":25000,"intermediate_value":19906.4}
{"op_code":7,"worker_id":"4f63ed72-72d5-4455-9407-e2e7238bd2b3-17976","trial_id":2,"step":50000,"intermediate_value":24946.8}
{"op_code":7,"worker_id":"4f63ed72-72d5-4455-9407-e2e7238bd2b3-17976","trial_id":2,"step":75000,"intermediate_value":166940.6}
{"op_code":6,"worker_id":"4f63ed72-72d5-4455-9407-e2e7238bd2b3-17976","trial_id":2,"state":1,"values":[44416.0],"datetime_complete":"2026-10-06T03:03:30.631241"}
{"op_code":4,"worker_id":"4f63ed72-72d5-4455-9407-e2e7238bd2b3-17976","study_id":0,"datetime_start":"2026-10-06T03:03:30.951245"}
{"op_code":5,"worker_id":"4f63ed72-72d5-4455-9407-e2e7238bd2b3-17976","trial_id":3,"param_name":"learning-rate","param_value_internal":0.0006912670683424538,"distribution":"{\"name\": \"FloatDistribution\", \"attributes\": {\"step\": null, \"low\": 0.0001, \"high\": 0.003, \"log\": true}}"}
{"op_code":5,"worker_id":"4f63ed72-72d5-4455-9407-e2e7238bd2b3-17976","trial_id":3,"param_name":"rollout-size","param_value_internal":1,"distribution":"{\"name\": \"CategoricalDistribution\", \"attributes\": {\"choices\": [20, 80, 320]}}"}
{"op_code":5,"worker_id":"4f63ed72-72d5-4455-9407-e2e7238bd2b3-17976","trial_id":3,"param_name":"gamma","param_value_internal":1,"distribution":"{\"name\": \"CategoricalDistribution\", \"attributes\": {\"choices\": [0.99, 0.995, 0.999]}}"}
{"op_code":5,"worker_id":"4f63ed72-72d5-4455-9407-e2e7238bd2b3-17976","trial_id":3,"param_name":"gae-lambda","param_value_internal":2,"distribution":"{\"name\": \"CategoricalDistribution\", \"attributes\": {\"choices\": [0.9, 0.95, 1.0]}}"}
{"op_code":5,"worker_id":"4f63ed72-72d5-4455-9407-e2e7238bd2b3-17976","trial_id":3,"param_name":"ent-coef","param_value_internal":0.00014098918363046996,"distribution":"{\"name\": \"FloatDistribution\", \"attributes\": {\"step\": null, \"low\": 0.0001, \"high\": 0.03, \"log\": true}}"}
{"op_code":8,"worker_id":"4f63ed72-72d5-4455-9407-e2e7238bd2b3-17976","trial_id":3,"user_attr":{"train_argv":"--option 1 --reward-mode objective --objectives tardiness_sq --lambda-late 1.0 --lambda-energy 1.0 --power-model linear --difficulty on_rho095 --timesteps 100000 --save-tag tune_on_rho095_o1cnm_a2c_t3 --n-envs 4 --vec-backend subproc --seed 0 --rule-placements FirstFit,Consolidate --algo a2c --markov-obs --work-conserving --learning-rate 0.000691267 --rollout-size 80 --gamma 0.995 --gae-lambda 1 --ent-coef 0.000140989"}}
{"op_code":7,"worker_id":"4f63ed72-72d5-4455-9407-e2e7238bd2b3-17976","trial_id":3,"step":25000,"intermediate_value":166137.8}
{"op_code":7,"worker_id":"4f63ed72-72d5-4455-9407-e2e7238bd2b3-17976","trial_id":3,"step":50000,"intermediate_value":166137.8}
{"op_code":7,"worker_id":"4f63ed72-72d5-4455-9407-e2e7238bd2b3-17976","trial_id":3,"step":75000,"intermediate_value":166137.8}
{"op_code":6,"worker_id":"4f63ed72-72d5-4455-9407-e2e7238bd2b3-17976","trial_id":3,"state":1,"values":[189647.55],"datetime_complete":"2026-10-06T03:05:37.790946"}
{"op_code":4,"worker_id":"4f63ed72-72d5-4455-9407-e2e7238bd2b3-17976","study_id":0,"datetime_start":"2026-10-06T03:05:37.935561"}
{"op_code":5,"worker_id":"4f63ed72-72d5-4455-9407-e2e7238bd2b3-17976","trial_id":4,"param_name":"learning-rate","param_value_internal":0.0009658179826892162,"distribution":"{\"name\": \"FloatDistribution\", \"attributes\": {\"step\": null, \"low\": 0.0001, \"high\": 0.003, \"log\": true}}"}
{"op_code":5,"worker_id":"4f63ed72-72d5-4455-9407-e2e7238bd2b3-17976","trial_id":4,"param_name":"rollout-size","param_value_internal":0,"distribution":"{\"name\": \"CategoricalDistribution\", \"attributes\": {\"choices\": [20, 80, 320]}}"}
{"op_code":5,"worker_id":"4f63ed72-72d5-4455-9407-e2e7238bd2b3-17976","trial_id":4,"param_name":"gamma","param_value_internal":2,"distribution":"{\"name\": \"CategoricalDistribution\", \"attributes\": {\"choices\": [0.99, 0.995, 0.999]}}"}
{"op_code":5,"worker_id":"4f63ed72-72d5-4455-9407-e2e7238bd2b3-17976","trial_id":4,"param_name":"gae-lambda","param_value_internal":1,"distribution":"{\"name\": \"CategoricalDistribution\", \"attributes\": {\"choices\": [0.9, 0.95, 1.0]}}"}
{"op_code":5,"worker_id":"4f63ed72-72d5-4455-9407-e2e7238bd2b3-17976","trial_id":4,"param_name":"ent-coef","param_value_internal":0.00032916454639831516,"distribution":"{\"name\": \"FloatDistribution\", \"attributes\": {\"step\": null, \"low\": 0.0001, \"high\": 0.03, \"log\": true}}"}
{"op_code":8,"worker_id":"4f63ed72-72d5-4455-9407-e2e7238bd2b3-17976","trial_id":4,"user_attr":{"train_argv":"--option 1 --reward-mode objective --objectives tardiness_sq --lambda-late 1.0 --lambda-energy 1.0 --power-model linear --difficulty on_rho095 --timesteps 100000 --save-tag tune_on_rho095_o1cnm_a2c_t4 --n-envs 4 --vec-backend subproc --seed 0 --rule-placements FirstFit,Consolidate --algo a2c --markov-obs --work-conserving --learning-rate 0.000965818 --rollout-size 20 --gamma 0.999 --gae-lambda 0.95 --ent-coef 0.000329165"}}
{"op_code":7,"worker_id":"4f63ed72-72d5-4455-9407-e2e7238bd2b3-17976","trial_id":4,"step":25000,"intermediate_value":45660.0}
{"op_code":7,"worker_id":"4f63ed72-72d5-4455-9407-e2e7238bd2b3-17976","trial_id":4,"step":50000,"intermediate_value":192491.0}
{"op_code":7,"worker_id":"4f63ed72-72d5-4455-9407-e2e7238bd2b3-17976","trial_id":4,"step":75000,"intermediate_value":19906.4}
{"op_code":6,"worker_id":"4f63ed72-72d5-4455-9407-e2e7238bd2b3-17976","trial_id":4,"state":1,"values":[44416.0],"datetime_complete":"2026-10-06T03:08:17.671036"}
{"op_code":4,"worker_id":"4f63ed72-72d5-4455-9407-e2e7238bd2b3-17976","study_id":0,"datetime_start":"2026-10-06T03:08:17.914548"}
{"op_code":5,"worker_id":"4f63ed72-72d5-4455-9407-e2e7238bd2b3-17976","trial_id":5,"param_name":"learning-rate","param_value_internal":0.00017309069329908935,"distribution":"{\"name\": \"FloatDistribution\", \"attributes\": {\"step\": null, \"low\": 0.0001, \"high\": 0.003, \"log\": true}}"}
{"op_code":5,"worker_id":"4f63ed72-72d5-4455-9407-e2e7238bd2b3-17976","trial_id":5,"param_name":"rollout-size","param_value_internal":0,"distribution":"{\"name\": \"CategoricalDistribution\", \"attributes\": {\"choices\": [20, 80, 320]}}"}
{"op_code":5,"worker_id":"4f63ed72-72d5-4455-9407-e2e7238bd2b3-17976","trial_id":5,"param_name":"gamma","param_value_internal":0,"distribution":"{\"name\": \"CategoricalDistribution\", \"attributes\": {\"choices\": [0.99, 0.995, 0.999]}}"}
{"op_code":5,"worker_id":"4f63ed72-72d5-4455-9407-e2e7238bd2b3-17976","trial_id":5,"param_name":"gae-lambda","param_value_internal":0,"distribution":"{\"name\": \"CategoricalDistribution\", \"attributes\": {\"choices\": [0.9, 0.95, 1.0]}}"}
{"op_code":5,"worker_id":"4f63ed72-72d5-4455-9407-e2e7238bd2b3-17976","trial_id":5,"param_name":"ent-coef","param_value_internal":0.0008191755047162099,"distribution":"{\"name\": \"FloatDistribution\", \"attributes\": {\"step\": null, \"low\": 0.0001, \"high\": 0.03, \"log\": true}}"}
{"op_code":8,"worker_id":"4f63ed72-72d5-4455-9407-e2e7238bd2b3-17976","trial_id":5,"user_attr":{"train_argv":"--option 1 --reward-mode objective --objectives tardiness_sq --lambda-late 1.0 --lambda-energy 1.0 --power-model linear --difficulty on_rho095 --timesteps 100000 --save-tag tune_on_rho095_o1cnm_a2c_t5 --n-envs 4 --vec-backend subproc --seed 0 --rule-placements FirstFit,Consolidate --algo a2c --markov-obs --work-conserving --learning-rate 0.000173091 --rollout-size 20 --gamma 0.99 --gae-lambda 0.9 --ent-coef 0.000819176"}}
{"op_code":7,"worker_id":"4f63ed72-72d5-4455-9407-e2e7238bd2b3-17976","trial_id":5,"step":25000,"intermediate_value":27277.0}
{"op_code":7,"worker_id":"4f63ed72-72d5-4455-9407-e2e7238bd2b3-17976","trial_id":5,"step":50000,"intermediate_value":28159.4}
{"op_code":7,"worker_id":"4f63ed72-72d5-4455-9407-e2e7238bd2b3-17976","trial_id":5,"step":75000,"intermediate_value":192491.0}
{"op_code":6,"worker_id":"4f63ed72-72d5-4455-9407-e2e7238bd2b3-17976","trial_id":5,"state":1,"values":[297671.35],"datetime_complete":"2026-10-06T03:10:52.577612"}
{"op_code":4,"worker_id":"4f63ed72-72d5-4455-9407-e2e7238bd2b3-17976","study_id":0,"datetime_start":"2026-10-06T03:10:52.918988"}
{"op_code":5,"worker_id":"4f63ed72-72d5-4455-9407-e2e7238bd2b3-17976","trial_id":6,"param_name":"learning-rate","param_value_internal":0.0016319488770709706,"distribution":"{\"name\": \"FloatDistribution\", \"attributes\": {\"step\": null, \"low\": 0.0001, \"high\": 0.003, \"log\": true}}"}
{"op_code":5,"worker_id":"4f63ed72-72d5-4455-9407-e2e7238bd2b3-17976","trial_id":6,"param_name":"rollout-size","param_value_internal":1,"distribution":"{\"name\": \"CategoricalDistribution\", \"attributes\": {\"choices\": [20, 80, 320]}}"}
{"op_code":5,"worker_id":"4f63ed72-72d5-4455-9407-e2e7238bd2b3-17976","trial_id":6,"param_name":"gamma","param_value_internal":2,"distribution":"{\"name\": \"CategoricalDistribution\", \"attributes\": {\"choices\": [0.99, 0.995, 0.999]}}"}
{"op_code":5,"worker_id":"4f63ed72-72d5-4455-9407-e2e7238bd2b3-17976","trial_id":6,"param_name":"gae-lambda","param_value_internal":1,"distribution":"{\"name\": \"CategoricalDistribution\", \"attributes\": {\"choices\": [0.9, 0.95, 1.0]}}"}
{"op_code":5,"worker_id":"4f63ed72-72d5-4455-9407-e2e7238bd2b3-17976","trial_id":6,"param_name":"ent-coef","param_value_internal":0.000501819043124292,"distribution":"{\"name\": \"FloatDistribution\", \"attributes\": {\"step\": null, \"low\": 0.0001, \"high\": 0.03, \"log\": true}}"}
{"op_code":8,"worker_id":"4f63ed72-72d5-4455-9407-e2e7238bd2b3-17976","trial_id":6,"user_attr":{"train_argv":"--option 1 --reward-mode objective --objectives tardiness_sq --lambda-late 1.0 --lambda-energy 1.0 --power-model linear --difficulty on_rho095 --timesteps 100000 --save-tag tune_on_rho095_o1cnm_a2c_t6 --n-envs 4 --vec-backend subproc --seed 0 --rule-placements FirstFit,Consolidate --algo a2c --markov-obs --work-conserving --learning-rate 0.00163195 --rollout-size 80 --gamma 0.999 --gae-lambda 0.95 --ent-coef 0.000501819"}}
{"op_code":7,"worker_id":"4f63ed72-72d5-4455-9407-e2e7238bd2b3-17976","trial_id":6,"step":25000,"intermediate_value":166940.6}
{"op_code":6,"worker_id":"4f63ed72-72d5-4455-9407-e2e7238bd2b3-17976","trial_id":6,"state":2,"values":[166940.6],"datetime_complete":"2026-10-06T03:11:25.557196"}
{"op_code":4,"worker_id":"4f63ed72-72d5-4455-9407-e2e7238bd2b3-17976","study_id":0,"datetime_start":"2026-10-06T03:11:25.826218"}
{"op_code":5,"worker_id":"4f63ed72-72d5-4455-9407-e2e7238bd2b3-17976","trial_id":7,"param_name":"learning-rate","param_value_internal":0.00015050290935598963,"distribution":"{\"name\": \"FloatDistribution\", \"attributes\": {\"step\": null, \"low\": 0.0001, \"high\": 0.003, \"log\": true}}"}
{"op_code":5,"worker_id":"4f63ed72-72d5-4455-9407-e2e7238bd2b3-17976","trial_id":7,"param_name":"rollout-size","param_value_internal":2,"distribution":"{\"name\": \"CategoricalDistribution\", \"attributes\": {\"choices\": [20, 80, 320]}}"}
{"op_code":5,"worker_id":"4f63ed72-72d5-4455-9407-e2e7238bd2b3-17976","trial_id":7,"param_name":"gamma","param_value_internal":2,"distribution":"{\"name\": \"CategoricalDistribution\", \"attributes\": {\"choices\": [0.99, 0.995, 0.999]}}"}
{"op_code":5,"worker_id":"4f63ed72-72d5-4455-9407-e2e7238bd2b3-17976","trial_id":7,"param_name":"gae-lambda","param_value_internal":0,"distribution":"{\"name\": \"CategoricalDistribution\", \"attributes\": {\"choices\": [0.9, 0.95, 1.0]}}"}
{"op_code":5,"worker_id":"4f63ed72-72d5-4455-9407-e2e7238bd2b3-17976","trial_id":7,"param_name":"ent-coef","param_value_internal":0.00017088424969157387,"distribution":"{\"name\": \"FloatDistribution\", \"attributes\": {\"step\": null, \"low\": 0.0001, \"high\": 0.03, \"log\": true}}"}
{"op_code":8,"worker_id":"4f63ed72-72d5-4455-9407-e2e7238bd2b3-17976","trial_id":7,"user_attr":{"train_argv":"--option 1 --reward-mode objective --objectives tardiness_sq --lambda-late 1.0 --lambda-energy 1.0 --power-model linear --difficulty on_rho095 --timesteps 100000 --save-tag tune_on_rho095_o1cnm_a2c_t7 --n-envs 4 --vec-backend subproc --seed 0 --rule-placements FirstFit,Consolidate --algo a2c --markov-obs --work-conserving --learning-rate 0.000150503 --rollout-size 320 --gamma 0.999 --gae-lambda 0.9 --ent-coef 0.000170884"}}
{"op_code":7,"worker_id":"4f63ed72-72d5-4455-9407-e2e7238bd2b3-17976","trial_id":7,"step":25000,"intermediate_value":118705.0}
{"op_code":6,"worker_id":"4f63ed72-72d5-4455-9407-e2e7238bd2b3-17976","trial_id":7,"state":2,"values":[118705.0],"datetime_complete":"2026-10-06T03:11:56.151481"}
{"op_code":4,"worker_id":"4f63ed72-72d5-4455-9407-e2e7238bd2b3-17976","study_id":0,"datetime_start":"2026-10-06T03:11:56.457889"}
{"op_code":5,"worker_id":"4f63ed72-72d5-4455-9407-e2e7238bd2b3-17976","trial_id":8,"param_name":"learning-rate","param_value_internal":0.0007091576793635641,"distribution":"{\"name\": \"FloatDistribution\", \"attributes\": {\"step\": null, \"low\": 0.0001, \"high\": 0.003, \"log\": true}}"}
{"op_code":5,"worker_id":"4f63ed72-72d5-4455-9407-e2e7238bd2b3-17976","trial_id":8,"param_name":"rollout-size","param_value_internal":0,"distribution":"{\"name\": \"CategoricalDistribution\", \"attributes\": {\"choices\": [20, 80, 320]}}"}
{"op_code":5,"worker_id":"4f63ed72-72d5-4455-9407-e2e7238bd2b3-17976","trial_id":8,"param_name":"gamma","param_value_internal":1,"distribution":"{\"name\": \"CategoricalDistribution\", \"attributes\": {\"choices\": [0.99, 0.995, 0.999]}}"}
{"op_code":5,"worker_id":"4f63ed72-72d5-4455-9407-e2e7238bd2b3-17976","trial_id":8,"param_name":"gae-lambda","param_value_internal":1,"distribution":"{\"name\": \"CategoricalDistribution\", \"attributes\": {\"choices\": [0.9, 0.95, 1.0]}}"}
{"op_code":5,"worker_id":"4f63ed72-72d5-4455-9407-e2e7238bd2b3-17976","trial_id":8,"param_name":"ent-coef","param_value_internal":0.011307978270179144,"distribution":"{\"name\": \"FloatDistribution\", \"attributes\": {\"step\": null, \"low\": 0.0001, \"high\": 0.03, \"log\": true}}"}
{"op_code":8,"worker_id":"4f63ed72-72d5-4455-9407-e2e7238bd2b3-17976","trial_id":8,"user_attr":{"train_argv":"--option 1 --reward-mode objective --objectives tardiness_sq --lambda-late 1.0 --lambda-energy 1.0 --power-model linear --difficulty on_rho095 --timesteps 100000 --save-tag tune_on_rho095_o1cnm_a2c_t8 --n-envs 4 --vec-backend subproc --seed 0 --rule-placements FirstFit,Consolidate --algo a2c --markov-obs --work-conserving --learning-rate 0.000709158 --rollout-size 20 --gamma 0.995 --gae-lambda 0.95 --ent-coef 0.011308"}}
{"op_code":7,"worker_id":"4f63ed72-72d5-4455-9407-e2e7238bd2b3-17976","trial_id":8,"step":25000,"intermediate_value":28159.4}
{"op_code":7,"worker_id":"4f63ed72-72d5-4455-9407-e2e7238bd2b3-17976","trial_id":8,"step":50000,"intermediate_value":132795.8}
{"op_code":6,"worker_id":"4f63ed72-72d5-4455-9407-e2e7238bd2b3-17976","trial_id":8,"state":2,"values":[132795.8],"datetime_complete":"2026-10-06T03:13:08.891630"}
{"op_code":4,"worker_id":"4f63ed72-72d5-4455-9407-e2e7238bd2b3-17976","study_id":0,"datetime_start":"2026-10-06T03:13:09.096059"}
{"op_code":5,"worker_id":"4f63ed72-72d5-4455-9407-e2e7238bd2b3-17976","trial_id":9,"param_name":"learning-rate","param_value_internal":0.00010160984472195724,"distribution":"{\"name\": \"FloatDistribution\", \"attributes\": {\"step\": null, \"low\": 0.0001, \"high\": 0.003, \"log\": true}}"}
{"op_code":5,"worker_id":"4f63ed72-72d5-4455-9407-e2e7238bd2b3-17976","trial_id":9,"param_name":"rollout-size","param_value_internal":2,"distribution":"{\"name\": \"CategoricalDistribution\", \"attributes\": {\"choices\": [20, 80, 320]}}"}
{"op_code":5,"worker_id":"4f63ed72-72d5-4455-9407-e2e7238bd2b3-17976","trial_id":9,"param_name":"gamma","param_value_internal":0,"distribution":"{\"name\": \"CategoricalDistribution\", \"attributes\": {\"choices\": [0.99, 0.995, 0.999]}}"}
{"op_code":5,"worker_id":"4f63ed72-72d5-4455-9407-e2e7238bd2b3-17976","trial_id":9,"param_name":"gae-lambda","param_value_internal":0,"distribution":"{\"name\": \"CategoricalDistribution\", \"attributes\": {\"choices\": [0.9, 0.95, 1.0]}}"}
{"op_code":5,"worker_id":"4f63ed72-72d5-4455-9407-e2e7238bd2b3-17976","trial_id":9,"param_name":"ent-coef","param_value_internal":0.02291262392205817,"distribution":"{\"name\": \"FloatDistribution\", \"attributes\": {\"step\": null, \"low\": 0.0001, \"high\": 0.03, \"log\": true}}"}
{"op_code":8,"worker_id":"4f63ed72-72d5-4455-9407-e2e7238bd2b3-17976","trial_id":9,"user_attr":{"train_argv":"--option 1 --reward-mode objective --objectives tardiness_sq --lambda-late 1.0 --lambda-energy 1.0 --power-model linear --difficulty on_rho095 --timesteps 100000 --save-tag tune_on_rho095_o1cnm_a2c_t9 --n-envs 4 --vec-backend subproc --seed 0 --rule-placements FirstFit,Consolidate --algo a2c --markov-obs --work-conserving --learning-rate 0.00010161 --rollout-size 320 --gamma 0.99 --gae-lambda 0.9 --ent-coef 0.0229126"}}
{"op_code":7,"worker_id":"4f63ed72-72d5-4455-9407-e2e7238bd2b3-17976","trial_id":9,"step":25000,"intermediate_value":45502.8}
{"op_code":6,"worker_id":"4f63ed72-72d5-4455-9407-e2e7238bd2b3-17976","trial_id":9,"state":2,"values":[45502.8],"datetime_complete":"2026-10-06T03:13:39.422867"}
{"op_code":4,"worker_id":"4f63ed72-72d5-4455-9407-e2e7238bd2b3-17976","study_id":0,"datetime_start":"2026-10-06T03:13:39.712316"}
{"op_code":5,"worker_id":"4f63ed72-72d5-4455-9407-e2e7238bd2b3-17976","trial_id":10,"param_name":"learning-rate","param_value_internal":0.0024518098818580836,"distribution":"{\"name\": \"FloatDistribution\", \"attributes\": {\"step\": null, \"low\": 0.0001, \"high\": 0.003, \"log\": true}}"}
{"op_code":5,"worker_id":"4f63ed72-72d5-4455-9407-e2e7238bd2b3-17976","trial_id":10,"param_name":"rollout-size","param_value_internal":1,"distribution":"{\"name\": \"CategoricalDistribution\", \"attributes\": {\"choices\": [20, 80, 320]}}"}
{"op_code":5,"worker_id":"4f63ed72-72d5-4455-9407-e2e7238bd2b3-17976","trial_id":10,"param_name":"gamma","param_value_internal":2,"distribution":"{\"name\": \"CategoricalDistribution\", \"attributes\": {\"choices\": [0.99, 0.995, 0.999]}}"}
{"op_code":5,"worker_id":"4f63ed72-72d5-4455-9407-e2e7238bd2b3-17976","trial_id":10,"param_name":"gae-lambda","param_value_internal":2,"distribution":"{\"name\": \"CategoricalDistribution\", \"attributes\": {\"choices\": [0.9, 0.95, 1.0]}}"}
{"op_code":5,"worker_id":"4f63ed72-72d5-4455-9407-e2e7238bd2b3-17976","trial_id":10,"param_name":"ent-coef","param_value_internal":0.0027870452822917,"distribution":"{\"name\": \"FloatDistribution\", \"attributes\": {\"step\": null, \"low\": 0.0001, \"high\": 0.03, \"log\": true}}"}
{"op_code":8,"worker_id":"4f63ed72-72d5-4455-9407-e2e7238bd2b3-17976","trial_id":10,"user_attr":{"train_argv":"--option 1 --reward-mode objective --objectives tardiness_sq --lambda-late 1.0 --lambda-energy 1.0 --power-model linear --difficulty on_rho095 --timesteps 100000 --save-tag tune_on_rho095_o1cnm_a2c_t10 --n-envs 4 --vec-backend subproc --seed 0 --rule-placements FirstFit,Consolidate --algo a2c --markov-obs --work-conserving --learning-rate 0.00245181 --rollout-size 80 --gamma 0.999 --gae-lambda 1 --ent-coef 0.00278705"}}
{"op_code":7,"worker_id":"4f63ed72-72d5-4455-9407-e2e7238bd2b3-17976","trial_id":10,"step":25000,"intermediate_value":166137.8}
{"op_code":6,"worker_id":"4f63ed72-72d5-4455-9407-e2e7238bd2b3-17976","trial_id":10,"state":2,"values":[166137.8],"datetime_complete":"2026-10-06T03:14:12.413484"}
{"op_code":4,"worker_id":"4f63ed72-72d5-4455-9407-e2e7238bd2b3-17976","study_id":0,"datetime_start":"2026-10-06T03:14:12.692649"}
{"op_code":5,"worker_id":"4f63ed72-72d5-4455-9407-e2e7238bd2b3-17976","trial_id":11,"param_name":"learning-rate","param_value_internal":0.00031623055085680166,"distribution":"{\"name\": \"FloatDistribution\", \"attributes\": {\"step\": null, \"low\": 0.0001, \"high\": 0.003, \"log\": true}}"}
{"op_code":5,"worker_id":"4f63ed72-72d5-4455-9407-e2e7238bd2b3-17976","trial_id":11,"param_name":"rollout-size","param_value_internal":1,"distribution":"{\"name\": \"CategoricalDistribution\", \"attributes\": {\"choices\": [20, 80, 320]}}"}
{"op_code":5,"worker_id":"4f63ed72-72d5-4455-9407-e2e7238bd2b3-17976","trial_id":11,"param_name":"gamma","param_value_internal":1,"distribution":"{\"name\": \"CategoricalDistribution\", \"attributes\": {\"choices\": [0.99, 0.995, 0.999]}}"}
{"op_code":5,"worker_id":"4f63ed72-72d5-4455-9407-e2e7238bd2b3-17976","trial_id":11,"param_name":"gae-lambda","param_value_internal":2,"distribution":"{\"name\": \"CategoricalDistribution\", \"attributes\": {\"choices\": [0.9, 0.95, 1.0]}}"}
{"op_code":5,"worker_id":"4f63ed72-72d5-4455-9407-e2e7238bd2b3-17976","trial_id":11,"param_name":"ent-coef","param_value_internal":0.002196183789662759,"distribution":"{\"name\": \"FloatDistribution\", \"attributes\": {\"step\": null, \"low\": 0.0001, \"high\": 0.03, \"log\": true}}"}
{"op_code":8,"worker_id":"4f63ed72-72d5-4455-9407-e2e7238bd2b3-17976","trial_id":11,"user_attr":{"train_argv":"--option 1 --reward-mode objective --objectives tardiness_sq --lambda-late 1.0 --lambda-energy 1.0 --power-model linear --difficulty on_rho095 --timesteps 100000 --save-tag tune_on_rho095_o1cnm_a2c_t11 --n-envs 4 --vec-backend subproc --seed 0 --rule-placements FirstFit,Consolidate --algo a2c --markov-obs --work-conserving --learning-rate 0.000316231 --rollout-size 80 --gamma 0.995 --gae-lambda 1 --ent-coef 0.00219618"}}
{"op_code":7,"worker_id":"4f63ed72-72d5-4455-9407-e2e7238bd2b3-17976","trial_id":11,"step":25000,"intermediate_value":24946.8}
{"op_code":7,"worker_id":"4f63ed72-72d5-4455-9407-e2e7238bd2b3-17976","trial_id":11,"step":50000,"intermediate_value":166137.8}
{"op_code":7,"worker_id":"4f63ed72-72d5-4455-9407-e2e7238bd2b3-17976","trial_id":11,"step":75000,"intermediate_value":166137.8}
{"op_code":6,"worker_id":"4f63ed72-72d5-4455-9407-e2e7238bd2b3-17976","trial_id":11,"state":1,"values":[189647.55],"datetime_complete":"2026-10-06T03:16:18.226935"}
{"op_code":4,"worker_id":"4f63ed72-72d5-4455-9407-e2e7238bd2b3-17976","study_id":0,"datetime_start":"2026-10-06T03:16:18.507679"}
{"op_code":5,"worker_id":"4f63ed72-72d5-4455-9407-e2e7238bd2b3-17976","trial_id":12,"param_name":"learning-rate","param_value_internal":0.0003524043750827987,"distribution":"{\"name\": \"FloatDistribution\", \"attributes\": {\"step\": null, \"low\": 0.0001, \"high\": 0.003, \"log\": true}}"}
{"op_code":5,"worker_id":"4f63ed72-72d5-4455-9407-e2e7238bd2b3-17976","trial_id":12,"param_name":"rollout-size","param_value_internal":0,"distribution":"{\"name\": \"CategoricalDistribution\", \"attributes\": {\"choices\": [20, 80, 320]}}"}
{"op_code":5,"worker_id":"4f63ed72-72d5-4455-9407-e2e7238bd2b3-17976","trial_id":12,"param_name":"gamma","param_value_internal":2,"distribution":"{\"name\": \"CategoricalDistribution\", \"attributes\": {\"choices\": [0.99, 0.995, 0.999]}}"}
{"op_code":5,"worker_id":"4f63ed72-72d5-4455-9407-e2e7238bd2b3-17976","trial_id":12,"param_name":"gae-lambda","param_value_internal":2,"distribution":"{\"name\": \"CategoricalDistribution\", \"attributes\": {\"choices\": [0.9, 0.95, 1.0]}}"}
{"op_code":5,"worker_id":"4f63ed72-72d5-4455-9407-e2e7238bd2b3-17976","trial_id":12,"param_name":"ent-coef","param_value_internal":0.0019130089600804096,"distribution":"{\"name\": \"FloatDistribution\", \"attributes\": {\"step\": null, \"low\": 0.0001, \"high\": 0.03, \"log\": true}}"}
{"op_code":8,"worker_id":"4f63ed72-72d5-4455-9407-e2e7238bd2b3-17976","trial_id":12,"user_attr":{"train_argv":"--option 1 --reward-mode objective --objectives tardiness_sq --lambda-late 1.0 --lambda-energy 1.0 --power-model linear --difficulty on_rho095 --timesteps 100000 --save-tag tune_on_rho095_o1cnm_a2c_t12 --n-envs 4 --vec-backend subproc --seed 0 --rule-placements FirstFit,Consolidate --algo a2c --markov-obs --work-conserving --learning-rate 0.000352404 --rollout-size 20 --gamma 0.999 --gae-lambda 1 --ent-coef 0.00191301"}}
{"op_code":7,"worker_id":"4f63ed72-72d5-4455-9407-e2e7238bd2b3-17976","trial_id":12,"step":25000,"intermediate_value":166137.8}
{"op_code":6,"worker_id":"4f63ed72-72d5-4455-9407-e2e7238bd2b3-17976","trial_id":12,"state":2,"values":[166137.8],"datetime_complete":"2026-10-06T03:16:55.045621"}
{"op_code":4,"worker_id":"4f63ed72-72d5-4455-9407-e2e7238bd2b3-17976","study_id":0,"datetime_start":"2026-10-06T03:16:55.433882"}
{"op_code":5,"worker_id":"4f63ed72-72d5-4455-9407-e2e7238bd2b3-17976","trial_id":13,"param_name":"learning-rate","param_value_internal":0.00037595364800363805,"distribution":"{\"name\": \"FloatDistribution\", \"attributes\": {\"step\": null, \"low\": 0.0001, \"high\": 0.003, \"log\": true}}"}
{"op_code":5,"worker_id":"4f63ed72-72d5-4455-9407-e2e7238bd2b3-17976","trial_id":13,"param_name":"rollout-size","param_value_internal":1,"distribution":"{\"name\": \"CategoricalDistribution\", \"attributes\": {\"choices\": [20, 80, 320]}}"}
{"op_code":5,"worker_id":"4f63ed72-72d5-4455-9407-e2e7238bd2b3-17976","trial_id":13,"param_name":"gamma","param_value_internal":1,"distribution":"{\"name\": \"CategoricalDistribution\", \"attributes\": {\"choices\": [0.99, 0.995, 0.999]}}"}
{"op_code":5,"worker_id":"4f63ed72-72d5-4455-9407-e2e7238bd2b3-17976","trial_id":13,"param_name":"gae-lambda","param_value_internal":2,"distribution":"{\"name\": \"CategoricalDistribution\", \"attributes\": {\"choices\": [0.9, 0.95, 1.0]}}"}
{"op_code":5,"worker_id":"4f63ed72-72d5-4455-9407-e2e7238bd2b3-17976","trial_id":13,"param_name":"ent-coef","param_value_internal":0.005280429214088118,"distribution":"{\"name\": \"FloatDistribution\", \"attributes\": {\"step\": null, \"low\": 0.0001, \"high\": 0.03, \"log\": true}}"}
{"op_code":8,"worker_id":"4f63ed72-72d5-4455-9407-e2e7238bd2b3-17976","trial_id":13,"user_attr":{"train_argv":"--option 1 --reward-mode objective --objectives tardiness_sq --lambda-late 1.0 --lambda-energy 1.0 --power-model linear --difficulty on_rho095 --timesteps 100000 --save-tag tune_on_rho095_o1cnm_a2c_t13 --n-envs 4 --vec-backend subproc --seed 0 --rule-placements FirstFit,Consolidate --algo a2c --markov-obs --work-conserving --learning-rate 0.000375954 --rollout-size 80 --gamma 0.995 --gae-lambda 1 --ent-coef 0.00528043"}}
{"op_code":7,"worker_id":"4f63ed72-72d5-4455-9407-e2e7238bd2b3-17976","trial_id":13,"step":25000,"intermediate_value":166137.8}
{"op_code":6,"worker_id":"4f63ed72-72d5-4455-9407-e2e7238bd2b3-17976","trial_id":13,"state":2,"values":[166137.8],"datetime_complete":"2026-10-06T03:17:28.280951"}
{"op_code":4,"worker_id":"4f63ed72-72d5-4455-9407-e2e7238bd2b3-17976","study_id":0,"datetime_start":"2026-10-06T03:17:28.593393"}
{"op_code":5,"worker_id":"4f63ed72-72d5-4455-9407-e2e7238bd2b3-17976","trial_id":14,"param_name":"learning-rate","param_value_internal":0.0011948709421970441,"distribution":"{\"name\": \"FloatDistribution\", \"attributes\": {\"step\": null, \"low\": 0.0001, \"high\": 0.003, \"log\": true}}"}
{"op_code":5,"worker_id":"4f63ed72-72d5-4455-9407-e2e7238bd2b3-17976","trial_id":14,"param_name":"rollout-size","param_value_internal":2,"distribution":"{\"name\": \"CategoricalDistribution\", \"attributes\": {\"choices\": [20, 80, 320]}}"}
{"op_code":5,"worker_id":"4f63ed72-72d5-4455-9407-e2e7238bd2b3-17976","trial_id":14,"param_name":"gamma","param_value_internal":0,"distribution":"{\"name\": \"CategoricalDistribution\", \"attributes\": {\"choices\": [0.99, 0.995, 0.999]}}"}
{"op_code":5,"worker_id":"4f63ed72-72d5-4455-9407-e2e7238bd2b3-17976","trial_id":14,"param_name":"gae-lambda","param_value_internal":2,"distribution":"{\"name\": \"CategoricalDistribution\", \"attributes\": {\"choices\": [0.9, 0.95, 1.0]}}"}
{"op_code":5,"worker_id":"4f63ed72-72d5-4455-9407-e2e7238bd2b3-17976","trial_id":14,"param_name":"ent-coef","param_value_internal":0.0010660013473621688,"distribution":"{\"name\": \"FloatDistribution\", \"attributes\": {\"step\": null, \"low\": 0.0001, \"high\": 0.03, \"log\": true}}"}
{"op_code":8,"worker_id":"4f63ed72-72d5-4455-9407-e2e7238bd2b3-17976","trial_id":14,"user_attr":{"train_argv":"--option 1 --reward-mode objective --objectives tardiness_sq --lambda-late 1.0 --lambda-energy 1.0 --power-model linear --difficulty on_rho095 --timesteps 100000 --save-tag tune_on_rho095_o1cnm_a2c_t14 --n-envs 4 --vec-backend subproc --seed 0 --rule-placements FirstFit,Consolidate --algo a2c --markov-obs --work-conserving --learning-rate 0.00119487 --rollout-size 320 --gamma 0.99 --gae-lambda 1 --ent-coef 0.001066"}}
{"op_code":7,"worker_id":"4f63ed72-72d5-4455-9407-e2e7238bd2b3-17976","trial_id":14,"step":25000,"intermediate_value":132795.8}
{"op_code":6,"worker_id":"4f63ed72-72d5-4455-9407-e2e7238bd2b3-17976","trial_id":14,"state":2,"values":[132795.8],"datetime_complete":"2026-10-06T03:17:58.832144"}
{"op_code":4,"worker_id":"4f63ed72-72d5-4455-9407-e2e7238bd2b3-17976","study_id":0,"datetime_start":"2026-10-06T03:17:59.071905"}
{"op_code":5,"worker_id":"4f63ed72-72d5-4455-9407-e2e7238bd2b3-17976","trial_id":15,"param_name":"learning-rate","param_value_internal":0.00047785642206296317,"distribution":"{\"name\": \"FloatDistribution\", \"attributes\": {\"step\": null, \"low\": 0.0001, \"high\": 0.003, \"log\": true}}"}
{"op_code":5,"worker_id":"4f63ed72-72d5-4455-9407-e2e7238bd2b3-17976","trial_id":15,"param_name":"rollout-size","param_value_internal":0,"distribution":"{\"name\": \"CategoricalDistribution\", \"attributes\": {\"choices\": [20, 80, 320]}}"}
{"op_code":5,"worker_id":"4f63ed72-72d5-4455-9407-e2e7238bd2b3-17976","trial_id":15,"param_name":"gamma","param_value_internal":2,"distribution":"{\"name\": \"CategoricalDistribution\", \"attributes\": {\"choices\": [0.99, 0.995, 0.999]}}"}
{"op_code":5,"worker_id":"4f63ed72-72d5-4455-9407-e2e7238bd2b3-17976","trial_id":15,"param_name":"gae-lambda","param_value_internal":2,"distribution":"{\"name\": \"CategoricalDistribution\", \"attributes\": {\"choices\": [0.9, 0.95, 1.0]}}"}
{"op_code":5,"worker_id":"4f63ed72-72d5-4455-9407-e2e7238bd2b3-17976","trial_id":15,"param_name":"ent-coef","param_value_internal":0.029151417560010984,"distribution":"{\"name\": \"FloatDistribution\", \"attributes\": {\"step\": null, \"low\": 0.0001, \"high\": 0.03, \"log\": true}}"}
{"op_code":8,"worker_id":"4f63ed72-72d5-4455-9407-e2e7238bd2b3-17976","trial_id":15,"user_attr":{"train_argv":"--option 1 --reward-mode objective --objectives tardiness_sq --lambda-late 1.0 --lambda-energy 1.0 --power-model linear --difficulty on_rho095 --timesteps 100000 --save-tag tune_on_rho095_o1cnm_a2c_t15 --n-envs 4 --vec-backend subproc --seed 0 --rule-placements FirstFit,Consolidate --algo a2c --markov-obs --work-conserving --learning-rate 0.000477856 --rollout-size 20 --gamma 0.999 --gae-lambda 1 --ent-coef 0.0291514"}}
{"op_code":7,"worker_id":"4f63ed72-72d5-4455-9407-e2e7238bd2b3-17976","trial_id":15,"step":25000,"intermediate_value":166940.6}
{"op_code":6,"worker_id":"4f63ed72-72d5-4455-9407-e2e7238bd2b3-17976","trial_id":15,"state":2,"values":[166940.6],"datetime_complete":"2026-10-06T03:18:37.924800"}
{"op_code":4,"worker_id":"4f63ed72-72d5-4455-9407-e2e7238bd2b3-17976","study_id":0,"datetime_start":"2026-10-06T03:18:38.200501"}
{"op_code":5,"worker_id":"4f63ed72-72d5-4455-9407-e2e7238bd2b3-17976","trial_id":16,"param_name":"learning-rate","param_value_internal":0.00020040431989283352,"distribution":"{\"name\": \"FloatDistribution\", \"attributes\": {\"step\": null, \"low\": 0.0001, \"high\": 0.003, \"log\": true}}"}
{"op_code":5,"worker_id":"4f63ed72-72d5-4455-9407-e2e7238bd2b3-17976","trial_id":16,"param_name":"rollout-size","param_value_internal":1,"distribution":"{\"name\": \"CategoricalDistribution\", \"attributes\": {\"choices\": [20, 80, 320]}}"}
{"op_code":5,"worker_id":"4f63ed72-72d5-4455-9407-e2e7238bd2b3-17976","trial_id":16,"param_name":"gamma","param_value_internal":1,"distribution":"{\"name\": \"CategoricalDistribution\", \"attributes\": {\"choices\": [0.99, 0.995, 0.999]}}"}
{"op_code":5,"worker_id":"4f63ed72-72d5-4455-9407-e2e7238bd2b3-17976","trial_id":16,"param_name":"gae-lambda","param_value_internal":2,"distribution":"{\"name\": \"CategoricalDistribution\", \"attributes\": {\"choices\": [0.9, 0.95, 1.0]}}"}
{"op_code":5,"worker_id":"4f63ed72-72d5-4455-9407-e2e7238bd2b3-17976","trial_id":16,"param_name":"ent-coef","param_value_internal":0.005950561359729903,"distribution":"{\"name\": \"FloatDistribution\", \"attributes\": {\"step\": null, \"low\": 0.0001, \"high\": 0.03, \"log\": true}}"}
{"op_code":8,"worker_id":"4f63ed72-72d5-4455-9407-e2e7238bd2b3-17976","trial_id":16,"user_attr":{"train_argv":"--option 1 --reward-mode objective --objectives tardiness_sq --lambda-late 1.0 --lambda-energy 1.0 --power-model linear --difficulty on_rho095 --timesteps 100000 --save-tag tune_on_rho095_o1cnm_a2c_t16 --n-envs 4 --vec-backend subproc --seed 0 --rule-placements FirstFit,Consolidate --algo a2c --markov-obs --work-conserving --learning-rate 0.000200404 --rollout-size 80 --gamma 0.995 --gae-lambda 1 --ent-coef 0.00595056"}}
{"op_code":7,"worker_id":"4f63ed72-72d5-4455-9407-e2e7238bd2b3-17976","trial_id":16,"step":25000,"intermediate_value":24946.8}
{"op_code":7,"worker_id":"4f63ed72-72d5-4455-9407-e2e7238bd2b3-17976","trial_id":16,"step":50000,"intermediate_value":100738.0}
{"op_code":7,"worker_id":"4f63ed72-72d5-4455-9407-e2e7238bd2b3-17976","trial_id":16,"step":75000,"intermediate_value":100738.0}
{"op_code":6,"worker_id":"4f63ed72-72d5-4455-9407-e2e7238bd2b3-17976","trial_id":16,"state":1,"values":[143296.45],"datetime_complete":"2026-10-06T03:20:42.734760"}
{"op_code":4,"worker_id":"4f63ed72-72d5-4455-9407-e2e7238bd2b3-17976","study_id":0,"datetime_start":"2026-10-06T03:20:42.891979"}
{"op_code":5,"worker_id":"4f63ed72-72d5-4455-9407-e2e7238bd2b3-17976","trial_id":17,"param_name":"learning-rate","param_value_internal":0.00024452115249830585,"distribution":"{\"name\": \"FloatDistribution\", \"attributes\": {\"step\": null, \"low\": 0.0001, \"high\": 0.003, \"log\": true}}"}
{"op_code":5,"worker_id":"4f63ed72-72d5-4455-9407-e2e7238bd2b3-17976","trial_id":17,"param_name":"rollout-size","param_value_internal":1,"distribution":"{\"name\": \"CategoricalDistribution\", \"attributes\": {\"choices\": [20, 80, 320]}}"}
{"op_code":5,"worker_id":"4f63ed72-72d5-4455-9407-e2e7238bd2b3-17976","trial_id":17,"param_name":"gamma","param_value_internal":1,"distribution":"{\"name\": \"CategoricalDistribution\", \"attributes\": {\"choices\": [0.99, 0.995, 0.999]}}"}
{"op_code":5,"worker_id":"4f63ed72-72d5-4455-9407-e2e7238bd2b3-17976","trial_id":17,"param_name":"gae-lambda","param_value_internal":2,"distribution":"{\"name\": \"CategoricalDistribution\", \"attributes\": {\"choices\": [0.9, 0.95, 1.0]}}"}
{"op_code":5,"worker_id":"4f63ed72-72d5-4455-9407-e2e7238bd2b3-17976","trial_id":17,"param_name":"ent-coef","param_value_internal":0.0038513069679265016,"distribution":"{\"name\": \"FloatDistribution\", \"attributes\": {\"step\": null, \"low\": 0.0001, \"high\": 0.03, \"log\": true}}"}
{"op_code":8,"worker_id":"4f63ed72-72d5-4455-9407-e2e7238bd2b3-17976","trial_id":17,"user_attr":{"train_argv":"--option 1 --reward-mode objective --objectives tardiness_sq --lambda-late 1.0 --lambda-energy 1.0 --power-model linear --difficulty on_rho095 --timesteps 100000 --save-tag tune_on_rho095_o1cnm_a2c_t17 --n-envs 4 --vec-backend subproc --seed 0 --rule-placements FirstFit,Consolidate --algo a2c --markov-obs --work-conserving --learning-rate 0.000244521 --rollout-size 80 --gamma 0.995 --gae-lambda 1 --ent-coef 0.00385131"}}
{"op_code":7,"worker_id":"4f63ed72-72d5-4455-9407-e2e7238bd2b3-17976","trial_id":17,"step":25000,"intermediate_value":19906.4}
{"op_code":7,"worker_id":"4f63ed72-72d5-4455-9407-e2e7238bd2b3-17976","trial_id":17,"step":50000,"intermediate_value":151336.4}
{"op_code":7,"worker_id":"4f63ed72-72d5-4455-9407-e2e7238bd2b3-17976","trial_id":17,"step":75000,"intermediate_value":166137.8}
{"op_code":6,"worker_id":"4f63ed72-72d5-4455-9407-e2e7238bd2b3-17976","trial_id":17,"state":1,"values":[189647.55],"datetime_complete":"2026-10-06T03:22:50.370049"}
{"op_code":4,"worker_id":"4f63ed72-72d5-4455-9407-e2e7238bd2b3-17976","study_id":0,"datetime_start":"2026-10-06T03:22:50.598983"}
{"op_code":5,"worker_id":"4f63ed72-72d5-4455-9407-e2e7238bd2b3-17976","trial_id":18,"param_name":"learning-rate","param_value_internal":0.0005368623764394573,"distribution":"{\"name\": \"FloatDistribution\", \"attributes\": {\"step\": null, \"low\": 0.0001, \"high\": 0.003, \"log\": true}}"}
{"op_code":5,"worker_id":"4f63ed72-72d5-4455-9407-e2e7238bd2b3-17976","trial_id":18,"param_name":"rollout-size","param_value_internal":0,"distribution":"{\"name\": \"CategoricalDistribution\", \"attributes\": {\"choices\": [20, 80, 320]}}"}
{"op_code":5,"worker_id":"4f63ed72-72d5-4455-9407-e2e7238bd2b3-17976","trial_id":18,"param_name":"gamma","param_value_internal":2,"distribution":"{\"name\": \"CategoricalDistribution\", \"attributes\": {\"choices\": [0.99, 0.995, 0.999]}}"}
{"op_code":5,"worker_id":"4f63ed72-72d5-4455-9407-e2e7238bd2b3-17976","trial_id":18,"param_name":"gae-lambda","param_value_internal":2,"distribution":"{\"name\": \"CategoricalDistribution\", \"attributes\": {\"choices\": [0.9, 0.95, 1.0]}}"}
{"op_code":5,"worker_id":"4f63ed72-72d5-4455-9407-e2e7238bd2b3-17976","trial_id":18,"param_name":"ent-coef","param_value_internal":0.01206006788600198,"distribution":"{\"name\": \"FloatDistribution\", \"attributes\": {\"step\": null, \"low\": 0.0001, \"high\": 0.03, \"log\": true}}"}
{"op_code":8,"worker_id":"4f63ed72-72d5-4455-9407-e2e7238bd2b3-17976","trial_id":18,"user_attr":{"train_argv":"--option 1 --reward-mode objective --objectives tardiness_sq --lambda-late 1.0 --lambda-energy 1.0 --power-model linear --difficulty on_rho095 --timesteps 100000 --save-tag tune_on_rho095_o1cnm_a2c_t18 --n-envs 4 --vec-backend subproc --seed 0 --rule-placements FirstFit,Consolidate --algo a2c --markov-obs --work-conserving --learning-rate 0.000536862 --rollout-size 20 --gamma 0.999 --gae-lambda 1 --ent-coef 0.0120601"}}
{"op_code":7,"worker_id":"4f63ed72-72d5-4455-9407-e2e7238bd2b3-17976","trial_id":18,"step":25000,"intermediate_value":166940.6}
{"op_code":6,"worker_id":"4f63ed72-72d5-4455-9407-e2e7238bd2b3-17976","trial_id":18,"state":2,"values":[166940.6],"datetime_complete":"2026-10-06T03:23:31.230651"}
{"op_code":4,"worker_id":"4f63ed72-72d5-4455-9407-e2e7238bd2b3-17976","study_id":0,"datetime_start":"2026-10-06T03:23:31.436317"}
{"op_code":5,"worker_id":"4f63ed72-72d5-4455-9407-e2e7238bd2b3-17976","trial_id":19,"param_name":"learning-rate","param_value_internal":0.001040436836643125,"distribution":"{\"name\": \"FloatDistribution\", \"attributes\": {\"step\": null, \"low\": 0.0001, \"high\": 0.003, \"log\": true}}"}
{"op_code":5,"worker_id":"4f63ed72-72d5-4455-9407-e2e7238bd2b3-17976","trial_id":19,"param_name":"rollout-size","param_value_internal":2,"distribution":"{\"name\": \"CategoricalDistribution\", \"attributes\": {\"choices\": [20, 80, 320]}}"}
{"op_code":5,"worker_id":"4f63ed72-72d5-4455-9407-e2e7238bd2b3-17976","trial_id":19,"param_name":"gamma","param_value_internal":0,"distribution":"{\"name\": \"CategoricalDistribution\", \"attributes\": {\"choices\": [0.99, 0.995, 0.999]}}"}
{"op_code":5,"worker_id":"4f63ed72-72d5-4455-9407-e2e7238bd2b3-17976","trial_id":19,"param_name":"gae-lambda","param_value_internal":0,"distribution":"{\"name\": \"CategoricalDistribution\", \"attributes\": {\"choices\": [0.9, 0.95, 1.0]}}"}
{"op_code":5,"worker_id":"4f63ed72-72d5-4455-9407-e2e7238bd2b3-17976","trial_id":19,"param_name":"ent-coef","param_value_internal":0.001218753613407081,"distribution":"{\"name\": \"FloatDistribution\", \"attributes\": {\"step\": null, \"low\": 0.0001, \"high\": 0.03, \"log\": true}}"}
{"op_code":8,"worker_id":"4f63ed72-72d5-4455-9407-e2e7238bd2b3-17976","trial_id":19,"user_attr":{"train_argv":"--option 1 --reward-mode objective --objectives tardiness_sq --lambda-late 1.0 --lambda-energy 1.0 --power-model linear --difficulty on_rho095 --timesteps 100000 --save-tag tune_on_rho095_o1cnm_a2c_t19 --n-envs 4 --vec-backend subproc --seed 0 --rule-placements FirstFit,Consolidate --algo a2c --markov-obs --work-conserving --learning-rate 0.00104044 --rollout-size 320 --gamma 0.99 --gae-lambda 0.9 --ent-coef 0.00121875"}}
{"op_code":7,"worker_id":"4f63ed72-72d5-4455-9407-e2e7238bd2b3-17976","trial_id":19,"step":25000,"intermediate_value":45660.0}
{"op_code":6,"worker_id":"4f63ed72-72d5-4455-9407-e2e7238bd2b3-17976","trial_id":19,"state":2,"values":[45660.0],"datetime_complete":"2026-10-06T03:23:59.492703"}
{"op_code":0,"worker_id":"2f119a6f-d0ba-4136-b65d-5aa8f9658056-31748","study_name":"on_rho095_o1cnm_a2c","directions":[1]}
{"op_code":0,"worker_id":"54f722e8-a36b-473b-9613-9a46d7f152cd-32928","study_name":"on_rho095_o1cnm_a2c","directions":[1]}
{"op_code":0,"worker_id":"2addbb6c-2ba9-4c43-b57a-ae8ef5d11ef4-34464","study_name":"on_rho095_o1cnm_a2c","directions":[1]}
{"op_code":0,"worker_id":"def42d62-443c-4959-8660-3e9f1f295c82-7220","study_name":"on_rho095_o1cnm_a2c","directions":[1]}
{"op_code":0,"worker_id":"1b479c80-11d0-4fe2-b5a7-2c4e159db741-4620","study_name":"on_rho095_o1cnm_a2c","directions":[1]}
{"op_code":0,"worker_id":"ca1d7f0b-0a9f-4eca-8b9a-966e922eff8d-29408","study_name":"on_rho095_o1cnm_a2c","directions":[1]}
{"op_code":0,"worker_id":"ffda5d4c-31af-4a55-9414-47d6780e6f8a-17656","study_name":"on_rho095_o1cnm_a2c","directions":[1]}
{"op_code":0,"worker_id":"858d98c3-b478-4d4d-b8c9-c3798bdc398d-4492","study_name":"on_rho095_o1cnm_a2c","directions":[1]}
