{"op_code":0,"worker_id":"680c6676-e720-42d2-9f80-5cf77d8bd1d6-19188","study_name":"on_rho095_o3mlubrze_a2c","directions":[1]}
{"op_code":4,"worker_id":"680c6676-e720-42d2-9f80-5cf77d8bd1d6-19188","study_id":0,"datetime_start":null,"state":4,"value":null,"values":null,"distributions":{},"params":{},"user_attrs":{"defaults":true},"system_attrs":{"fixed_params":{}},"intermediate_values":{}}
{"op_code":6,"worker_id":"680c6676-e720-42d2-9f80-5cf77d8bd1d6-19188","trial_id":0,"state":0,"values":null,"datetime_start":"2026-10-09T00:03:15.071216"}
{"op_code":8,"worker_id":"680c6676-e720-42d2-9f80-5cf77d8bd1d6-19188","trial_id":0,"user_attr":{"train_argv":"--option 3 --reward-mode objective --objectives tardiness_sq --lambda-late 1.0 --lambda-energy 1.0 --power-model linear --difficulty on_rho095 --timesteps 300000 --save-tag tune_on_rho095_o3mlubrze_a2c_t0 --n-envs 4 --vec-backend subproc --seed 0 --algo a2c --markov-obs --lookahead --fixed-scaling --critic-arrivals --lateness-shaping --normalize-reward --event-idle"}}
{"op_code":7,"worker_id":"680c6676-e720-42d2-9f80-5cf77d8bd1d6-19188","trial_id":0,"step":75000,"intermediate_value":65257.0}
{"op_code":0,"worker_id":"a1f668de-3325-42df-a5c5-3ce8ccbf388b-36512","study_name":"on_rho095_o3mlubrze_a2c","directions":[1]}
{"op_code":0,"worker_id":"2cc55d66-68ab-499f-ad05-07cc6e25a52f-14944","study_name":"on_rho095_o3mlubrze_a2c","directions":[1]}
{"op_code":7,"worker_id":"680c6676-e720-42d2-9f80-5cf77d8bd1d6-19188","trial_id":0,"step":150000,"intermediate_value":68304.2}
{"op_code":7,"worker_id":"680c6676-e720-42d2-9f80-5cf77d8bd1d6-19188","trial_id":0,"step":225000,"intermediate_value":188702.8}
{"op_code":6,"worker_id":"680c6676-e720-42d2-9f80-5cf77d8bd1d6-19188","trial_id":0,"state":1,"values":[90349.85],"datetime_complete":"2026-10-09T00:36:35.166791"}
{"op_code":4,"worker_id":"680c6676-e720-42d2-9f80-5cf77d8bd1d6-19188","study_id":0,"datetime_start":"2026-10-09T00:36:35.444912"}
{"op_code":5,"worker_id":"680c6676-e720-42d2-9f80-5cf77d8bd1d6-19188","trial_id":1,"param_name":"learning-rate","param_value_internal":0.0006466422717414558,"distribution":"{\"name\": \"FloatDistribution\", \"attributes\": {\"step\": null, \"low\": 0.0001, \"high\": 0.003, \"log\": true}}"}
{"op_code":5,"worker_id":"680c6676-e720-42d2-9f80-5cf77d8bd1d6-19188","trial_id":1,"param_name":"rollout-size","param_value_internal":0,"distribution":"{\"name\": \"CategoricalDistribution\", \"attributes\": {\"choices\": [20, 80, 320]}}"}
{"op_code":5,"worker_id":"680c6676-e720-42d2-9f80-5cf77d8bd1d6-19188","trial_id":1,"param_name":"gamma","param_value_internal":1,"distribution":"{\"name\": \"CategoricalDistribution\", \"attributes\": {\"choices\": [0.99, 0.995, 0.999]}}"}
{"op_code":5,"worker_id":"680c6676-e720-42d2-9f80-5cf77d8bd1d6-19188","trial_id":1,"param_name":"gae-lambda","param_value_internal":1,"distribution":"{\"name\": \"CategoricalDistribution\", \"attributes\": {\"choices\": [0.9, 0.95, 1.0]}}"}
{"op_code":5,"worker_id":"680c6676-e720-42d2-9f80-5cf77d8bd1d6-19188","trial_id":1,"param_name":"ent-coef","param_value_internal":0.009145320282946534,"distribution":"{\"name\": \"FloatDistribution\", \"attributes\": {\"step\": null, \"low\": 0.0001, \"high\": 0.03, \"log\": true}}"}
{"op_code":8,"worker_id":"680c6676-e720-42d2-9f80-5cf77d8bd1d6-19188","trial_id":1,"user_attr":{"train_argv":"--option 3 --reward-mode objective --objectives tardiness_sq --lambda-late 1.0 --lambda-energy 1.0 --power-model linear --difficulty on_rho095 --timesteps 300000 --save-tag tune_on_rho095_o3mlubrze_a2c_t1 --n-envs 4 --vec-backend subproc --seed 0 --algo a2c --markov-obs --lookahead --fixed-scaling --critic-arrivals --lateness-shaping --normalize-reward --event-idle --learning-rate 0.000646642 --rollout-size 20 --gamma 0.995 --gae-lambda 0.95 --ent-coef 0.00914532"}}
{"op_code":7,"worker_id":"680c6676-e720-42d2-9f80-5cf77d8bd1d6-19188","trial_id":1,"step":75000,"intermediate_value":225703.2}
{"op_code":7,"worker_id":"680c6676-e720-42d2-9f80-5cf77d8bd1d6-19188","trial_id":1,"step":150000,"intermediate_value":198137.8}
{"op_code":7,"worker_id":"680c6676-e720-42d2-9f80-5cf77d8bd1d6-19188","trial_id":1,"step":225000,"intermediate_value":192585.2}
{"op_code":6,"worker_id":"680c6676-e720-42d2-9f80-5cf77d8bd1d6-19188","trial_id":1,"state":1,"values":[161868.55],"datetime_complete":"2026-10-09T01:06:22.408954"}
{"op_code":4,"worker_id":"680c6676-e720-42d2-9f80-5cf77d8bd1d6-19188","study_id":0,"datetime_start":"2026-10-09T01:06:22.608600"}
{"op_code":5,"worker_id":"680c6676-e720-42d2-9f80-5cf77d8bd1d6-19188","trial_id":2,"param_name":"learning-rate","param_value_internal":0.0006042851578845063,"distribution":"{\"name\": \"FloatDistribution\", \"attributes\": {\"step\": null, \"low\": 0.0001, \"high\": 0.003, \"log\": true}}"}
{"op_code":5,"worker_id":"680c6676-e720-42d2-9f80-5cf77d8bd1d6-19188","trial_id":2,"param_name":"rollout-size","param_value_internal":1,"distribution":"{\"name\": \"CategoricalDistribution\", \"attributes\": {\"choices\": [20, 80, 320]}}"}
{"op_code":5,"worker_id":"680c6676-e720-42d2-9f80-5cf77d8bd1d6-19188","trial_id":2,"param_name":"gamma","param_value_internal":2,"distribution":"{\"name\": \"CategoricalDistribution\", \"attributes\": {\"choices\": [0.99, 0.995, 0.999]}}"}
{"op_code":5,"worker_id":"680c6676-e720-42d2-9f80-5cf77d8bd1d6-19188","trial_id":2,"param_name":"gae-lambda","param_value_internal":2,"distribution":"{\"name\": \"CategoricalDistribution\", \"attributes\": {\"choices\": [0.9, 0.95, 1.0]}}"}
{"op_code":5,"worker_id":"680c6676-e720-42d2-9f80-5cf77d8bd1d6-19188","trial_id":2,"param_name":"ent-coef","param_value_internal":0.009541412354586892,"distribution":"{\"name\": \"FloatDistribution\", \"attributes\": {\"step\": null, \"low\": 0.0001, \"high\": 0.03, \"log\": true}}"}
{"op_code":8,"worker_id":"680c6676-e720-42d2-9f80-5cf77d8bd1d6-19188","trial_id":2,"user_attr":{"train_argv":"--option 3 --reward-mode objective --objectives tardiness_sq --lambda-late 1.0 --lambda-energy 1.0 --power-model linear --difficulty on_rho095 --timesteps 300000 --save-tag tune_on_rho095_o3mlubrze_a2c_t2 --n-envs 4 --vec-backend subproc --seed 0 --algo a2c --markov-obs --lookahead --fixed-scaling --critic-arrivals --lateness-shaping --normalize-reward --event-idle --learning-rate 0.000604285 --rollout-size 80 --gamma 0.999 --gae-lambda 1 --ent-coef 0.00954141"}}
{"op_code":7,"worker_id":"680c6676-e720-42d2-9f80-5cf77d8bd1d6-19188","trial_id":2,"step":75000,"intermediate_value":88954.4}
