{"op_code":0,"worker_id":"64f7a075-62b5-41c5-9250-bc0efe062d09-34132","study_name":"on_rho095_o3mlubrze","directions":[1]}
{"op_code":4,"worker_id":"64f7a075-62b5-41c5-9250-bc0efe062d09-34132","study_id":0,"datetime_start":null,"state":4,"value":null,"values":null,"distributions":{},"params":{},"user_attrs":{"defaults":true},"system_attrs":{"fixed_params":{}},"intermediate_values":{}}
{"op_code":6,"worker_id":"64f7a075-62b5-41c5-9250-bc0efe062d09-34132","trial_id":0,"state":0,"values":null,"datetime_start":"2026-10-07T19:34:34.423588"}
{"op_code":8,"worker_id":"64f7a075-62b5-41c5-9250-bc0efe062d09-34132","trial_id":0,"user_attr":{"train_argv":"--option 3 --reward-mode objective --objectives tardiness_sq --lambda-late 1.0 --lambda-energy 1.0 --power-model linear --difficulty on_rho095 --timesteps 300000 --save-tag tune_on_rho095_o3mlubrze_t0 --n-envs 4 --vec-backend subproc --seed 0 --algo ppo --markov-obs --lookahead --fixed-scaling --critic-arrivals --lateness-shaping --normalize-reward --event-idle"}}
{"op_code":7,"worker_id":"64f7a075-62b5-41c5-9250-bc0efe062d09-34132","trial_id":0,"step":75000,"intermediate_value":172008.4}
{"op_code":7,"worker_id":"64f7a075-62b5-41c5-9250-bc0efe062d09-34132","trial_id":0,"step":150000,"intermediate_value":73988.2}
{"op_code":0,"worker_id":"f3ab3009-423f-4646-befd-4d7bdd0cb46d-464","study_name":"on_rho095_o3mlubrze","directions":[1]}
{"op_code":7,"worker_id":"64f7a075-62b5-41c5-9250-bc0efe062d09-34132","trial_id":0,"step":225000,"intermediate_value":68920.0}
{"op_code":0,"worker_id":"276543d7-889a-4496-abe9-051dc3b7b626-31116","study_name":"on_rho095_o3mlubrze","directions":[1]}
{"op_code":0,"worker_id":"92cbcf00-aba7-4898-be1f-7600be293866-31800","study_name":"on_rho095_o3mlubrze","directions":[1]}
{"op_code":8,"worker_id":"92cbcf00-aba7-4898-be1f-7600be293866-31800","trial_id":0,"user_attr":{"interrupted":true}}
{"op_code":6,"worker_id":"92cbcf00-aba7-4898-be1f-7600be293866-31800","trial_id":0,"state":3,"values":null,"datetime_complete":"2026-10-07T23:05:21.977108"}
{"op_code":4,"worker_id":"92cbcf00-aba7-4898-be1f-7600be293866-31800","study_id":0,"datetime_start":null,"state":4,"value":null,"values":null,"distributions":{},"params":{},"user_attrs":{"rerun_of":0,"defaults":true},"system_attrs":{"fixed_params":{}},"intermediate_values":{}}
{"op_code":0,"worker_id":"6a66e6cf-6f01-40bb-9312-ed14625bd377-22492","study_name":"on_rho095_o3mlubrze","directions":[1]}
{"op_code":6,"worker_id":"6a66e6cf-6f01-40bb-9312-ed14625bd377-22492","trial_id":1,"state":0,"values":null,"datetime_start":"2026-10-07T23:08:38.226913"}
{"op_code":8,"worker_id":"6a66e6cf-6f01-40bb-9312-ed14625bd377-22492","trial_id":1,"user_attr":{"train_argv":"--option 3 --reward-mode objective --objectives tardiness_sq --lambda-late 1.0 --lambda-energy 1.0 --power-model linear --difficulty on_rho095 --timesteps 300000 --save-tag tune_on_rho095_o3mlubrze_t1 --n-envs 4 --vec-backend subproc --seed 0 --algo ppo --markov-obs --lookahead --fixed-scaling --critic-arrivals --lateness-shaping --normalize-reward --event-idle"}}
{"op_code":0,"worker_id":"3d04b588-f4dc-4e99-b5bd-53a56a1133b2-1916","study_name":"on_rho095_o3mlubrze","directions":[1]}
{"op_code":0,"worker_id":"cf4d3f55-57c5-4585-85b1-c3858cf15779-6628","study_name":"on_rho095_o3mlubrze","directions":[1]}
{"op_code":4,"worker_id":"cf4d3f55-57c5-4585-85b1-c3858cf15779-6628","study_id":0,"datetime_start":"2026-10-07T23:26:01.444188"}
{"op_code":5,"worker_id":"cf4d3f55-57c5-4585-85b1-c3858cf15779-6628","trial_id":2,"param_name":"learning-rate","param_value_internal":0.00012947776733736072,"distribution":"{\"name\": \"FloatDistribution\", \"attributes\": {\"step\": null, \"low\": 3e-05, \"high\": 0.001, \"log\": true}}"}
{"op_code":5,"worker_id":"cf4d3f55-57c5-4585-85b1-c3858cf15779-6628","trial_id":2,"param_name":"rollout-size","param_value_internal":0,"distribution":"{\"name\": \"CategoricalDistribution\", \"attributes\": {\"choices\": [2048, 4096, 8192, 16384]}}"}
{"op_code":5,"worker_id":"cf4d3f55-57c5-4585-85b1-c3858cf15779-6628","trial_id":2,"param_name":"batch-size","param_value_internal":2,"distribution":"{\"name\": \"CategoricalDistribution\", \"attributes\": {\"choices\": [64, 256, 1024]}}"}
{"op_code":5,"worker_id":"cf4d3f55-57c5-4585-85b1-c3858cf15779-6628","trial_id":2,"param_name":"n-epochs","param_value_internal":1,"distribution":"{\"name\": \"CategoricalDistribution\", \"attributes\": {\"choices\": [3, 5, 10]}}"}
{"op_code":5,"worker_id":"cf4d3f55-57c5-4585-85b1-c3858cf15779-6628","trial_id":2,"param_name":"gamma","param_value_internal":2,"distribution":"{\"name\": \"CategoricalDistribution\", \"attributes\": {\"choices\": [0.99, 0.995, 0.999]}}"}
{"op_code":5,"worker_id":"cf4d3f55-57c5-4585-85b1-c3858cf15779-6628","trial_id":2,"param_name":"gae-lambda","param_value_internal":1,"distribution":"{\"name\": \"CategoricalDistribution\", \"attributes\": {\"choices\": [0.9, 0.95, 0.98]}}"}
{"op_code":5,"worker_id":"cf4d3f55-57c5-4585-85b1-c3858cf15779-6628","trial_id":2,"param_name":"clip-range","param_value_internal":0,"distribution":"{\"name\": \"CategoricalDistribution\", \"attributes\": {\"choices\": [0.1, 0.2, 0.3]}}"}
{"op_code":5,"worker_id":"cf4d3f55-57c5-4585-85b1-c3858cf15779-6628","trial_id":2,"param_name":"ent-coef","param_value_internal":0.009628117698906266,"distribution":"{\"name\": \"FloatDistribution\", \"attributes\": {\"step\": null, \"low\": 0.0001, \"high\": 0.03, \"log\": true}}"}
{"op_code":8,"worker_id":"cf4d3f55-57c5-4585-85b1-c3858cf15779-6628","trial_id":2,"user_attr":{"train_argv":"--option 3 --reward-mode objective --objectives tardiness_sq --lambda-late 1.0 --lambda-energy 1.0 --power-model linear --difficulty on_rho095 --timesteps 300000 --save-tag tune_on_rho095_o3mlubrze_t2 --n-envs 4 --vec-backend subproc --seed 0 --algo ppo --markov-obs --lookahead --fixed-scaling --critic-arrivals --lateness-shaping --normalize-reward --event-idle --learning-rate 0.000129478 --rollout-size 2048 --batch-size 1024 --n-epochs 5 --gamma 0.999 --gae-lambda 0.95 --clip-range 0.1 --ent-coef 0.00962812"}}
{"op_code":7,"worker_id":"cf4d3f55-57c5-4585-85b1-c3858cf15779-6628","trial_id":2,"step":75000,"intermediate_value":106074.6}
{"op_code":7,"worker_id":"6a66e6cf-6f01-40bb-9312-ed14625bd377-22492","trial_id":1,"step":75000,"intermediate_value":172008.4}
{"op_code":0,"worker_id":"2dd8138d-bae3-4c4c-a85a-b6f908705569-37176","study_name":"on_rho095_o3mlubrze","directions":[1]}
{"op_code":7,"worker_id":"cf4d3f55-57c5-4585-85b1-c3858cf15779-6628","trial_id":2,"step":150000,"intermediate_value":368152.4}
{"op_code":7,"worker_id":"cf4d3f55-57c5-4585-85b1-c3858cf15779-6628","trial_id":2,"step":225000,"intermediate_value":344215.6}
{"op_code":7,"worker_id":"6a66e6cf-6f01-40bb-9312-ed14625bd377-22492","trial_id":1,"step":150000,"intermediate_value":73988.2}
{"op_code":6,"worker_id":"cf4d3f55-57c5-4585-85b1-c3858cf15779-6628","trial_id":2,"state":1,"values":[442367.45],"datetime_complete":"2026-10-08T01:44:16.167782"}
{"op_code":4,"worker_id":"cf4d3f55-57c5-4585-85b1-c3858cf15779-6628","study_id":0,"datetime_start":"2026-10-08T01:44:16.751437"}
{"op_code":5,"worker_id":"cf4d3f55-57c5-4585-85b1-c3858cf15779-6628","trial_id":3,"param_name":"learning-rate","param_value_internal":0.0008946769081974223,"distribution":"{\"name\": \"FloatDistribution\", \"attributes\": {\"step\": null, \"low\": 3e-05, \"high\": 0.001, \"log\": true}}"}
{"op_code":5,"worker_id":"cf4d3f55-57c5-4585-85b1-c3858cf15779-6628","trial_id":3,"param_name":"rollout-size","param_value_internal":3,"distribution":"{\"name\": \"CategoricalDistribution\", \"attributes\": {\"choices\": [2048, 4096, 8192, 16384]}}"}
{"op_code":5,"worker_id":"cf4d3f55-57c5-4585-85b1-c3858cf15779-6628","trial_id":3,"param_name":"batch-size","param_value_internal":2,"distribution":"{\"name\": \"CategoricalDistribution\", \"attributes\": {\"choices\": [64, 256, 1024]}}"}
{"op_code":5,"worker_id":"cf4d3f55-57c5-4585-85b1-c3858cf15779-6628","trial_id":3,"param_name":"n-epochs","param_value_internal":0,"distribution":"{\"name\": \"CategoricalDistribution\", \"attributes\": {\"choices\": [3, 5, 10]}}"}
{"op_code":5,"worker_id":"cf4d3f55-57c5-4585-85b1-c3858cf15779-6628","trial_id":3,"param_name":"gamma","param_value_internal":0,"distribution":"{\"name\": \"CategoricalDistribution\", \"attributes\": {\"choices\": [0.99, 0.995, 0.999]}}"}
{"op_code":5,"worker_id":"cf4d3f55-57c5-4585-85b1-c3858cf15779-6628","trial_id":3,"param_name":"gae-lambda","param_value_internal":2,"distribution":"{\"name\": \"CategoricalDistribution\", \"attributes\": {\"choices\": [0.9, 0.95, 0.98]}}"}
{"op_code":5,"worker_id":"cf4d3f55-57c5-4585-85b1-c3858cf15779-6628","trial_id":3,"param_name":"clip-range","param_value_internal":2,"distribution":"{\"name\": \"CategoricalDistribution\", \"attributes\": {\"choices\": [0.1, 0.2, 0.3]}}"}
{"op_code":5,"worker_id":"cf4d3f55-57c5-4585-85b1-c3858cf15779-6628","trial_id":3,"param_name":"ent-coef","param_value_internal":0.007133407671882763,"distribution":"{\"name\": \"FloatDistribution\", \"attributes\": {\"step\": null, \"low\": 0.0001, \"high\": 0.03, \"log\": true}}"}
{"op_code":8,"worker_id":"cf4d3f55-57c5-4585-85b1-c3858cf15779-6628","trial_id":3,"user_attr":{"train_argv":"--option 3 --reward-mode objective --objectives tardiness_sq --lambda-late 1.0 --lambda-energy 1.0 --power-model linear --difficulty on_rho095 --timesteps 300000 --save-tag tune_on_rho095_o3mlubrze_t3 --n-envs 4 --vec-backend subproc --seed 0 --algo ppo --markov-obs --lookahead --fixed-scaling --critic-arrivals --lateness-shaping --normalize-reward --event-idle --learning-rate 0.000894677 --rollout-size 16384 --batch-size 1024 --n-epochs 3 --gamma 0.99 --gae-lambda 0.98 --clip-range 0.3 --ent-coef 0.00713341"}}
{"op_code":7,"worker_id":"cf4d3f55-57c5-4585-85b1-c3858cf15779-6628","trial_id":3,"step":75000,"intermediate_value":67603.8}
{"op_code":7,"worker_id":"6a66e6cf-6f01-40bb-9312-ed14625bd377-22492","trial_id":1,"step":225000,"intermediate_value":68920.0}
{"op_code":7,"worker_id":"cf4d3f55-57c5-4585-85b1-c3858cf15779-6628","trial_id":3,"step":150000,"intermediate_value":65443.4}
{"op_code":7,"worker_id":"cf4d3f55-57c5-4585-85b1-c3858cf15779-6628","trial_id":3,"step":225000,"intermediate_value":52184.6}
{"op_code":6,"worker_id":"cf4d3f55-57c5-4585-85b1-c3858cf15779-6628","trial_id":3,"state":1,"values":[60848.4],"datetime_complete":"2026-10-08T03:14:58.476554"}
{"op_code":4,"worker_id":"cf4d3f55-57c5-4585-85b1-c3858cf15779-6628","study_id":0,"datetime_start":"2026-10-08T03:14:59.094922"}
{"op_code":5,"worker_id":"cf4d3f55-57c5-4585-85b1-c3858cf15779-6628","trial_id":4,"param_name":"learning-rate","param_value_internal":8.020537052571766e-05,"distribution":"{\"name\": \"FloatDistribution\", \"attributes\": {\"step\": null, \"low\": 3e-05, \"high\": 0.001, \"log\": true}}"}
{"op_code":5,"worker_id":"cf4d3f55-57c5-4585-85b1-c3858cf15779-6628","trial_id":4,"param_name":"rollout-size","param_value_internal":3,"distribution":"{\"name\": \"CategoricalDistribution\", \"attributes\": {\"choices\": [2048, 4096, 8192, 16384]}}"}
{"op_code":5,"worker_id":"cf4d3f55-57c5-4585-85b1-c3858cf15779-6628","trial_id":4,"param_name":"batch-size","param_value_internal":0,"distribution":"{\"name\": \"CategoricalDistribution\", \"attributes\": {\"choices\": [64, 256, 1024]}}"}
{"op_code":5,"worker_id":"cf4d3f55-57c5-4585-85b1-c3858cf15779-6628","trial_id":4,"param_name":"n-epochs","param_value_internal":1,"distribution":"{\"name\": \"CategoricalDistribution\", \"attributes\": {\"choices\": [3, 5, 10]}}"}
{"op_code":5,"worker_id":"cf4d3f55-57c5-4585-85b1-c3858cf15779-6628","trial_id":4,"param_name":"gamma","param_value_internal":1,"distribution":"{\"name\": \"CategoricalDistribution\", \"attributes\": {\"choices\": [0.99, 0.995, 0.999]}}"}
{"op_code":5,"worker_id":"cf4d3f55-57c5-4585-85b1-c3858cf15779-6628","trial_id":4,"param_name":"gae-lambda","param_value_internal":2,"distribution":"{\"name\": \"CategoricalDistribution\", \"attributes\": {\"choices\": [0.9, 0.95, 0.98]}}"}
{"op_code":5,"worker_id":"cf4d3f55-57c5-4585-85b1-c3858cf15779-6628","trial_id":4,"param_name":"clip-range","param_value_internal":0,"distribution":"{\"name\": \"CategoricalDistribution\", \"attributes\": {\"choices\": [0.1, 0.2, 0.3]}}"}
{"op_code":5,"worker_id":"cf4d3f55-57c5-4585-85b1-c3858cf15779-6628","trial_id":4,"param_name":"ent-coef","param_value_internal":0.005249445001691897,"distribution":"{\"name\": \"FloatDistribution\", \"attributes\": {\"step\": null, \"low\": 0.0001, \"high\": 0.03, \"log\": true}}"}
{"op_code":8,"worker_id":"cf4d3f55-57c5-4585-85b1-c3858cf15779-6628","trial_id":4,"user_attr":{"train_argv":"--option 3 --reward-mode objective --objectives tardiness_sq --lambda-late 1.0 --lambda-energy 1.0 --power-model linear --difficulty on_rho095 --timesteps 300000 --save-tag tune_on_rho095_o3mlubrze_t4 --n-envs 4 --vec-backend subproc --seed 0 --algo ppo --markov-obs --lookahead --fixed-scaling --critic-arrivals --lateness-shaping --normalize-reward --event-idle --learning-rate 8.02054e-05 --rollout-size 16384 --batch-size 64 --n-epochs 5 --gamma 0.995 --gae-lambda 0.98 --clip-range 0.1 --ent-coef 0.00524945"}}
{"op_code":6,"worker_id":"6a66e6cf-6f01-40bb-9312-ed14625bd377-22492","trial_id":1,"state":1,"values":[53811.75],"datetime_complete":"2026-10-08T03:25:48.787442"}
{"op_code":4,"worker_id":"6a66e6cf-6f01-40bb-9312-ed14625bd377-22492","study_id":0,"datetime_start":"2026-10-08T03:25:49.387995"}
{"op_code":5,"worker_id":"6a66e6cf-6f01-40bb-9312-ed14625bd377-22492","trial_id":5,"param_name":"learning-rate","param_value_internal":0.00020554062603827,"distribution":"{\"name\": \"FloatDistribution\", \"attributes\": {\"step\": null, \"low\": 3e-05, \"high\": 0.001, \"log\": true}}"}
{"op_code":5,"worker_id":"6a66e6cf-6f01-40bb-9312-ed14625bd377-22492","trial_id":5,"param_name":"rollout-size","param_value_internal":0,"distribution":"{\"name\": \"CategoricalDistribution\", \"attributes\": {\"choices\": [2048, 4096, 8192, 16384]}}"}
{"op_code":5,"worker_id":"6a66e6cf-6f01-40bb-9312-ed14625bd377-22492","trial_id":5,"param_name":"batch-size","param_value_internal":2,"distribution":"{\"name\": \"CategoricalDistribution\", \"attributes\": {\"choices\": [64, 256, 1024]}}"}
{"op_code":5,"worker_id":"6a66e6cf-6f01-40bb-9312-ed14625bd377-22492","trial_id":5,"param_name":"n-epochs","param_value_internal":0,"distribution":"{\"name\": \"CategoricalDistribution\", \"attributes\": {\"choices\": [3, 5, 10]}}"}
{"op_code":5,"worker_id":"6a66e6cf-6f01-40bb-9312-ed14625bd377-22492","trial_id":5,"param_name":"gamma","param_value_internal":2,"distribution":"{\"name\": \"CategoricalDistribution\", \"attributes\": {\"choices\": [0.99, 0.995, 0.999]}}"}
{"op_code":5,"worker_id":"6a66e6cf-6f01-40bb-9312-ed14625bd377-22492","trial_id":5,"param_name":"gae-lambda","param_value_internal":1,"distribution":"{\"name\": \"CategoricalDistribution\", \"attributes\": {\"choices\": [0.9, 0.95, 0.98]}}"}
{"op_code":5,"worker_id":"6a66e6cf-6f01-40bb-9312-ed14625bd377-22492","trial_id":5,"param_name":"clip-range","param_value_internal":2,"distribution":"{\"name\": \"CategoricalDistribution\", \"attributes\": {\"choices\": [0.1, 0.2, 0.3]}}"}
{"op_code":5,"worker_id":"6a66e6cf-6f01-40bb-9312-ed14625bd377-22492","trial_id":5,"param_name":"ent-coef","param_value_internal":0.02655561084998941,"distribution":"{\"name\": \"FloatDistribution\", \"attributes\": {\"step\": null, \"low\": 0.0001, \"high\": 0.03, \"log\": true}}"}
{"op_code":8,"worker_id":"6a66e6cf-6f01-40bb-9312-ed14625bd377-22492","trial_id":5,"user_attr":{"train_argv":"--option 3 --reward-mode objective --objectives tardiness_sq --lambda-late 1.0 --lambda-energy 1.0 --power-model linear --difficulty on_rho095 --timesteps 300000 --save-tag tune_on_rho095_o3mlubrze_t5 --n-envs 4 --vec-backend subproc --seed 0 --algo ppo --markov-obs --lookahead --fixed-scaling --critic-arrivals --lateness-shaping --normalize-reward --event-idle --learning-rate 0.000205541 --rollout-size 2048 --batch-size 1024 --n-epochs 3 --gamma 0.999 --gae-lambda 0.95 --clip-range 0.3 --ent-coef 0.0265556"}}
{"op_code":7,"worker_id":"cf4d3f55-57c5-4585-85b1-c3858cf15779-6628","trial_id":4,"step":75000,"intermediate_value":109515.6}
{"op_code":7,"worker_id":"6a66e6cf-6f01-40bb-9312-ed14625bd377-22492","trial_id":5,"step":75000,"intermediate_value":123135.2}
{"op_code":7,"worker_id":"6a66e6cf-6f01-40bb-9312-ed14625bd377-22492","trial_id":5,"step":150000,"intermediate_value":218086.2}
{"op_code":7,"worker_id":"cf4d3f55-57c5-4585-85b1-c3858cf15779-6628","trial_id":4,"step":150000,"intermediate_value":57090.4}
{"op_code":7,"worker_id":"6a66e6cf-6f01-40bb-9312-ed14625bd377-22492","trial_id":5,"step":225000,"intermediate_value":271645.4}
{"op_code":7,"worker_id":"cf4d3f55-57c5-4585-85b1-c3858cf15779-6628","trial_id":4,"step":225000,"intermediate_value":39724.0}
{"op_code":6,"worker_id":"6a66e6cf-6f01-40bb-9312-ed14625bd377-22492","trial_id":5,"state":1,"values":[787305.55],"datetime_complete":"2026-10-08T04:53:49.040267"}
{"op_code":4,"worker_id":"6a66e6cf-6f01-40bb-9312-ed14625bd377-22492","study_id":0,"datetime_start":"2026-10-08T04:53:49.631048"}
{"op_code":5,"worker_id":"6a66e6cf-6f01-40bb-9312-ed14625bd377-22492","trial_id":6,"param_name":"learning-rate","param_value_internal":0.0004944733002746453,"distribution":"{\"name\": \"FloatDistribution\", \"attributes\": {\"step\": null, \"low\": 3e-05, \"high\": 0.001, \"log\": true}}"}
{"op_code":5,"worker_id":"6a66e6cf-6f01-40bb-9312-ed14625bd377-22492","trial_id":6,"param_name":"rollout-size","param_value_internal":1,"distribution":"{\"name\": \"CategoricalDistribution\", \"attributes\": {\"choices\": [2048, 4096, 8192, 16384]}}"}
{"op_code":5,"worker_id":"6a66e6cf-6f01-40bb-9312-ed14625bd377-22492","trial_id":6,"param_name":"batch-size","param_value_internal":1,"distribution":"{\"name\": \"CategoricalDistribution\", \"attributes\": {\"choices\": [64, 256, 1024]}}"}
{"op_code":5,"worker_id":"6a66e6cf-6f01-40bb-9312-ed14625bd377-22492","trial_id":6,"param_name":"n-epochs","param_value_internal":2,"distribution":"{\"name\": \"CategoricalDistribution\", \"attributes\": {\"choices\": [3, 5, 10]}}"}
{"op_code":5,"worker_id":"6a66e6cf-6f01-40bb-9312-ed14625bd377-22492","trial_id":6,"param_name":"gamma","param_value_internal":1,"distribution":"{\"name\": \"CategoricalDistribution\", \"attributes\": {\"choices\": [0.99, 0.995, 0.999]}}"}
{"op_code":5,"worker_id":"6a66e6cf-6f01-40bb-9312-ed14625bd377-22492","trial_id":6,"param_name":"gae-lambda","param_value_internal":0,"distribution":"{\"name\": \"CategoricalDistribution\", \"attributes\": {\"choices\": [0.9, 0.95, 0.98]}}"}
{"op_code":5,"worker_id":"6a66e6cf-6f01-40bb-9312-ed14625bd377-22492","trial_id":6,"param_name":"clip-range","param_value_internal":0,"distribution":"{\"name\": \"CategoricalDistribution\", \"attributes\": {\"choices\": [0.1, 0.2, 0.3]}}"}
{"op_code":5,"worker_id":"6a66e6cf-6f01-40bb-9312-ed14625bd377-22492","trial_id":6,"param_name":"ent-coef","param_value_internal":0.0012094311268425492,"distribution":"{\"name\": \"FloatDistribution\", \"attributes\": {\"step\": null, \"low\": 0.0001, \"high\": 0.03, \"log\": true}}"}
{"op_code":8,"worker_id":"6a66e6cf-6f01-40bb-9312-ed14625bd377-22492","trial_id":6,"user_attr":{"train_argv":"--option 3 --reward-mode objective --objectives tardiness_sq --lambda-late 1.0 --lambda-energy 1.0 --power-model linear --difficulty on_rho095 --timesteps 300000 --save-tag tune_on_rho095_o3mlubrze_t6 --n-envs 4 --vec-backend subproc --seed 0 --algo ppo --markov-obs --lookahead --fixed-scaling --critic-arrivals --lateness-shaping --normalize-reward --event-idle --learning-rate 0.000494473 --rollout-size 4096 --batch-size 256 --n-epochs 10 --gamma 0.995 --gae-lambda 0.9 --clip-range 0.1 --ent-coef 0.00120943"}}
{"op_code":0,"worker_id":"03bbeb63-64b3-48b7-9f9d-004aaae45daa-17132","study_name":"on_rho095_o3mlubrze","directions":[1]}
{"op_code":6,"worker_id":"cf4d3f55-57c5-4585-85b1-c3858cf15779-6628","trial_id":4,"state":1,"values":[48996.85],"datetime_complete":"2026-10-08T05:35:12.301243"}
{"op_code":4,"worker_id":"cf4d3f55-57c5-4585-85b1-c3858cf15779-6628","study_id":0,"datetime_start":"2026-10-08T05:35:12.919220"}
{"op_code":5,"worker_id":"cf4d3f55-57c5-4585-85b1-c3858cf15779-6628","trial_id":7,"param_name":"learning-rate","param_value_internal":0.00012819351653117325,"distribution":"{\"name\": \"FloatDistribution\", \"attributes\": {\"step\": null, \"low\": 3e-05, \"high\": 0.001, \"log\": true}}"}
{"op_code":5,"worker_id":"cf4d3f55-57c5-4585-85b1-c3858cf15779-6628","trial_id":7,"param_name":"rollout-size","param_value_internal":2,"distribution":"{\"name\": \"CategoricalDistribution\", \"attributes\": {\"choices\": [2048, 4096, 8192, 16384]}}"}
{"op_code":5,"worker_id":"cf4d3f55-57c5-4585-85b1-c3858cf15779-6628","trial_id":7,"param_name":"batch-size","param_value_internal":0,"distribution":"{\"name\": \"CategoricalDistribution\", \"attributes\": {\"choices\": [64, 256, 1024]}}"}
{"op_code":5,"worker_id":"cf4d3f55-57c5-4585-85b1-c3858cf15779-6628","trial_id":7,"param_name":"n-epochs","param_value_internal":2,"distribution":"{\"name\": \"CategoricalDistribution\", \"attributes\": {\"choices\": [3, 5, 10]}}"}
{"op_code":5,"worker_id":"cf4d3f55-57c5-4585-85b1-c3858cf15779-6628","trial_id":7,"param_name":"gamma","param_value_internal":2,"distribution":"{\"name\": \"CategoricalDistribution\", \"attributes\": {\"choices\": [0.99, 0.995, 0.999]}}"}
{"op_code":5,"worker_id":"cf4d3f55-57c5-4585-85b1-c3858cf15779-6628","trial_id":7,"param_name":"gae-lambda","param_value_internal":1,"distribution":"{\"name\": \"CategoricalDistribution\", \"attributes\": {\"choices\": [0.9, 0.95, 0.98]}}"}
{"op_code":5,"worker_id":"cf4d3f55-57c5-4585-85b1-c3858cf15779-6628","trial_id":7,"param_name":"clip-range","param_value_internal":0,"distribution":"{\"name\": \"CategoricalDistribution\", \"attributes\": {\"choices\": [0.1, 0.2, 0.3]}}"}
{"op_code":5,"worker_id":"cf4d3f55-57c5-4585-85b1-c3858cf15779-6628","trial_id":7,"param_name":"ent-coef","param_value_internal":0.0007315828206835942,"distribution":"{\"name\": \"FloatDistribution\", \"attributes\": {\"step\": null, \"low\": 0.0001, \"high\": 0.03, \"log\": true}}"}
{"op_code":8,"worker_id":"cf4d3f55-57c5-4585-85b1-c3858cf15779-6628","trial_id":7,"user_attr":{"train_argv":"--option 3 --reward-mode objective --objectives tardiness_sq --lambda-late 1.0 --lambda-energy 1.0 --power-model linear --difficulty on_rho095 --timesteps 300000 --save-tag tune_on_rho095_o3mlubrze_t7 --n-envs 4 --vec-backend subproc --seed 0 --algo ppo --markov-obs --lookahead --fixed-scaling --critic-arrivals --lateness-shaping --normalize-reward --event-idle --learning-rate 0.000128194 --rollout-size 8192 --batch-size 64 --n-epochs 10 --gamma 0.999 --gae-lambda 0.95 --clip-range 0.1 --ent-coef 0.000731583"}}
{"op_code":7,"worker_id":"6a66e6cf-6f01-40bb-9312-ed14625bd377-22492","trial_id":6,"step":75000,"intermediate_value":165877.8}
{"op_code":6,"worker_id":"6a66e6cf-6f01-40bb-9312-ed14625bd377-22492","trial_id":6,"state":2,"values":[165877.8],"datetime_complete":"2026-10-08T05:57:13.678160"}
{"op_code":4,"worker_id":"6a66e6cf-6f01-40bb-9312-ed14625bd377-22492","study_id":0,"datetime_start":"2026-10-08T05:57:14.114175"}
{"op_code":5,"worker_id":"6a66e6cf-6f01-40bb-9312-ed14625bd377-22492","trial_id":8,"param_name":"learning-rate","param_value_internal":0.0003463609921766881,"distribution":"{\"name\": \"FloatDistribution\", \"attributes\": {\"step\": null, \"low\": 3e-05, \"high\": 0.001, \"log\": true}}"}
{"op_code":5,"worker_id":"6a66e6cf-6f01-40bb-9312-ed14625bd377-22492","trial_id":8,"param_name":"rollout-size","param_value_internal":2,"distribution":"{\"name\": \"CategoricalDistribution\", \"attributes\": {\"choices\": [2048, 4096, 8192, 16384]}}"}
{"op_code":5,"worker_id":"6a66e6cf-6f01-40bb-9312-ed14625bd377-22492","trial_id":8,"param_name":"batch-size","param_value_internal":2,"distribution":"{\"name\": \"CategoricalDistribution\", \"attributes\": {\"choices\": [64, 256, 1024]}}"}
{"op_code":5,"worker_id":"6a66e6cf-6f01-40bb-9312-ed14625bd377-22492","trial_id":8,"param_name":"n-epochs","param_value_internal":2,"distribution":"{\"name\": \"CategoricalDistribution\", \"attributes\": {\"choices\": [3, 5, 10]}}"}
{"op_code":5,"worker_id":"6a66e6cf-6f01-40bb-9312-ed14625bd377-22492","trial_id":8,"param_name":"gamma","param_value_internal":1,"distribution":"{\"name\": \"CategoricalDistribution\", \"attributes\": {\"choices\": [0.99, 0.995, 0.999]}}"}
{"op_code":5,"worker_id":"6a66e6cf-6f01-40bb-9312-ed14625bd377-22492","trial_id":8,"param_name":"gae-lambda","param_value_internal":0,"distribution":"{\"name\": \"CategoricalDistribution\", \"attributes\": {\"choices\": [0.9, 0.95, 0.98]}}"}
{"op_code":5,"worker_id":"6a66e6cf-6f01-40bb-9312-ed14625bd377-22492","trial_id":8,"param_name":"clip-range","param_value_internal":0,"distribution":"{\"name\": \"CategoricalDistribution\", \"attributes\": {\"choices\": [0.1, 0.2, 0.3]}}"}
{"op_code":5,"worker_id":"6a66e6cf-6f01-40bb-9312-ed14625bd377-22492","trial_id":8,"param_name":"ent-coef","param_value_internal":0.0042248177213228075,"distribution":"{\"name\": \"FloatDistribution\", \"attributes\": {\"step\": null, \"low\": 0.0001, \"high\": 0.03, \"log\": true}}"}
{"op_code":8,"worker_id":"6a66e6cf-6f01-40bb-9312-ed14625bd377-22492","trial_id":8,"user_attr":{"train_argv":"--option 3 --reward-mode objective --objectives tardiness_sq --lambda-late 1.0 --lambda-energy 1.0 --power-model linear --difficulty on_rho095 --timesteps 300000 --save-tag tune_on_rho095_o3mlubrze_t8 --n-envs 4 --vec-backend subproc --seed 0 --algo ppo --markov-obs --lookahead --fixed-scaling --critic-arrivals --lateness-shaping --normalize-reward --event-idle --learning-rate 0.000346361 --rollout-size 8192 --batch-size 1024 --n-epochs 10 --gamma 0.995 --gae-lambda 0.9 --clip-range 0.1 --ent-coef 0.00422482"}}
{"op_code":7,"worker_id":"cf4d3f55-57c5-4585-85b1-c3858cf15779-6628","trial_id":7,"step":75000,"intermediate_value":182742.6}
{"op_code":6,"worker_id":"cf4d3f55-57c5-4585-85b1-c3858cf15779-6628","trial_id":7,"state":2,"values":[182742.6],"datetime_complete":"2026-10-08T06:35:32.811165"}
{"op_code":4,"worker_id":"cf4d3f55-57c5-4585-85b1-c3858cf15779-6628","study_id":0,"datetime_start":"2026-10-08T06:35:33.340964"}
{"op_code":5,"worker_id":"cf4d3f55-57c5-4585-85b1-c3858cf15779-6628","trial_id":9,"param_name":"learning-rate","param_value_internal":7.730163929099126e-05,"distribution":"{\"name\": \"FloatDistribution\", \"attributes\": {\"step\": null, \"low\": 3e-05, \"high\": 0.001, \"log\": true}}"}
{"op_code":5,"worker_id":"cf4d3f55-57c5-4585-85b1-c3858cf15779-6628","trial_id":9,"param_name":"rollout-size","param_value_internal":2,"distribution":"{\"name\": \"CategoricalDistribution\", \"attributes\": {\"choices\": [2048, 4096, 8192, 16384]}}"}
{"op_code":5,"worker_id":"cf4d3f55-57c5-4585-85b1-c3858cf15779-6628","trial_id":9,"param_name":"batch-size","param_value_internal":2,"distribution":"{\"name\": \"CategoricalDistribution\", \"attributes\": {\"choices\": [64, 256, 1024]}}"}
{"op_code":5,"worker_id":"cf4d3f55-57c5-4585-85b1-c3858cf15779-6628","trial_id":9,"param_name":"n-epochs","param_value_internal":1,"distribution":"{\"name\": \"CategoricalDistribution\", \"attributes\": {\"choices\": [3, 5, 10]}}"}
{"op_code":5,"worker_id":"cf4d3f55-57c5-4585-85b1-c3858cf15779-6628","trial_id":9,"param_name":"gamma","param_value_internal":1,"distribution":"{\"name\": \"CategoricalDistribution\", \"attributes\": {\"choices\": [0.99, 0.995, 0.999]}}"}
{"op_code":5,"worker_id":"cf4d3f55-57c5-4585-85b1-c3858cf15779-6628","trial_id":9,"param_name":"gae-lambda","param_value_internal":1,"distribution":"{\"name\": \"CategoricalDistribution\", \"attributes\": {\"choices\": [0.9, 0.95, 0.98]}}"}
{"op_code":5,"worker_id":"cf4d3f55-57c5-4585-85b1-c3858cf15779-6628","trial_id":9,"param_name":"clip-range","param_value_internal":1,"distribution":"{\"name\": \"CategoricalDistribution\", \"attributes\": {\"choices\": [0.1, 0.2, 0.3]}}"}
{"op_code":5,"worker_id":"cf4d3f55-57c5-4585-85b1-c3858cf15779-6628","trial_id":9,"param_name":"ent-coef","param_value_internal":0.0178053999350902,"distribution":"{\"name\": \"FloatDistribution\", \"attributes\": {\"step\": null, \"low\": 0.0001, \"high\": 0.03, \"log\": true}}"}
{"op_code":8,"worker_id":"cf4d3f55-57c5-4585-85b1-c3858cf15779-6628","trial_id":9,"user_attr":{"train_argv":"--option 3 --reward-mode objective --objectives tardiness_sq --lambda-late 1.0 --lambda-energy 1.0 --power-model linear --difficulty on_rho095 --timesteps 300000 --save-tag tune_on_rho095_o3mlubrze_t9 --n-envs 4 --vec-backend subproc --seed 0 --algo ppo --markov-obs --lookahead --fixed-scaling --critic-arrivals --lateness-shaping --normalize-reward --event-idle --learning-rate 7.73016e-05 --rollout-size 8192 --batch-size 1024 --n-epochs 5 --gamma 0.995 --gae-lambda 0.95 --clip-range 0.2 --ent-coef 0.0178054"}}
{"op_code":7,"worker_id":"6a66e6cf-6f01-40bb-9312-ed14625bd377-22492","trial_id":8,"step":75000,"intermediate_value":96580.0}
{"op_code":7,"worker_id":"cf4d3f55-57c5-4585-85b1-c3858cf15779-6628","trial_id":9,"step":75000,"intermediate_value":108139.8}
{"op_code":7,"worker_id":"cf4d3f55-57c5-4585-85b1-c3858cf15779-6628","trial_id":9,"step":150000,"intermediate_value":85488.4}
{"op_code":6,"worker_id":"cf4d3f55-57c5-4585-85b1-c3858cf15779-6628","trial_id":9,"state":2,"values":[85488.4],"datetime_complete":"2026-10-08T07:40:40.509600"}
{"op_code":4,"worker_id":"cf4d3f55-57c5-4585-85b1-c3858cf15779-6628","study_id":0,"datetime_start":"2026-10-08T07:40:40.925495"}
{"op_code":5,"worker_id":"cf4d3f55-57c5-4585-85b1-c3858cf15779-6628","trial_id":10,"param_name":"learning-rate","param_value_internal":0.0002669458205620775,"distribution":"{\"name\": \"FloatDistribution\", \"attributes\": {\"step\": null, \"low\": 3e-05, \"high\": 0.001, \"log\": true}}"}
{"op_code":5,"worker_id":"cf4d3f55-57c5-4585-85b1-c3858cf15779-6628","trial_id":10,"param_name":"rollout-size","param_value_internal":3,"distribution":"{\"name\": \"CategoricalDistribution\", \"attributes\": {\"choices\": [2048, 4096, 8192, 16384]}}"}
{"op_code":5,"worker_id":"cf4d3f55-57c5-4585-85b1-c3858cf15779-6628","trial_id":10,"param_name":"batch-size","param_value_internal":2,"distribution":"{\"name\": \"CategoricalDistribution\", \"attributes\": {\"choices\": [64, 256, 1024]}}"}
{"op_code":5,"worker_id":"cf4d3f55-57c5-4585-85b1-c3858cf15779-6628","trial_id":10,"param_name":"n-epochs","param_value_internal":2,"distribution":"{\"name\": \"CategoricalDistribution\", \"attributes\": {\"choices\": [3, 5, 10]}}"}
{"op_code":5,"worker_id":"cf4d3f55-57c5-4585-85b1-c3858cf15779-6628","trial_id":10,"param_name":"gamma","param_value_internal":1,"distribution":"{\"name\": \"CategoricalDistribution\", \"attributes\": {\"choices\": [0.99, 0.995, 0.999]}}"}
{"op_code":5,"worker_id":"cf4d3f55-57c5-4585-85b1-c3858cf15779-6628","trial_id":10,"param_name":"gae-lambda","param_value_internal":0,"distribution":"{\"name\": \"CategoricalDistribution\", \"attributes\": {\"choices\": [0.9, 0.95, 0.98]}}"}
{"op_code":5,"worker_id":"cf4d3f55-57c5-4585-85b1-c3858cf15779-6628","trial_id":10,"param_name":"clip-range","param_value_internal":2,"distribution":"{\"name\": \"CategoricalDistribution\", \"attributes\": {\"choices\": [0.1, 0.2, 0.3]}}"}
{"op_code":5,"worker_id":"cf4d3f55-57c5-4585-85b1-c3858cf15779-6628","trial_id":10,"param_name":"ent-coef","param_value_internal":0.0021614733347606607,"distribution":"{\"name\": \"FloatDistribution\", \"attributes\": {\"step\": null, \"low\": 0.0001, \"high\": 0.03, \"log\": true}}"}
{"op_code":8,"worker_id":"cf4d3f55-57c5-4585-85b1-c3858cf15779-6628","trial_id":10,"user_attr":{"train_argv":"--option 3 --reward-mode objective --objectives tardiness_sq --lambda-late 1.0 --lambda-energy 1.0 --power-model linear --difficulty on_rho095 --timesteps 300000 --save-tag tune_on_rho095_o3mlubrze_t10 --n-envs 4 --vec-backend subproc --seed 0 --algo ppo --markov-obs --lookahead --fixed-scaling --critic-arrivals --lateness-shaping --normalize-reward --event-idle --learning-rate 0.000266946 --rollout-size 16384 --batch-size 1024 --n-epochs 10 --gamma 0.995 --gae-lambda 0.9 --clip-range 0.3 --ent-coef 0.00216147"}}
{"op_code":7,"worker_id":"6a66e6cf-6f01-40bb-9312-ed14625bd377-22492","trial_id":8,"step":150000,"intermediate_value":152038.6}
{"op_code":6,"worker_id":"6a66e6cf-6f01-40bb-9312-ed14625bd377-22492","trial_id":8,"state":2,"values":[152038.6],"datetime_complete":"2026-10-08T08:00:09.988386"}
{"op_code":4,"worker_id":"6a66e6cf-6f01-40bb-9312-ed14625bd377-22492","study_id":0,"datetime_start":"2026-10-08T08:00:10.421405"}
{"op_code":5,"worker_id":"6a66e6cf-6f01-40bb-9312-ed14625bd377-22492","trial_id":11,"param_name":"learning-rate","param_value_internal":4.8703159315306354e-05,"distribution":"{\"name\": \"FloatDistribution\", \"attributes\": {\"step\": null, \"low\": 3e-05, \"high\": 0.001, \"log\": true}}"}
{"op_code":5,"worker_id":"6a66e6cf-6f01-40bb-9312-ed14625bd377-22492","trial_id":11,"param_name":"rollout-size","param_value_internal":2,"distribution":"{\"name\": \"CategoricalDistribution\", \"attributes\": {\"choices\": [2048, 4096, 8192, 16384]}}"}
{"op_code":5,"worker_id":"6a66e6cf-6f01-40bb-9312-ed14625bd377-22492","trial_id":11,"param_name":"batch-size","param_value_internal":2,"distribution":"{\"name\": \"CategoricalDistribution\", \"attributes\": {\"choices\": [64, 256, 1024]}}"}
{"op_code":5,"worker_id":"6a66e6cf-6f01-40bb-9312-ed14625bd377-22492","trial_id":11,"param_name":"n-epochs","param_value_internal":1,"distribution":"{\"name\": \"CategoricalDistribution\", \"attributes\": {\"choices\": [3, 5, 10]}}"}
{"op_code":5,"worker_id":"6a66e6cf-6f01-40bb-9312-ed14625bd377-22492","trial_id":11,"param_name":"gamma","param_value_internal":0,"distribution":"{\"name\": \"CategoricalDistribution\", \"attributes\": {\"choices\": [0.99, 0.995, 0.999]}}"}
{"op_code":5,"worker_id":"6a66e6cf-6f01-40bb-9312-ed14625bd377-22492","trial_id":11,"param_name":"gae-lambda","param_value_internal":1,"distribution":"{\"name\": \"CategoricalDistribution\", \"attributes\": {\"choices\": [0.9, 0.95, 0.98]}}"}
{"op_code":5,"worker_id":"6a66e6cf-6f01-40bb-9312-ed14625bd377-22492","trial_id":11,"param_name":"clip-range","param_value_internal":1,"distribution":"{\"name\": \"CategoricalDistribution\", \"attributes\": {\"choices\": [0.1, 0.2, 0.3]}}"}
{"op_code":5,"worker_id":"6a66e6cf-6f01-40bb-9312-ed14625bd377-22492","trial_id":11,"param_name":"ent-coef","param_value_internal":0.005192032534497486,"distribution":"{\"name\": \"FloatDistribution\", \"attributes\": {\"step\": null, \"low\": 0.0001, \"high\": 0.03, \"log\": true}}"}
{"op_code":8,"worker_id":"6a66e6cf-6f01-40bb-9312-ed14625bd377-22492","trial_id":11,"user_attr":{"train_argv":"--option 3 --reward-mode objective --objectives tardiness_sq --lambda-late 1.0 --lambda-energy 1.0 --power-model linear --difficulty on_rho095 --timesteps 300000 --save-tag tune_on_rho095_o3mlubrze_t11 --n-envs 4 --vec-backend subproc --seed 0 --algo ppo --markov-obs --lookahead --fixed-scaling --critic-arrivals --lateness-shaping --normalize-reward --event-idle --learning-rate 4.87032e-05 --rollout-size 8192 --batch-size 1024 --n-epochs 5 --gamma 0.99 --gae-lambda 0.95 --clip-range 0.2 --ent-coef 0.00519203"}}
{"op_code":0,"worker_id":"a9e0df39-26bb-4c1a-a4aa-bf08d9211f7e-5576","study_name":"on_rho095_o3mlubrze","directions":[1]}
{"op_code":7,"worker_id":"6a66e6cf-6f01-40bb-9312-ed14625bd377-22492","trial_id":11,"step":75000,"intermediate_value":100308.2}
{"op_code":7,"worker_id":"cf4d3f55-57c5-4585-85b1-c3858cf15779-6628","trial_id":10,"step":75000,"intermediate_value":86984.8}
{"op_code":7,"worker_id":"6a66e6cf-6f01-40bb-9312-ed14625bd377-22492","trial_id":11,"step":150000,"intermediate_value":64685.8}
{"op_code":7,"worker_id":"6a66e6cf-6f01-40bb-9312-ed14625bd377-22492","trial_id":11,"step":225000,"intermediate_value":68901.2}
{"op_code":7,"worker_id":"cf4d3f55-57c5-4585-85b1-c3858cf15779-6628","trial_id":10,"step":150000,"intermediate_value":156378.4}
{"op_code":6,"worker_id":"cf4d3f55-57c5-4585-85b1-c3858cf15779-6628","trial_id":10,"state":2,"values":[156378.4],"datetime_complete":"2026-10-08T09:44:29.046728"}
{"op_code":4,"worker_id":"cf4d3f55-57c5-4585-85b1-c3858cf15779-6628","study_id":0,"datetime_start":"2026-10-08T09:44:29.684992"}
{"op_code":5,"worker_id":"cf4d3f55-57c5-4585-85b1-c3858cf15779-6628","trial_id":12,"param_name":"learning-rate","param_value_internal":3.1894517143765666e-05,"distribution":"{\"name\": \"FloatDistribution\", \"attributes\": {\"step\": null, \"low\": 3e-05, \"high\": 0.001, \"log\": true}}"}
{"op_code":5,"worker_id":"cf4d3f55-57c5-4585-85b1-c3858cf15779-6628","trial_id":12,"param_name":"rollout-size","param_value_internal":3,"distribution":"{\"name\": \"CategoricalDistribution\", \"attributes\": {\"choices\": [2048, 4096, 8192, 16384]}}"}
{"op_code":5,"worker_id":"cf4d3f55-57c5-4585-85b1-c3858cf15779-6628","trial_id":12,"param_name":"batch-size","param_value_internal":0,"distribution":"{\"name\": \"CategoricalDistribution\", \"attributes\": {\"choices\": [64, 256, 1024]}}"}
{"op_code":5,"worker_id":"cf4d3f55-57c5-4585-85b1-c3858cf15779-6628","trial_id":12,"param_name":"n-epochs","param_value_internal":1,"distribution":"{\"name\": \"CategoricalDistribution\", \"attributes\": {\"choices\": [3, 5, 10]}}"}
{"op_code":5,"worker_id":"cf4d3f55-57c5-4585-85b1-c3858cf15779-6628","trial_id":12,"param_name":"gamma","param_value_internal":0,"distribution":"{\"name\": \"CategoricalDistribution\", \"attributes\": {\"choices\": [0.99, 0.995, 0.999]}}"}
{"op_code":5,"worker_id":"cf4d3f55-57c5-4585-85b1-c3858cf15779-6628","trial_id":12,"param_name":"gae-lambda","param_value_internal":2,"distribution":"{\"name\": \"CategoricalDistribution\", \"attributes\": {\"choices\": [0.9, 0.95, 0.98]}}"}
{"op_code":5,"worker_id":"cf4d3f55-57c5-4585-85b1-c3858cf15779-6628","trial_id":12,"param_name":"clip-range","param_value_internal":1,"distribution":"{\"name\": \"CategoricalDistribution\", \"attributes\": {\"choices\": [0.1, 0.2, 0.3]}}"}
{"op_code":5,"worker_id":"cf4d3f55-57c5-4585-85b1-c3858cf15779-6628","trial_id":12,"param_name":"ent-coef","param_value_internal":0.00011753029137799356,"distribution":"{\"name\": \"FloatDistribution\", \"attributes\": {\"step\": null, \"low\": 0.0001, \"high\": 0.03, \"log\": true}}"}
{"op_code":8,"worker_id":"cf4d3f55-57c5-4585-85b1-c3858cf15779-6628","trial_id":12,"user_attr":{"train_argv":"--option 3 --reward-mode objective --objectives tardiness_sq --lambda-late 1.0 --lambda-energy 1.0 --power-model linear --difficulty on_rho095 --timesteps 300000 --save-tag tune_on_rho095_o3mlubrze_t12 --n-envs 4 --vec-backend subproc --seed 0 --algo ppo --markov-obs --lookahead --fixed-scaling --critic-arrivals --lateness-shaping --normalize-reward --event-idle --learning-rate 3.18945e-05 --rollout-size 16384 --batch-size 64 --n-epochs 5 --gamma 0.99 --gae-lambda 0.98 --clip-range 0.2 --ent-coef 0.00011753"}}
{"op_code":6,"worker_id":"6a66e6cf-6f01-40bb-9312-ed14625bd377-22492","trial_id":11,"state":1,"values":[94430.75],"datetime_complete":"2026-10-08T10:12:31.699329"}
{"op_code":7,"worker_id":"cf4d3f55-57c5-4585-85b1-c3858cf15779-6628","trial_id":12,"step":75000,"intermediate_value":58255.4}
{"op_code":7,"worker_id":"cf4d3f55-57c5-4585-85b1-c3858cf15779-6628","trial_id":12,"step":150000,"intermediate_value":71687.0}
{"op_code":7,"worker_id":"cf4d3f55-57c5-4585-85b1-c3858cf15779-6628","trial_id":12,"step":225000,"intermediate_value":65267.4}
{"op_code":6,"worker_id":"cf4d3f55-57c5-4585-85b1-c3858cf15779-6628","trial_id":12,"state":1,"values":[71944.3],"datetime_complete":"2026-10-08T11:49:43.547168"}
{"op_code":0,"worker_id":"d55512fb-e7dc-4eff-939e-bda52562d892-32732","study_name":"on_rho095_o3mlubrze","directions":[1]}
{"op_code":0,"worker_id":"5673b131-0df7-4269-a280-a6a54385ebf8-36448","study_name":"on_rho095_o3mlubrze","directions":[1]}
{"op_code":0,"worker_id":"a52bec88-a71c-4ca0-a2c2-2693b45d78b5-38104","study_name":"on_rho095_o3mlubrze","directions":[1]}
{"op_code":0,"worker_id":"c78a0fb7-b730-491c-b227-d37cf47e3434-32428","study_name":"on_rho095_o3mlubrze","directions":[1]}
{"op_code":0,"worker_id":"a163e1a7-df3b-453e-b103-838c621439bb-23232","study_name":"on_rho095_o3mlubrze","directions":[1]}
{"op_code":0,"worker_id":"1739aaf4-5a83-48fb-ae77-5e4130e40ceb-36512","study_name":"on_rho095_o3mlubrze","directions":[1]}
{"op_code":0,"worker_id":"4cf09e8c-8ced-4184-b07a-dd1da5a8a64c-14944","study_name":"on_rho095_o3mlubrze","directions":[1]}
{"op_code":0,"worker_id":"97bb133a-3bfb-4ada-9e7d-832079380c2a-39076","study_name":"on_rho095_o3mlubrze","directions":[1]}
