{"op_code":0,"worker_id":"9bba091b-97a8-4854-8852-d7f9843bb0f7-18832","study_name":"on_rho095_o0pmlubrze_a2c","directions":[1]}
{"op_code":4,"worker_id":"9bba091b-97a8-4854-8852-d7f9843bb0f7-18832","study_id":0,"datetime_start":null,"state":4,"value":null,"values":null,"distributions":{},"params":{},"user_attrs":{"defaults":true},"system_attrs":{"fixed_params":{}},"intermediate_values":{}}
{"op_code":6,"worker_id":"9bba091b-97a8-4854-8852-d7f9843bb0f7-18832","trial_id":0,"state":0,"values":null,"datetime_start":"2026-10-07T09:05:08.987703"}
{"op_code":8,"worker_id":"9bba091b-97a8-4854-8852-d7f9843bb0f7-18832","trial_id":0,"user_attr":{"train_argv":"--option 0 --reward-mode objective --objectives tardiness_sq --lambda-late 1.0 --lambda-energy 1.0 --power-model linear --difficulty on_rho095 --timesteps 300000 --save-tag tune_on_rho095_o0pmlubrze_a2c_t0 --n-envs 4 --vec-backend subproc --seed 0 --algo a2c --markov-obs --lookahead --fixed-scaling --critic-arrivals --lateness-shaping --normalize-reward --event-idle --policy-arch pointer"}}
{"op_code":7,"worker_id":"9bba091b-97a8-4854-8852-d7f9843bb0f7-18832","trial_id":0,"step":75000,"intermediate_value":348818.8}
{"op_code":7,"worker_id":"9bba091b-97a8-4854-8852-d7f9843bb0f7-18832","trial_id":0,"step":150000,"intermediate_value":100919.2}
{"op_code":7,"worker_id":"9bba091b-97a8-4854-8852-d7f9843bb0f7-18832","trial_id":0,"step":225000,"intermediate_value":97773.2}
{"op_code":6,"worker_id":"9bba091b-97a8-4854-8852-d7f9843bb0f7-18832","trial_id":0,"state":1,"values":[144947.1],"datetime_complete":"2026-10-07T09:45:46.472046"}
{"op_code":4,"worker_id":"9bba091b-97a8-4854-8852-d7f9843bb0f7-18832","study_id":0,"datetime_start":"2026-10-07T09:45:46.735990"}
{"op_code":5,"worker_id":"9bba091b-97a8-4854-8852-d7f9843bb0f7-18832","trial_id":1,"param_name":"learning-rate","param_value_internal":0.0006466422717414558,"distribution":"{\"name\": \"FloatDistribution\", \"attributes\": {\"step\": null, \"low\": 0.0001, \"high\": 0.003, \"log\": true}}"}
{"op_code":5,"worker_id":"9bba091b-97a8-4854-8852-d7f9843bb0f7-18832","trial_id":1,"param_name":"rollout-size","param_value_internal":0,"distribution":"{\"name\": \"CategoricalDistribution\", \"attributes\": {\"choices\": [20, 80, 320]}}"}
{"op_code":5,"worker_id":"9bba091b-97a8-4854-8852-d7f9843bb0f7-18832","trial_id":1,"param_name":"gamma","param_value_internal":1,"distribution":"{\"name\": \"CategoricalDistribution\", \"attributes\": {\"choices\": [0.99, 0.995, 0.999]}}"}
{"op_code":5,"worker_id":"9bba091b-97a8-4854-8852-d7f9843bb0f7-18832","trial_id":1,"param_name":"gae-lambda","param_value_internal":1,"distribution":"{\"name\": \"CategoricalDistribution\", \"attributes\": {\"choices\": [0.9, 0.95, 1.0]}}"}
{"op_code":5,"worker_id":"9bba091b-97a8-4854-8852-d7f9843bb0f7-18832","trial_id":1,"param_name":"ent-coef","param_value_internal":0.009145320282946534,"distribution":"{\"name\": \"FloatDistribution\", \"attributes\": {\"step\": null, \"low\": 0.0001, \"high\": 0.03, \"log\": true}}"}
{"op_code":8,"worker_id":"9bba091b-97a8-4854-8852-d7f9843bb0f7-18832","trial_id":1,"user_attr":{"train_argv":"--option 0 --reward-mode objective --objectives tardiness_sq --lambda-late 1.0 --lambda-energy 1.0 --power-model linear --difficulty on_rho095 --timesteps 300000 --save-tag tune_on_rho095_o0pmlubrze_a2c_t1 --n-envs 4 --vec-backend subproc --seed 0 --algo a2c --markov-obs --lookahead --fixed-scaling --critic-arrivals --lateness-shaping --normalize-reward --event-idle --policy-arch pointer --learning-rate 0.000646642 --rollout-size 20 --gamma 0.995 --gae-lambda 0.95 --ent-coef 0.00914532"}}
{"op_code":7,"worker_id":"9bba091b-97a8-4854-8852-d7f9843bb0f7-18832","trial_id":1,"step":75000,"intermediate_value":404959.6}
{"op_code":7,"worker_id":"9bba091b-97a8-4854-8852-d7f9843bb0f7-18832","trial_id":1,"step":150000,"intermediate_value":311893.8}
{"op_code":7,"worker_id":"9bba091b-97a8-4854-8852-d7f9843bb0f7-18832","trial_id":1,"step":225000,"intermediate_value":253121.2}
{"op_code":6,"worker_id":"9bba091b-97a8-4854-8852-d7f9843bb0f7-18832","trial_id":1,"state":1,"values":[458679.5],"datetime_complete":"2026-10-07T10:39:18.672422"}
{"op_code":4,"worker_id":"9bba091b-97a8-4854-8852-d7f9843bb0f7-18832","study_id":0,"datetime_start":"2026-10-07T10:39:18.905568"}
{"op_code":5,"worker_id":"9bba091b-97a8-4854-8852-d7f9843bb0f7-18832","trial_id":2,"param_name":"learning-rate","param_value_internal":0.0006042851578845063,"distribution":"{\"name\": \"FloatDistribution\", \"attributes\": {\"step\": null, \"low\": 0.0001, \"high\": 0.003, \"log\": true}}"}
{"op_code":5,"worker_id":"9bba091b-97a8-4854-8852-d7f9843bb0f7-18832","trial_id":2,"param_name":"rollout-size","param_value_internal":1,"distribution":"{\"name\": \"CategoricalDistribution\", \"attributes\": {\"choices\": [20, 80, 320]}}"}
{"op_code":5,"worker_id":"9bba091b-97a8-4854-8852-d7f9843bb0f7-18832","trial_id":2,"param_name":"gamma","param_value_internal":2,"distribution":"{\"name\": \"CategoricalDistribution\", \"attributes\": {\"choices\": [0.99, 0.995, 0.999]}}"}
{"op_code":5,"worker_id":"9bba091b-97a8-4854-8852-d7f9843bb0f7-18832","trial_id":2,"param_name":"gae-lambda","param_value_internal":2,"distribution":"{\"name\": \"CategoricalDistribution\", \"attributes\": {\"choices\": [0.9, 0.95, 1.0]}}"}
{"op_code":5,"worker_id":"9bba091b-97a8-4854-8852-d7f9843bb0f7-18832","trial_id":2,"param_name":"ent-coef","param_value_internal":0.009541412354586892,"distribution":"{\"name\": \"FloatDistribution\", \"attributes\": {\"step\": null, \"low\": 0.0001, \"high\": 0.03, \"log\": true}}"}
{"op_code":8,"worker_id":"9bba091b-97a8-4854-8852-d7f9843bb0f7-18832","trial_id":2,"user_attr":{"train_argv":"--option 0 --reward-mode objective --objectives tardiness_sq --lambda-late 1.0 --lambda-energy 1.0 --power-model linear --difficulty on_rho095 --timesteps 300000 --save-tag tune_on_rho095_o0pmlubrze_a2c_t2 --n-envs 4 --vec-backend subproc --seed 0 --algo a2c --markov-obs --lookahead --fixed-scaling --critic-arrivals --lateness-shaping --normalize-reward --event-idle --policy-arch pointer --learning-rate 0.000604285 --rollout-size 80 --gamma 0.999 --gae-lambda 1 --ent-coef 0.00954141"}}
{"op_code":7,"worker_id":"9bba091b-97a8-4854-8852-d7f9843bb0f7-18832","trial_id":2,"step":75000,"intermediate_value":332399.2}
{"op_code":7,"worker_id":"9bba091b-97a8-4854-8852-d7f9843bb0f7-18832","trial_id":2,"step":150000,"intermediate_value":391536.8}
{"op_code":7,"worker_id":"9bba091b-97a8-4854-8852-d7f9843bb0f7-18832","trial_id":2,"step":225000,"intermediate_value":464898.0}
{"op_code":6,"worker_id":"9bba091b-97a8-4854-8852-d7f9843bb0f7-18832","trial_id":2,"state":1,"values":[448256.7],"datetime_complete":"2026-10-07T11:15:41.792349"}
{"op_code":4,"worker_id":"9bba091b-97a8-4854-8852-d7f9843bb0f7-18832","study_id":0,"datetime_start":"2026-10-07T11:15:42.004089"}
{"op_code":5,"worker_id":"9bba091b-97a8-4854-8852-d7f9843bb0f7-18832","trial_id":3,"param_name":"learning-rate","param_value_internal":0.0004804641349751479,"distribution":"{\"name\": \"FloatDistribution\", \"attributes\": {\"step\": null, \"low\": 0.0001, \"high\": 0.003, \"log\": true}}"}
{"op_code":5,"worker_id":"9bba091b-97a8-4854-8852-d7f9843bb0f7-18832","trial_id":3,"param_name":"rollout-size","param_value_internal":0,"distribution":"{\"name\": \"CategoricalDistribution\", \"attributes\": {\"choices\": [20, 80, 320]}}"}
{"op_code":5,"worker_id":"9bba091b-97a8-4854-8852-d7f9843bb0f7-18832","trial_id":3,"param_name":"gamma","param_value_internal":1,"distribution":"{\"name\": \"CategoricalDistribution\", \"attributes\": {\"choices\": [0.99, 0.995, 0.999]}}"}
{"op_code":5,"worker_id":"9bba091b-97a8-4854-8852-d7f9843bb0f7-18832","trial_id":3,"param_name":"gae-lambda","param_value_internal":2,"distribution":"{\"name\": \"CategoricalDistribution\", \"attributes\": {\"choices\": [0.9, 0.95, 1.0]}}"}
{"op_code":5,"worker_id":"9bba091b-97a8-4854-8852-d7f9843bb0f7-18832","trial_id":3,"param_name":"ent-coef","param_value_internal":0.001348775545730254,"distribution":"{\"name\": \"FloatDistribution\", \"attributes\": {\"step\": null, \"low\": 0.0001, \"high\": 0.03, \"log\": true}}"}
{"op_code":8,"worker_id":"9bba091b-97a8-4854-8852-d7f9843bb0f7-18832","trial_id":3,"user_attr":{"train_argv":"--option 0 --reward-mode objective --objectives tardiness_sq --lambda-late 1.0 --lambda-energy 1.0 --power-model linear --difficulty on_rho095 --timesteps 300000 --save-tag tune_on_rho095_o0pmlubrze_a2c_t3 --n-envs 4 --vec-backend subproc --seed 0 --algo a2c --markov-obs --lookahead --fixed-scaling --critic-arrivals --lateness-shaping --normalize-reward --event-idle --policy-arch pointer --learning-rate 0.000480464 --rollout-size 20 --gamma 0.995 --gae-lambda 1 --ent-coef 0.00134878"}}
{"op_code":7,"worker_id":"9bba091b-97a8-4854-8852-d7f9843bb0f7-18832","trial_id":3,"step":75000,"intermediate_value":301912.0}
{"op_code":0,"worker_id":"31b96eab-1e54-4ad1-b604-98604b8def51-40468","study_name":"on_rho095_o0pmlubrze_a2c","directions":[1]}
{"op_code":7,"worker_id":"9bba091b-97a8-4854-8852-d7f9843bb0f7-18832","trial_id":3,"step":150000,"intermediate_value":294047.2}
{"op_code":7,"worker_id":"9bba091b-97a8-4854-8852-d7f9843bb0f7-18832","trial_id":3,"step":225000,"intermediate_value":354539.8}
{"op_code":6,"worker_id":"9bba091b-97a8-4854-8852-d7f9843bb0f7-18832","trial_id":3,"state":1,"values":[267773.1],"datetime_complete":"2026-10-07T19:32:34.031356"}
{"op_code":4,"worker_id":"9bba091b-97a8-4854-8852-d7f9843bb0f7-18832","study_id":0,"datetime_start":"2026-10-07T19:32:34.272693"}
{"op_code":5,"worker_id":"9bba091b-97a8-4854-8852-d7f9843bb0f7-18832","trial_id":4,"param_name":"learning-rate","param_value_internal":0.0006912670683424538,"distribution":"{\"name\": \"FloatDistribution\", \"attributes\": {\"step\": null, \"low\": 0.0001, \"high\": 0.003, \"log\": true}}"}
{"op_code":5,"worker_id":"9bba091b-97a8-4854-8852-d7f9843bb0f7-18832","trial_id":4,"param_name":"rollout-size","param_value_internal":1,"distribution":"{\"name\": \"CategoricalDistribution\", \"attributes\": {\"choices\": [20, 80, 320]}}"}
{"op_code":5,"worker_id":"9bba091b-97a8-4854-8852-d7f9843bb0f7-18832","trial_id":4,"param_name":"gamma","param_value_internal":1,"distribution":"{\"name\": \"CategoricalDistribution\", \"attributes\": {\"choices\": [0.99, 0.995, 0.999]}}"}
{"op_code":5,"worker_id":"9bba091b-97a8-4854-8852-d7f9843bb0f7-18832","trial_id":4,"param_name":"gae-lambda","param_value_internal":2,"distribution":"{\"name\": \"CategoricalDistribution\", \"attributes\": {\"choices\": [0.9, 0.95, 1.0]}}"}
{"op_code":5,"worker_id":"9bba091b-97a8-4854-8852-d7f9843bb0f7-18832","trial_id":4,"param_name":"ent-coef","param_value_internal":0.00014098918363046996,"distribution":"{\"name\": \"FloatDistribution\", \"attributes\": {\"step\": null, \"low\": 0.0001, \"high\": 0.03, \"log\": true}}"}
{"op_code":8,"worker_id":"9bba091b-97a8-4854-8852-d7f9843bb0f7-18832","trial_id":4,"user_attr":{"train_argv":"--option 0 --reward-mode objective --objectives tardiness_sq --lambda-late 1.0 --lambda-energy 1.0 --power-model linear --difficulty on_rho095 --timesteps 300000 --save-tag tune_on_rho095_o0pmlubrze_a2c_t4 --n-envs 4 --vec-backend subproc --seed 0 --algo a2c --markov-obs --lookahead --fixed-scaling --critic-arrivals --lateness-shaping --normalize-reward --event-idle --policy-arch pointer --learning-rate 0.000691267 --rollout-size 80 --gamma 0.995 --gae-lambda 1 --ent-coef 0.000140989"}}
{"op_code":7,"worker_id":"9bba091b-97a8-4854-8852-d7f9843bb0f7-18832","trial_id":4,"step":75000,"intermediate_value":334634.0}
{"op_code":7,"worker_id":"9bba091b-97a8-4854-8852-d7f9843bb0f7-18832","trial_id":4,"step":150000,"intermediate_value":465247.4}
{"op_code":7,"worker_id":"9bba091b-97a8-4854-8852-d7f9843bb0f7-18832","trial_id":4,"step":225000,"intermediate_value":192861.2}
{"op_code":6,"worker_id":"9bba091b-97a8-4854-8852-d7f9843bb0f7-18832","trial_id":4,"state":1,"values":[192607.55],"datetime_complete":"2026-10-07T20:17:01.585463"}
{"op_code":4,"worker_id":"9bba091b-97a8-4854-8852-d7f9843bb0f7-18832","study_id":0,"datetime_start":"2026-10-07T20:17:01.929077"}
{"op_code":5,"worker_id":"9bba091b-97a8-4854-8852-d7f9843bb0f7-18832","trial_id":5,"param_name":"learning-rate","param_value_internal":0.0009658179826892162,"distribution":"{\"name\": \"FloatDistribution\", \"attributes\": {\"step\": null, \"low\": 0.0001, \"high\": 0.003, \"log\": true}}"}
{"op_code":5,"worker_id":"9bba091b-97a8-4854-8852-d7f9843bb0f7-18832","trial_id":5,"param_name":"rollout-size","param_value_internal":0,"distribution":"{\"name\": \"CategoricalDistribution\", \"attributes\": {\"choices\": [20, 80, 320]}}"}
{"op_code":5,"worker_id":"9bba091b-97a8-4854-8852-d7f9843bb0f7-18832","trial_id":5,"param_name":"gamma","param_value_internal":2,"distribution":"{\"name\": \"CategoricalDistribution\", \"attributes\": {\"choices\": [0.99, 0.995, 0.999]}}"}
{"op_code":5,"worker_id":"9bba091b-97a8-4854-8852-d7f9843bb0f7-18832","trial_id":5,"param_name":"gae-lambda","param_value_internal":1,"distribution":"{\"name\": \"CategoricalDistribution\", \"attributes\": {\"choices\": [0.9, 0.95, 1.0]}}"}
{"op_code":5,"worker_id":"9bba091b-97a8-4854-8852-d7f9843bb0f7-18832","trial_id":5,"param_name":"ent-coef","param_value_internal":0.00032916454639831516,"distribution":"{\"name\": \"FloatDistribution\", \"attributes\": {\"step\": null, \"low\": 0.0001, \"high\": 0.03, \"log\": true}}"}
{"op_code":8,"worker_id":"9bba091b-97a8-4854-8852-d7f9843bb0f7-18832","trial_id":5,"user_attr":{"train_argv":"--option 0 --reward-mode objective --objectives tardiness_sq --lambda-late 1.0 --lambda-energy 1.0 --power-model linear --difficulty on_rho095 --timesteps 300000 --save-tag tune_on_rho095_o0pmlubrze_a2c_t5 --n-envs 4 --vec-backend subproc --seed 0 --algo a2c --markov-obs --lookahead --fixed-scaling --critic-arrivals --lateness-shaping --normalize-reward --event-idle --policy-arch pointer --learning-rate 0.000965818 --rollout-size 20 --gamma 0.999 --gae-lambda 0.95 --ent-coef 0.000329165"}}
{"op_code":7,"worker_id":"9bba091b-97a8-4854-8852-d7f9843bb0f7-18832","trial_id":5,"step":75000,"intermediate_value":351346.0}
{"op_code":6,"worker_id":"9bba091b-97a8-4854-8852-d7f9843bb0f7-18832","trial_id":5,"state":2,"values":[351346.0],"datetime_complete":"2026-10-07T20:29:27.144459"}
{"op_code":4,"worker_id":"9bba091b-97a8-4854-8852-d7f9843bb0f7-18832","study_id":0,"datetime_start":"2026-10-07T20:29:27.408668"}
{"op_code":5,"worker_id":"9bba091b-97a8-4854-8852-d7f9843bb0f7-18832","trial_id":6,"param_name":"learning-rate","param_value_internal":0.00017309069329908935,"distribution":"{\"name\": \"FloatDistribution\", \"attributes\": {\"step\": null, \"low\": 0.0001, \"high\": 0.003, \"log\": true}}"}
{"op_code":5,"worker_id":"9bba091b-97a8-4854-8852-d7f9843bb0f7-18832","trial_id":6,"param_name":"rollout-size","param_value_internal":0,"distribution":"{\"name\": \"CategoricalDistribution\", \"attributes\": {\"choices\": [20, 80, 320]}}"}
{"op_code":5,"worker_id":"9bba091b-97a8-4854-8852-d7f9843bb0f7-18832","trial_id":6,"param_name":"gamma","param_value_internal":0,"distribution":"{\"name\": \"CategoricalDistribution\", \"attributes\": {\"choices\": [0.99, 0.995, 0.999]}}"}
{"op_code":5,"worker_id":"9bba091b-97a8-4854-8852-d7f9843bb0f7-18832","trial_id":6,"param_name":"gae-lambda","param_value_internal":0,"distribution":"{\"name\": \"CategoricalDistribution\", \"attributes\": {\"choices\": [0.9, 0.95, 1.0]}}"}
{"op_code":5,"worker_id":"9bba091b-97a8-4854-8852-d7f9843bb0f7-18832","trial_id":6,"param_name":"ent-coef","param_value_internal":0.0008191755047162099,"distribution":"{\"name\": \"FloatDistribution\", \"attributes\": {\"step\": null, \"low\": 0.0001, \"high\": 0.03, \"log\": true}}"}
{"op_code":8,"worker_id":"9bba091b-97a8-4854-8852-d7f9843bb0f7-18832","trial_id":6,"user_attr":{"train_argv":"--option 0 --reward-mode objective --objectives tardiness_sq --lambda-late 1.0 --lambda-energy 1.0 --power-model linear --difficulty on_rho095 --timesteps 300000 --save-tag tune_on_rho095_o0pmlubrze_a2c_t6 --n-envs 4 --vec-backend subproc --seed 0 --algo a2c --markov-obs --lookahead --fixed-scaling --critic-arrivals --lateness-shaping --normalize-reward --event-idle --policy-arch pointer --learning-rate 0.000173091 --rollout-size 20 --gamma 0.99 --gae-lambda 0.9 --ent-coef 0.000819176"}}
{"op_code":7,"worker_id":"9bba091b-97a8-4854-8852-d7f9843bb0f7-18832","trial_id":6,"step":75000,"intermediate_value":216032.6}
{"op_code":7,"worker_id":"9bba091b-97a8-4854-8852-d7f9843bb0f7-18832","trial_id":6,"step":150000,"intermediate_value":225814.2}
{"op_code":7,"worker_id":"9bba091b-97a8-4854-8852-d7f9843bb0f7-18832","trial_id":6,"step":225000,"intermediate_value":270749.0}
{"op_code":6,"worker_id":"9bba091b-97a8-4854-8852-d7f9843bb0f7-18832","trial_id":6,"state":1,"values":[199155.3],"datetime_complete":"2026-10-07T21:20:56.666009"}
{"op_code":4,"worker_id":"9bba091b-97a8-4854-8852-d7f9843bb0f7-18832","study_id":0,"datetime_start":"2026-10-07T21:20:57.211565"}
{"op_code":5,"worker_id":"9bba091b-97a8-4854-8852-d7f9843bb0f7-18832","trial_id":7,"param_name":"learning-rate","param_value_internal":0.0016319488770709706,"distribution":"{\"name\": \"FloatDistribution\", \"attributes\": {\"step\": null, \"low\": 0.0001, \"high\": 0.003, \"log\": true}}"}
{"op_code":5,"worker_id":"9bba091b-97a8-4854-8852-d7f9843bb0f7-18832","trial_id":7,"param_name":"rollout-size","param_value_internal":1,"distribution":"{\"name\": \"CategoricalDistribution\", \"attributes\": {\"choices\": [20, 80, 320]}}"}
{"op_code":5,"worker_id":"9bba091b-97a8-4854-8852-d7f9843bb0f7-18832","trial_id":7,"param_name":"gamma","param_value_internal":2,"distribution":"{\"name\": \"CategoricalDistribution\", \"attributes\": {\"choices\": [0.99, 0.995, 0.999]}}"}
{"op_code":5,"worker_id":"9bba091b-97a8-4854-8852-d7f9843bb0f7-18832","trial_id":7,"param_name":"gae-lambda","param_value_internal":1,"distribution":"{\"name\": \"CategoricalDistribution\", \"attributes\": {\"choices\": [0.9, 0.95, 1.0]}}"}
{"op_code":5,"worker_id":"9bba091b-97a8-4854-8852-d7f9843bb0f7-18832","trial_id":7,"param_name":"ent-coef","param_value_internal":0.000501819043124292,"distribution":"{\"name\": \"FloatDistribution\", \"attributes\": {\"step\": null, \"low\": 0.0001, \"high\": 0.03, \"log\": true}}"}
{"op_code":8,"worker_id":"9bba091b-97a8-4854-8852-d7f9843bb0f7-18832","trial_id":7,"user_attr":{"train_argv":"--option 0 --reward-mode objective --objectives tardiness_sq --lambda-late 1.0 --lambda-energy 1.0 --power-model linear --difficulty on_rho095 --timesteps 300000 --save-tag tune_on_rho095_o0pmlubrze_a2c_t7 --n-envs 4 --vec-backend subproc --seed 0 --algo a2c --markov-obs --lookahead --fixed-scaling --critic-arrivals --lateness-shaping --normalize-reward --event-idle --policy-arch pointer --learning-rate 0.00163195 --rollout-size 80 --gamma 0.999 --gae-lambda 0.95 --ent-coef 0.000501819"}}
{"op_code":7,"worker_id":"9bba091b-97a8-4854-8852-d7f9843bb0f7-18832","trial_id":7,"step":75000,"intermediate_value":45660.0}
{"op_code":7,"worker_id":"9bba091b-97a8-4854-8852-d7f9843bb0f7-18832","trial_id":7,"step":150000,"intermediate_value":48328.4}
{"op_code":7,"worker_id":"9bba091b-97a8-4854-8852-d7f9843bb0f7-18832","trial_id":7,"step":225000,"intermediate_value":48418.0}
{"op_code":6,"worker_id":"9bba091b-97a8-4854-8852-d7f9843bb0f7-18832","trial_id":7,"state":1,"values":[84391.2],"datetime_complete":"2026-10-07T22:10:35.197673"}
{"op_code":4,"worker_id":"9bba091b-97a8-4854-8852-d7f9843bb0f7-18832","study_id":0,"datetime_start":"2026-10-07T22:10:35.610683"}
{"op_code":5,"worker_id":"9bba091b-97a8-4854-8852-d7f9843bb0f7-18832","trial_id":8,"param_name":"learning-rate","param_value_internal":0.00015050290935598963,"distribution":"{\"name\": \"FloatDistribution\", \"attributes\": {\"step\": null, \"low\": 0.0001, \"high\": 0.003, \"log\": true}}"}
{"op_code":5,"worker_id":"9bba091b-97a8-4854-8852-d7f9843bb0f7-18832","trial_id":8,"param_name":"rollout-size","param_value_internal":2,"distribution":"{\"name\": \"CategoricalDistribution\", \"attributes\": {\"choices\": [20, 80, 320]}}"}
{"op_code":5,"worker_id":"9bba091b-97a8-4854-8852-d7f9843bb0f7-18832","trial_id":8,"param_name":"gamma","param_value_internal":2,"distribution":"{\"name\": \"CategoricalDistribution\", \"attributes\": {\"choices\": [0.99, 0.995, 0.999]}}"}
{"op_code":5,"worker_id":"9bba091b-97a8-4854-8852-d7f9843bb0f7-18832","trial_id":8,"param_name":"gae-lambda","param_value_internal":0,"distribution":"{\"name\": \"CategoricalDistribution\", \"attributes\": {\"choices\": [0.9, 0.95, 1.0]}}"}
{"op_code":5,"worker_id":"9bba091b-97a8-4854-8852-d7f9843bb0f7-18832","trial_id":8,"param_name":"ent-coef","param_value_internal":0.00017088424969157387,"distribution":"{\"name\": \"FloatDistribution\", \"attributes\": {\"step\": null, \"low\": 0.0001, \"high\": 0.03, \"log\": true}}"}
{"op_code":8,"worker_id":"9bba091b-97a8-4854-8852-d7f9843bb0f7-18832","trial_id":8,"user_attr":{"train_argv":"--option 0 --reward-mode objective --objectives tardiness_sq --lambda-late 1.0 --lambda-energy 1.0 --power-model linear --difficulty on_rho095 --timesteps 300000 --save-tag tune_on_rho095_o0pmlubrze_a2c_t8 --n-envs 4 --vec-backend subproc --seed 0 --algo a2c --markov-obs --lookahead --fixed-scaling --critic-arrivals --lateness-shaping --normalize-reward --event-idle --policy-arch pointer --learning-rate 0.000150503 --rollout-size 320 --gamma 0.999 --gae-lambda 0.9 --ent-coef 0.000170884"}}
{"op_code":0,"worker_id":"b18a330b-5ef4-4b9d-a540-d97ad7da9ed4-464","study_name":"on_rho095_o0pmlubrze_a2c","directions":[1]}
{"op_code":7,"worker_id":"9bba091b-97a8-4854-8852-d7f9843bb0f7-18832","trial_id":8,"step":75000,"intermediate_value":292653.2}
{"op_code":7,"worker_id":"9bba091b-97a8-4854-8852-d7f9843bb0f7-18832","trial_id":8,"step":150000,"intermediate_value":504770.2}
{"op_code":7,"worker_id":"9bba091b-97a8-4854-8852-d7f9843bb0f7-18832","trial_id":8,"step":225000,"intermediate_value":565494.0}
{"op_code":6,"worker_id":"9bba091b-97a8-4854-8852-d7f9843bb0f7-18832","trial_id":8,"state":2,"values":[565494.0],"datetime_complete":"2026-10-07T22:46:27.736950"}
{"op_code":4,"worker_id":"9bba091b-97a8-4854-8852-d7f9843bb0f7-18832","study_id":0,"datetime_start":"2026-10-07T22:46:28.201441"}
{"op_code":5,"worker_id":"9bba091b-97a8-4854-8852-d7f9843bb0f7-18832","trial_id":9,"param_name":"learning-rate","param_value_internal":0.0007091576793635641,"distribution":"{\"name\": \"FloatDistribution\", \"attributes\": {\"step\": null, \"low\": 0.0001, \"high\": 0.003, \"log\": true}}"}
{"op_code":5,"worker_id":"9bba091b-97a8-4854-8852-d7f9843bb0f7-18832","trial_id":9,"param_name":"rollout-size","param_value_internal":0,"distribution":"{\"name\": \"CategoricalDistribution\", \"attributes\": {\"choices\": [20, 80, 320]}}"}
{"op_code":5,"worker_id":"9bba091b-97a8-4854-8852-d7f9843bb0f7-18832","trial_id":9,"param_name":"gamma","param_value_internal":1,"distribution":"{\"name\": \"CategoricalDistribution\", \"attributes\": {\"choices\": [0.99, 0.995, 0.999]}}"}
{"op_code":5,"worker_id":"9bba091b-97a8-4854-8852-d7f9843bb0f7-18832","trial_id":9,"param_name":"gae-lambda","param_value_internal":1,"distribution":"{\"name\": \"CategoricalDistribution\", \"attributes\": {\"choices\": [0.9, 0.95, 1.0]}}"}
{"op_code":5,"worker_id":"9bba091b-97a8-4854-8852-d7f9843bb0f7-18832","trial_id":9,"param_name":"ent-coef","param_value_internal":0.011307978270179144,"distribution":"{\"name\": \"FloatDistribution\", \"attributes\": {\"step\": null, \"low\": 0.0001, \"high\": 0.03, \"log\": true}}"}
{"op_code":8,"worker_id":"9bba091b-97a8-4854-8852-d7f9843bb0f7-18832","trial_id":9,"user_attr":{"train_argv":"--option 0 --reward-mode objective --objectives tardiness_sq --lambda-late 1.0 --lambda-energy 1.0 --power-model linear --difficulty on_rho095 --timesteps 300000 --save-tag tune_on_rho095_o0pmlubrze_a2c_t9 --n-envs 4 --vec-backend subproc --seed 0 --algo a2c --markov-obs --lookahead --fixed-scaling --critic-arrivals --lateness-shaping --normalize-reward --event-idle --policy-arch pointer --learning-rate 0.000709158 --rollout-size 20 --gamma 0.995 --gae-lambda 0.95 --ent-coef 0.011308"}}
{"op_code":0,"worker_id":"c933fac2-0888-47fa-bc02-646d5dd2864c-31116","study_name":"on_rho095_o0pmlubrze_a2c","directions":[1]}
{"op_code":0,"worker_id":"aa0d90e8-431c-43da-93d2-1bd89b485cdd-31800","study_name":"on_rho095_o0pmlubrze_a2c","directions":[1]}
{"op_code":8,"worker_id":"aa0d90e8-431c-43da-93d2-1bd89b485cdd-31800","trial_id":9,"user_attr":{"interrupted":true}}
{"op_code":6,"worker_id":"aa0d90e8-431c-43da-93d2-1bd89b485cdd-31800","trial_id":9,"state":3,"values":null,"datetime_complete":"2026-10-07T23:05:21.918187"}
{"op_code":4,"worker_id":"aa0d90e8-431c-43da-93d2-1bd89b485cdd-31800","study_id":0,"datetime_start":null,"state":4,"value":null,"values":null,"distributions":{},"params":{},"user_attrs":{"rerun_of":9},"system_attrs":{"fixed_params":{"learning-rate":0.0007091576793635641,"rollout-size":20,"gamma":0.995,"gae-lambda":0.95,"ent-coef":0.011307978270179144}},"intermediate_values":{}}
{"op_code":0,"worker_id":"3285bde9-6ed2-4f0c-adac-b4d68bc4123e-37176","study_name":"on_rho095_o0pmlubrze_a2c","directions":[1]}
{"op_code":0,"worker_id":"a21f30b9-f7b8-4561-9953-a7e8a0bac555-17132","study_name":"on_rho095_o0pmlubrze_a2c","directions":[1]}
{"op_code":0,"worker_id":"30aaeb65-cc8c-40ff-a07c-44f0d2f9f380-5576","study_name":"on_rho095_o0pmlubrze_a2c","directions":[1]}
{"op_code":0,"worker_id":"8218284c-575e-4bd0-9afa-bee8ea183e32-32732","study_name":"on_rho095_o0pmlubrze_a2c","directions":[1]}
{"op_code":0,"worker_id":"42a525cc-0d63-492e-bd74-1248efa1ee0f-36448","study_name":"on_rho095_o0pmlubrze_a2c","directions":[1]}
{"op_code":0,"worker_id":"35115e51-9bc1-4a8b-b409-4e0556abd5b1-38104","study_name":"on_rho095_o0pmlubrze_a2c","directions":[1]}
{"op_code":0,"worker_id":"edcf60b5-ac19-46d7-900a-d195b3d34408-34168","study_name":"on_rho095_o0pmlubrze_a2c","directions":[1]}
{"op_code":6,"worker_id":"edcf60b5-ac19-46d7-900a-d195b3d34408-34168","trial_id":10,"state":0,"values":null,"datetime_start":"2026-10-08T23:58:24.601228"}
{"op_code":5,"worker_id":"edcf60b5-ac19-46d7-900a-d195b3d34408-34168","trial_id":10,"param_name":"learning-rate","param_value_internal":0.0007091576793635641,"distribution":"{\"name\": \"FloatDistribution\", \"attributes\": {\"step\": null, \"low\": 0.0001, \"high\": 0.003, \"log\": true}}"}
{"op_code":5,"worker_id":"edcf60b5-ac19-46d7-900a-d195b3d34408-34168","trial_id":10,"param_name":"rollout-size","param_value_internal":0,"distribution":"{\"name\": \"CategoricalDistribution\", \"attributes\": {\"choices\": [20, 80, 320]}}"}
{"op_code":5,"worker_id":"edcf60b5-ac19-46d7-900a-d195b3d34408-34168","trial_id":10,"param_name":"gamma","param_value_internal":1,"distribution":"{\"name\": \"CategoricalDistribution\", \"attributes\": {\"choices\": [0.99, 0.995, 0.999]}}"}
{"op_code":5,"worker_id":"edcf60b5-ac19-46d7-900a-d195b3d34408-34168","trial_id":10,"param_name":"gae-lambda","param_value_internal":1,"distribution":"{\"name\": \"CategoricalDistribution\", \"attributes\": {\"choices\": [0.9, 0.95, 1.0]}}"}
{"op_code":5,"worker_id":"edcf60b5-ac19-46d7-900a-d195b3d34408-34168","trial_id":10,"param_name":"ent-coef","param_value_internal":0.011307978270179144,"distribution":"{\"name\": \"FloatDistribution\", \"attributes\": {\"step\": null, \"low\": 0.0001, \"high\": 0.03, \"log\": true}}"}
{"op_code":8,"worker_id":"edcf60b5-ac19-46d7-900a-d195b3d34408-34168","trial_id":10,"user_attr":{"train_argv":"--option 0 --reward-mode objective --objectives tardiness_sq --lambda-late 1.0 --lambda-energy 1.0 --power-model linear --difficulty on_rho095 --timesteps 300000 --save-tag tune_on_rho095_o0pmlubrze_a2c_t10 --n-envs 4 --vec-backend subproc --seed 0 --algo a2c --markov-obs --lookahead --fixed-scaling --critic-arrivals --lateness-shaping --normalize-reward --event-idle --policy-arch pointer --learning-rate 0.000709158 --rollout-size 20 --gamma 0.995 --gae-lambda 0.95 --ent-coef 0.011308"}}
{"op_code":7,"worker_id":"edcf60b5-ac19-46d7-900a-d195b3d34408-34168","trial_id":10,"step":75000,"intermediate_value":295033.0}
{"op_code":0,"worker_id":"af32f528-024f-43c6-8d26-fa37ccbca5a5-36512","study_name":"on_rho095_o0pmlubrze_a2c","directions":[1]}
{"op_code":0,"worker_id":"e62e8dce-e5e9-4be8-a37b-3f1008b5cf05-14944","study_name":"on_rho095_o0pmlubrze_a2c","directions":[1]}
{"op_code":7,"worker_id":"edcf60b5-ac19-46d7-900a-d195b3d34408-34168","trial_id":10,"step":150000,"intermediate_value":208194.8}
{"op_code":7,"worker_id":"edcf60b5-ac19-46d7-900a-d195b3d34408-34168","trial_id":10,"step":225000,"intermediate_value":292776.8}
{"op_code":6,"worker_id":"edcf60b5-ac19-46d7-900a-d195b3d34408-34168","trial_id":10,"state":1,"values":[346161.0],"datetime_complete":"2026-10-09T00:43:23.630281"}
{"op_code":4,"worker_id":"edcf60b5-ac19-46d7-900a-d195b3d34408-34168","study_id":0,"datetime_start":"2026-10-09T00:43:23.915923"}
{"op_code":5,"worker_id":"edcf60b5-ac19-46d7-900a-d195b3d34408-34168","trial_id":11,"param_name":"learning-rate","param_value_internal":0.0025274950534431243,"distribution":"{\"name\": \"FloatDistribution\", \"attributes\": {\"step\": null, \"low\": 0.0001, \"high\": 0.003, \"log\": true}}"}
{"op_code":5,"worker_id":"edcf60b5-ac19-46d7-900a-d195b3d34408-34168","trial_id":11,"param_name":"rollout-size","param_value_internal":1,"distribution":"{\"name\": \"CategoricalDistribution\", \"attributes\": {\"choices\": [20, 80, 320]}}"}
{"op_code":5,"worker_id":"edcf60b5-ac19-46d7-900a-d195b3d34408-34168","trial_id":11,"param_name":"gamma","param_value_internal":0,"distribution":"{\"name\": \"CategoricalDistribution\", \"attributes\": {\"choices\": [0.99, 0.995, 0.999]}}"}
{"op_code":5,"worker_id":"edcf60b5-ac19-46d7-900a-d195b3d34408-34168","trial_id":11,"param_name":"gae-lambda","param_value_internal":1,"distribution":"{\"name\": \"CategoricalDistribution\", \"attributes\": {\"choices\": [0.9, 0.95, 1.0]}}"}
{"op_code":5,"worker_id":"edcf60b5-ac19-46d7-900a-d195b3d34408-34168","trial_id":11,"param_name":"ent-coef","param_value_internal":0.0026468001040324076,"distribution":"{\"name\": \"FloatDistribution\", \"attributes\": {\"step\": null, \"low\": 0.0001, \"high\": 0.03, \"log\": true}}"}
{"op_code":8,"worker_id":"edcf60b5-ac19-46d7-900a-d195b3d34408-34168","trial_id":11,"user_attr":{"train_argv":"--option 0 --reward-mode objective --objectives tardiness_sq --lambda-late 1.0 --lambda-energy 1.0 --power-model linear --difficulty on_rho095 --timesteps 300000 --save-tag tune_on_rho095_o0pmlubrze_a2c_t11 --n-envs 4 --vec-backend subproc --seed 0 --algo a2c --markov-obs --lookahead --fixed-scaling --critic-arrivals --lateness-shaping --normalize-reward --event-idle --policy-arch pointer --learning-rate 0.0025275 --rollout-size 80 --gamma 0.99 --gae-lambda 0.95 --ent-coef 0.0026468"}}
{"op_code":7,"worker_id":"edcf60b5-ac19-46d7-900a-d195b3d34408-34168","trial_id":11,"step":75000,"intermediate_value":45660.0}
{"op_code":7,"worker_id":"edcf60b5-ac19-46d7-900a-d195b3d34408-34168","trial_id":11,"step":150000,"intermediate_value":45660.0}
{"op_code":7,"worker_id":"edcf60b5-ac19-46d7-900a-d195b3d34408-34168","trial_id":11,"step":225000,"intermediate_value":45660.0}
{"op_code":6,"worker_id":"edcf60b5-ac19-46d7-900a-d195b3d34408-34168","trial_id":11,"state":1,"values":[52716.9],"datetime_complete":"2026-10-09T01:21:38.004529"}
{"op_code":4,"worker_id":"edcf60b5-ac19-46d7-900a-d195b3d34408-34168","study_id":0,"datetime_start":"2026-10-09T01:21:38.238886"}
{"op_code":5,"worker_id":"edcf60b5-ac19-46d7-900a-d195b3d34408-34168","trial_id":12,"param_name":"learning-rate","param_value_internal":0.0029163145211297575,"distribution":"{\"name\": \"FloatDistribution\", \"attributes\": {\"step\": null, \"low\": 0.0001, \"high\": 0.003, \"log\": true}}"}
{"op_code":5,"worker_id":"edcf60b5-ac19-46d7-900a-d195b3d34408-34168","trial_id":12,"param_name":"rollout-size","param_value_internal":1,"distribution":"{\"name\": \"CategoricalDistribution\", \"attributes\": {\"choices\": [20, 80, 320]}}"}
{"op_code":5,"worker_id":"edcf60b5-ac19-46d7-900a-d195b3d34408-34168","trial_id":12,"param_name":"gamma","param_value_internal":0,"distribution":"{\"name\": \"CategoricalDistribution\", \"attributes\": {\"choices\": [0.99, 0.995, 0.999]}}"}
{"op_code":5,"worker_id":"edcf60b5-ac19-46d7-900a-d195b3d34408-34168","trial_id":12,"param_name":"gae-lambda","param_value_internal":1,"distribution":"{\"name\": \"CategoricalDistribution\", \"attributes\": {\"choices\": [0.9, 0.95, 1.0]}}"}
{"op_code":5,"worker_id":"edcf60b5-ac19-46d7-900a-d195b3d34408-34168","trial_id":12,"param_name":"ent-coef","param_value_internal":0.0017548579357497497,"distribution":"{\"name\": \"FloatDistribution\", \"attributes\": {\"step\": null, \"low\": 0.0001, \"high\": 0.03, \"log\": true}}"}
{"op_code":8,"worker_id":"edcf60b5-ac19-46d7-900a-d195b3d34408-34168","trial_id":12,"user_attr":{"train_argv":"--option 0 --reward-mode objective --objectives tardiness_sq --lambda-late 1.0 --lambda-energy 1.0 --power-model linear --difficulty on_rho095 --timesteps 300000 --save-tag tune_on_rho095_o0pmlubrze_a2c_t12 --n-envs 4 --vec-backend subproc --seed 0 --algo a2c --markov-obs --lookahead --fixed-scaling --critic-arrivals --lateness-shaping --normalize-reward --event-idle --policy-arch pointer --learning-rate 0.00291631 --rollout-size 80 --gamma 0.99 --gae-lambda 0.95 --ent-coef 0.00175486"}}
{"op_code":7,"worker_id":"edcf60b5-ac19-46d7-900a-d195b3d34408-34168","trial_id":12,"step":75000,"intermediate_value":42850.0}
{"op_code":7,"worker_id":"edcf60b5-ac19-46d7-900a-d195b3d34408-34168","trial_id":12,"step":150000,"intermediate_value":45660.0}
{"op_code":7,"worker_id":"edcf60b5-ac19-46d7-900a-d195b3d34408-34168","trial_id":12,"step":225000,"intermediate_value":42850.0}
{"op_code":6,"worker_id":"edcf60b5-ac19-46d7-900a-d195b3d34408-34168","trial_id":12,"state":1,"values":[52716.9],"datetime_complete":"2026-10-09T03:48:01.167740"}
{"op_code":0,"worker_id":"65337475-12c4-4ecb-af7b-62ba2d8b16bf-35068","study_name":"on_rho095_o0pmlubrze_a2c","directions":[1]}
