{"op_code":0,"worker_id":"d43495b7-8d1f-46a9-8db9-3230e44d18dd-37080","study_name":"off_tf05_o0pmlubrze_a2c","directions":[1]}
{"op_code":4,"worker_id":"d43495b7-8d1f-46a9-8db9-3230e44d18dd-37080","study_id":0,"datetime_start":null,"state":4,"value":null,"values":null,"distributions":{},"params":{},"user_attrs":{"defaults":true},"system_attrs":{"fixed_params":{}},"intermediate_values":{}}
{"op_code":6,"worker_id":"d43495b7-8d1f-46a9-8db9-3230e44d18dd-37080","trial_id":0,"state":0,"values":null,"datetime_start":"2026-10-07T09:06:09.256733"}
{"op_code":8,"worker_id":"d43495b7-8d1f-46a9-8db9-3230e44d18dd-37080","trial_id":0,"user_attr":{"train_argv":"--option 0 --reward-mode objective --objectives tardiness_sq --lambda-late 1.0 --lambda-energy 1.0 --power-model linear --difficulty off_tf05 --timesteps 300000 --save-tag tune_off_tf05_o0pmlubrze_a2c_t0 --n-envs 4 --vec-backend subproc --seed 0 --algo a2c --markov-obs --lookahead --fixed-scaling --critic-arrivals --lateness-shaping --normalize-reward --event-idle --policy-arch pointer"}}
{"op_code":7,"worker_id":"d43495b7-8d1f-46a9-8db9-3230e44d18dd-37080","trial_id":0,"step":75000,"intermediate_value":38859.6}
{"op_code":7,"worker_id":"d43495b7-8d1f-46a9-8db9-3230e44d18dd-37080","trial_id":0,"step":150000,"intermediate_value":28055.0}
{"op_code":7,"worker_id":"d43495b7-8d1f-46a9-8db9-3230e44d18dd-37080","trial_id":0,"step":225000,"intermediate_value":28385.0}
{"op_code":6,"worker_id":"d43495b7-8d1f-46a9-8db9-3230e44d18dd-37080","trial_id":0,"state":1,"values":[29438.2],"datetime_complete":"2026-10-07T09:13:23.218031"}
{"op_code":4,"worker_id":"d43495b7-8d1f-46a9-8db9-3230e44d18dd-37080","study_id":0,"datetime_start":"2026-10-07T09:13:23.448633"}
{"op_code":5,"worker_id":"d43495b7-8d1f-46a9-8db9-3230e44d18dd-37080","trial_id":1,"param_name":"learning-rate","param_value_internal":0.0006466422717414558,"distribution":"{\"name\": \"FloatDistribution\", \"attributes\": {\"step\": null, \"low\": 0.0001, \"high\": 0.003, \"log\": true}}"}
{"op_code":5,"worker_id":"d43495b7-8d1f-46a9-8db9-3230e44d18dd-37080","trial_id":1,"param_name":"rollout-size","param_value_internal":0,"distribution":"{\"name\": \"CategoricalDistribution\", \"attributes\": {\"choices\": [20, 80, 320]}}"}
{"op_code":5,"worker_id":"d43495b7-8d1f-46a9-8db9-3230e44d18dd-37080","trial_id":1,"param_name":"gamma","param_value_internal":1,"distribution":"{\"name\": \"CategoricalDistribution\", \"attributes\": {\"choices\": [0.99, 0.995, 0.999]}}"}
{"op_code":5,"worker_id":"d43495b7-8d1f-46a9-8db9-3230e44d18dd-37080","trial_id":1,"param_name":"gae-lambda","param_value_internal":1,"distribution":"{\"name\": \"CategoricalDistribution\", \"attributes\": {\"choices\": [0.9, 0.95, 1.0]}}"}
{"op_code":5,"worker_id":"d43495b7-8d1f-46a9-8db9-3230e44d18dd-37080","trial_id":1,"param_name":"ent-coef","param_value_internal":0.009145320282946534,"distribution":"{\"name\": \"FloatDistribution\", \"attributes\": {\"step\": null, \"low\": 0.0001, \"high\": 0.03, \"log\": true}}"}
{"op_code":8,"worker_id":"d43495b7-8d1f-46a9-8db9-3230e44d18dd-37080","trial_id":1,"user_attr":{"train_argv":"--option 0 --reward-mode objective --objectives tardiness_sq --lambda-late 1.0 --lambda-energy 1.0 --power-model linear --difficulty off_tf05 --timesteps 300000 --save-tag tune_off_tf05_o0pmlubrze_a2c_t1 --n-envs 4 --vec-backend subproc --seed 0 --algo a2c --markov-obs --lookahead --fixed-scaling --critic-arrivals --lateness-shaping --normalize-reward --event-idle --policy-arch pointer --learning-rate 0.000646642 --rollout-size 20 --gamma 0.995 --gae-lambda 0.95 --ent-coef 0.00914532"}}
{"op_code":7,"worker_id":"d43495b7-8d1f-46a9-8db9-3230e44d18dd-37080","trial_id":1,"step":75000,"intermediate_value":128253.8}
{"op_code":7,"worker_id":"d43495b7-8d1f-46a9-8db9-3230e44d18dd-37080","trial_id":1,"step":150000,"intermediate_value":34515.0}
{"op_code":7,"worker_id":"d43495b7-8d1f-46a9-8db9-3230e44d18dd-37080","trial_id":1,"step":225000,"intermediate_value":47143.4}
{"op_code":6,"worker_id":"d43495b7-8d1f-46a9-8db9-3230e44d18dd-37080","trial_id":1,"state":1,"values":[39368.75],"datetime_complete":"2026-10-07T09:21:05.784335"}
{"op_code":4,"worker_id":"d43495b7-8d1f-46a9-8db9-3230e44d18dd-37080","study_id":0,"datetime_start":"2026-10-07T09:21:06.006181"}
{"op_code":5,"worker_id":"d43495b7-8d1f-46a9-8db9-3230e44d18dd-37080","trial_id":2,"param_name":"learning-rate","param_value_internal":0.0006042851578845063,"distribution":"{\"name\": \"FloatDistribution\", \"attributes\": {\"step\": null, \"low\": 0.0001, \"high\": 0.003, \"log\": true}}"}
{"op_code":5,"worker_id":"d43495b7-8d1f-46a9-8db9-3230e44d18dd-37080","trial_id":2,"param_name":"rollout-size","param_value_internal":1,"distribution":"{\"name\": \"CategoricalDistribution\", \"attributes\": {\"choices\": [20, 80, 320]}}"}
{"op_code":5,"worker_id":"d43495b7-8d1f-46a9-8db9-3230e44d18dd-37080","trial_id":2,"param_name":"gamma","param_value_internal":2,"distribution":"{\"name\": \"CategoricalDistribution\", \"attributes\": {\"choices\": [0.99, 0.995, 0.999]}}"}
{"op_code":5,"worker_id":"d43495b7-8d1f-46a9-8db9-3230e44d18dd-37080","trial_id":2,"param_name":"gae-lambda","param_value_internal":2,"distribution":"{\"name\": \"CategoricalDistribution\", \"attributes\": {\"choices\": [0.9, 0.95, 1.0]}}"}
{"op_code":5,"worker_id":"d43495b7-8d1f-46a9-8db9-3230e44d18dd-37080","trial_id":2,"param_name":"ent-coef","param_value_internal":0.009541412354586892,"distribution":"{\"name\": \"FloatDistribution\", \"attributes\": {\"step\": null, \"low\": 0.0001, \"high\": 0.03, \"log\": true}}"}
{"op_code":8,"worker_id":"d43495b7-8d1f-46a9-8db9-3230e44d18dd-37080","trial_id":2,"user_attr":{"train_argv":"--option 0 --reward-mode objective --objectives tardiness_sq --lambda-late 1.0 --lambda-energy 1.0 --power-model linear --difficulty off_tf05 --timesteps 300000 --save-tag tune_off_tf05_o0pmlubrze_a2c_t2 --n-envs 4 --vec-backend subproc --seed 0 --algo a2c --markov-obs --lookahead --fixed-scaling --critic-arrivals --lateness-shaping --normalize-reward --event-idle --policy-arch pointer --learning-rate 0.000604285 --rollout-size 80 --gamma 0.999 --gae-lambda 1 --ent-coef 0.00954141"}}
{"op_code":7,"worker_id":"d43495b7-8d1f-46a9-8db9-3230e44d18dd-37080","trial_id":2,"step":75000,"intermediate_value":299354.0}
{"op_code":7,"worker_id":"d43495b7-8d1f-46a9-8db9-3230e44d18dd-37080","trial_id":2,"step":150000,"intermediate_value":295078.0}
{"op_code":7,"worker_id":"d43495b7-8d1f-46a9-8db9-3230e44d18dd-37080","trial_id":2,"step":225000,"intermediate_value":283764.2}
{"op_code":6,"worker_id":"d43495b7-8d1f-46a9-8db9-3230e44d18dd-37080","trial_id":2,"state":1,"values":[275780.2],"datetime_complete":"2026-10-07T09:27:12.162491"}
{"op_code":4,"worker_id":"d43495b7-8d1f-46a9-8db9-3230e44d18dd-37080","study_id":0,"datetime_start":"2026-10-07T09:27:12.374556"}
{"op_code":5,"worker_id":"d43495b7-8d1f-46a9-8db9-3230e44d18dd-37080","trial_id":3,"param_name":"learning-rate","param_value_internal":0.0004804641349751479,"distribution":"{\"name\": \"FloatDistribution\", \"attributes\": {\"step\": null, \"low\": 0.0001, \"high\": 0.003, \"log\": true}}"}
{"op_code":5,"worker_id":"d43495b7-8d1f-46a9-8db9-3230e44d18dd-37080","trial_id":3,"param_name":"rollout-size","param_value_internal":0,"distribution":"{\"name\": \"CategoricalDistribution\", \"attributes\": {\"choices\": [20, 80, 320]}}"}
{"op_code":5,"worker_id":"d43495b7-8d1f-46a9-8db9-3230e44d18dd-37080","trial_id":3,"param_name":"gamma","param_value_internal":1,"distribution":"{\"name\": \"CategoricalDistribution\", \"attributes\": {\"choices\": [0.99, 0.995, 0.999]}}"}
{"op_code":5,"worker_id":"d43495b7-8d1f-46a9-8db9-3230e44d18dd-37080","trial_id":3,"param_name":"gae-lambda","param_value_internal":2,"distribution":"{\"name\": \"CategoricalDistribution\", \"attributes\": {\"choices\": [0.9, 0.95, 1.0]}}"}
{"op_code":5,"worker_id":"d43495b7-8d1f-46a9-8db9-3230e44d18dd-37080","trial_id":3,"param_name":"ent-coef","param_value_internal":0.001348775545730254,"distribution":"{\"name\": \"FloatDistribution\", \"attributes\": {\"step\": null, \"low\": 0.0001, \"high\": 0.03, \"log\": true}}"}
{"op_code":8,"worker_id":"d43495b7-8d1f-46a9-8db9-3230e44d18dd-37080","trial_id":3,"user_attr":{"train_argv":"--option 0 --reward-mode objective --objectives tardiness_sq --lambda-late 1.0 --lambda-energy 1.0 --power-model linear --difficulty off_tf05 --timesteps 300000 --save-tag tune_off_tf05_o0pmlubrze_a2c_t3 --n-envs 4 --vec-backend subproc --seed 0 --algo a2c --markov-obs --lookahead --fixed-scaling --critic-arrivals --lateness-shaping --normalize-reward --event-idle --policy-arch pointer --learning-rate 0.000480464 --rollout-size 20 --gamma 0.995 --gae-lambda 1 --ent-coef 0.00134878"}}
{"op_code":7,"worker_id":"d43495b7-8d1f-46a9-8db9-3230e44d18dd-37080","trial_id":3,"step":75000,"intermediate_value":213011.8}
{"op_code":7,"worker_id":"d43495b7-8d1f-46a9-8db9-3230e44d18dd-37080","trial_id":3,"step":150000,"intermediate_value":45065.0}
{"op_code":7,"worker_id":"d43495b7-8d1f-46a9-8db9-3230e44d18dd-37080","trial_id":3,"step":225000,"intermediate_value":42855.0}
{"op_code":6,"worker_id":"d43495b7-8d1f-46a9-8db9-3230e44d18dd-37080","trial_id":3,"state":1,"values":[28213.45],"datetime_complete":"2026-10-07T09:35:02.167241"}
{"op_code":4,"worker_id":"d43495b7-8d1f-46a9-8db9-3230e44d18dd-37080","study_id":0,"datetime_start":"2026-10-07T09:35:02.449368"}
{"op_code":5,"worker_id":"d43495b7-8d1f-46a9-8db9-3230e44d18dd-37080","trial_id":4,"param_name":"learning-rate","param_value_internal":0.0006912670683424538,"distribution":"{\"name\": \"FloatDistribution\", \"attributes\": {\"step\": null, \"low\": 0.0001, \"high\": 0.003, \"log\": true}}"}
{"op_code":5,"worker_id":"d43495b7-8d1f-46a9-8db9-3230e44d18dd-37080","trial_id":4,"param_name":"rollout-size","param_value_internal":1,"distribution":"{\"name\": \"CategoricalDistribution\", \"attributes\": {\"choices\": [20, 80, 320]}}"}
{"op_code":5,"worker_id":"d43495b7-8d1f-46a9-8db9-3230e44d18dd-37080","trial_id":4,"param_name":"gamma","param_value_internal":1,"distribution":"{\"name\": \"CategoricalDistribution\", \"attributes\": {\"choices\": [0.99, 0.995, 0.999]}}"}
{"op_code":5,"worker_id":"d43495b7-8d1f-46a9-8db9-3230e44d18dd-37080","trial_id":4,"param_name":"gae-lambda","param_value_internal":2,"distribution":"{\"name\": \"CategoricalDistribution\", \"attributes\": {\"choices\": [0.9, 0.95, 1.0]}}"}
{"op_code":5,"worker_id":"d43495b7-8d1f-46a9-8db9-3230e44d18dd-37080","trial_id":4,"param_name":"ent-coef","param_value_internal":0.00014098918363046996,"distribution":"{\"name\": \"FloatDistribution\", \"attributes\": {\"step\": null, \"low\": 0.0001, \"high\": 0.03, \"log\": true}}"}
{"op_code":8,"worker_id":"d43495b7-8d1f-46a9-8db9-3230e44d18dd-37080","trial_id":4,"user_attr":{"train_argv":"--option 0 --reward-mode objective --objectives tardiness_sq --lambda-late 1.0 --lambda-energy 1.0 --power-model linear --difficulty off_tf05 --timesteps 300000 --save-tag tune_off_tf05_o0pmlubrze_a2c_t4 --n-envs 4 --vec-backend subproc --seed 0 --algo a2c --markov-obs --lookahead --fixed-scaling --critic-arrivals --lateness-shaping --normalize-reward --event-idle --policy-arch pointer --learning-rate 0.000691267 --rollout-size 80 --gamma 0.995 --gae-lambda 1 --ent-coef 0.000140989"}}
{"op_code":7,"worker_id":"d43495b7-8d1f-46a9-8db9-3230e44d18dd-37080","trial_id":4,"step":75000,"intermediate_value":195404.6}
{"op_code":7,"worker_id":"d43495b7-8d1f-46a9-8db9-3230e44d18dd-37080","trial_id":4,"step":150000,"intermediate_value":194384.0}
{"op_code":7,"worker_id":"d43495b7-8d1f-46a9-8db9-3230e44d18dd-37080","trial_id":4,"step":225000,"intermediate_value":40046.0}
{"op_code":6,"worker_id":"d43495b7-8d1f-46a9-8db9-3230e44d18dd-37080","trial_id":4,"state":1,"values":[37376.45],"datetime_complete":"2026-10-07T09:41:17.676902"}
{"op_code":4,"worker_id":"d43495b7-8d1f-46a9-8db9-3230e44d18dd-37080","study_id":0,"datetime_start":"2026-10-07T09:41:17.917946"}
{"op_code":5,"worker_id":"d43495b7-8d1f-46a9-8db9-3230e44d18dd-37080","trial_id":5,"param_name":"learning-rate","param_value_internal":0.0009658179826892162,"distribution":"{\"name\": \"FloatDistribution\", \"attributes\": {\"step\": null, \"low\": 0.0001, \"high\": 0.003, \"log\": true}}"}
{"op_code":5,"worker_id":"d43495b7-8d1f-46a9-8db9-3230e44d18dd-37080","trial_id":5,"param_name":"rollout-size","param_value_internal":0,"distribution":"{\"name\": \"CategoricalDistribution\", \"attributes\": {\"choices\": [20, 80, 320]}}"}
{"op_code":5,"worker_id":"d43495b7-8d1f-46a9-8db9-3230e44d18dd-37080","trial_id":5,"param_name":"gamma","param_value_internal":2,"distribution":"{\"name\": \"CategoricalDistribution\", \"attributes\": {\"choices\": [0.99, 0.995, 0.999]}}"}
{"op_code":5,"worker_id":"d43495b7-8d1f-46a9-8db9-3230e44d18dd-37080","trial_id":5,"param_name":"gae-lambda","param_value_internal":1,"distribution":"{\"name\": \"CategoricalDistribution\", \"attributes\": {\"choices\": [0.9, 0.95, 1.0]}}"}
{"op_code":5,"worker_id":"d43495b7-8d1f-46a9-8db9-3230e44d18dd-37080","trial_id":5,"param_name":"ent-coef","param_value_internal":0.00032916454639831516,"distribution":"{\"name\": \"FloatDistribution\", \"attributes\": {\"step\": null, \"low\": 0.0001, \"high\": 0.03, \"log\": true}}"}
{"op_code":8,"worker_id":"d43495b7-8d1f-46a9-8db9-3230e44d18dd-37080","trial_id":5,"user_attr":{"train_argv":"--option 0 --reward-mode objective --objectives tardiness_sq --lambda-late 1.0 --lambda-energy 1.0 --power-model linear --difficulty off_tf05 --timesteps 300000 --save-tag tune_off_tf05_o0pmlubrze_a2c_t5 --n-envs 4 --vec-backend subproc --seed 0 --algo a2c --markov-obs --lookahead --fixed-scaling --critic-arrivals --lateness-shaping --normalize-reward --event-idle --policy-arch pointer --learning-rate 0.000965818 --rollout-size 20 --gamma 0.999 --gae-lambda 0.95 --ent-coef 0.000329165"}}
{"op_code":7,"worker_id":"d43495b7-8d1f-46a9-8db9-3230e44d18dd-37080","trial_id":5,"step":75000,"intermediate_value":263700.6}
{"op_code":6,"worker_id":"d43495b7-8d1f-46a9-8db9-3230e44d18dd-37080","trial_id":5,"state":2,"values":[263700.6],"datetime_complete":"2026-10-07T09:43:18.651418"}
{"op_code":4,"worker_id":"d43495b7-8d1f-46a9-8db9-3230e44d18dd-37080","study_id":0,"datetime_start":"2026-10-07T09:43:18.927841"}
{"op_code":5,"worker_id":"d43495b7-8d1f-46a9-8db9-3230e44d18dd-37080","trial_id":6,"param_name":"learning-rate","param_value_internal":0.00017309069329908935,"distribution":"{\"name\": \"FloatDistribution\", \"attributes\": {\"step\": null, \"low\": 0.0001, \"high\": 0.003, \"log\": true}}"}
{"op_code":5,"worker_id":"d43495b7-8d1f-46a9-8db9-3230e44d18dd-37080","trial_id":6,"param_name":"rollout-size","param_value_internal":0,"distribution":"{\"name\": \"CategoricalDistribution\", \"attributes\": {\"choices\": [20, 80, 320]}}"}
{"op_code":5,"worker_id":"d43495b7-8d1f-46a9-8db9-3230e44d18dd-37080","trial_id":6,"param_name":"gamma","param_value_internal":0,"distribution":"{\"name\": \"CategoricalDistribution\", \"attributes\": {\"choices\": [0.99, 0.995, 0.999]}}"}
{"op_code":5,"worker_id":"d43495b7-8d1f-46a9-8db9-3230e44d18dd-37080","trial_id":6,"param_name":"gae-lambda","param_value_internal":0,"distribution":"{\"name\": \"CategoricalDistribution\", \"attributes\": {\"choices\": [0.9, 0.95, 1.0]}}"}
{"op_code":5,"worker_id":"d43495b7-8d1f-46a9-8db9-3230e44d18dd-37080","trial_id":6,"param_name":"ent-coef","param_value_internal":0.0008191755047162099,"distribution":"{\"name\": \"FloatDistribution\", \"attributes\": {\"step\": null, \"low\": 0.0001, \"high\": 0.03, \"log\": true}}"}
{"op_code":8,"worker_id":"d43495b7-8d1f-46a9-8db9-3230e44d18dd-37080","trial_id":6,"user_attr":{"train_argv":"--option 0 --reward-mode objective --objectives tardiness_sq --lambda-late 1.0 --lambda-energy 1.0 --power-model linear --difficulty off_tf05 --timesteps 300000 --save-tag tune_off_tf05_o0pmlubrze_a2c_t6 --n-envs 4 --vec-backend subproc --seed 0 --algo a2c --markov-obs --lookahead --fixed-scaling --critic-arrivals --lateness-shaping --normalize-reward --event-idle --policy-arch pointer --learning-rate 0.000173091 --rollout-size 20 --gamma 0.99 --gae-lambda 0.9 --ent-coef 0.000819176"}}
{"op_code":7,"worker_id":"d43495b7-8d1f-46a9-8db9-3230e44d18dd-37080","trial_id":6,"step":75000,"intermediate_value":32079.6}
{"op_code":7,"worker_id":"d43495b7-8d1f-46a9-8db9-3230e44d18dd-37080","trial_id":6,"step":150000,"intermediate_value":59880.6}
{"op_code":7,"worker_id":"d43495b7-8d1f-46a9-8db9-3230e44d18dd-37080","trial_id":6,"step":225000,"intermediate_value":60330.4}
{"op_code":6,"worker_id":"d43495b7-8d1f-46a9-8db9-3230e44d18dd-37080","trial_id":6,"state":1,"values":[71805.9],"datetime_complete":"2026-10-07T09:51:11.625646"}
{"op_code":4,"worker_id":"d43495b7-8d1f-46a9-8db9-3230e44d18dd-37080","study_id":0,"datetime_start":"2026-10-07T09:51:11.913629"}
{"op_code":5,"worker_id":"d43495b7-8d1f-46a9-8db9-3230e44d18dd-37080","trial_id":7,"param_name":"learning-rate","param_value_internal":0.0016319488770709706,"distribution":"{\"name\": \"FloatDistribution\", \"attributes\": {\"step\": null, \"low\": 0.0001, \"high\": 0.003, \"log\": true}}"}
{"op_code":5,"worker_id":"d43495b7-8d1f-46a9-8db9-3230e44d18dd-37080","trial_id":7,"param_name":"rollout-size","param_value_internal":1,"distribution":"{\"name\": \"CategoricalDistribution\", \"attributes\": {\"choices\": [20, 80, 320]}}"}
{"op_code":5,"worker_id":"d43495b7-8d1f-46a9-8db9-3230e44d18dd-37080","trial_id":7,"param_name":"gamma","param_value_internal":2,"distribution":"{\"name\": \"CategoricalDistribution\", \"attributes\": {\"choices\": [0.99, 0.995, 0.999]}}"}
{"op_code":5,"worker_id":"d43495b7-8d1f-46a9-8db9-3230e44d18dd-37080","trial_id":7,"param_name":"gae-lambda","param_value_internal":1,"distribution":"{\"name\": \"CategoricalDistribution\", \"attributes\": {\"choices\": [0.9, 0.95, 1.0]}}"}
{"op_code":5,"worker_id":"d43495b7-8d1f-46a9-8db9-3230e44d18dd-37080","trial_id":7,"param_name":"ent-coef","param_value_internal":0.000501819043124292,"distribution":"{\"name\": \"FloatDistribution\", \"attributes\": {\"step\": null, \"low\": 0.0001, \"high\": 0.03, \"log\": true}}"}
{"op_code":8,"worker_id":"d43495b7-8d1f-46a9-8db9-3230e44d18dd-37080","trial_id":7,"user_attr":{"train_argv":"--option 0 --reward-mode objective --objectives tardiness_sq --lambda-late 1.0 --lambda-energy 1.0 --power-model linear --difficulty off_tf05 --timesteps 300000 --save-tag tune_off_tf05_o0pmlubrze_a2c_t7 --n-envs 4 --vec-backend subproc --seed 0 --algo a2c --markov-obs --lookahead --fixed-scaling --critic-arrivals --lateness-shaping --normalize-reward --event-idle --policy-arch pointer --learning-rate 0.00163195 --rollout-size 80 --gamma 0.999 --gae-lambda 0.95 --ent-coef 0.000501819"}}
{"op_code":7,"worker_id":"d43495b7-8d1f-46a9-8db9-3230e44d18dd-37080","trial_id":7,"step":75000,"intermediate_value":209482.4}
{"op_code":6,"worker_id":"d43495b7-8d1f-46a9-8db9-3230e44d18dd-37080","trial_id":7,"state":2,"values":[209482.4],"datetime_complete":"2026-10-07T09:52:49.317635"}
{"op_code":4,"worker_id":"d43495b7-8d1f-46a9-8db9-3230e44d18dd-37080","study_id":0,"datetime_start":"2026-10-07T09:52:49.557249"}
{"op_code":5,"worker_id":"d43495b7-8d1f-46a9-8db9-3230e44d18dd-37080","trial_id":8,"param_name":"learning-rate","param_value_internal":0.00015050290935598963,"distribution":"{\"name\": \"FloatDistribution\", \"attributes\": {\"step\": null, \"low\": 0.0001, \"high\": 0.003, \"log\": true}}"}
{"op_code":5,"worker_id":"d43495b7-8d1f-46a9-8db9-3230e44d18dd-37080","trial_id":8,"param_name":"rollout-size","param_value_internal":2,"distribution":"{\"name\": \"CategoricalDistribution\", \"attributes\": {\"choices\": [20, 80, 320]}}"}
{"op_code":5,"worker_id":"d43495b7-8d1f-46a9-8db9-3230e44d18dd-37080","trial_id":8,"param_name":"gamma","param_value_internal":2,"distribution":"{\"name\": \"CategoricalDistribution\", \"attributes\": {\"choices\": [0.99, 0.995, 0.999]}}"}
{"op_code":5,"worker_id":"d43495b7-8d1f-46a9-8db9-3230e44d18dd-37080","trial_id":8,"param_name":"gae-lambda","param_value_internal":0,"distribution":"{\"name\": \"CategoricalDistribution\", \"attributes\": {\"choices\": [0.9, 0.95, 1.0]}}"}
{"op_code":5,"worker_id":"d43495b7-8d1f-46a9-8db9-3230e44d18dd-37080","trial_id":8,"param_name":"ent-coef","param_value_internal":0.00017088424969157387,"distribution":"{\"name\": \"FloatDistribution\", \"attributes\": {\"step\": null, \"low\": 0.0001, \"high\": 0.03, \"log\": true}}"}
{"op_code":8,"worker_id":"d43495b7-8d1f-46a9-8db9-3230e44d18dd-37080","trial_id":8,"user_attr":{"train_argv":"--option 0 --reward-mode objective --objectives tardiness_sq --lambda-late 1.0 --lambda-energy 1.0 --power-model linear --difficulty off_tf05 --timesteps 300000 --save-tag tune_off_tf05_o0pmlubrze_a2c_t8 --n-envs 4 --vec-backend subproc --seed 0 --algo a2c --markov-obs --lookahead --fixed-scaling --critic-arrivals --lateness-shaping --normalize-reward --event-idle --policy-arch pointer --learning-rate 0.000150503 --rollout-size 320 --gamma 0.999 --gae-lambda 0.9 --ent-coef 0.000170884"}}
{"op_code":7,"worker_id":"d43495b7-8d1f-46a9-8db9-3230e44d18dd-37080","trial_id":8,"step":75000,"intermediate_value":70794.2}
{"op_code":7,"worker_id":"d43495b7-8d1f-46a9-8db9-3230e44d18dd-37080","trial_id":8,"step":150000,"intermediate_value":56764.6}
{"op_code":6,"worker_id":"d43495b7-8d1f-46a9-8db9-3230e44d18dd-37080","trial_id":8,"state":2,"values":[56764.6],"datetime_complete":"2026-10-07T09:55:52.476798"}
{"op_code":4,"worker_id":"d43495b7-8d1f-46a9-8db9-3230e44d18dd-37080","study_id":0,"datetime_start":"2026-10-07T09:55:52.754161"}
{"op_code":5,"worker_id":"d43495b7-8d1f-46a9-8db9-3230e44d18dd-37080","trial_id":9,"param_name":"learning-rate","param_value_internal":0.0007091576793635641,"distribution":"{\"name\": \"FloatDistribution\", \"attributes\": {\"step\": null, \"low\": 0.0001, \"high\": 0.003, \"log\": true}}"}
{"op_code":5,"worker_id":"d43495b7-8d1f-46a9-8db9-3230e44d18dd-37080","trial_id":9,"param_name":"rollout-size","param_value_internal":0,"distribution":"{\"name\": \"CategoricalDistribution\", \"attributes\": {\"choices\": [20, 80, 320]}}"}
{"op_code":5,"worker_id":"d43495b7-8d1f-46a9-8db9-3230e44d18dd-37080","trial_id":9,"param_name":"gamma","param_value_internal":1,"distribution":"{\"name\": \"CategoricalDistribution\", \"attributes\": {\"choices\": [0.99, 0.995, 0.999]}}"}
{"op_code":5,"worker_id":"d43495b7-8d1f-46a9-8db9-3230e44d18dd-37080","trial_id":9,"param_name":"gae-lambda","param_value_internal":1,"distribution":"{\"name\": \"CategoricalDistribution\", \"attributes\": {\"choices\": [0.9, 0.95, 1.0]}}"}
{"op_code":5,"worker_id":"d43495b7-8d1f-46a9-8db9-3230e44d18dd-37080","trial_id":9,"param_name":"ent-coef","param_value_internal":0.011307978270179144,"distribution":"{\"name\": \"FloatDistribution\", \"attributes\": {\"step\": null, \"low\": 0.0001, \"high\": 0.03, \"log\": true}}"}
{"op_code":8,"worker_id":"d43495b7-8d1f-46a9-8db9-3230e44d18dd-37080","trial_id":9,"user_attr":{"train_argv":"--option 0 --reward-mode objective --objectives tardiness_sq --lambda-late 1.0 --lambda-energy 1.0 --power-model linear --difficulty off_tf05 --timesteps 300000 --save-tag tune_off_tf05_o0pmlubrze_a2c_t9 --n-envs 4 --vec-backend subproc --seed 0 --algo a2c --markov-obs --lookahead --fixed-scaling --critic-arrivals --lateness-shaping --normalize-reward --event-idle --policy-arch pointer --learning-rate 0.000709158 --rollout-size 20 --gamma 0.995 --gae-lambda 0.95 --ent-coef 0.011308"}}
{"op_code":7,"worker_id":"d43495b7-8d1f-46a9-8db9-3230e44d18dd-37080","trial_id":9,"step":75000,"intermediate_value":57479.0}
{"op_code":7,"worker_id":"d43495b7-8d1f-46a9-8db9-3230e44d18dd-37080","trial_id":9,"step":150000,"intermediate_value":57201.0}
{"op_code":6,"worker_id":"d43495b7-8d1f-46a9-8db9-3230e44d18dd-37080","trial_id":9,"state":2,"values":[57201.0],"datetime_complete":"2026-10-07T09:59:46.573612"}
{"op_code":4,"worker_id":"d43495b7-8d1f-46a9-8db9-3230e44d18dd-37080","study_id":0,"datetime_start":"2026-10-07T09:59:46.793221"}
{"op_code":5,"worker_id":"d43495b7-8d1f-46a9-8db9-3230e44d18dd-37080","trial_id":10,"param_name":"learning-rate","param_value_internal":0.000257264299188088,"distribution":"{\"name\": \"FloatDistribution\", \"attributes\": {\"step\": null, \"low\": 0.0001, \"high\": 0.003, \"log\": true}}"}
{"op_code":5,"worker_id":"d43495b7-8d1f-46a9-8db9-3230e44d18dd-37080","trial_id":10,"param_name":"rollout-size","param_value_internal":2,"distribution":"{\"name\": \"CategoricalDistribution\", \"attributes\": {\"choices\": [20, 80, 320]}}"}
{"op_code":5,"worker_id":"d43495b7-8d1f-46a9-8db9-3230e44d18dd-37080","trial_id":10,"param_name":"gamma","param_value_internal":0,"distribution":"{\"name\": \"CategoricalDistribution\", \"attributes\": {\"choices\": [0.99, 0.995, 0.999]}}"}
{"op_code":5,"worker_id":"d43495b7-8d1f-46a9-8db9-3230e44d18dd-37080","trial_id":10,"param_name":"gae-lambda","param_value_internal":2,"distribution":"{\"name\": \"CategoricalDistribution\", \"attributes\": {\"choices\": [0.9, 0.95, 1.0]}}"}
{"op_code":5,"worker_id":"d43495b7-8d1f-46a9-8db9-3230e44d18dd-37080","trial_id":10,"param_name":"ent-coef","param_value_internal":0.0019135422079335559,"distribution":"{\"name\": \"FloatDistribution\", \"attributes\": {\"step\": null, \"low\": 0.0001, \"high\": 0.03, \"log\": true}}"}
{"op_code":8,"worker_id":"d43495b7-8d1f-46a9-8db9-3230e44d18dd-37080","trial_id":10,"user_attr":{"train_argv":"--option 0 --reward-mode objective --objectives tardiness_sq --lambda-late 1.0 --lambda-energy 1.0 --power-model linear --difficulty off_tf05 --timesteps 300000 --save-tag tune_off_tf05_o0pmlubrze_a2c_t10 --n-envs 4 --vec-backend subproc --seed 0 --algo a2c --markov-obs --lookahead --fixed-scaling --critic-arrivals --lateness-shaping --normalize-reward --event-idle --policy-arch pointer --learning-rate 0.000257264 --rollout-size 320 --gamma 0.99 --gae-lambda 1 --ent-coef 0.00191354"}}
{"op_code":7,"worker_id":"d43495b7-8d1f-46a9-8db9-3230e44d18dd-37080","trial_id":10,"step":75000,"intermediate_value":47271.4}
{"op_code":7,"worker_id":"d43495b7-8d1f-46a9-8db9-3230e44d18dd-37080","trial_id":10,"step":150000,"intermediate_value":32643.6}
{"op_code":7,"worker_id":"d43495b7-8d1f-46a9-8db9-3230e44d18dd-37080","trial_id":10,"step":225000,"intermediate_value":29107.2}
{"op_code":6,"worker_id":"d43495b7-8d1f-46a9-8db9-3230e44d18dd-37080","trial_id":10,"state":1,"values":[29675.95],"datetime_complete":"2026-10-07T10:06:10.016443"}
{"op_code":4,"worker_id":"d43495b7-8d1f-46a9-8db9-3230e44d18dd-37080","study_id":0,"datetime_start":"2026-10-07T10:06:10.243873"}
{"op_code":5,"worker_id":"d43495b7-8d1f-46a9-8db9-3230e44d18dd-37080","trial_id":11,"param_name":"learning-rate","param_value_internal":0.0027617284797043875,"distribution":"{\"name\": \"FloatDistribution\", \"attributes\": {\"step\": null, \"low\": 0.0001, \"high\": 0.003, \"log\": true}}"}
{"op_code":5,"worker_id":"d43495b7-8d1f-46a9-8db9-3230e44d18dd-37080","trial_id":11,"param_name":"rollout-size","param_value_internal":0,"distribution":"{\"name\": \"CategoricalDistribution\", \"attributes\": {\"choices\": [20, 80, 320]}}"}
{"op_code":5,"worker_id":"d43495b7-8d1f-46a9-8db9-3230e44d18dd-37080","trial_id":11,"param_name":"gamma","param_value_internal":1,"distribution":"{\"name\": \"CategoricalDistribution\", \"attributes\": {\"choices\": [0.99, 0.995, 0.999]}}"}
{"op_code":5,"worker_id":"d43495b7-8d1f-46a9-8db9-3230e44d18dd-37080","trial_id":11,"param_name":"gae-lambda","param_value_internal":2,"distribution":"{\"name\": \"CategoricalDistribution\", \"attributes\": {\"choices\": [0.9, 0.95, 1.0]}}"}
{"op_code":5,"worker_id":"d43495b7-8d1f-46a9-8db9-3230e44d18dd-37080","trial_id":11,"param_name":"ent-coef","param_value_internal":0.028977333525414532,"distribution":"{\"name\": \"FloatDistribution\", \"attributes\": {\"step\": null, \"low\": 0.0001, \"high\": 0.03, \"log\": true}}"}
{"op_code":8,"worker_id":"d43495b7-8d1f-46a9-8db9-3230e44d18dd-37080","trial_id":11,"user_attr":{"train_argv":"--option 0 --reward-mode objective --objectives tardiness_sq --lambda-late 1.0 --lambda-energy 1.0 --power-model linear --difficulty off_tf05 --timesteps 300000 --save-tag tune_off_tf05_o0pmlubrze_a2c_t11 --n-envs 4 --vec-backend subproc --seed 0 --algo a2c --markov-obs --lookahead --fixed-scaling --critic-arrivals --lateness-shaping --normalize-reward --event-idle --policy-arch pointer --learning-rate 0.00276173 --rollout-size 20 --gamma 0.995 --gae-lambda 1 --ent-coef 0.0289773"}}
{"op_code":7,"worker_id":"d43495b7-8d1f-46a9-8db9-3230e44d18dd-37080","trial_id":11,"step":75000,"intermediate_value":209482.4}
{"op_code":6,"worker_id":"d43495b7-8d1f-46a9-8db9-3230e44d18dd-37080","trial_id":11,"state":2,"values":[209482.4],"datetime_complete":"2026-10-07T10:08:14.266263"}
{"op_code":0,"worker_id":"0e61c966-bd26-4495-94ca-6b814a07b2a9-40468","study_name":"off_tf05_o0pmlubrze_a2c","directions":[1]}
{"op_code":0,"worker_id":"7e4e1213-8f31-4318-b5a3-e2b1c2040332-464","study_name":"off_tf05_o0pmlubrze_a2c","directions":[1]}
{"op_code":0,"worker_id":"c63cac58-5937-4a24-b685-2dede4205eab-31116","study_name":"off_tf05_o0pmlubrze_a2c","directions":[1]}
{"op_code":0,"worker_id":"bf6ac77a-915f-4a37-aa49-619c99bcfa11-31800","study_name":"off_tf05_o0pmlubrze_a2c","directions":[1]}
{"op_code":0,"worker_id":"5e37ccff-a1f2-450f-abd9-424ca67b6626-37176","study_name":"off_tf05_o0pmlubrze_a2c","directions":[1]}
{"op_code":0,"worker_id":"3a2d9cda-b420-40ea-98d7-c890333ffdab-17132","study_name":"off_tf05_o0pmlubrze_a2c","directions":[1]}
{"op_code":0,"worker_id":"49990ec1-6696-4120-b157-26dfe59fa71b-5576","study_name":"off_tf05_o0pmlubrze_a2c","directions":[1]}
{"op_code":0,"worker_id":"d762867c-0e2f-4a46-abae-9b83604dd274-32732","study_name":"off_tf05_o0pmlubrze_a2c","directions":[1]}
{"op_code":0,"worker_id":"019d0bd5-5dad-41ce-a284-700d92f4b124-36448","study_name":"off_tf05_o0pmlubrze_a2c","directions":[1]}
{"op_code":0,"worker_id":"013227e2-2747-4a93-9ff7-afb3c2e54e79-38104","study_name":"off_tf05_o0pmlubrze_a2c","directions":[1]}
{"op_code":0,"worker_id":"83692bee-3f6b-47d5-b5ce-f4c6ce144a1a-36512","study_name":"off_tf05_o0pmlubrze_a2c","directions":[1]}
{"op_code":0,"worker_id":"3950e8a8-704d-45b3-baa6-7bc95bbf264b-14944","study_name":"off_tf05_o0pmlubrze_a2c","directions":[1]}
