{"op_code":0,"worker_id":"2fc0ef1f-0042-4d3b-a745-011bb34c96b3-33988","study_name":"off_tf05_o3wmlubrze_a2c","directions":[1]}
{"op_code":4,"worker_id":"2fc0ef1f-0042-4d3b-a745-011bb34c96b3-33988","study_id":0,"datetime_start":null,"state":4,"value":null,"values":null,"distributions":{},"params":{},"user_attrs":{"defaults":true},"system_attrs":{"fixed_params":{}},"intermediate_values":{}}
{"op_code":6,"worker_id":"2fc0ef1f-0042-4d3b-a745-011bb34c96b3-33988","trial_id":0,"state":0,"values":null,"datetime_start":"2026-10-09T03:12:39.371303"}
{"op_code":8,"worker_id":"2fc0ef1f-0042-4d3b-a745-011bb34c96b3-33988","trial_id":0,"user_attr":{"train_argv":"--option 3 --reward-mode objective --objectives tardiness_sq --lambda-late 1.0 --lambda-energy 1.0 --power-model linear --difficulty off_tf05 --timesteps 300000 --save-tag tune_off_tf05_o3wmlubrze_a2c_t0 --n-envs 4 --vec-backend subproc --seed 0 --algo a2c --markov-obs --lookahead --fixed-scaling --critic-arrivals --lateness-shaping --normalize-reward --event-idle --window-size 20"}}
{"op_code":7,"worker_id":"2fc0ef1f-0042-4d3b-a745-011bb34c96b3-33988","trial_id":0,"step":75000,"intermediate_value":44456.2}
{"op_code":7,"worker_id":"2fc0ef1f-0042-4d3b-a745-011bb34c96b3-33988","trial_id":0,"step":150000,"intermediate_value":36638.4}
{"op_code":7,"worker_id":"2fc0ef1f-0042-4d3b-a745-011bb34c96b3-33988","trial_id":0,"step":225000,"intermediate_value":32612.2}
{"op_code":6,"worker_id":"2fc0ef1f-0042-4d3b-a745-011bb34c96b3-33988","trial_id":0,"state":1,"values":[41579.2],"datetime_complete":"2026-10-09T05:31:38.423205"}
{"op_code":4,"worker_id":"2fc0ef1f-0042-4d3b-a745-011bb34c96b3-33988","study_id":0,"datetime_start":"2026-10-09T05:31:38.799192"}
{"op_code":5,"worker_id":"2fc0ef1f-0042-4d3b-a745-011bb34c96b3-33988","trial_id":1,"param_name":"learning-rate","param_value_internal":0.0006466422717414558,"distribution":"{\"name\": \"FloatDistribution\", \"attributes\": {\"step\": null, \"low\": 0.0001, \"high\": 0.003, \"log\": true}}"}
{"op_code":5,"worker_id":"2fc0ef1f-0042-4d3b-a745-011bb34c96b3-33988","trial_id":1,"param_name":"rollout-size","param_value_internal":0,"distribution":"{\"name\": \"CategoricalDistribution\", \"attributes\": {\"choices\": [20, 80, 320]}}"}
{"op_code":5,"worker_id":"2fc0ef1f-0042-4d3b-a745-011bb34c96b3-33988","trial_id":1,"param_name":"gamma","param_value_internal":1,"distribution":"{\"name\": \"CategoricalDistribution\", \"attributes\": {\"choices\": [0.99, 0.995, 0.999]}}"}
{"op_code":5,"worker_id":"2fc0ef1f-0042-4d3b-a745-011bb34c96b3-33988","trial_id":1,"param_name":"gae-lambda","param_value_internal":1,"distribution":"{\"name\": \"CategoricalDistribution\", \"attributes\": {\"choices\": [0.9, 0.95, 1.0]}}"}
{"op_code":5,"worker_id":"2fc0ef1f-0042-4d3b-a745-011bb34c96b3-33988","trial_id":1,"param_name":"ent-coef","param_value_internal":0.009145320282946534,"distribution":"{\"name\": \"FloatDistribution\", \"attributes\": {\"step\": null, \"low\": 0.0001, \"high\": 0.03, \"log\": true}}"}
{"op_code":8,"worker_id":"2fc0ef1f-0042-4d3b-a745-011bb34c96b3-33988","trial_id":1,"user_attr":{"train_argv":"--option 3 --reward-mode objective --objectives tardiness_sq --lambda-late 1.0 --lambda-energy 1.0 --power-model linear --difficulty off_tf05 --timesteps 300000 --save-tag tune_off_tf05_o3wmlubrze_a2c_t1 --n-envs 4 --vec-backend subproc --seed 0 --algo a2c --markov-obs --lookahead --fixed-scaling --critic-arrivals --lateness-shaping --normalize-reward --event-idle --window-size 20 --learning-rate 0.000646642 --rollout-size 20 --gamma 0.995 --gae-lambda 0.95 --ent-coef 0.00914532"}}
{"op_code":7,"worker_id":"2fc0ef1f-0042-4d3b-a745-011bb34c96b3-33988","trial_id":1,"step":75000,"intermediate_value":102337.4}
{"op_code":7,"worker_id":"2fc0ef1f-0042-4d3b-a745-011bb34c96b3-33988","trial_id":1,"step":150000,"intermediate_value":38646.4}
{"op_code":7,"worker_id":"2fc0ef1f-0042-4d3b-a745-011bb34c96b3-33988","trial_id":1,"step":225000,"intermediate_value":28486.0}
{"op_code":6,"worker_id":"2fc0ef1f-0042-4d3b-a745-011bb34c96b3-33988","trial_id":1,"state":1,"values":[28529.85],"datetime_complete":"2026-10-09T05:37:43.350559"}
{"op_code":4,"worker_id":"2fc0ef1f-0042-4d3b-a745-011bb34c96b3-33988","study_id":0,"datetime_start":"2026-10-09T05:37:43.552577"}
{"op_code":5,"worker_id":"2fc0ef1f-0042-4d3b-a745-011bb34c96b3-33988","trial_id":2,"param_name":"learning-rate","param_value_internal":0.0006042851578845063,"distribution":"{\"name\": \"FloatDistribution\", \"attributes\": {\"step\": null, \"low\": 0.0001, \"high\": 0.003, \"log\": true}}"}
{"op_code":5,"worker_id":"2fc0ef1f-0042-4d3b-a745-011bb34c96b3-33988","trial_id":2,"param_name":"rollout-size","param_value_internal":1,"distribution":"{\"name\": \"CategoricalDistribution\", \"attributes\": {\"choices\": [20, 80, 320]}}"}
{"op_code":5,"worker_id":"2fc0ef1f-0042-4d3b-a745-011bb34c96b3-33988","trial_id":2,"param_name":"gamma","param_value_internal":2,"distribution":"{\"name\": \"CategoricalDistribution\", \"attributes\": {\"choices\": [0.99, 0.995, 0.999]}}"}
{"op_code":5,"worker_id":"2fc0ef1f-0042-4d3b-a745-011bb34c96b3-33988","trial_id":2,"param_name":"gae-lambda","param_value_internal":2,"distribution":"{\"name\": \"CategoricalDistribution\", \"attributes\": {\"choices\": [0.9, 0.95, 1.0]}}"}
{"op_code":5,"worker_id":"2fc0ef1f-0042-4d3b-a745-011bb34c96b3-33988","trial_id":2,"param_name":"ent-coef","param_value_internal":0.009541412354586892,"distribution":"{\"name\": \"FloatDistribution\", \"attributes\": {\"step\": null, \"low\": 0.0001, \"high\": 0.03, \"log\": true}}"}
{"op_code":8,"worker_id":"2fc0ef1f-0042-4d3b-a745-011bb34c96b3-33988","trial_id":2,"user_attr":{"train_argv":"--option 3 --reward-mode objective --objectives tardiness_sq --lambda-late 1.0 --lambda-energy 1.0 --power-model linear --difficulty off_tf05 --timesteps 300000 --save-tag tune_off_tf05_o3wmlubrze_a2c_t2 --n-envs 4 --vec-backend subproc --seed 0 --algo a2c --markov-obs --lookahead --fixed-scaling --critic-arrivals --lateness-shaping --normalize-reward --event-idle --window-size 20 --learning-rate 0.000604285 --rollout-size 80 --gamma 0.999 --gae-lambda 1 --ent-coef 0.00954141"}}
{"op_code":7,"worker_id":"2fc0ef1f-0042-4d3b-a745-011bb34c96b3-33988","trial_id":2,"step":75000,"intermediate_value":38403.2}
{"op_code":7,"worker_id":"2fc0ef1f-0042-4d3b-a745-011bb34c96b3-33988","trial_id":2,"step":150000,"intermediate_value":31790.8}
{"op_code":7,"worker_id":"2fc0ef1f-0042-4d3b-a745-011bb34c96b3-33988","trial_id":2,"step":225000,"intermediate_value":29637.8}
{"op_code":6,"worker_id":"2fc0ef1f-0042-4d3b-a745-011bb34c96b3-33988","trial_id":2,"state":1,"values":[29229.95],"datetime_complete":"2026-10-09T05:42:33.198072"}
{"op_code":4,"worker_id":"2fc0ef1f-0042-4d3b-a745-011bb34c96b3-33988","study_id":0,"datetime_start":"2026-10-09T05:42:33.464520"}
{"op_code":5,"worker_id":"2fc0ef1f-0042-4d3b-a745-011bb34c96b3-33988","trial_id":3,"param_name":"learning-rate","param_value_internal":0.0004804641349751479,"distribution":"{\"name\": \"FloatDistribution\", \"attributes\": {\"step\": null, \"low\": 0.0001, \"high\": 0.003, \"log\": true}}"}
{"op_code":5,"worker_id":"2fc0ef1f-0042-4d3b-a745-011bb34c96b3-33988","trial_id":3,"param_name":"rollout-size","param_value_internal":0,"distribution":"{\"name\": \"CategoricalDistribution\", \"attributes\": {\"choices\": [20, 80, 320]}}"}
{"op_code":5,"worker_id":"2fc0ef1f-0042-4d3b-a745-011bb34c96b3-33988","trial_id":3,"param_name":"gamma","param_value_internal":1,"distribution":"{\"name\": \"CategoricalDistribution\", \"attributes\": {\"choices\": [0.99, 0.995, 0.999]}}"}
{"op_code":5,"worker_id":"2fc0ef1f-0042-4d3b-a745-011bb34c96b3-33988","trial_id":3,"param_name":"gae-lambda","param_value_internal":2,"distribution":"{\"name\": \"CategoricalDistribution\", \"attributes\": {\"choices\": [0.9, 0.95, 1.0]}}"}
{"op_code":5,"worker_id":"2fc0ef1f-0042-4d3b-a745-011bb34c96b3-33988","trial_id":3,"param_name":"ent-coef","param_value_internal":0.001348775545730254,"distribution":"{\"name\": \"FloatDistribution\", \"attributes\": {\"step\": null, \"low\": 0.0001, \"high\": 0.03, \"log\": true}}"}
{"op_code":8,"worker_id":"2fc0ef1f-0042-4d3b-a745-011bb34c96b3-33988","trial_id":3,"user_attr":{"train_argv":"--option 3 --reward-mode objective --objectives tardiness_sq --lambda-late 1.0 --lambda-energy 1.0 --power-model linear --difficulty off_tf05 --timesteps 300000 --save-tag tune_off_tf05_o3wmlubrze_a2c_t3 --n-envs 4 --vec-backend subproc --seed 0 --algo a2c --markov-obs --lookahead --fixed-scaling --critic-arrivals --lateness-shaping --normalize-reward --event-idle --window-size 20 --learning-rate 0.000480464 --rollout-size 20 --gamma 0.995 --gae-lambda 1 --ent-coef 0.00134878"}}
{"op_code":7,"worker_id":"2fc0ef1f-0042-4d3b-a745-011bb34c96b3-33988","trial_id":3,"step":75000,"intermediate_value":59165.2}
{"op_code":7,"worker_id":"2fc0ef1f-0042-4d3b-a745-011bb34c96b3-33988","trial_id":3,"step":150000,"intermediate_value":188139.4}
{"op_code":7,"worker_id":"2fc0ef1f-0042-4d3b-a745-011bb34c96b3-33988","trial_id":3,"step":225000,"intermediate_value":219900.2}
{"op_code":6,"worker_id":"2fc0ef1f-0042-4d3b-a745-011bb34c96b3-33988","trial_id":3,"state":1,"values":[216728.9],"datetime_complete":"2026-10-09T05:48:32.262957"}
{"op_code":4,"worker_id":"2fc0ef1f-0042-4d3b-a745-011bb34c96b3-33988","study_id":0,"datetime_start":"2026-10-09T05:48:32.452490"}
{"op_code":5,"worker_id":"2fc0ef1f-0042-4d3b-a745-011bb34c96b3-33988","trial_id":4,"param_name":"learning-rate","param_value_internal":0.0006912670683424538,"distribution":"{\"name\": \"FloatDistribution\", \"attributes\": {\"step\": null, \"low\": 0.0001, \"high\": 0.003, \"log\": true}}"}
{"op_code":5,"worker_id":"2fc0ef1f-0042-4d3b-a745-011bb34c96b3-33988","trial_id":4,"param_name":"rollout-size","param_value_internal":1,"distribution":"{\"name\": \"CategoricalDistribution\", \"attributes\": {\"choices\": [20, 80, 320]}}"}
{"op_code":5,"worker_id":"2fc0ef1f-0042-4d3b-a745-011bb34c96b3-33988","trial_id":4,"param_name":"gamma","param_value_internal":1,"distribution":"{\"name\": \"CategoricalDistribution\", \"attributes\": {\"choices\": [0.99, 0.995, 0.999]}}"}
{"op_code":5,"worker_id":"2fc0ef1f-0042-4d3b-a745-011bb34c96b3-33988","trial_id":4,"param_name":"gae-lambda","param_value_internal":2,"distribution":"{\"name\": \"CategoricalDistribution\", \"attributes\": {\"choices\": [0.9, 0.95, 1.0]}}"}
{"op_code":5,"worker_id":"2fc0ef1f-0042-4d3b-a745-011bb34c96b3-33988","trial_id":4,"param_name":"ent-coef","param_value_internal":0.00014098918363046996,"distribution":"{\"name\": \"FloatDistribution\", \"attributes\": {\"step\": null, \"low\": 0.0001, \"high\": 0.03, \"log\": true}}"}
{"op_code":8,"worker_id":"2fc0ef1f-0042-4d3b-a745-011bb34c96b3-33988","trial_id":4,"user_attr":{"train_argv":"--option 3 --reward-mode objective --objectives tardiness_sq --lambda-late 1.0 --lambda-energy 1.0 --power-model linear --difficulty off_tf05 --timesteps 300000 --save-tag tune_off_tf05_o3wmlubrze_a2c_t4 --n-envs 4 --vec-backend subproc --seed 0 --algo a2c --markov-obs --lookahead --fixed-scaling --critic-arrivals --lateness-shaping --normalize-reward --event-idle --window-size 20 --learning-rate 0.000691267 --rollout-size 80 --gamma 0.995 --gae-lambda 1 --ent-coef 0.000140989"}}
{"op_code":7,"worker_id":"2fc0ef1f-0042-4d3b-a745-011bb34c96b3-33988","trial_id":4,"step":75000,"intermediate_value":64707.2}
{"op_code":7,"worker_id":"2fc0ef1f-0042-4d3b-a745-011bb34c96b3-33988","trial_id":4,"step":150000,"intermediate_value":38804.2}
{"op_code":7,"worker_id":"2fc0ef1f-0042-4d3b-a745-011bb34c96b3-33988","trial_id":4,"step":225000,"intermediate_value":42829.8}
{"op_code":6,"worker_id":"2fc0ef1f-0042-4d3b-a745-011bb34c96b3-33988","trial_id":4,"state":1,"values":[39369.1],"datetime_complete":"2026-10-09T05:53:23.326055"}
{"op_code":4,"worker_id":"2fc0ef1f-0042-4d3b-a745-011bb34c96b3-33988","study_id":0,"datetime_start":"2026-10-09T05:53:23.574626"}
{"op_code":5,"worker_id":"2fc0ef1f-0042-4d3b-a745-011bb34c96b3-33988","trial_id":5,"param_name":"learning-rate","param_value_internal":0.0009658179826892162,"distribution":"{\"name\": \"FloatDistribution\", \"attributes\": {\"step\": null, \"low\": 0.0001, \"high\": 0.003, \"log\": true}}"}
{"op_code":5,"worker_id":"2fc0ef1f-0042-4d3b-a745-011bb34c96b3-33988","trial_id":5,"param_name":"rollout-size","param_value_internal":0,"distribution":"{\"name\": \"CategoricalDistribution\", \"attributes\": {\"choices\": [20, 80, 320]}}"}
{"op_code":5,"worker_id":"2fc0ef1f-0042-4d3b-a745-011bb34c96b3-33988","trial_id":5,"param_name":"gamma","param_value_internal":2,"distribution":"{\"name\": \"CategoricalDistribution\", \"attributes\": {\"choices\": [0.99, 0.995, 0.999]}}"}
{"op_code":5,"worker_id":"2fc0ef1f-0042-4d3b-a745-011bb34c96b3-33988","trial_id":5,"param_name":"gae-lambda","param_value_internal":1,"distribution":"{\"name\": \"CategoricalDistribution\", \"attributes\": {\"choices\": [0.9, 0.95, 1.0]}}"}
{"op_code":5,"worker_id":"2fc0ef1f-0042-4d3b-a745-011bb34c96b3-33988","trial_id":5,"param_name":"ent-coef","param_value_internal":0.00032916454639831516,"distribution":"{\"name\": \"FloatDistribution\", \"attributes\": {\"step\": null, \"low\": 0.0001, \"high\": 0.03, \"log\": true}}"}
{"op_code":8,"worker_id":"2fc0ef1f-0042-4d3b-a745-011bb34c96b3-33988","trial_id":5,"user_attr":{"train_argv":"--option 3 --reward-mode objective --objectives tardiness_sq --lambda-late 1.0 --lambda-energy 1.0 --power-model linear --difficulty off_tf05 --timesteps 300000 --save-tag tune_off_tf05_o3wmlubrze_a2c_t5 --n-envs 4 --vec-backend subproc --seed 0 --algo a2c --markov-obs --lookahead --fixed-scaling --critic-arrivals --lateness-shaping --normalize-reward --event-idle --window-size 20 --learning-rate 0.000965818 --rollout-size 20 --gamma 0.999 --gae-lambda 0.95 --ent-coef 0.000329165"}}
{"op_code":7,"worker_id":"2fc0ef1f-0042-4d3b-a745-011bb34c96b3-33988","trial_id":5,"step":75000,"intermediate_value":28225.6}
{"op_code":7,"worker_id":"2fc0ef1f-0042-4d3b-a745-011bb34c96b3-33988","trial_id":5,"step":150000,"intermediate_value":26378.4}
{"op_code":7,"worker_id":"2fc0ef1f-0042-4d3b-a745-011bb34c96b3-33988","trial_id":5,"step":225000,"intermediate_value":27695.6}
{"op_code":6,"worker_id":"2fc0ef1f-0042-4d3b-a745-011bb34c96b3-33988","trial_id":5,"state":1,"values":[29021.2],"datetime_complete":"2026-10-09T05:59:15.637829"}
{"op_code":4,"worker_id":"2fc0ef1f-0042-4d3b-a745-011bb34c96b3-33988","study_id":0,"datetime_start":"2026-10-09T05:59:15.840826"}
{"op_code":5,"worker_id":"2fc0ef1f-0042-4d3b-a745-011bb34c96b3-33988","trial_id":6,"param_name":"learning-rate","param_value_internal":0.00017309069329908935,"distribution":"{\"name\": \"FloatDistribution\", \"attributes\": {\"step\": null, \"low\": 0.0001, \"high\": 0.003, \"log\": true}}"}
{"op_code":5,"worker_id":"2fc0ef1f-0042-4d3b-a745-011bb34c96b3-33988","trial_id":6,"param_name":"rollout-size","param_value_internal":0,"distribution":"{\"name\": \"CategoricalDistribution\", \"attributes\": {\"choices\": [20, 80, 320]}}"}
{"op_code":5,"worker_id":"2fc0ef1f-0042-4d3b-a745-011bb34c96b3-33988","trial_id":6,"param_name":"gamma","param_value_internal":0,"distribution":"{\"name\": \"CategoricalDistribution\", \"attributes\": {\"choices\": [0.99, 0.995, 0.999]}}"}
{"op_code":5,"worker_id":"2fc0ef1f-0042-4d3b-a745-011bb34c96b3-33988","trial_id":6,"param_name":"gae-lambda","param_value_internal":0,"distribution":"{\"name\": \"CategoricalDistribution\", \"attributes\": {\"choices\": [0.9, 0.95, 1.0]}}"}
{"op_code":5,"worker_id":"2fc0ef1f-0042-4d3b-a745-011bb34c96b3-33988","trial_id":6,"param_name":"ent-coef","param_value_internal":0.0008191755047162099,"distribution":"{\"name\": \"FloatDistribution\", \"attributes\": {\"step\": null, \"low\": 0.0001, \"high\": 0.03, \"log\": true}}"}
{"op_code":8,"worker_id":"2fc0ef1f-0042-4d3b-a745-011bb34c96b3-33988","trial_id":6,"user_attr":{"train_argv":"--option 3 --reward-mode objective --objectives tardiness_sq --lambda-late 1.0 --lambda-energy 1.0 --power-model linear --difficulty off_tf05 --timesteps 300000 --save-tag tune_off_tf05_o3wmlubrze_a2c_t6 --n-envs 4 --vec-backend subproc --seed 0 --algo a2c --markov-obs --lookahead --fixed-scaling --critic-arrivals --lateness-shaping --normalize-reward --event-idle --window-size 20 --learning-rate 0.000173091 --rollout-size 20 --gamma 0.99 --gae-lambda 0.9 --ent-coef 0.000819176"}}
{"op_code":7,"worker_id":"2fc0ef1f-0042-4d3b-a745-011bb34c96b3-33988","trial_id":6,"step":75000,"intermediate_value":166721.0}
{"op_code":6,"worker_id":"2fc0ef1f-0042-4d3b-a745-011bb34c96b3-33988","trial_id":6,"state":2,"values":[166721.0],"datetime_complete":"2026-10-09T06:00:48.614514"}
{"op_code":4,"worker_id":"2fc0ef1f-0042-4d3b-a745-011bb34c96b3-33988","study_id":0,"datetime_start":"2026-10-09T06:00:48.820789"}
{"op_code":5,"worker_id":"2fc0ef1f-0042-4d3b-a745-011bb34c96b3-33988","trial_id":7,"param_name":"learning-rate","param_value_internal":0.0016319488770709706,"distribution":"{\"name\": \"FloatDistribution\", \"attributes\": {\"step\": null, \"low\": 0.0001, \"high\": 0.003, \"log\": true}}"}
{"op_code":5,"worker_id":"2fc0ef1f-0042-4d3b-a745-011bb34c96b3-33988","trial_id":7,"param_name":"rollout-size","param_value_internal":1,"distribution":"{\"name\": \"CategoricalDistribution\", \"attributes\": {\"choices\": [20, 80, 320]}}"}
{"op_code":5,"worker_id":"2fc0ef1f-0042-4d3b-a745-011bb34c96b3-33988","trial_id":7,"param_name":"gamma","param_value_internal":2,"distribution":"{\"name\": \"CategoricalDistribution\", \"attributes\": {\"choices\": [0.99, 0.995, 0.999]}}"}
{"op_code":5,"worker_id":"2fc0ef1f-0042-4d3b-a745-011bb34c96b3-33988","trial_id":7,"param_name":"gae-lambda","param_value_internal":1,"distribution":"{\"name\": \"CategoricalDistribution\", \"attributes\": {\"choices\": [0.9, 0.95, 1.0]}}"}
{"op_code":5,"worker_id":"2fc0ef1f-0042-4d3b-a745-011bb34c96b3-33988","trial_id":7,"param_name":"ent-coef","param_value_internal":0.000501819043124292,"distribution":"{\"name\": \"FloatDistribution\", \"attributes\": {\"step\": null, \"low\": 0.0001, \"high\": 0.03, \"log\": true}}"}
{"op_code":8,"worker_id":"2fc0ef1f-0042-4d3b-a745-011bb34c96b3-33988","trial_id":7,"user_attr":{"train_argv":"--option 3 --reward-mode objective --objectives tardiness_sq --lambda-late 1.0 --lambda-energy 1.0 --power-model linear --difficulty off_tf05 --timesteps 300000 --save-tag tune_off_tf05_o3wmlubrze_a2c_t7 --n-envs 4 --vec-backend subproc --seed 0 --algo a2c --markov-obs --lookahead --fixed-scaling --critic-arrivals --lateness-shaping --normalize-reward --event-idle --window-size 20 --learning-rate 0.00163195 --rollout-size 80 --gamma 0.999 --gae-lambda 0.95 --ent-coef 0.000501819"}}
{"op_code":7,"worker_id":"2fc0ef1f-0042-4d3b-a745-011bb34c96b3-33988","trial_id":7,"step":75000,"intermediate_value":38274.8}
{"op_code":7,"worker_id":"2fc0ef1f-0042-4d3b-a745-011bb34c96b3-33988","trial_id":7,"step":150000,"intermediate_value":34362.0}
{"op_code":7,"worker_id":"2fc0ef1f-0042-4d3b-a745-011bb34c96b3-33988","trial_id":7,"step":225000,"intermediate_value":30011.4}
{"op_code":6,"worker_id":"2fc0ef1f-0042-4d3b-a745-011bb34c96b3-33988","trial_id":7,"state":1,"values":[32934.5],"datetime_complete":"2026-10-09T06:05:32.209358"}
{"op_code":4,"worker_id":"2fc0ef1f-0042-4d3b-a745-011bb34c96b3-33988","study_id":0,"datetime_start":"2026-10-09T06:05:32.436078"}
{"op_code":5,"worker_id":"2fc0ef1f-0042-4d3b-a745-011bb34c96b3-33988","trial_id":8,"param_name":"learning-rate","param_value_internal":0.00015050290935598963,"distribution":"{\"name\": \"FloatDistribution\", \"attributes\": {\"step\": null, \"low\": 0.0001, \"high\": 0.003, \"log\": true}}"}
{"op_code":5,"worker_id":"2fc0ef1f-0042-4d3b-a745-011bb34c96b3-33988","trial_id":8,"param_name":"rollout-size","param_value_internal":2,"distribution":"{\"name\": \"CategoricalDistribution\", \"attributes\": {\"choices\": [20, 80, 320]}}"}
{"op_code":5,"worker_id":"2fc0ef1f-0042-4d3b-a745-011bb34c96b3-33988","trial_id":8,"param_name":"gamma","param_value_internal":2,"distribution":"{\"name\": \"CategoricalDistribution\", \"attributes\": {\"choices\": [0.99, 0.995, 0.999]}}"}
{"op_code":5,"worker_id":"2fc0ef1f-0042-4d3b-a745-011bb34c96b3-33988","trial_id":8,"param_name":"gae-lambda","param_value_internal":0,"distribution":"{\"name\": \"CategoricalDistribution\", \"attributes\": {\"choices\": [0.9, 0.95, 1.0]}}"}
{"op_code":5,"worker_id":"2fc0ef1f-0042-4d3b-a745-011bb34c96b3-33988","trial_id":8,"param_name":"ent-coef","param_value_internal":0.00017088424969157387,"distribution":"{\"name\": \"FloatDistribution\", \"attributes\": {\"step\": null, \"low\": 0.0001, \"high\": 0.03, \"log\": true}}"}
{"op_code":8,"worker_id":"2fc0ef1f-0042-4d3b-a745-011bb34c96b3-33988","trial_id":8,"user_attr":{"train_argv":"--option 3 --reward-mode objective --objectives tardiness_sq --lambda-late 1.0 --lambda-energy 1.0 --power-model linear --difficulty off_tf05 --timesteps 300000 --save-tag tune_off_tf05_o3wmlubrze_a2c_t8 --n-envs 4 --vec-backend subproc --seed 0 --algo a2c --markov-obs --lookahead --fixed-scaling --critic-arrivals --lateness-shaping --normalize-reward --event-idle --window-size 20 --learning-rate 0.000150503 --rollout-size 320 --gamma 0.999 --gae-lambda 0.9 --ent-coef 0.000170884"}}
{"op_code":7,"worker_id":"2fc0ef1f-0042-4d3b-a745-011bb34c96b3-33988","trial_id":8,"step":75000,"intermediate_value":64690.0}
{"op_code":6,"worker_id":"2fc0ef1f-0042-4d3b-a745-011bb34c96b3-33988","trial_id":8,"state":2,"values":[64690.0],"datetime_complete":"2026-10-09T06:06:35.578986"}
{"op_code":4,"worker_id":"2fc0ef1f-0042-4d3b-a745-011bb34c96b3-33988","study_id":0,"datetime_start":"2026-10-09T06:06:35.750415"}
{"op_code":5,"worker_id":"2fc0ef1f-0042-4d3b-a745-011bb34c96b3-33988","trial_id":9,"param_name":"learning-rate","param_value_internal":0.0007091576793635641,"distribution":"{\"name\": \"FloatDistribution\", \"attributes\": {\"step\": null, \"low\": 0.0001, \"high\": 0.003, \"log\": true}}"}
{"op_code":5,"worker_id":"2fc0ef1f-0042-4d3b-a745-011bb34c96b3-33988","trial_id":9,"param_name":"rollout-size","param_value_internal":0,"distribution":"{\"name\": \"CategoricalDistribution\", \"attributes\": {\"choices\": [20, 80, 320]}}"}
{"op_code":5,"worker_id":"2fc0ef1f-0042-4d3b-a745-011bb34c96b3-33988","trial_id":9,"param_name":"gamma","param_value_internal":1,"distribution":"{\"name\": \"CategoricalDistribution\", \"attributes\": {\"choices\": [0.99, 0.995, 0.999]}}"}
{"op_code":5,"worker_id":"2fc0ef1f-0042-4d3b-a745-011bb34c96b3-33988","trial_id":9,"param_name":"gae-lambda","param_value_internal":1,"distribution":"{\"name\": \"CategoricalDistribution\", \"attributes\": {\"choices\": [0.9, 0.95, 1.0]}}"}
{"op_code":5,"worker_id":"2fc0ef1f-0042-4d3b-a745-011bb34c96b3-33988","trial_id":9,"param_name":"ent-coef","param_value_internal":0.011307978270179144,"distribution":"{\"name\": \"FloatDistribution\", \"attributes\": {\"step\": null, \"low\": 0.0001, \"high\": 0.03, \"log\": true}}"}
{"op_code":8,"worker_id":"2fc0ef1f-0042-4d3b-a745-011bb34c96b3-33988","trial_id":9,"user_attr":{"train_argv":"--option 3 --reward-mode objective --objectives tardiness_sq --lambda-late 1.0 --lambda-energy 1.0 --power-model linear --difficulty off_tf05 --timesteps 300000 --save-tag tune_off_tf05_o3wmlubrze_a2c_t9 --n-envs 4 --vec-backend subproc --seed 0 --algo a2c --markov-obs --lookahead --fixed-scaling --critic-arrivals --lateness-shaping --normalize-reward --event-idle --window-size 20 --learning-rate 0.000709158 --rollout-size 20 --gamma 0.995 --gae-lambda 0.95 --ent-coef 0.011308"}}
{"op_code":7,"worker_id":"2fc0ef1f-0042-4d3b-a745-011bb34c96b3-33988","trial_id":9,"step":75000,"intermediate_value":144486.4}
{"op_code":6,"worker_id":"2fc0ef1f-0042-4d3b-a745-011bb34c96b3-33988","trial_id":9,"state":2,"values":[144486.4],"datetime_complete":"2026-10-09T06:08:01.387349"}
{"op_code":4,"worker_id":"2fc0ef1f-0042-4d3b-a745-011bb34c96b3-33988","study_id":0,"datetime_start":"2026-10-09T06:08:01.615941"}
{"op_code":5,"worker_id":"2fc0ef1f-0042-4d3b-a745-011bb34c96b3-33988","trial_id":10,"param_name":"learning-rate","param_value_internal":0.0024518098818580836,"distribution":"{\"name\": \"FloatDistribution\", \"attributes\": {\"step\": null, \"low\": 0.0001, \"high\": 0.003, \"log\": true}}"}
{"op_code":5,"worker_id":"2fc0ef1f-0042-4d3b-a745-011bb34c96b3-33988","trial_id":10,"param_name":"rollout-size","param_value_internal":2,"distribution":"{\"name\": \"CategoricalDistribution\", \"attributes\": {\"choices\": [20, 80, 320]}}"}
{"op_code":5,"worker_id":"2fc0ef1f-0042-4d3b-a745-011bb34c96b3-33988","trial_id":10,"param_name":"gamma","param_value_internal":0,"distribution":"{\"name\": \"CategoricalDistribution\", \"attributes\": {\"choices\": [0.99, 0.995, 0.999]}}"}
{"op_code":5,"worker_id":"2fc0ef1f-0042-4d3b-a745-011bb34c96b3-33988","trial_id":10,"param_name":"gae-lambda","param_value_internal":1,"distribution":"{\"name\": \"CategoricalDistribution\", \"attributes\": {\"choices\": [0.9, 0.95, 1.0]}}"}
{"op_code":5,"worker_id":"2fc0ef1f-0042-4d3b-a745-011bb34c96b3-33988","trial_id":10,"param_name":"ent-coef","param_value_internal":0.002810614969269114,"distribution":"{\"name\": \"FloatDistribution\", \"attributes\": {\"step\": null, \"low\": 0.0001, \"high\": 0.03, \"log\": true}}"}
{"op_code":8,"worker_id":"2fc0ef1f-0042-4d3b-a745-011bb34c96b3-33988","trial_id":10,"user_attr":{"train_argv":"--option 3 --reward-mode objective --objectives tardiness_sq --lambda-late 1.0 --lambda-energy 1.0 --power-model linear --difficulty off_tf05 --timesteps 300000 --save-tag tune_off_tf05_o3wmlubrze_a2c_t10 --n-envs 4 --vec-backend subproc --seed 0 --algo a2c --markov-obs --lookahead --fixed-scaling --critic-arrivals --lateness-shaping --normalize-reward --event-idle --window-size 20 --learning-rate 0.00245181 --rollout-size 320 --gamma 0.99 --gae-lambda 0.95 --ent-coef 0.00281061"}}
{"op_code":7,"worker_id":"2fc0ef1f-0042-4d3b-a745-011bb34c96b3-33988","trial_id":10,"step":75000,"intermediate_value":38425.2}
{"op_code":7,"worker_id":"2fc0ef1f-0042-4d3b-a745-011bb34c96b3-33988","trial_id":10,"step":150000,"intermediate_value":30014.2}
{"op_code":7,"worker_id":"2fc0ef1f-0042-4d3b-a745-011bb34c96b3-33988","trial_id":10,"step":225000,"intermediate_value":31660.0}
{"op_code":6,"worker_id":"2fc0ef1f-0042-4d3b-a745-011bb34c96b3-33988","trial_id":10,"state":2,"values":[31660.0],"datetime_complete":"2026-10-09T06:11:16.003724"}
{"op_code":4,"worker_id":"2fc0ef1f-0042-4d3b-a745-011bb34c96b3-33988","study_id":0,"datetime_start":"2026-10-09T06:11:16.178256"}
{"op_code":5,"worker_id":"2fc0ef1f-0042-4d3b-a745-011bb34c96b3-33988","trial_id":11,"param_name":"learning-rate","param_value_internal":0.0011797634056314847,"distribution":"{\"name\": \"FloatDistribution\", \"attributes\": {\"step\": null, \"low\": 0.0001, \"high\": 0.003, \"log\": true}}"}
{"op_code":5,"worker_id":"2fc0ef1f-0042-4d3b-a745-011bb34c96b3-33988","trial_id":11,"param_name":"rollout-size","param_value_internal":0,"distribution":"{\"name\": \"CategoricalDistribution\", \"attributes\": {\"choices\": [20, 80, 320]}}"}
{"op_code":5,"worker_id":"2fc0ef1f-0042-4d3b-a745-011bb34c96b3-33988","trial_id":11,"param_name":"gamma","param_value_internal":1,"distribution":"{\"name\": \"CategoricalDistribution\", \"attributes\": {\"choices\": [0.99, 0.995, 0.999]}}"}
{"op_code":5,"worker_id":"2fc0ef1f-0042-4d3b-a745-011bb34c96b3-33988","trial_id":11,"param_name":"gae-lambda","param_value_internal":1,"distribution":"{\"name\": \"CategoricalDistribution\", \"attributes\": {\"choices\": [0.9, 0.95, 1.0]}}"}
{"op_code":5,"worker_id":"2fc0ef1f-0042-4d3b-a745-011bb34c96b3-33988","trial_id":11,"param_name":"ent-coef","param_value_internal":0.028977333525414532,"distribution":"{\"name\": \"FloatDistribution\", \"attributes\": {\"step\": null, \"low\": 0.0001, \"high\": 0.03, \"log\": true}}"}
{"op_code":8,"worker_id":"2fc0ef1f-0042-4d3b-a745-011bb34c96b3-33988","trial_id":11,"user_attr":{"train_argv":"--option 3 --reward-mode objective --objectives tardiness_sq --lambda-late 1.0 --lambda-energy 1.0 --power-model linear --difficulty off_tf05 --timesteps 300000 --save-tag tune_off_tf05_o3wmlubrze_a2c_t11 --n-envs 4 --vec-backend subproc --seed 0 --algo a2c --markov-obs --lookahead --fixed-scaling --critic-arrivals --lateness-shaping --normalize-reward --event-idle --window-size 20 --learning-rate 0.00117976 --rollout-size 20 --gamma 0.995 --gae-lambda 0.95 --ent-coef 0.0289773"}}
{"op_code":7,"worker_id":"2fc0ef1f-0042-4d3b-a745-011bb34c96b3-33988","trial_id":11,"step":75000,"intermediate_value":39518.8}
{"op_code":7,"worker_id":"2fc0ef1f-0042-4d3b-a745-011bb34c96b3-33988","trial_id":11,"step":150000,"intermediate_value":42266.0}
{"op_code":6,"worker_id":"2fc0ef1f-0042-4d3b-a745-011bb34c96b3-33988","trial_id":11,"state":2,"values":[42266.0],"datetime_complete":"2026-10-09T06:14:07.281128"}
{"op_code":0,"worker_id":"6c25efc0-c4ef-4d7d-a24d-0f46c8b8adc5-2876","study_name":"off_tf05_o3wmlubrze_a2c","directions":[1]}
{"op_code":0,"worker_id":"9f3d3d81-71e9-44be-97e7-41e040a1aa1c-39076","study_name":"off_tf05_o3wmlubrze_a2c","directions":[1]}
