{"op_code":0,"worker_id":"8e4000d8-c23b-4b2d-9de5-ecfbd7f8aedd-33556","study_name":"on_rho095_o4nfm","directions":[1]}
{"op_code":4,"worker_id":"8e4000d8-c23b-4b2d-9de5-ecfbd7f8aedd-33556","study_id":0,"datetime_start":"2026-10-06T08:17:54.522280"}
{"op_code":5,"worker_id":"8e4000d8-c23b-4b2d-9de5-ecfbd7f8aedd-33556","trial_id":0,"param_name":"learning-rate","param_value_internal":0.00020554062603827,"distribution":"{\"name\": \"FloatDistribution\", \"attributes\": {\"step\": null, \"low\": 3e-05, \"high\": 0.001, \"log\": true}}"}
{"op_code":5,"worker_id":"8e4000d8-c23b-4b2d-9de5-ecfbd7f8aedd-33556","trial_id":0,"param_name":"rollout-size","param_value_internal":0,"distribution":"{\"name\": \"CategoricalDistribution\", \"attributes\": {\"choices\": [2048, 4096, 8192, 16384]}}"}
{"op_code":5,"worker_id":"8e4000d8-c23b-4b2d-9de5-ecfbd7f8aedd-33556","trial_id":0,"param_name":"batch-size","param_value_internal":2,"distribution":"{\"name\": \"CategoricalDistribution\", \"attributes\": {\"choices\": [64, 256, 1024]}}"}
{"op_code":5,"worker_id":"8e4000d8-c23b-4b2d-9de5-ecfbd7f8aedd-33556","trial_id":0,"param_name":"n-epochs","param_value_internal":0,"distribution":"{\"name\": \"CategoricalDistribution\", \"attributes\": {\"choices\": [3, 5, 10]}}"}
{"op_code":5,"worker_id":"8e4000d8-c23b-4b2d-9de5-ecfbd7f8aedd-33556","trial_id":0,"param_name":"gamma","param_value_internal":2,"distribution":"{\"name\": \"CategoricalDistribution\", \"attributes\": {\"choices\": [0.99, 0.995, 0.999]}}"}
{"op_code":5,"worker_id":"8e4000d8-c23b-4b2d-9de5-ecfbd7f8aedd-33556","trial_id":0,"param_name":"gae-lambda","param_value_internal":1,"distribution":"{\"name\": \"CategoricalDistribution\", \"attributes\": {\"choices\": [0.9, 0.95, 0.98]}}"}
{"op_code":5,"worker_id":"8e4000d8-c23b-4b2d-9de5-ecfbd7f8aedd-33556","trial_id":0,"param_name":"clip-range","param_value_internal":2,"distribution":"{\"name\": \"CategoricalDistribution\", \"attributes\": {\"choices\": [0.1, 0.2, 0.3]}}"}
{"op_code":5,"worker_id":"8e4000d8-c23b-4b2d-9de5-ecfbd7f8aedd-33556","trial_id":0,"param_name":"ent-coef","param_value_internal":0.02655561084998941,"distribution":"{\"name\": \"FloatDistribution\", \"attributes\": {\"step\": null, \"low\": 0.0001, \"high\": 0.03, \"log\": true}}"}
{"op_code":8,"worker_id":"8e4000d8-c23b-4b2d-9de5-ecfbd7f8aedd-33556","trial_id":0,"user_attr":{"train_argv":"--option 4 --reward-mode objective --objectives tardiness_sq --lambda-late 1.0 --lambda-energy 1.0 --power-model linear --difficulty on_rho095 --timesteps 100000 --save-tag tune_on_rho095_o4nfm_t0 --n-envs 4 --vec-backend subproc --seed 0 --algo ppo --markov-obs --work-conserving --repair-placement --learning-rate 0.000205541 --rollout-size 2048 --batch-size 1024 --n-epochs 3 --gamma 0.999 --gae-lambda 0.95 --clip-range 0.3 --ent-coef 0.0265556"}}
{"op_code":7,"worker_id":"8e4000d8-c23b-4b2d-9de5-ecfbd7f8aedd-33556","trial_id":0,"step":25000,"intermediate_value":208585.6}
{"op_code":7,"worker_id":"8e4000d8-c23b-4b2d-9de5-ecfbd7f8aedd-33556","trial_id":0,"step":50000,"intermediate_value":226002.4}
{"op_code":7,"worker_id":"8e4000d8-c23b-4b2d-9de5-ecfbd7f8aedd-33556","trial_id":0,"step":75000,"intermediate_value":210943.6}
{"op_code":6,"worker_id":"8e4000d8-c23b-4b2d-9de5-ecfbd7f8aedd-33556","trial_id":0,"state":1,"values":[265188.9],"datetime_complete":"2026-10-06T08:42:32.186144"}
{"op_code":4,"worker_id":"8e4000d8-c23b-4b2d-9de5-ecfbd7f8aedd-33556","study_id":0,"datetime_start":"2026-10-06T08:42:32.461732"}
{"op_code":5,"worker_id":"8e4000d8-c23b-4b2d-9de5-ecfbd7f8aedd-33556","trial_id":1,"param_name":"learning-rate","param_value_internal":0.0004944733002746453,"distribution":"{\"name\": \"FloatDistribution\", \"attributes\": {\"step\": null, \"low\": 3e-05, \"high\": 0.001, \"log\": true}}"}
{"op_code":5,"worker_id":"8e4000d8-c23b-4b2d-9de5-ecfbd7f8aedd-33556","trial_id":1,"param_name":"rollout-size","param_value_internal":1,"distribution":"{\"name\": \"CategoricalDistribution\", \"attributes\": {\"choices\": [2048, 4096, 8192, 16384]}}"}
{"op_code":5,"worker_id":"8e4000d8-c23b-4b2d-9de5-ecfbd7f8aedd-33556","trial_id":1,"param_name":"batch-size","param_value_internal":1,"distribution":"{\"name\": \"CategoricalDistribution\", \"attributes\": {\"choices\": [64, 256, 1024]}}"}
{"op_code":5,"worker_id":"8e4000d8-c23b-4b2d-9de5-ecfbd7f8aedd-33556","trial_id":1,"param_name":"n-epochs","param_value_internal":2,"distribution":"{\"name\": \"CategoricalDistribution\", \"attributes\": {\"choices\": [3, 5, 10]}}"}
{"op_code":5,"worker_id":"8e4000d8-c23b-4b2d-9de5-ecfbd7f8aedd-33556","trial_id":1,"param_name":"gamma","param_value_internal":1,"distribution":"{\"name\": \"CategoricalDistribution\", \"attributes\": {\"choices\": [0.99, 0.995, 0.999]}}"}
{"op_code":5,"worker_id":"8e4000d8-c23b-4b2d-9de5-ecfbd7f8aedd-33556","trial_id":1,"param_name":"gae-lambda","param_value_internal":0,"distribution":"{\"name\": \"CategoricalDistribution\", \"attributes\": {\"choices\": [0.9, 0.95, 0.98]}}"}
{"op_code":5,"worker_id":"8e4000d8-c23b-4b2d-9de5-ecfbd7f8aedd-33556","trial_id":1,"param_name":"clip-range","param_value_internal":0,"distribution":"{\"name\": \"CategoricalDistribution\", \"attributes\": {\"choices\": [0.1, 0.2, 0.3]}}"}
{"op_code":5,"worker_id":"8e4000d8-c23b-4b2d-9de5-ecfbd7f8aedd-33556","trial_id":1,"param_name":"ent-coef","param_value_internal":0.0012094311268425492,"distribution":"{\"name\": \"FloatDistribution\", \"attributes\": {\"step\": null, \"low\": 0.0001, \"high\": 0.03, \"log\": true}}"}
{"op_code":8,"worker_id":"8e4000d8-c23b-4b2d-9de5-ecfbd7f8aedd-33556","trial_id":1,"user_attr":{"train_argv":"--option 4 --reward-mode objective --objectives tardiness_sq --lambda-late 1.0 --lambda-energy 1.0 --power-model linear --difficulty on_rho095 --timesteps 100000 --save-tag tune_on_rho095_o4nfm_t1 --n-envs 4 --vec-backend subproc --seed 0 --algo ppo --markov-obs --work-conserving --repair-placement --learning-rate 0.000494473 --rollout-size 4096 --batch-size 256 --n-epochs 10 --gamma 0.995 --gae-lambda 0.9 --clip-range 0.1 --ent-coef 0.00120943"}}
{"op_code":7,"worker_id":"8e4000d8-c23b-4b2d-9de5-ecfbd7f8aedd-33556","trial_id":1,"step":25000,"intermediate_value":151424.0}
{"op_code":7,"worker_id":"8e4000d8-c23b-4b2d-9de5-ecfbd7f8aedd-33556","trial_id":1,"step":50000,"intermediate_value":190798.2}
{"op_code":7,"worker_id":"8e4000d8-c23b-4b2d-9de5-ecfbd7f8aedd-33556","trial_id":1,"step":75000,"intermediate_value":251104.4}
{"op_code":6,"worker_id":"8e4000d8-c23b-4b2d-9de5-ecfbd7f8aedd-33556","trial_id":1,"state":1,"values":[247046.8],"datetime_complete":"2026-10-06T09:53:48.857692"}
{"op_code":4,"worker_id":"8e4000d8-c23b-4b2d-9de5-ecfbd7f8aedd-33556","study_id":0,"datetime_start":"2026-10-06T09:53:49.279918"}
{"op_code":5,"worker_id":"8e4000d8-c23b-4b2d-9de5-ecfbd7f8aedd-33556","trial_id":2,"param_name":"learning-rate","param_value_internal":0.0003463609921766881,"distribution":"{\"name\": \"FloatDistribution\", \"attributes\": {\"step\": null, \"low\": 3e-05, \"high\": 0.001, \"log\": true}}"}
{"op_code":5,"worker_id":"8e4000d8-c23b-4b2d-9de5-ecfbd7f8aedd-33556","trial_id":2,"param_name":"rollout-size","param_value_internal":2,"distribution":"{\"name\": \"CategoricalDistribution\", \"attributes\": {\"choices\": [2048, 4096, 8192, 16384]}}"}
{"op_code":5,"worker_id":"8e4000d8-c23b-4b2d-9de5-ecfbd7f8aedd-33556","trial_id":2,"param_name":"batch-size","param_value_internal":2,"distribution":"{\"name\": \"CategoricalDistribution\", \"attributes\": {\"choices\": [64, 256, 1024]}}"}
{"op_code":5,"worker_id":"8e4000d8-c23b-4b2d-9de5-ecfbd7f8aedd-33556","trial_id":2,"param_name":"n-epochs","param_value_internal":2,"distribution":"{\"name\": \"CategoricalDistribution\", \"attributes\": {\"choices\": [3, 5, 10]}}"}
{"op_code":5,"worker_id":"8e4000d8-c23b-4b2d-9de5-ecfbd7f8aedd-33556","trial_id":2,"param_name":"gamma","param_value_internal":1,"distribution":"{\"name\": \"CategoricalDistribution\", \"attributes\": {\"choices\": [0.99, 0.995, 0.999]}}"}
{"op_code":5,"worker_id":"8e4000d8-c23b-4b2d-9de5-ecfbd7f8aedd-33556","trial_id":2,"param_name":"gae-lambda","param_value_internal":0,"distribution":"{\"name\": \"CategoricalDistribution\", \"attributes\": {\"choices\": [0.9, 0.95, 0.98]}}"}
{"op_code":5,"worker_id":"8e4000d8-c23b-4b2d-9de5-ecfbd7f8aedd-33556","trial_id":2,"param_name":"clip-range","param_value_internal":0,"distribution":"{\"name\": \"CategoricalDistribution\", \"attributes\": {\"choices\": [0.1, 0.2, 0.3]}}"}
{"op_code":5,"worker_id":"8e4000d8-c23b-4b2d-9de5-ecfbd7f8aedd-33556","trial_id":2,"param_name":"ent-coef","param_value_internal":0.0042248177213228075,"distribution":"{\"name\": \"FloatDistribution\", \"attributes\": {\"step\": null, \"low\": 0.0001, \"high\": 0.03, \"log\": true}}"}
{"op_code":8,"worker_id":"8e4000d8-c23b-4b2d-9de5-ecfbd7f8aedd-33556","trial_id":2,"user_attr":{"train_argv":"--option 4 --reward-mode objective --objectives tardiness_sq --lambda-late 1.0 --lambda-energy 1.0 --power-model linear --difficulty on_rho095 --timesteps 100000 --save-tag tune_on_rho095_o4nfm_t2 --n-envs 4 --vec-backend subproc --seed 0 --algo ppo --markov-obs --work-conserving --repair-placement --learning-rate 0.000346361 --rollout-size 8192 --batch-size 1024 --n-epochs 10 --gamma 0.995 --gae-lambda 0.9 --clip-range 0.1 --ent-coef 0.00422482"}}
{"op_code":7,"worker_id":"8e4000d8-c23b-4b2d-9de5-ecfbd7f8aedd-33556","trial_id":2,"step":25000,"intermediate_value":351393.6}
{"op_code":0,"worker_id":"28b45c2a-b9f3-43ef-b898-08644cebdfe6-34464","study_name":"on_rho095_o4nfm","directions":[1]}
{"op_code":7,"worker_id":"8e4000d8-c23b-4b2d-9de5-ecfbd7f8aedd-33556","trial_id":2,"step":50000,"intermediate_value":341312.6}
{"op_code":0,"worker_id":"9c8cc9d7-972e-4a92-aaf3-e282dab1adfe-7220","study_name":"on_rho095_o4nfm","directions":[1]}
{"op_code":7,"worker_id":"8e4000d8-c23b-4b2d-9de5-ecfbd7f8aedd-33556","trial_id":2,"step":75000,"intermediate_value":296998.0}
{"op_code":6,"worker_id":"8e4000d8-c23b-4b2d-9de5-ecfbd7f8aedd-33556","trial_id":2,"state":1,"values":[331707.4],"datetime_complete":"2026-10-06T11:07:47.900523"}
{"op_code":4,"worker_id":"8e4000d8-c23b-4b2d-9de5-ecfbd7f8aedd-33556","study_id":0,"datetime_start":"2026-10-06T11:07:48.392650"}
{"op_code":5,"worker_id":"8e4000d8-c23b-4b2d-9de5-ecfbd7f8aedd-33556","trial_id":3,"param_name":"learning-rate","param_value_internal":4.8703159315306354e-05,"distribution":"{\"name\": \"FloatDistribution\", \"attributes\": {\"step\": null, \"low\": 3e-05, \"high\": 0.001, \"log\": true}}"}
{"op_code":5,"worker_id":"8e4000d8-c23b-4b2d-9de5-ecfbd7f8aedd-33556","trial_id":3,"param_name":"rollout-size","param_value_internal":2,"distribution":"{\"name\": \"CategoricalDistribution\", \"attributes\": {\"choices\": [2048, 4096, 8192, 16384]}}"}
{"op_code":5,"worker_id":"8e4000d8-c23b-4b2d-9de5-ecfbd7f8aedd-33556","trial_id":3,"param_name":"batch-size","param_value_internal":2,"distribution":"{\"name\": \"CategoricalDistribution\", \"attributes\": {\"choices\": [64, 256, 1024]}}"}
{"op_code":5,"worker_id":"8e4000d8-c23b-4b2d-9de5-ecfbd7f8aedd-33556","trial_id":3,"param_name":"n-epochs","param_value_internal":1,"distribution":"{\"name\": \"CategoricalDistribution\", \"attributes\": {\"choices\": [3, 5, 10]}}"}
{"op_code":5,"worker_id":"8e4000d8-c23b-4b2d-9de5-ecfbd7f8aedd-33556","trial_id":3,"param_name":"gamma","param_value_internal":0,"distribution":"{\"name\": \"CategoricalDistribution\", \"attributes\": {\"choices\": [0.99, 0.995, 0.999]}}"}
{"op_code":5,"worker_id":"8e4000d8-c23b-4b2d-9de5-ecfbd7f8aedd-33556","trial_id":3,"param_name":"gae-lambda","param_value_internal":1,"distribution":"{\"name\": \"CategoricalDistribution\", \"attributes\": {\"choices\": [0.9, 0.95, 0.98]}}"}
{"op_code":5,"worker_id":"8e4000d8-c23b-4b2d-9de5-ecfbd7f8aedd-33556","trial_id":3,"param_name":"clip-range","param_value_internal":1,"distribution":"{\"name\": \"CategoricalDistribution\", \"attributes\": {\"choices\": [0.1, 0.2, 0.3]}}"}
{"op_code":5,"worker_id":"8e4000d8-c23b-4b2d-9de5-ecfbd7f8aedd-33556","trial_id":3,"param_name":"ent-coef","param_value_internal":0.005192032534497486,"distribution":"{\"name\": \"FloatDistribution\", \"attributes\": {\"step\": null, \"low\": 0.0001, \"high\": 0.03, \"log\": true}}"}
{"op_code":8,"worker_id":"8e4000d8-c23b-4b2d-9de5-ecfbd7f8aedd-33556","trial_id":3,"user_attr":{"train_argv":"--option 4 --reward-mode objective --objectives tardiness_sq --lambda-late 1.0 --lambda-energy 1.0 --power-model linear --difficulty on_rho095 --timesteps 100000 --save-tag tune_on_rho095_o4nfm_t3 --n-envs 4 --vec-backend subproc --seed 0 --algo ppo --markov-obs --work-conserving --repair-placement --learning-rate 4.87032e-05 --rollout-size 8192 --batch-size 1024 --n-epochs 5 --gamma 0.99 --gae-lambda 0.95 --clip-range 0.2 --ent-coef 0.00519203"}}
{"op_code":7,"worker_id":"8e4000d8-c23b-4b2d-9de5-ecfbd7f8aedd-33556","trial_id":3,"step":25000,"intermediate_value":169770.2}
{"op_code":7,"worker_id":"8e4000d8-c23b-4b2d-9de5-ecfbd7f8aedd-33556","trial_id":3,"step":50000,"intermediate_value":176375.8}
{"op_code":7,"worker_id":"8e4000d8-c23b-4b2d-9de5-ecfbd7f8aedd-33556","trial_id":3,"step":75000,"intermediate_value":180441.8}
{"op_code":6,"worker_id":"8e4000d8-c23b-4b2d-9de5-ecfbd7f8aedd-33556","trial_id":3,"state":1,"values":[232620.25],"datetime_complete":"2026-10-06T11:46:46.128530"}
{"op_code":4,"worker_id":"8e4000d8-c23b-4b2d-9de5-ecfbd7f8aedd-33556","study_id":0,"datetime_start":"2026-10-06T11:46:46.518188"}
{"op_code":5,"worker_id":"8e4000d8-c23b-4b2d-9de5-ecfbd7f8aedd-33556","trial_id":4,"param_name":"learning-rate","param_value_internal":0.00021876939530160837,"distribution":"{\"name\": \"FloatDistribution\", \"attributes\": {\"step\": null, \"low\": 3e-05, \"high\": 0.001, \"log\": true}}"}
{"op_code":5,"worker_id":"8e4000d8-c23b-4b2d-9de5-ecfbd7f8aedd-33556","trial_id":4,"param_name":"rollout-size","param_value_internal":3,"distribution":"{\"name\": \"CategoricalDistribution\", \"attributes\": {\"choices\": [2048, 4096, 8192, 16384]}}"}
{"op_code":5,"worker_id":"8e4000d8-c23b-4b2d-9de5-ecfbd7f8aedd-33556","trial_id":4,"param_name":"batch-size","param_value_internal":0,"distribution":"{\"name\": \"CategoricalDistribution\", \"attributes\": {\"choices\": [64, 256, 1024]}}"}
{"op_code":5,"worker_id":"8e4000d8-c23b-4b2d-9de5-ecfbd7f8aedd-33556","trial_id":4,"param_name":"n-epochs","param_value_internal":1,"distribution":"{\"name\": \"CategoricalDistribution\", \"attributes\": {\"choices\": [3, 5, 10]}}"}
{"op_code":5,"worker_id":"8e4000d8-c23b-4b2d-9de5-ecfbd7f8aedd-33556","trial_id":4,"param_name":"gamma","param_value_internal":1,"distribution":"{\"name\": \"CategoricalDistribution\", \"attributes\": {\"choices\": [0.99, 0.995, 0.999]}}"}
{"op_code":5,"worker_id":"8e4000d8-c23b-4b2d-9de5-ecfbd7f8aedd-33556","trial_id":4,"param_name":"gae-lambda","param_value_internal":0,"distribution":"{\"name\": \"CategoricalDistribution\", \"attributes\": {\"choices\": [0.9, 0.95, 0.98]}}"}
{"op_code":5,"worker_id":"8e4000d8-c23b-4b2d-9de5-ecfbd7f8aedd-33556","trial_id":4,"param_name":"clip-range","param_value_internal":2,"distribution":"{\"name\": \"CategoricalDistribution\", \"attributes\": {\"choices\": [0.1, 0.2, 0.3]}}"}
{"op_code":5,"worker_id":"8e4000d8-c23b-4b2d-9de5-ecfbd7f8aedd-33556","trial_id":4,"param_name":"ent-coef","param_value_internal":0.000413229862740349,"distribution":"{\"name\": \"FloatDistribution\", \"attributes\": {\"step\": null, \"low\": 0.0001, \"high\": 0.03, \"log\": true}}"}
{"op_code":8,"worker_id":"8e4000d8-c23b-4b2d-9de5-ecfbd7f8aedd-33556","trial_id":4,"user_attr":{"train_argv":"--option 4 --reward-mode objective --objectives tardiness_sq --lambda-late 1.0 --lambda-energy 1.0 --power-model linear --difficulty on_rho095 --timesteps 100000 --save-tag tune_on_rho095_o4nfm_t4 --n-envs 4 --vec-backend subproc --seed 0 --algo ppo --markov-obs --work-conserving --repair-placement --learning-rate 0.000218769 --rollout-size 16384 --batch-size 64 --n-epochs 5 --gamma 0.995 --gae-lambda 0.9 --clip-range 0.3 --ent-coef 0.00041323"}}
{"op_code":7,"worker_id":"8e4000d8-c23b-4b2d-9de5-ecfbd7f8aedd-33556","trial_id":4,"step":25000,"intermediate_value":167631.0}
{"op_code":7,"worker_id":"8e4000d8-c23b-4b2d-9de5-ecfbd7f8aedd-33556","trial_id":4,"step":50000,"intermediate_value":110247.8}
{"op_code":7,"worker_id":"8e4000d8-c23b-4b2d-9de5-ecfbd7f8aedd-33556","trial_id":4,"step":75000,"intermediate_value":89740.6}
{"op_code":6,"worker_id":"8e4000d8-c23b-4b2d-9de5-ecfbd7f8aedd-33556","trial_id":4,"state":1,"values":[133888.25],"datetime_complete":"2026-10-06T12:31:49.134717"}
{"op_code":4,"worker_id":"8e4000d8-c23b-4b2d-9de5-ecfbd7f8aedd-33556","study_id":0,"datetime_start":"2026-10-06T12:31:49.549858"}
{"op_code":5,"worker_id":"8e4000d8-c23b-4b2d-9de5-ecfbd7f8aedd-33556","trial_id":5,"param_name":"learning-rate","param_value_internal":0.00022622417507807115,"distribution":"{\"name\": \"FloatDistribution\", \"attributes\": {\"step\": null, \"low\": 3e-05, \"high\": 0.001, \"log\": true}}"}
{"op_code":5,"worker_id":"8e4000d8-c23b-4b2d-9de5-ecfbd7f8aedd-33556","trial_id":5,"param_name":"rollout-size","param_value_internal":3,"distribution":"{\"name\": \"CategoricalDistribution\", \"attributes\": {\"choices\": [2048, 4096, 8192, 16384]}}"}
{"op_code":5,"worker_id":"8e4000d8-c23b-4b2d-9de5-ecfbd7f8aedd-33556","trial_id":5,"param_name":"batch-size","param_value_internal":1,"distribution":"{\"name\": \"CategoricalDistribution\", \"attributes\": {\"choices\": [64, 256, 1024]}}"}
{"op_code":5,"worker_id":"8e4000d8-c23b-4b2d-9de5-ecfbd7f8aedd-33556","trial_id":5,"param_name":"n-epochs","param_value_internal":1,"distribution":"{\"name\": \"CategoricalDistribution\", \"attributes\": {\"choices\": [3, 5, 10]}}"}
{"op_code":5,"worker_id":"8e4000d8-c23b-4b2d-9de5-ecfbd7f8aedd-33556","trial_id":5,"param_name":"gamma","param_value_internal":2,"distribution":"{\"name\": \"CategoricalDistribution\", \"attributes\": {\"choices\": [0.99, 0.995, 0.999]}}"}
{"op_code":5,"worker_id":"8e4000d8-c23b-4b2d-9de5-ecfbd7f8aedd-33556","trial_id":5,"param_name":"gae-lambda","param_value_internal":1,"distribution":"{\"name\": \"CategoricalDistribution\", \"attributes\": {\"choices\": [0.9, 0.95, 0.98]}}"}
{"op_code":5,"worker_id":"8e4000d8-c23b-4b2d-9de5-ecfbd7f8aedd-33556","trial_id":5,"param_name":"clip-range","param_value_internal":0,"distribution":"{\"name\": \"CategoricalDistribution\", \"attributes\": {\"choices\": [0.1, 0.2, 0.3]}}"}
{"op_code":5,"worker_id":"8e4000d8-c23b-4b2d-9de5-ecfbd7f8aedd-33556","trial_id":5,"param_name":"ent-coef","param_value_internal":0.0031776753088383902,"distribution":"{\"name\": \"FloatDistribution\", \"attributes\": {\"step\": null, \"low\": 0.0001, \"high\": 0.03, \"log\": true}}"}
{"op_code":8,"worker_id":"8e4000d8-c23b-4b2d-9de5-ecfbd7f8aedd-33556","trial_id":5,"user_attr":{"train_argv":"--option 4 --reward-mode objective --objectives tardiness_sq --lambda-late 1.0 --lambda-energy 1.0 --power-model linear --difficulty on_rho095 --timesteps 100000 --save-tag tune_on_rho095_o4nfm_t5 --n-envs 4 --vec-backend subproc --seed 0 --algo ppo --markov-obs --work-conserving --repair-placement --learning-rate 0.000226224 --rollout-size 16384 --batch-size 256 --n-epochs 5 --gamma 0.999 --gae-lambda 0.95 --clip-range 0.1 --ent-coef 0.00317768"}}
{"op_code":7,"worker_id":"8e4000d8-c23b-4b2d-9de5-ecfbd7f8aedd-33556","trial_id":5,"step":25000,"intermediate_value":134287.0}
{"op_code":7,"worker_id":"8e4000d8-c23b-4b2d-9de5-ecfbd7f8aedd-33556","trial_id":5,"step":50000,"intermediate_value":236710.2}
{"op_code":7,"worker_id":"8e4000d8-c23b-4b2d-9de5-ecfbd7f8aedd-33556","trial_id":5,"step":75000,"intermediate_value":223467.4}
{"op_code":6,"worker_id":"8e4000d8-c23b-4b2d-9de5-ecfbd7f8aedd-33556","trial_id":5,"state":1,"values":[303151.45],"datetime_complete":"2026-10-06T13:12:06.678484"}
{"op_code":4,"worker_id":"8e4000d8-c23b-4b2d-9de5-ecfbd7f8aedd-33556","study_id":0,"datetime_start":"2026-10-06T13:12:07.080245"}
{"op_code":5,"worker_id":"8e4000d8-c23b-4b2d-9de5-ecfbd7f8aedd-33556","trial_id":6,"param_name":"learning-rate","param_value_internal":3.208855558609467e-05,"distribution":"{\"name\": \"FloatDistribution\", \"attributes\": {\"step\": null, \"low\": 3e-05, \"high\": 0.001, \"log\": true}}"}
{"op_code":5,"worker_id":"8e4000d8-c23b-4b2d-9de5-ecfbd7f8aedd-33556","trial_id":6,"param_name":"rollout-size","param_value_internal":1,"distribution":"{\"name\": \"CategoricalDistribution\", \"attributes\": {\"choices\": [2048, 4096, 8192, 16384]}}"}
{"op_code":5,"worker_id":"8e4000d8-c23b-4b2d-9de5-ecfbd7f8aedd-33556","trial_id":6,"param_name":"batch-size","param_value_internal":0,"distribution":"{\"name\": \"CategoricalDistribution\", \"attributes\": {\"choices\": [64, 256, 1024]}}"}
{"op_code":5,"worker_id":"8e4000d8-c23b-4b2d-9de5-ecfbd7f8aedd-33556","trial_id":6,"param_name":"n-epochs","param_value_internal":1,"distribution":"{\"name\": \"CategoricalDistribution\", \"attributes\": {\"choices\": [3, 5, 10]}}"}
{"op_code":5,"worker_id":"8e4000d8-c23b-4b2d-9de5-ecfbd7f8aedd-33556","trial_id":6,"param_name":"gamma","param_value_internal":0,"distribution":"{\"name\": \"CategoricalDistribution\", \"attributes\": {\"choices\": [0.99, 0.995, 0.999]}}"}
{"op_code":5,"worker_id":"8e4000d8-c23b-4b2d-9de5-ecfbd7f8aedd-33556","trial_id":6,"param_name":"gae-lambda","param_value_internal":0,"distribution":"{\"name\": \"CategoricalDistribution\", \"attributes\": {\"choices\": [0.9, 0.95, 0.98]}}"}
{"op_code":5,"worker_id":"8e4000d8-c23b-4b2d-9de5-ecfbd7f8aedd-33556","trial_id":6,"param_name":"clip-range","param_value_internal":0,"distribution":"{\"name\": \"CategoricalDistribution\", \"attributes\": {\"choices\": [0.1, 0.2, 0.3]}}"}
{"op_code":5,"worker_id":"8e4000d8-c23b-4b2d-9de5-ecfbd7f8aedd-33556","trial_id":6,"param_name":"ent-coef","param_value_internal":0.00017712267105509928,"distribution":"{\"name\": \"FloatDistribution\", \"attributes\": {\"step\": null, \"low\": 0.0001, \"high\": 0.03, \"log\": true}}"}
{"op_code":8,"worker_id":"8e4000d8-c23b-4b2d-9de5-ecfbd7f8aedd-33556","trial_id":6,"user_attr":{"train_argv":"--option 4 --reward-mode objective --objectives tardiness_sq --lambda-late 1.0 --lambda-energy 1.0 --power-model linear --difficulty on_rho095 --timesteps 100000 --save-tag tune_on_rho095_o4nfm_t6 --n-envs 4 --vec-backend subproc --seed 0 --algo ppo --markov-obs --work-conserving --repair-placement --learning-rate 3.20886e-05 --rollout-size 4096 --batch-size 64 --n-epochs 5 --gamma 0.99 --gae-lambda 0.9 --clip-range 0.1 --ent-coef 0.000177123"}}
{"op_code":7,"worker_id":"8e4000d8-c23b-4b2d-9de5-ecfbd7f8aedd-33556","trial_id":6,"step":25000,"intermediate_value":306765.6}
{"op_code":6,"worker_id":"8e4000d8-c23b-4b2d-9de5-ecfbd7f8aedd-33556","trial_id":6,"state":2,"values":[306765.6],"datetime_complete":"2026-10-06T13:20:34.530362"}
{"op_code":4,"worker_id":"8e4000d8-c23b-4b2d-9de5-ecfbd7f8aedd-33556","study_id":0,"datetime_start":"2026-10-06T13:20:34.909923"}
{"op_code":5,"worker_id":"8e4000d8-c23b-4b2d-9de5-ecfbd7f8aedd-33556","trial_id":7,"param_name":"learning-rate","param_value_internal":0.0007540181221018431,"distribution":"{\"name\": \"FloatDistribution\", \"attributes\": {\"step\": null, \"low\": 3e-05, \"high\": 0.001, \"log\": true}}"}
{"op_code":5,"worker_id":"8e4000d8-c23b-4b2d-9de5-ecfbd7f8aedd-33556","trial_id":7,"param_name":"rollout-size","param_value_internal":1,"distribution":"{\"name\": \"CategoricalDistribution\", \"attributes\": {\"choices\": [2048, 4096, 8192, 16384]}}"}
{"op_code":5,"worker_id":"8e4000d8-c23b-4b2d-9de5-ecfbd7f8aedd-33556","trial_id":7,"param_name":"batch-size","param_value_internal":1,"distribution":"{\"name\": \"CategoricalDistribution\", \"attributes\": {\"choices\": [64, 256, 1024]}}"}
{"op_code":5,"worker_id":"8e4000d8-c23b-4b2d-9de5-ecfbd7f8aedd-33556","trial_id":7,"param_name":"n-epochs","param_value_internal":0,"distribution":"{\"name\": \"CategoricalDistribution\", \"attributes\": {\"choices\": [3, 5, 10]}}"}
{"op_code":5,"worker_id":"8e4000d8-c23b-4b2d-9de5-ecfbd7f8aedd-33556","trial_id":7,"param_name":"gamma","param_value_internal":2,"distribution":"{\"name\": \"CategoricalDistribution\", \"attributes\": {\"choices\": [0.99, 0.995, 0.999]}}"}
{"op_code":5,"worker_id":"8e4000d8-c23b-4b2d-9de5-ecfbd7f8aedd-33556","trial_id":7,"param_name":"gae-lambda","param_value_internal":2,"distribution":"{\"name\": \"CategoricalDistribution\", \"attributes\": {\"choices\": [0.9, 0.95, 0.98]}}"}
{"op_code":5,"worker_id":"8e4000d8-c23b-4b2d-9de5-ecfbd7f8aedd-33556","trial_id":7,"param_name":"clip-range","param_value_internal":0,"distribution":"{\"name\": \"CategoricalDistribution\", \"attributes\": {\"choices\": [0.1, 0.2, 0.3]}}"}
{"op_code":5,"worker_id":"8e4000d8-c23b-4b2d-9de5-ecfbd7f8aedd-33556","trial_id":7,"param_name":"ent-coef","param_value_internal":0.000779308323413374,"distribution":"{\"name\": \"FloatDistribution\", \"attributes\": {\"step\": null, \"low\": 0.0001, \"high\": 0.03, \"log\": true}}"}
{"op_code":8,"worker_id":"8e4000d8-c23b-4b2d-9de5-ecfbd7f8aedd-33556","trial_id":7,"user_attr":{"train_argv":"--option 4 --reward-mode objective --objectives tardiness_sq --lambda-late 1.0 --lambda-energy 1.0 --power-model linear --difficulty on_rho095 --timesteps 100000 --save-tag tune_on_rho095_o4nfm_t7 --n-envs 4 --vec-backend subproc --seed 0 --algo ppo --markov-obs --work-conserving --repair-placement --learning-rate 0.000754018 --rollout-size 4096 --batch-size 256 --n-epochs 3 --gamma 0.999 --gae-lambda 0.98 --clip-range 0.1 --ent-coef 0.000779308"}}
{"op_code":7,"worker_id":"8e4000d8-c23b-4b2d-9de5-ecfbd7f8aedd-33556","trial_id":7,"step":25000,"intermediate_value":129184.0}
{"op_code":0,"worker_id":"c46917e4-fa88-4cb9-beb4-9f8cfd22b908-4620","study_name":"on_rho095_o4nfm","directions":[1]}
{"op_code":7,"worker_id":"8e4000d8-c23b-4b2d-9de5-ecfbd7f8aedd-33556","trial_id":7,"step":50000,"intermediate_value":132069.8}
{"op_code":7,"worker_id":"8e4000d8-c23b-4b2d-9de5-ecfbd7f8aedd-33556","trial_id":7,"step":75000,"intermediate_value":69436.0}
{"op_code":6,"worker_id":"8e4000d8-c23b-4b2d-9de5-ecfbd7f8aedd-33556","trial_id":7,"state":1,"values":[61109.7],"datetime_complete":"2026-10-06T13:45:48.031689"}
{"op_code":4,"worker_id":"8e4000d8-c23b-4b2d-9de5-ecfbd7f8aedd-33556","study_id":0,"datetime_start":"2026-10-06T13:45:48.379135"}
{"op_code":5,"worker_id":"8e4000d8-c23b-4b2d-9de5-ecfbd7f8aedd-33556","trial_id":8,"param_name":"learning-rate","param_value_internal":0.0003879791314675207,"distribution":"{\"name\": \"FloatDistribution\", \"attributes\": {\"step\": null, \"low\": 3e-05, \"high\": 0.001, \"log\": true}}"}
{"op_code":5,"worker_id":"8e4000d8-c23b-4b2d-9de5-ecfbd7f8aedd-33556","trial_id":8,"param_name":"rollout-size","param_value_internal":1,"distribution":"{\"name\": \"CategoricalDistribution\", \"attributes\": {\"choices\": [2048, 4096, 8192, 16384]}}"}
{"op_code":5,"worker_id":"8e4000d8-c23b-4b2d-9de5-ecfbd7f8aedd-33556","trial_id":8,"param_name":"batch-size","param_value_internal":1,"distribution":"{\"name\": \"CategoricalDistribution\", \"attributes\": {\"choices\": [64, 256, 1024]}}"}
{"op_code":5,"worker_id":"8e4000d8-c23b-4b2d-9de5-ecfbd7f8aedd-33556","trial_id":8,"param_name":"n-epochs","param_value_internal":1,"distribution":"{\"name\": \"CategoricalDistribution\", \"attributes\": {\"choices\": [3, 5, 10]}}"}
{"op_code":5,"worker_id":"8e4000d8-c23b-4b2d-9de5-ecfbd7f8aedd-33556","trial_id":8,"param_name":"gamma","param_value_internal":2,"distribution":"{\"name\": \"CategoricalDistribution\", \"attributes\": {\"choices\": [0.99, 0.995, 0.999]}}"}
{"op_code":5,"worker_id":"8e4000d8-c23b-4b2d-9de5-ecfbd7f8aedd-33556","trial_id":8,"param_name":"gae-lambda","param_value_internal":2,"distribution":"{\"name\": \"CategoricalDistribution\", \"attributes\": {\"choices\": [0.9, 0.95, 0.98]}}"}
{"op_code":5,"worker_id":"8e4000d8-c23b-4b2d-9de5-ecfbd7f8aedd-33556","trial_id":8,"param_name":"clip-range","param_value_internal":0,"distribution":"{\"name\": \"CategoricalDistribution\", \"attributes\": {\"choices\": [0.1, 0.2, 0.3]}}"}
{"op_code":5,"worker_id":"8e4000d8-c23b-4b2d-9de5-ecfbd7f8aedd-33556","trial_id":8,"param_name":"ent-coef","param_value_internal":0.006435774191713849,"distribution":"{\"name\": \"FloatDistribution\", \"attributes\": {\"step\": null, \"low\": 0.0001, \"high\": 0.03, \"log\": true}}"}
{"op_code":8,"worker_id":"8e4000d8-c23b-4b2d-9de5-ecfbd7f8aedd-33556","trial_id":8,"user_attr":{"train_argv":"--option 4 --reward-mode objective --objectives tardiness_sq --lambda-late 1.0 --lambda-energy 1.0 --power-model linear --difficulty on_rho095 --timesteps 100000 --save-tag tune_on_rho095_o4nfm_t8 --n-envs 4 --vec-backend subproc --seed 0 --algo ppo --markov-obs --work-conserving --repair-placement --learning-rate 0.000387979 --rollout-size 4096 --batch-size 256 --n-epochs 5 --gamma 0.999 --gae-lambda 0.98 --clip-range 0.1 --ent-coef 0.00643577"}}
{"op_code":7,"worker_id":"8e4000d8-c23b-4b2d-9de5-ecfbd7f8aedd-33556","trial_id":8,"step":25000,"intermediate_value":234972.2}
{"op_code":6,"worker_id":"8e4000d8-c23b-4b2d-9de5-ecfbd7f8aedd-33556","trial_id":8,"state":2,"values":[234972.2],"datetime_complete":"2026-10-06T13:55:12.271515"}
{"op_code":4,"worker_id":"8e4000d8-c23b-4b2d-9de5-ecfbd7f8aedd-33556","study_id":0,"datetime_start":"2026-10-06T13:55:12.531875"}
{"op_code":5,"worker_id":"8e4000d8-c23b-4b2d-9de5-ecfbd7f8aedd-33556","trial_id":9,"param_name":"learning-rate","param_value_internal":8.95726984805228e-05,"distribution":"{\"name\": \"FloatDistribution\", \"attributes\": {\"step\": null, \"low\": 3e-05, \"high\": 0.001, \"log\": true}}"}
{"op_code":5,"worker_id":"8e4000d8-c23b-4b2d-9de5-ecfbd7f8aedd-33556","trial_id":9,"param_name":"rollout-size","param_value_internal":3,"distribution":"{\"name\": \"CategoricalDistribution\", \"attributes\": {\"choices\": [2048, 4096, 8192, 16384]}}"}
{"op_code":5,"worker_id":"8e4000d8-c23b-4b2d-9de5-ecfbd7f8aedd-33556","trial_id":9,"param_name":"batch-size","param_value_internal":0,"distribution":"{\"name\": \"CategoricalDistribution\", \"attributes\": {\"choices\": [64, 256, 1024]}}"}
{"op_code":5,"worker_id":"8e4000d8-c23b-4b2d-9de5-ecfbd7f8aedd-33556","trial_id":9,"param_name":"n-epochs","param_value_internal":2,"distribution":"{\"name\": \"CategoricalDistribution\", \"attributes\": {\"choices\": [3, 5, 10]}}"}
{"op_code":5,"worker_id":"8e4000d8-c23b-4b2d-9de5-ecfbd7f8aedd-33556","trial_id":9,"param_name":"gamma","param_value_internal":1,"distribution":"{\"name\": \"CategoricalDistribution\", \"attributes\": {\"choices\": [0.99, 0.995, 0.999]}}"}
{"op_code":5,"worker_id":"8e4000d8-c23b-4b2d-9de5-ecfbd7f8aedd-33556","trial_id":9,"param_name":"gae-lambda","param_value_internal":0,"distribution":"{\"name\": \"CategoricalDistribution\", \"attributes\": {\"choices\": [0.9, 0.95, 0.98]}}"}
{"op_code":5,"worker_id":"8e4000d8-c23b-4b2d-9de5-ecfbd7f8aedd-33556","trial_id":9,"param_name":"clip-range","param_value_internal":0,"distribution":"{\"name\": \"CategoricalDistribution\", \"attributes\": {\"choices\": [0.1, 0.2, 0.3]}}"}
{"op_code":5,"worker_id":"8e4000d8-c23b-4b2d-9de5-ecfbd7f8aedd-33556","trial_id":9,"param_name":"ent-coef","param_value_internal":0.016640390684891242,"distribution":"{\"name\": \"FloatDistribution\", \"attributes\": {\"step\": null, \"low\": 0.0001, \"high\": 0.03, \"log\": true}}"}
{"op_code":8,"worker_id":"8e4000d8-c23b-4b2d-9de5-ecfbd7f8aedd-33556","trial_id":9,"user_attr":{"train_argv":"--option 4 --reward-mode objective --objectives tardiness_sq --lambda-late 1.0 --lambda-energy 1.0 --power-model linear --difficulty on_rho095 --timesteps 100000 --save-tag tune_on_rho095_o4nfm_t9 --n-envs 4 --vec-backend subproc --seed 0 --algo ppo --markov-obs --work-conserving --repair-placement --learning-rate 8.95727e-05 --rollout-size 16384 --batch-size 64 --n-epochs 10 --gamma 0.995 --gae-lambda 0.9 --clip-range 0.1 --ent-coef 0.0166404"}}
{"op_code":7,"worker_id":"8e4000d8-c23b-4b2d-9de5-ecfbd7f8aedd-33556","trial_id":9,"step":25000,"intermediate_value":176110.0}
{"op_code":6,"worker_id":"8e4000d8-c23b-4b2d-9de5-ecfbd7f8aedd-33556","trial_id":9,"state":2,"values":[176110.0],"datetime_complete":"2026-10-06T14:06:37.389615"}
{"op_code":4,"worker_id":"8e4000d8-c23b-4b2d-9de5-ecfbd7f8aedd-33556","study_id":0,"datetime_start":"2026-10-06T14:06:37.663926"}
{"op_code":5,"worker_id":"8e4000d8-c23b-4b2d-9de5-ecfbd7f8aedd-33556","trial_id":10,"param_name":"learning-rate","param_value_internal":0.0008424982598478627,"distribution":"{\"name\": \"FloatDistribution\", \"attributes\": {\"step\": null, \"low\": 3e-05, \"high\": 0.001, \"log\": true}}"}
{"op_code":5,"worker_id":"8e4000d8-c23b-4b2d-9de5-ecfbd7f8aedd-33556","trial_id":10,"param_name":"rollout-size","param_value_internal":0,"distribution":"{\"name\": \"CategoricalDistribution\", \"attributes\": {\"choices\": [2048, 4096, 8192, 16384]}}"}
{"op_code":5,"worker_id":"8e4000d8-c23b-4b2d-9de5-ecfbd7f8aedd-33556","trial_id":10,"param_name":"batch-size","param_value_internal":1,"distribution":"{\"name\": \"CategoricalDistribution\", \"attributes\": {\"choices\": [64, 256, 1024]}}"}
{"op_code":5,"worker_id":"8e4000d8-c23b-4b2d-9de5-ecfbd7f8aedd-33556","trial_id":10,"param_name":"n-epochs","param_value_internal":0,"distribution":"{\"name\": \"CategoricalDistribution\", \"attributes\": {\"choices\": [3, 5, 10]}}"}
{"op_code":5,"worker_id":"8e4000d8-c23b-4b2d-9de5-ecfbd7f8aedd-33556","trial_id":10,"param_name":"gamma","param_value_internal":2,"distribution":"{\"name\": \"CategoricalDistribution\", \"attributes\": {\"choices\": [0.99, 0.995, 0.999]}}"}
{"op_code":5,"worker_id":"8e4000d8-c23b-4b2d-9de5-ecfbd7f8aedd-33556","trial_id":10,"param_name":"gae-lambda","param_value_internal":2,"distribution":"{\"name\": \"CategoricalDistribution\", \"attributes\": {\"choices\": [0.9, 0.95, 0.98]}}"}
{"op_code":5,"worker_id":"8e4000d8-c23b-4b2d-9de5-ecfbd7f8aedd-33556","trial_id":10,"param_name":"clip-range","param_value_internal":1,"distribution":"{\"name\": \"CategoricalDistribution\", \"attributes\": {\"choices\": [0.1, 0.2, 0.3]}}"}
{"op_code":5,"worker_id":"8e4000d8-c23b-4b2d-9de5-ecfbd7f8aedd-33556","trial_id":10,"param_name":"ent-coef","param_value_internal":0.0008395845873669375,"distribution":"{\"name\": \"FloatDistribution\", \"attributes\": {\"step\": null, \"low\": 0.0001, \"high\": 0.03, \"log\": true}}"}
{"op_code":8,"worker_id":"8e4000d8-c23b-4b2d-9de5-ecfbd7f8aedd-33556","trial_id":10,"user_attr":{"train_argv":"--option 4 --reward-mode objective --objectives tardiness_sq --lambda-late 1.0 --lambda-energy 1.0 --power-model linear --difficulty on_rho095 --timesteps 100000 --save-tag tune_on_rho095_o4nfm_t10 --n-envs 4 --vec-backend subproc --seed 0 --algo ppo --markov-obs --work-conserving --repair-placement --learning-rate 0.000842498 --rollout-size 2048 --batch-size 256 --n-epochs 3 --gamma 0.999 --gae-lambda 0.98 --clip-range 0.2 --ent-coef 0.000839585"}}
{"op_code":7,"worker_id":"8e4000d8-c23b-4b2d-9de5-ecfbd7f8aedd-33556","trial_id":10,"step":25000,"intermediate_value":240720.6}
{"op_code":6,"worker_id":"8e4000d8-c23b-4b2d-9de5-ecfbd7f8aedd-33556","trial_id":10,"state":2,"values":[240720.6],"datetime_complete":"2026-10-06T14:12:29.080854"}
{"op_code":4,"worker_id":"8e4000d8-c23b-4b2d-9de5-ecfbd7f8aedd-33556","study_id":0,"datetime_start":"2026-10-06T14:12:29.269168"}
{"op_code":5,"worker_id":"8e4000d8-c23b-4b2d-9de5-ecfbd7f8aedd-33556","trial_id":11,"param_name":"learning-rate","param_value_internal":0.0009821885240167106,"distribution":"{\"name\": \"FloatDistribution\", \"attributes\": {\"step\": null, \"low\": 3e-05, \"high\": 0.001, \"log\": true}}"}
{"op_code":5,"worker_id":"8e4000d8-c23b-4b2d-9de5-ecfbd7f8aedd-33556","trial_id":11,"param_name":"rollout-size","param_value_internal":3,"distribution":"{\"name\": \"CategoricalDistribution\", \"attributes\": {\"choices\": [2048, 4096, 8192, 16384]}}"}
{"op_code":5,"worker_id":"8e4000d8-c23b-4b2d-9de5-ecfbd7f8aedd-33556","trial_id":11,"param_name":"batch-size","param_value_internal":0,"distribution":"{\"name\": \"CategoricalDistribution\", \"attributes\": {\"choices\": [64, 256, 1024]}}"}
{"op_code":5,"worker_id":"8e4000d8-c23b-4b2d-9de5-ecfbd7f8aedd-33556","trial_id":11,"param_name":"n-epochs","param_value_internal":0,"distribution":"{\"name\": \"CategoricalDistribution\", \"attributes\": {\"choices\": [3, 5, 10]}}"}
{"op_code":5,"worker_id":"8e4000d8-c23b-4b2d-9de5-ecfbd7f8aedd-33556","trial_id":11,"param_name":"gamma","param_value_internal":1,"distribution":"{\"name\": \"CategoricalDistribution\", \"attributes\": {\"choices\": [0.99, 0.995, 0.999]}}"}
{"op_code":5,"worker_id":"8e4000d8-c23b-4b2d-9de5-ecfbd7f8aedd-33556","trial_id":11,"param_name":"gae-lambda","param_value_internal":2,"distribution":"{\"name\": \"CategoricalDistribution\", \"attributes\": {\"choices\": [0.9, 0.95, 0.98]}}"}
{"op_code":5,"worker_id":"8e4000d8-c23b-4b2d-9de5-ecfbd7f8aedd-33556","trial_id":11,"param_name":"clip-range","param_value_internal":2,"distribution":"{\"name\": \"CategoricalDistribution\", \"attributes\": {\"choices\": [0.1, 0.2, 0.3]}}"}
{"op_code":5,"worker_id":"8e4000d8-c23b-4b2d-9de5-ecfbd7f8aedd-33556","trial_id":11,"param_name":"ent-coef","param_value_internal":0.00016397732633670757,"distribution":"{\"name\": \"FloatDistribution\", \"attributes\": {\"step\": null, \"low\": 0.0001, \"high\": 0.03, \"log\": true}}"}
{"op_code":8,"worker_id":"8e4000d8-c23b-4b2d-9de5-ecfbd7f8aedd-33556","trial_id":11,"user_attr":{"train_argv":"--option 4 --reward-mode objective --objectives tardiness_sq --lambda-late 1.0 --lambda-energy 1.0 --power-model linear --difficulty on_rho095 --timesteps 100000 --save-tag tune_on_rho095_o4nfm_t11 --n-envs 4 --vec-backend subproc --seed 0 --algo ppo --markov-obs --work-conserving --repair-placement --learning-rate 0.000982189 --rollout-size 16384 --batch-size 64 --n-epochs 3 --gamma 0.995 --gae-lambda 0.98 --clip-range 0.3 --ent-coef 0.000163977"}}
{"op_code":7,"worker_id":"8e4000d8-c23b-4b2d-9de5-ecfbd7f8aedd-33556","trial_id":11,"step":25000,"intermediate_value":186038.4}
{"op_code":6,"worker_id":"8e4000d8-c23b-4b2d-9de5-ecfbd7f8aedd-33556","trial_id":11,"state":2,"values":[186038.4],"datetime_complete":"2026-10-06T14:16:22.885998"}
{"op_code":4,"worker_id":"8e4000d8-c23b-4b2d-9de5-ecfbd7f8aedd-33556","study_id":0,"datetime_start":"2026-10-06T14:16:23.238309"}
{"op_code":5,"worker_id":"8e4000d8-c23b-4b2d-9de5-ecfbd7f8aedd-33556","trial_id":12,"param_name":"learning-rate","param_value_internal":0.0001219023596968827,"distribution":"{\"name\": \"FloatDistribution\", \"attributes\": {\"step\": null, \"low\": 3e-05, \"high\": 0.001, \"log\": true}}"}
{"op_code":5,"worker_id":"8e4000d8-c23b-4b2d-9de5-ecfbd7f8aedd-33556","trial_id":12,"param_name":"rollout-size","param_value_internal":1,"distribution":"{\"name\": \"CategoricalDistribution\", \"attributes\": {\"choices\": [2048, 4096, 8192, 16384]}}"}
{"op_code":5,"worker_id":"8e4000d8-c23b-4b2d-9de5-ecfbd7f8aedd-33556","trial_id":12,"param_name":"batch-size","param_value_internal":0,"distribution":"{\"name\": \"CategoricalDistribution\", \"attributes\": {\"choices\": [64, 256, 1024]}}"}
{"op_code":5,"worker_id":"8e4000d8-c23b-4b2d-9de5-ecfbd7f8aedd-33556","trial_id":12,"param_name":"n-epochs","param_value_internal":0,"distribution":"{\"name\": \"CategoricalDistribution\", \"attributes\": {\"choices\": [3, 5, 10]}}"}
{"op_code":5,"worker_id":"8e4000d8-c23b-4b2d-9de5-ecfbd7f8aedd-33556","trial_id":12,"param_name":"gamma","param_value_internal":2,"distribution":"{\"name\": \"CategoricalDistribution\", \"attributes\": {\"choices\": [0.99, 0.995, 0.999]}}"}
{"op_code":5,"worker_id":"8e4000d8-c23b-4b2d-9de5-ecfbd7f8aedd-33556","trial_id":12,"param_name":"gae-lambda","param_value_internal":2,"distribution":"{\"name\": \"CategoricalDistribution\", \"attributes\": {\"choices\": [0.9, 0.95, 0.98]}}"}
{"op_code":5,"worker_id":"8e4000d8-c23b-4b2d-9de5-ecfbd7f8aedd-33556","trial_id":12,"param_name":"clip-range","param_value_internal":2,"distribution":"{\"name\": \"CategoricalDistribution\", \"attributes\": {\"choices\": [0.1, 0.2, 0.3]}}"}
{"op_code":5,"worker_id":"8e4000d8-c23b-4b2d-9de5-ecfbd7f8aedd-33556","trial_id":12,"param_name":"ent-coef","param_value_internal":0.0005050957065444282,"distribution":"{\"name\": \"FloatDistribution\", \"attributes\": {\"step\": null, \"low\": 0.0001, \"high\": 0.03, \"log\": true}}"}
{"op_code":8,"worker_id":"8e4000d8-c23b-4b2d-9de5-ecfbd7f8aedd-33556","trial_id":12,"user_attr":{"train_argv":"--option 4 --reward-mode objective --objectives tardiness_sq --lambda-late 1.0 --lambda-energy 1.0 --power-model linear --difficulty on_rho095 --timesteps 100000 --save-tag tune_on_rho095_o4nfm_t12 --n-envs 4 --vec-backend subproc --seed 0 --algo ppo --markov-obs --work-conserving --repair-placement --learning-rate 0.000121902 --rollout-size 4096 --batch-size 64 --n-epochs 3 --gamma 0.999 --gae-lambda 0.98 --clip-range 0.3 --ent-coef 0.000505096"}}
{"op_code":7,"worker_id":"8e4000d8-c23b-4b2d-9de5-ecfbd7f8aedd-33556","trial_id":12,"step":25000,"intermediate_value":244710.2}
{"op_code":6,"worker_id":"8e4000d8-c23b-4b2d-9de5-ecfbd7f8aedd-33556","trial_id":12,"state":2,"values":[244710.2],"datetime_complete":"2026-10-06T14:21:47.460313"}
{"op_code":4,"worker_id":"8e4000d8-c23b-4b2d-9de5-ecfbd7f8aedd-33556","study_id":0,"datetime_start":"2026-10-06T14:21:47.706540"}
{"op_code":5,"worker_id":"8e4000d8-c23b-4b2d-9de5-ecfbd7f8aedd-33556","trial_id":13,"param_name":"learning-rate","param_value_internal":0.0005846813237536888,"distribution":"{\"name\": \"FloatDistribution\", \"attributes\": {\"step\": null, \"low\": 3e-05, \"high\": 0.001, \"log\": true}}"}
{"op_code":5,"worker_id":"8e4000d8-c23b-4b2d-9de5-ecfbd7f8aedd-33556","trial_id":13,"param_name":"rollout-size","param_value_internal":3,"distribution":"{\"name\": \"CategoricalDistribution\", \"attributes\": {\"choices\": [2048, 4096, 8192, 16384]}}"}
{"op_code":5,"worker_id":"8e4000d8-c23b-4b2d-9de5-ecfbd7f8aedd-33556","trial_id":13,"param_name":"batch-size","param_value_internal":1,"distribution":"{\"name\": \"CategoricalDistribution\", \"attributes\": {\"choices\": [64, 256, 1024]}}"}
{"op_code":5,"worker_id":"8e4000d8-c23b-4b2d-9de5-ecfbd7f8aedd-33556","trial_id":13,"param_name":"n-epochs","param_value_internal":1,"distribution":"{\"name\": \"CategoricalDistribution\", \"attributes\": {\"choices\": [3, 5, 10]}}"}
{"op_code":5,"worker_id":"8e4000d8-c23b-4b2d-9de5-ecfbd7f8aedd-33556","trial_id":13,"param_name":"gamma","param_value_internal":1,"distribution":"{\"name\": \"CategoricalDistribution\", \"attributes\": {\"choices\": [0.99, 0.995, 0.999]}}"}
{"op_code":5,"worker_id":"8e4000d8-c23b-4b2d-9de5-ecfbd7f8aedd-33556","trial_id":13,"param_name":"gae-lambda","param_value_internal":0,"distribution":"{\"name\": \"CategoricalDistribution\", \"attributes\": {\"choices\": [0.9, 0.95, 0.98]}}"}
{"op_code":5,"worker_id":"8e4000d8-c23b-4b2d-9de5-ecfbd7f8aedd-33556","trial_id":13,"param_name":"clip-range","param_value_internal":2,"distribution":"{\"name\": \"CategoricalDistribution\", \"attributes\": {\"choices\": [0.1, 0.2, 0.3]}}"}
{"op_code":5,"worker_id":"8e4000d8-c23b-4b2d-9de5-ecfbd7f8aedd-33556","trial_id":13,"param_name":"ent-coef","param_value_internal":0.0005346677881700043,"distribution":"{\"name\": \"FloatDistribution\", \"attributes\": {\"step\": null, \"low\": 0.0001, \"high\": 0.03, \"log\": true}}"}
{"op_code":8,"worker_id":"8e4000d8-c23b-4b2d-9de5-ecfbd7f8aedd-33556","trial_id":13,"user_attr":{"train_argv":"--option 4 --reward-mode objective --objectives tardiness_sq --lambda-late 1.0 --lambda-energy 1.0 --power-model linear --difficulty on_rho095 --timesteps 100000 --save-tag tune_on_rho095_o4nfm_t13 --n-envs 4 --vec-backend subproc --seed 0 --algo ppo --markov-obs --work-conserving --repair-placement --learning-rate 0.000584681 --rollout-size 16384 --batch-size 256 --n-epochs 5 --gamma 0.995 --gae-lambda 0.9 --clip-range 0.3 --ent-coef 0.000534668"}}
{"op_code":0,"worker_id":"6def2ac7-e8df-4168-b993-f431b7b35cc8-17656","study_name":"on_rho095_o4nfm","directions":[1]}
{"op_code":7,"worker_id":"8e4000d8-c23b-4b2d-9de5-ecfbd7f8aedd-33556","trial_id":13,"step":25000,"intermediate_value":170710.2}
{"op_code":6,"worker_id":"8e4000d8-c23b-4b2d-9de5-ecfbd7f8aedd-33556","trial_id":13,"state":2,"values":[170710.2],"datetime_complete":"2026-10-06T14:28:07.756935"}
{"op_code":4,"worker_id":"8e4000d8-c23b-4b2d-9de5-ecfbd7f8aedd-33556","study_id":0,"datetime_start":"2026-10-06T14:28:07.990554"}
{"op_code":5,"worker_id":"8e4000d8-c23b-4b2d-9de5-ecfbd7f8aedd-33556","trial_id":14,"param_name":"learning-rate","param_value_internal":0.00020840093041329507,"distribution":"{\"name\": \"FloatDistribution\", \"attributes\": {\"step\": null, \"low\": 3e-05, \"high\": 0.001, \"log\": true}}"}
{"op_code":5,"worker_id":"8e4000d8-c23b-4b2d-9de5-ecfbd7f8aedd-33556","trial_id":14,"param_name":"rollout-size","param_value_internal":1,"distribution":"{\"name\": \"CategoricalDistribution\", \"attributes\": {\"choices\": [2048, 4096, 8192, 16384]}}"}
{"op_code":5,"worker_id":"8e4000d8-c23b-4b2d-9de5-ecfbd7f8aedd-33556","trial_id":14,"param_name":"batch-size","param_value_internal":0,"distribution":"{\"name\": \"CategoricalDistribution\", \"attributes\": {\"choices\": [64, 256, 1024]}}"}
{"op_code":5,"worker_id":"8e4000d8-c23b-4b2d-9de5-ecfbd7f8aedd-33556","trial_id":14,"param_name":"n-epochs","param_value_internal":0,"distribution":"{\"name\": \"CategoricalDistribution\", \"attributes\": {\"choices\": [3, 5, 10]}}"}
{"op_code":5,"worker_id":"8e4000d8-c23b-4b2d-9de5-ecfbd7f8aedd-33556","trial_id":14,"param_name":"gamma","param_value_internal":0,"distribution":"{\"name\": \"CategoricalDistribution\", \"attributes\": {\"choices\": [0.99, 0.995, 0.999]}}"}
{"op_code":5,"worker_id":"8e4000d8-c23b-4b2d-9de5-ecfbd7f8aedd-33556","trial_id":14,"param_name":"gae-lambda","param_value_internal":2,"distribution":"{\"name\": \"CategoricalDistribution\", \"attributes\": {\"choices\": [0.9, 0.95, 0.98]}}"}
{"op_code":5,"worker_id":"8e4000d8-c23b-4b2d-9de5-ecfbd7f8aedd-33556","trial_id":14,"param_name":"clip-range","param_value_internal":2,"distribution":"{\"name\": \"CategoricalDistribution\", \"attributes\": {\"choices\": [0.1, 0.2, 0.3]}}"}
{"op_code":5,"worker_id":"8e4000d8-c23b-4b2d-9de5-ecfbd7f8aedd-33556","trial_id":14,"param_name":"ent-coef","param_value_internal":0.00028812054275753293,"distribution":"{\"name\": \"FloatDistribution\", \"attributes\": {\"step\": null, \"low\": 0.0001, \"high\": 0.03, \"log\": true}}"}
{"op_code":8,"worker_id":"8e4000d8-c23b-4b2d-9de5-ecfbd7f8aedd-33556","trial_id":14,"user_attr":{"train_argv":"--option 4 --reward-mode objective --objectives tardiness_sq --lambda-late 1.0 --lambda-energy 1.0 --power-model linear --difficulty on_rho095 --timesteps 100000 --save-tag tune_on_rho095_o4nfm_t14 --n-envs 4 --vec-backend subproc --seed 0 --algo ppo --markov-obs --work-conserving --repair-placement --learning-rate 0.000208401 --rollout-size 4096 --batch-size 64 --n-epochs 3 --gamma 0.99 --gae-lambda 0.98 --clip-range 0.3 --ent-coef 0.000288121"}}
{"op_code":7,"worker_id":"8e4000d8-c23b-4b2d-9de5-ecfbd7f8aedd-33556","trial_id":14,"step":25000,"intermediate_value":152720.4}
{"op_code":7,"worker_id":"8e4000d8-c23b-4b2d-9de5-ecfbd7f8aedd-33556","trial_id":14,"step":50000,"intermediate_value":278909.6}
{"op_code":0,"worker_id":"1b32095f-a03a-4946-953e-f129c0662972-4556","study_name":"on_rho095_o4nfm","directions":[1]}
{"op_code":4,"worker_id":"1b32095f-a03a-4946-953e-f129c0662972-4556","study_id":0,"datetime_start":"2026-10-06T14:40:27.530966"}
{"op_code":5,"worker_id":"1b32095f-a03a-4946-953e-f129c0662972-4556","trial_id":15,"param_name":"learning-rate","param_value_internal":0.00014533256736766814,"distribution":"{\"name\": \"FloatDistribution\", \"attributes\": {\"step\": null, \"low\": 3e-05, \"high\": 0.001, \"log\": true}}"}
{"op_code":5,"worker_id":"1b32095f-a03a-4946-953e-f129c0662972-4556","trial_id":15,"param_name":"rollout-size","param_value_internal":3,"distribution":"{\"name\": \"CategoricalDistribution\", \"attributes\": {\"choices\": [2048, 4096, 8192, 16384]}}"}
{"op_code":5,"worker_id":"1b32095f-a03a-4946-953e-f129c0662972-4556","trial_id":15,"param_name":"batch-size","param_value_internal":0,"distribution":"{\"name\": \"CategoricalDistribution\", \"attributes\": {\"choices\": [64, 256, 1024]}}"}
{"op_code":5,"worker_id":"1b32095f-a03a-4946-953e-f129c0662972-4556","trial_id":15,"param_name":"n-epochs","param_value_internal":0,"distribution":"{\"name\": \"CategoricalDistribution\", \"attributes\": {\"choices\": [3, 5, 10]}}"}
{"op_code":5,"worker_id":"1b32095f-a03a-4946-953e-f129c0662972-4556","trial_id":15,"param_name":"gamma","param_value_internal":0,"distribution":"{\"name\": \"CategoricalDistribution\", \"attributes\": {\"choices\": [0.99, 0.995, 0.999]}}"}
{"op_code":5,"worker_id":"1b32095f-a03a-4946-953e-f129c0662972-4556","trial_id":15,"param_name":"gae-lambda","param_value_internal":2,"distribution":"{\"name\": \"CategoricalDistribution\", \"attributes\": {\"choices\": [0.9, 0.95, 0.98]}}"}
{"op_code":5,"worker_id":"1b32095f-a03a-4946-953e-f129c0662972-4556","trial_id":15,"param_name":"clip-range","param_value_internal":2,"distribution":"{\"name\": \"CategoricalDistribution\", \"attributes\": {\"choices\": [0.1, 0.2, 0.3]}}"}
{"op_code":5,"worker_id":"1b32095f-a03a-4946-953e-f129c0662972-4556","trial_id":15,"param_name":"ent-coef","param_value_internal":0.00030061385308031806,"distribution":"{\"name\": \"FloatDistribution\", \"attributes\": {\"step\": null, \"low\": 0.0001, \"high\": 0.03, \"log\": true}}"}
{"op_code":8,"worker_id":"1b32095f-a03a-4946-953e-f129c0662972-4556","trial_id":15,"user_attr":{"train_argv":"--option 4 --reward-mode objective --objectives tardiness_sq --lambda-late 1.0 --lambda-energy 1.0 --power-model linear --difficulty on_rho095 --timesteps 100000 --save-tag tune_on_rho095_o4nfm_t15 --n-envs 4 --vec-backend subproc --seed 0 --algo ppo --markov-obs --work-conserving --repair-placement --learning-rate 0.000145333 --rollout-size 16384 --batch-size 64 --n-epochs 3 --gamma 0.99 --gae-lambda 0.98 --clip-range 0.3 --ent-coef 0.000300614"}}
{"op_code":7,"worker_id":"8e4000d8-c23b-4b2d-9de5-ecfbd7f8aedd-33556","trial_id":14,"step":75000,"intermediate_value":301036.2}
{"op_code":7,"worker_id":"1b32095f-a03a-4946-953e-f129c0662972-4556","trial_id":15,"step":25000,"intermediate_value":463678.8}
{"op_code":6,"worker_id":"1b32095f-a03a-4946-953e-f129c0662972-4556","trial_id":15,"state":2,"values":[463678.8],"datetime_complete":"2026-10-06T14:43:20.917834"}
{"op_code":4,"worker_id":"1b32095f-a03a-4946-953e-f129c0662972-4556","study_id":0,"datetime_start":"2026-10-06T14:43:21.092613"}
{"op_code":5,"worker_id":"1b32095f-a03a-4946-953e-f129c0662972-4556","trial_id":16,"param_name":"learning-rate","param_value_internal":0.00026541243642883125,"distribution":"{\"name\": \"FloatDistribution\", \"attributes\": {\"step\": null, \"low\": 3e-05, \"high\": 0.001, \"log\": true}}"}
{"op_code":5,"worker_id":"1b32095f-a03a-4946-953e-f129c0662972-4556","trial_id":16,"param_name":"rollout-size","param_value_internal":1,"distribution":"{\"name\": \"CategoricalDistribution\", \"attributes\": {\"choices\": [2048, 4096, 8192, 16384]}}"}
{"op_code":5,"worker_id":"1b32095f-a03a-4946-953e-f129c0662972-4556","trial_id":16,"param_name":"batch-size","param_value_internal":1,"distribution":"{\"name\": \"CategoricalDistribution\", \"attributes\": {\"choices\": [64, 256, 1024]}}"}
{"op_code":5,"worker_id":"1b32095f-a03a-4946-953e-f129c0662972-4556","trial_id":16,"param_name":"n-epochs","param_value_internal":1,"distribution":"{\"name\": \"CategoricalDistribution\", \"attributes\": {\"choices\": [3, 5, 10]}}"}
{"op_code":5,"worker_id":"1b32095f-a03a-4946-953e-f129c0662972-4556","trial_id":16,"param_name":"gamma","param_value_internal":2,"distribution":"{\"name\": \"CategoricalDistribution\", \"attributes\": {\"choices\": [0.99, 0.995, 0.999]}}"}
{"op_code":5,"worker_id":"1b32095f-a03a-4946-953e-f129c0662972-4556","trial_id":16,"param_name":"gae-lambda","param_value_internal":0,"distribution":"{\"name\": \"CategoricalDistribution\", \"attributes\": {\"choices\": [0.9, 0.95, 0.98]}}"}
{"op_code":5,"worker_id":"1b32095f-a03a-4946-953e-f129c0662972-4556","trial_id":16,"param_name":"clip-range","param_value_internal":1,"distribution":"{\"name\": \"CategoricalDistribution\", \"attributes\": {\"choices\": [0.1, 0.2, 0.3]}}"}
{"op_code":5,"worker_id":"1b32095f-a03a-4946-953e-f129c0662972-4556","trial_id":16,"param_name":"ent-coef","param_value_internal":0.0015343339967583258,"distribution":"{\"name\": \"FloatDistribution\", \"attributes\": {\"step\": null, \"low\": 0.0001, \"high\": 0.03, \"log\": true}}"}
{"op_code":8,"worker_id":"1b32095f-a03a-4946-953e-f129c0662972-4556","trial_id":16,"user_attr":{"train_argv":"--option 4 --reward-mode objective --objectives tardiness_sq --lambda-late 1.0 --lambda-energy 1.0 --power-model linear --difficulty on_rho095 --timesteps 100000 --save-tag tune_on_rho095_o4nfm_t16 --n-envs 4 --vec-backend subproc --seed 0 --algo ppo --markov-obs --work-conserving --repair-placement --learning-rate 0.000265412 --rollout-size 4096 --batch-size 256 --n-epochs 5 --gamma 0.999 --gae-lambda 0.9 --clip-range 0.2 --ent-coef 0.00153433"}}
{"op_code":6,"worker_id":"8e4000d8-c23b-4b2d-9de5-ecfbd7f8aedd-33556","trial_id":14,"state":1,"values":[404597.9],"datetime_complete":"2026-10-06T14:46:56.465831"}
{"op_code":4,"worker_id":"8e4000d8-c23b-4b2d-9de5-ecfbd7f8aedd-33556","study_id":0,"datetime_start":"2026-10-06T14:46:56.668512"}
{"op_code":5,"worker_id":"8e4000d8-c23b-4b2d-9de5-ecfbd7f8aedd-33556","trial_id":17,"param_name":"learning-rate","param_value_internal":7.076010286194876e-05,"distribution":"{\"name\": \"FloatDistribution\", \"attributes\": {\"step\": null, \"low\": 3e-05, \"high\": 0.001, \"log\": true}}"}
{"op_code":5,"worker_id":"8e4000d8-c23b-4b2d-9de5-ecfbd7f8aedd-33556","trial_id":17,"param_name":"rollout-size","param_value_internal":0,"distribution":"{\"name\": \"CategoricalDistribution\", \"attributes\": {\"choices\": [2048, 4096, 8192, 16384]}}"}
{"op_code":5,"worker_id":"8e4000d8-c23b-4b2d-9de5-ecfbd7f8aedd-33556","trial_id":17,"param_name":"batch-size","param_value_internal":1,"distribution":"{\"name\": \"CategoricalDistribution\", \"attributes\": {\"choices\": [64, 256, 1024]}}"}
{"op_code":5,"worker_id":"8e4000d8-c23b-4b2d-9de5-ecfbd7f8aedd-33556","trial_id":17,"param_name":"n-epochs","param_value_internal":1,"distribution":"{\"name\": \"CategoricalDistribution\", \"attributes\": {\"choices\": [3, 5, 10]}}"}
{"op_code":5,"worker_id":"8e4000d8-c23b-4b2d-9de5-ecfbd7f8aedd-33556","trial_id":17,"param_name":"gamma","param_value_internal":1,"distribution":"{\"name\": \"CategoricalDistribution\", \"attributes\": {\"choices\": [0.99, 0.995, 0.999]}}"}
{"op_code":5,"worker_id":"8e4000d8-c23b-4b2d-9de5-ecfbd7f8aedd-33556","trial_id":17,"param_name":"gae-lambda","param_value_internal":0,"distribution":"{\"name\": \"CategoricalDistribution\", \"attributes\": {\"choices\": [0.9, 0.95, 0.98]}}"}
{"op_code":5,"worker_id":"8e4000d8-c23b-4b2d-9de5-ecfbd7f8aedd-33556","trial_id":17,"param_name":"clip-range","param_value_internal":1,"distribution":"{\"name\": \"CategoricalDistribution\", \"attributes\": {\"choices\": [0.1, 0.2, 0.3]}}"}
{"op_code":5,"worker_id":"8e4000d8-c23b-4b2d-9de5-ecfbd7f8aedd-33556","trial_id":17,"param_name":"ent-coef","param_value_internal":0.0016635559037596673,"distribution":"{\"name\": \"FloatDistribution\", \"attributes\": {\"step\": null, \"low\": 0.0001, \"high\": 0.03, \"log\": true}}"}
{"op_code":8,"worker_id":"8e4000d8-c23b-4b2d-9de5-ecfbd7f8aedd-33556","trial_id":17,"user_attr":{"train_argv":"--option 4 --reward-mode objective --objectives tardiness_sq --lambda-late 1.0 --lambda-energy 1.0 --power-model linear --difficulty on_rho095 --timesteps 100000 --save-tag tune_on_rho095_o4nfm_t17 --n-envs 4 --vec-backend subproc --seed 0 --algo ppo --markov-obs --work-conserving --repair-placement --learning-rate 7.07601e-05 --rollout-size 2048 --batch-size 256 --n-epochs 5 --gamma 0.995 --gae-lambda 0.9 --clip-range 0.2 --ent-coef 0.00166356"}}
{"op_code":7,"worker_id":"1b32095f-a03a-4946-953e-f129c0662972-4556","trial_id":16,"step":25000,"intermediate_value":187598.2}
{"op_code":6,"worker_id":"1b32095f-a03a-4946-953e-f129c0662972-4556","trial_id":16,"state":2,"values":[187598.2],"datetime_complete":"2026-10-06T14:49:57.864584"}
{"op_code":4,"worker_id":"1b32095f-a03a-4946-953e-f129c0662972-4556","study_id":0,"datetime_start":"2026-10-06T14:49:57.986541"}
{"op_code":5,"worker_id":"1b32095f-a03a-4946-953e-f129c0662972-4556","trial_id":18,"param_name":"learning-rate","param_value_internal":7.898778372537021e-05,"distribution":"{\"name\": \"FloatDistribution\", \"attributes\": {\"step\": null, \"low\": 3e-05, \"high\": 0.001, \"log\": true}}"}
{"op_code":5,"worker_id":"1b32095f-a03a-4946-953e-f129c0662972-4556","trial_id":18,"param_name":"rollout-size","param_value_internal":2,"distribution":"{\"name\": \"CategoricalDistribution\", \"attributes\": {\"choices\": [2048, 4096, 8192, 16384]}}"}
{"op_code":5,"worker_id":"1b32095f-a03a-4946-953e-f129c0662972-4556","trial_id":18,"param_name":"batch-size","param_value_internal":1,"distribution":"{\"name\": \"CategoricalDistribution\", \"attributes\": {\"choices\": [64, 256, 1024]}}"}
{"op_code":5,"worker_id":"1b32095f-a03a-4946-953e-f129c0662972-4556","trial_id":18,"param_name":"n-epochs","param_value_internal":0,"distribution":"{\"name\": \"CategoricalDistribution\", \"attributes\": {\"choices\": [3, 5, 10]}}"}
{"op_code":5,"worker_id":"1b32095f-a03a-4946-953e-f129c0662972-4556","trial_id":18,"param_name":"gamma","param_value_internal":1,"distribution":"{\"name\": \"CategoricalDistribution\", \"attributes\": {\"choices\": [0.99, 0.995, 0.999]}}"}
{"op_code":5,"worker_id":"1b32095f-a03a-4946-953e-f129c0662972-4556","trial_id":18,"param_name":"gae-lambda","param_value_internal":0,"distribution":"{\"name\": \"CategoricalDistribution\", \"attributes\": {\"choices\": [0.9, 0.95, 0.98]}}"}
{"op_code":5,"worker_id":"1b32095f-a03a-4946-953e-f129c0662972-4556","trial_id":18,"param_name":"clip-range","param_value_internal":0,"distribution":"{\"name\": \"CategoricalDistribution\", \"attributes\": {\"choices\": [0.1, 0.2, 0.3]}}"}
{"op_code":5,"worker_id":"1b32095f-a03a-4946-953e-f129c0662972-4556","trial_id":18,"param_name":"ent-coef","param_value_internal":0.002196812623360578,"distribution":"{\"name\": \"FloatDistribution\", \"attributes\": {\"step\": null, \"low\": 0.0001, \"high\": 0.03, \"log\": true}}"}
{"op_code":8,"worker_id":"1b32095f-a03a-4946-953e-f129c0662972-4556","trial_id":18,"user_attr":{"train_argv":"--option 4 --reward-mode objective --objectives tardiness_sq --lambda-late 1.0 --lambda-energy 1.0 --power-model linear --difficulty on_rho095 --timesteps 100000 --save-tag tune_on_rho095_o4nfm_t18 --n-envs 4 --vec-backend subproc --seed 0 --algo ppo --markov-obs --work-conserving --repair-placement --learning-rate 7.89878e-05 --rollout-size 8192 --batch-size 256 --n-epochs 3 --gamma 0.995 --gae-lambda 0.9 --clip-range 0.1 --ent-coef 0.00219681"}}
{"op_code":7,"worker_id":"8e4000d8-c23b-4b2d-9de5-ecfbd7f8aedd-33556","trial_id":17,"step":25000,"intermediate_value":199169.8}
{"op_code":6,"worker_id":"8e4000d8-c23b-4b2d-9de5-ecfbd7f8aedd-33556","trial_id":17,"state":2,"values":[199169.8],"datetime_complete":"2026-10-06T14:53:56.730368"}
{"op_code":4,"worker_id":"8e4000d8-c23b-4b2d-9de5-ecfbd7f8aedd-33556","study_id":0,"datetime_start":"2026-10-06T14:53:56.892688"}
{"op_code":5,"worker_id":"8e4000d8-c23b-4b2d-9de5-ecfbd7f8aedd-33556","trial_id":19,"param_name":"learning-rate","param_value_internal":0.0006213119772175678,"distribution":"{\"name\": \"FloatDistribution\", \"attributes\": {\"step\": null, \"low\": 3e-05, \"high\": 0.001, \"log\": true}}"}
{"op_code":5,"worker_id":"8e4000d8-c23b-4b2d-9de5-ecfbd7f8aedd-33556","trial_id":19,"param_name":"rollout-size","param_value_internal":2,"distribution":"{\"name\": \"CategoricalDistribution\", \"attributes\": {\"choices\": [2048, 4096, 8192, 16384]}}"}
{"op_code":5,"worker_id":"8e4000d8-c23b-4b2d-9de5-ecfbd7f8aedd-33556","trial_id":19,"param_name":"batch-size","param_value_internal":0,"distribution":"{\"name\": \"CategoricalDistribution\", \"attributes\": {\"choices\": [64, 256, 1024]}}"}
{"op_code":5,"worker_id":"8e4000d8-c23b-4b2d-9de5-ecfbd7f8aedd-33556","trial_id":19,"param_name":"n-epochs","param_value_internal":0,"distribution":"{\"name\": \"CategoricalDistribution\", \"attributes\": {\"choices\": [3, 5, 10]}}"}
{"op_code":5,"worker_id":"8e4000d8-c23b-4b2d-9de5-ecfbd7f8aedd-33556","trial_id":19,"param_name":"gamma","param_value_internal":2,"distribution":"{\"name\": \"CategoricalDistribution\", \"attributes\": {\"choices\": [0.99, 0.995, 0.999]}}"}
{"op_code":5,"worker_id":"8e4000d8-c23b-4b2d-9de5-ecfbd7f8aedd-33556","trial_id":19,"param_name":"gae-lambda","param_value_internal":2,"distribution":"{\"name\": \"CategoricalDistribution\", \"attributes\": {\"choices\": [0.9, 0.95, 0.98]}}"}
{"op_code":5,"worker_id":"8e4000d8-c23b-4b2d-9de5-ecfbd7f8aedd-33556","trial_id":19,"param_name":"clip-range","param_value_internal":0,"distribution":"{\"name\": \"CategoricalDistribution\", \"attributes\": {\"choices\": [0.1, 0.2, 0.3]}}"}
{"op_code":5,"worker_id":"8e4000d8-c23b-4b2d-9de5-ecfbd7f8aedd-33556","trial_id":19,"param_name":"ent-coef","param_value_internal":0.0005818340670877485,"distribution":"{\"name\": \"FloatDistribution\", \"attributes\": {\"step\": null, \"low\": 0.0001, \"high\": 0.03, \"log\": true}}"}
{"op_code":8,"worker_id":"8e4000d8-c23b-4b2d-9de5-ecfbd7f8aedd-33556","trial_id":19,"user_attr":{"train_argv":"--option 4 --reward-mode objective --objectives tardiness_sq --lambda-late 1.0 --lambda-energy 1.0 --power-model linear --difficulty on_rho095 --timesteps 100000 --save-tag tune_on_rho095_o4nfm_t19 --n-envs 4 --vec-backend subproc --seed 0 --algo ppo --markov-obs --work-conserving --repair-placement --learning-rate 0.000621312 --rollout-size 8192 --batch-size 64 --n-epochs 3 --gamma 0.999 --gae-lambda 0.98 --clip-range 0.1 --ent-coef 0.000581834"}}
{"op_code":7,"worker_id":"1b32095f-a03a-4946-953e-f129c0662972-4556","trial_id":18,"step":25000,"intermediate_value":232666.0}
{"op_code":6,"worker_id":"1b32095f-a03a-4946-953e-f129c0662972-4556","trial_id":18,"state":2,"values":[232666.0],"datetime_complete":"2026-10-06T14:54:16.245520"}
{"op_code":7,"worker_id":"8e4000d8-c23b-4b2d-9de5-ecfbd7f8aedd-33556","trial_id":19,"step":25000,"intermediate_value":324890.4}
{"op_code":6,"worker_id":"8e4000d8-c23b-4b2d-9de5-ecfbd7f8aedd-33556","trial_id":19,"state":2,"values":[324890.4],"datetime_complete":"2026-10-06T14:57:33.612176"}
{"op_code":0,"worker_id":"a96a4a1e-5898-44c9-b6ed-9f4202af1674-4492","study_name":"on_rho095_o4nfm","directions":[1]}
