This is pdfTeX, Version 3.141592653-2.6-1.40.28 (MiKTeX 25.12) (preloaded format=pdflatex 2026.10.9)  9 OCT 2026 23:37
entering extended mode
 restricted \write18 enabled.
 file:line:error style messages enabled.
 %&-line parsing enabled.
**d:/University/Year3/ResearchProject/Neural-Knapsack-Research-Project/NotesForAI/RevisedOverleafVersion.tex
(d:/University/Year3/ResearchProject/Neural-Knapsack-Research-Project/NotesForAI/RevisedOverleafVersion.tex
LaTeX2e <2025-11-01>
L3 programming layer <2025-12-24>
(C:\Users\ethan\AppData\Local\Programs\MiKTeX\tex/latex/base\article.cls
Document Class: article 2025/01/22 v1.4n Standard LaTeX document class
(C:\Users\ethan\AppData\Local\Programs\MiKTeX\tex/latex/base\size12.clo
File: size12.clo 2025/01/22 v1.4n Standard LaTeX file (size option)
)
\c@part=\count275
\c@section=\count276
\c@subsection=\count277
\c@subsubsection=\count278
\c@paragraph=\count279
\c@subparagraph=\count280
\c@figure=\count281
\c@table=\count282
\abovecaptionskip=\skip49
\belowcaptionskip=\skip50
\bibindent=\dimen148
) (C:\Users\ethan\AppData\Local\Programs\MiKTeX\tex/latex/graphics\graphicx.sty
Package: graphicx 2024/12/31 v1.2e Enhanced LaTeX Graphics (DPC,SPQR)
 (C:\Users\ethan\AppData\Local\Programs\MiKTeX\tex/latex/graphics\keyval.sty
Package: keyval 2022/05/29 v1.15 key=value parser (DPC)
\KV@toks@=\toks17
) (C:\Users\ethan\AppData\Local\Programs\MiKTeX\tex/latex/graphics\graphics.sty
Package: graphics 2024/08/06 v1.4g Standard LaTeX Graphics (DPC,SPQR)
 (C:\Users\ethan\AppData\Local\Programs\MiKTeX\tex/latex/graphics\trig.sty
Package: trig 2023/12/02 v1.11 sin cos tan (DPC)
) (C:\Users\ethan\AppData\Local\Programs\MiKTeX\tex/latex/graphics-cfg\graphics.cfg
File: graphics.cfg 2016/06/04 v1.11 sample graphics configuration
)
Package graphics Info: Driver file: pdftex.def on input line 106.
 (C:\Users\ethan\AppData\Local\Programs\MiKTeX\tex/latex/graphics-def\pdftex.def
File: pdftex.def 2025/09/29 v1.2d Graphics/color driver for pdftex
))
\Gin@req@height=\dimen149
\Gin@req@width=\dimen150
) (C:\Users\ethan\AppData\Local\Programs\MiKTeX\tex/latex/caption\caption.sty
Package: caption 2023/08/05 v3.6o Customizing captions (AR)
 (C:\Users\ethan\AppData\Local\Programs\MiKTeX\tex/latex/caption\caption3.sty
Package: caption3 2023/07/31 v2.4d caption3 kernel (AR)
\caption@tempdima=\dimen151
\captionmargin=\dimen152
\caption@leftmargin=\dimen153
\caption@rightmargin=\dimen154
\caption@width=\dimen155
\caption@indent=\dimen156
\caption@parindent=\dimen157
\caption@hangindent=\dimen158
Package caption Info: Standard document class detected.
)
\c@caption@flags=\count283
\c@continuedfloat=\count284
) (C:\Users\ethan\AppData\Local\Programs\MiKTeX\tex/latex/amsmath\amsmath.sty
Package: amsmath 2025/07/09 v2.17z AMS math features
\@mathmargin=\skip51

For additional information on amsmath, use the `?' option.
(C:\Users\ethan\AppData\Local\Programs\MiKTeX\tex/latex/amsmath\amstext.sty
Package: amstext 2024/11/17 v2.01 AMS text
 (C:\Users\ethan\AppData\Local\Programs\MiKTeX\tex/latex/amsmath\amsgen.sty
File: amsgen.sty 1999/11/30 v2.0 generic functions
\@emptytoks=\toks18
\ex@=\dimen159
)) (C:\Users\ethan\AppData\Local\Programs\MiKTeX\tex/latex/amsmath\amsbsy.sty
Package: amsbsy 1999/11/29 v1.2d Bold Symbols
\pmbraise@=\dimen160
) (C:\Users\ethan\AppData\Local\Programs\MiKTeX\tex/latex/amsmath\amsopn.sty
Package: amsopn 2022/04/08 v2.04 operator names
)
\inf@bad=\count285
LaTeX Info: Redefining \frac on input line 233.
\uproot@=\count286
\leftroot@=\count287
LaTeX Info: Redefining \overline on input line 398.
LaTeX Info: Redefining \colon on input line 409.
\classnum@=\count288
\DOTSCASE@=\count289
LaTeX Info: Redefining \ldots on input line 495.
LaTeX Info: Redefining \dots on input line 498.
LaTeX Info: Redefining \cdots on input line 619.
\Mathstrutbox@=\box53
\strutbox@=\box54
LaTeX Info: Redefining \big on input line 721.
LaTeX Info: Redefining \Big on input line 722.
LaTeX Info: Redefining \bigg on input line 723.
LaTeX Info: Redefining \Bigg on input line 724.
\big@size=\dimen161
LaTeX Font Info:    Redeclaring font encoding OML on input line 742.
LaTeX Font Info:    Redeclaring font encoding OMS on input line 743.
\macc@depth=\count290
LaTeX Info: Redefining \bmod on input line 904.
LaTeX Info: Redefining \pmod on input line 909.
LaTeX Info: Redefining \smash on input line 939.
LaTeX Info: Redefining \relbar on input line 969.
LaTeX Info: Redefining \Relbar on input line 970.
\c@MaxMatrixCols=\count291
\dotsspace@=\muskip17
\c@parentequation=\count292
\dspbrk@lvl=\count293
\tag@help=\toks19
\row@=\count294
\column@=\count295
\maxfields@=\count296
\andhelp@=\toks20
\eqnshift@=\dimen162
\alignsep@=\dimen163
\tagshift@=\dimen164
\tagwidth@=\dimen165
\totwidth@=\dimen166
\lineht@=\dimen167
\@envbody=\toks21
\multlinegap=\skip52
\multlinetaggap=\skip53
\mathdisplay@stack=\toks22
LaTeX Info: Redefining \[ on input line 2950.
LaTeX Info: Redefining \] on input line 2951.
) (C:\Users\ethan\AppData\Local\Programs\MiKTeX\tex/latex/amsfonts\amssymb.sty
Package: amssymb 2013/01/14 v3.01 AMS font symbols
 (C:\Users\ethan\AppData\Local\Programs\MiKTeX\tex/latex/amsfonts\amsfonts.sty
Package: amsfonts 2013/01/14 v3.01 Basic AMSFonts support
\symAMSa=\mathgroup4
\symAMSb=\mathgroup5
LaTeX Font Info:    Redeclaring math symbol \hbar on input line 98.
LaTeX Font Info:    Overwriting math alphabet `\mathfrak' in version `bold'
(Font)                  U/euf/m/n --> U/euf/b/n on input line 106.
)) (C:\Users\ethan\AppData\Local\Programs\MiKTeX\tex/latex/amscls\amsthm.sty
Package: amsthm 2020/05/29 v2.20.6
\thm@style=\toks23
\thm@bodyfont=\toks24
\thm@headfont=\toks25
\thm@notefont=\toks26
\thm@headpunct=\toks27
\thm@preskip=\skip54
\thm@postskip=\skip55
\thm@headsep=\skip56
\dth@everypar=\toks28
) (C:\Users\ethan\AppData\Local\Programs\MiKTeX\tex/latex/booktabs\booktabs.sty
Package: booktabs 2020/01/12 v1.61803398 Publication quality tables
\heavyrulewidth=\dimen168
\lightrulewidth=\dimen169
\cmidrulewidth=\dimen170
\belowrulesep=\dimen171
\belowbottomsep=\dimen172
\aboverulesep=\dimen173
\abovetopsep=\dimen174
\cmidrulesep=\dimen175
\cmidrulekern=\dimen176
\defaultaddspace=\dimen177
\@cmidla=\count297
\@cmidlb=\count298
\@aboverulesep=\dimen178
\@belowrulesep=\dimen179
\@thisruleclass=\count299
\@lastruleclass=\count300
\@thisrulewidth=\dimen180
) (C:\Users\ethan\AppData\Local\Programs\MiKTeX\tex/latex/enumitem\enumitem.sty
Package: enumitem 2025/02/06 v3.11 Customized lists
\labelindent=\skip57
\enit@outerparindent=\dimen181
\enit@toks=\toks29
\enit@inbox=\box55
\enit@count@id=\count301
\enitdp@description=\count302
) (C:\Users\ethan\AppData\Local\Programs\MiKTeX\tex/latex/geometry\geometry.sty
Package: geometry 2026/03/07 v6.0 Page Geometry
 (C:\Users\ethan\AppData\Local\Programs\MiKTeX\tex/generic/iftex\ifvtex.sty
Package: ifvtex 2019/10/25 v1.7 ifvtex legacy package. Use iftex instead.
 (C:\Users\ethan\AppData\Local\Programs\MiKTeX\tex/generic/iftex\iftex.sty
Package: iftex 2024/12/12 v1.0g TeX engine tests
))
\Gm@cnth=\count303
\Gm@cntv=\count304
\c@Gm@tempcnt=\count305
\Gm@bindingoffset=\dimen182
\Gm@wd@mp=\dimen183
\Gm@odd@mp=\dimen184
\Gm@even@mp=\dimen185
\Gm@layoutwidth=\dimen186
\Gm@layoutheight=\dimen187
\Gm@layouthoffset=\dimen188
\Gm@layoutvoffset=\dimen189
\Gm@dimlist=\toks30
 (C:\Users\ethan\AppData\Local\Programs\MiKTeX\tex/latex/geometry\geometry.cfg)) (C:\Users\ethan\AppData\Local\Programs\MiKTeX\tex/latex/xcolor\xcolor.sty
Package: xcolor 2024/09/29 v3.02 LaTeX color extensions (UK)
 (C:\Users\ethan\AppData\Local\Programs\MiKTeX\tex/latex/graphics-cfg\color.cfg
File: color.cfg 2016/01/02 v1.6 sample color configuration
)
Package xcolor Info: Driver file: pdftex.def on input line 274.
 (C:\Users\ethan\AppData\Local\Programs\MiKTeX\tex/latex/graphics\mathcolor.ltx)
Package xcolor Info: Model `cmy' substituted by `cmy0' on input line 1349.
Package xcolor Info: Model `hsb' substituted by `rgb' on input line 1353.
Package xcolor Info: Model `RGB' extended on input line 1365.
Package xcolor Info: Model `HTML' substituted by `rgb' on input line 1367.
Package xcolor Info: Model `Hsb' substituted by `hsb' on input line 1368.
Package xcolor Info: Model `tHsb' substituted by `hsb' on input line 1369.
Package xcolor Info: Model `HSB' substituted by `hsb' on input line 1370.
Package xcolor Info: Model `Gray' substituted by `gray' on input line 1371.
Package xcolor Info: Model `wave' substituted by `hsb' on input line 1372.
) (C:\Users\ethan\AppData\Local\Programs\MiKTeX\tex/latex/float\float.sty
Package: float 2001/11/08 v1.3d Float enhancements (AL)
\c@float@type=\count306
\float@exts=\toks31
\float@box=\box56
\@float@everytoks=\toks32
\@floatcapt=\box57
) (C:\Users\ethan\AppData\Local\Programs\MiKTeX\tex/latex/tools\tabularx.sty
Package: tabularx 2023/12/11 v2.12a `tabularx' package (DPC)
 (C:\Users\ethan\AppData\Local\Programs\MiKTeX\tex/latex/tools\array.sty
Package: array 2025/09/25 v2.6n Tabular extension package (FMi)
\col@sep=\dimen190
\ar@mcellbox=\box58
\extrarowheight=\dimen191
\NC@list=\toks33
\extratabsurround=\skip58
\backup@length=\skip59
\ar@cellbox=\box59
)
\TX@col@width=\dimen192
\TX@old@table=\dimen193
\TX@old@col=\dimen194
\TX@target=\dimen195
\TX@delta=\dimen196
\TX@cols=\count307
\TX@ftn=\toks34
) (C:\Users\ethan\AppData\Local\Programs\MiKTeX\tex/latex/ulem\ulem.sty
\UL@box=\box60
\UL@hyphenbox=\box61
\UL@skip=\skip60
\UL@hook=\toks35
\UL@height=\dimen197
\UL@pe=\count308
\UL@pixel=\dimen198
\ULC@box=\box62
Package: ulem 2019/11/18
\ULdepth=\dimen199
) (C:\Users\ethan\AppData\Local\Programs\MiKTeX\tex/latex/algorithms\algorithm.sty
Package: algorithm 2009/08/24 v0.1 Document Style `algorithm' - floating environment
 (C:\Users\ethan\AppData\Local\Programs\MiKTeX\tex/latex/base\ifthen.sty
Package: ifthen 2024/03/16 v1.1e Standard LaTeX ifthen package (DPC)
)
\@float@every@algorithm=\toks36
\c@algorithm=\count309
) (C:\Users\ethan\AppData\Local\Programs\MiKTeX\tex/latex/algorithmicx\algpseudocode.sty
Package: algpseudocode 
 (C:\Users\ethan\AppData\Local\Programs\MiKTeX\tex/latex/algorithmicx\algorithmicx.sty
Package: algorithmicx 2005/04/27 v1.2 Algorithmicx

Document Style algorithmicx 1.2 - a greatly improved `algorithmic' style
\c@ALG@line=\count310
\c@ALG@rem=\count311
\c@ALG@nested=\count312
\ALG@tlm=\skip61
\ALG@thistlm=\skip62
\c@ALG@Lnr=\count313
\c@ALG@blocknr=\count314
\c@ALG@storecount=\count315
\c@ALG@tmpcounter=\count316
\ALG@tmplength=\skip63
)
Document Style - pseudocode environments for use with the `algorithmicx' style
) (C:\Users\ethan\AppData\Local\Programs\MiKTeX\tex/latex/hyperref\hyperref.sty
Package: hyperref 2025-07-12 v7.01o Hypertext links for LaTeX
 (C:\Users\ethan\AppData\Local\Programs\MiKTeX\tex/latex/kvsetkeys\kvsetkeys.sty
Package: kvsetkeys 2022-10-05 v1.19 Key value parser (HO)
) (C:\Users\ethan\AppData\Local\Programs\MiKTeX\tex/generic/kvdefinekeys\kvdefinekeys.sty
Package: kvdefinekeys 2019-12-19 v1.6 Define keys (HO)
) (C:\Users\ethan\AppData\Local\Programs\MiKTeX\tex/generic/pdfescape\pdfescape.sty
Package: pdfescape 2019/12/09 v1.15 Implements pdfTeX's escape features (HO)
 (C:\Users\ethan\AppData\Local\Programs\MiKTeX\tex/generic/ltxcmds\ltxcmds.sty
Package: ltxcmds 2023-12-04 v1.26 LaTeX kernel commands for general use (HO)
) (C:\Users\ethan\AppData\Local\Programs\MiKTeX\tex/generic/pdftexcmds\pdftexcmds.sty
Package: pdftexcmds 2020-06-27 v0.33 Utility functions of pdfTeX for LuaTeX (HO)
 (C:\Users\ethan\AppData\Local\Programs\MiKTeX\tex/generic/infwarerr\infwarerr.sty
Package: infwarerr 2019/12/03 v1.5 Providing info/warning/error messages (HO)
)
Package pdftexcmds Info: \pdf@primitive is available.
Package pdftexcmds Info: \pdf@ifprimitive is available.
Package pdftexcmds Info: \pdfdraftmode found.
)) (C:\Users\ethan\AppData\Local\Programs\MiKTeX\tex/latex/hycolor\hycolor.sty
Package: hycolor 2020-01-27 v1.10 Color options for hyperref/bookmark (HO)
) (C:\Users\ethan\AppData\Local\Programs\MiKTeX\tex/latex/hyperref\nameref.sty
Package: nameref 2025-06-21 v2.57 Cross-referencing by name of section
 (C:\Users\ethan\AppData\Local\Programs\MiKTeX\tex/latex/refcount\refcount.sty
Package: refcount 2019/12/15 v3.6 Data extraction from label references (HO)
) (C:\Users\ethan\AppData\Local\Programs\MiKTeX\tex/generic/gettitlestring\gettitlestring.sty
Package: gettitlestring 2019/12/15 v1.6 Cleanup title references (HO)
 (C:\Users\ethan\AppData\Local\Programs\MiKTeX\tex/latex/kvoptions\kvoptions.sty
Package: kvoptions 2022-06-15 v3.15 Key value format for package options (HO)
))
\c@section@level=\count317
) (C:\Users\ethan\AppData\Local\Programs\MiKTeX\tex/latex/etoolbox\etoolbox.sty
Package: etoolbox 2025/10/02 v2.5m e-TeX tools for LaTeX (JAW)
\etb@tempcnta=\count318
) (C:\Users\ethan\AppData\Local\Programs\MiKTeX\tex/generic/stringenc\stringenc.sty
Package: stringenc 2019/11/29 v1.12 Convert strings between diff. encodings (HO)
)
\@linkdim=\dimen256
\Hy@linkcounter=\count319
\Hy@pagecounter=\count320
 (C:\Users\ethan\AppData\Local\Programs\MiKTeX\tex/latex/hyperref\pd1enc.def
File: pd1enc.def 2025-07-12 v7.01o Hyperref: PDFDocEncoding definition (HO)
Now handling font encoding PD1 ...
... no UTF-8 mapping file for font encoding PD1
) (C:\Users\ethan\AppData\Local\Programs\MiKTeX\tex/generic/intcalc\intcalc.sty
Package: intcalc 2019/12/15 v1.3 Expandable calculations with integers (HO)
)
\Hy@SavedSpaceFactor=\count321
 (C:\Users\ethan\AppData\Local\Programs\MiKTeX\tex/latex/hyperref\puenc.def
File: puenc.def 2025-07-12 v7.01o Hyperref: PDF Unicode definition (HO)
Now handling font encoding PU ...
... no UTF-8 mapping file for font encoding PU
)
Package hyperref Info: Option `colorlinks' set `true' on input line 4066.
Package hyperref Info: Hyper figures OFF on input line 4195.
Package hyperref Info: Link nesting OFF on input line 4200.
Package hyperref Info: Hyper index ON on input line 4203.
Package hyperref Info: Plain pages OFF on input line 4210.
Package hyperref Info: Backreferencing OFF on input line 4215.
Package hyperref Info: Implicit mode ON; LaTeX internals redefined.
Package hyperref Info: Bookmarks ON on input line 4462.
\c@Hy@tempcnt=\count322
 (C:\Users\ethan\AppData\Local\Programs\MiKTeX\tex/latex/url\url.sty
\Urlmuskip=\muskip18
Package: url 2013/09/16  ver 3.4  Verb mode for urls, etc.
)
LaTeX Info: Redefining \url on input line 4801.
\XeTeXLinkMargin=\dimen257
 (C:\Users\ethan\AppData\Local\Programs\MiKTeX\tex/generic/bitset\bitset.sty
Package: bitset 2019/12/09 v1.3 Handle bit-vector datatype (HO)
 (C:\Users\ethan\AppData\Local\Programs\MiKTeX\tex/generic/bigintcalc\bigintcalc.sty
Package: bigintcalc 2019/12/15 v1.5 Expandable calculations on big integers (HO)
))
\Fld@menulength=\count323
\Field@Width=\dimen258
\Fld@charsize=\dimen259
Package hyperref Info: Hyper figures OFF on input line 6078.
Package hyperref Info: Link nesting OFF on input line 6083.
Package hyperref Info: Hyper index ON on input line 6086.
Package hyperref Info: backreferencing OFF on input line 6093.
Package hyperref Info: Link coloring ON on input line 6096.
Package hyperref Info: Link coloring with OCG OFF on input line 6103.
Package hyperref Info: PDF/A mode OFF on input line 6108.
\Hy@abspage=\count324
\c@Item=\count325
\c@Hfootnote=\count326
)
Package hyperref Info: Driver (autodetected): hpdftex.
 (C:\Users\ethan\AppData\Local\Programs\MiKTeX\tex/latex/hyperref\hpdftex.def
File: hpdftex.def 2025-07-12 v7.01o Hyperref driver for pdfTeX
\Fld@listcount=\count327
\c@bookmark@seq@number=\count328
 (C:\Users\ethan\AppData\Local\Programs\MiKTeX\tex/latex/rerunfilecheck\rerunfilecheck.sty
Package: rerunfilecheck 2025-06-21 v1.11 Rerun checks for auxiliary files (HO)
 (C:\Users\ethan\AppData\Local\Programs\MiKTeX\tex/generic/uniquecounter\uniquecounter.sty
Package: uniquecounter 2019/12/15 v1.4 Provide unlimited unique counter (HO)
)
Package uniquecounter Info: New unique counter `rerunfilecheck' on input line 284.
)
\Hy@SectionHShift=\skip64
) (C:\Users\ethan\AppData\Local\Programs\MiKTeX\tex/latex/cleveref\cleveref.sty
Package: cleveref 2018/03/27 v0.21.4 Intelligent cross-referencing
Package cleveref Info: `hyperref' support loaded on input line 2370.
LaTeX Info: Redefining \cref on input line 2370.
LaTeX Info: Redefining \Cref on input line 2370.
LaTeX Info: Redefining \crefrange on input line 2370.
LaTeX Info: Redefining \Crefrange on input line 2370.
LaTeX Info: Redefining \cpageref on input line 2370.
LaTeX Info: Redefining \Cpageref on input line 2370.
LaTeX Info: Redefining \cpagerefrange on input line 2370.
LaTeX Info: Redefining \Cpagerefrange on input line 2370.
LaTeX Info: Redefining \labelcref on input line 2370.
LaTeX Info: Redefining \labelcpageref on input line 2370.
Package cleveref Info: `amsthm' support loaded on input line 3026.
Package cleveref Info: `algorithmicx' support loaded on input line 3120.
Package cleveref Info: always capitalise cross-reference names on input line 7825.
Package cleveref Info: always capitalise cross-reference names on input line 7852.
)
==> First Aid for cleveref.sty applied!
(C:\Users\ethan\AppData\Local\Programs\MiKTeX\tex/latex/l3backend\l3backend-pdftex.def
File: l3backend-pdftex.def 2025-10-09 L3 backend support: PDF output (pdfTeX)
\l__color_backend_stack_int=\count329
) (RevisedOverleafVersion.aux)
\openout1 = `RevisedOverleafVersion.aux'.

LaTeX Font Info:    Checking defaults for OML/cmm/m/it on input line 27.
LaTeX Font Info:    ... okay on input line 27.
LaTeX Font Info:    Checking defaults for OMS/cmsy/m/n on input line 27.
LaTeX Font Info:    ... okay on input line 27.
LaTeX Font Info:    Checking defaults for OT1/cmr/m/n on input line 27.
LaTeX Font Info:    ... okay on input line 27.
LaTeX Font Info:    Checking defaults for T1/cmr/m/n on input line 27.
LaTeX Font Info:    ... okay on input line 27.
LaTeX Font Info:    Checking defaults for TS1/cmr/m/n on input line 27.
LaTeX Font Info:    ... okay on input line 27.
LaTeX Font Info:    Checking defaults for OMX/cmex/m/n on input line 27.
LaTeX Font Info:    ... okay on input line 27.
LaTeX Font Info:    Checking defaults for U/cmr/m/n on input line 27.
LaTeX Font Info:    ... okay on input line 27.
LaTeX Font Info:    Checking defaults for PD1/pdf/m/n on input line 27.
LaTeX Font Info:    ... okay on input line 27.
LaTeX Font Info:    Checking defaults for PU/pdf/m/n on input line 27.
LaTeX Font Info:    ... okay on input line 27.
 (C:\Users\ethan\AppData\Local\Programs\MiKTeX\tex/context/base/mkii\supp-pdf.mkii
[Loading MPS to PDF converter (version 2006.09.02).]
\scratchcounter=\count330
\scratchdimen=\dimen260
\scratchbox=\box63
\nofMPsegments=\count331
\nofMParguments=\count332
\everyMPshowfont=\toks37
\MPscratchCnt=\count333
\MPscratchDim=\dimen261
\MPnumerator=\count334
\makeMPintoPDFobject=\count335
\everyMPtoPDFconversion=\toks38
) (C:\Users\ethan\AppData\Local\Programs\MiKTeX\tex/latex/epstopdf-pkg\epstopdf-base.sty
Package: epstopdf-base 2020-01-24 v2.11 Base part for package epstopdf
 (C:\Users\ethan\AppData\Local\Programs\MiKTeX\tex/latex/grfext\grfext.sty
Package: grfext 2019/12/03 v1.3 Manage graphics extensions (HO)
)
Package epstopdf-base Info: Redefining graphics rule for `.eps' on input line 485.
Package grfext Info: Graphics extension search list:
(grfext)             [.pdf,.png,.jpg,.mps,.jpeg,.jbig2,.jb2,.PDF,.PNG,.JPG,.JPEG,.JBIG2,.JB2,.eps]
(grfext)             \AppendGraphicsExtensions on input line 504.
 (C:\Users\ethan\AppData\Local\Programs\MiKTeX\tex/latex/00miktex\epstopdf-sys.cfg
File: epstopdf-sys.cfg 2021/03/18 v2.0 Configuration of epstopdf for MiKTeX
))
Package caption Info: Begin \AtBeginDocument code.
Package caption Info: float package is loaded.
Package caption Info: hyperref package is loaded.
Package caption Info: End \AtBeginDocument code.

*geometry* driver: auto-detecting
*geometry* detected driver: pdftex
*geometry* verbose mode - [ preamble ] result:
* driver: pdftex
* paper: <default>
* layout: <same size as paper>
* layoutoffset:(h,v)=(0.0pt,0.0pt)
* modes: 
* h-part:(L,W,R)=(72.26999pt, 469.75502pt, 72.26999pt)
* v-part:(T,H,B)=(72.26999pt, 650.43001pt, 72.26999pt)
* \paperwidth=614.295pt
* \paperheight=794.96999pt
* \textwidth=469.75502pt
* \textheight=650.43001pt
* \oddsidemargin=0.0pt
* \evensidemargin=0.0pt
* \topmargin=-37.0pt
* \headheight=12.0pt
* \headsep=25.0pt
* \topskip=12.0pt
* \footskip=30.0pt
* \marginparwidth=44.0pt
* \marginparsep=10.0pt
* \columnsep=10.0pt
* \skip\footins=10.8pt plus 4.0pt minus 2.0pt
* \hoffset=0.0pt
* \voffset=0.0pt
* \mag=1000
* \@twocolumnfalse
* \@twosidefalse
* \@mparswitchfalse
* \@reversemarginfalse
* (1in=72.27pt=25.4mm, 1cm=28.453pt)

Package hyperref Info: Link coloring ON on input line 27.
\@outlinefile=\write3
\openout3 = `RevisedOverleafVersion.out'.

LaTeX Font Info:    Trying to load font information for U+msa on input line 29.
(C:\Users\ethan\AppData\Local\Programs\MiKTeX\tex/latex/amsfonts\umsa.fd
File: umsa.fd 2013/01/14 v3.01 AMS symbols A
)
LaTeX Font Info:    Trying to load font information for U+msb on input line 29.
 (C:\Users\ethan\AppData\Local\Programs\MiKTeX\tex/latex/amsfonts\umsb.fd
File: umsb.fd 2013/01/14 v3.01 AMS symbols B
)

LaTeX Warning: Citation `saidi2023' on page 1 undefined on input line 32.


LaTeX Warning: Citation `sdn2021' on page 1 undefined on input line 32.


LaTeX Warning: Citation `vinothina2012' on page 1 undefined on input line 32.


LaTeX Warning: Citation `parikh2013' on page 1 undefined on input line 32.


LaTeX Warning: Citation `mohamaddiah2014' on page 1 undefined on input line 32.


LaTeX Warning: Citation `lbts2024' on page 1 undefined on input line 32.


LaTeX Warning: Citation `10854610' on page 1 undefined on input line 32.


LaTeX Warning: Citation `DAHMANI2025100616' on page 1 undefined on input line 32.


LaTeX Warning: Citation `saidi2023' on page 1 undefined on input line 32.


LaTeX Warning: Citation `autoscaling2023' on page 1 undefined on input line 32.


LaTeX Warning: Citation `lbts2024' on page 1 undefined on input line 32.


LaTeX Warning: Citation `dynamic2026' on page 1 undefined on input line 32.

[1

{C:/Users/ethan/AppData/Local/MiKTeX/fonts/map/pdftex/pdftex.map}]

LaTeX Warning: Citation `saidi2023' on page 2 undefined on input line 52.


LaTeX Warning: Citation `huawei2022' on page 2 undefined on input line 52.


LaTeX Warning: Citation `sdn2021' on page 2 undefined on input line 52.


LaTeX Warning: Citation `cloudkpi2010' on page 2 undefined on input line 52.


LaTeX Warning: Citation `dvbpp2026' on page 2 undefined on input line 52.


LaTeX Warning: Citation `mohamaddiah2014' on page 2 undefined on input line 52.


LaTeX Warning: Citation `anuradha2014' on page 2 undefined on input line 52.


LaTeX Warning: Citation `saidi2023' on page 2 undefined on input line 55.


LaTeX Warning: Citation `lbts2024' on page 2 undefined on input line 55.


LaTeX Warning: Citation `autoscaling2023' on page 2 undefined on input line 55.


LaTeX Warning: Citation `lb2024' on page 2 undefined on input line 55.

[2]

LaTeX Warning: Citation `alkhalifa2025comparative' on page 3 undefined on input line 60.


LaTeX Warning: Citation `lenstra1977complexity' on page 3 undefined on input line 64.


LaTeX Warning: Citation `mohamaddiah2014' on page 3 undefined on input line 64.


LaTeX Warning: Citation `lbts2024' on page 3 undefined on input line 64.


LaTeX Warning: Citation `10854610' on page 3 undefined on input line 64.


LaTeX Warning: Citation `DAHMANI2025100616' on page 3 undefined on input line 64.


LaTeX Warning: Citation `ml_ra_litrev2025' on page 3 undefined on input line 64.


LaTeX Warning: Citation `hu2021attend2pack' on page 3 undefined on input line 64.


LaTeX Warning: Citation `ml_ra_litrev2025' on page 3 undefined on input line 67.


LaTeX Warning: Citation `DAHMANI2025100616' on page 3 undefined on input line 67.


LaTeX Warning: Citation `mao2016deeprm' on page 3 undefined on input line 67.


LaTeX Warning: Citation `mao2019decima' on page 3 undefined on input line 67.


LaTeX Warning: Citation `schulman2017ppo' on page 3 undefined on input line 69.


LaTeX Warning: Citation `mnih2016a3c' on page 3 undefined on input line 69.


LaTeX Warning: Citation `konda1999actorcritic' on page 3 undefined on input line 69.


LaTeX Warning: Citation `chadia2023understandingRL' on page 3 undefined on input line 69.


LaTeX Warning: Citation `burke2013hyperheuristicsurvey' on page 3 undefined on input line 69.


LaTeX Warning: Citation `lassoued2026hyperheuristic' on page 3 undefined on input line 69.


LaTeX Warning: Citation `cie2025dispatchruleselection' on page 3 undefined on input line 69.


LaTeX Warning: Citation `min2022atctuning' on page 3 undefined on input line 69.


LaTeX Warning: Citation `chen2024drlgphh' on page 3 undefined on input line 69.


LaTeX Warning: Citation `vepsalainen1987atc' on page 3 undefined on input line 69.


LaTeX Warning: Citation `ortools' on page 3 undefined on input line 69.


LaTeX Warning: Citation `ml_ra_litrev2025' on page 3 undefined on input line 72.


LaTeX Warning: Citation `DAHMANI2025100616' on page 3 undefined on input line 72.


LaTeX Warning: Citation `cloud_rco' on page 3 undefined on input line 72.

[3]

LaTeX Warning: Citation `DRL_Intrusion' on page 4 undefined on input line 78.


LaTeX Warning: Citation `huang2020invalidmasking' on page 4 undefined on input line 78.


LaTeX Warning: Reference `fig:MDP_Diagram' on page 1 undefined on input line 84.


LaTeX Warning: File `Images/MDP_Diagram.png' not found on input line 87.


d:/University/Year3/ResearchProject/Neural-Knapsack-Research-Project/NotesForAI/RevisedOverleafVersion.tex:87: Package pdftex.def Error: File `Images/MDP_Diagram.png' not found: using draft setting.

See the pdftex.def package documentation for explanation.
Type  H <return>  for immediate help.
 ...                                              
                                                  
l.87 ...dth=0.5\linewidth]{Images/MDP_Diagram.png}
                                                  
Try typing  <return>  to proceed.
If that doesn't work, type  X <return>  to quit.


LaTeX Warning: Citation `LADOSZ20221' on page 4 undefined on input line 93.


LaTeX Warning: Reference `sec:MDP_ssSection' on page 1 undefined on input line 93.


LaTeX Warning: Citation `LADOSZ20221' on page 4 undefined on input line 93.


LaTeX Warning: Citation `DRL_Intrusion' on page 4 undefined on input line 93.


LaTeX Warning: Citation `williams1992reinforce' on page 4 undefined on input line 93.


LaTeX Warning: Citation `konda1999actorcritic' on page 4 undefined on input line 93.

[4]

LaTeX Warning: Reference `sec:AppendixA' on page 5 undefined on input line 104.


LaTeX Warning: Reference `sec:AppendixB' on page 5 undefined on input line 104.


LaTeX Warning: Reference `eq:objective-v1' on page 1 undefined on input line 111.


LaTeX Warning: Citation `skalse2022rewardhacking' on page 5 undefined on input line 111.


LaTeX Warning: Citation `energyaware2012' on page 5 undefined on input line 111.


LaTeX Warning: Citation `fan2007powerprovisioning' on page 5 undefined on input line 111.

[5]

LaTeX Warning: Citation `fan2007powerprovisioning' on page 6 undefined on input line 118.


LaTeX Warning: Reference `eq:objective-v1' on page 1 undefined on input line 118.


LaTeX Warning: Reference `sec:mo-method' on page 1 undefined on input line 118.


LaTeX Warning: Citation `kleinrock1975queueing' on page 6 undefined on input line 121.


LaTeX Warning: Citation `mao2016deeprm' on page 6 undefined on input line 121.


LaTeX Warning: Citation `kleinrock1975queueing' on page 6 undefined on input line 123.


LaTeX Warning: Reference `sec:MDP_ssSection' on page 1 undefined on input line 130.

[6]

LaTeX Warning: Citation `huang2020invalidmasking' on page 7 undefined on input line 146.


LaTeX Warning: Citation `giffler1960active' on page 7 undefined on input line 146.


LaTeX Warning: Reference `eq:processing-update' on page 1 undefined on input line 148.


LaTeX Warning: Reference `eq:objective-v2' on page 1 undefined on input line 153.


LaTeX Warning: Citation `ng1999shaping' on page 7 undefined on input line 153.


LaTeX Warning: Reference `eq:action-flat' on page 1 undefined on input line 155.


LaTeX Warning: Citation `dulacarnold2015largeactionspaces' on page 7 undefined on input line 155.


LaTeX Warning: Citation `mao2016deeprm' on page 7 undefined on input line 155.


LaTeX Warning: Citation `mao2019decima' on page 7 undefined on input line 155.


LaTeX Warning: Reference `eq:action-flat' on page 1 undefined on input line 157.


LaTeX Warning: Citation `vinyals2015pointernet' on page 7 undefined on input line 157.


LaTeX Warning: Citation `kool2019attention' on page 7 undefined on input line 157.


LaTeX Warning: Reference `sec:baselines' on page 1 undefined on input line 158.


LaTeX Warning: Citation `burke2013hyperheuristicsurvey' on page 7 undefined on input line 158.


LaTeX Warning: Citation `lassoued2026hyperheuristic' on page 7 undefined on input line 158.


LaTeX Warning: Citation `mao2016deeprm' on page 7 undefined on input line 159.


LaTeX Warning: Citation `min2022atctuning' on page 7 undefined on input line 159.

[7]

LaTeX Warning: Citation `vepsalainen1987atc' on page 8 undefined on input line 160.


LaTeX Warning: Citation `mao2016deeprm' on page 8 undefined on input line 160.


LaTeX Warning: Citation `tavakoli2018actionbranching' on page 8 undefined on input line 161.


LaTeX Warning: Citation `schulman2017ppo' on page 8 undefined on input line 165.


LaTeX Warning: Citation `mnih2016a3c' on page 8 undefined on input line 165.


LaTeX Warning: Citation `raffin2021sb3' on page 8 undefined on input line 165.


LaTeX Warning: Reference `sec:rl' on page 1 undefined on input line 165.


LaTeX Warning: Citation `huang2022a2cppo' on page 8 undefined on input line 165.


LaTeX Warning: Citation `tessler2019rcpo' on page 8 undefined on input line 167.


LaTeX Warning: Citation `stooke2020pidlagrangian' on page 8 undefined on input line 167.


LaTeX Warning: Reference `eq:objective-v1' on page 1 undefined on input line 167.


LaTeX Warning: Citation `engstrom2020implementation' on page 8 undefined on input line 167.


LaTeX Warning: Citation `andrychowicz2021onpolicy' on page 8 undefined on input line 167.


LaTeX Warning: Reference `sec:mdp' on page 1 undefined on input line 167.


LaTeX Warning: Reference `sec:evaluation' on page 1 undefined on input line 167.


LaTeX Warning: Citation `mao2019variance' on page 8 undefined on input line 167.


LaTeX Warning: Citation `pinto2018asymmetric' on page 8 undefined on input line 167.


LaTeX Warning: Reference `sec:AppendixD' on page 8 undefined on input line 167.


LaTeX Warning: Citation `pinedo2016scheduling' on page 8 undefined on input line 170.


LaTeX Warning: Citation `pinedo2016scheduling' on page 8 undefined on input line 172.


LaTeX Warning: Citation `pinedo2016scheduling' on page 8 undefined on input line 172.


LaTeX Warning: Citation `graham1969lpt' on page 8 undefined on input line 172.


LaTeX Warning: Citation `smith1956wspt' on page 8 undefined on input line 172.


LaTeX Warning: Citation `vepsalainen1987atc' on page 8 undefined on input line 172.


LaTeX Warning: Citation `kanet2004wmdd' on page 8 undefined on input line 172.


LaTeX Warning: Citation `carroll1965covert' on page 8 undefined on input line 172.


LaTeX Warning: Citation `smith1956wspt' on page 8 undefined on input line 172.

[8]

LaTeX Warning: Citation `johnson1973binpacking' on page 9 undefined on input line 173.


LaTeX Warning: Citation `energyaware2012' on page 9 undefined on input line 173.


LaTeX Warning: Citation `grandl2014tetris' on page 9 undefined on input line 174.


LaTeX Warning: Citation `kennedy1995pso' on page 9 undefined on input line 179.


LaTeX Warning: Citation `ortools' on page 9 undefined on input line 181.


LaTeX Warning: Reference `sec:AppendixB' on page 9 undefined on input line 181.


LaTeX Warning: Citation `raffin2021sb3' on page 9 undefined on input line 184.


LaTeX Warning: Citation `potts1985wtardiness' on page 9 undefined on input line 187.


LaTeX Warning: Citation `reiss2012googletrace' on page 9 undefined on input line 187.


LaTeX Warning: Citation `cortez2017resourcecentral' on page 9 undefined on input line 187.


LaTeX Warning: Reference `sec:AppendixD' on page 9 undefined on input line 187.


LaTeX Warning: Citation `akiba2019optuna' on page 9 undefined on input line 189.


LaTeX Warning: Citation `bergstra2011tpe' on page 9 undefined on input line 189.


LaTeX Warning: Reference `sec:AppendixC' on page 9 undefined on input line 189.


LaTeX Warning: Reference `sec:AppendixD' on page 9 undefined on input line 189.

[9]

LaTeX Warning: Reference `sec:algorithms' on page 1 undefined on input line 191.


LaTeX Warning: Reference `eq:objective-v2' on page 1 undefined on input line 195.


LaTeX Warning: Reference `tab:main' on page 1 undefined on input line 202.


LaTeX Warning: Reference `fig:offline' on page 1 undefined on input line 202.

[10]

LaTeX Warning: Reference `sec:res-online' on page 1 undefined on input line 206.


LaTeX Warning: Reference `tab:budget' on page 1 undefined on input line 210.


LaTeX Warning: Reference `tab:budget' on page 1 undefined on input line 210.

<Images/v2_offline_designs.png, id=110, 787.743pt x 429.2838pt>
File: Images/v2_offline_designs.png Graphic file (type png)
<use Images/v2_offline_designs.png>
Package pdftex.def Info: Images/v2_offline_designs.png  used on input line 235.
(pdftex.def)             Requested size: 469.75502pt x 256.00018pt.

LaTeX Warning: Reference `fig:mo' on page 1 undefined on input line 241.


LaTeX Warning: Reference `tab:mo' on page 1 undefined on input line 241.

<Images/v2_multiobjective_gap.png, id=112, 787.743pt x 231.264pt>
File: Images/v2_multiobjective_gap.png Graphic file (type png)
<use Images/v2_multiobjective_gap.png>
Package pdftex.def Info: Images/v2_multiobjective_gap.png  used on input line 266.
(pdftex.def)             Requested size: 469.75502pt x 137.91255pt.

LaTeX Warning: Reference `tab:budget' on page 1 undefined on input line 272.


LaTeX Warning: Reference `fig:budget' on page 1 undefined on input line 272.

[11] [12 <./Images/v2_offline_designs.png>]
<Images/v2_online_budget.png, id=126, 450.9648pt x 238.491pt>
File: Images/v2_online_budget.png Graphic file (type png)
<use Images/v2_online_budget.png>
Package pdftex.def Info: Images/v2_online_budget.png  used on input line 291.
(pdftex.def)             Requested size: 352.31625pt x 186.33154pt.
 [13 <./Images/v2_multiobjective_gap.png>]

LaTeX Warning: Reference `sec:res-mo' on page 1 undefined on input line 309.

[14 <./Images/v2_online_budget.png>]

LaTeX Warning: Citation `mao2019variance' on page 15 undefined on input line 315.


LaTeX Warning: Citation `dulacarnold2015largeactionspaces' on page 15 undefined on input line 315.


LaTeX Warning: Citation `mao2016deeprm' on page 15 undefined on input line 317.


LaTeX Warning: Citation `mao2019decima' on page 15 undefined on input line 317.


LaTeX Warning: Citation `eimer2023hyperparams' on page 15 undefined on input line 319.

[15]

LaTeX Warning: Citation `reiss2012googletrace' on page 16 undefined on input line 330.


LaTeX Warning: Citation `cortez2017resourcecentral' on page 16 undefined on input line 330.


LaTeX Warning: Citation `abels2019dynamicweights' on page 16 undefined on input line 332.


LaTeX Warning: Citation `hayes2022morlguide' on page 16 undefined on input line 332.


LaTeX Warning: Citation `gnn2024jsspsurvey' on page 16 undefined on input line 332.

[16] [17]
No file RevisedOverleafVersion.bbl.

LaTeX Warning: Reference `eq:objective-v1' on page 1 undefined on input line 384.


LaTeX Warning: Reference `eq:objective-v2' on page 1 undefined on input line 385.

[18]

LaTeX Warning: Citation `andrychowicz2021onpolicy' on page 19 undefined on input line 436.


LaTeX Warning: Citation `andrychowicz2021onpolicy' on page 19 undefined on input line 436.


LaTeX Warning: Citation `potts1985wtardiness' on page 19 undefined on input line 455.

[19]

LaTeX Warning: Citation `engstrom2020implementation' on page 20 undefined on input line 463.


LaTeX Warning: Citation `andrychowicz2021onpolicy' on page 20 undefined on input line 463.


LaTeX Warning: Reference `sec:evaluation' on page 1 undefined on input line 464.

[20] [21] (RevisedOverleafVersion.aux)
 ***********
LaTeX2e <2025-11-01>
L3 programming layer <2025-12-24>
 ***********


LaTeX Warning: There were undefined references.


LaTeX Warning: Label(s) may have changed. Rerun to get cross-references right.


Package rerunfilecheck Warning: File `RevisedOverleafVersion.out' has changed.
(rerunfilecheck)                Rerun to get outlines right
(rerunfilecheck)                or use package `bookmark'.

Package rerunfilecheck Info: Checksums for `RevisedOverleafVersion.out':
(rerunfilecheck)             Before: <no file>
(rerunfilecheck)             After:  E6250E1A398C144FEEAEA68A29D02223;4296.
 ) 
Here is how much of TeX's memory you used:
 15214 strings out of 467871
 252701 string characters out of 5418376
 708008 words of memory out of 5000000
 43801 multiletter control sequences out of 15000+600000
 639210 words of font info for 85 fonts, out of 8000000 for 9000
 1141 hyphenation exceptions out of 8191
 75i,10n,79p,1936b,591s stack positions out of 10000i,1000n,20000p,200000b,200000s
 <C:\Users\ethan\AppData\Local\MiKTeX\fonts/pk/ljfour/jknappen/ec/dpi600\tcrm1200.pk><C:/Users/ethan/AppData/Local/Programs/MiKTeX/fonts/type1/public/amsfonts/cm/cmbx10.pfb><C:/Users/ethan/AppData/Local/Programs/MiKTeX/fonts/type1/public/amsfonts/cm/cmbx12.pfb><C:/Users/ethan/AppData/Local/Programs/MiKTeX/fonts/type1/public/amsfonts/cm/cmex10.pfb><C:/Users/ethan/AppData/Local/Programs/MiKTeX/fonts/type1/public/amsfonts/cm/cmmi12.pfb><C:/Users/ethan/AppData/Local/Programs/MiKTeX/fonts/type1/public/amsfonts/cm/cmmi6.pfb><C:/Users/ethan/AppData/Local/Programs/MiKTeX/fonts/type1/public/amsfonts/cm/cmmi8.pfb><C:/Users/ethan/AppData/Local/Programs/MiKTeX/fonts/type1/public/amsfonts/cm/cmr10.pfb><C:/Users/ethan/AppData/Local/Programs/MiKTeX/fonts/type1/public/amsfonts/cm/cmr12.pfb><C:/Users/ethan/AppData/Local/Programs/MiKTeX/fonts/type1/public/amsfonts/cm/cmr17.pfb><C:/Users/ethan/AppData/Local/Programs/MiKTeX/fonts/type1/public/amsfonts/cm/cmr7.pfb><C:/Users/ethan/AppData/Local/Programs/MiKTeX/fonts/type1/public/amsfonts/cm/cmr8.pfb><C:/Users/ethan/AppData/Local/Programs/MiKTeX/fonts/type1/public/amsfonts/cm/cmsy10.pfb><C:/Users/ethan/AppData/Local/Programs/MiKTeX/fonts/type1/public/amsfonts/cm/cmsy6.pfb><C:/Users/ethan/AppData/Local/Programs/MiKTeX/fonts/type1/public/amsfonts/cm/cmsy8.pfb><C:/Users/ethan/AppData/Local/Programs/MiKTeX/fonts/type1/public/amsfonts/cm/cmti10.pfb><C:/Users/ethan/AppData/Local/Programs/MiKTeX/fonts/type1/public/amsfonts/cm/cmti12.pfb><C:/Users/ethan/AppData/Local/Programs/MiKTeX/fonts/type1/public/amsfonts/cm/cmtt10.pfb><C:/Users/ethan/AppData/Local/Programs/MiKTeX/fonts/type1/public/amsfonts/cm/cmtt12.pfb><C:/Users/ethan/AppData/Local/Programs/MiKTeX/fonts/type1/public/amsfonts/symbols/msbm10.pfb>
Output written on RevisedOverleafVersion.pdf (21 pages, 782302 bytes).
PDF statistics:
 327 PDF objects out of 1000 (max. 8388607)
 118 named destinations out of 1000 (max. 500000)
 16 words of extra memory for PDF output out of 10000 (max. 10000000)

