{"op_code":0,"worker_id":"6689c3af-94c9-41ed-8686-52bdda4071d7-16000","study_name":"on_rho095_o0pnm","directions":[1]}
{"op_code":4,"worker_id":"6689c3af-94c9-41ed-8686-52bdda4071d7-16000","study_id":0,"datetime_start":"2026-10-06T00:49:38.410848"}
{"op_code":5,"worker_id":"6689c3af-94c9-41ed-8686-52bdda4071d7-16000","trial_id":0,"param_name":"learning-rate","param_value_internal":0.00020554062603827,"distribution":"{\"name\": \"FloatDistribution\", \"attributes\": {\"step\": null, \"low\": 3e-05, \"high\": 0.001, \"log\": true}}"}
{"op_code":5,"worker_id":"6689c3af-94c9-41ed-8686-52bdda4071d7-16000","trial_id":0,"param_name":"rollout-size","param_value_internal":0,"distribution":"{\"name\": \"CategoricalDistribution\", \"attributes\": {\"choices\": [2048, 4096, 8192, 16384]}}"}
{"op_code":5,"worker_id":"6689c3af-94c9-41ed-8686-52bdda4071d7-16000","trial_id":0,"param_name":"batch-size","param_value_internal":2,"distribution":"{\"name\": \"CategoricalDistribution\", \"attributes\": {\"choices\": [64, 256, 1024]}}"}
{"op_code":5,"worker_id":"6689c3af-94c9-41ed-8686-52bdda4071d7-16000","trial_id":0,"param_name":"n-epochs","param_value_internal":0,"distribution":"{\"name\": \"CategoricalDistribution\", \"attributes\": {\"choices\": [3, 5, 10]}}"}
{"op_code":5,"worker_id":"6689c3af-94c9-41ed-8686-52bdda4071d7-16000","trial_id":0,"param_name":"gamma","param_value_internal":2,"distribution":"{\"name\": \"CategoricalDistribution\", \"attributes\": {\"choices\": [0.99, 0.995, 0.999]}}"}
{"op_code":5,"worker_id":"6689c3af-94c9-41ed-8686-52bdda4071d7-16000","trial_id":0,"param_name":"gae-lambda","param_value_internal":1,"distribution":"{\"name\": \"CategoricalDistribution\", \"attributes\": {\"choices\": [0.9, 0.95, 0.98]}}"}
{"op_code":5,"worker_id":"6689c3af-94c9-41ed-8686-52bdda4071d7-16000","trial_id":0,"param_name":"clip-range","param_value_internal":2,"distribution":"{\"name\": \"CategoricalDistribution\", \"attributes\": {\"choices\": [0.1, 0.2, 0.3]}}"}
{"op_code":5,"worker_id":"6689c3af-94c9-41ed-8686-52bdda4071d7-16000","trial_id":0,"param_name":"ent-coef","param_value_internal":0.02655561084998941,"distribution":"{\"name\": \"FloatDistribution\", \"attributes\": {\"step\": null, \"low\": 0.0001, \"high\": 0.03, \"log\": true}}"}
{"op_code":8,"worker_id":"6689c3af-94c9-41ed-8686-52bdda4071d7-16000","trial_id":0,"user_attr":{"train_argv":"--option 0 --reward-mode objective --objectives tardiness_sq --lambda-late 1.0 --lambda-energy 1.0 --power-model linear --difficulty on_rho095 --timesteps 100000 --save-tag tune_on_rho095_o0pnm_t0 --n-envs 4 --vec-backend subproc --seed 0 --algo ppo --markov-obs --work-conserving --policy-arch pointer --learning-rate 0.000205541 --rollout-size 2048 --batch-size 1024 --n-epochs 3 --gamma 0.999 --gae-lambda 0.95 --clip-range 0.3 --ent-coef 0.0265556"}}
{"op_code":7,"worker_id":"6689c3af-94c9-41ed-8686-52bdda4071d7-16000","trial_id":0,"step":25000,"intermediate_value":370603.4}
{"op_code":7,"worker_id":"6689c3af-94c9-41ed-8686-52bdda4071d7-16000","trial_id":0,"step":50000,"intermediate_value":333123.8}
{"op_code":7,"worker_id":"6689c3af-94c9-41ed-8686-52bdda4071d7-16000","trial_id":0,"step":75000,"intermediate_value":384850.4}
{"op_code":6,"worker_id":"6689c3af-94c9-41ed-8686-52bdda4071d7-16000","trial_id":0,"state":1,"values":[150464.2],"datetime_complete":"2026-10-06T01:13:49.552822"}
{"op_code":4,"worker_id":"6689c3af-94c9-41ed-8686-52bdda4071d7-16000","study_id":0,"datetime_start":"2026-10-06T01:13:49.794933"}
{"op_code":5,"worker_id":"6689c3af-94c9-41ed-8686-52bdda4071d7-16000","trial_id":1,"param_name":"learning-rate","param_value_internal":0.0004944733002746453,"distribution":"{\"name\": \"FloatDistribution\", \"attributes\": {\"step\": null, \"low\": 3e-05, \"high\": 0.001, \"log\": true}}"}
{"op_code":5,"worker_id":"6689c3af-94c9-41ed-8686-52bdda4071d7-16000","trial_id":1,"param_name":"rollout-size","param_value_internal":1,"distribution":"{\"name\": \"CategoricalDistribution\", \"attributes\": {\"choices\": [2048, 4096, 8192, 16384]}}"}
{"op_code":5,"worker_id":"6689c3af-94c9-41ed-8686-52bdda4071d7-16000","trial_id":1,"param_name":"batch-size","param_value_internal":1,"distribution":"{\"name\": \"CategoricalDistribution\", \"attributes\": {\"choices\": [64, 256, 1024]}}"}
{"op_code":5,"worker_id":"6689c3af-94c9-41ed-8686-52bdda4071d7-16000","trial_id":1,"param_name":"n-epochs","param_value_internal":2,"distribution":"{\"name\": \"CategoricalDistribution\", \"attributes\": {\"choices\": [3, 5, 10]}}"}
{"op_code":5,"worker_id":"6689c3af-94c9-41ed-8686-52bdda4071d7-16000","trial_id":1,"param_name":"gamma","param_value_internal":1,"distribution":"{\"name\": \"CategoricalDistribution\", \"attributes\": {\"choices\": [0.99, 0.995, 0.999]}}"}
{"op_code":5,"worker_id":"6689c3af-94c9-41ed-8686-52bdda4071d7-16000","trial_id":1,"param_name":"gae-lambda","param_value_internal":0,"distribution":"{\"name\": \"CategoricalDistribution\", \"attributes\": {\"choices\": [0.9, 0.95, 0.98]}}"}
{"op_code":5,"worker_id":"6689c3af-94c9-41ed-8686-52bdda4071d7-16000","trial_id":1,"param_name":"clip-range","param_value_internal":0,"distribution":"{\"name\": \"CategoricalDistribution\", \"attributes\": {\"choices\": [0.1, 0.2, 0.3]}}"}
{"op_code":5,"worker_id":"6689c3af-94c9-41ed-8686-52bdda4071d7-16000","trial_id":1,"param_name":"ent-coef","param_value_internal":0.0012094311268425492,"distribution":"{\"name\": \"FloatDistribution\", \"attributes\": {\"step\": null, \"low\": 0.0001, \"high\": 0.03, \"log\": true}}"}
{"op_code":8,"worker_id":"6689c3af-94c9-41ed-8686-52bdda4071d7-16000","trial_id":1,"user_attr":{"train_argv":"--option 0 --reward-mode objective --objectives tardiness_sq --lambda-late 1.0 --lambda-energy 1.0 --power-model linear --difficulty on_rho095 --timesteps 100000 --save-tag tune_on_rho095_o0pnm_t1 --n-envs 4 --vec-backend subproc --seed 0 --algo ppo --markov-obs --work-conserving --policy-arch pointer --learning-rate 0.000494473 --rollout-size 4096 --batch-size 256 --n-epochs 10 --gamma 0.995 --gae-lambda 0.9 --clip-range 0.1 --ent-coef 0.00120943"}}
{"op_code":7,"worker_id":"6689c3af-94c9-41ed-8686-52bdda4071d7-16000","trial_id":1,"step":25000,"intermediate_value":219324.4}
{"op_code":7,"worker_id":"6689c3af-94c9-41ed-8686-52bdda4071d7-16000","trial_id":1,"step":50000,"intermediate_value":267580.8}
{"op_code":7,"worker_id":"6689c3af-94c9-41ed-8686-52bdda4071d7-16000","trial_id":1,"step":75000,"intermediate_value":237993.4}
{"op_code":6,"worker_id":"6689c3af-94c9-41ed-8686-52bdda4071d7-16000","trial_id":1,"state":1,"values":[283640.35],"datetime_complete":"2026-10-06T02:27:49.250392"}
{"op_code":4,"worker_id":"6689c3af-94c9-41ed-8686-52bdda4071d7-16000","study_id":0,"datetime_start":"2026-10-06T02:27:49.534205"}
{"op_code":5,"worker_id":"6689c3af-94c9-41ed-8686-52bdda4071d7-16000","trial_id":2,"param_name":"learning-rate","param_value_internal":0.0003463609921766881,"distribution":"{\"name\": \"FloatDistribution\", \"attributes\": {\"step\": null, \"low\": 3e-05, \"high\": 0.001, \"log\": true}}"}
{"op_code":5,"worker_id":"6689c3af-94c9-41ed-8686-52bdda4071d7-16000","trial_id":2,"param_name":"rollout-size","param_value_internal":2,"distribution":"{\"name\": \"CategoricalDistribution\", \"attributes\": {\"choices\": [2048, 4096, 8192, 16384]}}"}
{"op_code":5,"worker_id":"6689c3af-94c9-41ed-8686-52bdda4071d7-16000","trial_id":2,"param_name":"batch-size","param_value_internal":2,"distribution":"{\"name\": \"CategoricalDistribution\", \"attributes\": {\"choices\": [64, 256, 1024]}}"}
{"op_code":5,"worker_id":"6689c3af-94c9-41ed-8686-52bdda4071d7-16000","trial_id":2,"param_name":"n-epochs","param_value_internal":2,"distribution":"{\"name\": \"CategoricalDistribution\", \"attributes\": {\"choices\": [3, 5, 10]}}"}
{"op_code":5,"worker_id":"6689c3af-94c9-41ed-8686-52bdda4071d7-16000","trial_id":2,"param_name":"gamma","param_value_internal":1,"distribution":"{\"name\": \"CategoricalDistribution\", \"attributes\": {\"choices\": [0.99, 0.995, 0.999]}}"}
{"op_code":5,"worker_id":"6689c3af-94c9-41ed-8686-52bdda4071d7-16000","trial_id":2,"param_name":"gae-lambda","param_value_internal":0,"distribution":"{\"name\": \"CategoricalDistribution\", \"attributes\": {\"choices\": [0.9, 0.95, 0.98]}}"}
{"op_code":5,"worker_id":"6689c3af-94c9-41ed-8686-52bdda4071d7-16000","trial_id":2,"param_name":"clip-range","param_value_internal":0,"distribution":"{\"name\": \"CategoricalDistribution\", \"attributes\": {\"choices\": [0.1, 0.2, 0.3]}}"}
{"op_code":5,"worker_id":"6689c3af-94c9-41ed-8686-52bdda4071d7-16000","trial_id":2,"param_name":"ent-coef","param_value_internal":0.0042248177213228075,"distribution":"{\"name\": \"FloatDistribution\", \"attributes\": {\"step\": null, \"low\": 0.0001, \"high\": 0.03, \"log\": true}}"}
{"op_code":8,"worker_id":"6689c3af-94c9-41ed-8686-52bdda4071d7-16000","trial_id":2,"user_attr":{"train_argv":"--option 0 --reward-mode objective --objectives tardiness_sq --lambda-late 1.0 --lambda-energy 1.0 --power-model linear --difficulty on_rho095 --timesteps 100000 --save-tag tune_on_rho095_o0pnm_t2 --n-envs 4 --vec-backend subproc --seed 0 --algo ppo --markov-obs --work-conserving --policy-arch pointer --learning-rate 0.000346361 --rollout-size 8192 --batch-size 1024 --n-epochs 10 --gamma 0.995 --gae-lambda 0.9 --clip-range 0.1 --ent-coef 0.00422482"}}
{"op_code":7,"worker_id":"6689c3af-94c9-41ed-8686-52bdda4071d7-16000","trial_id":2,"step":25000,"intermediate_value":306539.8}
{"op_code":7,"worker_id":"6689c3af-94c9-41ed-8686-52bdda4071d7-16000","trial_id":2,"step":50000,"intermediate_value":270141.2}
{"op_code":7,"worker_id":"6689c3af-94c9-41ed-8686-52bdda4071d7-16000","trial_id":2,"step":75000,"intermediate_value":124376.8}
{"op_code":6,"worker_id":"6689c3af-94c9-41ed-8686-52bdda4071d7-16000","trial_id":2,"state":1,"values":[253309.9],"datetime_complete":"2026-10-06T03:54:52.787611"}
{"op_code":4,"worker_id":"6689c3af-94c9-41ed-8686-52bdda4071d7-16000","study_id":0,"datetime_start":"2026-10-06T03:54:53.296191"}
{"op_code":5,"worker_id":"6689c3af-94c9-41ed-8686-52bdda4071d7-16000","trial_id":3,"param_name":"learning-rate","param_value_internal":4.8703159315306354e-05,"distribution":"{\"name\": \"FloatDistribution\", \"attributes\": {\"step\": null, \"low\": 3e-05, \"high\": 0.001, \"log\": true}}"}
{"op_code":5,"worker_id":"6689c3af-94c9-41ed-8686-52bdda4071d7-16000","trial_id":3,"param_name":"rollout-size","param_value_internal":2,"distribution":"{\"name\": \"CategoricalDistribution\", \"attributes\": {\"choices\": [2048, 4096, 8192, 16384]}}"}
{"op_code":5,"worker_id":"6689c3af-94c9-41ed-8686-52bdda4071d7-16000","trial_id":3,"param_name":"batch-size","param_value_internal":2,"distribution":"{\"name\": \"CategoricalDistribution\", \"attributes\": {\"choices\": [64, 256, 1024]}}"}
{"op_code":5,"worker_id":"6689c3af-94c9-41ed-8686-52bdda4071d7-16000","trial_id":3,"param_name":"n-epochs","param_value_internal":1,"distribution":"{\"name\": \"CategoricalDistribution\", \"attributes\": {\"choices\": [3, 5, 10]}}"}
{"op_code":5,"worker_id":"6689c3af-94c9-41ed-8686-52bdda4071d7-16000","trial_id":3,"param_name":"gamma","param_value_internal":0,"distribution":"{\"name\": \"CategoricalDistribution\", \"attributes\": {\"choices\": [0.99, 0.995, 0.999]}}"}
{"op_code":5,"worker_id":"6689c3af-94c9-41ed-8686-52bdda4071d7-16000","trial_id":3,"param_name":"gae-lambda","param_value_internal":1,"distribution":"{\"name\": \"CategoricalDistribution\", \"attributes\": {\"choices\": [0.9, 0.95, 0.98]}}"}
{"op_code":5,"worker_id":"6689c3af-94c9-41ed-8686-52bdda4071d7-16000","trial_id":3,"param_name":"clip-range","param_value_internal":1,"distribution":"{\"name\": \"CategoricalDistribution\", \"attributes\": {\"choices\": [0.1, 0.2, 0.3]}}"}
{"op_code":5,"worker_id":"6689c3af-94c9-41ed-8686-52bdda4071d7-16000","trial_id":3,"param_name":"ent-coef","param_value_internal":0.005192032534497486,"distribution":"{\"name\": \"FloatDistribution\", \"attributes\": {\"step\": null, \"low\": 0.0001, \"high\": 0.03, \"log\": true}}"}
{"op_code":8,"worker_id":"6689c3af-94c9-41ed-8686-52bdda4071d7-16000","trial_id":3,"user_attr":{"train_argv":"--option 0 --reward-mode objective --objectives tardiness_sq --lambda-late 1.0 --lambda-energy 1.0 --power-model linear --difficulty on_rho095 --timesteps 100000 --save-tag tune_on_rho095_o0pnm_t3 --n-envs 4 --vec-backend subproc --seed 0 --algo ppo --markov-obs --work-conserving --policy-arch pointer --learning-rate 4.87032e-05 --rollout-size 8192 --batch-size 1024 --n-epochs 5 --gamma 0.99 --gae-lambda 0.95 --clip-range 0.2 --ent-coef 0.00519203"}}
{"op_code":7,"worker_id":"6689c3af-94c9-41ed-8686-52bdda4071d7-16000","trial_id":3,"step":25000,"intermediate_value":459580.4}
{"op_code":7,"worker_id":"6689c3af-94c9-41ed-8686-52bdda4071d7-16000","trial_id":3,"step":50000,"intermediate_value":404309.4}
{"op_code":0,"worker_id":"e4f4e8a8-0043-4480-85ad-b3681c0cb94c-31748","study_name":"on_rho095_o0pnm","directions":[1]}
{"op_code":7,"worker_id":"6689c3af-94c9-41ed-8686-52bdda4071d7-16000","trial_id":3,"step":75000,"intermediate_value":373472.8}
{"op_code":6,"worker_id":"6689c3af-94c9-41ed-8686-52bdda4071d7-16000","trial_id":3,"state":1,"values":[370370.7],"datetime_complete":"2026-10-06T04:41:42.244133"}
{"op_code":4,"worker_id":"6689c3af-94c9-41ed-8686-52bdda4071d7-16000","study_id":0,"datetime_start":"2026-10-06T04:41:42.686976"}
{"op_code":5,"worker_id":"6689c3af-94c9-41ed-8686-52bdda4071d7-16000","trial_id":4,"param_name":"learning-rate","param_value_internal":0.00021876939530160837,"distribution":"{\"name\": \"FloatDistribution\", \"attributes\": {\"step\": null, \"low\": 3e-05, \"high\": 0.001, \"log\": true}}"}
{"op_code":5,"worker_id":"6689c3af-94c9-41ed-8686-52bdda4071d7-16000","trial_id":4,"param_name":"rollout-size","param_value_internal":3,"distribution":"{\"name\": \"CategoricalDistribution\", \"attributes\": {\"choices\": [2048, 4096, 8192, 16384]}}"}
{"op_code":5,"worker_id":"6689c3af-94c9-41ed-8686-52bdda4071d7-16000","trial_id":4,"param_name":"batch-size","param_value_internal":0,"distribution":"{\"name\": \"CategoricalDistribution\", \"attributes\": {\"choices\": [64, 256, 1024]}}"}
{"op_code":5,"worker_id":"6689c3af-94c9-41ed-8686-52bdda4071d7-16000","trial_id":4,"param_name":"n-epochs","param_value_internal":1,"distribution":"{\"name\": \"CategoricalDistribution\", \"attributes\": {\"choices\": [3, 5, 10]}}"}
{"op_code":5,"worker_id":"6689c3af-94c9-41ed-8686-52bdda4071d7-16000","trial_id":4,"param_name":"gamma","param_value_internal":1,"distribution":"{\"name\": \"CategoricalDistribution\", \"attributes\": {\"choices\": [0.99, 0.995, 0.999]}}"}
{"op_code":5,"worker_id":"6689c3af-94c9-41ed-8686-52bdda4071d7-16000","trial_id":4,"param_name":"gae-lambda","param_value_internal":0,"distribution":"{\"name\": \"CategoricalDistribution\", \"attributes\": {\"choices\": [0.9, 0.95, 0.98]}}"}
{"op_code":5,"worker_id":"6689c3af-94c9-41ed-8686-52bdda4071d7-16000","trial_id":4,"param_name":"clip-range","param_value_internal":2,"distribution":"{\"name\": \"CategoricalDistribution\", \"attributes\": {\"choices\": [0.1, 0.2, 0.3]}}"}
{"op_code":5,"worker_id":"6689c3af-94c9-41ed-8686-52bdda4071d7-16000","trial_id":4,"param_name":"ent-coef","param_value_internal":0.000413229862740349,"distribution":"{\"name\": \"FloatDistribution\", \"attributes\": {\"step\": null, \"low\": 0.0001, \"high\": 0.03, \"log\": true}}"}
{"op_code":8,"worker_id":"6689c3af-94c9-41ed-8686-52bdda4071d7-16000","trial_id":4,"user_attr":{"train_argv":"--option 0 --reward-mode objective --objectives tardiness_sq --lambda-late 1.0 --lambda-energy 1.0 --power-model linear --difficulty on_rho095 --timesteps 100000 --save-tag tune_on_rho095_o0pnm_t4 --n-envs 4 --vec-backend subproc --seed 0 --algo ppo --markov-obs --work-conserving --policy-arch pointer --learning-rate 0.000218769 --rollout-size 16384 --batch-size 64 --n-epochs 5 --gamma 0.995 --gae-lambda 0.9 --clip-range 0.3 --ent-coef 0.00041323"}}
{"op_code":7,"worker_id":"6689c3af-94c9-41ed-8686-52bdda4071d7-16000","trial_id":4,"step":25000,"intermediate_value":357639.4}
{"op_code":7,"worker_id":"6689c3af-94c9-41ed-8686-52bdda4071d7-16000","trial_id":4,"step":50000,"intermediate_value":356615.4}
{"op_code":7,"worker_id":"6689c3af-94c9-41ed-8686-52bdda4071d7-16000","trial_id":4,"step":75000,"intermediate_value":371698.8}
{"op_code":6,"worker_id":"6689c3af-94c9-41ed-8686-52bdda4071d7-16000","trial_id":4,"state":1,"values":[278539.7],"datetime_complete":"2026-10-06T05:30:25.996012"}
{"op_code":4,"worker_id":"6689c3af-94c9-41ed-8686-52bdda4071d7-16000","study_id":0,"datetime_start":"2026-10-06T05:30:26.360378"}
{"op_code":5,"worker_id":"6689c3af-94c9-41ed-8686-52bdda4071d7-16000","trial_id":5,"param_name":"learning-rate","param_value_internal":0.00022622417507807115,"distribution":"{\"name\": \"FloatDistribution\", \"attributes\": {\"step\": null, \"low\": 3e-05, \"high\": 0.001, \"log\": true}}"}
{"op_code":5,"worker_id":"6689c3af-94c9-41ed-8686-52bdda4071d7-16000","trial_id":5,"param_name":"rollout-size","param_value_internal":3,"distribution":"{\"name\": \"CategoricalDistribution\", \"attributes\": {\"choices\": [2048, 4096, 8192, 16384]}}"}
{"op_code":5,"worker_id":"6689c3af-94c9-41ed-8686-52bdda4071d7-16000","trial_id":5,"param_name":"batch-size","param_value_internal":1,"distribution":"{\"name\": \"CategoricalDistribution\", \"attributes\": {\"choices\": [64, 256, 1024]}}"}
{"op_code":5,"worker_id":"6689c3af-94c9-41ed-8686-52bdda4071d7-16000","trial_id":5,"param_name":"n-epochs","param_value_internal":1,"distribution":"{\"name\": \"CategoricalDistribution\", \"attributes\": {\"choices\": [3, 5, 10]}}"}
{"op_code":5,"worker_id":"6689c3af-94c9-41ed-8686-52bdda4071d7-16000","trial_id":5,"param_name":"gamma","param_value_internal":2,"distribution":"{\"name\": \"CategoricalDistribution\", \"attributes\": {\"choices\": [0.99, 0.995, 0.999]}}"}
{"op_code":5,"worker_id":"6689c3af-94c9-41ed-8686-52bdda4071d7-16000","trial_id":5,"param_name":"gae-lambda","param_value_internal":1,"distribution":"{\"name\": \"CategoricalDistribution\", \"attributes\": {\"choices\": [0.9, 0.95, 0.98]}}"}
{"op_code":5,"worker_id":"6689c3af-94c9-41ed-8686-52bdda4071d7-16000","trial_id":5,"param_name":"clip-range","param_value_internal":0,"distribution":"{\"name\": \"CategoricalDistribution\", \"attributes\": {\"choices\": [0.1, 0.2, 0.3]}}"}
{"op_code":5,"worker_id":"6689c3af-94c9-41ed-8686-52bdda4071d7-16000","trial_id":5,"param_name":"ent-coef","param_value_internal":0.0031776753088383902,"distribution":"{\"name\": \"FloatDistribution\", \"attributes\": {\"step\": null, \"low\": 0.0001, \"high\": 0.03, \"log\": true}}"}
{"op_code":8,"worker_id":"6689c3af-94c9-41ed-8686-52bdda4071d7-16000","trial_id":5,"user_attr":{"train_argv":"--option 0 --reward-mode objective --objectives tardiness_sq --lambda-late 1.0 --lambda-energy 1.0 --power-model linear --difficulty on_rho095 --timesteps 100000 --save-tag tune_on_rho095_o0pnm_t5 --n-envs 4 --vec-backend subproc --seed 0 --algo ppo --markov-obs --work-conserving --policy-arch pointer --learning-rate 0.000226224 --rollout-size 16384 --batch-size 256 --n-epochs 5 --gamma 0.999 --gae-lambda 0.95 --clip-range 0.1 --ent-coef 0.00317768"}}
{"op_code":7,"worker_id":"6689c3af-94c9-41ed-8686-52bdda4071d7-16000","trial_id":5,"step":25000,"intermediate_value":96241.0}
{"op_code":7,"worker_id":"6689c3af-94c9-41ed-8686-52bdda4071d7-16000","trial_id":5,"step":50000,"intermediate_value":236184.6}
{"op_code":7,"worker_id":"6689c3af-94c9-41ed-8686-52bdda4071d7-16000","trial_id":5,"step":75000,"intermediate_value":209604.0}
{"op_code":6,"worker_id":"6689c3af-94c9-41ed-8686-52bdda4071d7-16000","trial_id":5,"state":1,"values":[408134.55],"datetime_complete":"2026-10-06T06:19:33.722859"}
{"op_code":4,"worker_id":"6689c3af-94c9-41ed-8686-52bdda4071d7-16000","study_id":0,"datetime_start":"2026-10-06T06:19:34.120449"}
{"op_code":5,"worker_id":"6689c3af-94c9-41ed-8686-52bdda4071d7-16000","trial_id":6,"param_name":"learning-rate","param_value_internal":3.208855558609467e-05,"distribution":"{\"name\": \"FloatDistribution\", \"attributes\": {\"step\": null, \"low\": 3e-05, \"high\": 0.001, \"log\": true}}"}
{"op_code":5,"worker_id":"6689c3af-94c9-41ed-8686-52bdda4071d7-16000","trial_id":6,"param_name":"rollout-size","param_value_internal":1,"distribution":"{\"name\": \"CategoricalDistribution\", \"attributes\": {\"choices\": [2048, 4096, 8192, 16384]}}"}
{"op_code":5,"worker_id":"6689c3af-94c9-41ed-8686-52bdda4071d7-16000","trial_id":6,"param_name":"batch-size","param_value_internal":0,"distribution":"{\"name\": \"CategoricalDistribution\", \"attributes\": {\"choices\": [64, 256, 1024]}}"}
{"op_code":5,"worker_id":"6689c3af-94c9-41ed-8686-52bdda4071d7-16000","trial_id":6,"param_name":"n-epochs","param_value_internal":1,"distribution":"{\"name\": \"CategoricalDistribution\", \"attributes\": {\"choices\": [3, 5, 10]}}"}
{"op_code":5,"worker_id":"6689c3af-94c9-41ed-8686-52bdda4071d7-16000","trial_id":6,"param_name":"gamma","param_value_internal":0,"distribution":"{\"name\": \"CategoricalDistribution\", \"attributes\": {\"choices\": [0.99, 0.995, 0.999]}}"}
{"op_code":5,"worker_id":"6689c3af-94c9-41ed-8686-52bdda4071d7-16000","trial_id":6,"param_name":"gae-lambda","param_value_internal":0,"distribution":"{\"name\": \"CategoricalDistribution\", \"attributes\": {\"choices\": [0.9, 0.95, 0.98]}}"}
{"op_code":5,"worker_id":"6689c3af-94c9-41ed-8686-52bdda4071d7-16000","trial_id":6,"param_name":"clip-range","param_value_internal":0,"distribution":"{\"name\": \"CategoricalDistribution\", \"attributes\": {\"choices\": [0.1, 0.2, 0.3]}}"}
{"op_code":5,"worker_id":"6689c3af-94c9-41ed-8686-52bdda4071d7-16000","trial_id":6,"param_name":"ent-coef","param_value_internal":0.00017712267105509928,"distribution":"{\"name\": \"FloatDistribution\", \"attributes\": {\"step\": null, \"low\": 0.0001, \"high\": 0.03, \"log\": true}}"}
{"op_code":8,"worker_id":"6689c3af-94c9-41ed-8686-52bdda4071d7-16000","trial_id":6,"user_attr":{"train_argv":"--option 0 --reward-mode objective --objectives tardiness_sq --lambda-late 1.0 --lambda-energy 1.0 --power-model linear --difficulty on_rho095 --timesteps 100000 --save-tag tune_on_rho095_o0pnm_t6 --n-envs 4 --vec-backend subproc --seed 0 --algo ppo --markov-obs --work-conserving --policy-arch pointer --learning-rate 3.20886e-05 --rollout-size 4096 --batch-size 64 --n-epochs 5 --gamma 0.99 --gae-lambda 0.9 --clip-range 0.1 --ent-coef 0.000177123"}}
{"op_code":7,"worker_id":"6689c3af-94c9-41ed-8686-52bdda4071d7-16000","trial_id":6,"step":25000,"intermediate_value":336303.0}
{"op_code":6,"worker_id":"6689c3af-94c9-41ed-8686-52bdda4071d7-16000","trial_id":6,"state":2,"values":[336303.0],"datetime_complete":"2026-10-06T06:30:30.157289"}
{"op_code":4,"worker_id":"6689c3af-94c9-41ed-8686-52bdda4071d7-16000","study_id":0,"datetime_start":"2026-10-06T06:30:30.399119"}
{"op_code":5,"worker_id":"6689c3af-94c9-41ed-8686-52bdda4071d7-16000","trial_id":7,"param_name":"learning-rate","param_value_internal":0.0007540181221018431,"distribution":"{\"name\": \"FloatDistribution\", \"attributes\": {\"step\": null, \"low\": 3e-05, \"high\": 0.001, \"log\": true}}"}
{"op_code":5,"worker_id":"6689c3af-94c9-41ed-8686-52bdda4071d7-16000","trial_id":7,"param_name":"rollout-size","param_value_internal":1,"distribution":"{\"name\": \"CategoricalDistribution\", \"attributes\": {\"choices\": [2048, 4096, 8192, 16384]}}"}
{"op_code":5,"worker_id":"6689c3af-94c9-41ed-8686-52bdda4071d7-16000","trial_id":7,"param_name":"batch-size","param_value_internal":1,"distribution":"{\"name\": \"CategoricalDistribution\", \"attributes\": {\"choices\": [64, 256, 1024]}}"}
{"op_code":5,"worker_id":"6689c3af-94c9-41ed-8686-52bdda4071d7-16000","trial_id":7,"param_name":"n-epochs","param_value_internal":0,"distribution":"{\"name\": \"CategoricalDistribution\", \"attributes\": {\"choices\": [3, 5, 10]}}"}
{"op_code":5,"worker_id":"6689c3af-94c9-41ed-8686-52bdda4071d7-16000","trial_id":7,"param_name":"gamma","param_value_internal":2,"distribution":"{\"name\": \"CategoricalDistribution\", \"attributes\": {\"choices\": [0.99, 0.995, 0.999]}}"}
{"op_code":5,"worker_id":"6689c3af-94c9-41ed-8686-52bdda4071d7-16000","trial_id":7,"param_name":"gae-lambda","param_value_internal":2,"distribution":"{\"name\": \"CategoricalDistribution\", \"attributes\": {\"choices\": [0.9, 0.95, 0.98]}}"}
{"op_code":5,"worker_id":"6689c3af-94c9-41ed-8686-52bdda4071d7-16000","trial_id":7,"param_name":"clip-range","param_value_internal":0,"distribution":"{\"name\": \"CategoricalDistribution\", \"attributes\": {\"choices\": [0.1, 0.2, 0.3]}}"}
{"op_code":5,"worker_id":"6689c3af-94c9-41ed-8686-52bdda4071d7-16000","trial_id":7,"param_name":"ent-coef","param_value_internal":0.000779308323413374,"distribution":"{\"name\": \"FloatDistribution\", \"attributes\": {\"step\": null, \"low\": 0.0001, \"high\": 0.03, \"log\": true}}"}
{"op_code":8,"worker_id":"6689c3af-94c9-41ed-8686-52bdda4071d7-16000","trial_id":7,"user_attr":{"train_argv":"--option 0 --reward-mode objective --objectives tardiness_sq --lambda-late 1.0 --lambda-energy 1.0 --power-model linear --difficulty on_rho095 --timesteps 100000 --save-tag tune_on_rho095_o0pnm_t7 --n-envs 4 --vec-backend subproc --seed 0 --algo ppo --markov-obs --work-conserving --policy-arch pointer --learning-rate 0.000754018 --rollout-size 4096 --batch-size 256 --n-epochs 3 --gamma 0.999 --gae-lambda 0.98 --clip-range 0.1 --ent-coef 0.000779308"}}
{"op_code":7,"worker_id":"6689c3af-94c9-41ed-8686-52bdda4071d7-16000","trial_id":7,"step":25000,"intermediate_value":523187.4}
{"op_code":6,"worker_id":"6689c3af-94c9-41ed-8686-52bdda4071d7-16000","trial_id":7,"state":2,"values":[523187.4],"datetime_complete":"2026-10-06T06:38:21.037506"}
{"op_code":4,"worker_id":"6689c3af-94c9-41ed-8686-52bdda4071d7-16000","study_id":0,"datetime_start":"2026-10-06T06:38:21.347473"}
{"op_code":5,"worker_id":"6689c3af-94c9-41ed-8686-52bdda4071d7-16000","trial_id":8,"param_name":"learning-rate","param_value_internal":0.0003879791314675207,"distribution":"{\"name\": \"FloatDistribution\", \"attributes\": {\"step\": null, \"low\": 3e-05, \"high\": 0.001, \"log\": true}}"}
{"op_code":5,"worker_id":"6689c3af-94c9-41ed-8686-52bdda4071d7-16000","trial_id":8,"param_name":"rollout-size","param_value_internal":1,"distribution":"{\"name\": \"CategoricalDistribution\", \"attributes\": {\"choices\": [2048, 4096, 8192, 16384]}}"}
{"op_code":5,"worker_id":"6689c3af-94c9-41ed-8686-52bdda4071d7-16000","trial_id":8,"param_name":"batch-size","param_value_internal":1,"distribution":"{\"name\": \"CategoricalDistribution\", \"attributes\": {\"choices\": [64, 256, 1024]}}"}
{"op_code":5,"worker_id":"6689c3af-94c9-41ed-8686-52bdda4071d7-16000","trial_id":8,"param_name":"n-epochs","param_value_internal":1,"distribution":"{\"name\": \"CategoricalDistribution\", \"attributes\": {\"choices\": [3, 5, 10]}}"}
{"op_code":5,"worker_id":"6689c3af-94c9-41ed-8686-52bdda4071d7-16000","trial_id":8,"param_name":"gamma","param_value_internal":2,"distribution":"{\"name\": \"CategoricalDistribution\", \"attributes\": {\"choices\": [0.99, 0.995, 0.999]}}"}
{"op_code":5,"worker_id":"6689c3af-94c9-41ed-8686-52bdda4071d7-16000","trial_id":8,"param_name":"gae-lambda","param_value_internal":2,"distribution":"{\"name\": \"CategoricalDistribution\", \"attributes\": {\"choices\": [0.9, 0.95, 0.98]}}"}
{"op_code":5,"worker_id":"6689c3af-94c9-41ed-8686-52bdda4071d7-16000","trial_id":8,"param_name":"clip-range","param_value_internal":0,"distribution":"{\"name\": \"CategoricalDistribution\", \"attributes\": {\"choices\": [0.1, 0.2, 0.3]}}"}
{"op_code":5,"worker_id":"6689c3af-94c9-41ed-8686-52bdda4071d7-16000","trial_id":8,"param_name":"ent-coef","param_value_internal":0.006435774191713849,"distribution":"{\"name\": \"FloatDistribution\", \"attributes\": {\"step\": null, \"low\": 0.0001, \"high\": 0.03, \"log\": true}}"}
{"op_code":8,"worker_id":"6689c3af-94c9-41ed-8686-52bdda4071d7-16000","trial_id":8,"user_attr":{"train_argv":"--option 0 --reward-mode objective --objectives tardiness_sq --lambda-late 1.0 --lambda-energy 1.0 --power-model linear --difficulty on_rho095 --timesteps 100000 --save-tag tune_on_rho095_o0pnm_t8 --n-envs 4 --vec-backend subproc --seed 0 --algo ppo --markov-obs --work-conserving --policy-arch pointer --learning-rate 0.000387979 --rollout-size 4096 --batch-size 256 --n-epochs 5 --gamma 0.999 --gae-lambda 0.98 --clip-range 0.1 --ent-coef 0.00643577"}}
{"op_code":7,"worker_id":"6689c3af-94c9-41ed-8686-52bdda4071d7-16000","trial_id":8,"step":25000,"intermediate_value":336451.4}
{"op_code":6,"worker_id":"6689c3af-94c9-41ed-8686-52bdda4071d7-16000","trial_id":8,"state":2,"values":[336451.4],"datetime_complete":"2026-10-06T06:51:05.673541"}
{"op_code":4,"worker_id":"6689c3af-94c9-41ed-8686-52bdda4071d7-16000","study_id":0,"datetime_start":"2026-10-06T06:51:05.987525"}
{"op_code":5,"worker_id":"6689c3af-94c9-41ed-8686-52bdda4071d7-16000","trial_id":9,"param_name":"learning-rate","param_value_internal":8.95726984805228e-05,"distribution":"{\"name\": \"FloatDistribution\", \"attributes\": {\"step\": null, \"low\": 3e-05, \"high\": 0.001, \"log\": true}}"}
{"op_code":5,"worker_id":"6689c3af-94c9-41ed-8686-52bdda4071d7-16000","trial_id":9,"param_name":"rollout-size","param_value_internal":3,"distribution":"{\"name\": \"CategoricalDistribution\", \"attributes\": {\"choices\": [2048, 4096, 8192, 16384]}}"}
{"op_code":5,"worker_id":"6689c3af-94c9-41ed-8686-52bdda4071d7-16000","trial_id":9,"param_name":"batch-size","param_value_internal":0,"distribution":"{\"name\": \"CategoricalDistribution\", \"attributes\": {\"choices\": [64, 256, 1024]}}"}
{"op_code":5,"worker_id":"6689c3af-94c9-41ed-8686-52bdda4071d7-16000","trial_id":9,"param_name":"n-epochs","param_value_internal":2,"distribution":"{\"name\": \"CategoricalDistribution\", \"attributes\": {\"choices\": [3, 5, 10]}}"}
{"op_code":5,"worker_id":"6689c3af-94c9-41ed-8686-52bdda4071d7-16000","trial_id":9,"param_name":"gamma","param_value_internal":1,"distribution":"{\"name\": \"CategoricalDistribution\", \"attributes\": {\"choices\": [0.99, 0.995, 0.999]}}"}
{"op_code":5,"worker_id":"6689c3af-94c9-41ed-8686-52bdda4071d7-16000","trial_id":9,"param_name":"gae-lambda","param_value_internal":0,"distribution":"{\"name\": \"CategoricalDistribution\", \"attributes\": {\"choices\": [0.9, 0.95, 0.98]}}"}
{"op_code":5,"worker_id":"6689c3af-94c9-41ed-8686-52bdda4071d7-16000","trial_id":9,"param_name":"clip-range","param_value_internal":0,"distribution":"{\"name\": \"CategoricalDistribution\", \"attributes\": {\"choices\": [0.1, 0.2, 0.3]}}"}
{"op_code":5,"worker_id":"6689c3af-94c9-41ed-8686-52bdda4071d7-16000","trial_id":9,"param_name":"ent-coef","param_value_internal":0.016640390684891242,"distribution":"{\"name\": \"FloatDistribution\", \"attributes\": {\"step\": null, \"low\": 0.0001, \"high\": 0.03, \"log\": true}}"}
{"op_code":8,"worker_id":"6689c3af-94c9-41ed-8686-52bdda4071d7-16000","trial_id":9,"user_attr":{"train_argv":"--option 0 --reward-mode objective --objectives tardiness_sq --lambda-late 1.0 --lambda-energy 1.0 --power-model linear --difficulty on_rho095 --timesteps 100000 --save-tag tune_on_rho095_o0pnm_t9 --n-envs 4 --vec-backend subproc --seed 0 --algo ppo --markov-obs --work-conserving --policy-arch pointer --learning-rate 8.95727e-05 --rollout-size 16384 --batch-size 64 --n-epochs 10 --gamma 0.995 --gae-lambda 0.9 --clip-range 0.1 --ent-coef 0.0166404"}}
{"op_code":7,"worker_id":"6689c3af-94c9-41ed-8686-52bdda4071d7-16000","trial_id":9,"step":25000,"intermediate_value":412483.8}
{"op_code":6,"worker_id":"6689c3af-94c9-41ed-8686-52bdda4071d7-16000","trial_id":9,"state":2,"values":[412483.8],"datetime_complete":"2026-10-06T07:05:03.746932"}
{"op_code":4,"worker_id":"6689c3af-94c9-41ed-8686-52bdda4071d7-16000","study_id":0,"datetime_start":"2026-10-06T07:05:03.992670"}
{"op_code":5,"worker_id":"6689c3af-94c9-41ed-8686-52bdda4071d7-16000","trial_id":10,"param_name":"learning-rate","param_value_internal":0.00011842413714973782,"distribution":"{\"name\": \"FloatDistribution\", \"attributes\": {\"step\": null, \"low\": 3e-05, \"high\": 0.001, \"log\": true}}"}
{"op_code":5,"worker_id":"6689c3af-94c9-41ed-8686-52bdda4071d7-16000","trial_id":10,"param_name":"rollout-size","param_value_internal":0,"distribution":"{\"name\": \"CategoricalDistribution\", \"attributes\": {\"choices\": [2048, 4096, 8192, 16384]}}"}
{"op_code":5,"worker_id":"6689c3af-94c9-41ed-8686-52bdda4071d7-16000","trial_id":10,"param_name":"batch-size","param_value_internal":2,"distribution":"{\"name\": \"CategoricalDistribution\", \"attributes\": {\"choices\": [64, 256, 1024]}}"}
{"op_code":5,"worker_id":"6689c3af-94c9-41ed-8686-52bdda4071d7-16000","trial_id":10,"param_name":"n-epochs","param_value_internal":0,"distribution":"{\"name\": \"CategoricalDistribution\", \"attributes\": {\"choices\": [3, 5, 10]}}"}
{"op_code":5,"worker_id":"6689c3af-94c9-41ed-8686-52bdda4071d7-16000","trial_id":10,"param_name":"gamma","param_value_internal":2,"distribution":"{\"name\": \"CategoricalDistribution\", \"attributes\": {\"choices\": [0.99, 0.995, 0.999]}}"}
{"op_code":5,"worker_id":"6689c3af-94c9-41ed-8686-52bdda4071d7-16000","trial_id":10,"param_name":"gae-lambda","param_value_internal":1,"distribution":"{\"name\": \"CategoricalDistribution\", \"attributes\": {\"choices\": [0.9, 0.95, 0.98]}}"}
{"op_code":5,"worker_id":"6689c3af-94c9-41ed-8686-52bdda4071d7-16000","trial_id":10,"param_name":"clip-range","param_value_internal":2,"distribution":"{\"name\": \"CategoricalDistribution\", \"attributes\": {\"choices\": [0.1, 0.2, 0.3]}}"}
{"op_code":5,"worker_id":"6689c3af-94c9-41ed-8686-52bdda4071d7-16000","trial_id":10,"param_name":"ent-coef","param_value_internal":0.023699788579966005,"distribution":"{\"name\": \"FloatDistribution\", \"attributes\": {\"step\": null, \"low\": 0.0001, \"high\": 0.03, \"log\": true}}"}
{"op_code":8,"worker_id":"6689c3af-94c9-41ed-8686-52bdda4071d7-16000","trial_id":10,"user_attr":{"train_argv":"--option 0 --reward-mode objective --objectives tardiness_sq --lambda-late 1.0 --lambda-energy 1.0 --power-model linear --difficulty on_rho095 --timesteps 100000 --save-tag tune_on_rho095_o0pnm_t10 --n-envs 4 --vec-backend subproc --seed 0 --algo ppo --markov-obs --work-conserving --policy-arch pointer --learning-rate 0.000118424 --rollout-size 2048 --batch-size 1024 --n-epochs 3 --gamma 0.999 --gae-lambda 0.95 --clip-range 0.3 --ent-coef 0.0236998"}}
{"op_code":7,"worker_id":"6689c3af-94c9-41ed-8686-52bdda4071d7-16000","trial_id":10,"step":25000,"intermediate_value":451532.4}
{"op_code":6,"worker_id":"6689c3af-94c9-41ed-8686-52bdda4071d7-16000","trial_id":10,"state":2,"values":[451532.4],"datetime_complete":"2026-10-06T07:11:29.222428"}
{"op_code":4,"worker_id":"6689c3af-94c9-41ed-8686-52bdda4071d7-16000","study_id":0,"datetime_start":"2026-10-06T07:11:29.420119"}
{"op_code":5,"worker_id":"6689c3af-94c9-41ed-8686-52bdda4071d7-16000","trial_id":11,"param_name":"learning-rate","param_value_internal":0.000254809631353041,"distribution":"{\"name\": \"FloatDistribution\", \"attributes\": {\"step\": null, \"low\": 3e-05, \"high\": 0.001, \"log\": true}}"}
{"op_code":5,"worker_id":"6689c3af-94c9-41ed-8686-52bdda4071d7-16000","trial_id":11,"param_name":"rollout-size","param_value_internal":0,"distribution":"{\"name\": \"CategoricalDistribution\", \"attributes\": {\"choices\": [2048, 4096, 8192, 16384]}}"}
{"op_code":5,"worker_id":"6689c3af-94c9-41ed-8686-52bdda4071d7-16000","trial_id":11,"param_name":"batch-size","param_value_internal":2,"distribution":"{\"name\": \"CategoricalDistribution\", \"attributes\": {\"choices\": [64, 256, 1024]}}"}
{"op_code":5,"worker_id":"6689c3af-94c9-41ed-8686-52bdda4071d7-16000","trial_id":11,"param_name":"n-epochs","param_value_internal":0,"distribution":"{\"name\": \"CategoricalDistribution\", \"attributes\": {\"choices\": [3, 5, 10]}}"}
{"op_code":5,"worker_id":"6689c3af-94c9-41ed-8686-52bdda4071d7-16000","trial_id":11,"param_name":"gamma","param_value_internal":1,"distribution":"{\"name\": \"CategoricalDistribution\", \"attributes\": {\"choices\": [0.99, 0.995, 0.999]}}"}
{"op_code":5,"worker_id":"6689c3af-94c9-41ed-8686-52bdda4071d7-16000","trial_id":11,"param_name":"gae-lambda","param_value_internal":1,"distribution":"{\"name\": \"CategoricalDistribution\", \"attributes\": {\"choices\": [0.9, 0.95, 0.98]}}"}
{"op_code":5,"worker_id":"6689c3af-94c9-41ed-8686-52bdda4071d7-16000","trial_id":11,"param_name":"clip-range","param_value_internal":2,"distribution":"{\"name\": \"CategoricalDistribution\", \"attributes\": {\"choices\": [0.1, 0.2, 0.3]}}"}
{"op_code":5,"worker_id":"6689c3af-94c9-41ed-8686-52bdda4071d7-16000","trial_id":11,"param_name":"ent-coef","param_value_internal":0.029415834162172135,"distribution":"{\"name\": \"FloatDistribution\", \"attributes\": {\"step\": null, \"low\": 0.0001, \"high\": 0.03, \"log\": true}}"}
{"op_code":8,"worker_id":"6689c3af-94c9-41ed-8686-52bdda4071d7-16000","trial_id":11,"user_attr":{"train_argv":"--option 0 --reward-mode objective --objectives tardiness_sq --lambda-late 1.0 --lambda-energy 1.0 --power-model linear --difficulty on_rho095 --timesteps 100000 --save-tag tune_on_rho095_o0pnm_t11 --n-envs 4 --vec-backend subproc --seed 0 --algo ppo --markov-obs --work-conserving --policy-arch pointer --learning-rate 0.00025481 --rollout-size 2048 --batch-size 1024 --n-epochs 3 --gamma 0.995 --gae-lambda 0.95 --clip-range 0.3 --ent-coef 0.0294158"}}
{"op_code":7,"worker_id":"6689c3af-94c9-41ed-8686-52bdda4071d7-16000","trial_id":11,"step":25000,"intermediate_value":345468.8}
{"op_code":6,"worker_id":"6689c3af-94c9-41ed-8686-52bdda4071d7-16000","trial_id":11,"state":2,"values":[345468.8],"datetime_complete":"2026-10-06T07:17:28.417354"}
{"op_code":4,"worker_id":"6689c3af-94c9-41ed-8686-52bdda4071d7-16000","study_id":0,"datetime_start":"2026-10-06T07:17:28.618276"}
{"op_code":5,"worker_id":"6689c3af-94c9-41ed-8686-52bdda4071d7-16000","trial_id":12,"param_name":"learning-rate","param_value_internal":0.0001271598989762134,"distribution":"{\"name\": \"FloatDistribution\", \"attributes\": {\"step\": null, \"low\": 3e-05, \"high\": 0.001, \"log\": true}}"}
{"op_code":5,"worker_id":"6689c3af-94c9-41ed-8686-52bdda4071d7-16000","trial_id":12,"param_name":"rollout-size","param_value_internal":2,"distribution":"{\"name\": \"CategoricalDistribution\", \"attributes\": {\"choices\": [2048, 4096, 8192, 16384]}}"}
{"op_code":5,"worker_id":"6689c3af-94c9-41ed-8686-52bdda4071d7-16000","trial_id":12,"param_name":"batch-size","param_value_internal":2,"distribution":"{\"name\": \"CategoricalDistribution\", \"attributes\": {\"choices\": [64, 256, 1024]}}"}
{"op_code":5,"worker_id":"6689c3af-94c9-41ed-8686-52bdda4071d7-16000","trial_id":12,"param_name":"n-epochs","param_value_internal":2,"distribution":"{\"name\": \"CategoricalDistribution\", \"attributes\": {\"choices\": [3, 5, 10]}}"}
{"op_code":5,"worker_id":"6689c3af-94c9-41ed-8686-52bdda4071d7-16000","trial_id":12,"param_name":"gamma","param_value_internal":2,"distribution":"{\"name\": \"CategoricalDistribution\", \"attributes\": {\"choices\": [0.99, 0.995, 0.999]}}"}
{"op_code":5,"worker_id":"6689c3af-94c9-41ed-8686-52bdda4071d7-16000","trial_id":12,"param_name":"gae-lambda","param_value_internal":0,"distribution":"{\"name\": \"CategoricalDistribution\", \"attributes\": {\"choices\": [0.9, 0.95, 0.98]}}"}
{"op_code":5,"worker_id":"6689c3af-94c9-41ed-8686-52bdda4071d7-16000","trial_id":12,"param_name":"clip-range","param_value_internal":1,"distribution":"{\"name\": \"CategoricalDistribution\", \"attributes\": {\"choices\": [0.1, 0.2, 0.3]}}"}
{"op_code":5,"worker_id":"6689c3af-94c9-41ed-8686-52bdda4071d7-16000","trial_id":12,"param_name":"ent-coef","param_value_internal":0.008472817297878465,"distribution":"{\"name\": \"FloatDistribution\", \"attributes\": {\"step\": null, \"low\": 0.0001, \"high\": 0.03, \"log\": true}}"}
{"op_code":8,"worker_id":"6689c3af-94c9-41ed-8686-52bdda4071d7-16000","trial_id":12,"user_attr":{"train_argv":"--option 0 --reward-mode objective --objectives tardiness_sq --lambda-late 1.0 --lambda-energy 1.0 --power-model linear --difficulty on_rho095 --timesteps 100000 --save-tag tune_on_rho095_o0pnm_t12 --n-envs 4 --vec-backend subproc --seed 0 --algo ppo --markov-obs --work-conserving --policy-arch pointer --learning-rate 0.00012716 --rollout-size 8192 --batch-size 1024 --n-epochs 10 --gamma 0.999 --gae-lambda 0.9 --clip-range 0.2 --ent-coef 0.00847282"}}
{"op_code":0,"worker_id":"cbd15300-7024-4130-b1a2-9dceed5aa8be-32928","study_name":"on_rho095_o0pnm","directions":[1]}
{"op_code":7,"worker_id":"6689c3af-94c9-41ed-8686-52bdda4071d7-16000","trial_id":12,"step":25000,"intermediate_value":259581.6}
{"op_code":7,"worker_id":"6689c3af-94c9-41ed-8686-52bdda4071d7-16000","trial_id":12,"step":50000,"intermediate_value":234233.4}
{"op_code":7,"worker_id":"6689c3af-94c9-41ed-8686-52bdda4071d7-16000","trial_id":12,"step":75000,"intermediate_value":265885.0}
{"op_code":6,"worker_id":"6689c3af-94c9-41ed-8686-52bdda4071d7-16000","trial_id":12,"state":1,"values":[295160.8],"datetime_complete":"2026-10-06T08:38:44.273607"}
{"op_code":4,"worker_id":"6689c3af-94c9-41ed-8686-52bdda4071d7-16000","study_id":0,"datetime_start":"2026-10-06T08:38:44.846894"}
{"op_code":5,"worker_id":"6689c3af-94c9-41ed-8686-52bdda4071d7-16000","trial_id":13,"param_name":"learning-rate","param_value_internal":0.0008120471731010164,"distribution":"{\"name\": \"FloatDistribution\", \"attributes\": {\"step\": null, \"low\": 3e-05, \"high\": 0.001, \"log\": true}}"}
{"op_code":5,"worker_id":"6689c3af-94c9-41ed-8686-52bdda4071d7-16000","trial_id":13,"param_name":"rollout-size","param_value_internal":0,"distribution":"{\"name\": \"CategoricalDistribution\", \"attributes\": {\"choices\": [2048, 4096, 8192, 16384]}}"}
{"op_code":5,"worker_id":"6689c3af-94c9-41ed-8686-52bdda4071d7-16000","trial_id":13,"param_name":"batch-size","param_value_internal":2,"distribution":"{\"name\": \"CategoricalDistribution\", \"attributes\": {\"choices\": [64, 256, 1024]}}"}
{"op_code":5,"worker_id":"6689c3af-94c9-41ed-8686-52bdda4071d7-16000","trial_id":13,"param_name":"n-epochs","param_value_internal":0,"distribution":"{\"name\": \"CategoricalDistribution\", \"attributes\": {\"choices\": [3, 5, 10]}}"}
{"op_code":5,"worker_id":"6689c3af-94c9-41ed-8686-52bdda4071d7-16000","trial_id":13,"param_name":"gamma","param_value_internal":1,"distribution":"{\"name\": \"CategoricalDistribution\", \"attributes\": {\"choices\": [0.99, 0.995, 0.999]}}"}
{"op_code":5,"worker_id":"6689c3af-94c9-41ed-8686-52bdda4071d7-16000","trial_id":13,"param_name":"gae-lambda","param_value_internal":1,"distribution":"{\"name\": \"CategoricalDistribution\", \"attributes\": {\"choices\": [0.9, 0.95, 0.98]}}"}
{"op_code":5,"worker_id":"6689c3af-94c9-41ed-8686-52bdda4071d7-16000","trial_id":13,"param_name":"clip-range","param_value_internal":2,"distribution":"{\"name\": \"CategoricalDistribution\", \"attributes\": {\"choices\": [0.1, 0.2, 0.3]}}"}
{"op_code":5,"worker_id":"6689c3af-94c9-41ed-8686-52bdda4071d7-16000","trial_id":13,"param_name":"ent-coef","param_value_internal":0.002177851130194329,"distribution":"{\"name\": \"FloatDistribution\", \"attributes\": {\"step\": null, \"low\": 0.0001, \"high\": 0.03, \"log\": true}}"}
{"op_code":8,"worker_id":"6689c3af-94c9-41ed-8686-52bdda4071d7-16000","trial_id":13,"user_attr":{"train_argv":"--option 0 --reward-mode objective --objectives tardiness_sq --lambda-late 1.0 --lambda-energy 1.0 --power-model linear --difficulty on_rho095 --timesteps 100000 --save-tag tune_on_rho095_o0pnm_t13 --n-envs 4 --vec-backend subproc --seed 0 --algo ppo --markov-obs --work-conserving --policy-arch pointer --learning-rate 0.000812047 --rollout-size 2048 --batch-size 1024 --n-epochs 3 --gamma 0.995 --gae-lambda 0.95 --clip-range 0.3 --ent-coef 0.00217785"}}
{"op_code":7,"worker_id":"6689c3af-94c9-41ed-8686-52bdda4071d7-16000","trial_id":13,"step":25000,"intermediate_value":371262.6}
{"op_code":6,"worker_id":"6689c3af-94c9-41ed-8686-52bdda4071d7-16000","trial_id":13,"state":2,"values":[371262.6],"datetime_complete":"2026-10-06T08:46:23.986795"}
{"op_code":4,"worker_id":"6689c3af-94c9-41ed-8686-52bdda4071d7-16000","study_id":0,"datetime_start":"2026-10-06T08:46:24.216073"}
{"op_code":5,"worker_id":"6689c3af-94c9-41ed-8686-52bdda4071d7-16000","trial_id":14,"param_name":"learning-rate","param_value_internal":0.0003660407945603087,"distribution":"{\"name\": \"FloatDistribution\", \"attributes\": {\"step\": null, \"low\": 3e-05, \"high\": 0.001, \"log\": true}}"}
{"op_code":5,"worker_id":"6689c3af-94c9-41ed-8686-52bdda4071d7-16000","trial_id":14,"param_name":"rollout-size","param_value_internal":2,"distribution":"{\"name\": \"CategoricalDistribution\", \"attributes\": {\"choices\": [2048, 4096, 8192, 16384]}}"}
{"op_code":5,"worker_id":"6689c3af-94c9-41ed-8686-52bdda4071d7-16000","trial_id":14,"param_name":"batch-size","param_value_internal":2,"distribution":"{\"name\": \"CategoricalDistribution\", \"attributes\": {\"choices\": [64, 256, 1024]}}"}
{"op_code":5,"worker_id":"6689c3af-94c9-41ed-8686-52bdda4071d7-16000","trial_id":14,"param_name":"n-epochs","param_value_internal":2,"distribution":"{\"name\": \"CategoricalDistribution\", \"attributes\": {\"choices\": [3, 5, 10]}}"}
{"op_code":5,"worker_id":"6689c3af-94c9-41ed-8686-52bdda4071d7-16000","trial_id":14,"param_name":"gamma","param_value_internal":0,"distribution":"{\"name\": \"CategoricalDistribution\", \"attributes\": {\"choices\": [0.99, 0.995, 0.999]}}"}
{"op_code":5,"worker_id":"6689c3af-94c9-41ed-8686-52bdda4071d7-16000","trial_id":14,"param_name":"gae-lambda","param_value_internal":2,"distribution":"{\"name\": \"CategoricalDistribution\", \"attributes\": {\"choices\": [0.9, 0.95, 0.98]}}"}
{"op_code":5,"worker_id":"6689c3af-94c9-41ed-8686-52bdda4071d7-16000","trial_id":14,"param_name":"clip-range","param_value_internal":2,"distribution":"{\"name\": \"CategoricalDistribution\", \"attributes\": {\"choices\": [0.1, 0.2, 0.3]}}"}
{"op_code":5,"worker_id":"6689c3af-94c9-41ed-8686-52bdda4071d7-16000","trial_id":14,"param_name":"ent-coef","param_value_internal":0.011549162851211912,"distribution":"{\"name\": \"FloatDistribution\", \"attributes\": {\"step\": null, \"low\": 0.0001, \"high\": 0.03, \"log\": true}}"}
{"op_code":8,"worker_id":"6689c3af-94c9-41ed-8686-52bdda4071d7-16000","trial_id":14,"user_attr":{"train_argv":"--option 0 --reward-mode objective --objectives tardiness_sq --lambda-late 1.0 --lambda-energy 1.0 --power-model linear --difficulty on_rho095 --timesteps 100000 --save-tag tune_on_rho095_o0pnm_t14 --n-envs 4 --vec-backend subproc --seed 0 --algo ppo --markov-obs --work-conserving --policy-arch pointer --learning-rate 0.000366041 --rollout-size 8192 --batch-size 1024 --n-epochs 10 --gamma 0.99 --gae-lambda 0.98 --clip-range 0.3 --ent-coef 0.0115492"}}
{"op_code":7,"worker_id":"6689c3af-94c9-41ed-8686-52bdda4071d7-16000","trial_id":14,"step":25000,"intermediate_value":173554.4}
{"op_code":7,"worker_id":"6689c3af-94c9-41ed-8686-52bdda4071d7-16000","trial_id":14,"step":50000,"intermediate_value":252768.6}
{"op_code":7,"worker_id":"6689c3af-94c9-41ed-8686-52bdda4071d7-16000","trial_id":14,"step":75000,"intermediate_value":195569.8}
{"op_code":6,"worker_id":"6689c3af-94c9-41ed-8686-52bdda4071d7-16000","trial_id":14,"state":1,"values":[352849.95],"datetime_complete":"2026-10-06T10:24:18.636953"}
{"op_code":4,"worker_id":"6689c3af-94c9-41ed-8686-52bdda4071d7-16000","study_id":0,"datetime_start":"2026-10-06T10:24:19.137349"}
{"op_code":5,"worker_id":"6689c3af-94c9-41ed-8686-52bdda4071d7-16000","trial_id":15,"param_name":"learning-rate","param_value_internal":0.00016966549870016482,"distribution":"{\"name\": \"FloatDistribution\", \"attributes\": {\"step\": null, \"low\": 3e-05, \"high\": 0.001, \"log\": true}}"}
{"op_code":5,"worker_id":"6689c3af-94c9-41ed-8686-52bdda4071d7-16000","trial_id":15,"param_name":"rollout-size","param_value_internal":0,"distribution":"{\"name\": \"CategoricalDistribution\", \"attributes\": {\"choices\": [2048, 4096, 8192, 16384]}}"}
{"op_code":5,"worker_id":"6689c3af-94c9-41ed-8686-52bdda4071d7-16000","trial_id":15,"param_name":"batch-size","param_value_internal":2,"distribution":"{\"name\": \"CategoricalDistribution\", \"attributes\": {\"choices\": [64, 256, 1024]}}"}
{"op_code":5,"worker_id":"6689c3af-94c9-41ed-8686-52bdda4071d7-16000","trial_id":15,"param_name":"n-epochs","param_value_internal":0,"distribution":"{\"name\": \"CategoricalDistribution\", \"attributes\": {\"choices\": [3, 5, 10]}}"}
{"op_code":5,"worker_id":"6689c3af-94c9-41ed-8686-52bdda4071d7-16000","trial_id":15,"param_name":"gamma","param_value_internal":2,"distribution":"{\"name\": \"CategoricalDistribution\", \"attributes\": {\"choices\": [0.99, 0.995, 0.999]}}"}
{"op_code":5,"worker_id":"6689c3af-94c9-41ed-8686-52bdda4071d7-16000","trial_id":15,"param_name":"gae-lambda","param_value_internal":0,"distribution":"{\"name\": \"CategoricalDistribution\", \"attributes\": {\"choices\": [0.9, 0.95, 0.98]}}"}
{"op_code":5,"worker_id":"6689c3af-94c9-41ed-8686-52bdda4071d7-16000","trial_id":15,"param_name":"clip-range","param_value_internal":1,"distribution":"{\"name\": \"CategoricalDistribution\", \"attributes\": {\"choices\": [0.1, 0.2, 0.3]}}"}
{"op_code":5,"worker_id":"6689c3af-94c9-41ed-8686-52bdda4071d7-16000","trial_id":15,"param_name":"ent-coef","param_value_internal":0.002761513946261359,"distribution":"{\"name\": \"FloatDistribution\", \"attributes\": {\"step\": null, \"low\": 0.0001, \"high\": 0.03, \"log\": true}}"}
{"op_code":8,"worker_id":"6689c3af-94c9-41ed-8686-52bdda4071d7-16000","trial_id":15,"user_attr":{"train_argv":"--option 0 --reward-mode objective --objectives tardiness_sq --lambda-late 1.0 --lambda-energy 1.0 --power-model linear --difficulty on_rho095 --timesteps 100000 --save-tag tune_on_rho095_o0pnm_t15 --n-envs 4 --vec-backend subproc --seed 0 --algo ppo --markov-obs --work-conserving --policy-arch pointer --learning-rate 0.000169665 --rollout-size 2048 --batch-size 1024 --n-epochs 3 --gamma 0.999 --gae-lambda 0.9 --clip-range 0.2 --ent-coef 0.00276151"}}
{"op_code":0,"worker_id":"237a8891-ee23-49af-8e56-a8b27cc873da-34464","study_name":"on_rho095_o0pnm","directions":[1]}
{"op_code":7,"worker_id":"6689c3af-94c9-41ed-8686-52bdda4071d7-16000","trial_id":15,"step":25000,"intermediate_value":462436.6}
{"op_code":6,"worker_id":"6689c3af-94c9-41ed-8686-52bdda4071d7-16000","trial_id":15,"state":2,"values":[462436.6],"datetime_complete":"2026-10-06T10:32:22.485495"}
{"op_code":4,"worker_id":"6689c3af-94c9-41ed-8686-52bdda4071d7-16000","study_id":0,"datetime_start":"2026-10-06T10:32:22.811863"}
{"op_code":5,"worker_id":"6689c3af-94c9-41ed-8686-52bdda4071d7-16000","trial_id":16,"param_name":"learning-rate","param_value_internal":7.649653519642676e-05,"distribution":"{\"name\": \"FloatDistribution\", \"attributes\": {\"step\": null, \"low\": 3e-05, \"high\": 0.001, \"log\": true}}"}
{"op_code":5,"worker_id":"6689c3af-94c9-41ed-8686-52bdda4071d7-16000","trial_id":16,"param_name":"rollout-size","param_value_internal":2,"distribution":"{\"name\": \"CategoricalDistribution\", \"attributes\": {\"choices\": [2048, 4096, 8192, 16384]}}"}
{"op_code":5,"worker_id":"6689c3af-94c9-41ed-8686-52bdda4071d7-16000","trial_id":16,"param_name":"batch-size","param_value_internal":2,"distribution":"{\"name\": \"CategoricalDistribution\", \"attributes\": {\"choices\": [64, 256, 1024]}}"}
{"op_code":5,"worker_id":"6689c3af-94c9-41ed-8686-52bdda4071d7-16000","trial_id":16,"param_name":"n-epochs","param_value_internal":2,"distribution":"{\"name\": \"CategoricalDistribution\", \"attributes\": {\"choices\": [3, 5, 10]}}"}
{"op_code":5,"worker_id":"6689c3af-94c9-41ed-8686-52bdda4071d7-16000","trial_id":16,"param_name":"gamma","param_value_internal":1,"distribution":"{\"name\": \"CategoricalDistribution\", \"attributes\": {\"choices\": [0.99, 0.995, 0.999]}}"}
{"op_code":5,"worker_id":"6689c3af-94c9-41ed-8686-52bdda4071d7-16000","trial_id":16,"param_name":"gae-lambda","param_value_internal":1,"distribution":"{\"name\": \"CategoricalDistribution\", \"attributes\": {\"choices\": [0.9, 0.95, 0.98]}}"}
{"op_code":5,"worker_id":"6689c3af-94c9-41ed-8686-52bdda4071d7-16000","trial_id":16,"param_name":"clip-range","param_value_internal":2,"distribution":"{\"name\": \"CategoricalDistribution\", \"attributes\": {\"choices\": [0.1, 0.2, 0.3]}}"}
{"op_code":5,"worker_id":"6689c3af-94c9-41ed-8686-52bdda4071d7-16000","trial_id":16,"param_name":"ent-coef","param_value_internal":0.0134010456350869,"distribution":"{\"name\": \"FloatDistribution\", \"attributes\": {\"step\": null, \"low\": 0.0001, \"high\": 0.03, \"log\": true}}"}
{"op_code":8,"worker_id":"6689c3af-94c9-41ed-8686-52bdda4071d7-16000","trial_id":16,"user_attr":{"train_argv":"--option 0 --reward-mode objective --objectives tardiness_sq --lambda-late 1.0 --lambda-energy 1.0 --power-model linear --difficulty on_rho095 --timesteps 100000 --save-tag tune_on_rho095_o0pnm_t16 --n-envs 4 --vec-backend subproc --seed 0 --algo ppo --markov-obs --work-conserving --policy-arch pointer --learning-rate 7.64965e-05 --rollout-size 8192 --batch-size 1024 --n-epochs 10 --gamma 0.995 --gae-lambda 0.95 --clip-range 0.3 --ent-coef 0.013401"}}
{"op_code":0,"worker_id":"495514bc-4f38-4f2a-9ddc-1393effdb9c1-7220","study_name":"on_rho095_o0pnm","directions":[1]}
{"op_code":7,"worker_id":"6689c3af-94c9-41ed-8686-52bdda4071d7-16000","trial_id":16,"step":25000,"intermediate_value":288834.0}
{"op_code":6,"worker_id":"6689c3af-94c9-41ed-8686-52bdda4071d7-16000","trial_id":16,"state":2,"values":[288834.0],"datetime_complete":"2026-10-06T10:55:40.308608"}
{"op_code":4,"worker_id":"6689c3af-94c9-41ed-8686-52bdda4071d7-16000","study_id":0,"datetime_start":"2026-10-06T10:55:40.596971"}
{"op_code":5,"worker_id":"6689c3af-94c9-41ed-8686-52bdda4071d7-16000","trial_id":17,"param_name":"learning-rate","param_value_internal":0.000511459716689866,"distribution":"{\"name\": \"FloatDistribution\", \"attributes\": {\"step\": null, \"low\": 3e-05, \"high\": 0.001, \"log\": true}}"}
{"op_code":5,"worker_id":"6689c3af-94c9-41ed-8686-52bdda4071d7-16000","trial_id":17,"param_name":"rollout-size","param_value_internal":2,"distribution":"{\"name\": \"CategoricalDistribution\", \"attributes\": {\"choices\": [2048, 4096, 8192, 16384]}}"}
{"op_code":5,"worker_id":"6689c3af-94c9-41ed-8686-52bdda4071d7-16000","trial_id":17,"param_name":"batch-size","param_value_internal":2,"distribution":"{\"name\": \"CategoricalDistribution\", \"attributes\": {\"choices\": [64, 256, 1024]}}"}
{"op_code":5,"worker_id":"6689c3af-94c9-41ed-8686-52bdda4071d7-16000","trial_id":17,"param_name":"n-epochs","param_value_internal":2,"distribution":"{\"name\": \"CategoricalDistribution\", \"attributes\": {\"choices\": [3, 5, 10]}}"}
{"op_code":5,"worker_id":"6689c3af-94c9-41ed-8686-52bdda4071d7-16000","trial_id":17,"param_name":"gamma","param_value_internal":2,"distribution":"{\"name\": \"CategoricalDistribution\", \"attributes\": {\"choices\": [0.99, 0.995, 0.999]}}"}
{"op_code":5,"worker_id":"6689c3af-94c9-41ed-8686-52bdda4071d7-16000","trial_id":17,"param_name":"gae-lambda","param_value_internal":1,"distribution":"{\"name\": \"CategoricalDistribution\", \"attributes\": {\"choices\": [0.9, 0.95, 0.98]}}"}
{"op_code":5,"worker_id":"6689c3af-94c9-41ed-8686-52bdda4071d7-16000","trial_id":17,"param_name":"clip-range","param_value_internal":0,"distribution":"{\"name\": \"CategoricalDistribution\", \"attributes\": {\"choices\": [0.1, 0.2, 0.3]}}"}
{"op_code":5,"worker_id":"6689c3af-94c9-41ed-8686-52bdda4071d7-16000","trial_id":17,"param_name":"ent-coef","param_value_internal":0.0010324805301802967,"distribution":"{\"name\": \"FloatDistribution\", \"attributes\": {\"step\": null, \"low\": 0.0001, \"high\": 0.03, \"log\": true}}"}
{"op_code":8,"worker_id":"6689c3af-94c9-41ed-8686-52bdda4071d7-16000","trial_id":17,"user_attr":{"train_argv":"--option 0 --reward-mode objective --objectives tardiness_sq --lambda-late 1.0 --lambda-energy 1.0 --power-model linear --difficulty on_rho095 --timesteps 100000 --save-tag tune_on_rho095_o0pnm_t17 --n-envs 4 --vec-backend subproc --seed 0 --algo ppo --markov-obs --work-conserving --policy-arch pointer --learning-rate 0.00051146 --rollout-size 8192 --batch-size 1024 --n-epochs 10 --gamma 0.999 --gae-lambda 0.95 --clip-range 0.1 --ent-coef 0.00103248"}}
{"op_code":7,"worker_id":"6689c3af-94c9-41ed-8686-52bdda4071d7-16000","trial_id":17,"step":25000,"intermediate_value":400258.8}
{"op_code":6,"worker_id":"6689c3af-94c9-41ed-8686-52bdda4071d7-16000","trial_id":17,"state":2,"values":[400258.8],"datetime_complete":"2026-10-06T11:16:53.425045"}
{"op_code":4,"worker_id":"6689c3af-94c9-41ed-8686-52bdda4071d7-16000","study_id":0,"datetime_start":"2026-10-06T11:16:53.739596"}
{"op_code":5,"worker_id":"6689c3af-94c9-41ed-8686-52bdda4071d7-16000","trial_id":18,"param_name":"learning-rate","param_value_internal":0.0003039928364913201,"distribution":"{\"name\": \"FloatDistribution\", \"attributes\": {\"step\": null, \"low\": 3e-05, \"high\": 0.001, \"log\": true}}"}
{"op_code":5,"worker_id":"6689c3af-94c9-41ed-8686-52bdda4071d7-16000","trial_id":18,"param_name":"rollout-size","param_value_internal":0,"distribution":"{\"name\": \"CategoricalDistribution\", \"attributes\": {\"choices\": [2048, 4096, 8192, 16384]}}"}
{"op_code":5,"worker_id":"6689c3af-94c9-41ed-8686-52bdda4071d7-16000","trial_id":18,"param_name":"batch-size","param_value_internal":2,"distribution":"{\"name\": \"CategoricalDistribution\", \"attributes\": {\"choices\": [64, 256, 1024]}}"}
{"op_code":5,"worker_id":"6689c3af-94c9-41ed-8686-52bdda4071d7-16000","trial_id":18,"param_name":"n-epochs","param_value_internal":0,"distribution":"{\"name\": \"CategoricalDistribution\", \"attributes\": {\"choices\": [3, 5, 10]}}"}
{"op_code":5,"worker_id":"6689c3af-94c9-41ed-8686-52bdda4071d7-16000","trial_id":18,"param_name":"gamma","param_value_internal":1,"distribution":"{\"name\": \"CategoricalDistribution\", \"attributes\": {\"choices\": [0.99, 0.995, 0.999]}}"}
{"op_code":5,"worker_id":"6689c3af-94c9-41ed-8686-52bdda4071d7-16000","trial_id":18,"param_name":"gae-lambda","param_value_internal":0,"distribution":"{\"name\": \"CategoricalDistribution\", \"attributes\": {\"choices\": [0.9, 0.95, 0.98]}}"}
{"op_code":5,"worker_id":"6689c3af-94c9-41ed-8686-52bdda4071d7-16000","trial_id":18,"param_name":"clip-range","param_value_internal":2,"distribution":"{\"name\": \"CategoricalDistribution\", \"attributes\": {\"choices\": [0.1, 0.2, 0.3]}}"}
{"op_code":5,"worker_id":"6689c3af-94c9-41ed-8686-52bdda4071d7-16000","trial_id":18,"param_name":"ent-coef","param_value_internal":0.0045973054163589745,"distribution":"{\"name\": \"FloatDistribution\", \"attributes\": {\"step\": null, \"low\": 0.0001, \"high\": 0.03, \"log\": true}}"}
{"op_code":8,"worker_id":"6689c3af-94c9-41ed-8686-52bdda4071d7-16000","trial_id":18,"user_attr":{"train_argv":"--option 0 --reward-mode objective --objectives tardiness_sq --lambda-late 1.0 --lambda-energy 1.0 --power-model linear --difficulty on_rho095 --timesteps 100000 --save-tag tune_on_rho095_o0pnm_t18 --n-envs 4 --vec-backend subproc --seed 0 --algo ppo --markov-obs --work-conserving --policy-arch pointer --learning-rate 0.000303993 --rollout-size 2048 --batch-size 1024 --n-epochs 3 --gamma 0.995 --gae-lambda 0.9 --clip-range 0.3 --ent-coef 0.00459731"}}
{"op_code":7,"worker_id":"6689c3af-94c9-41ed-8686-52bdda4071d7-16000","trial_id":18,"step":25000,"intermediate_value":411918.8}
{"op_code":6,"worker_id":"6689c3af-94c9-41ed-8686-52bdda4071d7-16000","trial_id":18,"state":2,"values":[411918.8],"datetime_complete":"2026-10-06T11:24:24.890602"}
{"op_code":4,"worker_id":"6689c3af-94c9-41ed-8686-52bdda4071d7-16000","study_id":0,"datetime_start":"2026-10-06T11:24:25.137448"}
{"op_code":5,"worker_id":"6689c3af-94c9-41ed-8686-52bdda4071d7-16000","trial_id":19,"param_name":"learning-rate","param_value_internal":0.00016010951421631696,"distribution":"{\"name\": \"FloatDistribution\", \"attributes\": {\"step\": null, \"low\": 3e-05, \"high\": 0.001, \"log\": true}}"}
{"op_code":5,"worker_id":"6689c3af-94c9-41ed-8686-52bdda4071d7-16000","trial_id":19,"param_name":"rollout-size","param_value_internal":2,"distribution":"{\"name\": \"CategoricalDistribution\", \"attributes\": {\"choices\": [2048, 4096, 8192, 16384]}}"}
{"op_code":5,"worker_id":"6689c3af-94c9-41ed-8686-52bdda4071d7-16000","trial_id":19,"param_name":"batch-size","param_value_internal":0,"distribution":"{\"name\": \"CategoricalDistribution\", \"attributes\": {\"choices\": [64, 256, 1024]}}"}
{"op_code":5,"worker_id":"6689c3af-94c9-41ed-8686-52bdda4071d7-16000","trial_id":19,"param_name":"n-epochs","param_value_internal":2,"distribution":"{\"name\": \"CategoricalDistribution\", \"attributes\": {\"choices\": [3, 5, 10]}}"}
{"op_code":5,"worker_id":"6689c3af-94c9-41ed-8686-52bdda4071d7-16000","trial_id":19,"param_name":"gamma","param_value_internal":0,"distribution":"{\"name\": \"CategoricalDistribution\", \"attributes\": {\"choices\": [0.99, 0.995, 0.999]}}"}
{"op_code":5,"worker_id":"6689c3af-94c9-41ed-8686-52bdda4071d7-16000","trial_id":19,"param_name":"gae-lambda","param_value_internal":0,"distribution":"{\"name\": \"CategoricalDistribution\", \"attributes\": {\"choices\": [0.9, 0.95, 0.98]}}"}
{"op_code":5,"worker_id":"6689c3af-94c9-41ed-8686-52bdda4071d7-16000","trial_id":19,"param_name":"clip-range","param_value_internal":1,"distribution":"{\"name\": \"CategoricalDistribution\", \"attributes\": {\"choices\": [0.1, 0.2, 0.3]}}"}
{"op_code":5,"worker_id":"6689c3af-94c9-41ed-8686-52bdda4071d7-16000","trial_id":19,"param_name":"ent-coef","param_value_internal":0.00018927079318735196,"distribution":"{\"name\": \"FloatDistribution\", \"attributes\": {\"step\": null, \"low\": 0.0001, \"high\": 0.03, \"log\": true}}"}
{"op_code":8,"worker_id":"6689c3af-94c9-41ed-8686-52bdda4071d7-16000","trial_id":19,"user_attr":{"train_argv":"--option 0 --reward-mode objective --objectives tardiness_sq --lambda-late 1.0 --lambda-energy 1.0 --power-model linear --difficulty on_rho095 --timesteps 100000 --save-tag tune_on_rho095_o0pnm_t19 --n-envs 4 --vec-backend subproc --seed 0 --algo ppo --markov-obs --work-conserving --policy-arch pointer --learning-rate 0.00016011 --rollout-size 8192 --batch-size 64 --n-epochs 10 --gamma 0.99 --gae-lambda 0.9 --clip-range 0.2 --ent-coef 0.000189271"}}
{"op_code":7,"worker_id":"6689c3af-94c9-41ed-8686-52bdda4071d7-16000","trial_id":19,"step":25000,"intermediate_value":221216.2}
{"op_code":7,"worker_id":"6689c3af-94c9-41ed-8686-52bdda4071d7-16000","trial_id":19,"step":50000,"intermediate_value":384120.2}
{"op_code":7,"worker_id":"6689c3af-94c9-41ed-8686-52bdda4071d7-16000","trial_id":19,"step":75000,"intermediate_value":295204.6}
{"op_code":6,"worker_id":"6689c3af-94c9-41ed-8686-52bdda4071d7-16000","trial_id":19,"state":1,"values":[270923.45],"datetime_complete":"2026-10-06T13:04:31.884120"}
{"op_code":0,"worker_id":"b0214423-efc6-4f44-b304-9ecb080107ea-4620","study_name":"on_rho095_o0pnm","directions":[1]}
{"op_code":0,"worker_id":"432d58cc-81c4-422c-ab1b-ab20a2c1fd32-35804","study_name":"on_rho095_o0pnm","directions":[1]}
{"op_code":0,"worker_id":"d0c6794f-b05f-4571-8318-557fbe76a779-17656","study_name":"on_rho095_o0pnm","directions":[1]}
{"op_code":0,"worker_id":"38121843-209d-4078-b7e1-44689745e2cc-4492","study_name":"on_rho095_o0pnm","directions":[1]}
