{"op_code":0,"worker_id":"1c411e98-9a88-4d6f-bed0-a0885ca3107d-35484","study_name":"off_tf05_o1cnm_a2c","directions":[1]}
{"op_code":4,"worker_id":"1c411e98-9a88-4d6f-bed0-a0885ca3107d-35484","study_id":0,"datetime_start":"2026-10-06T02:58:27.601025"}
{"op_code":5,"worker_id":"1c411e98-9a88-4d6f-bed0-a0885ca3107d-35484","trial_id":0,"param_name":"learning-rate","param_value_internal":0.0006466422717414558,"distribution":"{\"name\": \"FloatDistribution\", \"attributes\": {\"step\": null, \"low\": 0.0001, \"high\": 0.003, \"log\": true}}"}
{"op_code":5,"worker_id":"1c411e98-9a88-4d6f-bed0-a0885ca3107d-35484","trial_id":0,"param_name":"rollout-size","param_value_internal":0,"distribution":"{\"name\": \"CategoricalDistribution\", \"attributes\": {\"choices\": [20, 80, 320]}}"}
{"op_code":5,"worker_id":"1c411e98-9a88-4d6f-bed0-a0885ca3107d-35484","trial_id":0,"param_name":"gamma","param_value_internal":1,"distribution":"{\"name\": \"CategoricalDistribution\", \"attributes\": {\"choices\": [0.99, 0.995, 0.999]}}"}
{"op_code":5,"worker_id":"1c411e98-9a88-4d6f-bed0-a0885ca3107d-35484","trial_id":0,"param_name":"gae-lambda","param_value_internal":1,"distribution":"{\"name\": \"CategoricalDistribution\", \"attributes\": {\"choices\": [0.9, 0.95, 1.0]}}"}
{"op_code":5,"worker_id":"1c411e98-9a88-4d6f-bed0-a0885ca3107d-35484","trial_id":0,"param_name":"ent-coef","param_value_internal":0.009145320282946534,"distribution":"{\"name\": \"FloatDistribution\", \"attributes\": {\"step\": null, \"low\": 0.0001, \"high\": 0.03, \"log\": true}}"}
{"op_code":8,"worker_id":"1c411e98-9a88-4d6f-bed0-a0885ca3107d-35484","trial_id":0,"user_attr":{"train_argv":"--option 1 --reward-mode objective --objectives tardiness_sq --lambda-late 1.0 --lambda-energy 1.0 --power-model linear --difficulty off_tf05 --timesteps 100000 --save-tag tune_off_tf05_o1cnm_a2c_t0 --n-envs 4 --vec-backend subproc --seed 0 --rule-placements FirstFit,Consolidate --algo a2c --markov-obs --work-conserving --learning-rate 0.000646642 --rollout-size 20 --gamma 0.995 --gae-lambda 0.95 --ent-coef 0.00914532"}}
{"op_code":7,"worker_id":"1c411e98-9a88-4d6f-bed0-a0885ca3107d-35484","trial_id":0,"step":25000,"intermediate_value":232135.2}
{"op_code":7,"worker_id":"1c411e98-9a88-4d6f-bed0-a0885ca3107d-35484","trial_id":0,"step":50000,"intermediate_value":131604.2}
{"op_code":7,"worker_id":"1c411e98-9a88-4d6f-bed0-a0885ca3107d-35484","trial_id":0,"step":75000,"intermediate_value":232135.2}
{"op_code":6,"worker_id":"1c411e98-9a88-4d6f-bed0-a0885ca3107d-35484","trial_id":0,"state":1,"values":[72159.3],"datetime_complete":"2026-10-06T02:59:43.723411"}
{"op_code":4,"worker_id":"1c411e98-9a88-4d6f-bed0-a0885ca3107d-35484","study_id":0,"datetime_start":"2026-10-06T02:59:43.992087"}
{"op_code":5,"worker_id":"1c411e98-9a88-4d6f-bed0-a0885ca3107d-35484","trial_id":1,"param_name":"learning-rate","param_value_internal":0.0006042851578845063,"distribution":"{\"name\": \"FloatDistribution\", \"attributes\": {\"step\": null, \"low\": 0.0001, \"high\": 0.003, \"log\": true}}"}
{"op_code":5,"worker_id":"1c411e98-9a88-4d6f-bed0-a0885ca3107d-35484","trial_id":1,"param_name":"rollout-size","param_value_internal":1,"distribution":"{\"name\": \"CategoricalDistribution\", \"attributes\": {\"choices\": [20, 80, 320]}}"}
{"op_code":5,"worker_id":"1c411e98-9a88-4d6f-bed0-a0885ca3107d-35484","trial_id":1,"param_name":"gamma","param_value_internal":2,"distribution":"{\"name\": \"CategoricalDistribution\", \"attributes\": {\"choices\": [0.99, 0.995, 0.999]}}"}
{"op_code":5,"worker_id":"1c411e98-9a88-4d6f-bed0-a0885ca3107d-35484","trial_id":1,"param_name":"gae-lambda","param_value_internal":2,"distribution":"{\"name\": \"CategoricalDistribution\", \"attributes\": {\"choices\": [0.9, 0.95, 1.0]}}"}
{"op_code":5,"worker_id":"1c411e98-9a88-4d6f-bed0-a0885ca3107d-35484","trial_id":1,"param_name":"ent-coef","param_value_internal":0.009541412354586892,"distribution":"{\"name\": \"FloatDistribution\", \"attributes\": {\"step\": null, \"low\": 0.0001, \"high\": 0.03, \"log\": true}}"}
{"op_code":8,"worker_id":"1c411e98-9a88-4d6f-bed0-a0885ca3107d-35484","trial_id":1,"user_attr":{"train_argv":"--option 1 --reward-mode objective --objectives tardiness_sq --lambda-late 1.0 --lambda-energy 1.0 --power-model linear --difficulty off_tf05 --timesteps 100000 --save-tag tune_off_tf05_o1cnm_a2c_t1 --n-envs 4 --vec-backend subproc --seed 0 --rule-placements FirstFit,Consolidate --algo a2c --markov-obs --work-conserving --learning-rate 0.000604285 --rollout-size 80 --gamma 0.999 --gae-lambda 1 --ent-coef 0.00954141"}}
{"op_code":7,"worker_id":"1c411e98-9a88-4d6f-bed0-a0885ca3107d-35484","trial_id":1,"step":25000,"intermediate_value":131604.2}
{"op_code":7,"worker_id":"1c411e98-9a88-4d6f-bed0-a0885ca3107d-35484","trial_id":1,"step":50000,"intermediate_value":36666.0}
{"op_code":7,"worker_id":"1c411e98-9a88-4d6f-bed0-a0885ca3107d-35484","trial_id":1,"step":75000,"intermediate_value":34650.0}
{"op_code":6,"worker_id":"1c411e98-9a88-4d6f-bed0-a0885ca3107d-35484","trial_id":1,"state":1,"values":[72159.3],"datetime_complete":"2026-10-06T03:00:39.122851"}
{"op_code":4,"worker_id":"1c411e98-9a88-4d6f-bed0-a0885ca3107d-35484","study_id":0,"datetime_start":"2026-10-06T03:00:39.294591"}
{"op_code":5,"worker_id":"1c411e98-9a88-4d6f-bed0-a0885ca3107d-35484","trial_id":2,"param_name":"learning-rate","param_value_internal":0.0004804641349751479,"distribution":"{\"name\": \"FloatDistribution\", \"attributes\": {\"step\": null, \"low\": 0.0001, \"high\": 0.003, \"log\": true}}"}
{"op_code":5,"worker_id":"1c411e98-9a88-4d6f-bed0-a0885ca3107d-35484","trial_id":2,"param_name":"rollout-size","param_value_internal":0,"distribution":"{\"name\": \"CategoricalDistribution\", \"attributes\": {\"choices\": [20, 80, 320]}}"}
{"op_code":5,"worker_id":"1c411e98-9a88-4d6f-bed0-a0885ca3107d-35484","trial_id":2,"param_name":"gamma","param_value_internal":1,"distribution":"{\"name\": \"CategoricalDistribution\", \"attributes\": {\"choices\": [0.99, 0.995, 0.999]}}"}
{"op_code":5,"worker_id":"1c411e98-9a88-4d6f-bed0-a0885ca3107d-35484","trial_id":2,"param_name":"gae-lambda","param_value_internal":2,"distribution":"{\"name\": \"CategoricalDistribution\", \"attributes\": {\"choices\": [0.9, 0.95, 1.0]}}"}
{"op_code":5,"worker_id":"1c411e98-9a88-4d6f-bed0-a0885ca3107d-35484","trial_id":2,"param_name":"ent-coef","param_value_internal":0.001348775545730254,"distribution":"{\"name\": \"FloatDistribution\", \"attributes\": {\"step\": null, \"low\": 0.0001, \"high\": 0.03, \"log\": true}}"}
{"op_code":8,"worker_id":"1c411e98-9a88-4d6f-bed0-a0885ca3107d-35484","trial_id":2,"user_attr":{"train_argv":"--option 1 --reward-mode objective --objectives tardiness_sq --lambda-late 1.0 --lambda-energy 1.0 --power-model linear --difficulty off_tf05 --timesteps 100000 --save-tag tune_off_tf05_o1cnm_a2c_t2 --n-envs 4 --vec-backend subproc --seed 0 --rule-placements FirstFit,Consolidate --algo a2c --markov-obs --work-conserving --learning-rate 0.000480464 --rollout-size 20 --gamma 0.995 --gae-lambda 1 --ent-coef 0.00134878"}}
{"op_code":7,"worker_id":"1c411e98-9a88-4d6f-bed0-a0885ca3107d-35484","trial_id":2,"step":25000,"intermediate_value":232135.2}
{"op_code":7,"worker_id":"1c411e98-9a88-4d6f-bed0-a0885ca3107d-35484","trial_id":2,"step":50000,"intermediate_value":131604.2}
{"op_code":7,"worker_id":"1c411e98-9a88-4d6f-bed0-a0885ca3107d-35484","trial_id":2,"step":75000,"intermediate_value":131604.2}
{"op_code":6,"worker_id":"1c411e98-9a88-4d6f-bed0-a0885ca3107d-35484","trial_id":2,"state":1,"values":[135460.55],"datetime_complete":"2026-10-06T03:01:52.860207"}
{"op_code":4,"worker_id":"1c411e98-9a88-4d6f-bed0-a0885ca3107d-35484","study_id":0,"datetime_start":"2026-10-06T03:01:53.088397"}
{"op_code":5,"worker_id":"1c411e98-9a88-4d6f-bed0-a0885ca3107d-35484","trial_id":3,"param_name":"learning-rate","param_value_internal":0.0006912670683424538,"distribution":"{\"name\": \"FloatDistribution\", \"attributes\": {\"step\": null, \"low\": 0.0001, \"high\": 0.003, \"log\": true}}"}
{"op_code":5,"worker_id":"1c411e98-9a88-4d6f-bed0-a0885ca3107d-35484","trial_id":3,"param_name":"rollout-size","param_value_internal":1,"distribution":"{\"name\": \"CategoricalDistribution\", \"attributes\": {\"choices\": [20, 80, 320]}}"}
{"op_code":5,"worker_id":"1c411e98-9a88-4d6f-bed0-a0885ca3107d-35484","trial_id":3,"param_name":"gamma","param_value_internal":1,"distribution":"{\"name\": \"CategoricalDistribution\", \"attributes\": {\"choices\": [0.99, 0.995, 0.999]}}"}
{"op_code":5,"worker_id":"1c411e98-9a88-4d6f-bed0-a0885ca3107d-35484","trial_id":3,"param_name":"gae-lambda","param_value_internal":2,"distribution":"{\"name\": \"CategoricalDistribution\", \"attributes\": {\"choices\": [0.9, 0.95, 1.0]}}"}
{"op_code":5,"worker_id":"1c411e98-9a88-4d6f-bed0-a0885ca3107d-35484","trial_id":3,"param_name":"ent-coef","param_value_internal":0.00014098918363046996,"distribution":"{\"name\": \"FloatDistribution\", \"attributes\": {\"step\": null, \"low\": 0.0001, \"high\": 0.03, \"log\": true}}"}
{"op_code":8,"worker_id":"1c411e98-9a88-4d6f-bed0-a0885ca3107d-35484","trial_id":3,"user_attr":{"train_argv":"--option 1 --reward-mode objective --objectives tardiness_sq --lambda-late 1.0 --lambda-energy 1.0 --power-model linear --difficulty off_tf05 --timesteps 100000 --save-tag tune_off_tf05_o1cnm_a2c_t3 --n-envs 4 --vec-backend subproc --seed 0 --rule-placements FirstFit,Consolidate --algo a2c --markov-obs --work-conserving --learning-rate 0.000691267 --rollout-size 80 --gamma 0.995 --gae-lambda 1 --ent-coef 0.000140989"}}
{"op_code":7,"worker_id":"1c411e98-9a88-4d6f-bed0-a0885ca3107d-35484","trial_id":3,"step":25000,"intermediate_value":232135.2}
{"op_code":7,"worker_id":"1c411e98-9a88-4d6f-bed0-a0885ca3107d-35484","trial_id":3,"step":50000,"intermediate_value":36666.0}
{"op_code":7,"worker_id":"1c411e98-9a88-4d6f-bed0-a0885ca3107d-35484","trial_id":3,"step":75000,"intermediate_value":36666.0}
{"op_code":6,"worker_id":"1c411e98-9a88-4d6f-bed0-a0885ca3107d-35484","trial_id":3,"state":1,"values":[39433.1],"datetime_complete":"2026-10-06T03:02:53.494048"}
{"op_code":4,"worker_id":"1c411e98-9a88-4d6f-bed0-a0885ca3107d-35484","study_id":0,"datetime_start":"2026-10-06T03:02:53.728301"}
{"op_code":5,"worker_id":"1c411e98-9a88-4d6f-bed0-a0885ca3107d-35484","trial_id":4,"param_name":"learning-rate","param_value_internal":0.0009658179826892162,"distribution":"{\"name\": \"FloatDistribution\", \"attributes\": {\"step\": null, \"low\": 0.0001, \"high\": 0.003, \"log\": true}}"}
{"op_code":5,"worker_id":"1c411e98-9a88-4d6f-bed0-a0885ca3107d-35484","trial_id":4,"param_name":"rollout-size","param_value_internal":0,"distribution":"{\"name\": \"CategoricalDistribution\", \"attributes\": {\"choices\": [20, 80, 320]}}"}
{"op_code":5,"worker_id":"1c411e98-9a88-4d6f-bed0-a0885ca3107d-35484","trial_id":4,"param_name":"gamma","param_value_internal":2,"distribution":"{\"name\": \"CategoricalDistribution\", \"attributes\": {\"choices\": [0.99, 0.995, 0.999]}}"}
{"op_code":5,"worker_id":"1c411e98-9a88-4d6f-bed0-a0885ca3107d-35484","trial_id":4,"param_name":"gae-lambda","param_value_internal":1,"distribution":"{\"name\": \"CategoricalDistribution\", \"attributes\": {\"choices\": [0.9, 0.95, 1.0]}}"}
{"op_code":5,"worker_id":"1c411e98-9a88-4d6f-bed0-a0885ca3107d-35484","trial_id":4,"param_name":"ent-coef","param_value_internal":0.00032916454639831516,"distribution":"{\"name\": \"FloatDistribution\", \"attributes\": {\"step\": null, \"low\": 0.0001, \"high\": 0.03, \"log\": true}}"}
{"op_code":8,"worker_id":"1c411e98-9a88-4d6f-bed0-a0885ca3107d-35484","trial_id":4,"user_attr":{"train_argv":"--option 1 --reward-mode objective --objectives tardiness_sq --lambda-late 1.0 --lambda-energy 1.0 --power-model linear --difficulty off_tf05 --timesteps 100000 --save-tag tune_off_tf05_o1cnm_a2c_t4 --n-envs 4 --vec-backend subproc --seed 0 --rule-placements FirstFit,Consolidate --algo a2c --markov-obs --work-conserving --learning-rate 0.000965818 --rollout-size 20 --gamma 0.999 --gae-lambda 0.95 --ent-coef 0.000329165"}}
{"op_code":7,"worker_id":"1c411e98-9a88-4d6f-bed0-a0885ca3107d-35484","trial_id":4,"step":25000,"intermediate_value":232135.2}
{"op_code":7,"worker_id":"1c411e98-9a88-4d6f-bed0-a0885ca3107d-35484","trial_id":4,"step":50000,"intermediate_value":131604.2}
{"op_code":7,"worker_id":"1c411e98-9a88-4d6f-bed0-a0885ca3107d-35484","trial_id":4,"step":75000,"intermediate_value":131604.2}
{"op_code":6,"worker_id":"1c411e98-9a88-4d6f-bed0-a0885ca3107d-35484","trial_id":4,"state":1,"values":[233994.65],"datetime_complete":"2026-10-06T03:04:07.726620"}
{"op_code":4,"worker_id":"1c411e98-9a88-4d6f-bed0-a0885ca3107d-35484","study_id":0,"datetime_start":"2026-10-06T03:04:07.976892"}
{"op_code":5,"worker_id":"1c411e98-9a88-4d6f-bed0-a0885ca3107d-35484","trial_id":5,"param_name":"learning-rate","param_value_internal":0.00017309069329908935,"distribution":"{\"name\": \"FloatDistribution\", \"attributes\": {\"step\": null, \"low\": 0.0001, \"high\": 0.003, \"log\": true}}"}
{"op_code":5,"worker_id":"1c411e98-9a88-4d6f-bed0-a0885ca3107d-35484","trial_id":5,"param_name":"rollout-size","param_value_internal":0,"distribution":"{\"name\": \"CategoricalDistribution\", \"attributes\": {\"choices\": [20, 80, 320]}}"}
{"op_code":5,"worker_id":"1c411e98-9a88-4d6f-bed0-a0885ca3107d-35484","trial_id":5,"param_name":"gamma","param_value_internal":0,"distribution":"{\"name\": \"CategoricalDistribution\", \"attributes\": {\"choices\": [0.99, 0.995, 0.999]}}"}
{"op_code":5,"worker_id":"1c411e98-9a88-4d6f-bed0-a0885ca3107d-35484","trial_id":5,"param_name":"gae-lambda","param_value_internal":0,"distribution":"{\"name\": \"CategoricalDistribution\", \"attributes\": {\"choices\": [0.9, 0.95, 1.0]}}"}
{"op_code":5,"worker_id":"1c411e98-9a88-4d6f-bed0-a0885ca3107d-35484","trial_id":5,"param_name":"ent-coef","param_value_internal":0.0008191755047162099,"distribution":"{\"name\": \"FloatDistribution\", \"attributes\": {\"step\": null, \"low\": 0.0001, \"high\": 0.03, \"log\": true}}"}
{"op_code":8,"worker_id":"1c411e98-9a88-4d6f-bed0-a0885ca3107d-35484","trial_id":5,"user_attr":{"train_argv":"--option 1 --reward-mode objective --objectives tardiness_sq --lambda-late 1.0 --lambda-energy 1.0 --power-model linear --difficulty off_tf05 --timesteps 100000 --save-tag tune_off_tf05_o1cnm_a2c_t5 --n-envs 4 --vec-backend subproc --seed 0 --rule-placements FirstFit,Consolidate --algo a2c --markov-obs --work-conserving --learning-rate 0.000173091 --rollout-size 20 --gamma 0.99 --gae-lambda 0.9 --ent-coef 0.000819176"}}
{"op_code":7,"worker_id":"1c411e98-9a88-4d6f-bed0-a0885ca3107d-35484","trial_id":5,"step":25000,"intermediate_value":232135.2}
{"op_code":7,"worker_id":"1c411e98-9a88-4d6f-bed0-a0885ca3107d-35484","trial_id":5,"step":50000,"intermediate_value":232135.2}
{"op_code":6,"worker_id":"1c411e98-9a88-4d6f-bed0-a0885ca3107d-35484","trial_id":5,"state":2,"values":[232135.2],"datetime_complete":"2026-10-06T03:04:47.377721"}
{"op_code":4,"worker_id":"1c411e98-9a88-4d6f-bed0-a0885ca3107d-35484","study_id":0,"datetime_start":"2026-10-06T03:04:47.689913"}
{"op_code":5,"worker_id":"1c411e98-9a88-4d6f-bed0-a0885ca3107d-35484","trial_id":6,"param_name":"learning-rate","param_value_internal":0.0016319488770709706,"distribution":"{\"name\": \"FloatDistribution\", \"attributes\": {\"step\": null, \"low\": 0.0001, \"high\": 0.003, \"log\": true}}"}
{"op_code":5,"worker_id":"1c411e98-9a88-4d6f-bed0-a0885ca3107d-35484","trial_id":6,"param_name":"rollout-size","param_value_internal":1,"distribution":"{\"name\": \"CategoricalDistribution\", \"attributes\": {\"choices\": [20, 80, 320]}}"}
{"op_code":5,"worker_id":"1c411e98-9a88-4d6f-bed0-a0885ca3107d-35484","trial_id":6,"param_name":"gamma","param_value_internal":2,"distribution":"{\"name\": \"CategoricalDistribution\", \"attributes\": {\"choices\": [0.99, 0.995, 0.999]}}"}
{"op_code":5,"worker_id":"1c411e98-9a88-4d6f-bed0-a0885ca3107d-35484","trial_id":6,"param_name":"gae-lambda","param_value_internal":1,"distribution":"{\"name\": \"CategoricalDistribution\", \"attributes\": {\"choices\": [0.9, 0.95, 1.0]}}"}
{"op_code":5,"worker_id":"1c411e98-9a88-4d6f-bed0-a0885ca3107d-35484","trial_id":6,"param_name":"ent-coef","param_value_internal":0.000501819043124292,"distribution":"{\"name\": \"FloatDistribution\", \"attributes\": {\"step\": null, \"low\": 0.0001, \"high\": 0.03, \"log\": true}}"}
{"op_code":8,"worker_id":"1c411e98-9a88-4d6f-bed0-a0885ca3107d-35484","trial_id":6,"user_attr":{"train_argv":"--option 1 --reward-mode objective --objectives tardiness_sq --lambda-late 1.0 --lambda-energy 1.0 --power-model linear --difficulty off_tf05 --timesteps 100000 --save-tag tune_off_tf05_o1cnm_a2c_t6 --n-envs 4 --vec-backend subproc --seed 0 --rule-placements FirstFit,Consolidate --algo a2c --markov-obs --work-conserving --learning-rate 0.00163195 --rollout-size 80 --gamma 0.999 --gae-lambda 0.95 --ent-coef 0.000501819"}}
{"op_code":7,"worker_id":"1c411e98-9a88-4d6f-bed0-a0885ca3107d-35484","trial_id":6,"step":25000,"intermediate_value":34650.0}
{"op_code":7,"worker_id":"1c411e98-9a88-4d6f-bed0-a0885ca3107d-35484","trial_id":6,"step":50000,"intermediate_value":34650.0}
{"op_code":7,"worker_id":"1c411e98-9a88-4d6f-bed0-a0885ca3107d-35484","trial_id":6,"step":75000,"intermediate_value":34650.0}
{"op_code":6,"worker_id":"1c411e98-9a88-4d6f-bed0-a0885ca3107d-35484","trial_id":6,"state":1,"values":[39433.1],"datetime_complete":"2026-10-06T03:05:45.317804"}
{"op_code":4,"worker_id":"1c411e98-9a88-4d6f-bed0-a0885ca3107d-35484","study_id":0,"datetime_start":"2026-10-06T03:05:45.478638"}
{"op_code":5,"worker_id":"1c411e98-9a88-4d6f-bed0-a0885ca3107d-35484","trial_id":7,"param_name":"learning-rate","param_value_internal":0.00015050290935598963,"distribution":"{\"name\": \"FloatDistribution\", \"attributes\": {\"step\": null, \"low\": 0.0001, \"high\": 0.003, \"log\": true}}"}
{"op_code":5,"worker_id":"1c411e98-9a88-4d6f-bed0-a0885ca3107d-35484","trial_id":7,"param_name":"rollout-size","param_value_internal":2,"distribution":"{\"name\": \"CategoricalDistribution\", \"attributes\": {\"choices\": [20, 80, 320]}}"}
{"op_code":5,"worker_id":"1c411e98-9a88-4d6f-bed0-a0885ca3107d-35484","trial_id":7,"param_name":"gamma","param_value_internal":2,"distribution":"{\"name\": \"CategoricalDistribution\", \"attributes\": {\"choices\": [0.99, 0.995, 0.999]}}"}
{"op_code":5,"worker_id":"1c411e98-9a88-4d6f-bed0-a0885ca3107d-35484","trial_id":7,"param_name":"gae-lambda","param_value_internal":0,"distribution":"{\"name\": \"CategoricalDistribution\", \"attributes\": {\"choices\": [0.9, 0.95, 1.0]}}"}
{"op_code":5,"worker_id":"1c411e98-9a88-4d6f-bed0-a0885ca3107d-35484","trial_id":7,"param_name":"ent-coef","param_value_internal":0.00017088424969157387,"distribution":"{\"name\": \"FloatDistribution\", \"attributes\": {\"step\": null, \"low\": 0.0001, \"high\": 0.03, \"log\": true}}"}
{"op_code":8,"worker_id":"1c411e98-9a88-4d6f-bed0-a0885ca3107d-35484","trial_id":7,"user_attr":{"train_argv":"--option 1 --reward-mode objective --objectives tardiness_sq --lambda-late 1.0 --lambda-energy 1.0 --power-model linear --difficulty off_tf05 --timesteps 100000 --save-tag tune_off_tf05_o1cnm_a2c_t7 --n-envs 4 --vec-backend subproc --seed 0 --rule-placements FirstFit,Consolidate --algo a2c --markov-obs --work-conserving --learning-rate 0.000150503 --rollout-size 320 --gamma 0.999 --gae-lambda 0.9 --ent-coef 0.000170884"}}
{"op_code":7,"worker_id":"1c411e98-9a88-4d6f-bed0-a0885ca3107d-35484","trial_id":7,"step":25000,"intermediate_value":231638.2}
{"op_code":7,"worker_id":"1c411e98-9a88-4d6f-bed0-a0885ca3107d-35484","trial_id":7,"step":50000,"intermediate_value":209482.4}
{"op_code":6,"worker_id":"1c411e98-9a88-4d6f-bed0-a0885ca3107d-35484","trial_id":7,"state":2,"values":[209482.4],"datetime_complete":"2026-10-06T03:06:15.898213"}
{"op_code":4,"worker_id":"1c411e98-9a88-4d6f-bed0-a0885ca3107d-35484","study_id":0,"datetime_start":"2026-10-06T03:06:16.088385"}
{"op_code":5,"worker_id":"1c411e98-9a88-4d6f-bed0-a0885ca3107d-35484","trial_id":8,"param_name":"learning-rate","param_value_internal":0.0007091576793635641,"distribution":"{\"name\": \"FloatDistribution\", \"attributes\": {\"step\": null, \"low\": 0.0001, \"high\": 0.003, \"log\": true}}"}
{"op_code":5,"worker_id":"1c411e98-9a88-4d6f-bed0-a0885ca3107d-35484","trial_id":8,"param_name":"rollout-size","param_value_internal":0,"distribution":"{\"name\": \"CategoricalDistribution\", \"attributes\": {\"choices\": [20, 80, 320]}}"}
{"op_code":5,"worker_id":"1c411e98-9a88-4d6f-bed0-a0885ca3107d-35484","trial_id":8,"param_name":"gamma","param_value_internal":1,"distribution":"{\"name\": \"CategoricalDistribution\", \"attributes\": {\"choices\": [0.99, 0.995, 0.999]}}"}
{"op_code":5,"worker_id":"1c411e98-9a88-4d6f-bed0-a0885ca3107d-35484","trial_id":8,"param_name":"gae-lambda","param_value_internal":1,"distribution":"{\"name\": \"CategoricalDistribution\", \"attributes\": {\"choices\": [0.9, 0.95, 1.0]}}"}
{"op_code":5,"worker_id":"1c411e98-9a88-4d6f-bed0-a0885ca3107d-35484","trial_id":8,"param_name":"ent-coef","param_value_internal":0.011307978270179144,"distribution":"{\"name\": \"FloatDistribution\", \"attributes\": {\"step\": null, \"low\": 0.0001, \"high\": 0.03, \"log\": true}}"}
{"op_code":8,"worker_id":"1c411e98-9a88-4d6f-bed0-a0885ca3107d-35484","trial_id":8,"user_attr":{"train_argv":"--option 1 --reward-mode objective --objectives tardiness_sq --lambda-late 1.0 --lambda-energy 1.0 --power-model linear --difficulty off_tf05 --timesteps 100000 --save-tag tune_off_tf05_o1cnm_a2c_t8 --n-envs 4 --vec-backend subproc --seed 0 --rule-placements FirstFit,Consolidate --algo a2c --markov-obs --work-conserving --learning-rate 0.000709158 --rollout-size 20 --gamma 0.995 --gae-lambda 0.95 --ent-coef 0.011308"}}
{"op_code":7,"worker_id":"1c411e98-9a88-4d6f-bed0-a0885ca3107d-35484","trial_id":8,"step":25000,"intermediate_value":232135.2}
{"op_code":7,"worker_id":"1c411e98-9a88-4d6f-bed0-a0885ca3107d-35484","trial_id":8,"step":50000,"intermediate_value":131604.2}
{"op_code":6,"worker_id":"1c411e98-9a88-4d6f-bed0-a0885ca3107d-35484","trial_id":8,"state":2,"values":[131604.2],"datetime_complete":"2026-10-06T03:06:53.652589"}
{"op_code":4,"worker_id":"1c411e98-9a88-4d6f-bed0-a0885ca3107d-35484","study_id":0,"datetime_start":"2026-10-06T03:06:53.954330"}
{"op_code":5,"worker_id":"1c411e98-9a88-4d6f-bed0-a0885ca3107d-35484","trial_id":9,"param_name":"learning-rate","param_value_internal":0.00010160984472195724,"distribution":"{\"name\": \"FloatDistribution\", \"attributes\": {\"step\": null, \"low\": 0.0001, \"high\": 0.003, \"log\": true}}"}
{"op_code":5,"worker_id":"1c411e98-9a88-4d6f-bed0-a0885ca3107d-35484","trial_id":9,"param_name":"rollout-size","param_value_internal":2,"distribution":"{\"name\": \"CategoricalDistribution\", \"attributes\": {\"choices\": [20, 80, 320]}}"}
{"op_code":5,"worker_id":"1c411e98-9a88-4d6f-bed0-a0885ca3107d-35484","trial_id":9,"param_name":"gamma","param_value_internal":0,"distribution":"{\"name\": \"CategoricalDistribution\", \"attributes\": {\"choices\": [0.99, 0.995, 0.999]}}"}
{"op_code":5,"worker_id":"1c411e98-9a88-4d6f-bed0-a0885ca3107d-35484","trial_id":9,"param_name":"gae-lambda","param_value_internal":0,"distribution":"{\"name\": \"CategoricalDistribution\", \"attributes\": {\"choices\": [0.9, 0.95, 1.0]}}"}
{"op_code":5,"worker_id":"1c411e98-9a88-4d6f-bed0-a0885ca3107d-35484","trial_id":9,"param_name":"ent-coef","param_value_internal":0.02291262392205817,"distribution":"{\"name\": \"FloatDistribution\", \"attributes\": {\"step\": null, \"low\": 0.0001, \"high\": 0.03, \"log\": true}}"}
{"op_code":8,"worker_id":"1c411e98-9a88-4d6f-bed0-a0885ca3107d-35484","trial_id":9,"user_attr":{"train_argv":"--option 1 --reward-mode objective --objectives tardiness_sq --lambda-late 1.0 --lambda-energy 1.0 --power-model linear --difficulty off_tf05 --timesteps 100000 --save-tag tune_off_tf05_o1cnm_a2c_t9 --n-envs 4 --vec-backend subproc --seed 0 --rule-placements FirstFit,Consolidate --algo a2c --markov-obs --work-conserving --learning-rate 0.00010161 --rollout-size 320 --gamma 0.99 --gae-lambda 0.9 --ent-coef 0.0229126"}}
{"op_code":7,"worker_id":"1c411e98-9a88-4d6f-bed0-a0885ca3107d-35484","trial_id":9,"step":25000,"intermediate_value":189903.0}
{"op_code":7,"worker_id":"1c411e98-9a88-4d6f-bed0-a0885ca3107d-35484","trial_id":9,"step":50000,"intermediate_value":59368.4}
{"op_code":7,"worker_id":"1c411e98-9a88-4d6f-bed0-a0885ca3107d-35484","trial_id":9,"step":75000,"intermediate_value":36666.0}
{"op_code":6,"worker_id":"1c411e98-9a88-4d6f-bed0-a0885ca3107d-35484","trial_id":9,"state":1,"values":[39443.0],"datetime_complete":"2026-10-06T03:07:52.687109"}
{"op_code":4,"worker_id":"1c411e98-9a88-4d6f-bed0-a0885ca3107d-35484","study_id":0,"datetime_start":"2026-10-06T03:07:53.008810"}
{"op_code":5,"worker_id":"1c411e98-9a88-4d6f-bed0-a0885ca3107d-35484","trial_id":10,"param_name":"learning-rate","param_value_internal":0.0024518098818580836,"distribution":"{\"name\": \"FloatDistribution\", \"attributes\": {\"step\": null, \"low\": 0.0001, \"high\": 0.003, \"log\": true}}"}
{"op_code":5,"worker_id":"1c411e98-9a88-4d6f-bed0-a0885ca3107d-35484","trial_id":10,"param_name":"rollout-size","param_value_internal":1,"distribution":"{\"name\": \"CategoricalDistribution\", \"attributes\": {\"choices\": [20, 80, 320]}}"}
{"op_code":5,"worker_id":"1c411e98-9a88-4d6f-bed0-a0885ca3107d-35484","trial_id":10,"param_name":"gamma","param_value_internal":1,"distribution":"{\"name\": \"CategoricalDistribution\", \"attributes\": {\"choices\": [0.99, 0.995, 0.999]}}"}
{"op_code":5,"worker_id":"1c411e98-9a88-4d6f-bed0-a0885ca3107d-35484","trial_id":10,"param_name":"gae-lambda","param_value_internal":2,"distribution":"{\"name\": \"CategoricalDistribution\", \"attributes\": {\"choices\": [0.9, 0.95, 1.0]}}"}
{"op_code":5,"worker_id":"1c411e98-9a88-4d6f-bed0-a0885ca3107d-35484","trial_id":10,"param_name":"ent-coef","param_value_internal":0.0025412649825898824,"distribution":"{\"name\": \"FloatDistribution\", \"attributes\": {\"step\": null, \"low\": 0.0001, \"high\": 0.03, \"log\": true}}"}
{"op_code":8,"worker_id":"1c411e98-9a88-4d6f-bed0-a0885ca3107d-35484","trial_id":10,"user_attr":{"train_argv":"--option 1 --reward-mode objective --objectives tardiness_sq --lambda-late 1.0 --lambda-energy 1.0 --power-model linear --difficulty off_tf05 --timesteps 100000 --save-tag tune_off_tf05_o1cnm_a2c_t10 --n-envs 4 --vec-backend subproc --seed 0 --rule-placements FirstFit,Consolidate --algo a2c --markov-obs --work-conserving --learning-rate 0.00245181 --rollout-size 80 --gamma 0.995 --gae-lambda 1 --ent-coef 0.00254126"}}
{"op_code":7,"worker_id":"1c411e98-9a88-4d6f-bed0-a0885ca3107d-35484","trial_id":10,"step":25000,"intermediate_value":232135.2}
{"op_code":7,"worker_id":"1c411e98-9a88-4d6f-bed0-a0885ca3107d-35484","trial_id":10,"step":50000,"intermediate_value":232135.2}
{"op_code":6,"worker_id":"1c411e98-9a88-4d6f-bed0-a0885ca3107d-35484","trial_id":10,"state":2,"values":[232135.2],"datetime_complete":"2026-10-06T03:08:22.125150"}
{"op_code":4,"worker_id":"1c411e98-9a88-4d6f-bed0-a0885ca3107d-35484","study_id":0,"datetime_start":"2026-10-06T03:08:22.405841"}
{"op_code":5,"worker_id":"1c411e98-9a88-4d6f-bed0-a0885ca3107d-35484","trial_id":11,"param_name":"learning-rate","param_value_internal":0.0016222967994135443,"distribution":"{\"name\": \"FloatDistribution\", \"attributes\": {\"step\": null, \"low\": 0.0001, \"high\": 0.003, \"log\": true}}"}
{"op_code":5,"worker_id":"1c411e98-9a88-4d6f-bed0-a0885ca3107d-35484","trial_id":11,"param_name":"rollout-size","param_value_internal":1,"distribution":"{\"name\": \"CategoricalDistribution\", \"attributes\": {\"choices\": [20, 80, 320]}}"}
{"op_code":5,"worker_id":"1c411e98-9a88-4d6f-bed0-a0885ca3107d-35484","trial_id":11,"param_name":"gamma","param_value_internal":2,"distribution":"{\"name\": \"CategoricalDistribution\", \"attributes\": {\"choices\": [0.99, 0.995, 0.999]}}"}
{"op_code":5,"worker_id":"1c411e98-9a88-4d6f-bed0-a0885ca3107d-35484","trial_id":11,"param_name":"gae-lambda","param_value_internal":1,"distribution":"{\"name\": \"CategoricalDistribution\", \"attributes\": {\"choices\": [0.9, 0.95, 1.0]}}"}
{"op_code":5,"worker_id":"1c411e98-9a88-4d6f-bed0-a0885ca3107d-35484","trial_id":11,"param_name":"ent-coef","param_value_internal":0.00013581416083284015,"distribution":"{\"name\": \"FloatDistribution\", \"attributes\": {\"step\": null, \"low\": 0.0001, \"high\": 0.03, \"log\": true}}"}
{"op_code":8,"worker_id":"1c411e98-9a88-4d6f-bed0-a0885ca3107d-35484","trial_id":11,"user_attr":{"train_argv":"--option 1 --reward-mode objective --objectives tardiness_sq --lambda-late 1.0 --lambda-energy 1.0 --power-model linear --difficulty off_tf05 --timesteps 100000 --save-tag tune_off_tf05_o1cnm_a2c_t11 --n-envs 4 --vec-backend subproc --seed 0 --rule-placements FirstFit,Consolidate --algo a2c --markov-obs --work-conserving --learning-rate 0.0016223 --rollout-size 80 --gamma 0.999 --gae-lambda 0.95 --ent-coef 0.000135814"}}
{"op_code":7,"worker_id":"1c411e98-9a88-4d6f-bed0-a0885ca3107d-35484","trial_id":11,"step":25000,"intermediate_value":34650.0}
{"op_code":7,"worker_id":"1c411e98-9a88-4d6f-bed0-a0885ca3107d-35484","trial_id":11,"step":50000,"intermediate_value":34650.0}
{"op_code":7,"worker_id":"1c411e98-9a88-4d6f-bed0-a0885ca3107d-35484","trial_id":11,"step":75000,"intermediate_value":36666.0}
{"op_code":6,"worker_id":"1c411e98-9a88-4d6f-bed0-a0885ca3107d-35484","trial_id":11,"state":1,"values":[37323.85],"datetime_complete":"2026-10-06T03:09:21.701458"}
{"op_code":4,"worker_id":"1c411e98-9a88-4d6f-bed0-a0885ca3107d-35484","study_id":0,"datetime_start":"2026-10-06T03:09:21.872069"}
{"op_code":5,"worker_id":"1c411e98-9a88-4d6f-bed0-a0885ca3107d-35484","trial_id":12,"param_name":"learning-rate","param_value_internal":0.0013533216908685288,"distribution":"{\"name\": \"FloatDistribution\", \"attributes\": {\"step\": null, \"low\": 0.0001, \"high\": 0.003, \"log\": true}}"}
{"op_code":5,"worker_id":"1c411e98-9a88-4d6f-bed0-a0885ca3107d-35484","trial_id":12,"param_name":"rollout-size","param_value_internal":1,"distribution":"{\"name\": \"CategoricalDistribution\", \"attributes\": {\"choices\": [20, 80, 320]}}"}
{"op_code":5,"worker_id":"1c411e98-9a88-4d6f-bed0-a0885ca3107d-35484","trial_id":12,"param_name":"gamma","param_value_internal":2,"distribution":"{\"name\": \"CategoricalDistribution\", \"attributes\": {\"choices\": [0.99, 0.995, 0.999]}}"}
{"op_code":5,"worker_id":"1c411e98-9a88-4d6f-bed0-a0885ca3107d-35484","trial_id":12,"param_name":"gae-lambda","param_value_internal":2,"distribution":"{\"name\": \"CategoricalDistribution\", \"attributes\": {\"choices\": [0.9, 0.95, 1.0]}}"}
{"op_code":5,"worker_id":"1c411e98-9a88-4d6f-bed0-a0885ca3107d-35484","trial_id":12,"param_name":"ent-coef","param_value_internal":0.00010426149051128092,"distribution":"{\"name\": \"FloatDistribution\", \"attributes\": {\"step\": null, \"low\": 0.0001, \"high\": 0.03, \"log\": true}}"}
{"op_code":8,"worker_id":"1c411e98-9a88-4d6f-bed0-a0885ca3107d-35484","trial_id":12,"user_attr":{"train_argv":"--option 1 --reward-mode objective --objectives tardiness_sq --lambda-late 1.0 --lambda-energy 1.0 --power-model linear --difficulty off_tf05 --timesteps 100000 --save-tag tune_off_tf05_o1cnm_a2c_t12 --n-envs 4 --vec-backend subproc --seed 0 --rule-placements FirstFit,Consolidate --algo a2c --markov-obs --work-conserving --learning-rate 0.00135332 --rollout-size 80 --gamma 0.999 --gae-lambda 1 --ent-coef 0.000104261"}}
{"op_code":7,"worker_id":"1c411e98-9a88-4d6f-bed0-a0885ca3107d-35484","trial_id":12,"step":25000,"intermediate_value":36666.0}
{"op_code":7,"worker_id":"1c411e98-9a88-4d6f-bed0-a0885ca3107d-35484","trial_id":12,"step":50000,"intermediate_value":36666.0}
{"op_code":7,"worker_id":"1c411e98-9a88-4d6f-bed0-a0885ca3107d-35484","trial_id":12,"step":75000,"intermediate_value":34650.0}
{"op_code":6,"worker_id":"1c411e98-9a88-4d6f-bed0-a0885ca3107d-35484","trial_id":12,"state":1,"values":[37323.85],"datetime_complete":"2026-10-06T03:10:21.632323"}
{"op_code":4,"worker_id":"1c411e98-9a88-4d6f-bed0-a0885ca3107d-35484","study_id":0,"datetime_start":"2026-10-06T03:10:21.910886"}
{"op_code":5,"worker_id":"1c411e98-9a88-4d6f-bed0-a0885ca3107d-35484","trial_id":13,"param_name":"learning-rate","param_value_internal":0.0029493085017501634,"distribution":"{\"name\": \"FloatDistribution\", \"attributes\": {\"step\": null, \"low\": 0.0001, \"high\": 0.003, \"log\": true}}"}
{"op_code":5,"worker_id":"1c411e98-9a88-4d6f-bed0-a0885ca3107d-35484","trial_id":13,"param_name":"rollout-size","param_value_internal":1,"distribution":"{\"name\": \"CategoricalDistribution\", \"attributes\": {\"choices\": [20, 80, 320]}}"}
{"op_code":5,"worker_id":"1c411e98-9a88-4d6f-bed0-a0885ca3107d-35484","trial_id":13,"param_name":"gamma","param_value_internal":2,"distribution":"{\"name\": \"CategoricalDistribution\", \"attributes\": {\"choices\": [0.99, 0.995, 0.999]}}"}
{"op_code":5,"worker_id":"1c411e98-9a88-4d6f-bed0-a0885ca3107d-35484","trial_id":13,"param_name":"gae-lambda","param_value_internal":2,"distribution":"{\"name\": \"CategoricalDistribution\", \"attributes\": {\"choices\": [0.9, 0.95, 1.0]}}"}
{"op_code":5,"worker_id":"1c411e98-9a88-4d6f-bed0-a0885ca3107d-35484","trial_id":13,"param_name":"ent-coef","param_value_internal":0.00012937631116092027,"distribution":"{\"name\": \"FloatDistribution\", \"attributes\": {\"step\": null, \"low\": 0.0001, \"high\": 0.03, \"log\": true}}"}
{"op_code":8,"worker_id":"1c411e98-9a88-4d6f-bed0-a0885ca3107d-35484","trial_id":13,"user_attr":{"train_argv":"--option 1 --reward-mode objective --objectives tardiness_sq --lambda-late 1.0 --lambda-energy 1.0 --power-model linear --difficulty off_tf05 --timesteps 100000 --save-tag tune_off_tf05_o1cnm_a2c_t13 --n-envs 4 --vec-backend subproc --seed 0 --rule-placements FirstFit,Consolidate --algo a2c --markov-obs --work-conserving --learning-rate 0.00294931 --rollout-size 80 --gamma 0.999 --gae-lambda 1 --ent-coef 0.000129376"}}
{"op_code":7,"worker_id":"1c411e98-9a88-4d6f-bed0-a0885ca3107d-35484","trial_id":13,"step":25000,"intermediate_value":232135.2}
{"op_code":6,"worker_id":"1c411e98-9a88-4d6f-bed0-a0885ca3107d-35484","trial_id":13,"state":2,"values":[232135.2],"datetime_complete":"2026-10-06T03:10:38.816908"}
{"op_code":4,"worker_id":"1c411e98-9a88-4d6f-bed0-a0885ca3107d-35484","study_id":0,"datetime_start":"2026-10-06T03:10:39.145308"}
{"op_code":5,"worker_id":"1c411e98-9a88-4d6f-bed0-a0885ca3107d-35484","trial_id":14,"param_name":"learning-rate","param_value_internal":0.0013242628648872476,"distribution":"{\"name\": \"FloatDistribution\", \"attributes\": {\"step\": null, \"low\": 0.0001, \"high\": 0.003, \"log\": true}}"}
{"op_code":5,"worker_id":"1c411e98-9a88-4d6f-bed0-a0885ca3107d-35484","trial_id":14,"param_name":"rollout-size","param_value_internal":1,"distribution":"{\"name\": \"CategoricalDistribution\", \"attributes\": {\"choices\": [20, 80, 320]}}"}
{"op_code":5,"worker_id":"1c411e98-9a88-4d6f-bed0-a0885ca3107d-35484","trial_id":14,"param_name":"gamma","param_value_internal":2,"distribution":"{\"name\": \"CategoricalDistribution\", \"attributes\": {\"choices\": [0.99, 0.995, 0.999]}}"}
{"op_code":5,"worker_id":"1c411e98-9a88-4d6f-bed0-a0885ca3107d-35484","trial_id":14,"param_name":"gae-lambda","param_value_internal":1,"distribution":"{\"name\": \"CategoricalDistribution\", \"attributes\": {\"choices\": [0.9, 0.95, 1.0]}}"}
{"op_code":5,"worker_id":"1c411e98-9a88-4d6f-bed0-a0885ca3107d-35484","trial_id":14,"param_name":"ent-coef","param_value_internal":0.0003062600747168878,"distribution":"{\"name\": \"FloatDistribution\", \"attributes\": {\"step\": null, \"low\": 0.0001, \"high\": 0.03, \"log\": true}}"}
{"op_code":8,"worker_id":"1c411e98-9a88-4d6f-bed0-a0885ca3107d-35484","trial_id":14,"user_attr":{"train_argv":"--option 1 --reward-mode objective --objectives tardiness_sq --lambda-late 1.0 --lambda-energy 1.0 --power-model linear --difficulty off_tf05 --timesteps 100000 --save-tag tune_off_tf05_o1cnm_a2c_t14 --n-envs 4 --vec-backend subproc --seed 0 --rule-placements FirstFit,Consolidate --algo a2c --markov-obs --work-conserving --learning-rate 0.00132426 --rollout-size 80 --gamma 0.999 --gae-lambda 0.95 --ent-coef 0.00030626"}}
{"op_code":7,"worker_id":"1c411e98-9a88-4d6f-bed0-a0885ca3107d-35484","trial_id":14,"step":25000,"intermediate_value":36666.0}
{"op_code":7,"worker_id":"1c411e98-9a88-4d6f-bed0-a0885ca3107d-35484","trial_id":14,"step":50000,"intermediate_value":36666.0}
{"op_code":7,"worker_id":"1c411e98-9a88-4d6f-bed0-a0885ca3107d-35484","trial_id":14,"step":75000,"intermediate_value":36666.0}
{"op_code":6,"worker_id":"1c411e98-9a88-4d6f-bed0-a0885ca3107d-35484","trial_id":14,"state":1,"values":[39433.1],"datetime_complete":"2026-10-06T03:11:40.148779"}
{"op_code":4,"worker_id":"1c411e98-9a88-4d6f-bed0-a0885ca3107d-35484","study_id":0,"datetime_start":"2026-10-06T03:11:40.497226"}
{"op_code":5,"worker_id":"1c411e98-9a88-4d6f-bed0-a0885ca3107d-35484","trial_id":15,"param_name":"learning-rate","param_value_internal":0.0003436266040277978,"distribution":"{\"name\": \"FloatDistribution\", \"attributes\": {\"step\": null, \"low\": 0.0001, \"high\": 0.003, \"log\": true}}"}
{"op_code":5,"worker_id":"1c411e98-9a88-4d6f-bed0-a0885ca3107d-35484","trial_id":15,"param_name":"rollout-size","param_value_internal":1,"distribution":"{\"name\": \"CategoricalDistribution\", \"attributes\": {\"choices\": [20, 80, 320]}}"}
{"op_code":5,"worker_id":"1c411e98-9a88-4d6f-bed0-a0885ca3107d-35484","trial_id":15,"param_name":"gamma","param_value_internal":2,"distribution":"{\"name\": \"CategoricalDistribution\", \"attributes\": {\"choices\": [0.99, 0.995, 0.999]}}"}
{"op_code":5,"worker_id":"1c411e98-9a88-4d6f-bed0-a0885ca3107d-35484","trial_id":15,"param_name":"gae-lambda","param_value_internal":1,"distribution":"{\"name\": \"CategoricalDistribution\", \"attributes\": {\"choices\": [0.9, 0.95, 1.0]}}"}
{"op_code":5,"worker_id":"1c411e98-9a88-4d6f-bed0-a0885ca3107d-35484","trial_id":15,"param_name":"ent-coef","param_value_internal":0.00010947635710433343,"distribution":"{\"name\": \"FloatDistribution\", \"attributes\": {\"step\": null, \"low\": 0.0001, \"high\": 0.03, \"log\": true}}"}
{"op_code":8,"worker_id":"1c411e98-9a88-4d6f-bed0-a0885ca3107d-35484","trial_id":15,"user_attr":{"train_argv":"--option 1 --reward-mode objective --objectives tardiness_sq --lambda-late 1.0 --lambda-energy 1.0 --power-model linear --difficulty off_tf05 --timesteps 100000 --save-tag tune_off_tf05_o1cnm_a2c_t15 --n-envs 4 --vec-backend subproc --seed 0 --rule-placements FirstFit,Consolidate --algo a2c --markov-obs --work-conserving --learning-rate 0.000343627 --rollout-size 80 --gamma 0.999 --gae-lambda 0.95 --ent-coef 0.000109476"}}
{"op_code":7,"worker_id":"1c411e98-9a88-4d6f-bed0-a0885ca3107d-35484","trial_id":15,"step":25000,"intermediate_value":232135.2}
{"op_code":6,"worker_id":"1c411e98-9a88-4d6f-bed0-a0885ca3107d-35484","trial_id":15,"state":2,"values":[232135.2],"datetime_complete":"2026-10-06T03:11:58.851654"}
{"op_code":4,"worker_id":"1c411e98-9a88-4d6f-bed0-a0885ca3107d-35484","study_id":0,"datetime_start":"2026-10-06T03:11:59.223459"}
{"op_code":5,"worker_id":"1c411e98-9a88-4d6f-bed0-a0885ca3107d-35484","trial_id":16,"param_name":"learning-rate","param_value_internal":0.001688891775578159,"distribution":"{\"name\": \"FloatDistribution\", \"attributes\": {\"step\": null, \"low\": 0.0001, \"high\": 0.003, \"log\": true}}"}
{"op_code":5,"worker_id":"1c411e98-9a88-4d6f-bed0-a0885ca3107d-35484","trial_id":16,"param_name":"rollout-size","param_value_internal":1,"distribution":"{\"name\": \"CategoricalDistribution\", \"attributes\": {\"choices\": [20, 80, 320]}}"}
{"op_code":5,"worker_id":"1c411e98-9a88-4d6f-bed0-a0885ca3107d-35484","trial_id":16,"param_name":"gamma","param_value_internal":2,"distribution":"{\"name\": \"CategoricalDistribution\", \"attributes\": {\"choices\": [0.99, 0.995, 0.999]}}"}
{"op_code":5,"worker_id":"1c411e98-9a88-4d6f-bed0-a0885ca3107d-35484","trial_id":16,"param_name":"gae-lambda","param_value_internal":2,"distribution":"{\"name\": \"CategoricalDistribution\", \"attributes\": {\"choices\": [0.9, 0.95, 1.0]}}"}
{"op_code":5,"worker_id":"1c411e98-9a88-4d6f-bed0-a0885ca3107d-35484","trial_id":16,"param_name":"ent-coef","param_value_internal":0.0002665676040675585,"distribution":"{\"name\": \"FloatDistribution\", \"attributes\": {\"step\": null, \"low\": 0.0001, \"high\": 0.03, \"log\": true}}"}
{"op_code":8,"worker_id":"1c411e98-9a88-4d6f-bed0-a0885ca3107d-35484","trial_id":16,"user_attr":{"train_argv":"--option 1 --reward-mode objective --objectives tardiness_sq --lambda-late 1.0 --lambda-energy 1.0 --power-model linear --difficulty off_tf05 --timesteps 100000 --save-tag tune_off_tf05_o1cnm_a2c_t16 --n-envs 4 --vec-backend subproc --seed 0 --rule-placements FirstFit,Consolidate --algo a2c --markov-obs --work-conserving --learning-rate 0.00168889 --rollout-size 80 --gamma 0.999 --gae-lambda 1 --ent-coef 0.000266568"}}
{"op_code":7,"worker_id":"1c411e98-9a88-4d6f-bed0-a0885ca3107d-35484","trial_id":16,"step":25000,"intermediate_value":36666.0}
{"op_code":7,"worker_id":"1c411e98-9a88-4d6f-bed0-a0885ca3107d-35484","trial_id":16,"step":50000,"intermediate_value":36666.0}
{"op_code":7,"worker_id":"1c411e98-9a88-4d6f-bed0-a0885ca3107d-35484","trial_id":16,"step":75000,"intermediate_value":36666.0}
{"op_code":6,"worker_id":"1c411e98-9a88-4d6f-bed0-a0885ca3107d-35484","trial_id":16,"state":1,"values":[39433.1],"datetime_complete":"2026-10-06T03:12:59.214897"}
{"op_code":4,"worker_id":"1c411e98-9a88-4d6f-bed0-a0885ca3107d-35484","study_id":0,"datetime_start":"2026-10-06T03:12:59.475035"}
{"op_code":5,"worker_id":"1c411e98-9a88-4d6f-bed0-a0885ca3107d-35484","trial_id":17,"param_name":"learning-rate","param_value_internal":0.0012193442497244998,"distribution":"{\"name\": \"FloatDistribution\", \"attributes\": {\"step\": null, \"low\": 0.0001, \"high\": 0.003, \"log\": true}}"}
{"op_code":5,"worker_id":"1c411e98-9a88-4d6f-bed0-a0885ca3107d-35484","trial_id":17,"param_name":"rollout-size","param_value_internal":2,"distribution":"{\"name\": \"CategoricalDistribution\", \"attributes\": {\"choices\": [20, 80, 320]}}"}
{"op_code":5,"worker_id":"1c411e98-9a88-4d6f-bed0-a0885ca3107d-35484","trial_id":17,"param_name":"gamma","param_value_internal":0,"distribution":"{\"name\": \"CategoricalDistribution\", \"attributes\": {\"choices\": [0.99, 0.995, 0.999]}}"}
{"op_code":5,"worker_id":"1c411e98-9a88-4d6f-bed0-a0885ca3107d-35484","trial_id":17,"param_name":"gae-lambda","param_value_internal":1,"distribution":"{\"name\": \"CategoricalDistribution\", \"attributes\": {\"choices\": [0.9, 0.95, 1.0]}}"}
{"op_code":5,"worker_id":"1c411e98-9a88-4d6f-bed0-a0885ca3107d-35484","trial_id":17,"param_name":"ent-coef","param_value_internal":0.0006021475390906733,"distribution":"{\"name\": \"FloatDistribution\", \"attributes\": {\"step\": null, \"low\": 0.0001, \"high\": 0.03, \"log\": true}}"}
{"op_code":8,"worker_id":"1c411e98-9a88-4d6f-bed0-a0885ca3107d-35484","trial_id":17,"user_attr":{"train_argv":"--option 1 --reward-mode objective --objectives tardiness_sq --lambda-late 1.0 --lambda-energy 1.0 --power-model linear --difficulty off_tf05 --timesteps 100000 --save-tag tune_off_tf05_o1cnm_a2c_t17 --n-envs 4 --vec-backend subproc --seed 0 --rule-placements FirstFit,Consolidate --algo a2c --markov-obs --work-conserving --learning-rate 0.00121934 --rollout-size 320 --gamma 0.99 --gae-lambda 0.95 --ent-coef 0.000602148"}}
{"op_code":7,"worker_id":"1c411e98-9a88-4d6f-bed0-a0885ca3107d-35484","trial_id":17,"step":25000,"intermediate_value":66775.6}
{"op_code":7,"worker_id":"1c411e98-9a88-4d6f-bed0-a0885ca3107d-35484","trial_id":17,"step":50000,"intermediate_value":36666.0}
{"op_code":7,"worker_id":"1c411e98-9a88-4d6f-bed0-a0885ca3107d-35484","trial_id":17,"step":75000,"intermediate_value":36666.0}
{"op_code":6,"worker_id":"1c411e98-9a88-4d6f-bed0-a0885ca3107d-35484","trial_id":17,"state":1,"values":[39433.1],"datetime_complete":"2026-10-06T03:13:57.694903"}
{"op_code":4,"worker_id":"1c411e98-9a88-4d6f-bed0-a0885ca3107d-35484","study_id":0,"datetime_start":"2026-10-06T03:13:57.940402"}
{"op_code":5,"worker_id":"1c411e98-9a88-4d6f-bed0-a0885ca3107d-35484","trial_id":18,"param_name":"learning-rate","param_value_internal":0.0018557332367807513,"distribution":"{\"name\": \"FloatDistribution\", \"attributes\": {\"step\": null, \"low\": 0.0001, \"high\": 0.003, \"log\": true}}"}
{"op_code":5,"worker_id":"1c411e98-9a88-4d6f-bed0-a0885ca3107d-35484","trial_id":18,"param_name":"rollout-size","param_value_internal":1,"distribution":"{\"name\": \"CategoricalDistribution\", \"attributes\": {\"choices\": [20, 80, 320]}}"}
{"op_code":5,"worker_id":"1c411e98-9a88-4d6f-bed0-a0885ca3107d-35484","trial_id":18,"param_name":"gamma","param_value_internal":2,"distribution":"{\"name\": \"CategoricalDistribution\", \"attributes\": {\"choices\": [0.99, 0.995, 0.999]}}"}
{"op_code":5,"worker_id":"1c411e98-9a88-4d6f-bed0-a0885ca3107d-35484","trial_id":18,"param_name":"gae-lambda","param_value_internal":2,"distribution":"{\"name\": \"CategoricalDistribution\", \"attributes\": {\"choices\": [0.9, 0.95, 1.0]}}"}
{"op_code":5,"worker_id":"1c411e98-9a88-4d6f-bed0-a0885ca3107d-35484","trial_id":18,"param_name":"ent-coef","param_value_internal":0.0001015680747892397,"distribution":"{\"name\": \"FloatDistribution\", \"attributes\": {\"step\": null, \"low\": 0.0001, \"high\": 0.03, \"log\": true}}"}
{"op_code":8,"worker_id":"1c411e98-9a88-4d6f-bed0-a0885ca3107d-35484","trial_id":18,"user_attr":{"train_argv":"--option 1 --reward-mode objective --objectives tardiness_sq --lambda-late 1.0 --lambda-energy 1.0 --power-model linear --difficulty off_tf05 --timesteps 100000 --save-tag tune_off_tf05_o1cnm_a2c_t18 --n-envs 4 --vec-backend subproc --seed 0 --rule-placements FirstFit,Consolidate --algo a2c --markov-obs --work-conserving --learning-rate 0.00185573 --rollout-size 80 --gamma 0.999 --gae-lambda 1 --ent-coef 0.000101568"}}
{"op_code":7,"worker_id":"1c411e98-9a88-4d6f-bed0-a0885ca3107d-35484","trial_id":18,"step":25000,"intermediate_value":34650.0}
{"op_code":7,"worker_id":"1c411e98-9a88-4d6f-bed0-a0885ca3107d-35484","trial_id":18,"step":50000,"intermediate_value":34650.0}
{"op_code":7,"worker_id":"1c411e98-9a88-4d6f-bed0-a0885ca3107d-35484","trial_id":18,"step":75000,"intermediate_value":34650.0}
{"op_code":6,"worker_id":"1c411e98-9a88-4d6f-bed0-a0885ca3107d-35484","trial_id":18,"state":1,"values":[37323.85],"datetime_complete":"2026-10-06T03:14:58.649322"}
{"op_code":4,"worker_id":"1c411e98-9a88-4d6f-bed0-a0885ca3107d-35484","study_id":0,"datetime_start":"2026-10-06T03:14:58.971720"}
{"op_code":5,"worker_id":"1c411e98-9a88-4d6f-bed0-a0885ca3107d-35484","trial_id":19,"param_name":"learning-rate","param_value_internal":0.0010273759979944766,"distribution":"{\"name\": \"FloatDistribution\", \"attributes\": {\"step\": null, \"low\": 0.0001, \"high\": 0.003, \"log\": true}}"}
{"op_code":5,"worker_id":"1c411e98-9a88-4d6f-bed0-a0885ca3107d-35484","trial_id":19,"param_name":"rollout-size","param_value_internal":1,"distribution":"{\"name\": \"CategoricalDistribution\", \"attributes\": {\"choices\": [20, 80, 320]}}"}
{"op_code":5,"worker_id":"1c411e98-9a88-4d6f-bed0-a0885ca3107d-35484","trial_id":19,"param_name":"gamma","param_value_internal":2,"distribution":"{\"name\": \"CategoricalDistribution\", \"attributes\": {\"choices\": [0.99, 0.995, 0.999]}}"}
{"op_code":5,"worker_id":"1c411e98-9a88-4d6f-bed0-a0885ca3107d-35484","trial_id":19,"param_name":"gae-lambda","param_value_internal":0,"distribution":"{\"name\": \"CategoricalDistribution\", \"attributes\": {\"choices\": [0.9, 0.95, 1.0]}}"}
{"op_code":5,"worker_id":"1c411e98-9a88-4d6f-bed0-a0885ca3107d-35484","trial_id":19,"param_name":"ent-coef","param_value_internal":0.00022491246720488493,"distribution":"{\"name\": \"FloatDistribution\", \"attributes\": {\"step\": null, \"low\": 0.0001, \"high\": 0.03, \"log\": true}}"}
{"op_code":8,"worker_id":"1c411e98-9a88-4d6f-bed0-a0885ca3107d-35484","trial_id":19,"user_attr":{"train_argv":"--option 1 --reward-mode objective --objectives tardiness_sq --lambda-late 1.0 --lambda-energy 1.0 --power-model linear --difficulty off_tf05 --timesteps 100000 --save-tag tune_off_tf05_o1cnm_a2c_t19 --n-envs 4 --vec-backend subproc --seed 0 --rule-placements FirstFit,Consolidate --algo a2c --markov-obs --work-conserving --learning-rate 0.00102738 --rollout-size 80 --gamma 0.999 --gae-lambda 0.9 --ent-coef 0.000224912"}}
{"op_code":7,"worker_id":"1c411e98-9a88-4d6f-bed0-a0885ca3107d-35484","trial_id":19,"step":25000,"intermediate_value":34650.0}
{"op_code":7,"worker_id":"1c411e98-9a88-4d6f-bed0-a0885ca3107d-35484","trial_id":19,"step":50000,"intermediate_value":34650.0}
{"op_code":7,"worker_id":"1c411e98-9a88-4d6f-bed0-a0885ca3107d-35484","trial_id":19,"step":75000,"intermediate_value":34650.0}
{"op_code":6,"worker_id":"1c411e98-9a88-4d6f-bed0-a0885ca3107d-35484","trial_id":19,"state":1,"values":[37323.85],"datetime_complete":"2026-10-06T03:15:59.560418"}
{"op_code":0,"worker_id":"f545b197-9622-4214-a436-f42c90983f34-31748","study_name":"off_tf05_o1cnm_a2c","directions":[1]}
{"op_code":0,"worker_id":"58f5eba1-feb5-4f7b-a9cd-1a2e678f0434-32928","study_name":"off_tf05_o1cnm_a2c","directions":[1]}
{"op_code":0,"worker_id":"22c527cf-4782-4b18-b9d6-c15086f835b6-34464","study_name":"off_tf05_o1cnm_a2c","directions":[1]}
{"op_code":0,"worker_id":"e52023ba-1dad-40c8-bb7f-5c8544bb1a4f-7220","study_name":"off_tf05_o1cnm_a2c","directions":[1]}
{"op_code":0,"worker_id":"592ffff9-1774-455b-8e2f-38af8c8129b1-4620","study_name":"off_tf05_o1cnm_a2c","directions":[1]}
{"op_code":0,"worker_id":"6b53cd68-d571-4d02-8bbc-b560e2a5096b-19660","study_name":"off_tf05_o1cnm_a2c","directions":[1]}
{"op_code":0,"worker_id":"01f390a2-25f9-408a-bcd0-f9c7d7e55395-17656","study_name":"off_tf05_o1cnm_a2c","directions":[1]}
{"op_code":0,"worker_id":"80fb72ad-6556-46bf-9191-671f0f2f570b-4492","study_name":"off_tf05_o1cnm_a2c","directions":[1]}
