{"op_code":0,"worker_id":"8eeea28e-81d3-4af3-99bc-86f59d273164-22596","study_name":"off_tf05_o0pmlubr_a2c","directions":[1]}
{"op_code":4,"worker_id":"8eeea28e-81d3-4af3-99bc-86f59d273164-22596","study_id":0,"datetime_start":null,"state":4,"value":null,"values":null,"distributions":{},"params":{},"user_attrs":{"defaults":true},"system_attrs":{"fixed_params":{}},"intermediate_values":{}}
{"op_code":6,"worker_id":"8eeea28e-81d3-4af3-99bc-86f59d273164-22596","trial_id":0,"state":0,"values":null,"datetime_start":"2026-10-07T01:13:16.739417"}
{"op_code":8,"worker_id":"8eeea28e-81d3-4af3-99bc-86f59d273164-22596","trial_id":0,"user_attr":{"train_argv":"--option 0 --reward-mode objective --objectives tardiness_sq --lambda-late 1.0 --lambda-energy 1.0 --power-model linear --difficulty off_tf05 --timesteps 300000 --save-tag tune_off_tf05_o0pmlubr_a2c_t0 --n-envs 4 --vec-backend subproc --seed 0 --algo a2c --markov-obs --lookahead --fixed-scaling --critic-arrivals --lateness-shaping --policy-arch pointer"}}
{"op_code":7,"worker_id":"8eeea28e-81d3-4af3-99bc-86f59d273164-22596","trial_id":0,"step":75000,"intermediate_value":236977.2}
{"op_code":7,"worker_id":"8eeea28e-81d3-4af3-99bc-86f59d273164-22596","trial_id":0,"step":150000,"intermediate_value":240553.4}
{"op_code":7,"worker_id":"8eeea28e-81d3-4af3-99bc-86f59d273164-22596","trial_id":0,"step":225000,"intermediate_value":228859.2}
{"op_code":6,"worker_id":"8eeea28e-81d3-4af3-99bc-86f59d273164-22596","trial_id":0,"state":1,"values":[234116.2],"datetime_complete":"2026-10-07T01:20:00.685491"}
{"op_code":4,"worker_id":"8eeea28e-81d3-4af3-99bc-86f59d273164-22596","study_id":0,"datetime_start":"2026-10-07T01:20:00.933712"}
{"op_code":5,"worker_id":"8eeea28e-81d3-4af3-99bc-86f59d273164-22596","trial_id":1,"param_name":"learning-rate","param_value_internal":0.0006466422717414558,"distribution":"{\"name\": \"FloatDistribution\", \"attributes\": {\"step\": null, \"low\": 0.0001, \"high\": 0.003, \"log\": true}}"}
{"op_code":5,"worker_id":"8eeea28e-81d3-4af3-99bc-86f59d273164-22596","trial_id":1,"param_name":"rollout-size","param_value_internal":0,"distribution":"{\"name\": \"CategoricalDistribution\", \"attributes\": {\"choices\": [20, 80, 320]}}"}
{"op_code":5,"worker_id":"8eeea28e-81d3-4af3-99bc-86f59d273164-22596","trial_id":1,"param_name":"gamma","param_value_internal":1,"distribution":"{\"name\": \"CategoricalDistribution\", \"attributes\": {\"choices\": [0.99, 0.995, 0.999]}}"}
{"op_code":5,"worker_id":"8eeea28e-81d3-4af3-99bc-86f59d273164-22596","trial_id":1,"param_name":"gae-lambda","param_value_internal":1,"distribution":"{\"name\": \"CategoricalDistribution\", \"attributes\": {\"choices\": [0.9, 0.95, 1.0]}}"}
{"op_code":5,"worker_id":"8eeea28e-81d3-4af3-99bc-86f59d273164-22596","trial_id":1,"param_name":"ent-coef","param_value_internal":0.009145320282946534,"distribution":"{\"name\": \"FloatDistribution\", \"attributes\": {\"step\": null, \"low\": 0.0001, \"high\": 0.03, \"log\": true}}"}
{"op_code":8,"worker_id":"8eeea28e-81d3-4af3-99bc-86f59d273164-22596","trial_id":1,"user_attr":{"train_argv":"--option 0 --reward-mode objective --objectives tardiness_sq --lambda-late 1.0 --lambda-energy 1.0 --power-model linear --difficulty off_tf05 --timesteps 300000 --save-tag tune_off_tf05_o0pmlubr_a2c_t1 --n-envs 4 --vec-backend subproc --seed 0 --algo a2c --markov-obs --lookahead --fixed-scaling --critic-arrivals --lateness-shaping --policy-arch pointer --learning-rate 0.000646642 --rollout-size 20 --gamma 0.995 --gae-lambda 0.95 --ent-coef 0.00914532"}}
{"op_code":7,"worker_id":"8eeea28e-81d3-4af3-99bc-86f59d273164-22596","trial_id":1,"step":75000,"intermediate_value":245801.0}
{"op_code":7,"worker_id":"8eeea28e-81d3-4af3-99bc-86f59d273164-22596","trial_id":1,"step":150000,"intermediate_value":225663.8}
{"op_code":7,"worker_id":"8eeea28e-81d3-4af3-99bc-86f59d273164-22596","trial_id":1,"step":225000,"intermediate_value":226387.8}
{"op_code":6,"worker_id":"8eeea28e-81d3-4af3-99bc-86f59d273164-22596","trial_id":1,"state":1,"values":[237866.45],"datetime_complete":"2026-10-07T01:26:36.538803"}
{"op_code":4,"worker_id":"8eeea28e-81d3-4af3-99bc-86f59d273164-22596","study_id":0,"datetime_start":"2026-10-07T01:26:36.797212"}
{"op_code":5,"worker_id":"8eeea28e-81d3-4af3-99bc-86f59d273164-22596","trial_id":2,"param_name":"learning-rate","param_value_internal":0.0006042851578845063,"distribution":"{\"name\": \"FloatDistribution\", \"attributes\": {\"step\": null, \"low\": 0.0001, \"high\": 0.003, \"log\": true}}"}
{"op_code":5,"worker_id":"8eeea28e-81d3-4af3-99bc-86f59d273164-22596","trial_id":2,"param_name":"rollout-size","param_value_internal":1,"distribution":"{\"name\": \"CategoricalDistribution\", \"attributes\": {\"choices\": [20, 80, 320]}}"}
{"op_code":5,"worker_id":"8eeea28e-81d3-4af3-99bc-86f59d273164-22596","trial_id":2,"param_name":"gamma","param_value_internal":2,"distribution":"{\"name\": \"CategoricalDistribution\", \"attributes\": {\"choices\": [0.99, 0.995, 0.999]}}"}
{"op_code":5,"worker_id":"8eeea28e-81d3-4af3-99bc-86f59d273164-22596","trial_id":2,"param_name":"gae-lambda","param_value_internal":2,"distribution":"{\"name\": \"CategoricalDistribution\", \"attributes\": {\"choices\": [0.9, 0.95, 1.0]}}"}
{"op_code":5,"worker_id":"8eeea28e-81d3-4af3-99bc-86f59d273164-22596","trial_id":2,"param_name":"ent-coef","param_value_internal":0.009541412354586892,"distribution":"{\"name\": \"FloatDistribution\", \"attributes\": {\"step\": null, \"low\": 0.0001, \"high\": 0.03, \"log\": true}}"}
{"op_code":8,"worker_id":"8eeea28e-81d3-4af3-99bc-86f59d273164-22596","trial_id":2,"user_attr":{"train_argv":"--option 0 --reward-mode objective --objectives tardiness_sq --lambda-late 1.0 --lambda-energy 1.0 --power-model linear --difficulty off_tf05 --timesteps 300000 --save-tag tune_off_tf05_o0pmlubr_a2c_t2 --n-envs 4 --vec-backend subproc --seed 0 --algo a2c --markov-obs --lookahead --fixed-scaling --critic-arrivals --lateness-shaping --policy-arch pointer --learning-rate 0.000604285 --rollout-size 80 --gamma 0.999 --gae-lambda 1 --ent-coef 0.00954141"}}
{"op_code":7,"worker_id":"8eeea28e-81d3-4af3-99bc-86f59d273164-22596","trial_id":2,"step":75000,"intermediate_value":130944992.6}
{"op_code":7,"worker_id":"8eeea28e-81d3-4af3-99bc-86f59d273164-22596","trial_id":2,"step":150000,"intermediate_value":230059.4}
{"op_code":7,"worker_id":"8eeea28e-81d3-4af3-99bc-86f59d273164-22596","trial_id":2,"step":225000,"intermediate_value":233903.8}
{"op_code":6,"worker_id":"8eeea28e-81d3-4af3-99bc-86f59d273164-22596","trial_id":2,"state":1,"values":[247559.85],"datetime_complete":"2026-10-07T01:31:51.239108"}
{"op_code":4,"worker_id":"8eeea28e-81d3-4af3-99bc-86f59d273164-22596","study_id":0,"datetime_start":"2026-10-07T01:31:51.438745"}
{"op_code":5,"worker_id":"8eeea28e-81d3-4af3-99bc-86f59d273164-22596","trial_id":3,"param_name":"learning-rate","param_value_internal":0.0004804641349751479,"distribution":"{\"name\": \"FloatDistribution\", \"attributes\": {\"step\": null, \"low\": 0.0001, \"high\": 0.003, \"log\": true}}"}
{"op_code":5,"worker_id":"8eeea28e-81d3-4af3-99bc-86f59d273164-22596","trial_id":3,"param_name":"rollout-size","param_value_internal":0,"distribution":"{\"name\": \"CategoricalDistribution\", \"attributes\": {\"choices\": [20, 80, 320]}}"}
{"op_code":5,"worker_id":"8eeea28e-81d3-4af3-99bc-86f59d273164-22596","trial_id":3,"param_name":"gamma","param_value_internal":1,"distribution":"{\"name\": \"CategoricalDistribution\", \"attributes\": {\"choices\": [0.99, 0.995, 0.999]}}"}
{"op_code":5,"worker_id":"8eeea28e-81d3-4af3-99bc-86f59d273164-22596","trial_id":3,"param_name":"gae-lambda","param_value_internal":2,"distribution":"{\"name\": \"CategoricalDistribution\", \"attributes\": {\"choices\": [0.9, 0.95, 1.0]}}"}
{"op_code":5,"worker_id":"8eeea28e-81d3-4af3-99bc-86f59d273164-22596","trial_id":3,"param_name":"ent-coef","param_value_internal":0.001348775545730254,"distribution":"{\"name\": \"FloatDistribution\", \"attributes\": {\"step\": null, \"low\": 0.0001, \"high\": 0.03, \"log\": true}}"}
{"op_code":8,"worker_id":"8eeea28e-81d3-4af3-99bc-86f59d273164-22596","trial_id":3,"user_attr":{"train_argv":"--option 0 --reward-mode objective --objectives tardiness_sq --lambda-late 1.0 --lambda-energy 1.0 --power-model linear --difficulty off_tf05 --timesteps 300000 --save-tag tune_off_tf05_o0pmlubr_a2c_t3 --n-envs 4 --vec-backend subproc --seed 0 --algo a2c --markov-obs --lookahead --fixed-scaling --critic-arrivals --lateness-shaping --policy-arch pointer --learning-rate 0.000480464 --rollout-size 20 --gamma 0.995 --gae-lambda 1 --ent-coef 0.00134878"}}
{"op_code":7,"worker_id":"8eeea28e-81d3-4af3-99bc-86f59d273164-22596","trial_id":3,"step":75000,"intermediate_value":171802.8}
{"op_code":7,"worker_id":"8eeea28e-81d3-4af3-99bc-86f59d273164-22596","trial_id":3,"step":150000,"intermediate_value":167436.6}
{"op_code":7,"worker_id":"8eeea28e-81d3-4af3-99bc-86f59d273164-22596","trial_id":3,"step":225000,"intermediate_value":172679.8}
{"op_code":6,"worker_id":"8eeea28e-81d3-4af3-99bc-86f59d273164-22596","trial_id":3,"state":1,"values":[178898.2],"datetime_complete":"2026-10-07T01:38:22.708360"}
{"op_code":4,"worker_id":"8eeea28e-81d3-4af3-99bc-86f59d273164-22596","study_id":0,"datetime_start":"2026-10-07T01:38:22.983214"}
{"op_code":5,"worker_id":"8eeea28e-81d3-4af3-99bc-86f59d273164-22596","trial_id":4,"param_name":"learning-rate","param_value_internal":0.0006912670683424538,"distribution":"{\"name\": \"FloatDistribution\", \"attributes\": {\"step\": null, \"low\": 0.0001, \"high\": 0.003, \"log\": true}}"}
{"op_code":5,"worker_id":"8eeea28e-81d3-4af3-99bc-86f59d273164-22596","trial_id":4,"param_name":"rollout-size","param_value_internal":1,"distribution":"{\"name\": \"CategoricalDistribution\", \"attributes\": {\"choices\": [20, 80, 320]}}"}
{"op_code":5,"worker_id":"8eeea28e-81d3-4af3-99bc-86f59d273164-22596","trial_id":4,"param_name":"gamma","param_value_internal":1,"distribution":"{\"name\": \"CategoricalDistribution\", \"attributes\": {\"choices\": [0.99, 0.995, 0.999]}}"}
{"op_code":5,"worker_id":"8eeea28e-81d3-4af3-99bc-86f59d273164-22596","trial_id":4,"param_name":"gae-lambda","param_value_internal":2,"distribution":"{\"name\": \"CategoricalDistribution\", \"attributes\": {\"choices\": [0.9, 0.95, 1.0]}}"}
{"op_code":5,"worker_id":"8eeea28e-81d3-4af3-99bc-86f59d273164-22596","trial_id":4,"param_name":"ent-coef","param_value_internal":0.00014098918363046996,"distribution":"{\"name\": \"FloatDistribution\", \"attributes\": {\"step\": null, \"low\": 0.0001, \"high\": 0.03, \"log\": true}}"}
{"op_code":8,"worker_id":"8eeea28e-81d3-4af3-99bc-86f59d273164-22596","trial_id":4,"user_attr":{"train_argv":"--option 0 --reward-mode objective --objectives tardiness_sq --lambda-late 1.0 --lambda-energy 1.0 --power-model linear --difficulty off_tf05 --timesteps 300000 --save-tag tune_off_tf05_o0pmlubr_a2c_t4 --n-envs 4 --vec-backend subproc --seed 0 --algo a2c --markov-obs --lookahead --fixed-scaling --critic-arrivals --lateness-shaping --policy-arch pointer --learning-rate 0.000691267 --rollout-size 80 --gamma 0.995 --gae-lambda 1 --ent-coef 0.000140989"}}
{"op_code":7,"worker_id":"8eeea28e-81d3-4af3-99bc-86f59d273164-22596","trial_id":4,"step":75000,"intermediate_value":130944992.6}
{"op_code":7,"worker_id":"8eeea28e-81d3-4af3-99bc-86f59d273164-22596","trial_id":4,"step":150000,"intermediate_value":130944992.6}
{"op_code":7,"worker_id":"8eeea28e-81d3-4af3-99bc-86f59d273164-22596","trial_id":4,"step":225000,"intermediate_value":229308.4}
{"op_code":0,"worker_id":"95fb6293-85e9-424b-ae7b-72ee91506ee0-28376","study_name":"off_tf05_o0pmlubr_a2c","directions":[1]}
{"op_code":6,"worker_id":"8eeea28e-81d3-4af3-99bc-86f59d273164-22596","trial_id":4,"state":1,"values":[247239.6],"datetime_complete":"2026-10-07T01:43:42.720964"}
{"op_code":4,"worker_id":"8eeea28e-81d3-4af3-99bc-86f59d273164-22596","study_id":0,"datetime_start":"2026-10-07T01:43:42.977802"}
{"op_code":5,"worker_id":"8eeea28e-81d3-4af3-99bc-86f59d273164-22596","trial_id":5,"param_name":"learning-rate","param_value_internal":0.0009658179826892162,"distribution":"{\"name\": \"FloatDistribution\", \"attributes\": {\"step\": null, \"low\": 0.0001, \"high\": 0.003, \"log\": true}}"}
{"op_code":5,"worker_id":"8eeea28e-81d3-4af3-99bc-86f59d273164-22596","trial_id":5,"param_name":"rollout-size","param_value_internal":0,"distribution":"{\"name\": \"CategoricalDistribution\", \"attributes\": {\"choices\": [20, 80, 320]}}"}
{"op_code":5,"worker_id":"8eeea28e-81d3-4af3-99bc-86f59d273164-22596","trial_id":5,"param_name":"gamma","param_value_internal":2,"distribution":"{\"name\": \"CategoricalDistribution\", \"attributes\": {\"choices\": [0.99, 0.995, 0.999]}}"}
{"op_code":5,"worker_id":"8eeea28e-81d3-4af3-99bc-86f59d273164-22596","trial_id":5,"param_name":"gae-lambda","param_value_internal":1,"distribution":"{\"name\": \"CategoricalDistribution\", \"attributes\": {\"choices\": [0.9, 0.95, 1.0]}}"}
{"op_code":5,"worker_id":"8eeea28e-81d3-4af3-99bc-86f59d273164-22596","trial_id":5,"param_name":"ent-coef","param_value_internal":0.00032916454639831516,"distribution":"{\"name\": \"FloatDistribution\", \"attributes\": {\"step\": null, \"low\": 0.0001, \"high\": 0.03, \"log\": true}}"}
{"op_code":8,"worker_id":"8eeea28e-81d3-4af3-99bc-86f59d273164-22596","trial_id":5,"user_attr":{"train_argv":"--option 0 --reward-mode objective --objectives tardiness_sq --lambda-late 1.0 --lambda-energy 1.0 --power-model linear --difficulty off_tf05 --timesteps 300000 --save-tag tune_off_tf05_o0pmlubr_a2c_t5 --n-envs 4 --vec-backend subproc --seed 0 --algo a2c --markov-obs --lookahead --fixed-scaling --critic-arrivals --lateness-shaping --policy-arch pointer --learning-rate 0.000965818 --rollout-size 20 --gamma 0.999 --gae-lambda 0.95 --ent-coef 0.000329165"}}
{"op_code":7,"worker_id":"8eeea28e-81d3-4af3-99bc-86f59d273164-22596","trial_id":5,"step":75000,"intermediate_value":115861.2}
{"op_code":7,"worker_id":"8eeea28e-81d3-4af3-99bc-86f59d273164-22596","trial_id":5,"step":150000,"intermediate_value":123508.8}
{"op_code":7,"worker_id":"8eeea28e-81d3-4af3-99bc-86f59d273164-22596","trial_id":5,"step":225000,"intermediate_value":120322.0}
{"op_code":6,"worker_id":"8eeea28e-81d3-4af3-99bc-86f59d273164-22596","trial_id":5,"state":1,"values":[125449.85],"datetime_complete":"2026-10-07T01:50:22.041281"}
{"op_code":4,"worker_id":"8eeea28e-81d3-4af3-99bc-86f59d273164-22596","study_id":0,"datetime_start":"2026-10-07T01:50:22.279928"}
{"op_code":5,"worker_id":"8eeea28e-81d3-4af3-99bc-86f59d273164-22596","trial_id":6,"param_name":"learning-rate","param_value_internal":0.00017309069329908935,"distribution":"{\"name\": \"FloatDistribution\", \"attributes\": {\"step\": null, \"low\": 0.0001, \"high\": 0.003, \"log\": true}}"}
{"op_code":5,"worker_id":"8eeea28e-81d3-4af3-99bc-86f59d273164-22596","trial_id":6,"param_name":"rollout-size","param_value_internal":0,"distribution":"{\"name\": \"CategoricalDistribution\", \"attributes\": {\"choices\": [20, 80, 320]}}"}
{"op_code":5,"worker_id":"8eeea28e-81d3-4af3-99bc-86f59d273164-22596","trial_id":6,"param_name":"gamma","param_value_internal":0,"distribution":"{\"name\": \"CategoricalDistribution\", \"attributes\": {\"choices\": [0.99, 0.995, 0.999]}}"}
{"op_code":5,"worker_id":"8eeea28e-81d3-4af3-99bc-86f59d273164-22596","trial_id":6,"param_name":"gae-lambda","param_value_internal":0,"distribution":"{\"name\": \"CategoricalDistribution\", \"attributes\": {\"choices\": [0.9, 0.95, 1.0]}}"}
{"op_code":5,"worker_id":"8eeea28e-81d3-4af3-99bc-86f59d273164-22596","trial_id":6,"param_name":"ent-coef","param_value_internal":0.0008191755047162099,"distribution":"{\"name\": \"FloatDistribution\", \"attributes\": {\"step\": null, \"low\": 0.0001, \"high\": 0.03, \"log\": true}}"}
{"op_code":8,"worker_id":"8eeea28e-81d3-4af3-99bc-86f59d273164-22596","trial_id":6,"user_attr":{"train_argv":"--option 0 --reward-mode objective --objectives tardiness_sq --lambda-late 1.0 --lambda-energy 1.0 --power-model linear --difficulty off_tf05 --timesteps 300000 --save-tag tune_off_tf05_o0pmlubr_a2c_t6 --n-envs 4 --vec-backend subproc --seed 0 --algo a2c --markov-obs --lookahead --fixed-scaling --critic-arrivals --lateness-shaping --policy-arch pointer --learning-rate 0.000173091 --rollout-size 20 --gamma 0.99 --gae-lambda 0.9 --ent-coef 0.000819176"}}
{"op_code":7,"worker_id":"8eeea28e-81d3-4af3-99bc-86f59d273164-22596","trial_id":6,"step":75000,"intermediate_value":130944992.6}
{"op_code":6,"worker_id":"8eeea28e-81d3-4af3-99bc-86f59d273164-22596","trial_id":6,"state":2,"values":[130944992.6],"datetime_complete":"2026-10-07T01:52:08.484149"}
{"op_code":4,"worker_id":"8eeea28e-81d3-4af3-99bc-86f59d273164-22596","study_id":0,"datetime_start":"2026-10-07T01:52:08.759486"}
{"op_code":5,"worker_id":"8eeea28e-81d3-4af3-99bc-86f59d273164-22596","trial_id":7,"param_name":"learning-rate","param_value_internal":0.0016319488770709706,"distribution":"{\"name\": \"FloatDistribution\", \"attributes\": {\"step\": null, \"low\": 0.0001, \"high\": 0.003, \"log\": true}}"}
{"op_code":5,"worker_id":"8eeea28e-81d3-4af3-99bc-86f59d273164-22596","trial_id":7,"param_name":"rollout-size","param_value_internal":1,"distribution":"{\"name\": \"CategoricalDistribution\", \"attributes\": {\"choices\": [20, 80, 320]}}"}
{"op_code":5,"worker_id":"8eeea28e-81d3-4af3-99bc-86f59d273164-22596","trial_id":7,"param_name":"gamma","param_value_internal":2,"distribution":"{\"name\": \"CategoricalDistribution\", \"attributes\": {\"choices\": [0.99, 0.995, 0.999]}}"}
{"op_code":5,"worker_id":"8eeea28e-81d3-4af3-99bc-86f59d273164-22596","trial_id":7,"param_name":"gae-lambda","param_value_internal":1,"distribution":"{\"name\": \"CategoricalDistribution\", \"attributes\": {\"choices\": [0.9, 0.95, 1.0]}}"}
{"op_code":5,"worker_id":"8eeea28e-81d3-4af3-99bc-86f59d273164-22596","trial_id":7,"param_name":"ent-coef","param_value_internal":0.000501819043124292,"distribution":"{\"name\": \"FloatDistribution\", \"attributes\": {\"step\": null, \"low\": 0.0001, \"high\": 0.03, \"log\": true}}"}
{"op_code":8,"worker_id":"8eeea28e-81d3-4af3-99bc-86f59d273164-22596","trial_id":7,"user_attr":{"train_argv":"--option 0 --reward-mode objective --objectives tardiness_sq --lambda-late 1.0 --lambda-energy 1.0 --power-model linear --difficulty off_tf05 --timesteps 300000 --save-tag tune_off_tf05_o0pmlubr_a2c_t7 --n-envs 4 --vec-backend subproc --seed 0 --algo a2c --markov-obs --lookahead --fixed-scaling --critic-arrivals --lateness-shaping --policy-arch pointer --learning-rate 0.00163195 --rollout-size 80 --gamma 0.999 --gae-lambda 0.95 --ent-coef 0.000501819"}}
{"op_code":7,"worker_id":"8eeea28e-81d3-4af3-99bc-86f59d273164-22596","trial_id":7,"step":75000,"intermediate_value":195519.6}
{"op_code":7,"worker_id":"8eeea28e-81d3-4af3-99bc-86f59d273164-22596","trial_id":7,"step":150000,"intermediate_value":208330.2}
{"op_code":7,"worker_id":"8eeea28e-81d3-4af3-99bc-86f59d273164-22596","trial_id":7,"step":225000,"intermediate_value":203400.8}
{"op_code":6,"worker_id":"8eeea28e-81d3-4af3-99bc-86f59d273164-22596","trial_id":7,"state":1,"values":[230497.85],"datetime_complete":"2026-10-07T01:57:29.313619"}
{"op_code":4,"worker_id":"8eeea28e-81d3-4af3-99bc-86f59d273164-22596","study_id":0,"datetime_start":"2026-10-07T01:57:29.599639"}
{"op_code":5,"worker_id":"8eeea28e-81d3-4af3-99bc-86f59d273164-22596","trial_id":8,"param_name":"learning-rate","param_value_internal":0.00015050290935598963,"distribution":"{\"name\": \"FloatDistribution\", \"attributes\": {\"step\": null, \"low\": 0.0001, \"high\": 0.003, \"log\": true}}"}
{"op_code":5,"worker_id":"8eeea28e-81d3-4af3-99bc-86f59d273164-22596","trial_id":8,"param_name":"rollout-size","param_value_internal":2,"distribution":"{\"name\": \"CategoricalDistribution\", \"attributes\": {\"choices\": [20, 80, 320]}}"}
{"op_code":5,"worker_id":"8eeea28e-81d3-4af3-99bc-86f59d273164-22596","trial_id":8,"param_name":"gamma","param_value_internal":2,"distribution":"{\"name\": \"CategoricalDistribution\", \"attributes\": {\"choices\": [0.99, 0.995, 0.999]}}"}
{"op_code":5,"worker_id":"8eeea28e-81d3-4af3-99bc-86f59d273164-22596","trial_id":8,"param_name":"gae-lambda","param_value_internal":0,"distribution":"{\"name\": \"CategoricalDistribution\", \"attributes\": {\"choices\": [0.9, 0.95, 1.0]}}"}
{"op_code":5,"worker_id":"8eeea28e-81d3-4af3-99bc-86f59d273164-22596","trial_id":8,"param_name":"ent-coef","param_value_internal":0.00017088424969157387,"distribution":"{\"name\": \"FloatDistribution\", \"attributes\": {\"step\": null, \"low\": 0.0001, \"high\": 0.03, \"log\": true}}"}
{"op_code":8,"worker_id":"8eeea28e-81d3-4af3-99bc-86f59d273164-22596","trial_id":8,"user_attr":{"train_argv":"--option 0 --reward-mode objective --objectives tardiness_sq --lambda-late 1.0 --lambda-energy 1.0 --power-model linear --difficulty off_tf05 --timesteps 300000 --save-tag tune_off_tf05_o0pmlubr_a2c_t8 --n-envs 4 --vec-backend subproc --seed 0 --algo a2c --markov-obs --lookahead --fixed-scaling --critic-arrivals --lateness-shaping --policy-arch pointer --learning-rate 0.000150503 --rollout-size 320 --gamma 0.999 --gae-lambda 0.9 --ent-coef 0.000170884"}}
{"op_code":7,"worker_id":"8eeea28e-81d3-4af3-99bc-86f59d273164-22596","trial_id":8,"step":75000,"intermediate_value":4028992.0}
{"op_code":6,"worker_id":"8eeea28e-81d3-4af3-99bc-86f59d273164-22596","trial_id":8,"state":2,"values":[4028992.0],"datetime_complete":"2026-10-07T01:58:57.205605"}
{"op_code":4,"worker_id":"8eeea28e-81d3-4af3-99bc-86f59d273164-22596","study_id":0,"datetime_start":"2026-10-07T01:58:57.451406"}
{"op_code":5,"worker_id":"8eeea28e-81d3-4af3-99bc-86f59d273164-22596","trial_id":9,"param_name":"learning-rate","param_value_internal":0.0007091576793635641,"distribution":"{\"name\": \"FloatDistribution\", \"attributes\": {\"step\": null, \"low\": 0.0001, \"high\": 0.003, \"log\": true}}"}
{"op_code":5,"worker_id":"8eeea28e-81d3-4af3-99bc-86f59d273164-22596","trial_id":9,"param_name":"rollout-size","param_value_internal":0,"distribution":"{\"name\": \"CategoricalDistribution\", \"attributes\": {\"choices\": [20, 80, 320]}}"}
{"op_code":5,"worker_id":"8eeea28e-81d3-4af3-99bc-86f59d273164-22596","trial_id":9,"param_name":"gamma","param_value_internal":1,"distribution":"{\"name\": \"CategoricalDistribution\", \"attributes\": {\"choices\": [0.99, 0.995, 0.999]}}"}
{"op_code":5,"worker_id":"8eeea28e-81d3-4af3-99bc-86f59d273164-22596","trial_id":9,"param_name":"gae-lambda","param_value_internal":1,"distribution":"{\"name\": \"CategoricalDistribution\", \"attributes\": {\"choices\": [0.9, 0.95, 1.0]}}"}
{"op_code":5,"worker_id":"8eeea28e-81d3-4af3-99bc-86f59d273164-22596","trial_id":9,"param_name":"ent-coef","param_value_internal":0.011307978270179144,"distribution":"{\"name\": \"FloatDistribution\", \"attributes\": {\"step\": null, \"low\": 0.0001, \"high\": 0.03, \"log\": true}}"}
{"op_code":8,"worker_id":"8eeea28e-81d3-4af3-99bc-86f59d273164-22596","trial_id":9,"user_attr":{"train_argv":"--option 0 --reward-mode objective --objectives tardiness_sq --lambda-late 1.0 --lambda-energy 1.0 --power-model linear --difficulty off_tf05 --timesteps 300000 --save-tag tune_off_tf05_o0pmlubr_a2c_t9 --n-envs 4 --vec-backend subproc --seed 0 --algo a2c --markov-obs --lookahead --fixed-scaling --critic-arrivals --lateness-shaping --policy-arch pointer --learning-rate 0.000709158 --rollout-size 20 --gamma 0.995 --gae-lambda 0.95 --ent-coef 0.011308"}}
{"op_code":7,"worker_id":"8eeea28e-81d3-4af3-99bc-86f59d273164-22596","trial_id":9,"step":75000,"intermediate_value":225077.0}
{"op_code":7,"worker_id":"8eeea28e-81d3-4af3-99bc-86f59d273164-22596","trial_id":9,"step":150000,"intermediate_value":218306.4}
{"op_code":7,"worker_id":"8eeea28e-81d3-4af3-99bc-86f59d273164-22596","trial_id":9,"step":225000,"intermediate_value":216613.8}
{"op_code":6,"worker_id":"8eeea28e-81d3-4af3-99bc-86f59d273164-22596","trial_id":9,"state":1,"values":[214039.65],"datetime_complete":"2026-10-07T02:05:34.389724"}
{"op_code":4,"worker_id":"8eeea28e-81d3-4af3-99bc-86f59d273164-22596","study_id":0,"datetime_start":"2026-10-07T02:05:34.646553"}
{"op_code":5,"worker_id":"8eeea28e-81d3-4af3-99bc-86f59d273164-22596","trial_id":10,"param_name":"learning-rate","param_value_internal":0.0024827793806799356,"distribution":"{\"name\": \"FloatDistribution\", \"attributes\": {\"step\": null, \"low\": 0.0001, \"high\": 0.003, \"log\": true}}"}
{"op_code":5,"worker_id":"8eeea28e-81d3-4af3-99bc-86f59d273164-22596","trial_id":10,"param_name":"rollout-size","param_value_internal":2,"distribution":"{\"name\": \"CategoricalDistribution\", \"attributes\": {\"choices\": [20, 80, 320]}}"}
{"op_code":5,"worker_id":"8eeea28e-81d3-4af3-99bc-86f59d273164-22596","trial_id":10,"param_name":"gamma","param_value_internal":0,"distribution":"{\"name\": \"CategoricalDistribution\", \"attributes\": {\"choices\": [0.99, 0.995, 0.999]}}"}
{"op_code":5,"worker_id":"8eeea28e-81d3-4af3-99bc-86f59d273164-22596","trial_id":10,"param_name":"gae-lambda","param_value_internal":1,"distribution":"{\"name\": \"CategoricalDistribution\", \"attributes\": {\"choices\": [0.9, 0.95, 1.0]}}"}
{"op_code":5,"worker_id":"8eeea28e-81d3-4af3-99bc-86f59d273164-22596","trial_id":10,"param_name":"ent-coef","param_value_internal":0.0027870452822917,"distribution":"{\"name\": \"FloatDistribution\", \"attributes\": {\"step\": null, \"low\": 0.0001, \"high\": 0.03, \"log\": true}}"}
{"op_code":8,"worker_id":"8eeea28e-81d3-4af3-99bc-86f59d273164-22596","trial_id":10,"user_attr":{"train_argv":"--option 0 --reward-mode objective --objectives tardiness_sq --lambda-late 1.0 --lambda-energy 1.0 --power-model linear --difficulty off_tf05 --timesteps 300000 --save-tag tune_off_tf05_o0pmlubr_a2c_t10 --n-envs 4 --vec-backend subproc --seed 0 --algo a2c --markov-obs --lookahead --fixed-scaling --critic-arrivals --lateness-shaping --policy-arch pointer --learning-rate 0.00248278 --rollout-size 320 --gamma 0.99 --gae-lambda 0.95 --ent-coef 0.00278705"}}
{"op_code":7,"worker_id":"8eeea28e-81d3-4af3-99bc-86f59d273164-22596","trial_id":10,"step":75000,"intermediate_value":218218.4}
{"op_code":7,"worker_id":"8eeea28e-81d3-4af3-99bc-86f59d273164-22596","trial_id":10,"step":150000,"intermediate_value":210563.0}
{"op_code":7,"worker_id":"8eeea28e-81d3-4af3-99bc-86f59d273164-22596","trial_id":10,"step":225000,"intermediate_value":210452.0}
{"op_code":6,"worker_id":"8eeea28e-81d3-4af3-99bc-86f59d273164-22596","trial_id":10,"state":1,"values":[217676.7],"datetime_complete":"2026-10-07T02:10:53.822700"}
{"op_code":4,"worker_id":"8eeea28e-81d3-4af3-99bc-86f59d273164-22596","study_id":0,"datetime_start":"2026-10-07T02:10:54.107559"}
{"op_code":5,"worker_id":"8eeea28e-81d3-4af3-99bc-86f59d273164-22596","trial_id":11,"param_name":"learning-rate","param_value_internal":0.00034970589080539664,"distribution":"{\"name\": \"FloatDistribution\", \"attributes\": {\"step\": null, \"low\": 0.0001, \"high\": 0.003, \"log\": true}}"}
{"op_code":5,"worker_id":"8eeea28e-81d3-4af3-99bc-86f59d273164-22596","trial_id":11,"param_name":"rollout-size","param_value_internal":0,"distribution":"{\"name\": \"CategoricalDistribution\", \"attributes\": {\"choices\": [20, 80, 320]}}"}
{"op_code":5,"worker_id":"8eeea28e-81d3-4af3-99bc-86f59d273164-22596","trial_id":11,"param_name":"gamma","param_value_internal":1,"distribution":"{\"name\": \"CategoricalDistribution\", \"attributes\": {\"choices\": [0.99, 0.995, 0.999]}}"}
{"op_code":5,"worker_id":"8eeea28e-81d3-4af3-99bc-86f59d273164-22596","trial_id":11,"param_name":"gae-lambda","param_value_internal":2,"distribution":"{\"name\": \"CategoricalDistribution\", \"attributes\": {\"choices\": [0.9, 0.95, 1.0]}}"}
{"op_code":5,"worker_id":"8eeea28e-81d3-4af3-99bc-86f59d273164-22596","trial_id":11,"param_name":"ent-coef","param_value_internal":0.001086774412795891,"distribution":"{\"name\": \"FloatDistribution\", \"attributes\": {\"step\": null, \"low\": 0.0001, \"high\": 0.03, \"log\": true}}"}
{"op_code":8,"worker_id":"8eeea28e-81d3-4af3-99bc-86f59d273164-22596","trial_id":11,"user_attr":{"train_argv":"--option 0 --reward-mode objective --objectives tardiness_sq --lambda-late 1.0 --lambda-energy 1.0 --power-model linear --difficulty off_tf05 --timesteps 300000 --save-tag tune_off_tf05_o0pmlubr_a2c_t11 --n-envs 4 --vec-backend subproc --seed 0 --algo a2c --markov-obs --lookahead --fixed-scaling --critic-arrivals --lateness-shaping --policy-arch pointer --learning-rate 0.000349706 --rollout-size 20 --gamma 0.995 --gae-lambda 1 --ent-coef 0.00108677"}}
{"op_code":7,"worker_id":"8eeea28e-81d3-4af3-99bc-86f59d273164-22596","trial_id":11,"step":75000,"intermediate_value":239870.6}
{"op_code":6,"worker_id":"8eeea28e-81d3-4af3-99bc-86f59d273164-22596","trial_id":11,"state":2,"values":[239870.6],"datetime_complete":"2026-10-07T02:12:35.726773"}
{"op_code":0,"worker_id":"efa0d21a-309b-45c1-a9e7-83ec3633c21b-38892","study_name":"off_tf05_o0pmlubr_a2c","directions":[1]}
