{"op_code":0,"worker_id":"33fdd152-da97-47ee-9b30-234b5c0288f6-12340","study_name":"on_rho095_o2mlubrze","directions":[1]}
{"op_code":4,"worker_id":"33fdd152-da97-47ee-9b30-234b5c0288f6-12340","study_id":0,"datetime_start":null,"state":4,"value":null,"values":null,"distributions":{},"params":{},"user_attrs":{"defaults":true},"system_attrs":{"fixed_params":{}},"intermediate_values":{}}
{"op_code":6,"worker_id":"33fdd152-da97-47ee-9b30-234b5c0288f6-12340","trial_id":0,"state":0,"values":null,"datetime_start":"2026-10-07T19:32:19.096732"}
{"op_code":8,"worker_id":"33fdd152-da97-47ee-9b30-234b5c0288f6-12340","trial_id":0,"user_attr":{"train_argv":"--option 2 --reward-mode objective --objectives tardiness_sq --lambda-late 1.0 --lambda-energy 1.0 --power-model linear --difficulty on_rho095 --timesteps 300000 --save-tag tune_on_rho095_o2mlubrze_t0 --n-envs 4 --vec-backend subproc --seed 0 --algo ppo --markov-obs --lookahead --fixed-scaling --critic-arrivals --lateness-shaping --normalize-reward --event-idle"}}
{"op_code":7,"worker_id":"33fdd152-da97-47ee-9b30-234b5c0288f6-12340","trial_id":0,"step":75000,"intermediate_value":91128.8}
{"op_code":7,"worker_id":"33fdd152-da97-47ee-9b30-234b5c0288f6-12340","trial_id":0,"step":150000,"intermediate_value":54507.6}
{"op_code":0,"worker_id":"57f64b9a-3a59-4dde-853f-3c91a0e799f6-464","study_name":"on_rho095_o2mlubrze","directions":[1]}
{"op_code":7,"worker_id":"33fdd152-da97-47ee-9b30-234b5c0288f6-12340","trial_id":0,"step":225000,"intermediate_value":34771.4}
{"op_code":0,"worker_id":"e7479582-078d-45a4-a287-029ca9c733e3-31116","study_name":"on_rho095_o2mlubrze","directions":[1]}
{"op_code":0,"worker_id":"c85ad711-cfc2-4a2b-8153-e45486546d0e-31800","study_name":"on_rho095_o2mlubrze","directions":[1]}
{"op_code":8,"worker_id":"c85ad711-cfc2-4a2b-8153-e45486546d0e-31800","trial_id":0,"user_attr":{"interrupted":true}}
{"op_code":6,"worker_id":"c85ad711-cfc2-4a2b-8153-e45486546d0e-31800","trial_id":0,"state":3,"values":null,"datetime_complete":"2026-10-07T23:05:21.951731"}
{"op_code":4,"worker_id":"c85ad711-cfc2-4a2b-8153-e45486546d0e-31800","study_id":0,"datetime_start":null,"state":4,"value":null,"values":null,"distributions":{},"params":{},"user_attrs":{"rerun_of":0,"defaults":true},"system_attrs":{"fixed_params":{}},"intermediate_values":{}}
{"op_code":0,"worker_id":"0e46dd3e-cf5d-4e37-b73e-e52376326cdb-31860","study_name":"on_rho095_o2mlubrze","directions":[1]}
{"op_code":6,"worker_id":"0e46dd3e-cf5d-4e37-b73e-e52376326cdb-31860","trial_id":1,"state":0,"values":null,"datetime_start":"2026-10-07T23:07:38.085991"}
{"op_code":8,"worker_id":"0e46dd3e-cf5d-4e37-b73e-e52376326cdb-31860","trial_id":1,"user_attr":{"train_argv":"--option 2 --reward-mode objective --objectives tardiness_sq --lambda-late 1.0 --lambda-energy 1.0 --power-model linear --difficulty on_rho095 --timesteps 300000 --save-tag tune_on_rho095_o2mlubrze_t1 --n-envs 4 --vec-backend subproc --seed 0 --algo ppo --markov-obs --lookahead --fixed-scaling --critic-arrivals --lateness-shaping --normalize-reward --event-idle"}}
{"op_code":0,"worker_id":"494af488-55a6-45b9-ad61-4d491cc4a1b5-1916","study_name":"on_rho095_o2mlubrze","directions":[1]}
{"op_code":0,"worker_id":"2eafcaaa-d15c-45e3-91e3-5f3bac2d346f-36524","study_name":"on_rho095_o2mlubrze","directions":[1]}
{"op_code":4,"worker_id":"2eafcaaa-d15c-45e3-91e3-5f3bac2d346f-36524","study_id":0,"datetime_start":"2026-10-07T23:15:25.264494"}
{"op_code":5,"worker_id":"2eafcaaa-d15c-45e3-91e3-5f3bac2d346f-36524","trial_id":2,"param_name":"learning-rate","param_value_internal":0.00012947776733736072,"distribution":"{\"name\": \"FloatDistribution\", \"attributes\": {\"step\": null, \"low\": 3e-05, \"high\": 0.001, \"log\": true}}"}
{"op_code":5,"worker_id":"2eafcaaa-d15c-45e3-91e3-5f3bac2d346f-36524","trial_id":2,"param_name":"rollout-size","param_value_internal":0,"distribution":"{\"name\": \"CategoricalDistribution\", \"attributes\": {\"choices\": [2048, 4096, 8192, 16384]}}"}
{"op_code":5,"worker_id":"2eafcaaa-d15c-45e3-91e3-5f3bac2d346f-36524","trial_id":2,"param_name":"batch-size","param_value_internal":2,"distribution":"{\"name\": \"CategoricalDistribution\", \"attributes\": {\"choices\": [64, 256, 1024]}}"}
{"op_code":5,"worker_id":"2eafcaaa-d15c-45e3-91e3-5f3bac2d346f-36524","trial_id":2,"param_name":"n-epochs","param_value_internal":1,"distribution":"{\"name\": \"CategoricalDistribution\", \"attributes\": {\"choices\": [3, 5, 10]}}"}
{"op_code":5,"worker_id":"2eafcaaa-d15c-45e3-91e3-5f3bac2d346f-36524","trial_id":2,"param_name":"gamma","param_value_internal":2,"distribution":"{\"name\": \"CategoricalDistribution\", \"attributes\": {\"choices\": [0.99, 0.995, 0.999]}}"}
{"op_code":5,"worker_id":"2eafcaaa-d15c-45e3-91e3-5f3bac2d346f-36524","trial_id":2,"param_name":"gae-lambda","param_value_internal":1,"distribution":"{\"name\": \"CategoricalDistribution\", \"attributes\": {\"choices\": [0.9, 0.95, 0.98]}}"}
{"op_code":5,"worker_id":"2eafcaaa-d15c-45e3-91e3-5f3bac2d346f-36524","trial_id":2,"param_name":"clip-range","param_value_internal":0,"distribution":"{\"name\": \"CategoricalDistribution\", \"attributes\": {\"choices\": [0.1, 0.2, 0.3]}}"}
{"op_code":5,"worker_id":"2eafcaaa-d15c-45e3-91e3-5f3bac2d346f-36524","trial_id":2,"param_name":"ent-coef","param_value_internal":0.009628117698906266,"distribution":"{\"name\": \"FloatDistribution\", \"attributes\": {\"step\": null, \"low\": 0.0001, \"high\": 0.03, \"log\": true}}"}
{"op_code":8,"worker_id":"2eafcaaa-d15c-45e3-91e3-5f3bac2d346f-36524","trial_id":2,"user_attr":{"train_argv":"--option 2 --reward-mode objective --objectives tardiness_sq --lambda-late 1.0 --lambda-energy 1.0 --power-model linear --difficulty on_rho095 --timesteps 300000 --save-tag tune_on_rho095_o2mlubrze_t2 --n-envs 4 --vec-backend subproc --seed 0 --algo ppo --markov-obs --lookahead --fixed-scaling --critic-arrivals --lateness-shaping --normalize-reward --event-idle --learning-rate 0.000129478 --rollout-size 2048 --batch-size 1024 --n-epochs 5 --gamma 0.999 --gae-lambda 0.95 --clip-range 0.1 --ent-coef 0.00962812"}}
{"op_code":7,"worker_id":"0e46dd3e-cf5d-4e37-b73e-e52376326cdb-31860","trial_id":1,"step":75000,"intermediate_value":91128.8}
{"op_code":0,"worker_id":"902b32fb-7f0e-454e-91f7-56b304d81eed-37176","study_name":"on_rho095_o2mlubrze","directions":[1]}
{"op_code":7,"worker_id":"0e46dd3e-cf5d-4e37-b73e-e52376326cdb-31860","trial_id":1,"step":150000,"intermediate_value":54507.6}
{"op_code":7,"worker_id":"0e46dd3e-cf5d-4e37-b73e-e52376326cdb-31860","trial_id":1,"step":225000,"intermediate_value":34771.4}
{"op_code":6,"worker_id":"0e46dd3e-cf5d-4e37-b73e-e52376326cdb-31860","trial_id":1,"state":1,"values":[38609.8],"datetime_complete":"2026-10-08T03:23:07.446669"}
{"op_code":4,"worker_id":"0e46dd3e-cf5d-4e37-b73e-e52376326cdb-31860","study_id":0,"datetime_start":"2026-10-08T03:23:08.021790"}
{"op_code":5,"worker_id":"0e46dd3e-cf5d-4e37-b73e-e52376326cdb-31860","trial_id":3,"param_name":"learning-rate","param_value_internal":0.00020554062603827,"distribution":"{\"name\": \"FloatDistribution\", \"attributes\": {\"step\": null, \"low\": 3e-05, \"high\": 0.001, \"log\": true}}"}
{"op_code":5,"worker_id":"0e46dd3e-cf5d-4e37-b73e-e52376326cdb-31860","trial_id":3,"param_name":"rollout-size","param_value_internal":0,"distribution":"{\"name\": \"CategoricalDistribution\", \"attributes\": {\"choices\": [2048, 4096, 8192, 16384]}}"}
{"op_code":5,"worker_id":"0e46dd3e-cf5d-4e37-b73e-e52376326cdb-31860","trial_id":3,"param_name":"batch-size","param_value_internal":2,"distribution":"{\"name\": \"CategoricalDistribution\", \"attributes\": {\"choices\": [64, 256, 1024]}}"}
{"op_code":5,"worker_id":"0e46dd3e-cf5d-4e37-b73e-e52376326cdb-31860","trial_id":3,"param_name":"n-epochs","param_value_internal":0,"distribution":"{\"name\": \"CategoricalDistribution\", \"attributes\": {\"choices\": [3, 5, 10]}}"}
{"op_code":5,"worker_id":"0e46dd3e-cf5d-4e37-b73e-e52376326cdb-31860","trial_id":3,"param_name":"gamma","param_value_internal":2,"distribution":"{\"name\": \"CategoricalDistribution\", \"attributes\": {\"choices\": [0.99, 0.995, 0.999]}}"}
{"op_code":5,"worker_id":"0e46dd3e-cf5d-4e37-b73e-e52376326cdb-31860","trial_id":3,"param_name":"gae-lambda","param_value_internal":1,"distribution":"{\"name\": \"CategoricalDistribution\", \"attributes\": {\"choices\": [0.9, 0.95, 0.98]}}"}
{"op_code":5,"worker_id":"0e46dd3e-cf5d-4e37-b73e-e52376326cdb-31860","trial_id":3,"param_name":"clip-range","param_value_internal":2,"distribution":"{\"name\": \"CategoricalDistribution\", \"attributes\": {\"choices\": [0.1, 0.2, 0.3]}}"}
{"op_code":5,"worker_id":"0e46dd3e-cf5d-4e37-b73e-e52376326cdb-31860","trial_id":3,"param_name":"ent-coef","param_value_internal":0.02655561084998941,"distribution":"{\"name\": \"FloatDistribution\", \"attributes\": {\"step\": null, \"low\": 0.0001, \"high\": 0.03, \"log\": true}}"}
{"op_code":8,"worker_id":"0e46dd3e-cf5d-4e37-b73e-e52376326cdb-31860","trial_id":3,"user_attr":{"train_argv":"--option 2 --reward-mode objective --objectives tardiness_sq --lambda-late 1.0 --lambda-energy 1.0 --power-model linear --difficulty on_rho095 --timesteps 300000 --save-tag tune_on_rho095_o2mlubrze_t3 --n-envs 4 --vec-backend subproc --seed 0 --algo ppo --markov-obs --lookahead --fixed-scaling --critic-arrivals --lateness-shaping --normalize-reward --event-idle --learning-rate 0.000205541 --rollout-size 2048 --batch-size 1024 --n-epochs 3 --gamma 0.999 --gae-lambda 0.95 --clip-range 0.3 --ent-coef 0.0265556"}}
{"op_code":7,"worker_id":"0e46dd3e-cf5d-4e37-b73e-e52376326cdb-31860","trial_id":3,"step":75000,"intermediate_value":161512.4}
{"op_code":7,"worker_id":"0e46dd3e-cf5d-4e37-b73e-e52376326cdb-31860","trial_id":3,"step":150000,"intermediate_value":241311.0}
{"op_code":7,"worker_id":"0e46dd3e-cf5d-4e37-b73e-e52376326cdb-31860","trial_id":3,"step":225000,"intermediate_value":449892.6}
{"op_code":6,"worker_id":"0e46dd3e-cf5d-4e37-b73e-e52376326cdb-31860","trial_id":3,"state":1,"values":[432023.8],"datetime_complete":"2026-10-08T04:52:37.464755"}
{"op_code":4,"worker_id":"0e46dd3e-cf5d-4e37-b73e-e52376326cdb-31860","study_id":0,"datetime_start":"2026-10-08T04:52:37.967568"}
{"op_code":5,"worker_id":"0e46dd3e-cf5d-4e37-b73e-e52376326cdb-31860","trial_id":4,"param_name":"learning-rate","param_value_internal":0.0004944733002746453,"distribution":"{\"name\": \"FloatDistribution\", \"attributes\": {\"step\": null, \"low\": 3e-05, \"high\": 0.001, \"log\": true}}"}
{"op_code":5,"worker_id":"0e46dd3e-cf5d-4e37-b73e-e52376326cdb-31860","trial_id":4,"param_name":"rollout-size","param_value_internal":1,"distribution":"{\"name\": \"CategoricalDistribution\", \"attributes\": {\"choices\": [2048, 4096, 8192, 16384]}}"}
{"op_code":5,"worker_id":"0e46dd3e-cf5d-4e37-b73e-e52376326cdb-31860","trial_id":4,"param_name":"batch-size","param_value_internal":1,"distribution":"{\"name\": \"CategoricalDistribution\", \"attributes\": {\"choices\": [64, 256, 1024]}}"}
{"op_code":5,"worker_id":"0e46dd3e-cf5d-4e37-b73e-e52376326cdb-31860","trial_id":4,"param_name":"n-epochs","param_value_internal":2,"distribution":"{\"name\": \"CategoricalDistribution\", \"attributes\": {\"choices\": [3, 5, 10]}}"}
{"op_code":5,"worker_id":"0e46dd3e-cf5d-4e37-b73e-e52376326cdb-31860","trial_id":4,"param_name":"gamma","param_value_internal":1,"distribution":"{\"name\": \"CategoricalDistribution\", \"attributes\": {\"choices\": [0.99, 0.995, 0.999]}}"}
{"op_code":5,"worker_id":"0e46dd3e-cf5d-4e37-b73e-e52376326cdb-31860","trial_id":4,"param_name":"gae-lambda","param_value_internal":0,"distribution":"{\"name\": \"CategoricalDistribution\", \"attributes\": {\"choices\": [0.9, 0.95, 0.98]}}"}
{"op_code":5,"worker_id":"0e46dd3e-cf5d-4e37-b73e-e52376326cdb-31860","trial_id":4,"param_name":"clip-range","param_value_internal":0,"distribution":"{\"name\": \"CategoricalDistribution\", \"attributes\": {\"choices\": [0.1, 0.2, 0.3]}}"}
{"op_code":5,"worker_id":"0e46dd3e-cf5d-4e37-b73e-e52376326cdb-31860","trial_id":4,"param_name":"ent-coef","param_value_internal":0.0012094311268425492,"distribution":"{\"name\": \"FloatDistribution\", \"attributes\": {\"step\": null, \"low\": 0.0001, \"high\": 0.03, \"log\": true}}"}
{"op_code":8,"worker_id":"0e46dd3e-cf5d-4e37-b73e-e52376326cdb-31860","trial_id":4,"user_attr":{"train_argv":"--option 2 --reward-mode objective --objectives tardiness_sq --lambda-late 1.0 --lambda-energy 1.0 --power-model linear --difficulty on_rho095 --timesteps 300000 --save-tag tune_on_rho095_o2mlubrze_t4 --n-envs 4 --vec-backend subproc --seed 0 --algo ppo --markov-obs --lookahead --fixed-scaling --critic-arrivals --lateness-shaping --normalize-reward --event-idle --learning-rate 0.000494473 --rollout-size 4096 --batch-size 256 --n-epochs 10 --gamma 0.995 --gae-lambda 0.9 --clip-range 0.1 --ent-coef 0.00120943"}}
{"op_code":0,"worker_id":"3eb2e737-a1b3-4ee7-8bdb-23caabf14074-17132","study_name":"on_rho095_o2mlubrze","directions":[1]}
{"op_code":7,"worker_id":"0e46dd3e-cf5d-4e37-b73e-e52376326cdb-31860","trial_id":4,"step":75000,"intermediate_value":109156.0}
{"op_code":7,"worker_id":"0e46dd3e-cf5d-4e37-b73e-e52376326cdb-31860","trial_id":4,"step":150000,"intermediate_value":70842.4}
{"op_code":7,"worker_id":"0e46dd3e-cf5d-4e37-b73e-e52376326cdb-31860","trial_id":4,"step":225000,"intermediate_value":59368.0}
{"op_code":0,"worker_id":"076a9093-6591-4e93-bb86-c9e2077c091b-5576","study_name":"on_rho095_o2mlubrze","directions":[1]}
{"op_code":6,"worker_id":"0e46dd3e-cf5d-4e37-b73e-e52376326cdb-31860","trial_id":4,"state":1,"values":[64128.55],"datetime_complete":"2026-10-08T09:10:54.963502"}
{"op_code":4,"worker_id":"0e46dd3e-cf5d-4e37-b73e-e52376326cdb-31860","study_id":0,"datetime_start":"2026-10-08T09:10:55.518460"}
{"op_code":5,"worker_id":"0e46dd3e-cf5d-4e37-b73e-e52376326cdb-31860","trial_id":5,"param_name":"learning-rate","param_value_internal":0.0003463609921766881,"distribution":"{\"name\": \"FloatDistribution\", \"attributes\": {\"step\": null, \"low\": 3e-05, \"high\": 0.001, \"log\": true}}"}
{"op_code":5,"worker_id":"0e46dd3e-cf5d-4e37-b73e-e52376326cdb-31860","trial_id":5,"param_name":"rollout-size","param_value_internal":2,"distribution":"{\"name\": \"CategoricalDistribution\", \"attributes\": {\"choices\": [2048, 4096, 8192, 16384]}}"}
{"op_code":5,"worker_id":"0e46dd3e-cf5d-4e37-b73e-e52376326cdb-31860","trial_id":5,"param_name":"batch-size","param_value_internal":2,"distribution":"{\"name\": \"CategoricalDistribution\", \"attributes\": {\"choices\": [64, 256, 1024]}}"}
{"op_code":5,"worker_id":"0e46dd3e-cf5d-4e37-b73e-e52376326cdb-31860","trial_id":5,"param_name":"n-epochs","param_value_internal":2,"distribution":"{\"name\": \"CategoricalDistribution\", \"attributes\": {\"choices\": [3, 5, 10]}}"}
{"op_code":5,"worker_id":"0e46dd3e-cf5d-4e37-b73e-e52376326cdb-31860","trial_id":5,"param_name":"gamma","param_value_internal":1,"distribution":"{\"name\": \"CategoricalDistribution\", \"attributes\": {\"choices\": [0.99, 0.995, 0.999]}}"}
{"op_code":5,"worker_id":"0e46dd3e-cf5d-4e37-b73e-e52376326cdb-31860","trial_id":5,"param_name":"gae-lambda","param_value_internal":0,"distribution":"{\"name\": \"CategoricalDistribution\", \"attributes\": {\"choices\": [0.9, 0.95, 0.98]}}"}
{"op_code":5,"worker_id":"0e46dd3e-cf5d-4e37-b73e-e52376326cdb-31860","trial_id":5,"param_name":"clip-range","param_value_internal":0,"distribution":"{\"name\": \"CategoricalDistribution\", \"attributes\": {\"choices\": [0.1, 0.2, 0.3]}}"}
{"op_code":5,"worker_id":"0e46dd3e-cf5d-4e37-b73e-e52376326cdb-31860","trial_id":5,"param_name":"ent-coef","param_value_internal":0.0042248177213228075,"distribution":"{\"name\": \"FloatDistribution\", \"attributes\": {\"step\": null, \"low\": 0.0001, \"high\": 0.03, \"log\": true}}"}
{"op_code":8,"worker_id":"0e46dd3e-cf5d-4e37-b73e-e52376326cdb-31860","trial_id":5,"user_attr":{"train_argv":"--option 2 --reward-mode objective --objectives tardiness_sq --lambda-late 1.0 --lambda-energy 1.0 --power-model linear --difficulty on_rho095 --timesteps 300000 --save-tag tune_on_rho095_o2mlubrze_t5 --n-envs 4 --vec-backend subproc --seed 0 --algo ppo --markov-obs --lookahead --fixed-scaling --critic-arrivals --lateness-shaping --normalize-reward --event-idle --learning-rate 0.000346361 --rollout-size 8192 --batch-size 1024 --n-epochs 10 --gamma 0.995 --gae-lambda 0.9 --clip-range 0.1 --ent-coef 0.00422482"}}
{"op_code":7,"worker_id":"0e46dd3e-cf5d-4e37-b73e-e52376326cdb-31860","trial_id":5,"step":75000,"intermediate_value":211631.2}
{"op_code":7,"worker_id":"0e46dd3e-cf5d-4e37-b73e-e52376326cdb-31860","trial_id":5,"step":150000,"intermediate_value":192905.2}
{"op_code":0,"worker_id":"c796f59c-4931-4f01-96c6-dfe4d3539fa5-9800","study_name":"on_rho095_o2mlubrze","directions":[1]}
{"op_code":8,"worker_id":"c796f59c-4931-4f01-96c6-dfe4d3539fa5-9800","trial_id":2,"user_attr":{"stopped_early":true}}
{"op_code":6,"worker_id":"c796f59c-4931-4f01-96c6-dfe4d3539fa5-9800","trial_id":2,"state":3,"values":null,"datetime_complete":"2026-10-08T11:56:34.463221"}
{"op_code":8,"worker_id":"c796f59c-4931-4f01-96c6-dfe4d3539fa5-9800","trial_id":5,"user_attr":{"stopped_early":true}}
{"op_code":6,"worker_id":"c796f59c-4931-4f01-96c6-dfe4d3539fa5-9800","trial_id":5,"state":3,"values":null,"datetime_complete":"2026-10-08T11:56:34.476844"}
{"op_code":0,"worker_id":"9a33669a-2a35-4b94-bce1-48d11519c9f1-32732","study_name":"on_rho095_o2mlubrze","directions":[1]}
{"op_code":0,"worker_id":"1810e5e7-61e8-433c-aeff-3e71b02711c4-36448","study_name":"on_rho095_o2mlubrze","directions":[1]}
{"op_code":0,"worker_id":"f77df774-97ef-46b7-941c-c0509c39246c-38104","study_name":"on_rho095_o2mlubrze","directions":[1]}
{"op_code":0,"worker_id":"ed7480a7-f3ad-428d-8ab8-64d81cb785d7-36512","study_name":"on_rho095_o2mlubrze","directions":[1]}
{"op_code":0,"worker_id":"0f4c5aa2-46e2-424a-8fd6-f7507d815567-14944","study_name":"on_rho095_o2mlubrze","directions":[1]}
