{"op_code":0,"worker_id":"98842e31-4d78-4834-ae55-e678a387fc70-32360","study_name":"off_tf05_o3wnm","directions":[1]}
{"op_code":4,"worker_id":"98842e31-4d78-4834-ae55-e678a387fc70-32360","study_id":0,"datetime_start":"2026-10-06T07:00:27.502015"}
{"op_code":5,"worker_id":"98842e31-4d78-4834-ae55-e678a387fc70-32360","trial_id":0,"param_name":"learning-rate","param_value_internal":0.00020554062603827,"distribution":"{\"name\": \"FloatDistribution\", \"attributes\": {\"step\": null, \"low\": 3e-05, \"high\": 0.001, \"log\": true}}"}
{"op_code":5,"worker_id":"98842e31-4d78-4834-ae55-e678a387fc70-32360","trial_id":0,"param_name":"rollout-size","param_value_internal":0,"distribution":"{\"name\": \"CategoricalDistribution\", \"attributes\": {\"choices\": [2048, 4096, 8192, 16384]}}"}
{"op_code":5,"worker_id":"98842e31-4d78-4834-ae55-e678a387fc70-32360","trial_id":0,"param_name":"batch-size","param_value_internal":2,"distribution":"{\"name\": \"CategoricalDistribution\", \"attributes\": {\"choices\": [64, 256, 1024]}}"}
{"op_code":5,"worker_id":"98842e31-4d78-4834-ae55-e678a387fc70-32360","trial_id":0,"param_name":"n-epochs","param_value_internal":0,"distribution":"{\"name\": \"CategoricalDistribution\", \"attributes\": {\"choices\": [3, 5, 10]}}"}
{"op_code":5,"worker_id":"98842e31-4d78-4834-ae55-e678a387fc70-32360","trial_id":0,"param_name":"gamma","param_value_internal":2,"distribution":"{\"name\": \"CategoricalDistribution\", \"attributes\": {\"choices\": [0.99, 0.995, 0.999]}}"}
{"op_code":5,"worker_id":"98842e31-4d78-4834-ae55-e678a387fc70-32360","trial_id":0,"param_name":"gae-lambda","param_value_internal":1,"distribution":"{\"name\": \"CategoricalDistribution\", \"attributes\": {\"choices\": [0.9, 0.95, 0.98]}}"}
{"op_code":5,"worker_id":"98842e31-4d78-4834-ae55-e678a387fc70-32360","trial_id":0,"param_name":"clip-range","param_value_internal":2,"distribution":"{\"name\": \"CategoricalDistribution\", \"attributes\": {\"choices\": [0.1, 0.2, 0.3]}}"}
{"op_code":5,"worker_id":"98842e31-4d78-4834-ae55-e678a387fc70-32360","trial_id":0,"param_name":"ent-coef","param_value_internal":0.02655561084998941,"distribution":"{\"name\": \"FloatDistribution\", \"attributes\": {\"step\": null, \"low\": 0.0001, \"high\": 0.03, \"log\": true}}"}
{"op_code":8,"worker_id":"98842e31-4d78-4834-ae55-e678a387fc70-32360","trial_id":0,"user_attr":{"train_argv":"--option 3 --reward-mode objective --objectives tardiness_sq --lambda-late 1.0 --lambda-energy 1.0 --power-model linear --difficulty off_tf05 --timesteps 100000 --save-tag tune_off_tf05_o3wnm_t0 --n-envs 4 --vec-backend subproc --seed 0 --algo ppo --markov-obs --work-conserving --window-size 20 --learning-rate 0.000205541 --rollout-size 2048 --batch-size 1024 --n-epochs 3 --gamma 0.999 --gae-lambda 0.95 --clip-range 0.3 --ent-coef 0.0265556"}}
{"op_code":7,"worker_id":"98842e31-4d78-4834-ae55-e678a387fc70-32360","trial_id":0,"step":25000,"intermediate_value":135289.6}
{"op_code":7,"worker_id":"98842e31-4d78-4834-ae55-e678a387fc70-32360","trial_id":0,"step":50000,"intermediate_value":110953.0}
{"op_code":7,"worker_id":"98842e31-4d78-4834-ae55-e678a387fc70-32360","trial_id":0,"step":75000,"intermediate_value":103701.4}
{"op_code":6,"worker_id":"98842e31-4d78-4834-ae55-e678a387fc70-32360","trial_id":0,"state":1,"values":[102115.7],"datetime_complete":"2026-10-06T07:02:01.191826"}
{"op_code":4,"worker_id":"98842e31-4d78-4834-ae55-e678a387fc70-32360","study_id":0,"datetime_start":"2026-10-06T07:02:01.397338"}
{"op_code":5,"worker_id":"98842e31-4d78-4834-ae55-e678a387fc70-32360","trial_id":1,"param_name":"learning-rate","param_value_internal":0.0004944733002746453,"distribution":"{\"name\": \"FloatDistribution\", \"attributes\": {\"step\": null, \"low\": 3e-05, \"high\": 0.001, \"log\": true}}"}
{"op_code":5,"worker_id":"98842e31-4d78-4834-ae55-e678a387fc70-32360","trial_id":1,"param_name":"rollout-size","param_value_internal":1,"distribution":"{\"name\": \"CategoricalDistribution\", \"attributes\": {\"choices\": [2048, 4096, 8192, 16384]}}"}
{"op_code":5,"worker_id":"98842e31-4d78-4834-ae55-e678a387fc70-32360","trial_id":1,"param_name":"batch-size","param_value_internal":1,"distribution":"{\"name\": \"CategoricalDistribution\", \"attributes\": {\"choices\": [64, 256, 1024]}}"}
{"op_code":5,"worker_id":"98842e31-4d78-4834-ae55-e678a387fc70-32360","trial_id":1,"param_name":"n-epochs","param_value_internal":2,"distribution":"{\"name\": \"CategoricalDistribution\", \"attributes\": {\"choices\": [3, 5, 10]}}"}
{"op_code":5,"worker_id":"98842e31-4d78-4834-ae55-e678a387fc70-32360","trial_id":1,"param_name":"gamma","param_value_internal":1,"distribution":"{\"name\": \"CategoricalDistribution\", \"attributes\": {\"choices\": [0.99, 0.995, 0.999]}}"}
{"op_code":5,"worker_id":"98842e31-4d78-4834-ae55-e678a387fc70-32360","trial_id":1,"param_name":"gae-lambda","param_value_internal":0,"distribution":"{\"name\": \"CategoricalDistribution\", \"attributes\": {\"choices\": [0.9, 0.95, 0.98]}}"}
{"op_code":5,"worker_id":"98842e31-4d78-4834-ae55-e678a387fc70-32360","trial_id":1,"param_name":"clip-range","param_value_internal":0,"distribution":"{\"name\": \"CategoricalDistribution\", \"attributes\": {\"choices\": [0.1, 0.2, 0.3]}}"}
{"op_code":5,"worker_id":"98842e31-4d78-4834-ae55-e678a387fc70-32360","trial_id":1,"param_name":"ent-coef","param_value_internal":0.0012094311268425492,"distribution":"{\"name\": \"FloatDistribution\", \"attributes\": {\"step\": null, \"low\": 0.0001, \"high\": 0.03, \"log\": true}}"}
{"op_code":8,"worker_id":"98842e31-4d78-4834-ae55-e678a387fc70-32360","trial_id":1,"user_attr":{"train_argv":"--option 3 --reward-mode objective --objectives tardiness_sq --lambda-late 1.0 --lambda-energy 1.0 --power-model linear --difficulty off_tf05 --timesteps 100000 --save-tag tune_off_tf05_o3wnm_t1 --n-envs 4 --vec-backend subproc --seed 0 --algo ppo --markov-obs --work-conserving --window-size 20 --learning-rate 0.000494473 --rollout-size 4096 --batch-size 256 --n-epochs 10 --gamma 0.995 --gae-lambda 0.9 --clip-range 0.1 --ent-coef 0.00120943"}}
{"op_code":7,"worker_id":"98842e31-4d78-4834-ae55-e678a387fc70-32360","trial_id":1,"step":25000,"intermediate_value":69702.2}
{"op_code":7,"worker_id":"98842e31-4d78-4834-ae55-e678a387fc70-32360","trial_id":1,"step":50000,"intermediate_value":63446.8}
{"op_code":7,"worker_id":"98842e31-4d78-4834-ae55-e678a387fc70-32360","trial_id":1,"step":75000,"intermediate_value":57155.2}
{"op_code":6,"worker_id":"98842e31-4d78-4834-ae55-e678a387fc70-32360","trial_id":1,"state":1,"values":[52857.25],"datetime_complete":"2026-10-06T07:04:22.942226"}
{"op_code":4,"worker_id":"98842e31-4d78-4834-ae55-e678a387fc70-32360","study_id":0,"datetime_start":"2026-10-06T07:04:23.154288"}
{"op_code":5,"worker_id":"98842e31-4d78-4834-ae55-e678a387fc70-32360","trial_id":2,"param_name":"learning-rate","param_value_internal":0.0003463609921766881,"distribution":"{\"name\": \"FloatDistribution\", \"attributes\": {\"step\": null, \"low\": 3e-05, \"high\": 0.001, \"log\": true}}"}
{"op_code":5,"worker_id":"98842e31-4d78-4834-ae55-e678a387fc70-32360","trial_id":2,"param_name":"rollout-size","param_value_internal":2,"distribution":"{\"name\": \"CategoricalDistribution\", \"attributes\": {\"choices\": [2048, 4096, 8192, 16384]}}"}
{"op_code":5,"worker_id":"98842e31-4d78-4834-ae55-e678a387fc70-32360","trial_id":2,"param_name":"batch-size","param_value_internal":2,"distribution":"{\"name\": \"CategoricalDistribution\", \"attributes\": {\"choices\": [64, 256, 1024]}}"}
{"op_code":5,"worker_id":"98842e31-4d78-4834-ae55-e678a387fc70-32360","trial_id":2,"param_name":"n-epochs","param_value_internal":2,"distribution":"{\"name\": \"CategoricalDistribution\", \"attributes\": {\"choices\": [3, 5, 10]}}"}
{"op_code":5,"worker_id":"98842e31-4d78-4834-ae55-e678a387fc70-32360","trial_id":2,"param_name":"gamma","param_value_internal":1,"distribution":"{\"name\": \"CategoricalDistribution\", \"attributes\": {\"choices\": [0.99, 0.995, 0.999]}}"}
{"op_code":5,"worker_id":"98842e31-4d78-4834-ae55-e678a387fc70-32360","trial_id":2,"param_name":"gae-lambda","param_value_internal":0,"distribution":"{\"name\": \"CategoricalDistribution\", \"attributes\": {\"choices\": [0.9, 0.95, 0.98]}}"}
{"op_code":5,"worker_id":"98842e31-4d78-4834-ae55-e678a387fc70-32360","trial_id":2,"param_name":"clip-range","param_value_internal":0,"distribution":"{\"name\": \"CategoricalDistribution\", \"attributes\": {\"choices\": [0.1, 0.2, 0.3]}}"}
{"op_code":5,"worker_id":"98842e31-4d78-4834-ae55-e678a387fc70-32360","trial_id":2,"param_name":"ent-coef","param_value_internal":0.0042248177213228075,"distribution":"{\"name\": \"FloatDistribution\", \"attributes\": {\"step\": null, \"low\": 0.0001, \"high\": 0.03, \"log\": true}}"}
{"op_code":8,"worker_id":"98842e31-4d78-4834-ae55-e678a387fc70-32360","trial_id":2,"user_attr":{"train_argv":"--option 3 --reward-mode objective --objectives tardiness_sq --lambda-late 1.0 --lambda-energy 1.0 --power-model linear --difficulty off_tf05 --timesteps 100000 --save-tag tune_off_tf05_o3wnm_t2 --n-envs 4 --vec-backend subproc --seed 0 --algo ppo --markov-obs --work-conserving --window-size 20 --learning-rate 0.000346361 --rollout-size 8192 --batch-size 1024 --n-epochs 10 --gamma 0.995 --gae-lambda 0.9 --clip-range 0.1 --ent-coef 0.00422482"}}
{"op_code":7,"worker_id":"98842e31-4d78-4834-ae55-e678a387fc70-32360","trial_id":2,"step":25000,"intermediate_value":83187.4}
{"op_code":7,"worker_id":"98842e31-4d78-4834-ae55-e678a387fc70-32360","trial_id":2,"step":50000,"intermediate_value":74623.8}
{"op_code":7,"worker_id":"98842e31-4d78-4834-ae55-e678a387fc70-32360","trial_id":2,"step":75000,"intermediate_value":75646.2}
{"op_code":6,"worker_id":"98842e31-4d78-4834-ae55-e678a387fc70-32360","trial_id":2,"state":1,"values":[79685.35],"datetime_complete":"2026-10-06T07:06:52.380131"}
{"op_code":4,"worker_id":"98842e31-4d78-4834-ae55-e678a387fc70-32360","study_id":0,"datetime_start":"2026-10-06T07:06:52.531406"}
{"op_code":5,"worker_id":"98842e31-4d78-4834-ae55-e678a387fc70-32360","trial_id":3,"param_name":"learning-rate","param_value_internal":4.8703159315306354e-05,"distribution":"{\"name\": \"FloatDistribution\", \"attributes\": {\"step\": null, \"low\": 3e-05, \"high\": 0.001, \"log\": true}}"}
{"op_code":5,"worker_id":"98842e31-4d78-4834-ae55-e678a387fc70-32360","trial_id":3,"param_name":"rollout-size","param_value_internal":2,"distribution":"{\"name\": \"CategoricalDistribution\", \"attributes\": {\"choices\": [2048, 4096, 8192, 16384]}}"}
{"op_code":5,"worker_id":"98842e31-4d78-4834-ae55-e678a387fc70-32360","trial_id":3,"param_name":"batch-size","param_value_internal":2,"distribution":"{\"name\": \"CategoricalDistribution\", \"attributes\": {\"choices\": [64, 256, 1024]}}"}
{"op_code":5,"worker_id":"98842e31-4d78-4834-ae55-e678a387fc70-32360","trial_id":3,"param_name":"n-epochs","param_value_internal":1,"distribution":"{\"name\": \"CategoricalDistribution\", \"attributes\": {\"choices\": [3, 5, 10]}}"}
{"op_code":5,"worker_id":"98842e31-4d78-4834-ae55-e678a387fc70-32360","trial_id":3,"param_name":"gamma","param_value_internal":0,"distribution":"{\"name\": \"CategoricalDistribution\", \"attributes\": {\"choices\": [0.99, 0.995, 0.999]}}"}
{"op_code":5,"worker_id":"98842e31-4d78-4834-ae55-e678a387fc70-32360","trial_id":3,"param_name":"gae-lambda","param_value_internal":1,"distribution":"{\"name\": \"CategoricalDistribution\", \"attributes\": {\"choices\": [0.9, 0.95, 0.98]}}"}
{"op_code":5,"worker_id":"98842e31-4d78-4834-ae55-e678a387fc70-32360","trial_id":3,"param_name":"clip-range","param_value_internal":1,"distribution":"{\"name\": \"CategoricalDistribution\", \"attributes\": {\"choices\": [0.1, 0.2, 0.3]}}"}
{"op_code":5,"worker_id":"98842e31-4d78-4834-ae55-e678a387fc70-32360","trial_id":3,"param_name":"ent-coef","param_value_internal":0.005192032534497486,"distribution":"{\"name\": \"FloatDistribution\", \"attributes\": {\"step\": null, \"low\": 0.0001, \"high\": 0.03, \"log\": true}}"}
{"op_code":8,"worker_id":"98842e31-4d78-4834-ae55-e678a387fc70-32360","trial_id":3,"user_attr":{"train_argv":"--option 3 --reward-mode objective --objectives tardiness_sq --lambda-late 1.0 --lambda-energy 1.0 --power-model linear --difficulty off_tf05 --timesteps 100000 --save-tag tune_off_tf05_o3wnm_t3 --n-envs 4 --vec-backend subproc --seed 0 --algo ppo --markov-obs --work-conserving --window-size 20 --learning-rate 4.87032e-05 --rollout-size 8192 --batch-size 1024 --n-epochs 5 --gamma 0.99 --gae-lambda 0.95 --clip-range 0.2 --ent-coef 0.00519203"}}
{"op_code":7,"worker_id":"98842e31-4d78-4834-ae55-e678a387fc70-32360","trial_id":3,"step":25000,"intermediate_value":176463.2}
{"op_code":7,"worker_id":"98842e31-4d78-4834-ae55-e678a387fc70-32360","trial_id":3,"step":50000,"intermediate_value":149841.6}
{"op_code":7,"worker_id":"98842e31-4d78-4834-ae55-e678a387fc70-32360","trial_id":3,"step":75000,"intermediate_value":134061.2}
{"op_code":6,"worker_id":"98842e31-4d78-4834-ae55-e678a387fc70-32360","trial_id":3,"state":1,"values":[124714.75],"datetime_complete":"2026-10-06T07:08:45.035507"}
{"op_code":4,"worker_id":"98842e31-4d78-4834-ae55-e678a387fc70-32360","study_id":0,"datetime_start":"2026-10-06T07:08:45.288627"}
{"op_code":5,"worker_id":"98842e31-4d78-4834-ae55-e678a387fc70-32360","trial_id":4,"param_name":"learning-rate","param_value_internal":0.00021876939530160837,"distribution":"{\"name\": \"FloatDistribution\", \"attributes\": {\"step\": null, \"low\": 3e-05, \"high\": 0.001, \"log\": true}}"}
{"op_code":5,"worker_id":"98842e31-4d78-4834-ae55-e678a387fc70-32360","trial_id":4,"param_name":"rollout-size","param_value_internal":3,"distribution":"{\"name\": \"CategoricalDistribution\", \"attributes\": {\"choices\": [2048, 4096, 8192, 16384]}}"}
{"op_code":5,"worker_id":"98842e31-4d78-4834-ae55-e678a387fc70-32360","trial_id":4,"param_name":"batch-size","param_value_internal":0,"distribution":"{\"name\": \"CategoricalDistribution\", \"attributes\": {\"choices\": [64, 256, 1024]}}"}
{"op_code":5,"worker_id":"98842e31-4d78-4834-ae55-e678a387fc70-32360","trial_id":4,"param_name":"n-epochs","param_value_internal":1,"distribution":"{\"name\": \"CategoricalDistribution\", \"attributes\": {\"choices\": [3, 5, 10]}}"}
{"op_code":5,"worker_id":"98842e31-4d78-4834-ae55-e678a387fc70-32360","trial_id":4,"param_name":"gamma","param_value_internal":1,"distribution":"{\"name\": \"CategoricalDistribution\", \"attributes\": {\"choices\": [0.99, 0.995, 0.999]}}"}
{"op_code":5,"worker_id":"98842e31-4d78-4834-ae55-e678a387fc70-32360","trial_id":4,"param_name":"gae-lambda","param_value_internal":0,"distribution":"{\"name\": \"CategoricalDistribution\", \"attributes\": {\"choices\": [0.9, 0.95, 0.98]}}"}
{"op_code":5,"worker_id":"98842e31-4d78-4834-ae55-e678a387fc70-32360","trial_id":4,"param_name":"clip-range","param_value_internal":2,"distribution":"{\"name\": \"CategoricalDistribution\", \"attributes\": {\"choices\": [0.1, 0.2, 0.3]}}"}
{"op_code":5,"worker_id":"98842e31-4d78-4834-ae55-e678a387fc70-32360","trial_id":4,"param_name":"ent-coef","param_value_internal":0.000413229862740349,"distribution":"{\"name\": \"FloatDistribution\", \"attributes\": {\"step\": null, \"low\": 0.0001, \"high\": 0.03, \"log\": true}}"}
{"op_code":8,"worker_id":"98842e31-4d78-4834-ae55-e678a387fc70-32360","trial_id":4,"user_attr":{"train_argv":"--option 3 --reward-mode objective --objectives tardiness_sq --lambda-late 1.0 --lambda-energy 1.0 --power-model linear --difficulty off_tf05 --timesteps 100000 --save-tag tune_off_tf05_o3wnm_t4 --n-envs 4 --vec-backend subproc --seed 0 --algo ppo --markov-obs --work-conserving --window-size 20 --learning-rate 0.000218769 --rollout-size 16384 --batch-size 64 --n-epochs 5 --gamma 0.995 --gae-lambda 0.9 --clip-range 0.3 --ent-coef 0.00041323"}}
{"op_code":7,"worker_id":"98842e31-4d78-4834-ae55-e678a387fc70-32360","trial_id":4,"step":25000,"intermediate_value":74834.2}
{"op_code":7,"worker_id":"98842e31-4d78-4834-ae55-e678a387fc70-32360","trial_id":4,"step":50000,"intermediate_value":65056.0}
{"op_code":7,"worker_id":"98842e31-4d78-4834-ae55-e678a387fc70-32360","trial_id":4,"step":75000,"intermediate_value":65972.4}
{"op_code":6,"worker_id":"98842e31-4d78-4834-ae55-e678a387fc70-32360","trial_id":4,"state":1,"values":[56548.0],"datetime_complete":"2026-10-06T07:11:00.511899"}
{"op_code":4,"worker_id":"98842e31-4d78-4834-ae55-e678a387fc70-32360","study_id":0,"datetime_start":"2026-10-06T07:11:00.655013"}
{"op_code":5,"worker_id":"98842e31-4d78-4834-ae55-e678a387fc70-32360","trial_id":5,"param_name":"learning-rate","param_value_internal":0.00022622417507807115,"distribution":"{\"name\": \"FloatDistribution\", \"attributes\": {\"step\": null, \"low\": 3e-05, \"high\": 0.001, \"log\": true}}"}
{"op_code":5,"worker_id":"98842e31-4d78-4834-ae55-e678a387fc70-32360","trial_id":5,"param_name":"rollout-size","param_value_internal":3,"distribution":"{\"name\": \"CategoricalDistribution\", \"attributes\": {\"choices\": [2048, 4096, 8192, 16384]}}"}
{"op_code":5,"worker_id":"98842e31-4d78-4834-ae55-e678a387fc70-32360","trial_id":5,"param_name":"batch-size","param_value_internal":1,"distribution":"{\"name\": \"CategoricalDistribution\", \"attributes\": {\"choices\": [64, 256, 1024]}}"}
{"op_code":5,"worker_id":"98842e31-4d78-4834-ae55-e678a387fc70-32360","trial_id":5,"param_name":"n-epochs","param_value_internal":1,"distribution":"{\"name\": \"CategoricalDistribution\", \"attributes\": {\"choices\": [3, 5, 10]}}"}
{"op_code":5,"worker_id":"98842e31-4d78-4834-ae55-e678a387fc70-32360","trial_id":5,"param_name":"gamma","param_value_internal":2,"distribution":"{\"name\": \"CategoricalDistribution\", \"attributes\": {\"choices\": [0.99, 0.995, 0.999]}}"}
{"op_code":5,"worker_id":"98842e31-4d78-4834-ae55-e678a387fc70-32360","trial_id":5,"param_name":"gae-lambda","param_value_internal":1,"distribution":"{\"name\": \"CategoricalDistribution\", \"attributes\": {\"choices\": [0.9, 0.95, 0.98]}}"}
{"op_code":5,"worker_id":"98842e31-4d78-4834-ae55-e678a387fc70-32360","trial_id":5,"param_name":"clip-range","param_value_internal":0,"distribution":"{\"name\": \"CategoricalDistribution\", \"attributes\": {\"choices\": [0.1, 0.2, 0.3]}}"}
{"op_code":5,"worker_id":"98842e31-4d78-4834-ae55-e678a387fc70-32360","trial_id":5,"param_name":"ent-coef","param_value_internal":0.0031776753088383902,"distribution":"{\"name\": \"FloatDistribution\", \"attributes\": {\"step\": null, \"low\": 0.0001, \"high\": 0.03, \"log\": true}}"}
{"op_code":8,"worker_id":"98842e31-4d78-4834-ae55-e678a387fc70-32360","trial_id":5,"user_attr":{"train_argv":"--option 3 --reward-mode objective --objectives tardiness_sq --lambda-late 1.0 --lambda-energy 1.0 --power-model linear --difficulty off_tf05 --timesteps 100000 --save-tag tune_off_tf05_o3wnm_t5 --n-envs 4 --vec-backend subproc --seed 0 --algo ppo --markov-obs --work-conserving --window-size 20 --learning-rate 0.000226224 --rollout-size 16384 --batch-size 256 --n-epochs 5 --gamma 0.999 --gae-lambda 0.95 --clip-range 0.1 --ent-coef 0.00317768"}}
{"op_code":7,"worker_id":"98842e31-4d78-4834-ae55-e678a387fc70-32360","trial_id":5,"step":25000,"intermediate_value":89585.0}
{"op_code":6,"worker_id":"98842e31-4d78-4834-ae55-e678a387fc70-32360","trial_id":5,"state":2,"values":[89585.0],"datetime_complete":"2026-10-06T07:11:25.643191"}
{"op_code":4,"worker_id":"98842e31-4d78-4834-ae55-e678a387fc70-32360","study_id":0,"datetime_start":"2026-10-06T07:11:25.828614"}
{"op_code":5,"worker_id":"98842e31-4d78-4834-ae55-e678a387fc70-32360","trial_id":6,"param_name":"learning-rate","param_value_internal":3.208855558609467e-05,"distribution":"{\"name\": \"FloatDistribution\", \"attributes\": {\"step\": null, \"low\": 3e-05, \"high\": 0.001, \"log\": true}}"}
{"op_code":5,"worker_id":"98842e31-4d78-4834-ae55-e678a387fc70-32360","trial_id":6,"param_name":"rollout-size","param_value_internal":1,"distribution":"{\"name\": \"CategoricalDistribution\", \"attributes\": {\"choices\": [2048, 4096, 8192, 16384]}}"}
{"op_code":5,"worker_id":"98842e31-4d78-4834-ae55-e678a387fc70-32360","trial_id":6,"param_name":"batch-size","param_value_internal":0,"distribution":"{\"name\": \"CategoricalDistribution\", \"attributes\": {\"choices\": [64, 256, 1024]}}"}
{"op_code":5,"worker_id":"98842e31-4d78-4834-ae55-e678a387fc70-32360","trial_id":6,"param_name":"n-epochs","param_value_internal":1,"distribution":"{\"name\": \"CategoricalDistribution\", \"attributes\": {\"choices\": [3, 5, 10]}}"}
{"op_code":5,"worker_id":"98842e31-4d78-4834-ae55-e678a387fc70-32360","trial_id":6,"param_name":"gamma","param_value_internal":0,"distribution":"{\"name\": \"CategoricalDistribution\", \"attributes\": {\"choices\": [0.99, 0.995, 0.999]}}"}
{"op_code":5,"worker_id":"98842e31-4d78-4834-ae55-e678a387fc70-32360","trial_id":6,"param_name":"gae-lambda","param_value_internal":0,"distribution":"{\"name\": \"CategoricalDistribution\", \"attributes\": {\"choices\": [0.9, 0.95, 0.98]}}"}
{"op_code":5,"worker_id":"98842e31-4d78-4834-ae55-e678a387fc70-32360","trial_id":6,"param_name":"clip-range","param_value_internal":0,"distribution":"{\"name\": \"CategoricalDistribution\", \"attributes\": {\"choices\": [0.1, 0.2, 0.3]}}"}
{"op_code":5,"worker_id":"98842e31-4d78-4834-ae55-e678a387fc70-32360","trial_id":6,"param_name":"ent-coef","param_value_internal":0.00017712267105509928,"distribution":"{\"name\": \"FloatDistribution\", \"attributes\": {\"step\": null, \"low\": 0.0001, \"high\": 0.03, \"log\": true}}"}
{"op_code":8,"worker_id":"98842e31-4d78-4834-ae55-e678a387fc70-32360","trial_id":6,"user_attr":{"train_argv":"--option 3 --reward-mode objective --objectives tardiness_sq --lambda-late 1.0 --lambda-energy 1.0 --power-model linear --difficulty off_tf05 --timesteps 100000 --save-tag tune_off_tf05_o3wnm_t6 --n-envs 4 --vec-backend subproc --seed 0 --algo ppo --markov-obs --work-conserving --window-size 20 --learning-rate 3.20886e-05 --rollout-size 4096 --batch-size 64 --n-epochs 5 --gamma 0.99 --gae-lambda 0.9 --clip-range 0.1 --ent-coef 0.000177123"}}
{"op_code":7,"worker_id":"98842e31-4d78-4834-ae55-e678a387fc70-32360","trial_id":6,"step":25000,"intermediate_value":88019.2}
{"op_code":6,"worker_id":"98842e31-4d78-4834-ae55-e678a387fc70-32360","trial_id":6,"state":2,"values":[88019.2],"datetime_complete":"2026-10-06T07:11:58.106470"}
{"op_code":4,"worker_id":"98842e31-4d78-4834-ae55-e678a387fc70-32360","study_id":0,"datetime_start":"2026-10-06T07:11:58.330023"}
{"op_code":5,"worker_id":"98842e31-4d78-4834-ae55-e678a387fc70-32360","trial_id":7,"param_name":"learning-rate","param_value_internal":0.0007540181221018431,"distribution":"{\"name\": \"FloatDistribution\", \"attributes\": {\"step\": null, \"low\": 3e-05, \"high\": 0.001, \"log\": true}}"}
{"op_code":5,"worker_id":"98842e31-4d78-4834-ae55-e678a387fc70-32360","trial_id":7,"param_name":"rollout-size","param_value_internal":1,"distribution":"{\"name\": \"CategoricalDistribution\", \"attributes\": {\"choices\": [2048, 4096, 8192, 16384]}}"}
{"op_code":5,"worker_id":"98842e31-4d78-4834-ae55-e678a387fc70-32360","trial_id":7,"param_name":"batch-size","param_value_internal":1,"distribution":"{\"name\": \"CategoricalDistribution\", \"attributes\": {\"choices\": [64, 256, 1024]}}"}
{"op_code":5,"worker_id":"98842e31-4d78-4834-ae55-e678a387fc70-32360","trial_id":7,"param_name":"n-epochs","param_value_internal":0,"distribution":"{\"name\": \"CategoricalDistribution\", \"attributes\": {\"choices\": [3, 5, 10]}}"}
{"op_code":5,"worker_id":"98842e31-4d78-4834-ae55-e678a387fc70-32360","trial_id":7,"param_name":"gamma","param_value_internal":2,"distribution":"{\"name\": \"CategoricalDistribution\", \"attributes\": {\"choices\": [0.99, 0.995, 0.999]}}"}
{"op_code":5,"worker_id":"98842e31-4d78-4834-ae55-e678a387fc70-32360","trial_id":7,"param_name":"gae-lambda","param_value_internal":2,"distribution":"{\"name\": \"CategoricalDistribution\", \"attributes\": {\"choices\": [0.9, 0.95, 0.98]}}"}
{"op_code":5,"worker_id":"98842e31-4d78-4834-ae55-e678a387fc70-32360","trial_id":7,"param_name":"clip-range","param_value_internal":0,"distribution":"{\"name\": \"CategoricalDistribution\", \"attributes\": {\"choices\": [0.1, 0.2, 0.3]}}"}
{"op_code":5,"worker_id":"98842e31-4d78-4834-ae55-e678a387fc70-32360","trial_id":7,"param_name":"ent-coef","param_value_internal":0.000779308323413374,"distribution":"{\"name\": \"FloatDistribution\", \"attributes\": {\"step\": null, \"low\": 0.0001, \"high\": 0.03, \"log\": true}}"}
{"op_code":8,"worker_id":"98842e31-4d78-4834-ae55-e678a387fc70-32360","trial_id":7,"user_attr":{"train_argv":"--option 3 --reward-mode objective --objectives tardiness_sq --lambda-late 1.0 --lambda-energy 1.0 --power-model linear --difficulty off_tf05 --timesteps 100000 --save-tag tune_off_tf05_o3wnm_t7 --n-envs 4 --vec-backend subproc --seed 0 --algo ppo --markov-obs --work-conserving --window-size 20 --learning-rate 0.000754018 --rollout-size 4096 --batch-size 256 --n-epochs 3 --gamma 0.999 --gae-lambda 0.98 --clip-range 0.1 --ent-coef 0.000779308"}}
{"op_code":7,"worker_id":"98842e31-4d78-4834-ae55-e678a387fc70-32360","trial_id":7,"step":25000,"intermediate_value":82791.4}
{"op_code":7,"worker_id":"98842e31-4d78-4834-ae55-e678a387fc70-32360","trial_id":7,"step":50000,"intermediate_value":77143.0}
{"op_code":6,"worker_id":"98842e31-4d78-4834-ae55-e678a387fc70-32360","trial_id":7,"state":2,"values":[77143.0],"datetime_complete":"2026-10-06T07:12:42.253972"}
{"op_code":4,"worker_id":"98842e31-4d78-4834-ae55-e678a387fc70-32360","study_id":0,"datetime_start":"2026-10-06T07:12:42.454077"}
{"op_code":5,"worker_id":"98842e31-4d78-4834-ae55-e678a387fc70-32360","trial_id":8,"param_name":"learning-rate","param_value_internal":0.0003879791314675207,"distribution":"{\"name\": \"FloatDistribution\", \"attributes\": {\"step\": null, \"low\": 3e-05, \"high\": 0.001, \"log\": true}}"}
{"op_code":5,"worker_id":"98842e31-4d78-4834-ae55-e678a387fc70-32360","trial_id":8,"param_name":"rollout-size","param_value_internal":1,"distribution":"{\"name\": \"CategoricalDistribution\", \"attributes\": {\"choices\": [2048, 4096, 8192, 16384]}}"}
{"op_code":5,"worker_id":"98842e31-4d78-4834-ae55-e678a387fc70-32360","trial_id":8,"param_name":"batch-size","param_value_internal":1,"distribution":"{\"name\": \"CategoricalDistribution\", \"attributes\": {\"choices\": [64, 256, 1024]}}"}
{"op_code":5,"worker_id":"98842e31-4d78-4834-ae55-e678a387fc70-32360","trial_id":8,"param_name":"n-epochs","param_value_internal":1,"distribution":"{\"name\": \"CategoricalDistribution\", \"attributes\": {\"choices\": [3, 5, 10]}}"}
{"op_code":5,"worker_id":"98842e31-4d78-4834-ae55-e678a387fc70-32360","trial_id":8,"param_name":"gamma","param_value_internal":2,"distribution":"{\"name\": \"CategoricalDistribution\", \"attributes\": {\"choices\": [0.99, 0.995, 0.999]}}"}
{"op_code":5,"worker_id":"98842e31-4d78-4834-ae55-e678a387fc70-32360","trial_id":8,"param_name":"gae-lambda","param_value_internal":2,"distribution":"{\"name\": \"CategoricalDistribution\", \"attributes\": {\"choices\": [0.9, 0.95, 0.98]}}"}
{"op_code":5,"worker_id":"98842e31-4d78-4834-ae55-e678a387fc70-32360","trial_id":8,"param_name":"clip-range","param_value_internal":0,"distribution":"{\"name\": \"CategoricalDistribution\", \"attributes\": {\"choices\": [0.1, 0.2, 0.3]}}"}
{"op_code":5,"worker_id":"98842e31-4d78-4834-ae55-e678a387fc70-32360","trial_id":8,"param_name":"ent-coef","param_value_internal":0.006435774191713849,"distribution":"{\"name\": \"FloatDistribution\", \"attributes\": {\"step\": null, \"low\": 0.0001, \"high\": 0.03, \"log\": true}}"}
{"op_code":8,"worker_id":"98842e31-4d78-4834-ae55-e678a387fc70-32360","trial_id":8,"user_attr":{"train_argv":"--option 3 --reward-mode objective --objectives tardiness_sq --lambda-late 1.0 --lambda-energy 1.0 --power-model linear --difficulty off_tf05 --timesteps 100000 --save-tag tune_off_tf05_o3wnm_t8 --n-envs 4 --vec-backend subproc --seed 0 --algo ppo --markov-obs --work-conserving --window-size 20 --learning-rate 0.000387979 --rollout-size 4096 --batch-size 256 --n-epochs 5 --gamma 0.999 --gae-lambda 0.98 --clip-range 0.1 --ent-coef 0.00643577"}}
{"op_code":7,"worker_id":"98842e31-4d78-4834-ae55-e678a387fc70-32360","trial_id":8,"step":25000,"intermediate_value":85511.2}
{"op_code":6,"worker_id":"98842e31-4d78-4834-ae55-e678a387fc70-32360","trial_id":8,"state":2,"values":[85511.2],"datetime_complete":"2026-10-06T07:13:08.301587"}
{"op_code":4,"worker_id":"98842e31-4d78-4834-ae55-e678a387fc70-32360","study_id":0,"datetime_start":"2026-10-06T07:13:08.606170"}
{"op_code":5,"worker_id":"98842e31-4d78-4834-ae55-e678a387fc70-32360","trial_id":9,"param_name":"learning-rate","param_value_internal":8.95726984805228e-05,"distribution":"{\"name\": \"FloatDistribution\", \"attributes\": {\"step\": null, \"low\": 3e-05, \"high\": 0.001, \"log\": true}}"}
{"op_code":5,"worker_id":"98842e31-4d78-4834-ae55-e678a387fc70-32360","trial_id":9,"param_name":"rollout-size","param_value_internal":3,"distribution":"{\"name\": \"CategoricalDistribution\", \"attributes\": {\"choices\": [2048, 4096, 8192, 16384]}}"}
{"op_code":5,"worker_id":"98842e31-4d78-4834-ae55-e678a387fc70-32360","trial_id":9,"param_name":"batch-size","param_value_internal":0,"distribution":"{\"name\": \"CategoricalDistribution\", \"attributes\": {\"choices\": [64, 256, 1024]}}"}
{"op_code":5,"worker_id":"98842e31-4d78-4834-ae55-e678a387fc70-32360","trial_id":9,"param_name":"n-epochs","param_value_internal":2,"distribution":"{\"name\": \"CategoricalDistribution\", \"attributes\": {\"choices\": [3, 5, 10]}}"}
{"op_code":5,"worker_id":"98842e31-4d78-4834-ae55-e678a387fc70-32360","trial_id":9,"param_name":"gamma","param_value_internal":1,"distribution":"{\"name\": \"CategoricalDistribution\", \"attributes\": {\"choices\": [0.99, 0.995, 0.999]}}"}
{"op_code":5,"worker_id":"98842e31-4d78-4834-ae55-e678a387fc70-32360","trial_id":9,"param_name":"gae-lambda","param_value_internal":0,"distribution":"{\"name\": \"CategoricalDistribution\", \"attributes\": {\"choices\": [0.9, 0.95, 0.98]}}"}
{"op_code":5,"worker_id":"98842e31-4d78-4834-ae55-e678a387fc70-32360","trial_id":9,"param_name":"clip-range","param_value_internal":0,"distribution":"{\"name\": \"CategoricalDistribution\", \"attributes\": {\"choices\": [0.1, 0.2, 0.3]}}"}
{"op_code":5,"worker_id":"98842e31-4d78-4834-ae55-e678a387fc70-32360","trial_id":9,"param_name":"ent-coef","param_value_internal":0.016640390684891242,"distribution":"{\"name\": \"FloatDistribution\", \"attributes\": {\"step\": null, \"low\": 0.0001, \"high\": 0.03, \"log\": true}}"}
{"op_code":8,"worker_id":"98842e31-4d78-4834-ae55-e678a387fc70-32360","trial_id":9,"user_attr":{"train_argv":"--option 3 --reward-mode objective --objectives tardiness_sq --lambda-late 1.0 --lambda-energy 1.0 --power-model linear --difficulty off_tf05 --timesteps 100000 --save-tag tune_off_tf05_o3wnm_t9 --n-envs 4 --vec-backend subproc --seed 0 --algo ppo --markov-obs --work-conserving --window-size 20 --learning-rate 8.95727e-05 --rollout-size 16384 --batch-size 64 --n-epochs 10 --gamma 0.995 --gae-lambda 0.9 --clip-range 0.1 --ent-coef 0.0166404"}}
{"op_code":7,"worker_id":"98842e31-4d78-4834-ae55-e678a387fc70-32360","trial_id":9,"step":25000,"intermediate_value":74122.2}
{"op_code":7,"worker_id":"98842e31-4d78-4834-ae55-e678a387fc70-32360","trial_id":9,"step":50000,"intermediate_value":62307.6}
{"op_code":7,"worker_id":"98842e31-4d78-4834-ae55-e678a387fc70-32360","trial_id":9,"step":75000,"intermediate_value":60619.0}
{"op_code":6,"worker_id":"98842e31-4d78-4834-ae55-e678a387fc70-32360","trial_id":9,"state":1,"values":[53031.45],"datetime_complete":"2026-10-06T07:16:22.374332"}
{"op_code":4,"worker_id":"98842e31-4d78-4834-ae55-e678a387fc70-32360","study_id":0,"datetime_start":"2026-10-06T07:16:22.627692"}
{"op_code":5,"worker_id":"98842e31-4d78-4834-ae55-e678a387fc70-32360","trial_id":10,"param_name":"learning-rate","param_value_internal":0.0008366480052931357,"distribution":"{\"name\": \"FloatDistribution\", \"attributes\": {\"step\": null, \"low\": 3e-05, \"high\": 0.001, \"log\": true}}"}
{"op_code":5,"worker_id":"98842e31-4d78-4834-ae55-e678a387fc70-32360","trial_id":10,"param_name":"rollout-size","param_value_internal":0,"distribution":"{\"name\": \"CategoricalDistribution\", \"attributes\": {\"choices\": [2048, 4096, 8192, 16384]}}"}
{"op_code":5,"worker_id":"98842e31-4d78-4834-ae55-e678a387fc70-32360","trial_id":10,"param_name":"batch-size","param_value_internal":1,"distribution":"{\"name\": \"CategoricalDistribution\", \"attributes\": {\"choices\": [64, 256, 1024]}}"}
{"op_code":5,"worker_id":"98842e31-4d78-4834-ae55-e678a387fc70-32360","trial_id":10,"param_name":"n-epochs","param_value_internal":2,"distribution":"{\"name\": \"CategoricalDistribution\", \"attributes\": {\"choices\": [3, 5, 10]}}"}
{"op_code":5,"worker_id":"98842e31-4d78-4834-ae55-e678a387fc70-32360","trial_id":10,"param_name":"gamma","param_value_internal":1,"distribution":"{\"name\": \"CategoricalDistribution\", \"attributes\": {\"choices\": [0.99, 0.995, 0.999]}}"}
{"op_code":5,"worker_id":"98842e31-4d78-4834-ae55-e678a387fc70-32360","trial_id":10,"param_name":"gae-lambda","param_value_internal":0,"distribution":"{\"name\": \"CategoricalDistribution\", \"attributes\": {\"choices\": [0.9, 0.95, 0.98]}}"}
{"op_code":5,"worker_id":"98842e31-4d78-4834-ae55-e678a387fc70-32360","trial_id":10,"param_name":"clip-range","param_value_internal":1,"distribution":"{\"name\": \"CategoricalDistribution\", \"attributes\": {\"choices\": [0.1, 0.2, 0.3]}}"}
{"op_code":5,"worker_id":"98842e31-4d78-4834-ae55-e678a387fc70-32360","trial_id":10,"param_name":"ent-coef","param_value_internal":0.0012413884898114878,"distribution":"{\"name\": \"FloatDistribution\", \"attributes\": {\"step\": null, \"low\": 0.0001, \"high\": 0.03, \"log\": true}}"}
{"op_code":8,"worker_id":"98842e31-4d78-4834-ae55-e678a387fc70-32360","trial_id":10,"user_attr":{"train_argv":"--option 3 --reward-mode objective --objectives tardiness_sq --lambda-late 1.0 --lambda-energy 1.0 --power-model linear --difficulty off_tf05 --timesteps 100000 --save-tag tune_off_tf05_o3wnm_t10 --n-envs 4 --vec-backend subproc --seed 0 --algo ppo --markov-obs --work-conserving --window-size 20 --learning-rate 0.000836648 --rollout-size 2048 --batch-size 256 --n-epochs 10 --gamma 0.995 --gae-lambda 0.9 --clip-range 0.2 --ent-coef 0.00124139"}}
{"op_code":7,"worker_id":"98842e31-4d78-4834-ae55-e678a387fc70-32360","trial_id":10,"step":25000,"intermediate_value":67143.8}
{"op_code":7,"worker_id":"98842e31-4d78-4834-ae55-e678a387fc70-32360","trial_id":10,"step":50000,"intermediate_value":60471.0}
{"op_code":7,"worker_id":"98842e31-4d78-4834-ae55-e678a387fc70-32360","trial_id":10,"step":75000,"intermediate_value":52749.6}
{"op_code":6,"worker_id":"98842e31-4d78-4834-ae55-e678a387fc70-32360","trial_id":10,"state":1,"values":[41687.8],"datetime_complete":"2026-10-06T07:18:38.560429"}
{"op_code":4,"worker_id":"98842e31-4d78-4834-ae55-e678a387fc70-32360","study_id":0,"datetime_start":"2026-10-06T07:18:38.833557"}
{"op_code":5,"worker_id":"98842e31-4d78-4834-ae55-e678a387fc70-32360","trial_id":11,"param_name":"learning-rate","param_value_internal":0.0009875222089053095,"distribution":"{\"name\": \"FloatDistribution\", \"attributes\": {\"step\": null, \"low\": 3e-05, \"high\": 0.001, \"log\": true}}"}
{"op_code":5,"worker_id":"98842e31-4d78-4834-ae55-e678a387fc70-32360","trial_id":11,"param_name":"rollout-size","param_value_internal":0,"distribution":"{\"name\": \"CategoricalDistribution\", \"attributes\": {\"choices\": [2048, 4096, 8192, 16384]}}"}
{"op_code":5,"worker_id":"98842e31-4d78-4834-ae55-e678a387fc70-32360","trial_id":11,"param_name":"batch-size","param_value_internal":1,"distribution":"{\"name\": \"CategoricalDistribution\", \"attributes\": {\"choices\": [64, 256, 1024]}}"}
{"op_code":5,"worker_id":"98842e31-4d78-4834-ae55-e678a387fc70-32360","trial_id":11,"param_name":"n-epochs","param_value_internal":2,"distribution":"{\"name\": \"CategoricalDistribution\", \"attributes\": {\"choices\": [3, 5, 10]}}"}
{"op_code":5,"worker_id":"98842e31-4d78-4834-ae55-e678a387fc70-32360","trial_id":11,"param_name":"gamma","param_value_internal":1,"distribution":"{\"name\": \"CategoricalDistribution\", \"attributes\": {\"choices\": [0.99, 0.995, 0.999]}}"}
{"op_code":5,"worker_id":"98842e31-4d78-4834-ae55-e678a387fc70-32360","trial_id":11,"param_name":"gae-lambda","param_value_internal":0,"distribution":"{\"name\": \"CategoricalDistribution\", \"attributes\": {\"choices\": [0.9, 0.95, 0.98]}}"}
{"op_code":5,"worker_id":"98842e31-4d78-4834-ae55-e678a387fc70-32360","trial_id":11,"param_name":"clip-range","param_value_internal":1,"distribution":"{\"name\": \"CategoricalDistribution\", \"attributes\": {\"choices\": [0.1, 0.2, 0.3]}}"}
{"op_code":5,"worker_id":"98842e31-4d78-4834-ae55-e678a387fc70-32360","trial_id":11,"param_name":"ent-coef","param_value_internal":0.0011294899464053807,"distribution":"{\"name\": \"FloatDistribution\", \"attributes\": {\"step\": null, \"low\": 0.0001, \"high\": 0.03, \"log\": true}}"}
{"op_code":8,"worker_id":"98842e31-4d78-4834-ae55-e678a387fc70-32360","trial_id":11,"user_attr":{"train_argv":"--option 3 --reward-mode objective --objectives tardiness_sq --lambda-late 1.0 --lambda-energy 1.0 --power-model linear --difficulty off_tf05 --timesteps 100000 --save-tag tune_off_tf05_o3wnm_t11 --n-envs 4 --vec-backend subproc --seed 0 --algo ppo --markov-obs --work-conserving --window-size 20 --learning-rate 0.000987522 --rollout-size 2048 --batch-size 256 --n-epochs 10 --gamma 0.995 --gae-lambda 0.9 --clip-range 0.2 --ent-coef 0.00112949"}}
{"op_code":7,"worker_id":"98842e31-4d78-4834-ae55-e678a387fc70-32360","trial_id":11,"step":25000,"intermediate_value":63817.6}
{"op_code":7,"worker_id":"98842e31-4d78-4834-ae55-e678a387fc70-32360","trial_id":11,"step":50000,"intermediate_value":61847.8}
{"op_code":7,"worker_id":"98842e31-4d78-4834-ae55-e678a387fc70-32360","trial_id":11,"step":75000,"intermediate_value":51820.8}
{"op_code":6,"worker_id":"98842e31-4d78-4834-ae55-e678a387fc70-32360","trial_id":11,"state":1,"values":[36705.8],"datetime_complete":"2026-10-06T07:20:56.565488"}
{"op_code":4,"worker_id":"98842e31-4d78-4834-ae55-e678a387fc70-32360","study_id":0,"datetime_start":"2026-10-06T07:20:56.765776"}
{"op_code":5,"worker_id":"98842e31-4d78-4834-ae55-e678a387fc70-32360","trial_id":12,"param_name":"learning-rate","param_value_internal":0.0009165964231519424,"distribution":"{\"name\": \"FloatDistribution\", \"attributes\": {\"step\": null, \"low\": 3e-05, \"high\": 0.001, \"log\": true}}"}
{"op_code":5,"worker_id":"98842e31-4d78-4834-ae55-e678a387fc70-32360","trial_id":12,"param_name":"rollout-size","param_value_internal":0,"distribution":"{\"name\": \"CategoricalDistribution\", \"attributes\": {\"choices\": [2048, 4096, 8192, 16384]}}"}
{"op_code":5,"worker_id":"98842e31-4d78-4834-ae55-e678a387fc70-32360","trial_id":12,"param_name":"batch-size","param_value_internal":1,"distribution":"{\"name\": \"CategoricalDistribution\", \"attributes\": {\"choices\": [64, 256, 1024]}}"}
{"op_code":5,"worker_id":"98842e31-4d78-4834-ae55-e678a387fc70-32360","trial_id":12,"param_name":"n-epochs","param_value_internal":2,"distribution":"{\"name\": \"CategoricalDistribution\", \"attributes\": {\"choices\": [3, 5, 10]}}"}
{"op_code":5,"worker_id":"98842e31-4d78-4834-ae55-e678a387fc70-32360","trial_id":12,"param_name":"gamma","param_value_internal":1,"distribution":"{\"name\": \"CategoricalDistribution\", \"attributes\": {\"choices\": [0.99, 0.995, 0.999]}}"}
{"op_code":5,"worker_id":"98842e31-4d78-4834-ae55-e678a387fc70-32360","trial_id":12,"param_name":"gae-lambda","param_value_internal":0,"distribution":"{\"name\": \"CategoricalDistribution\", \"attributes\": {\"choices\": [0.9, 0.95, 0.98]}}"}
{"op_code":5,"worker_id":"98842e31-4d78-4834-ae55-e678a387fc70-32360","trial_id":12,"param_name":"clip-range","param_value_internal":1,"distribution":"{\"name\": \"CategoricalDistribution\", \"attributes\": {\"choices\": [0.1, 0.2, 0.3]}}"}
{"op_code":5,"worker_id":"98842e31-4d78-4834-ae55-e678a387fc70-32360","trial_id":12,"param_name":"ent-coef","param_value_internal":0.0013285165357965602,"distribution":"{\"name\": \"FloatDistribution\", \"attributes\": {\"step\": null, \"low\": 0.0001, \"high\": 0.03, \"log\": true}}"}
{"op_code":8,"worker_id":"98842e31-4d78-4834-ae55-e678a387fc70-32360","trial_id":12,"user_attr":{"train_argv":"--option 3 --reward-mode objective --objectives tardiness_sq --lambda-late 1.0 --lambda-energy 1.0 --power-model linear --difficulty off_tf05 --timesteps 100000 --save-tag tune_off_tf05_o3wnm_t12 --n-envs 4 --vec-backend subproc --seed 0 --algo ppo --markov-obs --work-conserving --window-size 20 --learning-rate 0.000916596 --rollout-size 2048 --batch-size 256 --n-epochs 10 --gamma 0.995 --gae-lambda 0.9 --clip-range 0.2 --ent-coef 0.00132852"}}
{"op_code":7,"worker_id":"98842e31-4d78-4834-ae55-e678a387fc70-32360","trial_id":12,"step":25000,"intermediate_value":68911.2}
{"op_code":7,"worker_id":"98842e31-4d78-4834-ae55-e678a387fc70-32360","trial_id":12,"step":50000,"intermediate_value":64840.0}
{"op_code":6,"worker_id":"98842e31-4d78-4834-ae55-e678a387fc70-32360","trial_id":12,"state":2,"values":[64840.0],"datetime_complete":"2026-10-06T07:22:05.804432"}
{"op_code":4,"worker_id":"98842e31-4d78-4834-ae55-e678a387fc70-32360","study_id":0,"datetime_start":"2026-10-06T07:22:06.037529"}
{"op_code":5,"worker_id":"98842e31-4d78-4834-ae55-e678a387fc70-32360","trial_id":13,"param_name":"learning-rate","param_value_internal":0.0009112237625233387,"distribution":"{\"name\": \"FloatDistribution\", \"attributes\": {\"step\": null, \"low\": 3e-05, \"high\": 0.001, \"log\": true}}"}
{"op_code":5,"worker_id":"98842e31-4d78-4834-ae55-e678a387fc70-32360","trial_id":13,"param_name":"rollout-size","param_value_internal":0,"distribution":"{\"name\": \"CategoricalDistribution\", \"attributes\": {\"choices\": [2048, 4096, 8192, 16384]}}"}
{"op_code":5,"worker_id":"98842e31-4d78-4834-ae55-e678a387fc70-32360","trial_id":13,"param_name":"batch-size","param_value_internal":1,"distribution":"{\"name\": \"CategoricalDistribution\", \"attributes\": {\"choices\": [64, 256, 1024]}}"}
{"op_code":5,"worker_id":"98842e31-4d78-4834-ae55-e678a387fc70-32360","trial_id":13,"param_name":"n-epochs","param_value_internal":2,"distribution":"{\"name\": \"CategoricalDistribution\", \"attributes\": {\"choices\": [3, 5, 10]}}"}
{"op_code":5,"worker_id":"98842e31-4d78-4834-ae55-e678a387fc70-32360","trial_id":13,"param_name":"gamma","param_value_internal":1,"distribution":"{\"name\": \"CategoricalDistribution\", \"attributes\": {\"choices\": [0.99, 0.995, 0.999]}}"}
{"op_code":5,"worker_id":"98842e31-4d78-4834-ae55-e678a387fc70-32360","trial_id":13,"param_name":"gae-lambda","param_value_internal":0,"distribution":"{\"name\": \"CategoricalDistribution\", \"attributes\": {\"choices\": [0.9, 0.95, 0.98]}}"}
{"op_code":5,"worker_id":"98842e31-4d78-4834-ae55-e678a387fc70-32360","trial_id":13,"param_name":"clip-range","param_value_internal":1,"distribution":"{\"name\": \"CategoricalDistribution\", \"attributes\": {\"choices\": [0.1, 0.2, 0.3]}}"}
{"op_code":5,"worker_id":"98842e31-4d78-4834-ae55-e678a387fc70-32360","trial_id":13,"param_name":"ent-coef","param_value_internal":0.0003388900897108451,"distribution":"{\"name\": \"FloatDistribution\", \"attributes\": {\"step\": null, \"low\": 0.0001, \"high\": 0.03, \"log\": true}}"}
{"op_code":8,"worker_id":"98842e31-4d78-4834-ae55-e678a387fc70-32360","trial_id":13,"user_attr":{"train_argv":"--option 3 --reward-mode objective --objectives tardiness_sq --lambda-late 1.0 --lambda-energy 1.0 --power-model linear --difficulty off_tf05 --timesteps 100000 --save-tag tune_off_tf05_o3wnm_t13 --n-envs 4 --vec-backend subproc --seed 0 --algo ppo --markov-obs --work-conserving --window-size 20 --learning-rate 0.000911224 --rollout-size 2048 --batch-size 256 --n-epochs 10 --gamma 0.995 --gae-lambda 0.9 --clip-range 0.2 --ent-coef 0.00033889"}}
{"op_code":7,"worker_id":"98842e31-4d78-4834-ae55-e678a387fc70-32360","trial_id":13,"step":25000,"intermediate_value":68255.0}
{"op_code":7,"worker_id":"98842e31-4d78-4834-ae55-e678a387fc70-32360","trial_id":13,"step":50000,"intermediate_value":57555.6}
{"op_code":7,"worker_id":"98842e31-4d78-4834-ae55-e678a387fc70-32360","trial_id":13,"step":75000,"intermediate_value":59371.8}
{"op_code":6,"worker_id":"98842e31-4d78-4834-ae55-e678a387fc70-32360","trial_id":13,"state":1,"values":[46426.1],"datetime_complete":"2026-10-06T07:24:20.563643"}
{"op_code":4,"worker_id":"98842e31-4d78-4834-ae55-e678a387fc70-32360","study_id":0,"datetime_start":"2026-10-06T07:24:20.800785"}
{"op_code":5,"worker_id":"98842e31-4d78-4834-ae55-e678a387fc70-32360","trial_id":14,"param_name":"learning-rate","param_value_internal":0.0005871666197756003,"distribution":"{\"name\": \"FloatDistribution\", \"attributes\": {\"step\": null, \"low\": 3e-05, \"high\": 0.001, \"log\": true}}"}
{"op_code":5,"worker_id":"98842e31-4d78-4834-ae55-e678a387fc70-32360","trial_id":14,"param_name":"rollout-size","param_value_internal":0,"distribution":"{\"name\": \"CategoricalDistribution\", \"attributes\": {\"choices\": [2048, 4096, 8192, 16384]}}"}
{"op_code":5,"worker_id":"98842e31-4d78-4834-ae55-e678a387fc70-32360","trial_id":14,"param_name":"batch-size","param_value_internal":1,"distribution":"{\"name\": \"CategoricalDistribution\", \"attributes\": {\"choices\": [64, 256, 1024]}}"}
{"op_code":5,"worker_id":"98842e31-4d78-4834-ae55-e678a387fc70-32360","trial_id":14,"param_name":"n-epochs","param_value_internal":2,"distribution":"{\"name\": \"CategoricalDistribution\", \"attributes\": {\"choices\": [3, 5, 10]}}"}
{"op_code":5,"worker_id":"98842e31-4d78-4834-ae55-e678a387fc70-32360","trial_id":14,"param_name":"gamma","param_value_internal":1,"distribution":"{\"name\": \"CategoricalDistribution\", \"attributes\": {\"choices\": [0.99, 0.995, 0.999]}}"}
{"op_code":5,"worker_id":"98842e31-4d78-4834-ae55-e678a387fc70-32360","trial_id":14,"param_name":"gae-lambda","param_value_internal":0,"distribution":"{\"name\": \"CategoricalDistribution\", \"attributes\": {\"choices\": [0.9, 0.95, 0.98]}}"}
{"op_code":5,"worker_id":"98842e31-4d78-4834-ae55-e678a387fc70-32360","trial_id":14,"param_name":"clip-range","param_value_internal":1,"distribution":"{\"name\": \"CategoricalDistribution\", \"attributes\": {\"choices\": [0.1, 0.2, 0.3]}}"}
{"op_code":5,"worker_id":"98842e31-4d78-4834-ae55-e678a387fc70-32360","trial_id":14,"param_name":"ent-coef","param_value_internal":0.0019478498409609673,"distribution":"{\"name\": \"FloatDistribution\", \"attributes\": {\"step\": null, \"low\": 0.0001, \"high\": 0.03, \"log\": true}}"}
{"op_code":8,"worker_id":"98842e31-4d78-4834-ae55-e678a387fc70-32360","trial_id":14,"user_attr":{"train_argv":"--option 3 --reward-mode objective --objectives tardiness_sq --lambda-late 1.0 --lambda-energy 1.0 --power-model linear --difficulty off_tf05 --timesteps 100000 --save-tag tune_off_tf05_o3wnm_t14 --n-envs 4 --vec-backend subproc --seed 0 --algo ppo --markov-obs --work-conserving --window-size 20 --learning-rate 0.000587167 --rollout-size 2048 --batch-size 256 --n-epochs 10 --gamma 0.995 --gae-lambda 0.9 --clip-range 0.2 --ent-coef 0.00194785"}}
{"op_code":7,"worker_id":"98842e31-4d78-4834-ae55-e678a387fc70-32360","trial_id":14,"step":25000,"intermediate_value":70379.4}
{"op_code":7,"worker_id":"98842e31-4d78-4834-ae55-e678a387fc70-32360","trial_id":14,"step":50000,"intermediate_value":64435.0}
{"op_code":6,"worker_id":"98842e31-4d78-4834-ae55-e678a387fc70-32360","trial_id":14,"state":2,"values":[64435.0],"datetime_complete":"2026-10-06T07:25:28.317763"}
{"op_code":4,"worker_id":"98842e31-4d78-4834-ae55-e678a387fc70-32360","study_id":0,"datetime_start":"2026-10-06T07:25:28.561435"}
{"op_code":5,"worker_id":"98842e31-4d78-4834-ae55-e678a387fc70-32360","trial_id":15,"param_name":"learning-rate","param_value_internal":0.0009931578255865455,"distribution":"{\"name\": \"FloatDistribution\", \"attributes\": {\"step\": null, \"low\": 3e-05, \"high\": 0.001, \"log\": true}}"}
{"op_code":5,"worker_id":"98842e31-4d78-4834-ae55-e678a387fc70-32360","trial_id":15,"param_name":"rollout-size","param_value_internal":0,"distribution":"{\"name\": \"CategoricalDistribution\", \"attributes\": {\"choices\": [2048, 4096, 8192, 16384]}}"}
{"op_code":5,"worker_id":"98842e31-4d78-4834-ae55-e678a387fc70-32360","trial_id":15,"param_name":"batch-size","param_value_internal":1,"distribution":"{\"name\": \"CategoricalDistribution\", \"attributes\": {\"choices\": [64, 256, 1024]}}"}
{"op_code":5,"worker_id":"98842e31-4d78-4834-ae55-e678a387fc70-32360","trial_id":15,"param_name":"n-epochs","param_value_internal":2,"distribution":"{\"name\": \"CategoricalDistribution\", \"attributes\": {\"choices\": [3, 5, 10]}}"}
{"op_code":5,"worker_id":"98842e31-4d78-4834-ae55-e678a387fc70-32360","trial_id":15,"param_name":"gamma","param_value_internal":1,"distribution":"{\"name\": \"CategoricalDistribution\", \"attributes\": {\"choices\": [0.99, 0.995, 0.999]}}"}
{"op_code":5,"worker_id":"98842e31-4d78-4834-ae55-e678a387fc70-32360","trial_id":15,"param_name":"gae-lambda","param_value_internal":2,"distribution":"{\"name\": \"CategoricalDistribution\", \"attributes\": {\"choices\": [0.9, 0.95, 0.98]}}"}
{"op_code":5,"worker_id":"98842e31-4d78-4834-ae55-e678a387fc70-32360","trial_id":15,"param_name":"clip-range","param_value_internal":1,"distribution":"{\"name\": \"CategoricalDistribution\", \"attributes\": {\"choices\": [0.1, 0.2, 0.3]}}"}
{"op_code":5,"worker_id":"98842e31-4d78-4834-ae55-e678a387fc70-32360","trial_id":15,"param_name":"ent-coef","param_value_internal":0.00011016873292773531,"distribution":"{\"name\": \"FloatDistribution\", \"attributes\": {\"step\": null, \"low\": 0.0001, \"high\": 0.03, \"log\": true}}"}
{"op_code":8,"worker_id":"98842e31-4d78-4834-ae55-e678a387fc70-32360","trial_id":15,"user_attr":{"train_argv":"--option 3 --reward-mode objective --objectives tardiness_sq --lambda-late 1.0 --lambda-energy 1.0 --power-model linear --difficulty off_tf05 --timesteps 100000 --save-tag tune_off_tf05_o3wnm_t15 --n-envs 4 --vec-backend subproc --seed 0 --algo ppo --markov-obs --work-conserving --window-size 20 --learning-rate 0.000993158 --rollout-size 2048 --batch-size 256 --n-epochs 10 --gamma 0.995 --gae-lambda 0.98 --clip-range 0.2 --ent-coef 0.000110169"}}
{"op_code":0,"worker_id":"c6f1cffc-f253-4674-bc92-806daa5d485b-32928","study_name":"off_tf05_o3wnm","directions":[1]}
{"op_code":7,"worker_id":"98842e31-4d78-4834-ae55-e678a387fc70-32360","trial_id":15,"step":25000,"intermediate_value":75890.4}
{"op_code":6,"worker_id":"98842e31-4d78-4834-ae55-e678a387fc70-32360","trial_id":15,"state":2,"values":[75890.4],"datetime_complete":"2026-10-06T07:26:05.116129"}
{"op_code":4,"worker_id":"98842e31-4d78-4834-ae55-e678a387fc70-32360","study_id":0,"datetime_start":"2026-10-06T07:26:05.355956"}
{"op_code":5,"worker_id":"98842e31-4d78-4834-ae55-e678a387fc70-32360","trial_id":16,"param_name":"learning-rate","param_value_internal":0.0005520514311598483,"distribution":"{\"name\": \"FloatDistribution\", \"attributes\": {\"step\": null, \"low\": 3e-05, \"high\": 0.001, \"log\": true}}"}
{"op_code":5,"worker_id":"98842e31-4d78-4834-ae55-e678a387fc70-32360","trial_id":16,"param_name":"rollout-size","param_value_internal":0,"distribution":"{\"name\": \"CategoricalDistribution\", \"attributes\": {\"choices\": [2048, 4096, 8192, 16384]}}"}
{"op_code":5,"worker_id":"98842e31-4d78-4834-ae55-e678a387fc70-32360","trial_id":16,"param_name":"batch-size","param_value_internal":1,"distribution":"{\"name\": \"CategoricalDistribution\", \"attributes\": {\"choices\": [64, 256, 1024]}}"}
{"op_code":5,"worker_id":"98842e31-4d78-4834-ae55-e678a387fc70-32360","trial_id":16,"param_name":"n-epochs","param_value_internal":2,"distribution":"{\"name\": \"CategoricalDistribution\", \"attributes\": {\"choices\": [3, 5, 10]}}"}
{"op_code":5,"worker_id":"98842e31-4d78-4834-ae55-e678a387fc70-32360","trial_id":16,"param_name":"gamma","param_value_internal":0,"distribution":"{\"name\": \"CategoricalDistribution\", \"attributes\": {\"choices\": [0.99, 0.995, 0.999]}}"}
{"op_code":5,"worker_id":"98842e31-4d78-4834-ae55-e678a387fc70-32360","trial_id":16,"param_name":"gae-lambda","param_value_internal":0,"distribution":"{\"name\": \"CategoricalDistribution\", \"attributes\": {\"choices\": [0.9, 0.95, 0.98]}}"}
{"op_code":5,"worker_id":"98842e31-4d78-4834-ae55-e678a387fc70-32360","trial_id":16,"param_name":"clip-range","param_value_internal":1,"distribution":"{\"name\": \"CategoricalDistribution\", \"attributes\": {\"choices\": [0.1, 0.2, 0.3]}}"}
{"op_code":5,"worker_id":"98842e31-4d78-4834-ae55-e678a387fc70-32360","trial_id":16,"param_name":"ent-coef","param_value_internal":0.000579305797976071,"distribution":"{\"name\": \"FloatDistribution\", \"attributes\": {\"step\": null, \"low\": 0.0001, \"high\": 0.03, \"log\": true}}"}
{"op_code":8,"worker_id":"98842e31-4d78-4834-ae55-e678a387fc70-32360","trial_id":16,"user_attr":{"train_argv":"--option 3 --reward-mode objective --objectives tardiness_sq --lambda-late 1.0 --lambda-energy 1.0 --power-model linear --difficulty off_tf05 --timesteps 100000 --save-tag tune_off_tf05_o3wnm_t16 --n-envs 4 --vec-backend subproc --seed 0 --algo ppo --markov-obs --work-conserving --window-size 20 --learning-rate 0.000552051 --rollout-size 2048 --batch-size 256 --n-epochs 10 --gamma 0.99 --gae-lambda 0.9 --clip-range 0.2 --ent-coef 0.000579306"}}
{"op_code":7,"worker_id":"98842e31-4d78-4834-ae55-e678a387fc70-32360","trial_id":16,"step":25000,"intermediate_value":69029.2}
{"op_code":7,"worker_id":"98842e31-4d78-4834-ae55-e678a387fc70-32360","trial_id":16,"step":50000,"intermediate_value":63176.2}
{"op_code":7,"worker_id":"98842e31-4d78-4834-ae55-e678a387fc70-32360","trial_id":16,"step":75000,"intermediate_value":53016.8}
{"op_code":6,"worker_id":"98842e31-4d78-4834-ae55-e678a387fc70-32360","trial_id":16,"state":1,"values":[60089.8],"datetime_complete":"2026-10-06T07:28:24.099814"}
{"op_code":4,"worker_id":"98842e31-4d78-4834-ae55-e678a387fc70-32360","study_id":0,"datetime_start":"2026-10-06T07:28:24.333347"}
{"op_code":5,"worker_id":"98842e31-4d78-4834-ae55-e678a387fc70-32360","trial_id":17,"param_name":"learning-rate","param_value_internal":0.0003182529537252606,"distribution":"{\"name\": \"FloatDistribution\", \"attributes\": {\"step\": null, \"low\": 3e-05, \"high\": 0.001, \"log\": true}}"}
{"op_code":5,"worker_id":"98842e31-4d78-4834-ae55-e678a387fc70-32360","trial_id":17,"param_name":"rollout-size","param_value_internal":0,"distribution":"{\"name\": \"CategoricalDistribution\", \"attributes\": {\"choices\": [2048, 4096, 8192, 16384]}}"}
{"op_code":5,"worker_id":"98842e31-4d78-4834-ae55-e678a387fc70-32360","trial_id":17,"param_name":"batch-size","param_value_internal":1,"distribution":"{\"name\": \"CategoricalDistribution\", \"attributes\": {\"choices\": [64, 256, 1024]}}"}
{"op_code":5,"worker_id":"98842e31-4d78-4834-ae55-e678a387fc70-32360","trial_id":17,"param_name":"n-epochs","param_value_internal":0,"distribution":"{\"name\": \"CategoricalDistribution\", \"attributes\": {\"choices\": [3, 5, 10]}}"}
{"op_code":5,"worker_id":"98842e31-4d78-4834-ae55-e678a387fc70-32360","trial_id":17,"param_name":"gamma","param_value_internal":1,"distribution":"{\"name\": \"CategoricalDistribution\", \"attributes\": {\"choices\": [0.99, 0.995, 0.999]}}"}
{"op_code":5,"worker_id":"98842e31-4d78-4834-ae55-e678a387fc70-32360","trial_id":17,"param_name":"gae-lambda","param_value_internal":0,"distribution":"{\"name\": \"CategoricalDistribution\", \"attributes\": {\"choices\": [0.9, 0.95, 0.98]}}"}
{"op_code":5,"worker_id":"98842e31-4d78-4834-ae55-e678a387fc70-32360","trial_id":17,"param_name":"clip-range","param_value_internal":1,"distribution":"{\"name\": \"CategoricalDistribution\", \"attributes\": {\"choices\": [0.1, 0.2, 0.3]}}"}
{"op_code":5,"worker_id":"98842e31-4d78-4834-ae55-e678a387fc70-32360","trial_id":17,"param_name":"ent-coef","param_value_internal":0.0019011821174206834,"distribution":"{\"name\": \"FloatDistribution\", \"attributes\": {\"step\": null, \"low\": 0.0001, \"high\": 0.03, \"log\": true}}"}
{"op_code":8,"worker_id":"98842e31-4d78-4834-ae55-e678a387fc70-32360","trial_id":17,"user_attr":{"train_argv":"--option 3 --reward-mode objective --objectives tardiness_sq --lambda-late 1.0 --lambda-energy 1.0 --power-model linear --difficulty off_tf05 --timesteps 100000 --save-tag tune_off_tf05_o3wnm_t17 --n-envs 4 --vec-backend subproc --seed 0 --algo ppo --markov-obs --work-conserving --window-size 20 --learning-rate 0.000318253 --rollout-size 2048 --batch-size 256 --n-epochs 3 --gamma 0.995 --gae-lambda 0.9 --clip-range 0.2 --ent-coef 0.00190118"}}
{"op_code":7,"worker_id":"98842e31-4d78-4834-ae55-e678a387fc70-32360","trial_id":17,"step":25000,"intermediate_value":78341.6}
{"op_code":6,"worker_id":"98842e31-4d78-4834-ae55-e678a387fc70-32360","trial_id":17,"state":2,"values":[78341.6],"datetime_complete":"2026-10-06T07:28:50.154731"}
{"op_code":4,"worker_id":"98842e31-4d78-4834-ae55-e678a387fc70-32360","study_id":0,"datetime_start":"2026-10-06T07:28:50.386216"}
{"op_code":5,"worker_id":"98842e31-4d78-4834-ae55-e678a387fc70-32360","trial_id":18,"param_name":"learning-rate","param_value_internal":0.00012344048584879484,"distribution":"{\"name\": \"FloatDistribution\", \"attributes\": {\"step\": null, \"low\": 3e-05, \"high\": 0.001, \"log\": true}}"}
{"op_code":5,"worker_id":"98842e31-4d78-4834-ae55-e678a387fc70-32360","trial_id":18,"param_name":"rollout-size","param_value_internal":0,"distribution":"{\"name\": \"CategoricalDistribution\", \"attributes\": {\"choices\": [2048, 4096, 8192, 16384]}}"}
{"op_code":5,"worker_id":"98842e31-4d78-4834-ae55-e678a387fc70-32360","trial_id":18,"param_name":"batch-size","param_value_internal":2,"distribution":"{\"name\": \"CategoricalDistribution\", \"attributes\": {\"choices\": [64, 256, 1024]}}"}
{"op_code":5,"worker_id":"98842e31-4d78-4834-ae55-e678a387fc70-32360","trial_id":18,"param_name":"n-epochs","param_value_internal":2,"distribution":"{\"name\": \"CategoricalDistribution\", \"attributes\": {\"choices\": [3, 5, 10]}}"}
{"op_code":5,"worker_id":"98842e31-4d78-4834-ae55-e678a387fc70-32360","trial_id":18,"param_name":"gamma","param_value_internal":1,"distribution":"{\"name\": \"CategoricalDistribution\", \"attributes\": {\"choices\": [0.99, 0.995, 0.999]}}"}
{"op_code":5,"worker_id":"98842e31-4d78-4834-ae55-e678a387fc70-32360","trial_id":18,"param_name":"gae-lambda","param_value_internal":2,"distribution":"{\"name\": \"CategoricalDistribution\", \"attributes\": {\"choices\": [0.9, 0.95, 0.98]}}"}
{"op_code":5,"worker_id":"98842e31-4d78-4834-ae55-e678a387fc70-32360","trial_id":18,"param_name":"clip-range","param_value_internal":1,"distribution":"{\"name\": \"CategoricalDistribution\", \"attributes\": {\"choices\": [0.1, 0.2, 0.3]}}"}
{"op_code":5,"worker_id":"98842e31-4d78-4834-ae55-e678a387fc70-32360","trial_id":18,"param_name":"ent-coef","param_value_internal":0.0008981744425240133,"distribution":"{\"name\": \"FloatDistribution\", \"attributes\": {\"step\": null, \"low\": 0.0001, \"high\": 0.03, \"log\": true}}"}
{"op_code":8,"worker_id":"98842e31-4d78-4834-ae55-e678a387fc70-32360","trial_id":18,"user_attr":{"train_argv":"--option 3 --reward-mode objective --objectives tardiness_sq --lambda-late 1.0 --lambda-energy 1.0 --power-model linear --difficulty off_tf05 --timesteps 100000 --save-tag tune_off_tf05_o3wnm_t18 --n-envs 4 --vec-backend subproc --seed 0 --algo ppo --markov-obs --work-conserving --window-size 20 --learning-rate 0.00012344 --rollout-size 2048 --batch-size 1024 --n-epochs 10 --gamma 0.995 --gae-lambda 0.98 --clip-range 0.2 --ent-coef 0.000898174"}}
{"op_code":7,"worker_id":"98842e31-4d78-4834-ae55-e678a387fc70-32360","trial_id":18,"step":25000,"intermediate_value":116125.4}
{"op_code":6,"worker_id":"98842e31-4d78-4834-ae55-e678a387fc70-32360","trial_id":18,"state":2,"values":[116125.4],"datetime_complete":"2026-10-06T07:29:27.117823"}
{"op_code":4,"worker_id":"98842e31-4d78-4834-ae55-e678a387fc70-32360","study_id":0,"datetime_start":"2026-10-06T07:29:27.309511"}
{"op_code":5,"worker_id":"98842e31-4d78-4834-ae55-e678a387fc70-32360","trial_id":19,"param_name":"learning-rate","param_value_internal":0.0006665374388958738,"distribution":"{\"name\": \"FloatDistribution\", \"attributes\": {\"step\": null, \"low\": 3e-05, \"high\": 0.001, \"log\": true}}"}
{"op_code":5,"worker_id":"98842e31-4d78-4834-ae55-e678a387fc70-32360","trial_id":19,"param_name":"rollout-size","param_value_internal":2,"distribution":"{\"name\": \"CategoricalDistribution\", \"attributes\": {\"choices\": [2048, 4096, 8192, 16384]}}"}
{"op_code":5,"worker_id":"98842e31-4d78-4834-ae55-e678a387fc70-32360","trial_id":19,"param_name":"batch-size","param_value_internal":0,"distribution":"{\"name\": \"CategoricalDistribution\", \"attributes\": {\"choices\": [64, 256, 1024]}}"}
{"op_code":5,"worker_id":"98842e31-4d78-4834-ae55-e678a387fc70-32360","trial_id":19,"param_name":"n-epochs","param_value_internal":2,"distribution":"{\"name\": \"CategoricalDistribution\", \"attributes\": {\"choices\": [3, 5, 10]}}"}
{"op_code":5,"worker_id":"98842e31-4d78-4834-ae55-e678a387fc70-32360","trial_id":19,"param_name":"gamma","param_value_internal":0,"distribution":"{\"name\": \"CategoricalDistribution\", \"attributes\": {\"choices\": [0.99, 0.995, 0.999]}}"}
{"op_code":5,"worker_id":"98842e31-4d78-4834-ae55-e678a387fc70-32360","trial_id":19,"param_name":"gae-lambda","param_value_internal":1,"distribution":"{\"name\": \"CategoricalDistribution\", \"attributes\": {\"choices\": [0.9, 0.95, 0.98]}}"}
{"op_code":5,"worker_id":"98842e31-4d78-4834-ae55-e678a387fc70-32360","trial_id":19,"param_name":"clip-range","param_value_internal":2,"distribution":"{\"name\": \"CategoricalDistribution\", \"attributes\": {\"choices\": [0.1, 0.2, 0.3]}}"}
{"op_code":5,"worker_id":"98842e31-4d78-4834-ae55-e678a387fc70-32360","trial_id":19,"param_name":"ent-coef","param_value_internal":0.01072697153252642,"distribution":"{\"name\": \"FloatDistribution\", \"attributes\": {\"step\": null, \"low\": 0.0001, \"high\": 0.03, \"log\": true}}"}
{"op_code":8,"worker_id":"98842e31-4d78-4834-ae55-e678a387fc70-32360","trial_id":19,"user_attr":{"train_argv":"--option 3 --reward-mode objective --objectives tardiness_sq --lambda-late 1.0 --lambda-energy 1.0 --power-model linear --difficulty off_tf05 --timesteps 100000 --save-tag tune_off_tf05_o3wnm_t19 --n-envs 4 --vec-backend subproc --seed 0 --algo ppo --markov-obs --work-conserving --window-size 20 --learning-rate 0.000666537 --rollout-size 8192 --batch-size 64 --n-epochs 10 --gamma 0.99 --gae-lambda 0.95 --clip-range 0.3 --ent-coef 0.010727"}}
{"op_code":7,"worker_id":"98842e31-4d78-4834-ae55-e678a387fc70-32360","trial_id":19,"step":25000,"intermediate_value":57045.2}
{"op_code":7,"worker_id":"98842e31-4d78-4834-ae55-e678a387fc70-32360","trial_id":19,"step":50000,"intermediate_value":34636.4}
{"op_code":7,"worker_id":"98842e31-4d78-4834-ae55-e678a387fc70-32360","trial_id":19,"step":75000,"intermediate_value":29325.6}
{"op_code":6,"worker_id":"98842e31-4d78-4834-ae55-e678a387fc70-32360","trial_id":19,"state":1,"values":[31316.9],"datetime_complete":"2026-10-06T07:32:31.582191"}
{"op_code":0,"worker_id":"a78174ea-b720-4149-a7fe-94130054df14-34464","study_name":"off_tf05_o3wnm","directions":[1]}
{"op_code":0,"worker_id":"3964a6c5-3e57-4544-8991-c8d3c5cc46ca-7220","study_name":"off_tf05_o3wnm","directions":[1]}
{"op_code":0,"worker_id":"194e6a20-1d93-405e-bdcc-2d950476cd3f-4620","study_name":"off_tf05_o3wnm","directions":[1]}
{"op_code":0,"worker_id":"69479668-2f9d-4e85-90f8-dc4a7e9599c8-17656","study_name":"off_tf05_o3wnm","directions":[1]}
{"op_code":0,"worker_id":"0e4df1fe-1340-4360-934f-3f20e639d5b3-16336","study_name":"off_tf05_o3wnm","directions":[1]}
{"op_code":0,"worker_id":"57a51032-5538-4087-a9d4-3f8a2fcf2ede-4492","study_name":"off_tf05_o3wnm","directions":[1]}
