{"op_code":0,"worker_id":"981e845f-986e-4961-a6d4-dec321ff2c64-35568","study_name":"on_rho095_o3wnm","directions":[1]}
{"op_code":4,"worker_id":"981e845f-986e-4961-a6d4-dec321ff2c64-35568","study_id":0,"datetime_start":"2026-10-06T05:14:45.447665"}
{"op_code":5,"worker_id":"981e845f-986e-4961-a6d4-dec321ff2c64-35568","trial_id":0,"param_name":"learning-rate","param_value_internal":0.00020554062603827,"distribution":"{\"name\": \"FloatDistribution\", \"attributes\": {\"step\": null, \"low\": 3e-05, \"high\": 0.001, \"log\": true}}"}
{"op_code":5,"worker_id":"981e845f-986e-4961-a6d4-dec321ff2c64-35568","trial_id":0,"param_name":"rollout-size","param_value_internal":0,"distribution":"{\"name\": \"CategoricalDistribution\", \"attributes\": {\"choices\": [2048, 4096, 8192, 16384]}}"}
{"op_code":5,"worker_id":"981e845f-986e-4961-a6d4-dec321ff2c64-35568","trial_id":0,"param_name":"batch-size","param_value_internal":2,"distribution":"{\"name\": \"CategoricalDistribution\", \"attributes\": {\"choices\": [64, 256, 1024]}}"}
{"op_code":5,"worker_id":"981e845f-986e-4961-a6d4-dec321ff2c64-35568","trial_id":0,"param_name":"n-epochs","param_value_internal":0,"distribution":"{\"name\": \"CategoricalDistribution\", \"attributes\": {\"choices\": [3, 5, 10]}}"}
{"op_code":5,"worker_id":"981e845f-986e-4961-a6d4-dec321ff2c64-35568","trial_id":0,"param_name":"gamma","param_value_internal":2,"distribution":"{\"name\": \"CategoricalDistribution\", \"attributes\": {\"choices\": [0.99, 0.995, 0.999]}}"}
{"op_code":5,"worker_id":"981e845f-986e-4961-a6d4-dec321ff2c64-35568","trial_id":0,"param_name":"gae-lambda","param_value_internal":1,"distribution":"{\"name\": \"CategoricalDistribution\", \"attributes\": {\"choices\": [0.9, 0.95, 0.98]}}"}
{"op_code":5,"worker_id":"981e845f-986e-4961-a6d4-dec321ff2c64-35568","trial_id":0,"param_name":"clip-range","param_value_internal":2,"distribution":"{\"name\": \"CategoricalDistribution\", \"attributes\": {\"choices\": [0.1, 0.2, 0.3]}}"}
{"op_code":5,"worker_id":"981e845f-986e-4961-a6d4-dec321ff2c64-35568","trial_id":0,"param_name":"ent-coef","param_value_internal":0.02655561084998941,"distribution":"{\"name\": \"FloatDistribution\", \"attributes\": {\"step\": null, \"low\": 0.0001, \"high\": 0.03, \"log\": true}}"}
{"op_code":8,"worker_id":"981e845f-986e-4961-a6d4-dec321ff2c64-35568","trial_id":0,"user_attr":{"train_argv":"--option 3 --reward-mode objective --objectives tardiness_sq --lambda-late 1.0 --lambda-energy 1.0 --power-model linear --difficulty on_rho095 --timesteps 100000 --save-tag tune_on_rho095_o3wnm_t0 --n-envs 4 --vec-backend subproc --seed 0 --algo ppo --markov-obs --work-conserving --window-size 20 --learning-rate 0.000205541 --rollout-size 2048 --batch-size 1024 --n-epochs 3 --gamma 0.999 --gae-lambda 0.95 --clip-range 0.3 --ent-coef 0.0265556"}}
{"op_code":7,"worker_id":"981e845f-986e-4961-a6d4-dec321ff2c64-35568","trial_id":0,"step":25000,"intermediate_value":110869.2}
{"op_code":7,"worker_id":"981e845f-986e-4961-a6d4-dec321ff2c64-35568","trial_id":0,"step":50000,"intermediate_value":123276.8}
{"op_code":7,"worker_id":"981e845f-986e-4961-a6d4-dec321ff2c64-35568","trial_id":0,"step":75000,"intermediate_value":106406.8}
{"op_code":6,"worker_id":"981e845f-986e-4961-a6d4-dec321ff2c64-35568","trial_id":0,"state":1,"values":[286889.45],"datetime_complete":"2026-10-06T05:17:51.447631"}
{"op_code":4,"worker_id":"981e845f-986e-4961-a6d4-dec321ff2c64-35568","study_id":0,"datetime_start":"2026-10-06T05:17:51.670974"}
{"op_code":5,"worker_id":"981e845f-986e-4961-a6d4-dec321ff2c64-35568","trial_id":1,"param_name":"learning-rate","param_value_internal":0.0004944733002746453,"distribution":"{\"name\": \"FloatDistribution\", \"attributes\": {\"step\": null, \"low\": 3e-05, \"high\": 0.001, \"log\": true}}"}
{"op_code":5,"worker_id":"981e845f-986e-4961-a6d4-dec321ff2c64-35568","trial_id":1,"param_name":"rollout-size","param_value_internal":1,"distribution":"{\"name\": \"CategoricalDistribution\", \"attributes\": {\"choices\": [2048, 4096, 8192, 16384]}}"}
{"op_code":5,"worker_id":"981e845f-986e-4961-a6d4-dec321ff2c64-35568","trial_id":1,"param_name":"batch-size","param_value_internal":1,"distribution":"{\"name\": \"CategoricalDistribution\", \"attributes\": {\"choices\": [64, 256, 1024]}}"}
{"op_code":5,"worker_id":"981e845f-986e-4961-a6d4-dec321ff2c64-35568","trial_id":1,"param_name":"n-epochs","param_value_internal":2,"distribution":"{\"name\": \"CategoricalDistribution\", \"attributes\": {\"choices\": [3, 5, 10]}}"}
{"op_code":5,"worker_id":"981e845f-986e-4961-a6d4-dec321ff2c64-35568","trial_id":1,"param_name":"gamma","param_value_internal":1,"distribution":"{\"name\": \"CategoricalDistribution\", \"attributes\": {\"choices\": [0.99, 0.995, 0.999]}}"}
{"op_code":5,"worker_id":"981e845f-986e-4961-a6d4-dec321ff2c64-35568","trial_id":1,"param_name":"gae-lambda","param_value_internal":0,"distribution":"{\"name\": \"CategoricalDistribution\", \"attributes\": {\"choices\": [0.9, 0.95, 0.98]}}"}
{"op_code":5,"worker_id":"981e845f-986e-4961-a6d4-dec321ff2c64-35568","trial_id":1,"param_name":"clip-range","param_value_internal":0,"distribution":"{\"name\": \"CategoricalDistribution\", \"attributes\": {\"choices\": [0.1, 0.2, 0.3]}}"}
{"op_code":5,"worker_id":"981e845f-986e-4961-a6d4-dec321ff2c64-35568","trial_id":1,"param_name":"ent-coef","param_value_internal":0.0012094311268425492,"distribution":"{\"name\": \"FloatDistribution\", \"attributes\": {\"step\": null, \"low\": 0.0001, \"high\": 0.03, \"log\": true}}"}
{"op_code":8,"worker_id":"981e845f-986e-4961-a6d4-dec321ff2c64-35568","trial_id":1,"user_attr":{"train_argv":"--option 3 --reward-mode objective --objectives tardiness_sq --lambda-late 1.0 --lambda-energy 1.0 --power-model linear --difficulty on_rho095 --timesteps 100000 --save-tag tune_on_rho095_o3wnm_t1 --n-envs 4 --vec-backend subproc --seed 0 --algo ppo --markov-obs --work-conserving --window-size 20 --learning-rate 0.000494473 --rollout-size 4096 --batch-size 256 --n-epochs 10 --gamma 0.995 --gae-lambda 0.9 --clip-range 0.1 --ent-coef 0.00120943"}}
{"op_code":7,"worker_id":"981e845f-986e-4961-a6d4-dec321ff2c64-35568","trial_id":1,"step":25000,"intermediate_value":168966.4}
{"op_code":7,"worker_id":"981e845f-986e-4961-a6d4-dec321ff2c64-35568","trial_id":1,"step":50000,"intermediate_value":107808.8}
{"op_code":7,"worker_id":"981e845f-986e-4961-a6d4-dec321ff2c64-35568","trial_id":1,"step":75000,"intermediate_value":97515.4}
{"op_code":6,"worker_id":"981e845f-986e-4961-a6d4-dec321ff2c64-35568","trial_id":1,"state":1,"values":[110842.1],"datetime_complete":"2026-10-06T05:21:47.472434"}
{"op_code":4,"worker_id":"981e845f-986e-4961-a6d4-dec321ff2c64-35568","study_id":0,"datetime_start":"2026-10-06T05:21:47.709453"}
{"op_code":5,"worker_id":"981e845f-986e-4961-a6d4-dec321ff2c64-35568","trial_id":2,"param_name":"learning-rate","param_value_internal":0.0003463609921766881,"distribution":"{\"name\": \"FloatDistribution\", \"attributes\": {\"step\": null, \"low\": 3e-05, \"high\": 0.001, \"log\": true}}"}
{"op_code":5,"worker_id":"981e845f-986e-4961-a6d4-dec321ff2c64-35568","trial_id":2,"param_name":"rollout-size","param_value_internal":2,"distribution":"{\"name\": \"CategoricalDistribution\", \"attributes\": {\"choices\": [2048, 4096, 8192, 16384]}}"}
{"op_code":5,"worker_id":"981e845f-986e-4961-a6d4-dec321ff2c64-35568","trial_id":2,"param_name":"batch-size","param_value_internal":2,"distribution":"{\"name\": \"CategoricalDistribution\", \"attributes\": {\"choices\": [64, 256, 1024]}}"}
{"op_code":5,"worker_id":"981e845f-986e-4961-a6d4-dec321ff2c64-35568","trial_id":2,"param_name":"n-epochs","param_value_internal":2,"distribution":"{\"name\": \"CategoricalDistribution\", \"attributes\": {\"choices\": [3, 5, 10]}}"}
{"op_code":5,"worker_id":"981e845f-986e-4961-a6d4-dec321ff2c64-35568","trial_id":2,"param_name":"gamma","param_value_internal":1,"distribution":"{\"name\": \"CategoricalDistribution\", \"attributes\": {\"choices\": [0.99, 0.995, 0.999]}}"}
{"op_code":5,"worker_id":"981e845f-986e-4961-a6d4-dec321ff2c64-35568","trial_id":2,"param_name":"gae-lambda","param_value_internal":0,"distribution":"{\"name\": \"CategoricalDistribution\", \"attributes\": {\"choices\": [0.9, 0.95, 0.98]}}"}
{"op_code":5,"worker_id":"981e845f-986e-4961-a6d4-dec321ff2c64-35568","trial_id":2,"param_name":"clip-range","param_value_internal":0,"distribution":"{\"name\": \"CategoricalDistribution\", \"attributes\": {\"choices\": [0.1, 0.2, 0.3]}}"}
{"op_code":5,"worker_id":"981e845f-986e-4961-a6d4-dec321ff2c64-35568","trial_id":2,"param_name":"ent-coef","param_value_internal":0.0042248177213228075,"distribution":"{\"name\": \"FloatDistribution\", \"attributes\": {\"step\": null, \"low\": 0.0001, \"high\": 0.03, \"log\": true}}"}
{"op_code":8,"worker_id":"981e845f-986e-4961-a6d4-dec321ff2c64-35568","trial_id":2,"user_attr":{"train_argv":"--option 3 --reward-mode objective --objectives tardiness_sq --lambda-late 1.0 --lambda-energy 1.0 --power-model linear --difficulty on_rho095 --timesteps 100000 --save-tag tune_on_rho095_o3wnm_t2 --n-envs 4 --vec-backend subproc --seed 0 --algo ppo --markov-obs --work-conserving --window-size 20 --learning-rate 0.000346361 --rollout-size 8192 --batch-size 1024 --n-epochs 10 --gamma 0.995 --gae-lambda 0.9 --clip-range 0.1 --ent-coef 0.00422482"}}
{"op_code":7,"worker_id":"981e845f-986e-4961-a6d4-dec321ff2c64-35568","trial_id":2,"step":25000,"intermediate_value":188469.2}
{"op_code":7,"worker_id":"981e845f-986e-4961-a6d4-dec321ff2c64-35568","trial_id":2,"step":50000,"intermediate_value":164936.0}
{"op_code":7,"worker_id":"981e845f-986e-4961-a6d4-dec321ff2c64-35568","trial_id":2,"step":75000,"intermediate_value":115567.4}
{"op_code":6,"worker_id":"981e845f-986e-4961-a6d4-dec321ff2c64-35568","trial_id":2,"state":1,"values":[140062.15],"datetime_complete":"2026-10-06T05:25:54.459281"}
{"op_code":4,"worker_id":"981e845f-986e-4961-a6d4-dec321ff2c64-35568","study_id":0,"datetime_start":"2026-10-06T05:25:54.695920"}
{"op_code":5,"worker_id":"981e845f-986e-4961-a6d4-dec321ff2c64-35568","trial_id":3,"param_name":"learning-rate","param_value_internal":4.8703159315306354e-05,"distribution":"{\"name\": \"FloatDistribution\", \"attributes\": {\"step\": null, \"low\": 3e-05, \"high\": 0.001, \"log\": true}}"}
{"op_code":5,"worker_id":"981e845f-986e-4961-a6d4-dec321ff2c64-35568","trial_id":3,"param_name":"rollout-size","param_value_internal":2,"distribution":"{\"name\": \"CategoricalDistribution\", \"attributes\": {\"choices\": [2048, 4096, 8192, 16384]}}"}
{"op_code":5,"worker_id":"981e845f-986e-4961-a6d4-dec321ff2c64-35568","trial_id":3,"param_name":"batch-size","param_value_internal":2,"distribution":"{\"name\": \"CategoricalDistribution\", \"attributes\": {\"choices\": [64, 256, 1024]}}"}
{"op_code":5,"worker_id":"981e845f-986e-4961-a6d4-dec321ff2c64-35568","trial_id":3,"param_name":"n-epochs","param_value_internal":1,"distribution":"{\"name\": \"CategoricalDistribution\", \"attributes\": {\"choices\": [3, 5, 10]}}"}
{"op_code":5,"worker_id":"981e845f-986e-4961-a6d4-dec321ff2c64-35568","trial_id":3,"param_name":"gamma","param_value_internal":0,"distribution":"{\"name\": \"CategoricalDistribution\", \"attributes\": {\"choices\": [0.99, 0.995, 0.999]}}"}
{"op_code":5,"worker_id":"981e845f-986e-4961-a6d4-dec321ff2c64-35568","trial_id":3,"param_name":"gae-lambda","param_value_internal":1,"distribution":"{\"name\": \"CategoricalDistribution\", \"attributes\": {\"choices\": [0.9, 0.95, 0.98]}}"}
{"op_code":5,"worker_id":"981e845f-986e-4961-a6d4-dec321ff2c64-35568","trial_id":3,"param_name":"clip-range","param_value_internal":1,"distribution":"{\"name\": \"CategoricalDistribution\", \"attributes\": {\"choices\": [0.1, 0.2, 0.3]}}"}
{"op_code":5,"worker_id":"981e845f-986e-4961-a6d4-dec321ff2c64-35568","trial_id":3,"param_name":"ent-coef","param_value_internal":0.005192032534497486,"distribution":"{\"name\": \"FloatDistribution\", \"attributes\": {\"step\": null, \"low\": 0.0001, \"high\": 0.03, \"log\": true}}"}
{"op_code":8,"worker_id":"981e845f-986e-4961-a6d4-dec321ff2c64-35568","trial_id":3,"user_attr":{"train_argv":"--option 3 --reward-mode objective --objectives tardiness_sq --lambda-late 1.0 --lambda-energy 1.0 --power-model linear --difficulty on_rho095 --timesteps 100000 --save-tag tune_on_rho095_o3wnm_t3 --n-envs 4 --vec-backend subproc --seed 0 --algo ppo --markov-obs --work-conserving --window-size 20 --learning-rate 4.87032e-05 --rollout-size 8192 --batch-size 1024 --n-epochs 5 --gamma 0.99 --gae-lambda 0.95 --clip-range 0.2 --ent-coef 0.00519203"}}
{"op_code":7,"worker_id":"981e845f-986e-4961-a6d4-dec321ff2c64-35568","trial_id":3,"step":25000,"intermediate_value":232165.0}
{"op_code":7,"worker_id":"981e845f-986e-4961-a6d4-dec321ff2c64-35568","trial_id":3,"step":50000,"intermediate_value":123026.8}
{"op_code":7,"worker_id":"981e845f-986e-4961-a6d4-dec321ff2c64-35568","trial_id":3,"step":75000,"intermediate_value":73080.8}
{"op_code":6,"worker_id":"981e845f-986e-4961-a6d4-dec321ff2c64-35568","trial_id":3,"state":1,"values":[96385.45],"datetime_complete":"2026-10-06T05:29:17.780751"}
{"op_code":4,"worker_id":"981e845f-986e-4961-a6d4-dec321ff2c64-35568","study_id":0,"datetime_start":"2026-10-06T05:29:18.053786"}
{"op_code":5,"worker_id":"981e845f-986e-4961-a6d4-dec321ff2c64-35568","trial_id":4,"param_name":"learning-rate","param_value_internal":0.00021876939530160837,"distribution":"{\"name\": \"FloatDistribution\", \"attributes\": {\"step\": null, \"low\": 3e-05, \"high\": 0.001, \"log\": true}}"}
{"op_code":5,"worker_id":"981e845f-986e-4961-a6d4-dec321ff2c64-35568","trial_id":4,"param_name":"rollout-size","param_value_internal":3,"distribution":"{\"name\": \"CategoricalDistribution\", \"attributes\": {\"choices\": [2048, 4096, 8192, 16384]}}"}
{"op_code":5,"worker_id":"981e845f-986e-4961-a6d4-dec321ff2c64-35568","trial_id":4,"param_name":"batch-size","param_value_internal":0,"distribution":"{\"name\": \"CategoricalDistribution\", \"attributes\": {\"choices\": [64, 256, 1024]}}"}
{"op_code":5,"worker_id":"981e845f-986e-4961-a6d4-dec321ff2c64-35568","trial_id":4,"param_name":"n-epochs","param_value_internal":1,"distribution":"{\"name\": \"CategoricalDistribution\", \"attributes\": {\"choices\": [3, 5, 10]}}"}
{"op_code":5,"worker_id":"981e845f-986e-4961-a6d4-dec321ff2c64-35568","trial_id":4,"param_name":"gamma","param_value_internal":1,"distribution":"{\"name\": \"CategoricalDistribution\", \"attributes\": {\"choices\": [0.99, 0.995, 0.999]}}"}
{"op_code":5,"worker_id":"981e845f-986e-4961-a6d4-dec321ff2c64-35568","trial_id":4,"param_name":"gae-lambda","param_value_internal":0,"distribution":"{\"name\": \"CategoricalDistribution\", \"attributes\": {\"choices\": [0.9, 0.95, 0.98]}}"}
{"op_code":5,"worker_id":"981e845f-986e-4961-a6d4-dec321ff2c64-35568","trial_id":4,"param_name":"clip-range","param_value_internal":2,"distribution":"{\"name\": \"CategoricalDistribution\", \"attributes\": {\"choices\": [0.1, 0.2, 0.3]}}"}
{"op_code":5,"worker_id":"981e845f-986e-4961-a6d4-dec321ff2c64-35568","trial_id":4,"param_name":"ent-coef","param_value_internal":0.000413229862740349,"distribution":"{\"name\": \"FloatDistribution\", \"attributes\": {\"step\": null, \"low\": 0.0001, \"high\": 0.03, \"log\": true}}"}
{"op_code":8,"worker_id":"981e845f-986e-4961-a6d4-dec321ff2c64-35568","trial_id":4,"user_attr":{"train_argv":"--option 3 --reward-mode objective --objectives tardiness_sq --lambda-late 1.0 --lambda-energy 1.0 --power-model linear --difficulty on_rho095 --timesteps 100000 --save-tag tune_on_rho095_o3wnm_t4 --n-envs 4 --vec-backend subproc --seed 0 --algo ppo --markov-obs --work-conserving --window-size 20 --learning-rate 0.000218769 --rollout-size 16384 --batch-size 64 --n-epochs 5 --gamma 0.995 --gae-lambda 0.9 --clip-range 0.3 --ent-coef 0.00041323"}}
{"op_code":7,"worker_id":"981e845f-986e-4961-a6d4-dec321ff2c64-35568","trial_id":4,"step":25000,"intermediate_value":208770.2}
{"op_code":7,"worker_id":"981e845f-986e-4961-a6d4-dec321ff2c64-35568","trial_id":4,"step":50000,"intermediate_value":115239.2}
{"op_code":7,"worker_id":"981e845f-986e-4961-a6d4-dec321ff2c64-35568","trial_id":4,"step":75000,"intermediate_value":98178.2}
{"op_code":6,"worker_id":"981e845f-986e-4961-a6d4-dec321ff2c64-35568","trial_id":4,"state":1,"values":[86936.65],"datetime_complete":"2026-10-06T05:33:10.637728"}
{"op_code":4,"worker_id":"981e845f-986e-4961-a6d4-dec321ff2c64-35568","study_id":0,"datetime_start":"2026-10-06T05:33:10.941058"}
{"op_code":5,"worker_id":"981e845f-986e-4961-a6d4-dec321ff2c64-35568","trial_id":5,"param_name":"learning-rate","param_value_internal":0.00022622417507807115,"distribution":"{\"name\": \"FloatDistribution\", \"attributes\": {\"step\": null, \"low\": 3e-05, \"high\": 0.001, \"log\": true}}"}
{"op_code":5,"worker_id":"981e845f-986e-4961-a6d4-dec321ff2c64-35568","trial_id":5,"param_name":"rollout-size","param_value_internal":3,"distribution":"{\"name\": \"CategoricalDistribution\", \"attributes\": {\"choices\": [2048, 4096, 8192, 16384]}}"}
{"op_code":5,"worker_id":"981e845f-986e-4961-a6d4-dec321ff2c64-35568","trial_id":5,"param_name":"batch-size","param_value_internal":1,"distribution":"{\"name\": \"CategoricalDistribution\", \"attributes\": {\"choices\": [64, 256, 1024]}}"}
{"op_code":5,"worker_id":"981e845f-986e-4961-a6d4-dec321ff2c64-35568","trial_id":5,"param_name":"n-epochs","param_value_internal":1,"distribution":"{\"name\": \"CategoricalDistribution\", \"attributes\": {\"choices\": [3, 5, 10]}}"}
{"op_code":5,"worker_id":"981e845f-986e-4961-a6d4-dec321ff2c64-35568","trial_id":5,"param_name":"gamma","param_value_internal":2,"distribution":"{\"name\": \"CategoricalDistribution\", \"attributes\": {\"choices\": [0.99, 0.995, 0.999]}}"}
{"op_code":5,"worker_id":"981e845f-986e-4961-a6d4-dec321ff2c64-35568","trial_id":5,"param_name":"gae-lambda","param_value_internal":1,"distribution":"{\"name\": \"CategoricalDistribution\", \"attributes\": {\"choices\": [0.9, 0.95, 0.98]}}"}
{"op_code":5,"worker_id":"981e845f-986e-4961-a6d4-dec321ff2c64-35568","trial_id":5,"param_name":"clip-range","param_value_internal":0,"distribution":"{\"name\": \"CategoricalDistribution\", \"attributes\": {\"choices\": [0.1, 0.2, 0.3]}}"}
{"op_code":5,"worker_id":"981e845f-986e-4961-a6d4-dec321ff2c64-35568","trial_id":5,"param_name":"ent-coef","param_value_internal":0.0031776753088383902,"distribution":"{\"name\": \"FloatDistribution\", \"attributes\": {\"step\": null, \"low\": 0.0001, \"high\": 0.03, \"log\": true}}"}
{"op_code":8,"worker_id":"981e845f-986e-4961-a6d4-dec321ff2c64-35568","trial_id":5,"user_attr":{"train_argv":"--option 3 --reward-mode objective --objectives tardiness_sq --lambda-late 1.0 --lambda-energy 1.0 --power-model linear --difficulty on_rho095 --timesteps 100000 --save-tag tune_on_rho095_o3wnm_t5 --n-envs 4 --vec-backend subproc --seed 0 --algo ppo --markov-obs --work-conserving --window-size 20 --learning-rate 0.000226224 --rollout-size 16384 --batch-size 256 --n-epochs 5 --gamma 0.999 --gae-lambda 0.95 --clip-range 0.1 --ent-coef 0.00317768"}}
{"op_code":7,"worker_id":"981e845f-986e-4961-a6d4-dec321ff2c64-35568","trial_id":5,"step":25000,"intermediate_value":174983.0}
{"op_code":7,"worker_id":"981e845f-986e-4961-a6d4-dec321ff2c64-35568","trial_id":5,"step":50000,"intermediate_value":186410.8}
{"op_code":6,"worker_id":"981e845f-986e-4961-a6d4-dec321ff2c64-35568","trial_id":5,"state":2,"values":[186410.8],"datetime_complete":"2026-10-06T05:34:35.759390"}
{"op_code":4,"worker_id":"981e845f-986e-4961-a6d4-dec321ff2c64-35568","study_id":0,"datetime_start":"2026-10-06T05:34:36.072723"}
{"op_code":5,"worker_id":"981e845f-986e-4961-a6d4-dec321ff2c64-35568","trial_id":6,"param_name":"learning-rate","param_value_internal":3.208855558609467e-05,"distribution":"{\"name\": \"FloatDistribution\", \"attributes\": {\"step\": null, \"low\": 3e-05, \"high\": 0.001, \"log\": true}}"}
{"op_code":5,"worker_id":"981e845f-986e-4961-a6d4-dec321ff2c64-35568","trial_id":6,"param_name":"rollout-size","param_value_internal":1,"distribution":"{\"name\": \"CategoricalDistribution\", \"attributes\": {\"choices\": [2048, 4096, 8192, 16384]}}"}
{"op_code":5,"worker_id":"981e845f-986e-4961-a6d4-dec321ff2c64-35568","trial_id":6,"param_name":"batch-size","param_value_internal":0,"distribution":"{\"name\": \"CategoricalDistribution\", \"attributes\": {\"choices\": [64, 256, 1024]}}"}
{"op_code":5,"worker_id":"981e845f-986e-4961-a6d4-dec321ff2c64-35568","trial_id":6,"param_name":"n-epochs","param_value_internal":1,"distribution":"{\"name\": \"CategoricalDistribution\", \"attributes\": {\"choices\": [3, 5, 10]}}"}
{"op_code":5,"worker_id":"981e845f-986e-4961-a6d4-dec321ff2c64-35568","trial_id":6,"param_name":"gamma","param_value_internal":0,"distribution":"{\"name\": \"CategoricalDistribution\", \"attributes\": {\"choices\": [0.99, 0.995, 0.999]}}"}
{"op_code":5,"worker_id":"981e845f-986e-4961-a6d4-dec321ff2c64-35568","trial_id":6,"param_name":"gae-lambda","param_value_internal":0,"distribution":"{\"name\": \"CategoricalDistribution\", \"attributes\": {\"choices\": [0.9, 0.95, 0.98]}}"}
{"op_code":5,"worker_id":"981e845f-986e-4961-a6d4-dec321ff2c64-35568","trial_id":6,"param_name":"clip-range","param_value_internal":0,"distribution":"{\"name\": \"CategoricalDistribution\", \"attributes\": {\"choices\": [0.1, 0.2, 0.3]}}"}
{"op_code":5,"worker_id":"981e845f-986e-4961-a6d4-dec321ff2c64-35568","trial_id":6,"param_name":"ent-coef","param_value_internal":0.00017712267105509928,"distribution":"{\"name\": \"FloatDistribution\", \"attributes\": {\"step\": null, \"low\": 0.0001, \"high\": 0.03, \"log\": true}}"}
{"op_code":8,"worker_id":"981e845f-986e-4961-a6d4-dec321ff2c64-35568","trial_id":6,"user_attr":{"train_argv":"--option 3 --reward-mode objective --objectives tardiness_sq --lambda-late 1.0 --lambda-energy 1.0 --power-model linear --difficulty on_rho095 --timesteps 100000 --save-tag tune_on_rho095_o3wnm_t6 --n-envs 4 --vec-backend subproc --seed 0 --algo ppo --markov-obs --work-conserving --window-size 20 --learning-rate 3.20886e-05 --rollout-size 4096 --batch-size 64 --n-epochs 5 --gamma 0.99 --gae-lambda 0.9 --clip-range 0.1 --ent-coef 0.000177123"}}
{"op_code":7,"worker_id":"981e845f-986e-4961-a6d4-dec321ff2c64-35568","trial_id":6,"step":25000,"intermediate_value":95271.4}
{"op_code":7,"worker_id":"981e845f-986e-4961-a6d4-dec321ff2c64-35568","trial_id":6,"step":50000,"intermediate_value":114383.4}
{"op_code":7,"worker_id":"981e845f-986e-4961-a6d4-dec321ff2c64-35568","trial_id":6,"step":75000,"intermediate_value":106751.6}
{"op_code":6,"worker_id":"981e845f-986e-4961-a6d4-dec321ff2c64-35568","trial_id":6,"state":1,"values":[126089.5],"datetime_complete":"2026-10-06T05:38:08.540751"}
{"op_code":4,"worker_id":"981e845f-986e-4961-a6d4-dec321ff2c64-35568","study_id":0,"datetime_start":"2026-10-06T05:38:08.753842"}
{"op_code":5,"worker_id":"981e845f-986e-4961-a6d4-dec321ff2c64-35568","trial_id":7,"param_name":"learning-rate","param_value_internal":0.0007540181221018431,"distribution":"{\"name\": \"FloatDistribution\", \"attributes\": {\"step\": null, \"low\": 3e-05, \"high\": 0.001, \"log\": true}}"}
{"op_code":5,"worker_id":"981e845f-986e-4961-a6d4-dec321ff2c64-35568","trial_id":7,"param_name":"rollout-size","param_value_internal":1,"distribution":"{\"name\": \"CategoricalDistribution\", \"attributes\": {\"choices\": [2048, 4096, 8192, 16384]}}"}
{"op_code":5,"worker_id":"981e845f-986e-4961-a6d4-dec321ff2c64-35568","trial_id":7,"param_name":"batch-size","param_value_internal":1,"distribution":"{\"name\": \"CategoricalDistribution\", \"attributes\": {\"choices\": [64, 256, 1024]}}"}
{"op_code":5,"worker_id":"981e845f-986e-4961-a6d4-dec321ff2c64-35568","trial_id":7,"param_name":"n-epochs","param_value_internal":0,"distribution":"{\"name\": \"CategoricalDistribution\", \"attributes\": {\"choices\": [3, 5, 10]}}"}
{"op_code":5,"worker_id":"981e845f-986e-4961-a6d4-dec321ff2c64-35568","trial_id":7,"param_name":"gamma","param_value_internal":2,"distribution":"{\"name\": \"CategoricalDistribution\", \"attributes\": {\"choices\": [0.99, 0.995, 0.999]}}"}
{"op_code":5,"worker_id":"981e845f-986e-4961-a6d4-dec321ff2c64-35568","trial_id":7,"param_name":"gae-lambda","param_value_internal":2,"distribution":"{\"name\": \"CategoricalDistribution\", \"attributes\": {\"choices\": [0.9, 0.95, 0.98]}}"}
{"op_code":5,"worker_id":"981e845f-986e-4961-a6d4-dec321ff2c64-35568","trial_id":7,"param_name":"clip-range","param_value_internal":0,"distribution":"{\"name\": \"CategoricalDistribution\", \"attributes\": {\"choices\": [0.1, 0.2, 0.3]}}"}
{"op_code":5,"worker_id":"981e845f-986e-4961-a6d4-dec321ff2c64-35568","trial_id":7,"param_name":"ent-coef","param_value_internal":0.000779308323413374,"distribution":"{\"name\": \"FloatDistribution\", \"attributes\": {\"step\": null, \"low\": 0.0001, \"high\": 0.03, \"log\": true}}"}
{"op_code":8,"worker_id":"981e845f-986e-4961-a6d4-dec321ff2c64-35568","trial_id":7,"user_attr":{"train_argv":"--option 3 --reward-mode objective --objectives tardiness_sq --lambda-late 1.0 --lambda-energy 1.0 --power-model linear --difficulty on_rho095 --timesteps 100000 --save-tag tune_on_rho095_o3wnm_t7 --n-envs 4 --vec-backend subproc --seed 0 --algo ppo --markov-obs --work-conserving --window-size 20 --learning-rate 0.000754018 --rollout-size 4096 --batch-size 256 --n-epochs 3 --gamma 0.999 --gae-lambda 0.98 --clip-range 0.1 --ent-coef 0.000779308"}}
{"op_code":7,"worker_id":"981e845f-986e-4961-a6d4-dec321ff2c64-35568","trial_id":7,"step":25000,"intermediate_value":186538.8}
{"op_code":6,"worker_id":"981e845f-986e-4961-a6d4-dec321ff2c64-35568","trial_id":7,"state":2,"values":[186538.8],"datetime_complete":"2026-10-06T05:38:49.596349"}
{"op_code":4,"worker_id":"981e845f-986e-4961-a6d4-dec321ff2c64-35568","study_id":0,"datetime_start":"2026-10-06T05:38:49.817536"}
{"op_code":5,"worker_id":"981e845f-986e-4961-a6d4-dec321ff2c64-35568","trial_id":8,"param_name":"learning-rate","param_value_internal":0.0003879791314675207,"distribution":"{\"name\": \"FloatDistribution\", \"attributes\": {\"step\": null, \"low\": 3e-05, \"high\": 0.001, \"log\": true}}"}
{"op_code":5,"worker_id":"981e845f-986e-4961-a6d4-dec321ff2c64-35568","trial_id":8,"param_name":"rollout-size","param_value_internal":1,"distribution":"{\"name\": \"CategoricalDistribution\", \"attributes\": {\"choices\": [2048, 4096, 8192, 16384]}}"}
{"op_code":5,"worker_id":"981e845f-986e-4961-a6d4-dec321ff2c64-35568","trial_id":8,"param_name":"batch-size","param_value_internal":1,"distribution":"{\"name\": \"CategoricalDistribution\", \"attributes\": {\"choices\": [64, 256, 1024]}}"}
{"op_code":5,"worker_id":"981e845f-986e-4961-a6d4-dec321ff2c64-35568","trial_id":8,"param_name":"n-epochs","param_value_internal":1,"distribution":"{\"name\": \"CategoricalDistribution\", \"attributes\": {\"choices\": [3, 5, 10]}}"}
{"op_code":5,"worker_id":"981e845f-986e-4961-a6d4-dec321ff2c64-35568","trial_id":8,"param_name":"gamma","param_value_internal":2,"distribution":"{\"name\": \"CategoricalDistribution\", \"attributes\": {\"choices\": [0.99, 0.995, 0.999]}}"}
{"op_code":5,"worker_id":"981e845f-986e-4961-a6d4-dec321ff2c64-35568","trial_id":8,"param_name":"gae-lambda","param_value_internal":2,"distribution":"{\"name\": \"CategoricalDistribution\", \"attributes\": {\"choices\": [0.9, 0.95, 0.98]}}"}
{"op_code":5,"worker_id":"981e845f-986e-4961-a6d4-dec321ff2c64-35568","trial_id":8,"param_name":"clip-range","param_value_internal":0,"distribution":"{\"name\": \"CategoricalDistribution\", \"attributes\": {\"choices\": [0.1, 0.2, 0.3]}}"}
{"op_code":5,"worker_id":"981e845f-986e-4961-a6d4-dec321ff2c64-35568","trial_id":8,"param_name":"ent-coef","param_value_internal":0.006435774191713849,"distribution":"{\"name\": \"FloatDistribution\", \"attributes\": {\"step\": null, \"low\": 0.0001, \"high\": 0.03, \"log\": true}}"}
{"op_code":8,"worker_id":"981e845f-986e-4961-a6d4-dec321ff2c64-35568","trial_id":8,"user_attr":{"train_argv":"--option 3 --reward-mode objective --objectives tardiness_sq --lambda-late 1.0 --lambda-energy 1.0 --power-model linear --difficulty on_rho095 --timesteps 100000 --save-tag tune_on_rho095_o3wnm_t8 --n-envs 4 --vec-backend subproc --seed 0 --algo ppo --markov-obs --work-conserving --window-size 20 --learning-rate 0.000387979 --rollout-size 4096 --batch-size 256 --n-epochs 5 --gamma 0.999 --gae-lambda 0.98 --clip-range 0.1 --ent-coef 0.00643577"}}
{"op_code":7,"worker_id":"981e845f-986e-4961-a6d4-dec321ff2c64-35568","trial_id":8,"step":25000,"intermediate_value":170405.0}
{"op_code":7,"worker_id":"981e845f-986e-4961-a6d4-dec321ff2c64-35568","trial_id":8,"step":50000,"intermediate_value":175907.0}
{"op_code":6,"worker_id":"981e845f-986e-4961-a6d4-dec321ff2c64-35568","trial_id":8,"state":2,"values":[175907.0],"datetime_complete":"2026-10-06T05:40:12.804693"}
{"op_code":4,"worker_id":"981e845f-986e-4961-a6d4-dec321ff2c64-35568","study_id":0,"datetime_start":"2026-10-06T05:40:13.090019"}
{"op_code":5,"worker_id":"981e845f-986e-4961-a6d4-dec321ff2c64-35568","trial_id":9,"param_name":"learning-rate","param_value_internal":8.95726984805228e-05,"distribution":"{\"name\": \"FloatDistribution\", \"attributes\": {\"step\": null, \"low\": 3e-05, \"high\": 0.001, \"log\": true}}"}
{"op_code":5,"worker_id":"981e845f-986e-4961-a6d4-dec321ff2c64-35568","trial_id":9,"param_name":"rollout-size","param_value_internal":3,"distribution":"{\"name\": \"CategoricalDistribution\", \"attributes\": {\"choices\": [2048, 4096, 8192, 16384]}}"}
{"op_code":5,"worker_id":"981e845f-986e-4961-a6d4-dec321ff2c64-35568","trial_id":9,"param_name":"batch-size","param_value_internal":0,"distribution":"{\"name\": \"CategoricalDistribution\", \"attributes\": {\"choices\": [64, 256, 1024]}}"}
{"op_code":5,"worker_id":"981e845f-986e-4961-a6d4-dec321ff2c64-35568","trial_id":9,"param_name":"n-epochs","param_value_internal":2,"distribution":"{\"name\": \"CategoricalDistribution\", \"attributes\": {\"choices\": [3, 5, 10]}}"}
{"op_code":5,"worker_id":"981e845f-986e-4961-a6d4-dec321ff2c64-35568","trial_id":9,"param_name":"gamma","param_value_internal":1,"distribution":"{\"name\": \"CategoricalDistribution\", \"attributes\": {\"choices\": [0.99, 0.995, 0.999]}}"}
{"op_code":5,"worker_id":"981e845f-986e-4961-a6d4-dec321ff2c64-35568","trial_id":9,"param_name":"gae-lambda","param_value_internal":0,"distribution":"{\"name\": \"CategoricalDistribution\", \"attributes\": {\"choices\": [0.9, 0.95, 0.98]}}"}
{"op_code":5,"worker_id":"981e845f-986e-4961-a6d4-dec321ff2c64-35568","trial_id":9,"param_name":"clip-range","param_value_internal":0,"distribution":"{\"name\": \"CategoricalDistribution\", \"attributes\": {\"choices\": [0.1, 0.2, 0.3]}}"}
{"op_code":5,"worker_id":"981e845f-986e-4961-a6d4-dec321ff2c64-35568","trial_id":9,"param_name":"ent-coef","param_value_internal":0.016640390684891242,"distribution":"{\"name\": \"FloatDistribution\", \"attributes\": {\"step\": null, \"low\": 0.0001, \"high\": 0.03, \"log\": true}}"}
{"op_code":8,"worker_id":"981e845f-986e-4961-a6d4-dec321ff2c64-35568","trial_id":9,"user_attr":{"train_argv":"--option 3 --reward-mode objective --objectives tardiness_sq --lambda-late 1.0 --lambda-energy 1.0 --power-model linear --difficulty on_rho095 --timesteps 100000 --save-tag tune_on_rho095_o3wnm_t9 --n-envs 4 --vec-backend subproc --seed 0 --algo ppo --markov-obs --work-conserving --window-size 20 --learning-rate 8.95727e-05 --rollout-size 16384 --batch-size 64 --n-epochs 10 --gamma 0.995 --gae-lambda 0.9 --clip-range 0.1 --ent-coef 0.0166404"}}
{"op_code":7,"worker_id":"981e845f-986e-4961-a6d4-dec321ff2c64-35568","trial_id":9,"step":25000,"intermediate_value":207053.4}
{"op_code":6,"worker_id":"981e845f-986e-4961-a6d4-dec321ff2c64-35568","trial_id":9,"state":2,"values":[207053.4],"datetime_complete":"2026-10-06T05:41:08.173425"}
{"op_code":4,"worker_id":"981e845f-986e-4961-a6d4-dec321ff2c64-35568","study_id":0,"datetime_start":"2026-10-06T05:41:08.509555"}
{"op_code":5,"worker_id":"981e845f-986e-4961-a6d4-dec321ff2c64-35568","trial_id":10,"param_name":"learning-rate","param_value_internal":0.000120017000640576,"distribution":"{\"name\": \"FloatDistribution\", \"attributes\": {\"step\": null, \"low\": 3e-05, \"high\": 0.001, \"log\": true}}"}
{"op_code":5,"worker_id":"981e845f-986e-4961-a6d4-dec321ff2c64-35568","trial_id":10,"param_name":"rollout-size","param_value_internal":3,"distribution":"{\"name\": \"CategoricalDistribution\", \"attributes\": {\"choices\": [2048, 4096, 8192, 16384]}}"}
{"op_code":5,"worker_id":"981e845f-986e-4961-a6d4-dec321ff2c64-35568","trial_id":10,"param_name":"batch-size","param_value_internal":0,"distribution":"{\"name\": \"CategoricalDistribution\", \"attributes\": {\"choices\": [64, 256, 1024]}}"}
{"op_code":5,"worker_id":"981e845f-986e-4961-a6d4-dec321ff2c64-35568","trial_id":10,"param_name":"n-epochs","param_value_internal":1,"distribution":"{\"name\": \"CategoricalDistribution\", \"attributes\": {\"choices\": [3, 5, 10]}}"}
{"op_code":5,"worker_id":"981e845f-986e-4961-a6d4-dec321ff2c64-35568","trial_id":10,"param_name":"gamma","param_value_internal":1,"distribution":"{\"name\": \"CategoricalDistribution\", \"attributes\": {\"choices\": [0.99, 0.995, 0.999]}}"}
{"op_code":5,"worker_id":"981e845f-986e-4961-a6d4-dec321ff2c64-35568","trial_id":10,"param_name":"gae-lambda","param_value_internal":0,"distribution":"{\"name\": \"CategoricalDistribution\", \"attributes\": {\"choices\": [0.9, 0.95, 0.98]}}"}
{"op_code":5,"worker_id":"981e845f-986e-4961-a6d4-dec321ff2c64-35568","trial_id":10,"param_name":"clip-range","param_value_internal":2,"distribution":"{\"name\": \"CategoricalDistribution\", \"attributes\": {\"choices\": [0.1, 0.2, 0.3]}}"}
{"op_code":5,"worker_id":"981e845f-986e-4961-a6d4-dec321ff2c64-35568","trial_id":10,"param_name":"ent-coef","param_value_internal":0.00023070772368030955,"distribution":"{\"name\": \"FloatDistribution\", \"attributes\": {\"step\": null, \"low\": 0.0001, \"high\": 0.03, \"log\": true}}"}
{"op_code":8,"worker_id":"981e845f-986e-4961-a6d4-dec321ff2c64-35568","trial_id":10,"user_attr":{"train_argv":"--option 3 --reward-mode objective --objectives tardiness_sq --lambda-late 1.0 --lambda-energy 1.0 --power-model linear --difficulty on_rho095 --timesteps 100000 --save-tag tune_on_rho095_o3wnm_t10 --n-envs 4 --vec-backend subproc --seed 0 --algo ppo --markov-obs --work-conserving --window-size 20 --learning-rate 0.000120017 --rollout-size 16384 --batch-size 64 --n-epochs 5 --gamma 0.995 --gae-lambda 0.9 --clip-range 0.3 --ent-coef 0.000230708"}}
{"op_code":7,"worker_id":"981e845f-986e-4961-a6d4-dec321ff2c64-35568","trial_id":10,"step":25000,"intermediate_value":216857.4}
{"op_code":6,"worker_id":"981e845f-986e-4961-a6d4-dec321ff2c64-35568","trial_id":10,"state":2,"values":[216857.4],"datetime_complete":"2026-10-06T05:41:50.570071"}
{"op_code":4,"worker_id":"981e845f-986e-4961-a6d4-dec321ff2c64-35568","study_id":0,"datetime_start":"2026-10-06T05:41:50.791454"}
{"op_code":5,"worker_id":"981e845f-986e-4961-a6d4-dec321ff2c64-35568","trial_id":11,"param_name":"learning-rate","param_value_internal":3.1404596357999346e-05,"distribution":"{\"name\": \"FloatDistribution\", \"attributes\": {\"step\": null, \"low\": 3e-05, \"high\": 0.001, \"log\": true}}"}
{"op_code":5,"worker_id":"981e845f-986e-4961-a6d4-dec321ff2c64-35568","trial_id":11,"param_name":"rollout-size","param_value_internal":2,"distribution":"{\"name\": \"CategoricalDistribution\", \"attributes\": {\"choices\": [2048, 4096, 8192, 16384]}}"}
{"op_code":5,"worker_id":"981e845f-986e-4961-a6d4-dec321ff2c64-35568","trial_id":11,"param_name":"batch-size","param_value_internal":2,"distribution":"{\"name\": \"CategoricalDistribution\", \"attributes\": {\"choices\": [64, 256, 1024]}}"}
{"op_code":5,"worker_id":"981e845f-986e-4961-a6d4-dec321ff2c64-35568","trial_id":11,"param_name":"n-epochs","param_value_internal":1,"distribution":"{\"name\": \"CategoricalDistribution\", \"attributes\": {\"choices\": [3, 5, 10]}}"}
{"op_code":5,"worker_id":"981e845f-986e-4961-a6d4-dec321ff2c64-35568","trial_id":11,"param_name":"gamma","param_value_internal":0,"distribution":"{\"name\": \"CategoricalDistribution\", \"attributes\": {\"choices\": [0.99, 0.995, 0.999]}}"}
{"op_code":5,"worker_id":"981e845f-986e-4961-a6d4-dec321ff2c64-35568","trial_id":11,"param_name":"gae-lambda","param_value_internal":1,"distribution":"{\"name\": \"CategoricalDistribution\", \"attributes\": {\"choices\": [0.9, 0.95, 0.98]}}"}
{"op_code":5,"worker_id":"981e845f-986e-4961-a6d4-dec321ff2c64-35568","trial_id":11,"param_name":"clip-range","param_value_internal":1,"distribution":"{\"name\": \"CategoricalDistribution\", \"attributes\": {\"choices\": [0.1, 0.2, 0.3]}}"}
{"op_code":5,"worker_id":"981e845f-986e-4961-a6d4-dec321ff2c64-35568","trial_id":11,"param_name":"ent-coef","param_value_internal":0.0006370366555679702,"distribution":"{\"name\": \"FloatDistribution\", \"attributes\": {\"step\": null, \"low\": 0.0001, \"high\": 0.03, \"log\": true}}"}
{"op_code":8,"worker_id":"981e845f-986e-4961-a6d4-dec321ff2c64-35568","trial_id":11,"user_attr":{"train_argv":"--option 3 --reward-mode objective --objectives tardiness_sq --lambda-late 1.0 --lambda-energy 1.0 --power-model linear --difficulty on_rho095 --timesteps 100000 --save-tag tune_on_rho095_o3wnm_t11 --n-envs 4 --vec-backend subproc --seed 0 --algo ppo --markov-obs --work-conserving --window-size 20 --learning-rate 3.14046e-05 --rollout-size 8192 --batch-size 1024 --n-epochs 5 --gamma 0.99 --gae-lambda 0.95 --clip-range 0.2 --ent-coef 0.000637037"}}
{"op_code":7,"worker_id":"981e845f-986e-4961-a6d4-dec321ff2c64-35568","trial_id":11,"step":25000,"intermediate_value":262577.0}
{"op_code":6,"worker_id":"981e845f-986e-4961-a6d4-dec321ff2c64-35568","trial_id":11,"state":2,"values":[262577.0],"datetime_complete":"2026-10-06T05:42:35.555021"}
{"op_code":4,"worker_id":"981e845f-986e-4961-a6d4-dec321ff2c64-35568","study_id":0,"datetime_start":"2026-10-06T05:42:35.840589"}
{"op_code":5,"worker_id":"981e845f-986e-4961-a6d4-dec321ff2c64-35568","trial_id":12,"param_name":"learning-rate","param_value_internal":6.842677656990269e-05,"distribution":"{\"name\": \"FloatDistribution\", \"attributes\": {\"step\": null, \"low\": 3e-05, \"high\": 0.001, \"log\": true}}"}
{"op_code":5,"worker_id":"981e845f-986e-4961-a6d4-dec321ff2c64-35568","trial_id":12,"param_name":"rollout-size","param_value_internal":2,"distribution":"{\"name\": \"CategoricalDistribution\", \"attributes\": {\"choices\": [2048, 4096, 8192, 16384]}}"}
{"op_code":5,"worker_id":"981e845f-986e-4961-a6d4-dec321ff2c64-35568","trial_id":12,"param_name":"batch-size","param_value_internal":2,"distribution":"{\"name\": \"CategoricalDistribution\", \"attributes\": {\"choices\": [64, 256, 1024]}}"}
{"op_code":5,"worker_id":"981e845f-986e-4961-a6d4-dec321ff2c64-35568","trial_id":12,"param_name":"n-epochs","param_value_internal":1,"distribution":"{\"name\": \"CategoricalDistribution\", \"attributes\": {\"choices\": [3, 5, 10]}}"}
{"op_code":5,"worker_id":"981e845f-986e-4961-a6d4-dec321ff2c64-35568","trial_id":12,"param_name":"gamma","param_value_internal":0,"distribution":"{\"name\": \"CategoricalDistribution\", \"attributes\": {\"choices\": [0.99, 0.995, 0.999]}}"}
{"op_code":5,"worker_id":"981e845f-986e-4961-a6d4-dec321ff2c64-35568","trial_id":12,"param_name":"gae-lambda","param_value_internal":1,"distribution":"{\"name\": \"CategoricalDistribution\", \"attributes\": {\"choices\": [0.9, 0.95, 0.98]}}"}
{"op_code":5,"worker_id":"981e845f-986e-4961-a6d4-dec321ff2c64-35568","trial_id":12,"param_name":"clip-range","param_value_internal":1,"distribution":"{\"name\": \"CategoricalDistribution\", \"attributes\": {\"choices\": [0.1, 0.2, 0.3]}}"}
{"op_code":5,"worker_id":"981e845f-986e-4961-a6d4-dec321ff2c64-35568","trial_id":12,"param_name":"ent-coef","param_value_internal":0.00010102675418598996,"distribution":"{\"name\": \"FloatDistribution\", \"attributes\": {\"step\": null, \"low\": 0.0001, \"high\": 0.03, \"log\": true}}"}
{"op_code":8,"worker_id":"981e845f-986e-4961-a6d4-dec321ff2c64-35568","trial_id":12,"user_attr":{"train_argv":"--option 3 --reward-mode objective --objectives tardiness_sq --lambda-late 1.0 --lambda-energy 1.0 --power-model linear --difficulty on_rho095 --timesteps 100000 --save-tag tune_on_rho095_o3wnm_t12 --n-envs 4 --vec-backend subproc --seed 0 --algo ppo --markov-obs --work-conserving --window-size 20 --learning-rate 6.84268e-05 --rollout-size 8192 --batch-size 1024 --n-epochs 5 --gamma 0.99 --gae-lambda 0.95 --clip-range 0.2 --ent-coef 0.000101027"}}
{"op_code":7,"worker_id":"981e845f-986e-4961-a6d4-dec321ff2c64-35568","trial_id":12,"step":25000,"intermediate_value":253128.2}
{"op_code":6,"worker_id":"981e845f-986e-4961-a6d4-dec321ff2c64-35568","trial_id":12,"state":2,"values":[253128.2],"datetime_complete":"2026-10-06T05:43:22.293582"}
{"op_code":4,"worker_id":"981e845f-986e-4961-a6d4-dec321ff2c64-35568","study_id":0,"datetime_start":"2026-10-06T05:43:22.565971"}
{"op_code":5,"worker_id":"981e845f-986e-4961-a6d4-dec321ff2c64-35568","trial_id":13,"param_name":"learning-rate","param_value_internal":5.514043676851357e-05,"distribution":"{\"name\": \"FloatDistribution\", \"attributes\": {\"step\": null, \"low\": 3e-05, \"high\": 0.001, \"log\": true}}"}
{"op_code":5,"worker_id":"981e845f-986e-4961-a6d4-dec321ff2c64-35568","trial_id":13,"param_name":"rollout-size","param_value_internal":0,"distribution":"{\"name\": \"CategoricalDistribution\", \"attributes\": {\"choices\": [2048, 4096, 8192, 16384]}}"}
{"op_code":5,"worker_id":"981e845f-986e-4961-a6d4-dec321ff2c64-35568","trial_id":13,"param_name":"batch-size","param_value_internal":0,"distribution":"{\"name\": \"CategoricalDistribution\", \"attributes\": {\"choices\": [64, 256, 1024]}}"}
{"op_code":5,"worker_id":"981e845f-986e-4961-a6d4-dec321ff2c64-35568","trial_id":13,"param_name":"n-epochs","param_value_internal":1,"distribution":"{\"name\": \"CategoricalDistribution\", \"attributes\": {\"choices\": [3, 5, 10]}}"}
{"op_code":5,"worker_id":"981e845f-986e-4961-a6d4-dec321ff2c64-35568","trial_id":13,"param_name":"gamma","param_value_internal":0,"distribution":"{\"name\": \"CategoricalDistribution\", \"attributes\": {\"choices\": [0.99, 0.995, 0.999]}}"}
{"op_code":5,"worker_id":"981e845f-986e-4961-a6d4-dec321ff2c64-35568","trial_id":13,"param_name":"gae-lambda","param_value_internal":1,"distribution":"{\"name\": \"CategoricalDistribution\", \"attributes\": {\"choices\": [0.9, 0.95, 0.98]}}"}
{"op_code":5,"worker_id":"981e845f-986e-4961-a6d4-dec321ff2c64-35568","trial_id":13,"param_name":"clip-range","param_value_internal":2,"distribution":"{\"name\": \"CategoricalDistribution\", \"attributes\": {\"choices\": [0.1, 0.2, 0.3]}}"}
{"op_code":5,"worker_id":"981e845f-986e-4961-a6d4-dec321ff2c64-35568","trial_id":13,"param_name":"ent-coef","param_value_internal":0.001436339709752841,"distribution":"{\"name\": \"FloatDistribution\", \"attributes\": {\"step\": null, \"low\": 0.0001, \"high\": 0.03, \"log\": true}}"}
{"op_code":8,"worker_id":"981e845f-986e-4961-a6d4-dec321ff2c64-35568","trial_id":13,"user_attr":{"train_argv":"--option 3 --reward-mode objective --objectives tardiness_sq --lambda-late 1.0 --lambda-energy 1.0 --power-model linear --difficulty on_rho095 --timesteps 100000 --save-tag tune_on_rho095_o3wnm_t13 --n-envs 4 --vec-backend subproc --seed 0 --algo ppo --markov-obs --work-conserving --window-size 20 --learning-rate 5.51404e-05 --rollout-size 2048 --batch-size 64 --n-epochs 5 --gamma 0.99 --gae-lambda 0.95 --clip-range 0.3 --ent-coef 0.00143634"}}
{"op_code":7,"worker_id":"981e845f-986e-4961-a6d4-dec321ff2c64-35568","trial_id":13,"step":25000,"intermediate_value":98717.4}
{"op_code":7,"worker_id":"981e845f-986e-4961-a6d4-dec321ff2c64-35568","trial_id":13,"step":50000,"intermediate_value":138861.2}
{"op_code":7,"worker_id":"981e845f-986e-4961-a6d4-dec321ff2c64-35568","trial_id":13,"step":75000,"intermediate_value":116989.0}
{"op_code":6,"worker_id":"981e845f-986e-4961-a6d4-dec321ff2c64-35568","trial_id":13,"state":1,"values":[137670.4],"datetime_complete":"2026-10-06T05:46:54.114161"}
{"op_code":4,"worker_id":"981e845f-986e-4961-a6d4-dec321ff2c64-35568","study_id":0,"datetime_start":"2026-10-06T05:46:54.312904"}
{"op_code":5,"worker_id":"981e845f-986e-4961-a6d4-dec321ff2c64-35568","trial_id":14,"param_name":"learning-rate","param_value_internal":0.000136236474119789,"distribution":"{\"name\": \"FloatDistribution\", \"attributes\": {\"step\": null, \"low\": 3e-05, \"high\": 0.001, \"log\": true}}"}
{"op_code":5,"worker_id":"981e845f-986e-4961-a6d4-dec321ff2c64-35568","trial_id":14,"param_name":"rollout-size","param_value_internal":2,"distribution":"{\"name\": \"CategoricalDistribution\", \"attributes\": {\"choices\": [2048, 4096, 8192, 16384]}}"}
{"op_code":5,"worker_id":"981e845f-986e-4961-a6d4-dec321ff2c64-35568","trial_id":14,"param_name":"batch-size","param_value_internal":2,"distribution":"{\"name\": \"CategoricalDistribution\", \"attributes\": {\"choices\": [64, 256, 1024]}}"}
{"op_code":5,"worker_id":"981e845f-986e-4961-a6d4-dec321ff2c64-35568","trial_id":14,"param_name":"n-epochs","param_value_internal":1,"distribution":"{\"name\": \"CategoricalDistribution\", \"attributes\": {\"choices\": [3, 5, 10]}}"}
{"op_code":5,"worker_id":"981e845f-986e-4961-a6d4-dec321ff2c64-35568","trial_id":14,"param_name":"gamma","param_value_internal":1,"distribution":"{\"name\": \"CategoricalDistribution\", \"attributes\": {\"choices\": [0.99, 0.995, 0.999]}}"}
{"op_code":5,"worker_id":"981e845f-986e-4961-a6d4-dec321ff2c64-35568","trial_id":14,"param_name":"gae-lambda","param_value_internal":2,"distribution":"{\"name\": \"CategoricalDistribution\", \"attributes\": {\"choices\": [0.9, 0.95, 0.98]}}"}
{"op_code":5,"worker_id":"981e845f-986e-4961-a6d4-dec321ff2c64-35568","trial_id":14,"param_name":"clip-range","param_value_internal":1,"distribution":"{\"name\": \"CategoricalDistribution\", \"attributes\": {\"choices\": [0.1, 0.2, 0.3]}}"}
{"op_code":5,"worker_id":"981e845f-986e-4961-a6d4-dec321ff2c64-35568","trial_id":14,"param_name":"ent-coef","param_value_internal":0.011094335860920889,"distribution":"{\"name\": \"FloatDistribution\", \"attributes\": {\"step\": null, \"low\": 0.0001, \"high\": 0.03, \"log\": true}}"}
{"op_code":8,"worker_id":"981e845f-986e-4961-a6d4-dec321ff2c64-35568","trial_id":14,"user_attr":{"train_argv":"--option 3 --reward-mode objective --objectives tardiness_sq --lambda-late 1.0 --lambda-energy 1.0 --power-model linear --difficulty on_rho095 --timesteps 100000 --save-tag tune_on_rho095_o3wnm_t14 --n-envs 4 --vec-backend subproc --seed 0 --algo ppo --markov-obs --work-conserving --window-size 20 --learning-rate 0.000136236 --rollout-size 8192 --batch-size 1024 --n-epochs 5 --gamma 0.995 --gae-lambda 0.98 --clip-range 0.2 --ent-coef 0.0110943"}}
{"op_code":7,"worker_id":"981e845f-986e-4961-a6d4-dec321ff2c64-35568","trial_id":14,"step":25000,"intermediate_value":150854.2}
{"op_code":7,"worker_id":"981e845f-986e-4961-a6d4-dec321ff2c64-35568","trial_id":14,"step":50000,"intermediate_value":95806.6}
{"op_code":7,"worker_id":"981e845f-986e-4961-a6d4-dec321ff2c64-35568","trial_id":14,"step":75000,"intermediate_value":99768.0}
{"op_code":6,"worker_id":"981e845f-986e-4961-a6d4-dec321ff2c64-35568","trial_id":14,"state":1,"values":[199661.9],"datetime_complete":"2026-10-06T05:50:24.624822"}
{"op_code":4,"worker_id":"981e845f-986e-4961-a6d4-dec321ff2c64-35568","study_id":0,"datetime_start":"2026-10-06T05:50:24.853378"}
{"op_code":5,"worker_id":"981e845f-986e-4961-a6d4-dec321ff2c64-35568","trial_id":15,"param_name":"learning-rate","param_value_internal":0.0009931578255865455,"distribution":"{\"name\": \"FloatDistribution\", \"attributes\": {\"step\": null, \"low\": 3e-05, \"high\": 0.001, \"log\": true}}"}
{"op_code":5,"worker_id":"981e845f-986e-4961-a6d4-dec321ff2c64-35568","trial_id":15,"param_name":"rollout-size","param_value_internal":3,"distribution":"{\"name\": \"CategoricalDistribution\", \"attributes\": {\"choices\": [2048, 4096, 8192, 16384]}}"}
{"op_code":5,"worker_id":"981e845f-986e-4961-a6d4-dec321ff2c64-35568","trial_id":15,"param_name":"batch-size","param_value_internal":0,"distribution":"{\"name\": \"CategoricalDistribution\", \"attributes\": {\"choices\": [64, 256, 1024]}}"}
{"op_code":5,"worker_id":"981e845f-986e-4961-a6d4-dec321ff2c64-35568","trial_id":15,"param_name":"n-epochs","param_value_internal":0,"distribution":"{\"name\": \"CategoricalDistribution\", \"attributes\": {\"choices\": [3, 5, 10]}}"}
{"op_code":5,"worker_id":"981e845f-986e-4961-a6d4-dec321ff2c64-35568","trial_id":15,"param_name":"gamma","param_value_internal":0,"distribution":"{\"name\": \"CategoricalDistribution\", \"attributes\": {\"choices\": [0.99, 0.995, 0.999]}}"}
{"op_code":5,"worker_id":"981e845f-986e-4961-a6d4-dec321ff2c64-35568","trial_id":15,"param_name":"gae-lambda","param_value_internal":0,"distribution":"{\"name\": \"CategoricalDistribution\", \"attributes\": {\"choices\": [0.9, 0.95, 0.98]}}"}
{"op_code":5,"worker_id":"981e845f-986e-4961-a6d4-dec321ff2c64-35568","trial_id":15,"param_name":"clip-range","param_value_internal":1,"distribution":"{\"name\": \"CategoricalDistribution\", \"attributes\": {\"choices\": [0.1, 0.2, 0.3]}}"}
{"op_code":5,"worker_id":"981e845f-986e-4961-a6d4-dec321ff2c64-35568","trial_id":15,"param_name":"ent-coef","param_value_internal":0.0003731291441199692,"distribution":"{\"name\": \"FloatDistribution\", \"attributes\": {\"step\": null, \"low\": 0.0001, \"high\": 0.03, \"log\": true}}"}
{"op_code":8,"worker_id":"981e845f-986e-4961-a6d4-dec321ff2c64-35568","trial_id":15,"user_attr":{"train_argv":"--option 3 --reward-mode objective --objectives tardiness_sq --lambda-late 1.0 --lambda-energy 1.0 --power-model linear --difficulty on_rho095 --timesteps 100000 --save-tag tune_on_rho095_o3wnm_t15 --n-envs 4 --vec-backend subproc --seed 0 --algo ppo --markov-obs --work-conserving --window-size 20 --learning-rate 0.000993158 --rollout-size 16384 --batch-size 64 --n-epochs 3 --gamma 0.99 --gae-lambda 0.9 --clip-range 0.2 --ent-coef 0.000373129"}}
{"op_code":7,"worker_id":"981e845f-986e-4961-a6d4-dec321ff2c64-35568","trial_id":15,"step":25000,"intermediate_value":156840.6}
{"op_code":7,"worker_id":"981e845f-986e-4961-a6d4-dec321ff2c64-35568","trial_id":15,"step":50000,"intermediate_value":78312.6}
{"op_code":7,"worker_id":"981e845f-986e-4961-a6d4-dec321ff2c64-35568","trial_id":15,"step":75000,"intermediate_value":94703.4}
{"op_code":6,"worker_id":"981e845f-986e-4961-a6d4-dec321ff2c64-35568","trial_id":15,"state":1,"values":[102109.35],"datetime_complete":"2026-10-06T05:53:50.816661"}
{"op_code":4,"worker_id":"981e845f-986e-4961-a6d4-dec321ff2c64-35568","study_id":0,"datetime_start":"2026-10-06T05:53:51.047417"}
{"op_code":5,"worker_id":"981e845f-986e-4961-a6d4-dec321ff2c64-35568","trial_id":16,"param_name":"learning-rate","param_value_internal":5.063969183928405e-05,"distribution":"{\"name\": \"FloatDistribution\", \"attributes\": {\"step\": null, \"low\": 3e-05, \"high\": 0.001, \"log\": true}}"}
{"op_code":5,"worker_id":"981e845f-986e-4961-a6d4-dec321ff2c64-35568","trial_id":16,"param_name":"rollout-size","param_value_internal":3,"distribution":"{\"name\": \"CategoricalDistribution\", \"attributes\": {\"choices\": [2048, 4096, 8192, 16384]}}"}
{"op_code":5,"worker_id":"981e845f-986e-4961-a6d4-dec321ff2c64-35568","trial_id":16,"param_name":"batch-size","param_value_internal":0,"distribution":"{\"name\": \"CategoricalDistribution\", \"attributes\": {\"choices\": [64, 256, 1024]}}"}
{"op_code":5,"worker_id":"981e845f-986e-4961-a6d4-dec321ff2c64-35568","trial_id":16,"param_name":"n-epochs","param_value_internal":1,"distribution":"{\"name\": \"CategoricalDistribution\", \"attributes\": {\"choices\": [3, 5, 10]}}"}
{"op_code":5,"worker_id":"981e845f-986e-4961-a6d4-dec321ff2c64-35568","trial_id":16,"param_name":"gamma","param_value_internal":0,"distribution":"{\"name\": \"CategoricalDistribution\", \"attributes\": {\"choices\": [0.99, 0.995, 0.999]}}"}
{"op_code":5,"worker_id":"981e845f-986e-4961-a6d4-dec321ff2c64-35568","trial_id":16,"param_name":"gae-lambda","param_value_internal":1,"distribution":"{\"name\": \"CategoricalDistribution\", \"attributes\": {\"choices\": [0.9, 0.95, 0.98]}}"}
{"op_code":5,"worker_id":"981e845f-986e-4961-a6d4-dec321ff2c64-35568","trial_id":16,"param_name":"clip-range","param_value_internal":2,"distribution":"{\"name\": \"CategoricalDistribution\", \"attributes\": {\"choices\": [0.1, 0.2, 0.3]}}"}
{"op_code":5,"worker_id":"981e845f-986e-4961-a6d4-dec321ff2c64-35568","trial_id":16,"param_name":"ent-coef","param_value_internal":0.0019400818995533912,"distribution":"{\"name\": \"FloatDistribution\", \"attributes\": {\"step\": null, \"low\": 0.0001, \"high\": 0.03, \"log\": true}}"}
{"op_code":8,"worker_id":"981e845f-986e-4961-a6d4-dec321ff2c64-35568","trial_id":16,"user_attr":{"train_argv":"--option 3 --reward-mode objective --objectives tardiness_sq --lambda-late 1.0 --lambda-energy 1.0 --power-model linear --difficulty on_rho095 --timesteps 100000 --save-tag tune_on_rho095_o3wnm_t16 --n-envs 4 --vec-backend subproc --seed 0 --algo ppo --markov-obs --work-conserving --window-size 20 --learning-rate 5.06397e-05 --rollout-size 16384 --batch-size 64 --n-epochs 5 --gamma 0.99 --gae-lambda 0.95 --clip-range 0.3 --ent-coef 0.00194008"}}
{"op_code":7,"worker_id":"981e845f-986e-4961-a6d4-dec321ff2c64-35568","trial_id":16,"step":25000,"intermediate_value":201467.0}
{"op_code":6,"worker_id":"981e845f-986e-4961-a6d4-dec321ff2c64-35568","trial_id":16,"state":2,"values":[201467.0],"datetime_complete":"2026-10-06T05:54:35.751838"}
{"op_code":4,"worker_id":"981e845f-986e-4961-a6d4-dec321ff2c64-35568","study_id":0,"datetime_start":"2026-10-06T05:54:36.031408"}
{"op_code":5,"worker_id":"981e845f-986e-4961-a6d4-dec321ff2c64-35568","trial_id":17,"param_name":"learning-rate","param_value_internal":0.00019288380928538713,"distribution":"{\"name\": \"FloatDistribution\", \"attributes\": {\"step\": null, \"low\": 3e-05, \"high\": 0.001, \"log\": true}}"}
{"op_code":5,"worker_id":"981e845f-986e-4961-a6d4-dec321ff2c64-35568","trial_id":17,"param_name":"rollout-size","param_value_internal":2,"distribution":"{\"name\": \"CategoricalDistribution\", \"attributes\": {\"choices\": [2048, 4096, 8192, 16384]}}"}
{"op_code":5,"worker_id":"981e845f-986e-4961-a6d4-dec321ff2c64-35568","trial_id":17,"param_name":"batch-size","param_value_internal":2,"distribution":"{\"name\": \"CategoricalDistribution\", \"attributes\": {\"choices\": [64, 256, 1024]}}"}
{"op_code":5,"worker_id":"981e845f-986e-4961-a6d4-dec321ff2c64-35568","trial_id":17,"param_name":"n-epochs","param_value_internal":1,"distribution":"{\"name\": \"CategoricalDistribution\", \"attributes\": {\"choices\": [3, 5, 10]}}"}
{"op_code":5,"worker_id":"981e845f-986e-4961-a6d4-dec321ff2c64-35568","trial_id":17,"param_name":"gamma","param_value_internal":1,"distribution":"{\"name\": \"CategoricalDistribution\", \"attributes\": {\"choices\": [0.99, 0.995, 0.999]}}"}
{"op_code":5,"worker_id":"981e845f-986e-4961-a6d4-dec321ff2c64-35568","trial_id":17,"param_name":"gae-lambda","param_value_internal":1,"distribution":"{\"name\": \"CategoricalDistribution\", \"attributes\": {\"choices\": [0.9, 0.95, 0.98]}}"}
{"op_code":5,"worker_id":"981e845f-986e-4961-a6d4-dec321ff2c64-35568","trial_id":17,"param_name":"clip-range","param_value_internal":2,"distribution":"{\"name\": \"CategoricalDistribution\", \"attributes\": {\"choices\": [0.1, 0.2, 0.3]}}"}
{"op_code":5,"worker_id":"981e845f-986e-4961-a6d4-dec321ff2c64-35568","trial_id":17,"param_name":"ent-coef","param_value_internal":0.008226919422257029,"distribution":"{\"name\": \"FloatDistribution\", \"attributes\": {\"step\": null, \"low\": 0.0001, \"high\": 0.03, \"log\": true}}"}
{"op_code":8,"worker_id":"981e845f-986e-4961-a6d4-dec321ff2c64-35568","trial_id":17,"user_attr":{"train_argv":"--option 3 --reward-mode objective --objectives tardiness_sq --lambda-late 1.0 --lambda-energy 1.0 --power-model linear --difficulty on_rho095 --timesteps 100000 --save-tag tune_on_rho095_o3wnm_t17 --n-envs 4 --vec-backend subproc --seed 0 --algo ppo --markov-obs --work-conserving --window-size 20 --learning-rate 0.000192884 --rollout-size 8192 --batch-size 1024 --n-epochs 5 --gamma 0.995 --gae-lambda 0.95 --clip-range 0.3 --ent-coef 0.00822692"}}
{"op_code":7,"worker_id":"981e845f-986e-4961-a6d4-dec321ff2c64-35568","trial_id":17,"step":25000,"intermediate_value":193347.6}
{"op_code":6,"worker_id":"981e845f-986e-4961-a6d4-dec321ff2c64-35568","trial_id":17,"state":2,"values":[193347.6],"datetime_complete":"2026-10-06T05:55:22.937220"}
{"op_code":4,"worker_id":"981e845f-986e-4961-a6d4-dec321ff2c64-35568","study_id":0,"datetime_start":"2026-10-06T05:55:23.227702"}
{"op_code":5,"worker_id":"981e845f-986e-4961-a6d4-dec321ff2c64-35568","trial_id":18,"param_name":"learning-rate","param_value_internal":0.00010313751283686542,"distribution":"{\"name\": \"FloatDistribution\", \"attributes\": {\"step\": null, \"low\": 3e-05, \"high\": 0.001, \"log\": true}}"}
{"op_code":5,"worker_id":"981e845f-986e-4961-a6d4-dec321ff2c64-35568","trial_id":18,"param_name":"rollout-size","param_value_internal":0,"distribution":"{\"name\": \"CategoricalDistribution\", \"attributes\": {\"choices\": [2048, 4096, 8192, 16384]}}"}
{"op_code":5,"worker_id":"981e845f-986e-4961-a6d4-dec321ff2c64-35568","trial_id":18,"param_name":"batch-size","param_value_internal":0,"distribution":"{\"name\": \"CategoricalDistribution\", \"attributes\": {\"choices\": [64, 256, 1024]}}"}
{"op_code":5,"worker_id":"981e845f-986e-4961-a6d4-dec321ff2c64-35568","trial_id":18,"param_name":"n-epochs","param_value_internal":0,"distribution":"{\"name\": \"CategoricalDistribution\", \"attributes\": {\"choices\": [3, 5, 10]}}"}
{"op_code":5,"worker_id":"981e845f-986e-4961-a6d4-dec321ff2c64-35568","trial_id":18,"param_name":"gamma","param_value_internal":1,"distribution":"{\"name\": \"CategoricalDistribution\", \"attributes\": {\"choices\": [0.99, 0.995, 0.999]}}"}
{"op_code":5,"worker_id":"981e845f-986e-4961-a6d4-dec321ff2c64-35568","trial_id":18,"param_name":"gae-lambda","param_value_internal":0,"distribution":"{\"name\": \"CategoricalDistribution\", \"attributes\": {\"choices\": [0.9, 0.95, 0.98]}}"}
{"op_code":5,"worker_id":"981e845f-986e-4961-a6d4-dec321ff2c64-35568","trial_id":18,"param_name":"clip-range","param_value_internal":1,"distribution":"{\"name\": \"CategoricalDistribution\", \"attributes\": {\"choices\": [0.1, 0.2, 0.3]}}"}
{"op_code":5,"worker_id":"981e845f-986e-4961-a6d4-dec321ff2c64-35568","trial_id":18,"param_name":"ent-coef","param_value_internal":0.002962975135142678,"distribution":"{\"name\": \"FloatDistribution\", \"attributes\": {\"step\": null, \"low\": 0.0001, \"high\": 0.03, \"log\": true}}"}
{"op_code":8,"worker_id":"981e845f-986e-4961-a6d4-dec321ff2c64-35568","trial_id":18,"user_attr":{"train_argv":"--option 3 --reward-mode objective --objectives tardiness_sq --lambda-late 1.0 --lambda-energy 1.0 --power-model linear --difficulty on_rho095 --timesteps 100000 --save-tag tune_on_rho095_o3wnm_t18 --n-envs 4 --vec-backend subproc --seed 0 --algo ppo --markov-obs --work-conserving --window-size 20 --learning-rate 0.000103138 --rollout-size 2048 --batch-size 64 --n-epochs 3 --gamma 0.995 --gae-lambda 0.9 --clip-range 0.2 --ent-coef 0.00296298"}}
{"op_code":7,"worker_id":"981e845f-986e-4961-a6d4-dec321ff2c64-35568","trial_id":18,"step":25000,"intermediate_value":242689.0}
{"op_code":6,"worker_id":"981e845f-986e-4961-a6d4-dec321ff2c64-35568","trial_id":18,"state":2,"values":[242689.0],"datetime_complete":"2026-10-06T05:56:07.242604"}
{"op_code":4,"worker_id":"981e845f-986e-4961-a6d4-dec321ff2c64-35568","study_id":0,"datetime_start":"2026-10-06T05:56:07.455006"}
{"op_code":5,"worker_id":"981e845f-986e-4961-a6d4-dec321ff2c64-35568","trial_id":19,"param_name":"learning-rate","param_value_internal":0.00029465446782791263,"distribution":"{\"name\": \"FloatDistribution\", \"attributes\": {\"step\": null, \"low\": 3e-05, \"high\": 0.001, \"log\": true}}"}
{"op_code":5,"worker_id":"981e845f-986e-4961-a6d4-dec321ff2c64-35568","trial_id":19,"param_name":"rollout-size","param_value_internal":2,"distribution":"{\"name\": \"CategoricalDistribution\", \"attributes\": {\"choices\": [2048, 4096, 8192, 16384]}}"}
{"op_code":5,"worker_id":"981e845f-986e-4961-a6d4-dec321ff2c64-35568","trial_id":19,"param_name":"batch-size","param_value_internal":2,"distribution":"{\"name\": \"CategoricalDistribution\", \"attributes\": {\"choices\": [64, 256, 1024]}}"}
{"op_code":5,"worker_id":"981e845f-986e-4961-a6d4-dec321ff2c64-35568","trial_id":19,"param_name":"n-epochs","param_value_internal":2,"distribution":"{\"name\": \"CategoricalDistribution\", \"attributes\": {\"choices\": [3, 5, 10]}}"}
{"op_code":5,"worker_id":"981e845f-986e-4961-a6d4-dec321ff2c64-35568","trial_id":19,"param_name":"gamma","param_value_internal":0,"distribution":"{\"name\": \"CategoricalDistribution\", \"attributes\": {\"choices\": [0.99, 0.995, 0.999]}}"}
{"op_code":5,"worker_id":"981e845f-986e-4961-a6d4-dec321ff2c64-35568","trial_id":19,"param_name":"gae-lambda","param_value_internal":0,"distribution":"{\"name\": \"CategoricalDistribution\", \"attributes\": {\"choices\": [0.9, 0.95, 0.98]}}"}
{"op_code":5,"worker_id":"981e845f-986e-4961-a6d4-dec321ff2c64-35568","trial_id":19,"param_name":"clip-range","param_value_internal":1,"distribution":"{\"name\": \"CategoricalDistribution\", \"attributes\": {\"choices\": [0.1, 0.2, 0.3]}}"}
{"op_code":5,"worker_id":"981e845f-986e-4961-a6d4-dec321ff2c64-35568","trial_id":19,"param_name":"ent-coef","param_value_internal":0.000706827047476125,"distribution":"{\"name\": \"FloatDistribution\", \"attributes\": {\"step\": null, \"low\": 0.0001, \"high\": 0.03, \"log\": true}}"}
{"op_code":8,"worker_id":"981e845f-986e-4961-a6d4-dec321ff2c64-35568","trial_id":19,"user_attr":{"train_argv":"--option 3 --reward-mode objective --objectives tardiness_sq --lambda-late 1.0 --lambda-energy 1.0 --power-model linear --difficulty on_rho095 --timesteps 100000 --save-tag tune_on_rho095_o3wnm_t19 --n-envs 4 --vec-backend subproc --seed 0 --algo ppo --markov-obs --work-conserving --window-size 20 --learning-rate 0.000294654 --rollout-size 8192 --batch-size 1024 --n-epochs 10 --gamma 0.99 --gae-lambda 0.9 --clip-range 0.2 --ent-coef 0.000706827"}}
{"op_code":7,"worker_id":"981e845f-986e-4961-a6d4-dec321ff2c64-35568","trial_id":19,"step":25000,"intermediate_value":274039.2}
{"op_code":6,"worker_id":"981e845f-986e-4961-a6d4-dec321ff2c64-35568","trial_id":19,"state":2,"values":[274039.2],"datetime_complete":"2026-10-06T05:57:03.862733"}
{"op_code":0,"worker_id":"b4798b84-4083-4e6f-b4e5-eb7de3730d67-32928","study_name":"on_rho095_o3wnm","directions":[1]}
{"op_code":0,"worker_id":"9aab4b30-5af1-466e-bcbd-47460025480d-34464","study_name":"on_rho095_o3wnm","directions":[1]}
{"op_code":0,"worker_id":"295ca91d-8cc9-4643-8cb1-07a4942ebd54-7220","study_name":"on_rho095_o3wnm","directions":[1]}
{"op_code":0,"worker_id":"f7d27de1-5636-4f91-984a-ad7ac94009aa-4620","study_name":"on_rho095_o3wnm","directions":[1]}
{"op_code":0,"worker_id":"a31ccee1-4024-47b9-a319-db18c3fe1f8e-17656","study_name":"on_rho095_o3wnm","directions":[1]}
{"op_code":0,"worker_id":"296a04ad-bd5d-4e70-b39c-7f5ade8d890d-29436","study_name":"on_rho095_o3wnm","directions":[1]}
{"op_code":0,"worker_id":"b7c4e872-7504-4528-bbcd-27a7695dfe2f-4492","study_name":"on_rho095_o3wnm","directions":[1]}
