{"op_code":0,"worker_id":"61fb831b-b95c-4b45-8f2c-db8f520baac3-40312","study_name":"off_tf05_o0pmlubrze","directions":[1]}
{"op_code":4,"worker_id":"61fb831b-b95c-4b45-8f2c-db8f520baac3-40312","study_id":0,"datetime_start":null,"state":4,"value":null,"values":null,"distributions":{},"params":{},"user_attrs":{"defaults":true},"system_attrs":{"fixed_params":{}},"intermediate_values":{}}
{"op_code":6,"worker_id":"61fb831b-b95c-4b45-8f2c-db8f520baac3-40312","trial_id":0,"state":0,"values":null,"datetime_start":"2026-10-07T09:04:08.800933"}
{"op_code":8,"worker_id":"61fb831b-b95c-4b45-8f2c-db8f520baac3-40312","trial_id":0,"user_attr":{"train_argv":"--option 0 --reward-mode objective --objectives tardiness_sq --lambda-late 1.0 --lambda-energy 1.0 --power-model linear --difficulty off_tf05 --timesteps 300000 --save-tag tune_off_tf05_o0pmlubrze_t0 --n-envs 4 --vec-backend subproc --seed 0 --algo ppo --markov-obs --lookahead --fixed-scaling --critic-arrivals --lateness-shaping --normalize-reward --event-idle --policy-arch pointer"}}
{"op_code":7,"worker_id":"61fb831b-b95c-4b45-8f2c-db8f520baac3-40312","trial_id":0,"step":75000,"intermediate_value":39489.4}
{"op_code":7,"worker_id":"61fb831b-b95c-4b45-8f2c-db8f520baac3-40312","trial_id":0,"step":150000,"intermediate_value":26370.2}
{"op_code":7,"worker_id":"61fb831b-b95c-4b45-8f2c-db8f520baac3-40312","trial_id":0,"step":225000,"intermediate_value":26089.2}
{"op_code":6,"worker_id":"61fb831b-b95c-4b45-8f2c-db8f520baac3-40312","trial_id":0,"state":1,"values":[26993.65],"datetime_complete":"2026-10-07T09:26:54.319785"}
{"op_code":4,"worker_id":"61fb831b-b95c-4b45-8f2c-db8f520baac3-40312","study_id":0,"datetime_start":"2026-10-07T09:26:54.547330"}
{"op_code":5,"worker_id":"61fb831b-b95c-4b45-8f2c-db8f520baac3-40312","trial_id":1,"param_name":"learning-rate","param_value_internal":0.00020554062603827,"distribution":"{\"name\": \"FloatDistribution\", \"attributes\": {\"step\": null, \"low\": 3e-05, \"high\": 0.001, \"log\": true}}"}
{"op_code":5,"worker_id":"61fb831b-b95c-4b45-8f2c-db8f520baac3-40312","trial_id":1,"param_name":"rollout-size","param_value_internal":0,"distribution":"{\"name\": \"CategoricalDistribution\", \"attributes\": {\"choices\": [2048, 4096, 8192, 16384]}}"}
{"op_code":5,"worker_id":"61fb831b-b95c-4b45-8f2c-db8f520baac3-40312","trial_id":1,"param_name":"batch-size","param_value_internal":2,"distribution":"{\"name\": \"CategoricalDistribution\", \"attributes\": {\"choices\": [64, 256, 1024]}}"}
{"op_code":5,"worker_id":"61fb831b-b95c-4b45-8f2c-db8f520baac3-40312","trial_id":1,"param_name":"n-epochs","param_value_internal":0,"distribution":"{\"name\": \"CategoricalDistribution\", \"attributes\": {\"choices\": [3, 5, 10]}}"}
{"op_code":5,"worker_id":"61fb831b-b95c-4b45-8f2c-db8f520baac3-40312","trial_id":1,"param_name":"gamma","param_value_internal":2,"distribution":"{\"name\": \"CategoricalDistribution\", \"attributes\": {\"choices\": [0.99, 0.995, 0.999]}}"}
{"op_code":5,"worker_id":"61fb831b-b95c-4b45-8f2c-db8f520baac3-40312","trial_id":1,"param_name":"gae-lambda","param_value_internal":1,"distribution":"{\"name\": \"CategoricalDistribution\", \"attributes\": {\"choices\": [0.9, 0.95, 0.98]}}"}
{"op_code":5,"worker_id":"61fb831b-b95c-4b45-8f2c-db8f520baac3-40312","trial_id":1,"param_name":"clip-range","param_value_internal":2,"distribution":"{\"name\": \"CategoricalDistribution\", \"attributes\": {\"choices\": [0.1, 0.2, 0.3]}}"}
{"op_code":5,"worker_id":"61fb831b-b95c-4b45-8f2c-db8f520baac3-40312","trial_id":1,"param_name":"ent-coef","param_value_internal":0.02655561084998941,"distribution":"{\"name\": \"FloatDistribution\", \"attributes\": {\"step\": null, \"low\": 0.0001, \"high\": 0.03, \"log\": true}}"}
{"op_code":8,"worker_id":"61fb831b-b95c-4b45-8f2c-db8f520baac3-40312","trial_id":1,"user_attr":{"train_argv":"--option 0 --reward-mode objective --objectives tardiness_sq --lambda-late 1.0 --lambda-energy 1.0 --power-model linear --difficulty off_tf05 --timesteps 300000 --save-tag tune_off_tf05_o0pmlubrze_t1 --n-envs 4 --vec-backend subproc --seed 0 --algo ppo --markov-obs --lookahead --fixed-scaling --critic-arrivals --lateness-shaping --normalize-reward --event-idle --policy-arch pointer --learning-rate 0.000205541 --rollout-size 2048 --batch-size 1024 --n-epochs 3 --gamma 0.999 --gae-lambda 0.95 --clip-range 0.3 --ent-coef 0.0265556"}}
{"op_code":7,"worker_id":"61fb831b-b95c-4b45-8f2c-db8f520baac3-40312","trial_id":1,"step":75000,"intermediate_value":62870.2}
{"op_code":7,"worker_id":"61fb831b-b95c-4b45-8f2c-db8f520baac3-40312","trial_id":1,"step":150000,"intermediate_value":39747.6}
{"op_code":7,"worker_id":"61fb831b-b95c-4b45-8f2c-db8f520baac3-40312","trial_id":1,"step":225000,"intermediate_value":39894.2}
{"op_code":6,"worker_id":"61fb831b-b95c-4b45-8f2c-db8f520baac3-40312","trial_id":1,"state":1,"values":[43015.65],"datetime_complete":"2026-10-07T09:36:52.592455"}
{"op_code":4,"worker_id":"61fb831b-b95c-4b45-8f2c-db8f520baac3-40312","study_id":0,"datetime_start":"2026-10-07T09:36:52.801327"}
{"op_code":5,"worker_id":"61fb831b-b95c-4b45-8f2c-db8f520baac3-40312","trial_id":2,"param_name":"learning-rate","param_value_internal":0.0004944733002746453,"distribution":"{\"name\": \"FloatDistribution\", \"attributes\": {\"step\": null, \"low\": 3e-05, \"high\": 0.001, \"log\": true}}"}
{"op_code":5,"worker_id":"61fb831b-b95c-4b45-8f2c-db8f520baac3-40312","trial_id":2,"param_name":"rollout-size","param_value_internal":1,"distribution":"{\"name\": \"CategoricalDistribution\", \"attributes\": {\"choices\": [2048, 4096, 8192, 16384]}}"}
{"op_code":5,"worker_id":"61fb831b-b95c-4b45-8f2c-db8f520baac3-40312","trial_id":2,"param_name":"batch-size","param_value_internal":1,"distribution":"{\"name\": \"CategoricalDistribution\", \"attributes\": {\"choices\": [64, 256, 1024]}}"}
{"op_code":5,"worker_id":"61fb831b-b95c-4b45-8f2c-db8f520baac3-40312","trial_id":2,"param_name":"n-epochs","param_value_internal":2,"distribution":"{\"name\": \"CategoricalDistribution\", \"attributes\": {\"choices\": [3, 5, 10]}}"}
{"op_code":5,"worker_id":"61fb831b-b95c-4b45-8f2c-db8f520baac3-40312","trial_id":2,"param_name":"gamma","param_value_internal":1,"distribution":"{\"name\": \"CategoricalDistribution\", \"attributes\": {\"choices\": [0.99, 0.995, 0.999]}}"}
{"op_code":5,"worker_id":"61fb831b-b95c-4b45-8f2c-db8f520baac3-40312","trial_id":2,"param_name":"gae-lambda","param_value_internal":0,"distribution":"{\"name\": \"CategoricalDistribution\", \"attributes\": {\"choices\": [0.9, 0.95, 0.98]}}"}
{"op_code":5,"worker_id":"61fb831b-b95c-4b45-8f2c-db8f520baac3-40312","trial_id":2,"param_name":"clip-range","param_value_internal":0,"distribution":"{\"name\": \"CategoricalDistribution\", \"attributes\": {\"choices\": [0.1, 0.2, 0.3]}}"}
{"op_code":5,"worker_id":"61fb831b-b95c-4b45-8f2c-db8f520baac3-40312","trial_id":2,"param_name":"ent-coef","param_value_internal":0.0012094311268425492,"distribution":"{\"name\": \"FloatDistribution\", \"attributes\": {\"step\": null, \"low\": 0.0001, \"high\": 0.03, \"log\": true}}"}
{"op_code":8,"worker_id":"61fb831b-b95c-4b45-8f2c-db8f520baac3-40312","trial_id":2,"user_attr":{"train_argv":"--option 0 --reward-mode objective --objectives tardiness_sq --lambda-late 1.0 --lambda-energy 1.0 --power-model linear --difficulty off_tf05 --timesteps 300000 --save-tag tune_off_tf05_o0pmlubrze_t2 --n-envs 4 --vec-backend subproc --seed 0 --algo ppo --markov-obs --lookahead --fixed-scaling --critic-arrivals --lateness-shaping --normalize-reward --event-idle --policy-arch pointer --learning-rate 0.000494473 --rollout-size 4096 --batch-size 256 --n-epochs 10 --gamma 0.995 --gae-lambda 0.9 --clip-range 0.1 --ent-coef 0.00120943"}}
{"op_code":7,"worker_id":"61fb831b-b95c-4b45-8f2c-db8f520baac3-40312","trial_id":2,"step":75000,"intermediate_value":35577.6}
{"op_code":7,"worker_id":"61fb831b-b95c-4b45-8f2c-db8f520baac3-40312","trial_id":2,"step":150000,"intermediate_value":30781.6}
{"op_code":7,"worker_id":"61fb831b-b95c-4b45-8f2c-db8f520baac3-40312","trial_id":2,"step":225000,"intermediate_value":29486.6}
{"op_code":6,"worker_id":"61fb831b-b95c-4b45-8f2c-db8f520baac3-40312","trial_id":2,"state":1,"values":[29820.85],"datetime_complete":"2026-10-07T10:01:59.446279"}
{"op_code":4,"worker_id":"61fb831b-b95c-4b45-8f2c-db8f520baac3-40312","study_id":0,"datetime_start":"2026-10-07T10:01:59.660833"}
{"op_code":5,"worker_id":"61fb831b-b95c-4b45-8f2c-db8f520baac3-40312","trial_id":3,"param_name":"learning-rate","param_value_internal":0.0003463609921766881,"distribution":"{\"name\": \"FloatDistribution\", \"attributes\": {\"step\": null, \"low\": 3e-05, \"high\": 0.001, \"log\": true}}"}
{"op_code":5,"worker_id":"61fb831b-b95c-4b45-8f2c-db8f520baac3-40312","trial_id":3,"param_name":"rollout-size","param_value_internal":2,"distribution":"{\"name\": \"CategoricalDistribution\", \"attributes\": {\"choices\": [2048, 4096, 8192, 16384]}}"}
{"op_code":5,"worker_id":"61fb831b-b95c-4b45-8f2c-db8f520baac3-40312","trial_id":3,"param_name":"batch-size","param_value_internal":2,"distribution":"{\"name\": \"CategoricalDistribution\", \"attributes\": {\"choices\": [64, 256, 1024]}}"}
{"op_code":5,"worker_id":"61fb831b-b95c-4b45-8f2c-db8f520baac3-40312","trial_id":3,"param_name":"n-epochs","param_value_internal":2,"distribution":"{\"name\": \"CategoricalDistribution\", \"attributes\": {\"choices\": [3, 5, 10]}}"}
{"op_code":5,"worker_id":"61fb831b-b95c-4b45-8f2c-db8f520baac3-40312","trial_id":3,"param_name":"gamma","param_value_internal":1,"distribution":"{\"name\": \"CategoricalDistribution\", \"attributes\": {\"choices\": [0.99, 0.995, 0.999]}}"}
{"op_code":5,"worker_id":"61fb831b-b95c-4b45-8f2c-db8f520baac3-40312","trial_id":3,"param_name":"gae-lambda","param_value_internal":0,"distribution":"{\"name\": \"CategoricalDistribution\", \"attributes\": {\"choices\": [0.9, 0.95, 0.98]}}"}
{"op_code":5,"worker_id":"61fb831b-b95c-4b45-8f2c-db8f520baac3-40312","trial_id":3,"param_name":"clip-range","param_value_internal":0,"distribution":"{\"name\": \"CategoricalDistribution\", \"attributes\": {\"choices\": [0.1, 0.2, 0.3]}}"}
{"op_code":5,"worker_id":"61fb831b-b95c-4b45-8f2c-db8f520baac3-40312","trial_id":3,"param_name":"ent-coef","param_value_internal":0.0042248177213228075,"distribution":"{\"name\": \"FloatDistribution\", \"attributes\": {\"step\": null, \"low\": 0.0001, \"high\": 0.03, \"log\": true}}"}
{"op_code":8,"worker_id":"61fb831b-b95c-4b45-8f2c-db8f520baac3-40312","trial_id":3,"user_attr":{"train_argv":"--option 0 --reward-mode objective --objectives tardiness_sq --lambda-late 1.0 --lambda-energy 1.0 --power-model linear --difficulty off_tf05 --timesteps 300000 --save-tag tune_off_tf05_o0pmlubrze_t3 --n-envs 4 --vec-backend subproc --seed 0 --algo ppo --markov-obs --lookahead --fixed-scaling --critic-arrivals --lateness-shaping --normalize-reward --event-idle --policy-arch pointer --learning-rate 0.000346361 --rollout-size 8192 --batch-size 1024 --n-epochs 10 --gamma 0.995 --gae-lambda 0.9 --clip-range 0.1 --ent-coef 0.00422482"}}
{"op_code":7,"worker_id":"61fb831b-b95c-4b45-8f2c-db8f520baac3-40312","trial_id":3,"step":75000,"intermediate_value":38541.4}
{"op_code":7,"worker_id":"61fb831b-b95c-4b45-8f2c-db8f520baac3-40312","trial_id":3,"step":150000,"intermediate_value":32412.2}
{"op_code":7,"worker_id":"61fb831b-b95c-4b45-8f2c-db8f520baac3-40312","trial_id":3,"step":225000,"intermediate_value":32166.6}
{"op_code":6,"worker_id":"61fb831b-b95c-4b45-8f2c-db8f520baac3-40312","trial_id":3,"state":1,"values":[33101.75],"datetime_complete":"2026-10-07T10:37:42.981314"}
{"op_code":4,"worker_id":"61fb831b-b95c-4b45-8f2c-db8f520baac3-40312","study_id":0,"datetime_start":"2026-10-07T10:37:43.211262"}
{"op_code":5,"worker_id":"61fb831b-b95c-4b45-8f2c-db8f520baac3-40312","trial_id":4,"param_name":"learning-rate","param_value_internal":4.8703159315306354e-05,"distribution":"{\"name\": \"FloatDistribution\", \"attributes\": {\"step\": null, \"low\": 3e-05, \"high\": 0.001, \"log\": true}}"}
{"op_code":5,"worker_id":"61fb831b-b95c-4b45-8f2c-db8f520baac3-40312","trial_id":4,"param_name":"rollout-size","param_value_internal":2,"distribution":"{\"name\": \"CategoricalDistribution\", \"attributes\": {\"choices\": [2048, 4096, 8192, 16384]}}"}
{"op_code":5,"worker_id":"61fb831b-b95c-4b45-8f2c-db8f520baac3-40312","trial_id":4,"param_name":"batch-size","param_value_internal":2,"distribution":"{\"name\": \"CategoricalDistribution\", \"attributes\": {\"choices\": [64, 256, 1024]}}"}
{"op_code":5,"worker_id":"61fb831b-b95c-4b45-8f2c-db8f520baac3-40312","trial_id":4,"param_name":"n-epochs","param_value_internal":1,"distribution":"{\"name\": \"CategoricalDistribution\", \"attributes\": {\"choices\": [3, 5, 10]}}"}
{"op_code":5,"worker_id":"61fb831b-b95c-4b45-8f2c-db8f520baac3-40312","trial_id":4,"param_name":"gamma","param_value_internal":0,"distribution":"{\"name\": \"CategoricalDistribution\", \"attributes\": {\"choices\": [0.99, 0.995, 0.999]}}"}
{"op_code":5,"worker_id":"61fb831b-b95c-4b45-8f2c-db8f520baac3-40312","trial_id":4,"param_name":"gae-lambda","param_value_internal":1,"distribution":"{\"name\": \"CategoricalDistribution\", \"attributes\": {\"choices\": [0.9, 0.95, 0.98]}}"}
{"op_code":5,"worker_id":"61fb831b-b95c-4b45-8f2c-db8f520baac3-40312","trial_id":4,"param_name":"clip-range","param_value_internal":1,"distribution":"{\"name\": \"CategoricalDistribution\", \"attributes\": {\"choices\": [0.1, 0.2, 0.3]}}"}
{"op_code":5,"worker_id":"61fb831b-b95c-4b45-8f2c-db8f520baac3-40312","trial_id":4,"param_name":"ent-coef","param_value_internal":0.005192032534497486,"distribution":"{\"name\": \"FloatDistribution\", \"attributes\": {\"step\": null, \"low\": 0.0001, \"high\": 0.03, \"log\": true}}"}
{"op_code":8,"worker_id":"61fb831b-b95c-4b45-8f2c-db8f520baac3-40312","trial_id":4,"user_attr":{"train_argv":"--option 0 --reward-mode objective --objectives tardiness_sq --lambda-late 1.0 --lambda-energy 1.0 --power-model linear --difficulty off_tf05 --timesteps 300000 --save-tag tune_off_tf05_o0pmlubrze_t4 --n-envs 4 --vec-backend subproc --seed 0 --algo ppo --markov-obs --lookahead --fixed-scaling --critic-arrivals --lateness-shaping --normalize-reward --event-idle --policy-arch pointer --learning-rate 4.87032e-05 --rollout-size 8192 --batch-size 1024 --n-epochs 5 --gamma 0.99 --gae-lambda 0.95 --clip-range 0.2 --ent-coef 0.00519203"}}
{"op_code":7,"worker_id":"61fb831b-b95c-4b45-8f2c-db8f520baac3-40312","trial_id":4,"step":75000,"intermediate_value":51729.2}
{"op_code":7,"worker_id":"61fb831b-b95c-4b45-8f2c-db8f520baac3-40312","trial_id":4,"step":150000,"intermediate_value":33516.4}
{"op_code":7,"worker_id":"61fb831b-b95c-4b45-8f2c-db8f520baac3-40312","trial_id":4,"step":225000,"intermediate_value":32902.0}
{"op_code":6,"worker_id":"61fb831b-b95c-4b45-8f2c-db8f520baac3-40312","trial_id":4,"state":1,"values":[36290.0],"datetime_complete":"2026-10-07T10:51:25.387037"}
{"op_code":4,"worker_id":"61fb831b-b95c-4b45-8f2c-db8f520baac3-40312","study_id":0,"datetime_start":"2026-10-07T10:51:25.610275"}
{"op_code":5,"worker_id":"61fb831b-b95c-4b45-8f2c-db8f520baac3-40312","trial_id":5,"param_name":"learning-rate","param_value_internal":0.00021876939530160837,"distribution":"{\"name\": \"FloatDistribution\", \"attributes\": {\"step\": null, \"low\": 3e-05, \"high\": 0.001, \"log\": true}}"}
{"op_code":5,"worker_id":"61fb831b-b95c-4b45-8f2c-db8f520baac3-40312","trial_id":5,"param_name":"rollout-size","param_value_internal":3,"distribution":"{\"name\": \"CategoricalDistribution\", \"attributes\": {\"choices\": [2048, 4096, 8192, 16384]}}"}
{"op_code":5,"worker_id":"61fb831b-b95c-4b45-8f2c-db8f520baac3-40312","trial_id":5,"param_name":"batch-size","param_value_internal":0,"distribution":"{\"name\": \"CategoricalDistribution\", \"attributes\": {\"choices\": [64, 256, 1024]}}"}
{"op_code":5,"worker_id":"61fb831b-b95c-4b45-8f2c-db8f520baac3-40312","trial_id":5,"param_name":"n-epochs","param_value_internal":1,"distribution":"{\"name\": \"CategoricalDistribution\", \"attributes\": {\"choices\": [3, 5, 10]}}"}
{"op_code":5,"worker_id":"61fb831b-b95c-4b45-8f2c-db8f520baac3-40312","trial_id":5,"param_name":"gamma","param_value_internal":1,"distribution":"{\"name\": \"CategoricalDistribution\", \"attributes\": {\"choices\": [0.99, 0.995, 0.999]}}"}
{"op_code":5,"worker_id":"61fb831b-b95c-4b45-8f2c-db8f520baac3-40312","trial_id":5,"param_name":"gae-lambda","param_value_internal":0,"distribution":"{\"name\": \"CategoricalDistribution\", \"attributes\": {\"choices\": [0.9, 0.95, 0.98]}}"}
{"op_code":5,"worker_id":"61fb831b-b95c-4b45-8f2c-db8f520baac3-40312","trial_id":5,"param_name":"clip-range","param_value_internal":2,"distribution":"{\"name\": \"CategoricalDistribution\", \"attributes\": {\"choices\": [0.1, 0.2, 0.3]}}"}
{"op_code":5,"worker_id":"61fb831b-b95c-4b45-8f2c-db8f520baac3-40312","trial_id":5,"param_name":"ent-coef","param_value_internal":0.000413229862740349,"distribution":"{\"name\": \"FloatDistribution\", \"attributes\": {\"step\": null, \"low\": 0.0001, \"high\": 0.03, \"log\": true}}"}
{"op_code":8,"worker_id":"61fb831b-b95c-4b45-8f2c-db8f520baac3-40312","trial_id":5,"user_attr":{"train_argv":"--option 0 --reward-mode objective --objectives tardiness_sq --lambda-late 1.0 --lambda-energy 1.0 --power-model linear --difficulty off_tf05 --timesteps 300000 --save-tag tune_off_tf05_o0pmlubrze_t5 --n-envs 4 --vec-backend subproc --seed 0 --algo ppo --markov-obs --lookahead --fixed-scaling --critic-arrivals --lateness-shaping --normalize-reward --event-idle --policy-arch pointer --learning-rate 0.000218769 --rollout-size 16384 --batch-size 64 --n-epochs 5 --gamma 0.995 --gae-lambda 0.9 --clip-range 0.3 --ent-coef 0.00041323"}}
{"op_code":7,"worker_id":"61fb831b-b95c-4b45-8f2c-db8f520baac3-40312","trial_id":5,"step":75000,"intermediate_value":52862.0}
{"op_code":6,"worker_id":"61fb831b-b95c-4b45-8f2c-db8f520baac3-40312","trial_id":5,"state":2,"values":[52862.0],"datetime_complete":"2026-10-07T10:54:29.513555"}
{"op_code":4,"worker_id":"61fb831b-b95c-4b45-8f2c-db8f520baac3-40312","study_id":0,"datetime_start":"2026-10-07T10:54:29.759389"}
{"op_code":5,"worker_id":"61fb831b-b95c-4b45-8f2c-db8f520baac3-40312","trial_id":6,"param_name":"learning-rate","param_value_internal":0.00022622417507807115,"distribution":"{\"name\": \"FloatDistribution\", \"attributes\": {\"step\": null, \"low\": 3e-05, \"high\": 0.001, \"log\": true}}"}
{"op_code":5,"worker_id":"61fb831b-b95c-4b45-8f2c-db8f520baac3-40312","trial_id":6,"param_name":"rollout-size","param_value_internal":3,"distribution":"{\"name\": \"CategoricalDistribution\", \"attributes\": {\"choices\": [2048, 4096, 8192, 16384]}}"}
{"op_code":5,"worker_id":"61fb831b-b95c-4b45-8f2c-db8f520baac3-40312","trial_id":6,"param_name":"batch-size","param_value_internal":1,"distribution":"{\"name\": \"CategoricalDistribution\", \"attributes\": {\"choices\": [64, 256, 1024]}}"}
{"op_code":5,"worker_id":"61fb831b-b95c-4b45-8f2c-db8f520baac3-40312","trial_id":6,"param_name":"n-epochs","param_value_internal":1,"distribution":"{\"name\": \"CategoricalDistribution\", \"attributes\": {\"choices\": [3, 5, 10]}}"}
{"op_code":5,"worker_id":"61fb831b-b95c-4b45-8f2c-db8f520baac3-40312","trial_id":6,"param_name":"gamma","param_value_internal":2,"distribution":"{\"name\": \"CategoricalDistribution\", \"attributes\": {\"choices\": [0.99, 0.995, 0.999]}}"}
{"op_code":5,"worker_id":"61fb831b-b95c-4b45-8f2c-db8f520baac3-40312","trial_id":6,"param_name":"gae-lambda","param_value_internal":1,"distribution":"{\"name\": \"CategoricalDistribution\", \"attributes\": {\"choices\": [0.9, 0.95, 0.98]}}"}
{"op_code":5,"worker_id":"61fb831b-b95c-4b45-8f2c-db8f520baac3-40312","trial_id":6,"param_name":"clip-range","param_value_internal":0,"distribution":"{\"name\": \"CategoricalDistribution\", \"attributes\": {\"choices\": [0.1, 0.2, 0.3]}}"}
{"op_code":5,"worker_id":"61fb831b-b95c-4b45-8f2c-db8f520baac3-40312","trial_id":6,"param_name":"ent-coef","param_value_internal":0.0031776753088383902,"distribution":"{\"name\": \"FloatDistribution\", \"attributes\": {\"step\": null, \"low\": 0.0001, \"high\": 0.03, \"log\": true}}"}
{"op_code":8,"worker_id":"61fb831b-b95c-4b45-8f2c-db8f520baac3-40312","trial_id":6,"user_attr":{"train_argv":"--option 0 --reward-mode objective --objectives tardiness_sq --lambda-late 1.0 --lambda-energy 1.0 --power-model linear --difficulty off_tf05 --timesteps 300000 --save-tag tune_off_tf05_o0pmlubrze_t6 --n-envs 4 --vec-backend subproc --seed 0 --algo ppo --markov-obs --lookahead --fixed-scaling --critic-arrivals --lateness-shaping --normalize-reward --event-idle --policy-arch pointer --learning-rate 0.000226224 --rollout-size 16384 --batch-size 256 --n-epochs 5 --gamma 0.999 --gae-lambda 0.95 --clip-range 0.1 --ent-coef 0.00317768"}}
{"op_code":7,"worker_id":"61fb831b-b95c-4b45-8f2c-db8f520baac3-40312","trial_id":6,"step":75000,"intermediate_value":41962.2}
{"op_code":6,"worker_id":"61fb831b-b95c-4b45-8f2c-db8f520baac3-40312","trial_id":6,"state":2,"values":[41962.2],"datetime_complete":"2026-10-07T10:57:41.514575"}
{"op_code":4,"worker_id":"61fb831b-b95c-4b45-8f2c-db8f520baac3-40312","study_id":0,"datetime_start":"2026-10-07T10:57:41.737961"}
{"op_code":5,"worker_id":"61fb831b-b95c-4b45-8f2c-db8f520baac3-40312","trial_id":7,"param_name":"learning-rate","param_value_internal":3.208855558609467e-05,"distribution":"{\"name\": \"FloatDistribution\", \"attributes\": {\"step\": null, \"low\": 3e-05, \"high\": 0.001, \"log\": true}}"}
{"op_code":5,"worker_id":"61fb831b-b95c-4b45-8f2c-db8f520baac3-40312","trial_id":7,"param_name":"rollout-size","param_value_internal":1,"distribution":"{\"name\": \"CategoricalDistribution\", \"attributes\": {\"choices\": [2048, 4096, 8192, 16384]}}"}
{"op_code":5,"worker_id":"61fb831b-b95c-4b45-8f2c-db8f520baac3-40312","trial_id":7,"param_name":"batch-size","param_value_internal":0,"distribution":"{\"name\": \"CategoricalDistribution\", \"attributes\": {\"choices\": [64, 256, 1024]}}"}
{"op_code":5,"worker_id":"61fb831b-b95c-4b45-8f2c-db8f520baac3-40312","trial_id":7,"param_name":"n-epochs","param_value_internal":1,"distribution":"{\"name\": \"CategoricalDistribution\", \"attributes\": {\"choices\": [3, 5, 10]}}"}
{"op_code":5,"worker_id":"61fb831b-b95c-4b45-8f2c-db8f520baac3-40312","trial_id":7,"param_name":"gamma","param_value_internal":0,"distribution":"{\"name\": \"CategoricalDistribution\", \"attributes\": {\"choices\": [0.99, 0.995, 0.999]}}"}
{"op_code":5,"worker_id":"61fb831b-b95c-4b45-8f2c-db8f520baac3-40312","trial_id":7,"param_name":"gae-lambda","param_value_internal":0,"distribution":"{\"name\": \"CategoricalDistribution\", \"attributes\": {\"choices\": [0.9, 0.95, 0.98]}}"}
{"op_code":5,"worker_id":"61fb831b-b95c-4b45-8f2c-db8f520baac3-40312","trial_id":7,"param_name":"clip-range","param_value_internal":0,"distribution":"{\"name\": \"CategoricalDistribution\", \"attributes\": {\"choices\": [0.1, 0.2, 0.3]}}"}
{"op_code":5,"worker_id":"61fb831b-b95c-4b45-8f2c-db8f520baac3-40312","trial_id":7,"param_name":"ent-coef","param_value_internal":0.00017712267105509928,"distribution":"{\"name\": \"FloatDistribution\", \"attributes\": {\"step\": null, \"low\": 0.0001, \"high\": 0.03, \"log\": true}}"}
{"op_code":8,"worker_id":"61fb831b-b95c-4b45-8f2c-db8f520baac3-40312","trial_id":7,"user_attr":{"train_argv":"--option 0 --reward-mode objective --objectives tardiness_sq --lambda-late 1.0 --lambda-energy 1.0 --power-model linear --difficulty off_tf05 --timesteps 300000 --save-tag tune_off_tf05_o0pmlubrze_t7 --n-envs 4 --vec-backend subproc --seed 0 --algo ppo --markov-obs --lookahead --fixed-scaling --critic-arrivals --lateness-shaping --normalize-reward --event-idle --policy-arch pointer --learning-rate 3.20886e-05 --rollout-size 4096 --batch-size 64 --n-epochs 5 --gamma 0.99 --gae-lambda 0.9 --clip-range 0.1 --ent-coef 0.000177123"}}
{"op_code":7,"worker_id":"61fb831b-b95c-4b45-8f2c-db8f520baac3-40312","trial_id":7,"step":75000,"intermediate_value":40612.2}
{"op_code":6,"worker_id":"61fb831b-b95c-4b45-8f2c-db8f520baac3-40312","trial_id":7,"state":2,"values":[40612.2],"datetime_complete":"2026-10-07T11:00:58.622507"}
{"op_code":4,"worker_id":"61fb831b-b95c-4b45-8f2c-db8f520baac3-40312","study_id":0,"datetime_start":"2026-10-07T11:00:58.837998"}
{"op_code":5,"worker_id":"61fb831b-b95c-4b45-8f2c-db8f520baac3-40312","trial_id":8,"param_name":"learning-rate","param_value_internal":0.0007540181221018431,"distribution":"{\"name\": \"FloatDistribution\", \"attributes\": {\"step\": null, \"low\": 3e-05, \"high\": 0.001, \"log\": true}}"}
{"op_code":5,"worker_id":"61fb831b-b95c-4b45-8f2c-db8f520baac3-40312","trial_id":8,"param_name":"rollout-size","param_value_internal":1,"distribution":"{\"name\": \"CategoricalDistribution\", \"attributes\": {\"choices\": [2048, 4096, 8192, 16384]}}"}
{"op_code":5,"worker_id":"61fb831b-b95c-4b45-8f2c-db8f520baac3-40312","trial_id":8,"param_name":"batch-size","param_value_internal":1,"distribution":"{\"name\": \"CategoricalDistribution\", \"attributes\": {\"choices\": [64, 256, 1024]}}"}
{"op_code":5,"worker_id":"61fb831b-b95c-4b45-8f2c-db8f520baac3-40312","trial_id":8,"param_name":"n-epochs","param_value_internal":0,"distribution":"{\"name\": \"CategoricalDistribution\", \"attributes\": {\"choices\": [3, 5, 10]}}"}
{"op_code":5,"worker_id":"61fb831b-b95c-4b45-8f2c-db8f520baac3-40312","trial_id":8,"param_name":"gamma","param_value_internal":2,"distribution":"{\"name\": \"CategoricalDistribution\", \"attributes\": {\"choices\": [0.99, 0.995, 0.999]}}"}
{"op_code":5,"worker_id":"61fb831b-b95c-4b45-8f2c-db8f520baac3-40312","trial_id":8,"param_name":"gae-lambda","param_value_internal":2,"distribution":"{\"name\": \"CategoricalDistribution\", \"attributes\": {\"choices\": [0.9, 0.95, 0.98]}}"}
{"op_code":5,"worker_id":"61fb831b-b95c-4b45-8f2c-db8f520baac3-40312","trial_id":8,"param_name":"clip-range","param_value_internal":0,"distribution":"{\"name\": \"CategoricalDistribution\", \"attributes\": {\"choices\": [0.1, 0.2, 0.3]}}"}
{"op_code":5,"worker_id":"61fb831b-b95c-4b45-8f2c-db8f520baac3-40312","trial_id":8,"param_name":"ent-coef","param_value_internal":0.000779308323413374,"distribution":"{\"name\": \"FloatDistribution\", \"attributes\": {\"step\": null, \"low\": 0.0001, \"high\": 0.03, \"log\": true}}"}
{"op_code":8,"worker_id":"61fb831b-b95c-4b45-8f2c-db8f520baac3-40312","trial_id":8,"user_attr":{"train_argv":"--option 0 --reward-mode objective --objectives tardiness_sq --lambda-late 1.0 --lambda-energy 1.0 --power-model linear --difficulty off_tf05 --timesteps 300000 --save-tag tune_off_tf05_o0pmlubrze_t8 --n-envs 4 --vec-backend subproc --seed 0 --algo ppo --markov-obs --lookahead --fixed-scaling --critic-arrivals --lateness-shaping --normalize-reward --event-idle --policy-arch pointer --learning-rate 0.000754018 --rollout-size 4096 --batch-size 256 --n-epochs 3 --gamma 0.999 --gae-lambda 0.98 --clip-range 0.1 --ent-coef 0.000779308"}}
{"op_code":7,"worker_id":"61fb831b-b95c-4b45-8f2c-db8f520baac3-40312","trial_id":8,"step":75000,"intermediate_value":30714.6}
{"op_code":7,"worker_id":"61fb831b-b95c-4b45-8f2c-db8f520baac3-40312","trial_id":8,"step":150000,"intermediate_value":31932.0}
{"op_code":7,"worker_id":"61fb831b-b95c-4b45-8f2c-db8f520baac3-40312","trial_id":8,"step":225000,"intermediate_value":32266.0}
{"op_code":6,"worker_id":"61fb831b-b95c-4b45-8f2c-db8f520baac3-40312","trial_id":8,"state":1,"values":[31682.85],"datetime_complete":"2026-10-07T11:11:02.625548"}
{"op_code":4,"worker_id":"61fb831b-b95c-4b45-8f2c-db8f520baac3-40312","study_id":0,"datetime_start":"2026-10-07T11:11:02.835566"}
{"op_code":5,"worker_id":"61fb831b-b95c-4b45-8f2c-db8f520baac3-40312","trial_id":9,"param_name":"learning-rate","param_value_internal":0.0003879791314675207,"distribution":"{\"name\": \"FloatDistribution\", \"attributes\": {\"step\": null, \"low\": 3e-05, \"high\": 0.001, \"log\": true}}"}
{"op_code":5,"worker_id":"61fb831b-b95c-4b45-8f2c-db8f520baac3-40312","trial_id":9,"param_name":"rollout-size","param_value_internal":1,"distribution":"{\"name\": \"CategoricalDistribution\", \"attributes\": {\"choices\": [2048, 4096, 8192, 16384]}}"}
{"op_code":5,"worker_id":"61fb831b-b95c-4b45-8f2c-db8f520baac3-40312","trial_id":9,"param_name":"batch-size","param_value_internal":1,"distribution":"{\"name\": \"CategoricalDistribution\", \"attributes\": {\"choices\": [64, 256, 1024]}}"}
{"op_code":5,"worker_id":"61fb831b-b95c-4b45-8f2c-db8f520baac3-40312","trial_id":9,"param_name":"n-epochs","param_value_internal":1,"distribution":"{\"name\": \"CategoricalDistribution\", \"attributes\": {\"choices\": [3, 5, 10]}}"}
{"op_code":5,"worker_id":"61fb831b-b95c-4b45-8f2c-db8f520baac3-40312","trial_id":9,"param_name":"gamma","param_value_internal":2,"distribution":"{\"name\": \"CategoricalDistribution\", \"attributes\": {\"choices\": [0.99, 0.995, 0.999]}}"}
{"op_code":5,"worker_id":"61fb831b-b95c-4b45-8f2c-db8f520baac3-40312","trial_id":9,"param_name":"gae-lambda","param_value_internal":2,"distribution":"{\"name\": \"CategoricalDistribution\", \"attributes\": {\"choices\": [0.9, 0.95, 0.98]}}"}
{"op_code":5,"worker_id":"61fb831b-b95c-4b45-8f2c-db8f520baac3-40312","trial_id":9,"param_name":"clip-range","param_value_internal":0,"distribution":"{\"name\": \"CategoricalDistribution\", \"attributes\": {\"choices\": [0.1, 0.2, 0.3]}}"}
{"op_code":5,"worker_id":"61fb831b-b95c-4b45-8f2c-db8f520baac3-40312","trial_id":9,"param_name":"ent-coef","param_value_internal":0.006435774191713849,"distribution":"{\"name\": \"FloatDistribution\", \"attributes\": {\"step\": null, \"low\": 0.0001, \"high\": 0.03, \"log\": true}}"}
{"op_code":8,"worker_id":"61fb831b-b95c-4b45-8f2c-db8f520baac3-40312","trial_id":9,"user_attr":{"train_argv":"--option 0 --reward-mode objective --objectives tardiness_sq --lambda-late 1.0 --lambda-energy 1.0 --power-model linear --difficulty off_tf05 --timesteps 300000 --save-tag tune_off_tf05_o0pmlubrze_t9 --n-envs 4 --vec-backend subproc --seed 0 --algo ppo --markov-obs --lookahead --fixed-scaling --critic-arrivals --lateness-shaping --normalize-reward --event-idle --policy-arch pointer --learning-rate 0.000387979 --rollout-size 4096 --batch-size 256 --n-epochs 5 --gamma 0.999 --gae-lambda 0.98 --clip-range 0.1 --ent-coef 0.00643577"}}
{"op_code":7,"worker_id":"61fb831b-b95c-4b45-8f2c-db8f520baac3-40312","trial_id":9,"step":75000,"intermediate_value":34607.0}
{"op_code":7,"worker_id":"61fb831b-b95c-4b45-8f2c-db8f520baac3-40312","trial_id":9,"step":150000,"intermediate_value":29434.0}
{"op_code":7,"worker_id":"61fb831b-b95c-4b45-8f2c-db8f520baac3-40312","trial_id":9,"step":225000,"intermediate_value":26010.8}
{"op_code":6,"worker_id":"61fb831b-b95c-4b45-8f2c-db8f520baac3-40312","trial_id":9,"state":1,"values":[28442.25],"datetime_complete":"2026-10-07T11:25:03.448108"}
{"op_code":4,"worker_id":"61fb831b-b95c-4b45-8f2c-db8f520baac3-40312","study_id":0,"datetime_start":"2026-10-07T11:25:03.661899"}
{"op_code":5,"worker_id":"61fb831b-b95c-4b45-8f2c-db8f520baac3-40312","trial_id":10,"param_name":"learning-rate","param_value_internal":7.787895315616462e-05,"distribution":"{\"name\": \"FloatDistribution\", \"attributes\": {\"step\": null, \"low\": 3e-05, \"high\": 0.001, \"log\": true}}"}
{"op_code":5,"worker_id":"61fb831b-b95c-4b45-8f2c-db8f520baac3-40312","trial_id":10,"param_name":"rollout-size","param_value_internal":0,"distribution":"{\"name\": \"CategoricalDistribution\", \"attributes\": {\"choices\": [2048, 4096, 8192, 16384]}}"}
{"op_code":5,"worker_id":"61fb831b-b95c-4b45-8f2c-db8f520baac3-40312","trial_id":10,"param_name":"batch-size","param_value_internal":0,"distribution":"{\"name\": \"CategoricalDistribution\", \"attributes\": {\"choices\": [64, 256, 1024]}}"}
{"op_code":5,"worker_id":"61fb831b-b95c-4b45-8f2c-db8f520baac3-40312","trial_id":10,"param_name":"n-epochs","param_value_internal":0,"distribution":"{\"name\": \"CategoricalDistribution\", \"attributes\": {\"choices\": [3, 5, 10]}}"}
{"op_code":5,"worker_id":"61fb831b-b95c-4b45-8f2c-db8f520baac3-40312","trial_id":10,"param_name":"gamma","param_value_internal":0,"distribution":"{\"name\": \"CategoricalDistribution\", \"attributes\": {\"choices\": [0.99, 0.995, 0.999]}}"}
{"op_code":5,"worker_id":"61fb831b-b95c-4b45-8f2c-db8f520baac3-40312","trial_id":10,"param_name":"gae-lambda","param_value_internal":2,"distribution":"{\"name\": \"CategoricalDistribution\", \"attributes\": {\"choices\": [0.9, 0.95, 0.98]}}"}
{"op_code":5,"worker_id":"61fb831b-b95c-4b45-8f2c-db8f520baac3-40312","trial_id":10,"param_name":"clip-range","param_value_internal":1,"distribution":"{\"name\": \"CategoricalDistribution\", \"attributes\": {\"choices\": [0.1, 0.2, 0.3]}}"}
{"op_code":5,"worker_id":"61fb831b-b95c-4b45-8f2c-db8f520baac3-40312","trial_id":10,"param_name":"ent-coef","param_value_internal":0.02334935245986177,"distribution":"{\"name\": \"FloatDistribution\", \"attributes\": {\"step\": null, \"low\": 0.0001, \"high\": 0.03, \"log\": true}}"}
{"op_code":8,"worker_id":"61fb831b-b95c-4b45-8f2c-db8f520baac3-40312","trial_id":10,"user_attr":{"train_argv":"--option 0 --reward-mode objective --objectives tardiness_sq --lambda-late 1.0 --lambda-energy 1.0 --power-model linear --difficulty off_tf05 --timesteps 300000 --save-tag tune_off_tf05_o0pmlubrze_t10 --n-envs 4 --vec-backend subproc --seed 0 --algo ppo --markov-obs --lookahead --fixed-scaling --critic-arrivals --lateness-shaping --normalize-reward --event-idle --policy-arch pointer --learning-rate 7.7879e-05 --rollout-size 2048 --batch-size 64 --n-epochs 3 --gamma 0.99 --gae-lambda 0.98 --clip-range 0.2 --ent-coef 0.0233494"}}
{"op_code":7,"worker_id":"61fb831b-b95c-4b45-8f2c-db8f520baac3-40312","trial_id":10,"step":75000,"intermediate_value":32355.2}
{"op_code":7,"worker_id":"61fb831b-b95c-4b45-8f2c-db8f520baac3-40312","trial_id":10,"step":150000,"intermediate_value":29090.8}
{"op_code":7,"worker_id":"61fb831b-b95c-4b45-8f2c-db8f520baac3-40312","trial_id":10,"step":225000,"intermediate_value":31042.0}
{"op_code":0,"worker_id":"50ccde9b-9a91-42ec-bd10-3f09226ebd05-40468","study_name":"off_tf05_o0pmlubrze","directions":[1]}
{"op_code":6,"worker_id":"61fb831b-b95c-4b45-8f2c-db8f520baac3-40312","trial_id":10,"state":1,"values":[32381.9],"datetime_complete":"2026-10-07T19:12:44.760906"}
{"op_code":4,"worker_id":"61fb831b-b95c-4b45-8f2c-db8f520baac3-40312","study_id":0,"datetime_start":"2026-10-07T19:12:44.957981"}
{"op_code":5,"worker_id":"61fb831b-b95c-4b45-8f2c-db8f520baac3-40312","trial_id":11,"param_name":"learning-rate","param_value_internal":0.0001003903214856223,"distribution":"{\"name\": \"FloatDistribution\", \"attributes\": {\"step\": null, \"low\": 3e-05, \"high\": 0.001, \"log\": true}}"}
{"op_code":5,"worker_id":"61fb831b-b95c-4b45-8f2c-db8f520baac3-40312","trial_id":11,"param_name":"rollout-size","param_value_internal":1,"distribution":"{\"name\": \"CategoricalDistribution\", \"attributes\": {\"choices\": [2048, 4096, 8192, 16384]}}"}
{"op_code":5,"worker_id":"61fb831b-b95c-4b45-8f2c-db8f520baac3-40312","trial_id":11,"param_name":"batch-size","param_value_internal":1,"distribution":"{\"name\": \"CategoricalDistribution\", \"attributes\": {\"choices\": [64, 256, 1024]}}"}
{"op_code":5,"worker_id":"61fb831b-b95c-4b45-8f2c-db8f520baac3-40312","trial_id":11,"param_name":"n-epochs","param_value_internal":1,"distribution":"{\"name\": \"CategoricalDistribution\", \"attributes\": {\"choices\": [3, 5, 10]}}"}
{"op_code":5,"worker_id":"61fb831b-b95c-4b45-8f2c-db8f520baac3-40312","trial_id":11,"param_name":"gamma","param_value_internal":2,"distribution":"{\"name\": \"CategoricalDistribution\", \"attributes\": {\"choices\": [0.99, 0.995, 0.999]}}"}
{"op_code":5,"worker_id":"61fb831b-b95c-4b45-8f2c-db8f520baac3-40312","trial_id":11,"param_name":"gae-lambda","param_value_internal":2,"distribution":"{\"name\": \"CategoricalDistribution\", \"attributes\": {\"choices\": [0.9, 0.95, 0.98]}}"}
{"op_code":5,"worker_id":"61fb831b-b95c-4b45-8f2c-db8f520baac3-40312","trial_id":11,"param_name":"clip-range","param_value_internal":1,"distribution":"{\"name\": \"CategoricalDistribution\", \"attributes\": {\"choices\": [0.1, 0.2, 0.3]}}"}
{"op_code":5,"worker_id":"61fb831b-b95c-4b45-8f2c-db8f520baac3-40312","trial_id":11,"param_name":"ent-coef","param_value_internal":0.00010116102017678337,"distribution":"{\"name\": \"FloatDistribution\", \"attributes\": {\"step\": null, \"low\": 0.0001, \"high\": 0.03, \"log\": true}}"}
{"op_code":8,"worker_id":"61fb831b-b95c-4b45-8f2c-db8f520baac3-40312","trial_id":11,"user_attr":{"train_argv":"--option 0 --reward-mode objective --objectives tardiness_sq --lambda-late 1.0 --lambda-energy 1.0 --power-model linear --difficulty off_tf05 --timesteps 300000 --save-tag tune_off_tf05_o0pmlubrze_t11 --n-envs 4 --vec-backend subproc --seed 0 --algo ppo --markov-obs --lookahead --fixed-scaling --critic-arrivals --lateness-shaping --normalize-reward --event-idle --policy-arch pointer --learning-rate 0.00010039 --rollout-size 4096 --batch-size 256 --n-epochs 5 --gamma 0.999 --gae-lambda 0.98 --clip-range 0.2 --ent-coef 0.000101161"}}
{"op_code":7,"worker_id":"61fb831b-b95c-4b45-8f2c-db8f520baac3-40312","trial_id":11,"step":75000,"intermediate_value":35014.6}
{"op_code":7,"worker_id":"61fb831b-b95c-4b45-8f2c-db8f520baac3-40312","trial_id":11,"step":150000,"intermediate_value":29885.8}
{"op_code":7,"worker_id":"61fb831b-b95c-4b45-8f2c-db8f520baac3-40312","trial_id":11,"step":225000,"intermediate_value":31201.0}
{"op_code":6,"worker_id":"61fb831b-b95c-4b45-8f2c-db8f520baac3-40312","trial_id":11,"state":1,"values":[32457.55],"datetime_complete":"2026-10-07T19:26:56.239628"}
{"op_code":0,"worker_id":"ba6d79b3-ebae-4d7a-aab2-03d40acc9abf-464","study_name":"off_tf05_o0pmlubrze","directions":[1]}
{"op_code":0,"worker_id":"05790797-672e-4b24-ac54-2783a3a0ee3d-31116","study_name":"off_tf05_o0pmlubrze","directions":[1]}
{"op_code":0,"worker_id":"0313ee13-4853-4c61-adf4-c7f10889e544-31800","study_name":"off_tf05_o0pmlubrze","directions":[1]}
{"op_code":0,"worker_id":"9e2caf12-a706-4c24-a8e3-9c87b4155d98-37176","study_name":"off_tf05_o0pmlubrze","directions":[1]}
{"op_code":0,"worker_id":"11a6d1f6-e0a7-4234-bd9c-f0112b79139f-17132","study_name":"off_tf05_o0pmlubrze","directions":[1]}
{"op_code":0,"worker_id":"68461899-78a8-4a6e-b41b-4fdeeb69e754-5576","study_name":"off_tf05_o0pmlubrze","directions":[1]}
{"op_code":0,"worker_id":"9e3fa0ec-0193-416b-b3d3-04c73d1a55e3-32732","study_name":"off_tf05_o0pmlubrze","directions":[1]}
{"op_code":0,"worker_id":"5d5db0a3-d341-4bf6-a5e2-9cf67ebad580-36448","study_name":"off_tf05_o0pmlubrze","directions":[1]}
{"op_code":0,"worker_id":"3f0955cb-66eb-4226-9f0e-ef13363b10fa-38104","study_name":"off_tf05_o0pmlubrze","directions":[1]}
{"op_code":0,"worker_id":"0d16f3c7-bfc7-4985-b454-e335afbaadfc-36512","study_name":"off_tf05_o0pmlubrze","directions":[1]}
{"op_code":0,"worker_id":"21359df7-49be-4246-9ed5-1257a3622db4-14944","study_name":"off_tf05_o0pmlubrze","directions":[1]}
{"op_code":0,"worker_id":"72bfdf41-d3bf-45a2-b246-fcf797973ac9-39076","study_name":"off_tf05_o0pmlubrze","directions":[1]}
