{"op_code":0,"worker_id":"0b7c61eb-85a4-4c77-a093-0f9c5f47568d-35732","study_name":"off_tf05_o4nfm","directions":[1]}
{"op_code":4,"worker_id":"0b7c61eb-85a4-4c77-a093-0f9c5f47568d-35732","study_id":0,"datetime_start":"2026-10-06T08:19:59.600618"}
{"op_code":5,"worker_id":"0b7c61eb-85a4-4c77-a093-0f9c5f47568d-35732","trial_id":0,"param_name":"learning-rate","param_value_internal":0.00020554062603827,"distribution":"{\"name\": \"FloatDistribution\", \"attributes\": {\"step\": null, \"low\": 3e-05, \"high\": 0.001, \"log\": true}}"}
{"op_code":5,"worker_id":"0b7c61eb-85a4-4c77-a093-0f9c5f47568d-35732","trial_id":0,"param_name":"rollout-size","param_value_internal":0,"distribution":"{\"name\": \"CategoricalDistribution\", \"attributes\": {\"choices\": [2048, 4096, 8192, 16384]}}"}
{"op_code":5,"worker_id":"0b7c61eb-85a4-4c77-a093-0f9c5f47568d-35732","trial_id":0,"param_name":"batch-size","param_value_internal":2,"distribution":"{\"name\": \"CategoricalDistribution\", \"attributes\": {\"choices\": [64, 256, 1024]}}"}
{"op_code":5,"worker_id":"0b7c61eb-85a4-4c77-a093-0f9c5f47568d-35732","trial_id":0,"param_name":"n-epochs","param_value_internal":0,"distribution":"{\"name\": \"CategoricalDistribution\", \"attributes\": {\"choices\": [3, 5, 10]}}"}
{"op_code":5,"worker_id":"0b7c61eb-85a4-4c77-a093-0f9c5f47568d-35732","trial_id":0,"param_name":"gamma","param_value_internal":2,"distribution":"{\"name\": \"CategoricalDistribution\", \"attributes\": {\"choices\": [0.99, 0.995, 0.999]}}"}
{"op_code":5,"worker_id":"0b7c61eb-85a4-4c77-a093-0f9c5f47568d-35732","trial_id":0,"param_name":"gae-lambda","param_value_internal":1,"distribution":"{\"name\": \"CategoricalDistribution\", \"attributes\": {\"choices\": [0.9, 0.95, 0.98]}}"}
{"op_code":5,"worker_id":"0b7c61eb-85a4-4c77-a093-0f9c5f47568d-35732","trial_id":0,"param_name":"clip-range","param_value_internal":2,"distribution":"{\"name\": \"CategoricalDistribution\", \"attributes\": {\"choices\": [0.1, 0.2, 0.3]}}"}
{"op_code":5,"worker_id":"0b7c61eb-85a4-4c77-a093-0f9c5f47568d-35732","trial_id":0,"param_name":"ent-coef","param_value_internal":0.02655561084998941,"distribution":"{\"name\": \"FloatDistribution\", \"attributes\": {\"step\": null, \"low\": 0.0001, \"high\": 0.03, \"log\": true}}"}
{"op_code":8,"worker_id":"0b7c61eb-85a4-4c77-a093-0f9c5f47568d-35732","trial_id":0,"user_attr":{"train_argv":"--option 4 --reward-mode objective --objectives tardiness_sq --lambda-late 1.0 --lambda-energy 1.0 --power-model linear --difficulty off_tf05 --timesteps 100000 --save-tag tune_off_tf05_o4nfm_t0 --n-envs 4 --vec-backend subproc --seed 0 --algo ppo --markov-obs --work-conserving --repair-placement --learning-rate 0.000205541 --rollout-size 2048 --batch-size 1024 --n-epochs 3 --gamma 0.999 --gae-lambda 0.95 --clip-range 0.3 --ent-coef 0.0265556"}}
{"op_code":7,"worker_id":"0b7c61eb-85a4-4c77-a093-0f9c5f47568d-35732","trial_id":0,"step":25000,"intermediate_value":182781.2}
{"op_code":7,"worker_id":"0b7c61eb-85a4-4c77-a093-0f9c5f47568d-35732","trial_id":0,"step":50000,"intermediate_value":185448.2}
{"op_code":7,"worker_id":"0b7c61eb-85a4-4c77-a093-0f9c5f47568d-35732","trial_id":0,"step":75000,"intermediate_value":186291.8}
{"op_code":6,"worker_id":"0b7c61eb-85a4-4c77-a093-0f9c5f47568d-35732","trial_id":0,"state":1,"values":[190419.55],"datetime_complete":"2026-10-06T08:23:03.007889"}
{"op_code":4,"worker_id":"0b7c61eb-85a4-4c77-a093-0f9c5f47568d-35732","study_id":0,"datetime_start":"2026-10-06T08:23:03.322438"}
{"op_code":5,"worker_id":"0b7c61eb-85a4-4c77-a093-0f9c5f47568d-35732","trial_id":1,"param_name":"learning-rate","param_value_internal":0.0004944733002746453,"distribution":"{\"name\": \"FloatDistribution\", \"attributes\": {\"step\": null, \"low\": 3e-05, \"high\": 0.001, \"log\": true}}"}
{"op_code":5,"worker_id":"0b7c61eb-85a4-4c77-a093-0f9c5f47568d-35732","trial_id":1,"param_name":"rollout-size","param_value_internal":1,"distribution":"{\"name\": \"CategoricalDistribution\", \"attributes\": {\"choices\": [2048, 4096, 8192, 16384]}}"}
{"op_code":5,"worker_id":"0b7c61eb-85a4-4c77-a093-0f9c5f47568d-35732","trial_id":1,"param_name":"batch-size","param_value_internal":1,"distribution":"{\"name\": \"CategoricalDistribution\", \"attributes\": {\"choices\": [64, 256, 1024]}}"}
{"op_code":5,"worker_id":"0b7c61eb-85a4-4c77-a093-0f9c5f47568d-35732","trial_id":1,"param_name":"n-epochs","param_value_internal":2,"distribution":"{\"name\": \"CategoricalDistribution\", \"attributes\": {\"choices\": [3, 5, 10]}}"}
{"op_code":5,"worker_id":"0b7c61eb-85a4-4c77-a093-0f9c5f47568d-35732","trial_id":1,"param_name":"gamma","param_value_internal":1,"distribution":"{\"name\": \"CategoricalDistribution\", \"attributes\": {\"choices\": [0.99, 0.995, 0.999]}}"}
{"op_code":5,"worker_id":"0b7c61eb-85a4-4c77-a093-0f9c5f47568d-35732","trial_id":1,"param_name":"gae-lambda","param_value_internal":0,"distribution":"{\"name\": \"CategoricalDistribution\", \"attributes\": {\"choices\": [0.9, 0.95, 0.98]}}"}
{"op_code":5,"worker_id":"0b7c61eb-85a4-4c77-a093-0f9c5f47568d-35732","trial_id":1,"param_name":"clip-range","param_value_internal":0,"distribution":"{\"name\": \"CategoricalDistribution\", \"attributes\": {\"choices\": [0.1, 0.2, 0.3]}}"}
{"op_code":5,"worker_id":"0b7c61eb-85a4-4c77-a093-0f9c5f47568d-35732","trial_id":1,"param_name":"ent-coef","param_value_internal":0.0012094311268425492,"distribution":"{\"name\": \"FloatDistribution\", \"attributes\": {\"step\": null, \"low\": 0.0001, \"high\": 0.03, \"log\": true}}"}
{"op_code":8,"worker_id":"0b7c61eb-85a4-4c77-a093-0f9c5f47568d-35732","trial_id":1,"user_attr":{"train_argv":"--option 4 --reward-mode objective --objectives tardiness_sq --lambda-late 1.0 --lambda-energy 1.0 --power-model linear --difficulty off_tf05 --timesteps 100000 --save-tag tune_off_tf05_o4nfm_t1 --n-envs 4 --vec-backend subproc --seed 0 --algo ppo --markov-obs --work-conserving --repair-placement --learning-rate 0.000494473 --rollout-size 4096 --batch-size 256 --n-epochs 10 --gamma 0.995 --gae-lambda 0.9 --clip-range 0.1 --ent-coef 0.00120943"}}
{"op_code":7,"worker_id":"0b7c61eb-85a4-4c77-a093-0f9c5f47568d-35732","trial_id":1,"step":25000,"intermediate_value":176068.2}
{"op_code":7,"worker_id":"0b7c61eb-85a4-4c77-a093-0f9c5f47568d-35732","trial_id":1,"step":50000,"intermediate_value":104087.8}
{"op_code":7,"worker_id":"0b7c61eb-85a4-4c77-a093-0f9c5f47568d-35732","trial_id":1,"step":75000,"intermediate_value":78210.0}
{"op_code":6,"worker_id":"0b7c61eb-85a4-4c77-a093-0f9c5f47568d-35732","trial_id":1,"state":1,"values":[73557.8],"datetime_complete":"2026-10-06T08:31:07.730703"}
{"op_code":4,"worker_id":"0b7c61eb-85a4-4c77-a093-0f9c5f47568d-35732","study_id":0,"datetime_start":"2026-10-06T08:31:08.069397"}
{"op_code":5,"worker_id":"0b7c61eb-85a4-4c77-a093-0f9c5f47568d-35732","trial_id":2,"param_name":"learning-rate","param_value_internal":0.0003463609921766881,"distribution":"{\"name\": \"FloatDistribution\", \"attributes\": {\"step\": null, \"low\": 3e-05, \"high\": 0.001, \"log\": true}}"}
{"op_code":5,"worker_id":"0b7c61eb-85a4-4c77-a093-0f9c5f47568d-35732","trial_id":2,"param_name":"rollout-size","param_value_internal":2,"distribution":"{\"name\": \"CategoricalDistribution\", \"attributes\": {\"choices\": [2048, 4096, 8192, 16384]}}"}
{"op_code":5,"worker_id":"0b7c61eb-85a4-4c77-a093-0f9c5f47568d-35732","trial_id":2,"param_name":"batch-size","param_value_internal":2,"distribution":"{\"name\": \"CategoricalDistribution\", \"attributes\": {\"choices\": [64, 256, 1024]}}"}
{"op_code":5,"worker_id":"0b7c61eb-85a4-4c77-a093-0f9c5f47568d-35732","trial_id":2,"param_name":"n-epochs","param_value_internal":2,"distribution":"{\"name\": \"CategoricalDistribution\", \"attributes\": {\"choices\": [3, 5, 10]}}"}
{"op_code":5,"worker_id":"0b7c61eb-85a4-4c77-a093-0f9c5f47568d-35732","trial_id":2,"param_name":"gamma","param_value_internal":1,"distribution":"{\"name\": \"CategoricalDistribution\", \"attributes\": {\"choices\": [0.99, 0.995, 0.999]}}"}
{"op_code":5,"worker_id":"0b7c61eb-85a4-4c77-a093-0f9c5f47568d-35732","trial_id":2,"param_name":"gae-lambda","param_value_internal":0,"distribution":"{\"name\": \"CategoricalDistribution\", \"attributes\": {\"choices\": [0.9, 0.95, 0.98]}}"}
{"op_code":5,"worker_id":"0b7c61eb-85a4-4c77-a093-0f9c5f47568d-35732","trial_id":2,"param_name":"clip-range","param_value_internal":0,"distribution":"{\"name\": \"CategoricalDistribution\", \"attributes\": {\"choices\": [0.1, 0.2, 0.3]}}"}
{"op_code":5,"worker_id":"0b7c61eb-85a4-4c77-a093-0f9c5f47568d-35732","trial_id":2,"param_name":"ent-coef","param_value_internal":0.0042248177213228075,"distribution":"{\"name\": \"FloatDistribution\", \"attributes\": {\"step\": null, \"low\": 0.0001, \"high\": 0.03, \"log\": true}}"}
{"op_code":8,"worker_id":"0b7c61eb-85a4-4c77-a093-0f9c5f47568d-35732","trial_id":2,"user_attr":{"train_argv":"--option 4 --reward-mode objective --objectives tardiness_sq --lambda-late 1.0 --lambda-energy 1.0 --power-model linear --difficulty off_tf05 --timesteps 100000 --save-tag tune_off_tf05_o4nfm_t2 --n-envs 4 --vec-backend subproc --seed 0 --algo ppo --markov-obs --work-conserving --repair-placement --learning-rate 0.000346361 --rollout-size 8192 --batch-size 1024 --n-epochs 10 --gamma 0.995 --gae-lambda 0.9 --clip-range 0.1 --ent-coef 0.00422482"}}
{"op_code":7,"worker_id":"0b7c61eb-85a4-4c77-a093-0f9c5f47568d-35732","trial_id":2,"step":25000,"intermediate_value":185795.4}
{"op_code":7,"worker_id":"0b7c61eb-85a4-4c77-a093-0f9c5f47568d-35732","trial_id":2,"step":50000,"intermediate_value":179655.8}
{"op_code":7,"worker_id":"0b7c61eb-85a4-4c77-a093-0f9c5f47568d-35732","trial_id":2,"step":75000,"intermediate_value":173695.6}
{"op_code":6,"worker_id":"0b7c61eb-85a4-4c77-a093-0f9c5f47568d-35732","trial_id":2,"state":1,"values":[164395.75],"datetime_complete":"2026-10-06T08:39:15.492480"}
{"op_code":4,"worker_id":"0b7c61eb-85a4-4c77-a093-0f9c5f47568d-35732","study_id":0,"datetime_start":"2026-10-06T08:39:15.766297"}
{"op_code":5,"worker_id":"0b7c61eb-85a4-4c77-a093-0f9c5f47568d-35732","trial_id":3,"param_name":"learning-rate","param_value_internal":4.8703159315306354e-05,"distribution":"{\"name\": \"FloatDistribution\", \"attributes\": {\"step\": null, \"low\": 3e-05, \"high\": 0.001, \"log\": true}}"}
{"op_code":5,"worker_id":"0b7c61eb-85a4-4c77-a093-0f9c5f47568d-35732","trial_id":3,"param_name":"rollout-size","param_value_internal":2,"distribution":"{\"name\": \"CategoricalDistribution\", \"attributes\": {\"choices\": [2048, 4096, 8192, 16384]}}"}
{"op_code":5,"worker_id":"0b7c61eb-85a4-4c77-a093-0f9c5f47568d-35732","trial_id":3,"param_name":"batch-size","param_value_internal":2,"distribution":"{\"name\": \"CategoricalDistribution\", \"attributes\": {\"choices\": [64, 256, 1024]}}"}
{"op_code":5,"worker_id":"0b7c61eb-85a4-4c77-a093-0f9c5f47568d-35732","trial_id":3,"param_name":"n-epochs","param_value_internal":1,"distribution":"{\"name\": \"CategoricalDistribution\", \"attributes\": {\"choices\": [3, 5, 10]}}"}
{"op_code":5,"worker_id":"0b7c61eb-85a4-4c77-a093-0f9c5f47568d-35732","trial_id":3,"param_name":"gamma","param_value_internal":0,"distribution":"{\"name\": \"CategoricalDistribution\", \"attributes\": {\"choices\": [0.99, 0.995, 0.999]}}"}
{"op_code":5,"worker_id":"0b7c61eb-85a4-4c77-a093-0f9c5f47568d-35732","trial_id":3,"param_name":"gae-lambda","param_value_internal":1,"distribution":"{\"name\": \"CategoricalDistribution\", \"attributes\": {\"choices\": [0.9, 0.95, 0.98]}}"}
{"op_code":5,"worker_id":"0b7c61eb-85a4-4c77-a093-0f9c5f47568d-35732","trial_id":3,"param_name":"clip-range","param_value_internal":1,"distribution":"{\"name\": \"CategoricalDistribution\", \"attributes\": {\"choices\": [0.1, 0.2, 0.3]}}"}
{"op_code":5,"worker_id":"0b7c61eb-85a4-4c77-a093-0f9c5f47568d-35732","trial_id":3,"param_name":"ent-coef","param_value_internal":0.005192032534497486,"distribution":"{\"name\": \"FloatDistribution\", \"attributes\": {\"step\": null, \"low\": 0.0001, \"high\": 0.03, \"log\": true}}"}
{"op_code":8,"worker_id":"0b7c61eb-85a4-4c77-a093-0f9c5f47568d-35732","trial_id":3,"user_attr":{"train_argv":"--option 4 --reward-mode objective --objectives tardiness_sq --lambda-late 1.0 --lambda-energy 1.0 --power-model linear --difficulty off_tf05 --timesteps 100000 --save-tag tune_off_tf05_o4nfm_t3 --n-envs 4 --vec-backend subproc --seed 0 --algo ppo --markov-obs --work-conserving --repair-placement --learning-rate 4.87032e-05 --rollout-size 8192 --batch-size 1024 --n-epochs 5 --gamma 0.99 --gae-lambda 0.95 --clip-range 0.2 --ent-coef 0.00519203"}}
{"op_code":7,"worker_id":"0b7c61eb-85a4-4c77-a093-0f9c5f47568d-35732","trial_id":3,"step":25000,"intermediate_value":178519.8}
{"op_code":7,"worker_id":"0b7c61eb-85a4-4c77-a093-0f9c5f47568d-35732","trial_id":3,"step":50000,"intermediate_value":182280.6}
{"op_code":7,"worker_id":"0b7c61eb-85a4-4c77-a093-0f9c5f47568d-35732","trial_id":3,"step":75000,"intermediate_value":184299.6}
{"op_code":6,"worker_id":"0b7c61eb-85a4-4c77-a093-0f9c5f47568d-35732","trial_id":3,"state":1,"values":[188293.75],"datetime_complete":"2026-10-06T08:43:56.726595"}
{"op_code":4,"worker_id":"0b7c61eb-85a4-4c77-a093-0f9c5f47568d-35732","study_id":0,"datetime_start":"2026-10-06T08:43:57.075808"}
{"op_code":5,"worker_id":"0b7c61eb-85a4-4c77-a093-0f9c5f47568d-35732","trial_id":4,"param_name":"learning-rate","param_value_internal":0.00021876939530160837,"distribution":"{\"name\": \"FloatDistribution\", \"attributes\": {\"step\": null, \"low\": 3e-05, \"high\": 0.001, \"log\": true}}"}
{"op_code":5,"worker_id":"0b7c61eb-85a4-4c77-a093-0f9c5f47568d-35732","trial_id":4,"param_name":"rollout-size","param_value_internal":3,"distribution":"{\"name\": \"CategoricalDistribution\", \"attributes\": {\"choices\": [2048, 4096, 8192, 16384]}}"}
{"op_code":5,"worker_id":"0b7c61eb-85a4-4c77-a093-0f9c5f47568d-35732","trial_id":4,"param_name":"batch-size","param_value_internal":0,"distribution":"{\"name\": \"CategoricalDistribution\", \"attributes\": {\"choices\": [64, 256, 1024]}}"}
{"op_code":5,"worker_id":"0b7c61eb-85a4-4c77-a093-0f9c5f47568d-35732","trial_id":4,"param_name":"n-epochs","param_value_internal":1,"distribution":"{\"name\": \"CategoricalDistribution\", \"attributes\": {\"choices\": [3, 5, 10]}}"}
{"op_code":5,"worker_id":"0b7c61eb-85a4-4c77-a093-0f9c5f47568d-35732","trial_id":4,"param_name":"gamma","param_value_internal":1,"distribution":"{\"name\": \"CategoricalDistribution\", \"attributes\": {\"choices\": [0.99, 0.995, 0.999]}}"}
{"op_code":5,"worker_id":"0b7c61eb-85a4-4c77-a093-0f9c5f47568d-35732","trial_id":4,"param_name":"gae-lambda","param_value_internal":0,"distribution":"{\"name\": \"CategoricalDistribution\", \"attributes\": {\"choices\": [0.9, 0.95, 0.98]}}"}
{"op_code":5,"worker_id":"0b7c61eb-85a4-4c77-a093-0f9c5f47568d-35732","trial_id":4,"param_name":"clip-range","param_value_internal":2,"distribution":"{\"name\": \"CategoricalDistribution\", \"attributes\": {\"choices\": [0.1, 0.2, 0.3]}}"}
{"op_code":5,"worker_id":"0b7c61eb-85a4-4c77-a093-0f9c5f47568d-35732","trial_id":4,"param_name":"ent-coef","param_value_internal":0.000413229862740349,"distribution":"{\"name\": \"FloatDistribution\", \"attributes\": {\"step\": null, \"low\": 0.0001, \"high\": 0.03, \"log\": true}}"}
{"op_code":8,"worker_id":"0b7c61eb-85a4-4c77-a093-0f9c5f47568d-35732","trial_id":4,"user_attr":{"train_argv":"--option 4 --reward-mode objective --objectives tardiness_sq --lambda-late 1.0 --lambda-energy 1.0 --power-model linear --difficulty off_tf05 --timesteps 100000 --save-tag tune_off_tf05_o4nfm_t4 --n-envs 4 --vec-backend subproc --seed 0 --algo ppo --markov-obs --work-conserving --repair-placement --learning-rate 0.000218769 --rollout-size 16384 --batch-size 64 --n-epochs 5 --gamma 0.995 --gae-lambda 0.9 --clip-range 0.3 --ent-coef 0.00041323"}}
{"op_code":7,"worker_id":"0b7c61eb-85a4-4c77-a093-0f9c5f47568d-35732","trial_id":4,"step":25000,"intermediate_value":181498.2}
{"op_code":7,"worker_id":"0b7c61eb-85a4-4c77-a093-0f9c5f47568d-35732","trial_id":4,"step":50000,"intermediate_value":124001.2}
{"op_code":7,"worker_id":"0b7c61eb-85a4-4c77-a093-0f9c5f47568d-35732","trial_id":4,"step":75000,"intermediate_value":100005.4}
{"op_code":6,"worker_id":"0b7c61eb-85a4-4c77-a093-0f9c5f47568d-35732","trial_id":4,"state":1,"values":[96940.2],"datetime_complete":"2026-10-06T08:48:27.874653"}
{"op_code":4,"worker_id":"0b7c61eb-85a4-4c77-a093-0f9c5f47568d-35732","study_id":0,"datetime_start":"2026-10-06T08:48:28.193170"}
{"op_code":5,"worker_id":"0b7c61eb-85a4-4c77-a093-0f9c5f47568d-35732","trial_id":5,"param_name":"learning-rate","param_value_internal":0.00022622417507807115,"distribution":"{\"name\": \"FloatDistribution\", \"attributes\": {\"step\": null, \"low\": 3e-05, \"high\": 0.001, \"log\": true}}"}
{"op_code":5,"worker_id":"0b7c61eb-85a4-4c77-a093-0f9c5f47568d-35732","trial_id":5,"param_name":"rollout-size","param_value_internal":3,"distribution":"{\"name\": \"CategoricalDistribution\", \"attributes\": {\"choices\": [2048, 4096, 8192, 16384]}}"}
{"op_code":5,"worker_id":"0b7c61eb-85a4-4c77-a093-0f9c5f47568d-35732","trial_id":5,"param_name":"batch-size","param_value_internal":1,"distribution":"{\"name\": \"CategoricalDistribution\", \"attributes\": {\"choices\": [64, 256, 1024]}}"}
{"op_code":5,"worker_id":"0b7c61eb-85a4-4c77-a093-0f9c5f47568d-35732","trial_id":5,"param_name":"n-epochs","param_value_internal":1,"distribution":"{\"name\": \"CategoricalDistribution\", \"attributes\": {\"choices\": [3, 5, 10]}}"}
{"op_code":5,"worker_id":"0b7c61eb-85a4-4c77-a093-0f9c5f47568d-35732","trial_id":5,"param_name":"gamma","param_value_internal":2,"distribution":"{\"name\": \"CategoricalDistribution\", \"attributes\": {\"choices\": [0.99, 0.995, 0.999]}}"}
{"op_code":5,"worker_id":"0b7c61eb-85a4-4c77-a093-0f9c5f47568d-35732","trial_id":5,"param_name":"gae-lambda","param_value_internal":1,"distribution":"{\"name\": \"CategoricalDistribution\", \"attributes\": {\"choices\": [0.9, 0.95, 0.98]}}"}
{"op_code":5,"worker_id":"0b7c61eb-85a4-4c77-a093-0f9c5f47568d-35732","trial_id":5,"param_name":"clip-range","param_value_internal":0,"distribution":"{\"name\": \"CategoricalDistribution\", \"attributes\": {\"choices\": [0.1, 0.2, 0.3]}}"}
{"op_code":5,"worker_id":"0b7c61eb-85a4-4c77-a093-0f9c5f47568d-35732","trial_id":5,"param_name":"ent-coef","param_value_internal":0.0031776753088383902,"distribution":"{\"name\": \"FloatDistribution\", \"attributes\": {\"step\": null, \"low\": 0.0001, \"high\": 0.03, \"log\": true}}"}
{"op_code":8,"worker_id":"0b7c61eb-85a4-4c77-a093-0f9c5f47568d-35732","trial_id":5,"user_attr":{"train_argv":"--option 4 --reward-mode objective --objectives tardiness_sq --lambda-late 1.0 --lambda-energy 1.0 --power-model linear --difficulty off_tf05 --timesteps 100000 --save-tag tune_off_tf05_o4nfm_t5 --n-envs 4 --vec-backend subproc --seed 0 --algo ppo --markov-obs --work-conserving --repair-placement --learning-rate 0.000226224 --rollout-size 16384 --batch-size 256 --n-epochs 5 --gamma 0.999 --gae-lambda 0.95 --clip-range 0.1 --ent-coef 0.00317768"}}
{"op_code":7,"worker_id":"0b7c61eb-85a4-4c77-a093-0f9c5f47568d-35732","trial_id":5,"step":25000,"intermediate_value":189509.8}
{"op_code":6,"worker_id":"0b7c61eb-85a4-4c77-a093-0f9c5f47568d-35732","trial_id":5,"state":2,"values":[189509.8],"datetime_complete":"2026-10-06T08:49:23.003758"}
{"op_code":4,"worker_id":"0b7c61eb-85a4-4c77-a093-0f9c5f47568d-35732","study_id":0,"datetime_start":"2026-10-06T08:49:23.307410"}
{"op_code":5,"worker_id":"0b7c61eb-85a4-4c77-a093-0f9c5f47568d-35732","trial_id":6,"param_name":"learning-rate","param_value_internal":3.208855558609467e-05,"distribution":"{\"name\": \"FloatDistribution\", \"attributes\": {\"step\": null, \"low\": 3e-05, \"high\": 0.001, \"log\": true}}"}
{"op_code":5,"worker_id":"0b7c61eb-85a4-4c77-a093-0f9c5f47568d-35732","trial_id":6,"param_name":"rollout-size","param_value_internal":1,"distribution":"{\"name\": \"CategoricalDistribution\", \"attributes\": {\"choices\": [2048, 4096, 8192, 16384]}}"}
{"op_code":5,"worker_id":"0b7c61eb-85a4-4c77-a093-0f9c5f47568d-35732","trial_id":6,"param_name":"batch-size","param_value_internal":0,"distribution":"{\"name\": \"CategoricalDistribution\", \"attributes\": {\"choices\": [64, 256, 1024]}}"}
{"op_code":5,"worker_id":"0b7c61eb-85a4-4c77-a093-0f9c5f47568d-35732","trial_id":6,"param_name":"n-epochs","param_value_internal":1,"distribution":"{\"name\": \"CategoricalDistribution\", \"attributes\": {\"choices\": [3, 5, 10]}}"}
{"op_code":5,"worker_id":"0b7c61eb-85a4-4c77-a093-0f9c5f47568d-35732","trial_id":6,"param_name":"gamma","param_value_internal":0,"distribution":"{\"name\": \"CategoricalDistribution\", \"attributes\": {\"choices\": [0.99, 0.995, 0.999]}}"}
{"op_code":5,"worker_id":"0b7c61eb-85a4-4c77-a093-0f9c5f47568d-35732","trial_id":6,"param_name":"gae-lambda","param_value_internal":0,"distribution":"{\"name\": \"CategoricalDistribution\", \"attributes\": {\"choices\": [0.9, 0.95, 0.98]}}"}
{"op_code":5,"worker_id":"0b7c61eb-85a4-4c77-a093-0f9c5f47568d-35732","trial_id":6,"param_name":"clip-range","param_value_internal":0,"distribution":"{\"name\": \"CategoricalDistribution\", \"attributes\": {\"choices\": [0.1, 0.2, 0.3]}}"}
{"op_code":5,"worker_id":"0b7c61eb-85a4-4c77-a093-0f9c5f47568d-35732","trial_id":6,"param_name":"ent-coef","param_value_internal":0.00017712267105509928,"distribution":"{\"name\": \"FloatDistribution\", \"attributes\": {\"step\": null, \"low\": 0.0001, \"high\": 0.03, \"log\": true}}"}
{"op_code":8,"worker_id":"0b7c61eb-85a4-4c77-a093-0f9c5f47568d-35732","trial_id":6,"user_attr":{"train_argv":"--option 4 --reward-mode objective --objectives tardiness_sq --lambda-late 1.0 --lambda-energy 1.0 --power-model linear --difficulty off_tf05 --timesteps 100000 --save-tag tune_off_tf05_o4nfm_t6 --n-envs 4 --vec-backend subproc --seed 0 --algo ppo --markov-obs --work-conserving --repair-placement --learning-rate 3.20886e-05 --rollout-size 4096 --batch-size 64 --n-epochs 5 --gamma 0.99 --gae-lambda 0.9 --clip-range 0.1 --ent-coef 0.000177123"}}
{"op_code":7,"worker_id":"0b7c61eb-85a4-4c77-a093-0f9c5f47568d-35732","trial_id":6,"step":25000,"intermediate_value":187336.8}
{"op_code":6,"worker_id":"0b7c61eb-85a4-4c77-a093-0f9c5f47568d-35732","trial_id":6,"state":2,"values":[187336.8],"datetime_complete":"2026-10-06T08:50:26.338008"}
{"op_code":4,"worker_id":"0b7c61eb-85a4-4c77-a093-0f9c5f47568d-35732","study_id":0,"datetime_start":"2026-10-06T08:50:26.719543"}
{"op_code":5,"worker_id":"0b7c61eb-85a4-4c77-a093-0f9c5f47568d-35732","trial_id":7,"param_name":"learning-rate","param_value_internal":0.0007540181221018431,"distribution":"{\"name\": \"FloatDistribution\", \"attributes\": {\"step\": null, \"low\": 3e-05, \"high\": 0.001, \"log\": true}}"}
{"op_code":5,"worker_id":"0b7c61eb-85a4-4c77-a093-0f9c5f47568d-35732","trial_id":7,"param_name":"rollout-size","param_value_internal":1,"distribution":"{\"name\": \"CategoricalDistribution\", \"attributes\": {\"choices\": [2048, 4096, 8192, 16384]}}"}
{"op_code":5,"worker_id":"0b7c61eb-85a4-4c77-a093-0f9c5f47568d-35732","trial_id":7,"param_name":"batch-size","param_value_internal":1,"distribution":"{\"name\": \"CategoricalDistribution\", \"attributes\": {\"choices\": [64, 256, 1024]}}"}
{"op_code":5,"worker_id":"0b7c61eb-85a4-4c77-a093-0f9c5f47568d-35732","trial_id":7,"param_name":"n-epochs","param_value_internal":0,"distribution":"{\"name\": \"CategoricalDistribution\", \"attributes\": {\"choices\": [3, 5, 10]}}"}
{"op_code":5,"worker_id":"0b7c61eb-85a4-4c77-a093-0f9c5f47568d-35732","trial_id":7,"param_name":"gamma","param_value_internal":2,"distribution":"{\"name\": \"CategoricalDistribution\", \"attributes\": {\"choices\": [0.99, 0.995, 0.999]}}"}
{"op_code":5,"worker_id":"0b7c61eb-85a4-4c77-a093-0f9c5f47568d-35732","trial_id":7,"param_name":"gae-lambda","param_value_internal":2,"distribution":"{\"name\": \"CategoricalDistribution\", \"attributes\": {\"choices\": [0.9, 0.95, 0.98]}}"}
{"op_code":5,"worker_id":"0b7c61eb-85a4-4c77-a093-0f9c5f47568d-35732","trial_id":7,"param_name":"clip-range","param_value_internal":0,"distribution":"{\"name\": \"CategoricalDistribution\", \"attributes\": {\"choices\": [0.1, 0.2, 0.3]}}"}
{"op_code":5,"worker_id":"0b7c61eb-85a4-4c77-a093-0f9c5f47568d-35732","trial_id":7,"param_name":"ent-coef","param_value_internal":0.000779308323413374,"distribution":"{\"name\": \"FloatDistribution\", \"attributes\": {\"step\": null, \"low\": 0.0001, \"high\": 0.03, \"log\": true}}"}
{"op_code":8,"worker_id":"0b7c61eb-85a4-4c77-a093-0f9c5f47568d-35732","trial_id":7,"user_attr":{"train_argv":"--option 4 --reward-mode objective --objectives tardiness_sq --lambda-late 1.0 --lambda-energy 1.0 --power-model linear --difficulty off_tf05 --timesteps 100000 --save-tag tune_off_tf05_o4nfm_t7 --n-envs 4 --vec-backend subproc --seed 0 --algo ppo --markov-obs --work-conserving --repair-placement --learning-rate 0.000754018 --rollout-size 4096 --batch-size 256 --n-epochs 3 --gamma 0.999 --gae-lambda 0.98 --clip-range 0.1 --ent-coef 0.000779308"}}
{"op_code":7,"worker_id":"0b7c61eb-85a4-4c77-a093-0f9c5f47568d-35732","trial_id":7,"step":25000,"intermediate_value":189542.8}
{"op_code":6,"worker_id":"0b7c61eb-85a4-4c77-a093-0f9c5f47568d-35732","trial_id":7,"state":2,"values":[189542.8],"datetime_complete":"2026-10-06T08:51:17.070709"}
{"op_code":4,"worker_id":"0b7c61eb-85a4-4c77-a093-0f9c5f47568d-35732","study_id":0,"datetime_start":"2026-10-06T08:51:17.341566"}
{"op_code":5,"worker_id":"0b7c61eb-85a4-4c77-a093-0f9c5f47568d-35732","trial_id":8,"param_name":"learning-rate","param_value_internal":0.0003879791314675207,"distribution":"{\"name\": \"FloatDistribution\", \"attributes\": {\"step\": null, \"low\": 3e-05, \"high\": 0.001, \"log\": true}}"}
{"op_code":5,"worker_id":"0b7c61eb-85a4-4c77-a093-0f9c5f47568d-35732","trial_id":8,"param_name":"rollout-size","param_value_internal":1,"distribution":"{\"name\": \"CategoricalDistribution\", \"attributes\": {\"choices\": [2048, 4096, 8192, 16384]}}"}
{"op_code":5,"worker_id":"0b7c61eb-85a4-4c77-a093-0f9c5f47568d-35732","trial_id":8,"param_name":"batch-size","param_value_internal":1,"distribution":"{\"name\": \"CategoricalDistribution\", \"attributes\": {\"choices\": [64, 256, 1024]}}"}
{"op_code":5,"worker_id":"0b7c61eb-85a4-4c77-a093-0f9c5f47568d-35732","trial_id":8,"param_name":"n-epochs","param_value_internal":1,"distribution":"{\"name\": \"CategoricalDistribution\", \"attributes\": {\"choices\": [3, 5, 10]}}"}
{"op_code":5,"worker_id":"0b7c61eb-85a4-4c77-a093-0f9c5f47568d-35732","trial_id":8,"param_name":"gamma","param_value_internal":2,"distribution":"{\"name\": \"CategoricalDistribution\", \"attributes\": {\"choices\": [0.99, 0.995, 0.999]}}"}
{"op_code":5,"worker_id":"0b7c61eb-85a4-4c77-a093-0f9c5f47568d-35732","trial_id":8,"param_name":"gae-lambda","param_value_internal":2,"distribution":"{\"name\": \"CategoricalDistribution\", \"attributes\": {\"choices\": [0.9, 0.95, 0.98]}}"}
{"op_code":5,"worker_id":"0b7c61eb-85a4-4c77-a093-0f9c5f47568d-35732","trial_id":8,"param_name":"clip-range","param_value_internal":0,"distribution":"{\"name\": \"CategoricalDistribution\", \"attributes\": {\"choices\": [0.1, 0.2, 0.3]}}"}
{"op_code":5,"worker_id":"0b7c61eb-85a4-4c77-a093-0f9c5f47568d-35732","trial_id":8,"param_name":"ent-coef","param_value_internal":0.006435774191713849,"distribution":"{\"name\": \"FloatDistribution\", \"attributes\": {\"step\": null, \"low\": 0.0001, \"high\": 0.03, \"log\": true}}"}
{"op_code":8,"worker_id":"0b7c61eb-85a4-4c77-a093-0f9c5f47568d-35732","trial_id":8,"user_attr":{"train_argv":"--option 4 --reward-mode objective --objectives tardiness_sq --lambda-late 1.0 --lambda-energy 1.0 --power-model linear --difficulty off_tf05 --timesteps 100000 --save-tag tune_off_tf05_o4nfm_t8 --n-envs 4 --vec-backend subproc --seed 0 --algo ppo --markov-obs --work-conserving --repair-placement --learning-rate 0.000387979 --rollout-size 4096 --batch-size 256 --n-epochs 5 --gamma 0.999 --gae-lambda 0.98 --clip-range 0.1 --ent-coef 0.00643577"}}
{"op_code":7,"worker_id":"0b7c61eb-85a4-4c77-a093-0f9c5f47568d-35732","trial_id":8,"step":25000,"intermediate_value":191287.4}
{"op_code":6,"worker_id":"0b7c61eb-85a4-4c77-a093-0f9c5f47568d-35732","trial_id":8,"state":2,"values":[191287.4],"datetime_complete":"2026-10-06T08:52:26.973935"}
{"op_code":4,"worker_id":"0b7c61eb-85a4-4c77-a093-0f9c5f47568d-35732","study_id":0,"datetime_start":"2026-10-06T08:52:27.241980"}
{"op_code":5,"worker_id":"0b7c61eb-85a4-4c77-a093-0f9c5f47568d-35732","trial_id":9,"param_name":"learning-rate","param_value_internal":8.95726984805228e-05,"distribution":"{\"name\": \"FloatDistribution\", \"attributes\": {\"step\": null, \"low\": 3e-05, \"high\": 0.001, \"log\": true}}"}
{"op_code":5,"worker_id":"0b7c61eb-85a4-4c77-a093-0f9c5f47568d-35732","trial_id":9,"param_name":"rollout-size","param_value_internal":3,"distribution":"{\"name\": \"CategoricalDistribution\", \"attributes\": {\"choices\": [2048, 4096, 8192, 16384]}}"}
{"op_code":5,"worker_id":"0b7c61eb-85a4-4c77-a093-0f9c5f47568d-35732","trial_id":9,"param_name":"batch-size","param_value_internal":0,"distribution":"{\"name\": \"CategoricalDistribution\", \"attributes\": {\"choices\": [64, 256, 1024]}}"}
{"op_code":5,"worker_id":"0b7c61eb-85a4-4c77-a093-0f9c5f47568d-35732","trial_id":9,"param_name":"n-epochs","param_value_internal":2,"distribution":"{\"name\": \"CategoricalDistribution\", \"attributes\": {\"choices\": [3, 5, 10]}}"}
{"op_code":5,"worker_id":"0b7c61eb-85a4-4c77-a093-0f9c5f47568d-35732","trial_id":9,"param_name":"gamma","param_value_internal":1,"distribution":"{\"name\": \"CategoricalDistribution\", \"attributes\": {\"choices\": [0.99, 0.995, 0.999]}}"}
{"op_code":5,"worker_id":"0b7c61eb-85a4-4c77-a093-0f9c5f47568d-35732","trial_id":9,"param_name":"gae-lambda","param_value_internal":0,"distribution":"{\"name\": \"CategoricalDistribution\", \"attributes\": {\"choices\": [0.9, 0.95, 0.98]}}"}
{"op_code":5,"worker_id":"0b7c61eb-85a4-4c77-a093-0f9c5f47568d-35732","trial_id":9,"param_name":"clip-range","param_value_internal":0,"distribution":"{\"name\": \"CategoricalDistribution\", \"attributes\": {\"choices\": [0.1, 0.2, 0.3]}}"}
{"op_code":5,"worker_id":"0b7c61eb-85a4-4c77-a093-0f9c5f47568d-35732","trial_id":9,"param_name":"ent-coef","param_value_internal":0.016640390684891242,"distribution":"{\"name\": \"FloatDistribution\", \"attributes\": {\"step\": null, \"low\": 0.0001, \"high\": 0.03, \"log\": true}}"}
{"op_code":8,"worker_id":"0b7c61eb-85a4-4c77-a093-0f9c5f47568d-35732","trial_id":9,"user_attr":{"train_argv":"--option 4 --reward-mode objective --objectives tardiness_sq --lambda-late 1.0 --lambda-energy 1.0 --power-model linear --difficulty off_tf05 --timesteps 100000 --save-tag tune_off_tf05_o4nfm_t9 --n-envs 4 --vec-backend subproc --seed 0 --algo ppo --markov-obs --work-conserving --repair-placement --learning-rate 8.95727e-05 --rollout-size 16384 --batch-size 64 --n-epochs 10 --gamma 0.995 --gae-lambda 0.9 --clip-range 0.1 --ent-coef 0.0166404"}}
{"op_code":7,"worker_id":"0b7c61eb-85a4-4c77-a093-0f9c5f47568d-35732","trial_id":9,"step":25000,"intermediate_value":183643.2}
{"op_code":6,"worker_id":"0b7c61eb-85a4-4c77-a093-0f9c5f47568d-35732","trial_id":9,"state":2,"values":[183643.2],"datetime_complete":"2026-10-06T08:53:43.363132"}
{"op_code":4,"worker_id":"0b7c61eb-85a4-4c77-a093-0f9c5f47568d-35732","study_id":0,"datetime_start":"2026-10-06T08:53:43.728665"}
{"op_code":5,"worker_id":"0b7c61eb-85a4-4c77-a093-0f9c5f47568d-35732","trial_id":10,"param_name":"learning-rate","param_value_internal":0.0008366480052931357,"distribution":"{\"name\": \"FloatDistribution\", \"attributes\": {\"step\": null, \"low\": 3e-05, \"high\": 0.001, \"log\": true}}"}
{"op_code":5,"worker_id":"0b7c61eb-85a4-4c77-a093-0f9c5f47568d-35732","trial_id":10,"param_name":"rollout-size","param_value_internal":0,"distribution":"{\"name\": \"CategoricalDistribution\", \"attributes\": {\"choices\": [2048, 4096, 8192, 16384]}}"}
{"op_code":5,"worker_id":"0b7c61eb-85a4-4c77-a093-0f9c5f47568d-35732","trial_id":10,"param_name":"batch-size","param_value_internal":1,"distribution":"{\"name\": \"CategoricalDistribution\", \"attributes\": {\"choices\": [64, 256, 1024]}}"}
{"op_code":5,"worker_id":"0b7c61eb-85a4-4c77-a093-0f9c5f47568d-35732","trial_id":10,"param_name":"n-epochs","param_value_internal":2,"distribution":"{\"name\": \"CategoricalDistribution\", \"attributes\": {\"choices\": [3, 5, 10]}}"}
{"op_code":5,"worker_id":"0b7c61eb-85a4-4c77-a093-0f9c5f47568d-35732","trial_id":10,"param_name":"gamma","param_value_internal":1,"distribution":"{\"name\": \"CategoricalDistribution\", \"attributes\": {\"choices\": [0.99, 0.995, 0.999]}}"}
{"op_code":5,"worker_id":"0b7c61eb-85a4-4c77-a093-0f9c5f47568d-35732","trial_id":10,"param_name":"gae-lambda","param_value_internal":0,"distribution":"{\"name\": \"CategoricalDistribution\", \"attributes\": {\"choices\": [0.9, 0.95, 0.98]}}"}
{"op_code":5,"worker_id":"0b7c61eb-85a4-4c77-a093-0f9c5f47568d-35732","trial_id":10,"param_name":"clip-range","param_value_internal":1,"distribution":"{\"name\": \"CategoricalDistribution\", \"attributes\": {\"choices\": [0.1, 0.2, 0.3]}}"}
{"op_code":5,"worker_id":"0b7c61eb-85a4-4c77-a093-0f9c5f47568d-35732","trial_id":10,"param_name":"ent-coef","param_value_internal":0.0012413884898114878,"distribution":"{\"name\": \"FloatDistribution\", \"attributes\": {\"step\": null, \"low\": 0.0001, \"high\": 0.03, \"log\": true}}"}
{"op_code":8,"worker_id":"0b7c61eb-85a4-4c77-a093-0f9c5f47568d-35732","trial_id":10,"user_attr":{"train_argv":"--option 4 --reward-mode objective --objectives tardiness_sq --lambda-late 1.0 --lambda-energy 1.0 --power-model linear --difficulty off_tf05 --timesteps 100000 --save-tag tune_off_tf05_o4nfm_t10 --n-envs 4 --vec-backend subproc --seed 0 --algo ppo --markov-obs --work-conserving --repair-placement --learning-rate 0.000836648 --rollout-size 2048 --batch-size 256 --n-epochs 10 --gamma 0.995 --gae-lambda 0.9 --clip-range 0.2 --ent-coef 0.00124139"}}
{"op_code":7,"worker_id":"0b7c61eb-85a4-4c77-a093-0f9c5f47568d-35732","trial_id":10,"step":25000,"intermediate_value":154264.8}
{"op_code":7,"worker_id":"0b7c61eb-85a4-4c77-a093-0f9c5f47568d-35732","trial_id":10,"step":50000,"intermediate_value":82541.6}
{"op_code":7,"worker_id":"0b7c61eb-85a4-4c77-a093-0f9c5f47568d-35732","trial_id":10,"step":75000,"intermediate_value":105434.4}
{"op_code":6,"worker_id":"0b7c61eb-85a4-4c77-a093-0f9c5f47568d-35732","trial_id":10,"state":1,"values":[95557.85],"datetime_complete":"2026-10-06T09:01:36.402765"}
{"op_code":4,"worker_id":"0b7c61eb-85a4-4c77-a093-0f9c5f47568d-35732","study_id":0,"datetime_start":"2026-10-06T09:01:36.637721"}
{"op_code":5,"worker_id":"0b7c61eb-85a4-4c77-a093-0f9c5f47568d-35732","trial_id":11,"param_name":"learning-rate","param_value_internal":0.0009875222089053095,"distribution":"{\"name\": \"FloatDistribution\", \"attributes\": {\"step\": null, \"low\": 3e-05, \"high\": 0.001, \"log\": true}}"}
{"op_code":5,"worker_id":"0b7c61eb-85a4-4c77-a093-0f9c5f47568d-35732","trial_id":11,"param_name":"rollout-size","param_value_internal":0,"distribution":"{\"name\": \"CategoricalDistribution\", \"attributes\": {\"choices\": [2048, 4096, 8192, 16384]}}"}
{"op_code":5,"worker_id":"0b7c61eb-85a4-4c77-a093-0f9c5f47568d-35732","trial_id":11,"param_name":"batch-size","param_value_internal":1,"distribution":"{\"name\": \"CategoricalDistribution\", \"attributes\": {\"choices\": [64, 256, 1024]}}"}
{"op_code":5,"worker_id":"0b7c61eb-85a4-4c77-a093-0f9c5f47568d-35732","trial_id":11,"param_name":"n-epochs","param_value_internal":2,"distribution":"{\"name\": \"CategoricalDistribution\", \"attributes\": {\"choices\": [3, 5, 10]}}"}
{"op_code":5,"worker_id":"0b7c61eb-85a4-4c77-a093-0f9c5f47568d-35732","trial_id":11,"param_name":"gamma","param_value_internal":1,"distribution":"{\"name\": \"CategoricalDistribution\", \"attributes\": {\"choices\": [0.99, 0.995, 0.999]}}"}
{"op_code":5,"worker_id":"0b7c61eb-85a4-4c77-a093-0f9c5f47568d-35732","trial_id":11,"param_name":"gae-lambda","param_value_internal":0,"distribution":"{\"name\": \"CategoricalDistribution\", \"attributes\": {\"choices\": [0.9, 0.95, 0.98]}}"}
{"op_code":5,"worker_id":"0b7c61eb-85a4-4c77-a093-0f9c5f47568d-35732","trial_id":11,"param_name":"clip-range","param_value_internal":1,"distribution":"{\"name\": \"CategoricalDistribution\", \"attributes\": {\"choices\": [0.1, 0.2, 0.3]}}"}
{"op_code":5,"worker_id":"0b7c61eb-85a4-4c77-a093-0f9c5f47568d-35732","trial_id":11,"param_name":"ent-coef","param_value_internal":0.0011294899464053807,"distribution":"{\"name\": \"FloatDistribution\", \"attributes\": {\"step\": null, \"low\": 0.0001, \"high\": 0.03, \"log\": true}}"}
{"op_code":8,"worker_id":"0b7c61eb-85a4-4c77-a093-0f9c5f47568d-35732","trial_id":11,"user_attr":{"train_argv":"--option 4 --reward-mode objective --objectives tardiness_sq --lambda-late 1.0 --lambda-energy 1.0 --power-model linear --difficulty off_tf05 --timesteps 100000 --save-tag tune_off_tf05_o4nfm_t11 --n-envs 4 --vec-backend subproc --seed 0 --algo ppo --markov-obs --work-conserving --repair-placement --learning-rate 0.000987522 --rollout-size 2048 --batch-size 256 --n-epochs 10 --gamma 0.995 --gae-lambda 0.9 --clip-range 0.2 --ent-coef 0.00112949"}}
{"op_code":7,"worker_id":"0b7c61eb-85a4-4c77-a093-0f9c5f47568d-35732","trial_id":11,"step":25000,"intermediate_value":148762.8}
{"op_code":7,"worker_id":"0b7c61eb-85a4-4c77-a093-0f9c5f47568d-35732","trial_id":11,"step":50000,"intermediate_value":133787.4}
{"op_code":7,"worker_id":"0b7c61eb-85a4-4c77-a093-0f9c5f47568d-35732","trial_id":11,"step":75000,"intermediate_value":78603.4}
{"op_code":6,"worker_id":"0b7c61eb-85a4-4c77-a093-0f9c5f47568d-35732","trial_id":11,"state":1,"values":[77334.35],"datetime_complete":"2026-10-06T09:09:27.518067"}
{"op_code":4,"worker_id":"0b7c61eb-85a4-4c77-a093-0f9c5f47568d-35732","study_id":0,"datetime_start":"2026-10-06T09:09:27.786527"}
{"op_code":5,"worker_id":"0b7c61eb-85a4-4c77-a093-0f9c5f47568d-35732","trial_id":12,"param_name":"learning-rate","param_value_internal":0.0009126622950137365,"distribution":"{\"name\": \"FloatDistribution\", \"attributes\": {\"step\": null, \"low\": 3e-05, \"high\": 0.001, \"log\": true}}"}
{"op_code":5,"worker_id":"0b7c61eb-85a4-4c77-a093-0f9c5f47568d-35732","trial_id":12,"param_name":"rollout-size","param_value_internal":0,"distribution":"{\"name\": \"CategoricalDistribution\", \"attributes\": {\"choices\": [2048, 4096, 8192, 16384]}}"}
{"op_code":5,"worker_id":"0b7c61eb-85a4-4c77-a093-0f9c5f47568d-35732","trial_id":12,"param_name":"batch-size","param_value_internal":1,"distribution":"{\"name\": \"CategoricalDistribution\", \"attributes\": {\"choices\": [64, 256, 1024]}}"}
{"op_code":5,"worker_id":"0b7c61eb-85a4-4c77-a093-0f9c5f47568d-35732","trial_id":12,"param_name":"n-epochs","param_value_internal":2,"distribution":"{\"name\": \"CategoricalDistribution\", \"attributes\": {\"choices\": [3, 5, 10]}}"}
{"op_code":5,"worker_id":"0b7c61eb-85a4-4c77-a093-0f9c5f47568d-35732","trial_id":12,"param_name":"gamma","param_value_internal":1,"distribution":"{\"name\": \"CategoricalDistribution\", \"attributes\": {\"choices\": [0.99, 0.995, 0.999]}}"}
{"op_code":5,"worker_id":"0b7c61eb-85a4-4c77-a093-0f9c5f47568d-35732","trial_id":12,"param_name":"gae-lambda","param_value_internal":0,"distribution":"{\"name\": \"CategoricalDistribution\", \"attributes\": {\"choices\": [0.9, 0.95, 0.98]}}"}
{"op_code":5,"worker_id":"0b7c61eb-85a4-4c77-a093-0f9c5f47568d-35732","trial_id":12,"param_name":"clip-range","param_value_internal":1,"distribution":"{\"name\": \"CategoricalDistribution\", \"attributes\": {\"choices\": [0.1, 0.2, 0.3]}}"}
{"op_code":5,"worker_id":"0b7c61eb-85a4-4c77-a093-0f9c5f47568d-35732","trial_id":12,"param_name":"ent-coef","param_value_internal":0.0012992722022057478,"distribution":"{\"name\": \"FloatDistribution\", \"attributes\": {\"step\": null, \"low\": 0.0001, \"high\": 0.03, \"log\": true}}"}
{"op_code":8,"worker_id":"0b7c61eb-85a4-4c77-a093-0f9c5f47568d-35732","trial_id":12,"user_attr":{"train_argv":"--option 4 --reward-mode objective --objectives tardiness_sq --lambda-late 1.0 --lambda-energy 1.0 --power-model linear --difficulty off_tf05 --timesteps 100000 --save-tag tune_off_tf05_o4nfm_t12 --n-envs 4 --vec-backend subproc --seed 0 --algo ppo --markov-obs --work-conserving --repair-placement --learning-rate 0.000912662 --rollout-size 2048 --batch-size 256 --n-epochs 10 --gamma 0.995 --gae-lambda 0.9 --clip-range 0.2 --ent-coef 0.00129927"}}
{"op_code":7,"worker_id":"0b7c61eb-85a4-4c77-a093-0f9c5f47568d-35732","trial_id":12,"step":25000,"intermediate_value":153206.8}
{"op_code":7,"worker_id":"0b7c61eb-85a4-4c77-a093-0f9c5f47568d-35732","trial_id":12,"step":50000,"intermediate_value":74748.8}
{"op_code":7,"worker_id":"0b7c61eb-85a4-4c77-a093-0f9c5f47568d-35732","trial_id":12,"step":75000,"intermediate_value":80185.6}
{"op_code":6,"worker_id":"0b7c61eb-85a4-4c77-a093-0f9c5f47568d-35732","trial_id":12,"state":1,"values":[74094.8],"datetime_complete":"2026-10-06T09:17:12.904377"}
{"op_code":4,"worker_id":"0b7c61eb-85a4-4c77-a093-0f9c5f47568d-35732","study_id":0,"datetime_start":"2026-10-06T09:17:13.156443"}
{"op_code":5,"worker_id":"0b7c61eb-85a4-4c77-a093-0f9c5f47568d-35732","trial_id":13,"param_name":"learning-rate","param_value_internal":0.0005221089871889268,"distribution":"{\"name\": \"FloatDistribution\", \"attributes\": {\"step\": null, \"low\": 3e-05, \"high\": 0.001, \"log\": true}}"}
{"op_code":5,"worker_id":"0b7c61eb-85a4-4c77-a093-0f9c5f47568d-35732","trial_id":13,"param_name":"rollout-size","param_value_internal":0,"distribution":"{\"name\": \"CategoricalDistribution\", \"attributes\": {\"choices\": [2048, 4096, 8192, 16384]}}"}
{"op_code":5,"worker_id":"0b7c61eb-85a4-4c77-a093-0f9c5f47568d-35732","trial_id":13,"param_name":"batch-size","param_value_internal":1,"distribution":"{\"name\": \"CategoricalDistribution\", \"attributes\": {\"choices\": [64, 256, 1024]}}"}
{"op_code":5,"worker_id":"0b7c61eb-85a4-4c77-a093-0f9c5f47568d-35732","trial_id":13,"param_name":"n-epochs","param_value_internal":2,"distribution":"{\"name\": \"CategoricalDistribution\", \"attributes\": {\"choices\": [3, 5, 10]}}"}
{"op_code":5,"worker_id":"0b7c61eb-85a4-4c77-a093-0f9c5f47568d-35732","trial_id":13,"param_name":"gamma","param_value_internal":1,"distribution":"{\"name\": \"CategoricalDistribution\", \"attributes\": {\"choices\": [0.99, 0.995, 0.999]}}"}
{"op_code":5,"worker_id":"0b7c61eb-85a4-4c77-a093-0f9c5f47568d-35732","trial_id":13,"param_name":"gae-lambda","param_value_internal":0,"distribution":"{\"name\": \"CategoricalDistribution\", \"attributes\": {\"choices\": [0.9, 0.95, 0.98]}}"}
{"op_code":5,"worker_id":"0b7c61eb-85a4-4c77-a093-0f9c5f47568d-35732","trial_id":13,"param_name":"clip-range","param_value_internal":1,"distribution":"{\"name\": \"CategoricalDistribution\", \"attributes\": {\"choices\": [0.1, 0.2, 0.3]}}"}
{"op_code":5,"worker_id":"0b7c61eb-85a4-4c77-a093-0f9c5f47568d-35732","trial_id":13,"param_name":"ent-coef","param_value_internal":0.00033269255050604374,"distribution":"{\"name\": \"FloatDistribution\", \"attributes\": {\"step\": null, \"low\": 0.0001, \"high\": 0.03, \"log\": true}}"}
{"op_code":8,"worker_id":"0b7c61eb-85a4-4c77-a093-0f9c5f47568d-35732","trial_id":13,"user_attr":{"train_argv":"--option 4 --reward-mode objective --objectives tardiness_sq --lambda-late 1.0 --lambda-energy 1.0 --power-model linear --difficulty off_tf05 --timesteps 100000 --save-tag tune_off_tf05_o4nfm_t13 --n-envs 4 --vec-backend subproc --seed 0 --algo ppo --markov-obs --work-conserving --repair-placement --learning-rate 0.000522109 --rollout-size 2048 --batch-size 256 --n-epochs 10 --gamma 0.995 --gae-lambda 0.9 --clip-range 0.2 --ent-coef 0.000332693"}}
{"op_code":7,"worker_id":"0b7c61eb-85a4-4c77-a093-0f9c5f47568d-35732","trial_id":13,"step":25000,"intermediate_value":172667.4}
{"op_code":7,"worker_id":"0b7c61eb-85a4-4c77-a093-0f9c5f47568d-35732","trial_id":13,"step":50000,"intermediate_value":85403.8}
{"op_code":7,"worker_id":"0b7c61eb-85a4-4c77-a093-0f9c5f47568d-35732","trial_id":13,"step":75000,"intermediate_value":82096.6}
{"op_code":6,"worker_id":"0b7c61eb-85a4-4c77-a093-0f9c5f47568d-35732","trial_id":13,"state":1,"values":[89147.55],"datetime_complete":"2026-10-06T09:25:05.560240"}
{"op_code":4,"worker_id":"0b7c61eb-85a4-4c77-a093-0f9c5f47568d-35732","study_id":0,"datetime_start":"2026-10-06T09:25:05.775054"}
{"op_code":5,"worker_id":"0b7c61eb-85a4-4c77-a093-0f9c5f47568d-35732","trial_id":14,"param_name":"learning-rate","param_value_internal":0.0004902239666398591,"distribution":"{\"name\": \"FloatDistribution\", \"attributes\": {\"step\": null, \"low\": 3e-05, \"high\": 0.001, \"log\": true}}"}
{"op_code":5,"worker_id":"0b7c61eb-85a4-4c77-a093-0f9c5f47568d-35732","trial_id":14,"param_name":"rollout-size","param_value_internal":1,"distribution":"{\"name\": \"CategoricalDistribution\", \"attributes\": {\"choices\": [2048, 4096, 8192, 16384]}}"}
{"op_code":5,"worker_id":"0b7c61eb-85a4-4c77-a093-0f9c5f47568d-35732","trial_id":14,"param_name":"batch-size","param_value_internal":1,"distribution":"{\"name\": \"CategoricalDistribution\", \"attributes\": {\"choices\": [64, 256, 1024]}}"}
{"op_code":5,"worker_id":"0b7c61eb-85a4-4c77-a093-0f9c5f47568d-35732","trial_id":14,"param_name":"n-epochs","param_value_internal":2,"distribution":"{\"name\": \"CategoricalDistribution\", \"attributes\": {\"choices\": [3, 5, 10]}}"}
{"op_code":5,"worker_id":"0b7c61eb-85a4-4c77-a093-0f9c5f47568d-35732","trial_id":14,"param_name":"gamma","param_value_internal":1,"distribution":"{\"name\": \"CategoricalDistribution\", \"attributes\": {\"choices\": [0.99, 0.995, 0.999]}}"}
{"op_code":5,"worker_id":"0b7c61eb-85a4-4c77-a093-0f9c5f47568d-35732","trial_id":14,"param_name":"gae-lambda","param_value_internal":0,"distribution":"{\"name\": \"CategoricalDistribution\", \"attributes\": {\"choices\": [0.9, 0.95, 0.98]}}"}
{"op_code":5,"worker_id":"0b7c61eb-85a4-4c77-a093-0f9c5f47568d-35732","trial_id":14,"param_name":"clip-range","param_value_internal":1,"distribution":"{\"name\": \"CategoricalDistribution\", \"attributes\": {\"choices\": [0.1, 0.2, 0.3]}}"}
{"op_code":5,"worker_id":"0b7c61eb-85a4-4c77-a093-0f9c5f47568d-35732","trial_id":14,"param_name":"ent-coef","param_value_internal":0.0019045715872124916,"distribution":"{\"name\": \"FloatDistribution\", \"attributes\": {\"step\": null, \"low\": 0.0001, \"high\": 0.03, \"log\": true}}"}
{"op_code":8,"worker_id":"0b7c61eb-85a4-4c77-a093-0f9c5f47568d-35732","trial_id":14,"user_attr":{"train_argv":"--option 4 --reward-mode objective --objectives tardiness_sq --lambda-late 1.0 --lambda-energy 1.0 --power-model linear --difficulty off_tf05 --timesteps 100000 --save-tag tune_off_tf05_o4nfm_t14 --n-envs 4 --vec-backend subproc --seed 0 --algo ppo --markov-obs --work-conserving --repair-placement --learning-rate 0.000490224 --rollout-size 4096 --batch-size 256 --n-epochs 10 --gamma 0.995 --gae-lambda 0.9 --clip-range 0.2 --ent-coef 0.00190457"}}
{"op_code":7,"worker_id":"0b7c61eb-85a4-4c77-a093-0f9c5f47568d-35732","trial_id":14,"step":25000,"intermediate_value":176263.4}
{"op_code":6,"worker_id":"0b7c61eb-85a4-4c77-a093-0f9c5f47568d-35732","trial_id":14,"state":2,"values":[176263.4],"datetime_complete":"2026-10-06T09:27:08.405188"}
{"op_code":4,"worker_id":"0b7c61eb-85a4-4c77-a093-0f9c5f47568d-35732","study_id":0,"datetime_start":"2026-10-06T09:27:08.701445"}
{"op_code":5,"worker_id":"0b7c61eb-85a4-4c77-a093-0f9c5f47568d-35732","trial_id":15,"param_name":"learning-rate","param_value_internal":0.0005984634450307283,"distribution":"{\"name\": \"FloatDistribution\", \"attributes\": {\"step\": null, \"low\": 3e-05, \"high\": 0.001, \"log\": true}}"}
{"op_code":5,"worker_id":"0b7c61eb-85a4-4c77-a093-0f9c5f47568d-35732","trial_id":15,"param_name":"rollout-size","param_value_internal":0,"distribution":"{\"name\": \"CategoricalDistribution\", \"attributes\": {\"choices\": [2048, 4096, 8192, 16384]}}"}
{"op_code":5,"worker_id":"0b7c61eb-85a4-4c77-a093-0f9c5f47568d-35732","trial_id":15,"param_name":"batch-size","param_value_internal":1,"distribution":"{\"name\": \"CategoricalDistribution\", \"attributes\": {\"choices\": [64, 256, 1024]}}"}
{"op_code":5,"worker_id":"0b7c61eb-85a4-4c77-a093-0f9c5f47568d-35732","trial_id":15,"param_name":"n-epochs","param_value_internal":2,"distribution":"{\"name\": \"CategoricalDistribution\", \"attributes\": {\"choices\": [3, 5, 10]}}"}
{"op_code":5,"worker_id":"0b7c61eb-85a4-4c77-a093-0f9c5f47568d-35732","trial_id":15,"param_name":"gamma","param_value_internal":1,"distribution":"{\"name\": \"CategoricalDistribution\", \"attributes\": {\"choices\": [0.99, 0.995, 0.999]}}"}
{"op_code":5,"worker_id":"0b7c61eb-85a4-4c77-a093-0f9c5f47568d-35732","trial_id":15,"param_name":"gae-lambda","param_value_internal":2,"distribution":"{\"name\": \"CategoricalDistribution\", \"attributes\": {\"choices\": [0.9, 0.95, 0.98]}}"}
{"op_code":5,"worker_id":"0b7c61eb-85a4-4c77-a093-0f9c5f47568d-35732","trial_id":15,"param_name":"clip-range","param_value_internal":2,"distribution":"{\"name\": \"CategoricalDistribution\", \"attributes\": {\"choices\": [0.1, 0.2, 0.3]}}"}
{"op_code":5,"worker_id":"0b7c61eb-85a4-4c77-a093-0f9c5f47568d-35732","trial_id":15,"param_name":"ent-coef","param_value_internal":0.00011016873292773531,"distribution":"{\"name\": \"FloatDistribution\", \"attributes\": {\"step\": null, \"low\": 0.0001, \"high\": 0.03, \"log\": true}}"}
{"op_code":8,"worker_id":"0b7c61eb-85a4-4c77-a093-0f9c5f47568d-35732","trial_id":15,"user_attr":{"train_argv":"--option 4 --reward-mode objective --objectives tardiness_sq --lambda-late 1.0 --lambda-energy 1.0 --power-model linear --difficulty off_tf05 --timesteps 100000 --save-tag tune_off_tf05_o4nfm_t15 --n-envs 4 --vec-backend subproc --seed 0 --algo ppo --markov-obs --work-conserving --repair-placement --learning-rate 0.000598463 --rollout-size 2048 --batch-size 256 --n-epochs 10 --gamma 0.995 --gae-lambda 0.98 --clip-range 0.3 --ent-coef 0.000110169"}}
{"op_code":7,"worker_id":"0b7c61eb-85a4-4c77-a093-0f9c5f47568d-35732","trial_id":15,"step":25000,"intermediate_value":186337.8}
{"op_code":6,"worker_id":"0b7c61eb-85a4-4c77-a093-0f9c5f47568d-35732","trial_id":15,"state":2,"values":[186337.8],"datetime_complete":"2026-10-06T09:29:08.416151"}
{"op_code":4,"worker_id":"0b7c61eb-85a4-4c77-a093-0f9c5f47568d-35732","study_id":0,"datetime_start":"2026-10-06T09:29:08.707236"}
{"op_code":5,"worker_id":"0b7c61eb-85a4-4c77-a093-0f9c5f47568d-35732","trial_id":16,"param_name":"learning-rate","param_value_internal":0.00012251609721799714,"distribution":"{\"name\": \"FloatDistribution\", \"attributes\": {\"step\": null, \"low\": 3e-05, \"high\": 0.001, \"log\": true}}"}
{"op_code":5,"worker_id":"0b7c61eb-85a4-4c77-a093-0f9c5f47568d-35732","trial_id":16,"param_name":"rollout-size","param_value_internal":1,"distribution":"{\"name\": \"CategoricalDistribution\", \"attributes\": {\"choices\": [2048, 4096, 8192, 16384]}}"}
{"op_code":5,"worker_id":"0b7c61eb-85a4-4c77-a093-0f9c5f47568d-35732","trial_id":16,"param_name":"batch-size","param_value_internal":1,"distribution":"{\"name\": \"CategoricalDistribution\", \"attributes\": {\"choices\": [64, 256, 1024]}}"}
{"op_code":5,"worker_id":"0b7c61eb-85a4-4c77-a093-0f9c5f47568d-35732","trial_id":16,"param_name":"n-epochs","param_value_internal":2,"distribution":"{\"name\": \"CategoricalDistribution\", \"attributes\": {\"choices\": [3, 5, 10]}}"}
{"op_code":5,"worker_id":"0b7c61eb-85a4-4c77-a093-0f9c5f47568d-35732","trial_id":16,"param_name":"gamma","param_value_internal":0,"distribution":"{\"name\": \"CategoricalDistribution\", \"attributes\": {\"choices\": [0.99, 0.995, 0.999]}}"}
{"op_code":5,"worker_id":"0b7c61eb-85a4-4c77-a093-0f9c5f47568d-35732","trial_id":16,"param_name":"gae-lambda","param_value_internal":0,"distribution":"{\"name\": \"CategoricalDistribution\", \"attributes\": {\"choices\": [0.9, 0.95, 0.98]}}"}
{"op_code":5,"worker_id":"0b7c61eb-85a4-4c77-a093-0f9c5f47568d-35732","trial_id":16,"param_name":"clip-range","param_value_internal":1,"distribution":"{\"name\": \"CategoricalDistribution\", \"attributes\": {\"choices\": [0.1, 0.2, 0.3]}}"}
{"op_code":5,"worker_id":"0b7c61eb-85a4-4c77-a093-0f9c5f47568d-35732","trial_id":16,"param_name":"ent-coef","param_value_internal":0.0005392770406318004,"distribution":"{\"name\": \"FloatDistribution\", \"attributes\": {\"step\": null, \"low\": 0.0001, \"high\": 0.03, \"log\": true}}"}
{"op_code":8,"worker_id":"0b7c61eb-85a4-4c77-a093-0f9c5f47568d-35732","trial_id":16,"user_attr":{"train_argv":"--option 4 --reward-mode objective --objectives tardiness_sq --lambda-late 1.0 --lambda-energy 1.0 --power-model linear --difficulty off_tf05 --timesteps 100000 --save-tag tune_off_tf05_o4nfm_t16 --n-envs 4 --vec-backend subproc --seed 0 --algo ppo --markov-obs --work-conserving --repair-placement --learning-rate 0.000122516 --rollout-size 4096 --batch-size 256 --n-epochs 10 --gamma 0.99 --gae-lambda 0.9 --clip-range 0.2 --ent-coef 0.000539277"}}
{"op_code":7,"worker_id":"0b7c61eb-85a4-4c77-a093-0f9c5f47568d-35732","trial_id":16,"step":25000,"intermediate_value":186435.6}
{"op_code":6,"worker_id":"0b7c61eb-85a4-4c77-a093-0f9c5f47568d-35732","trial_id":16,"state":2,"values":[186435.6],"datetime_complete":"2026-10-06T09:31:05.310099"}
{"op_code":4,"worker_id":"0b7c61eb-85a4-4c77-a093-0f9c5f47568d-35732","study_id":0,"datetime_start":"2026-10-06T09:31:05.613709"}
{"op_code":5,"worker_id":"0b7c61eb-85a4-4c77-a093-0f9c5f47568d-35732","trial_id":17,"param_name":"learning-rate","param_value_internal":0.0003437956111454274,"distribution":"{\"name\": \"FloatDistribution\", \"attributes\": {\"step\": null, \"low\": 3e-05, \"high\": 0.001, \"log\": true}}"}
{"op_code":5,"worker_id":"0b7c61eb-85a4-4c77-a093-0f9c5f47568d-35732","trial_id":17,"param_name":"rollout-size","param_value_internal":2,"distribution":"{\"name\": \"CategoricalDistribution\", \"attributes\": {\"choices\": [2048, 4096, 8192, 16384]}}"}
{"op_code":5,"worker_id":"0b7c61eb-85a4-4c77-a093-0f9c5f47568d-35732","trial_id":17,"param_name":"batch-size","param_value_internal":1,"distribution":"{\"name\": \"CategoricalDistribution\", \"attributes\": {\"choices\": [64, 256, 1024]}}"}
{"op_code":5,"worker_id":"0b7c61eb-85a4-4c77-a093-0f9c5f47568d-35732","trial_id":17,"param_name":"n-epochs","param_value_internal":0,"distribution":"{\"name\": \"CategoricalDistribution\", \"attributes\": {\"choices\": [3, 5, 10]}}"}
{"op_code":5,"worker_id":"0b7c61eb-85a4-4c77-a093-0f9c5f47568d-35732","trial_id":17,"param_name":"gamma","param_value_internal":1,"distribution":"{\"name\": \"CategoricalDistribution\", \"attributes\": {\"choices\": [0.99, 0.995, 0.999]}}"}
{"op_code":5,"worker_id":"0b7c61eb-85a4-4c77-a093-0f9c5f47568d-35732","trial_id":17,"param_name":"gae-lambda","param_value_internal":0,"distribution":"{\"name\": \"CategoricalDistribution\", \"attributes\": {\"choices\": [0.9, 0.95, 0.98]}}"}
{"op_code":5,"worker_id":"0b7c61eb-85a4-4c77-a093-0f9c5f47568d-35732","trial_id":17,"param_name":"clip-range","param_value_internal":1,"distribution":"{\"name\": \"CategoricalDistribution\", \"attributes\": {\"choices\": [0.1, 0.2, 0.3]}}"}
{"op_code":5,"worker_id":"0b7c61eb-85a4-4c77-a093-0f9c5f47568d-35732","trial_id":17,"param_name":"ent-coef","param_value_internal":0.001858951500954322,"distribution":"{\"name\": \"FloatDistribution\", \"attributes\": {\"step\": null, \"low\": 0.0001, \"high\": 0.03, \"log\": true}}"}
{"op_code":8,"worker_id":"0b7c61eb-85a4-4c77-a093-0f9c5f47568d-35732","trial_id":17,"user_attr":{"train_argv":"--option 4 --reward-mode objective --objectives tardiness_sq --lambda-late 1.0 --lambda-energy 1.0 --power-model linear --difficulty off_tf05 --timesteps 100000 --save-tag tune_off_tf05_o4nfm_t17 --n-envs 4 --vec-backend subproc --seed 0 --algo ppo --markov-obs --work-conserving --repair-placement --learning-rate 0.000343796 --rollout-size 8192 --batch-size 256 --n-epochs 3 --gamma 0.995 --gae-lambda 0.9 --clip-range 0.2 --ent-coef 0.00185895"}}
{"op_code":7,"worker_id":"0b7c61eb-85a4-4c77-a093-0f9c5f47568d-35732","trial_id":17,"step":25000,"intermediate_value":185646.4}
{"op_code":6,"worker_id":"0b7c61eb-85a4-4c77-a093-0f9c5f47568d-35732","trial_id":17,"state":2,"values":[185646.4],"datetime_complete":"2026-10-06T09:31:56.791807"}
{"op_code":4,"worker_id":"0b7c61eb-85a4-4c77-a093-0f9c5f47568d-35732","study_id":0,"datetime_start":"2026-10-06T09:31:57.066974"}
{"op_code":5,"worker_id":"0b7c61eb-85a4-4c77-a093-0f9c5f47568d-35732","trial_id":18,"param_name":"learning-rate","param_value_internal":0.00099186851021073,"distribution":"{\"name\": \"FloatDistribution\", \"attributes\": {\"step\": null, \"low\": 3e-05, \"high\": 0.001, \"log\": true}}"}
{"op_code":5,"worker_id":"0b7c61eb-85a4-4c77-a093-0f9c5f47568d-35732","trial_id":18,"param_name":"rollout-size","param_value_internal":1,"distribution":"{\"name\": \"CategoricalDistribution\", \"attributes\": {\"choices\": [2048, 4096, 8192, 16384]}}"}
{"op_code":5,"worker_id":"0b7c61eb-85a4-4c77-a093-0f9c5f47568d-35732","trial_id":18,"param_name":"batch-size","param_value_internal":2,"distribution":"{\"name\": \"CategoricalDistribution\", \"attributes\": {\"choices\": [64, 256, 1024]}}"}
{"op_code":5,"worker_id":"0b7c61eb-85a4-4c77-a093-0f9c5f47568d-35732","trial_id":18,"param_name":"n-epochs","param_value_internal":2,"distribution":"{\"name\": \"CategoricalDistribution\", \"attributes\": {\"choices\": [3, 5, 10]}}"}
{"op_code":5,"worker_id":"0b7c61eb-85a4-4c77-a093-0f9c5f47568d-35732","trial_id":18,"param_name":"gamma","param_value_internal":1,"distribution":"{\"name\": \"CategoricalDistribution\", \"attributes\": {\"choices\": [0.99, 0.995, 0.999]}}"}
{"op_code":5,"worker_id":"0b7c61eb-85a4-4c77-a093-0f9c5f47568d-35732","trial_id":18,"param_name":"gae-lambda","param_value_internal":2,"distribution":"{\"name\": \"CategoricalDistribution\", \"attributes\": {\"choices\": [0.9, 0.95, 0.98]}}"}
{"op_code":5,"worker_id":"0b7c61eb-85a4-4c77-a093-0f9c5f47568d-35732","trial_id":18,"param_name":"clip-range","param_value_internal":0,"distribution":"{\"name\": \"CategoricalDistribution\", \"attributes\": {\"choices\": [0.1, 0.2, 0.3]}}"}
{"op_code":5,"worker_id":"0b7c61eb-85a4-4c77-a093-0f9c5f47568d-35732","trial_id":18,"param_name":"ent-coef","param_value_internal":0.013118007682091648,"distribution":"{\"name\": \"FloatDistribution\", \"attributes\": {\"step\": null, \"low\": 0.0001, \"high\": 0.03, \"log\": true}}"}
{"op_code":8,"worker_id":"0b7c61eb-85a4-4c77-a093-0f9c5f47568d-35732","trial_id":18,"user_attr":{"train_argv":"--option 4 --reward-mode objective --objectives tardiness_sq --lambda-late 1.0 --lambda-energy 1.0 --power-model linear --difficulty off_tf05 --timesteps 100000 --save-tag tune_off_tf05_o4nfm_t18 --n-envs 4 --vec-backend subproc --seed 0 --algo ppo --markov-obs --work-conserving --repair-placement --learning-rate 0.000991869 --rollout-size 4096 --batch-size 1024 --n-epochs 10 --gamma 0.995 --gae-lambda 0.98 --clip-range 0.1 --ent-coef 0.013118"}}
{"op_code":7,"worker_id":"0b7c61eb-85a4-4c77-a093-0f9c5f47568d-35732","trial_id":18,"step":25000,"intermediate_value":186997.0}
{"op_code":6,"worker_id":"0b7c61eb-85a4-4c77-a093-0f9c5f47568d-35732","trial_id":18,"state":2,"values":[186997.0],"datetime_complete":"2026-10-06T09:33:48.958386"}
{"op_code":4,"worker_id":"0b7c61eb-85a4-4c77-a093-0f9c5f47568d-35732","study_id":0,"datetime_start":"2026-10-06T09:33:49.213521"}
{"op_code":5,"worker_id":"0b7c61eb-85a4-4c77-a093-0f9c5f47568d-35732","trial_id":19,"param_name":"learning-rate","param_value_internal":0.000641908233179286,"distribution":"{\"name\": \"FloatDistribution\", \"attributes\": {\"step\": null, \"low\": 3e-05, \"high\": 0.001, \"log\": true}}"}
{"op_code":5,"worker_id":"0b7c61eb-85a4-4c77-a093-0f9c5f47568d-35732","trial_id":19,"param_name":"rollout-size","param_value_internal":0,"distribution":"{\"name\": \"CategoricalDistribution\", \"attributes\": {\"choices\": [2048, 4096, 8192, 16384]}}"}
{"op_code":5,"worker_id":"0b7c61eb-85a4-4c77-a093-0f9c5f47568d-35732","trial_id":19,"param_name":"batch-size","param_value_internal":0,"distribution":"{\"name\": \"CategoricalDistribution\", \"attributes\": {\"choices\": [64, 256, 1024]}}"}
{"op_code":5,"worker_id":"0b7c61eb-85a4-4c77-a093-0f9c5f47568d-35732","trial_id":19,"param_name":"n-epochs","param_value_internal":2,"distribution":"{\"name\": \"CategoricalDistribution\", \"attributes\": {\"choices\": [3, 5, 10]}}"}
{"op_code":5,"worker_id":"0b7c61eb-85a4-4c77-a093-0f9c5f47568d-35732","trial_id":19,"param_name":"gamma","param_value_internal":0,"distribution":"{\"name\": \"CategoricalDistribution\", \"attributes\": {\"choices\": [0.99, 0.995, 0.999]}}"}
{"op_code":5,"worker_id":"0b7c61eb-85a4-4c77-a093-0f9c5f47568d-35732","trial_id":19,"param_name":"gae-lambda","param_value_internal":1,"distribution":"{\"name\": \"CategoricalDistribution\", \"attributes\": {\"choices\": [0.9, 0.95, 0.98]}}"}
{"op_code":5,"worker_id":"0b7c61eb-85a4-4c77-a093-0f9c5f47568d-35732","trial_id":19,"param_name":"clip-range","param_value_internal":2,"distribution":"{\"name\": \"CategoricalDistribution\", \"attributes\": {\"choices\": [0.1, 0.2, 0.3]}}"}
{"op_code":5,"worker_id":"0b7c61eb-85a4-4c77-a093-0f9c5f47568d-35732","trial_id":19,"param_name":"ent-coef","param_value_internal":0.0023650906014653366,"distribution":"{\"name\": \"FloatDistribution\", \"attributes\": {\"step\": null, \"low\": 0.0001, \"high\": 0.03, \"log\": true}}"}
{"op_code":8,"worker_id":"0b7c61eb-85a4-4c77-a093-0f9c5f47568d-35732","trial_id":19,"user_attr":{"train_argv":"--option 4 --reward-mode objective --objectives tardiness_sq --lambda-late 1.0 --lambda-energy 1.0 --power-model linear --difficulty off_tf05 --timesteps 100000 --save-tag tune_off_tf05_o4nfm_t19 --n-envs 4 --vec-backend subproc --seed 0 --algo ppo --markov-obs --work-conserving --repair-placement --learning-rate 0.000641908 --rollout-size 2048 --batch-size 64 --n-epochs 10 --gamma 0.99 --gae-lambda 0.95 --clip-range 0.3 --ent-coef 0.00236509"}}
{"op_code":7,"worker_id":"0b7c61eb-85a4-4c77-a093-0f9c5f47568d-35732","trial_id":19,"step":25000,"intermediate_value":157202.2}
{"op_code":7,"worker_id":"0b7c61eb-85a4-4c77-a093-0f9c5f47568d-35732","trial_id":19,"step":50000,"intermediate_value":100391.8}
{"op_code":7,"worker_id":"0b7c61eb-85a4-4c77-a093-0f9c5f47568d-35732","trial_id":19,"step":75000,"intermediate_value":72930.8}
{"op_code":6,"worker_id":"0b7c61eb-85a4-4c77-a093-0f9c5f47568d-35732","trial_id":19,"state":1,"values":[56257.1],"datetime_complete":"2026-10-06T09:40:40.700127"}
{"op_code":0,"worker_id":"0cc43fc3-d76b-411e-ba3a-a72c3f317cd4-34464","study_name":"off_tf05_o4nfm","directions":[1]}
{"op_code":0,"worker_id":"74e871d4-d57c-410c-a816-a44753111540-7220","study_name":"off_tf05_o4nfm","directions":[1]}
{"op_code":0,"worker_id":"c0081dce-26e1-4cc2-abed-3ac1cb3e92e7-4620","study_name":"off_tf05_o4nfm","directions":[1]}
{"op_code":0,"worker_id":"3136b3a2-5e8d-44bd-9f89-2858ea961d13-17656","study_name":"off_tf05_o4nfm","directions":[1]}
{"op_code":0,"worker_id":"a322f2b9-d832-468f-8991-94c8a83d92f7-5424","study_name":"off_tf05_o4nfm","directions":[1]}
{"op_code":0,"worker_id":"15ffbea3-d1e0-43e0-9506-2ec15b83f416-4492","study_name":"off_tf05_o4nfm","directions":[1]}
