{"op_code":0,"worker_id":"f2aafbb8-5d3e-4d89-a96b-c63aee77881d-34692","study_name":"off_tf05_o0pnm","directions":[1]}
{"op_code":4,"worker_id":"f2aafbb8-5d3e-4d89-a96b-c63aee77881d-34692","study_id":0,"datetime_start":"2026-10-06T00:55:38.894482"}
{"op_code":5,"worker_id":"f2aafbb8-5d3e-4d89-a96b-c63aee77881d-34692","trial_id":0,"param_name":"learning-rate","param_value_internal":0.00020554062603827,"distribution":"{\"name\": \"FloatDistribution\", \"attributes\": {\"step\": null, \"low\": 3e-05, \"high\": 0.001, \"log\": true}}"}
{"op_code":5,"worker_id":"f2aafbb8-5d3e-4d89-a96b-c63aee77881d-34692","trial_id":0,"param_name":"rollout-size","param_value_internal":0,"distribution":"{\"name\": \"CategoricalDistribution\", \"attributes\": {\"choices\": [2048, 4096, 8192, 16384]}}"}
{"op_code":5,"worker_id":"f2aafbb8-5d3e-4d89-a96b-c63aee77881d-34692","trial_id":0,"param_name":"batch-size","param_value_internal":2,"distribution":"{\"name\": \"CategoricalDistribution\", \"attributes\": {\"choices\": [64, 256, 1024]}}"}
{"op_code":5,"worker_id":"f2aafbb8-5d3e-4d89-a96b-c63aee77881d-34692","trial_id":0,"param_name":"n-epochs","param_value_internal":0,"distribution":"{\"name\": \"CategoricalDistribution\", \"attributes\": {\"choices\": [3, 5, 10]}}"}
{"op_code":5,"worker_id":"f2aafbb8-5d3e-4d89-a96b-c63aee77881d-34692","trial_id":0,"param_name":"gamma","param_value_internal":2,"distribution":"{\"name\": \"CategoricalDistribution\", \"attributes\": {\"choices\": [0.99, 0.995, 0.999]}}"}
{"op_code":5,"worker_id":"f2aafbb8-5d3e-4d89-a96b-c63aee77881d-34692","trial_id":0,"param_name":"gae-lambda","param_value_internal":1,"distribution":"{\"name\": \"CategoricalDistribution\", \"attributes\": {\"choices\": [0.9, 0.95, 0.98]}}"}
{"op_code":5,"worker_id":"f2aafbb8-5d3e-4d89-a96b-c63aee77881d-34692","trial_id":0,"param_name":"clip-range","param_value_internal":2,"distribution":"{\"name\": \"CategoricalDistribution\", \"attributes\": {\"choices\": [0.1, 0.2, 0.3]}}"}
{"op_code":5,"worker_id":"f2aafbb8-5d3e-4d89-a96b-c63aee77881d-34692","trial_id":0,"param_name":"ent-coef","param_value_internal":0.02655561084998941,"distribution":"{\"name\": \"FloatDistribution\", \"attributes\": {\"step\": null, \"low\": 0.0001, \"high\": 0.03, \"log\": true}}"}
{"op_code":8,"worker_id":"f2aafbb8-5d3e-4d89-a96b-c63aee77881d-34692","trial_id":0,"user_attr":{"train_argv":"--option 0 --reward-mode objective --objectives tardiness_sq --lambda-late 1.0 --lambda-energy 1.0 --power-model linear --difficulty off_tf05 --timesteps 100000 --save-tag tune_off_tf05_o0pnm_t0 --n-envs 4 --vec-backend subproc --seed 0 --algo ppo --markov-obs --work-conserving --policy-arch pointer --learning-rate 0.000205541 --rollout-size 2048 --batch-size 1024 --n-epochs 3 --gamma 0.999 --gae-lambda 0.95 --clip-range 0.3 --ent-coef 0.0265556"}}
{"op_code":7,"worker_id":"f2aafbb8-5d3e-4d89-a96b-c63aee77881d-34692","trial_id":0,"step":25000,"intermediate_value":275755.0}
{"op_code":7,"worker_id":"f2aafbb8-5d3e-4d89-a96b-c63aee77881d-34692","trial_id":0,"step":50000,"intermediate_value":268163.2}
{"op_code":7,"worker_id":"f2aafbb8-5d3e-4d89-a96b-c63aee77881d-34692","trial_id":0,"step":75000,"intermediate_value":273776.6}
{"op_code":6,"worker_id":"f2aafbb8-5d3e-4d89-a96b-c63aee77881d-34692","trial_id":0,"state":1,"values":[300652.9],"datetime_complete":"2026-10-06T00:58:15.090690"}
{"op_code":4,"worker_id":"f2aafbb8-5d3e-4d89-a96b-c63aee77881d-34692","study_id":0,"datetime_start":"2026-10-06T00:58:15.330534"}
{"op_code":5,"worker_id":"f2aafbb8-5d3e-4d89-a96b-c63aee77881d-34692","trial_id":1,"param_name":"learning-rate","param_value_internal":0.0004944733002746453,"distribution":"{\"name\": \"FloatDistribution\", \"attributes\": {\"step\": null, \"low\": 3e-05, \"high\": 0.001, \"log\": true}}"}
{"op_code":5,"worker_id":"f2aafbb8-5d3e-4d89-a96b-c63aee77881d-34692","trial_id":1,"param_name":"rollout-size","param_value_internal":1,"distribution":"{\"name\": \"CategoricalDistribution\", \"attributes\": {\"choices\": [2048, 4096, 8192, 16384]}}"}
{"op_code":5,"worker_id":"f2aafbb8-5d3e-4d89-a96b-c63aee77881d-34692","trial_id":1,"param_name":"batch-size","param_value_internal":1,"distribution":"{\"name\": \"CategoricalDistribution\", \"attributes\": {\"choices\": [64, 256, 1024]}}"}
{"op_code":5,"worker_id":"f2aafbb8-5d3e-4d89-a96b-c63aee77881d-34692","trial_id":1,"param_name":"n-epochs","param_value_internal":2,"distribution":"{\"name\": \"CategoricalDistribution\", \"attributes\": {\"choices\": [3, 5, 10]}}"}
{"op_code":5,"worker_id":"f2aafbb8-5d3e-4d89-a96b-c63aee77881d-34692","trial_id":1,"param_name":"gamma","param_value_internal":1,"distribution":"{\"name\": \"CategoricalDistribution\", \"attributes\": {\"choices\": [0.99, 0.995, 0.999]}}"}
{"op_code":5,"worker_id":"f2aafbb8-5d3e-4d89-a96b-c63aee77881d-34692","trial_id":1,"param_name":"gae-lambda","param_value_internal":0,"distribution":"{\"name\": \"CategoricalDistribution\", \"attributes\": {\"choices\": [0.9, 0.95, 0.98]}}"}
{"op_code":5,"worker_id":"f2aafbb8-5d3e-4d89-a96b-c63aee77881d-34692","trial_id":1,"param_name":"clip-range","param_value_internal":0,"distribution":"{\"name\": \"CategoricalDistribution\", \"attributes\": {\"choices\": [0.1, 0.2, 0.3]}}"}
{"op_code":5,"worker_id":"f2aafbb8-5d3e-4d89-a96b-c63aee77881d-34692","trial_id":1,"param_name":"ent-coef","param_value_internal":0.0012094311268425492,"distribution":"{\"name\": \"FloatDistribution\", \"attributes\": {\"step\": null, \"low\": 0.0001, \"high\": 0.03, \"log\": true}}"}
{"op_code":8,"worker_id":"f2aafbb8-5d3e-4d89-a96b-c63aee77881d-34692","trial_id":1,"user_attr":{"train_argv":"--option 0 --reward-mode objective --objectives tardiness_sq --lambda-late 1.0 --lambda-energy 1.0 --power-model linear --difficulty off_tf05 --timesteps 100000 --save-tag tune_off_tf05_o0pnm_t1 --n-envs 4 --vec-backend subproc --seed 0 --algo ppo --markov-obs --work-conserving --policy-arch pointer --learning-rate 0.000494473 --rollout-size 4096 --batch-size 256 --n-epochs 10 --gamma 0.995 --gae-lambda 0.9 --clip-range 0.1 --ent-coef 0.00120943"}}
{"op_code":7,"worker_id":"f2aafbb8-5d3e-4d89-a96b-c63aee77881d-34692","trial_id":1,"step":25000,"intermediate_value":155250.2}
{"op_code":7,"worker_id":"f2aafbb8-5d3e-4d89-a96b-c63aee77881d-34692","trial_id":1,"step":50000,"intermediate_value":79244.0}
{"op_code":7,"worker_id":"f2aafbb8-5d3e-4d89-a96b-c63aee77881d-34692","trial_id":1,"step":75000,"intermediate_value":73884.2}
{"op_code":6,"worker_id":"f2aafbb8-5d3e-4d89-a96b-c63aee77881d-34692","trial_id":1,"state":1,"values":[89936.35],"datetime_complete":"2026-10-06T01:05:38.077480"}
{"op_code":4,"worker_id":"f2aafbb8-5d3e-4d89-a96b-c63aee77881d-34692","study_id":0,"datetime_start":"2026-10-06T01:05:38.243964"}
{"op_code":5,"worker_id":"f2aafbb8-5d3e-4d89-a96b-c63aee77881d-34692","trial_id":2,"param_name":"learning-rate","param_value_internal":0.0003463609921766881,"distribution":"{\"name\": \"FloatDistribution\", \"attributes\": {\"step\": null, \"low\": 3e-05, \"high\": 0.001, \"log\": true}}"}
{"op_code":5,"worker_id":"f2aafbb8-5d3e-4d89-a96b-c63aee77881d-34692","trial_id":2,"param_name":"rollout-size","param_value_internal":2,"distribution":"{\"name\": \"CategoricalDistribution\", \"attributes\": {\"choices\": [2048, 4096, 8192, 16384]}}"}
{"op_code":5,"worker_id":"f2aafbb8-5d3e-4d89-a96b-c63aee77881d-34692","trial_id":2,"param_name":"batch-size","param_value_internal":2,"distribution":"{\"name\": \"CategoricalDistribution\", \"attributes\": {\"choices\": [64, 256, 1024]}}"}
{"op_code":5,"worker_id":"f2aafbb8-5d3e-4d89-a96b-c63aee77881d-34692","trial_id":2,"param_name":"n-epochs","param_value_internal":2,"distribution":"{\"name\": \"CategoricalDistribution\", \"attributes\": {\"choices\": [3, 5, 10]}}"}
{"op_code":5,"worker_id":"f2aafbb8-5d3e-4d89-a96b-c63aee77881d-34692","trial_id":2,"param_name":"gamma","param_value_internal":1,"distribution":"{\"name\": \"CategoricalDistribution\", \"attributes\": {\"choices\": [0.99, 0.995, 0.999]}}"}
{"op_code":5,"worker_id":"f2aafbb8-5d3e-4d89-a96b-c63aee77881d-34692","trial_id":2,"param_name":"gae-lambda","param_value_internal":0,"distribution":"{\"name\": \"CategoricalDistribution\", \"attributes\": {\"choices\": [0.9, 0.95, 0.98]}}"}
{"op_code":5,"worker_id":"f2aafbb8-5d3e-4d89-a96b-c63aee77881d-34692","trial_id":2,"param_name":"clip-range","param_value_internal":0,"distribution":"{\"name\": \"CategoricalDistribution\", \"attributes\": {\"choices\": [0.1, 0.2, 0.3]}}"}
{"op_code":5,"worker_id":"f2aafbb8-5d3e-4d89-a96b-c63aee77881d-34692","trial_id":2,"param_name":"ent-coef","param_value_internal":0.0042248177213228075,"distribution":"{\"name\": \"FloatDistribution\", \"attributes\": {\"step\": null, \"low\": 0.0001, \"high\": 0.03, \"log\": true}}"}
{"op_code":8,"worker_id":"f2aafbb8-5d3e-4d89-a96b-c63aee77881d-34692","trial_id":2,"user_attr":{"train_argv":"--option 0 --reward-mode objective --objectives tardiness_sq --lambda-late 1.0 --lambda-energy 1.0 --power-model linear --difficulty off_tf05 --timesteps 100000 --save-tag tune_off_tf05_o0pnm_t2 --n-envs 4 --vec-backend subproc --seed 0 --algo ppo --markov-obs --work-conserving --policy-arch pointer --learning-rate 0.000346361 --rollout-size 8192 --batch-size 1024 --n-epochs 10 --gamma 0.995 --gae-lambda 0.9 --clip-range 0.1 --ent-coef 0.00422482"}}
{"op_code":7,"worker_id":"f2aafbb8-5d3e-4d89-a96b-c63aee77881d-34692","trial_id":2,"step":25000,"intermediate_value":296948.0}
{"op_code":7,"worker_id":"f2aafbb8-5d3e-4d89-a96b-c63aee77881d-34692","trial_id":2,"step":50000,"intermediate_value":126681.8}
{"op_code":7,"worker_id":"f2aafbb8-5d3e-4d89-a96b-c63aee77881d-34692","trial_id":2,"step":75000,"intermediate_value":58261.4}
{"op_code":6,"worker_id":"f2aafbb8-5d3e-4d89-a96b-c63aee77881d-34692","trial_id":2,"state":1,"values":[43393.3],"datetime_complete":"2026-10-06T01:13:02.746357"}
{"op_code":4,"worker_id":"f2aafbb8-5d3e-4d89-a96b-c63aee77881d-34692","study_id":0,"datetime_start":"2026-10-06T01:13:02.918514"}
{"op_code":5,"worker_id":"f2aafbb8-5d3e-4d89-a96b-c63aee77881d-34692","trial_id":3,"param_name":"learning-rate","param_value_internal":4.8703159315306354e-05,"distribution":"{\"name\": \"FloatDistribution\", \"attributes\": {\"step\": null, \"low\": 3e-05, \"high\": 0.001, \"log\": true}}"}
{"op_code":5,"worker_id":"f2aafbb8-5d3e-4d89-a96b-c63aee77881d-34692","trial_id":3,"param_name":"rollout-size","param_value_internal":2,"distribution":"{\"name\": \"CategoricalDistribution\", \"attributes\": {\"choices\": [2048, 4096, 8192, 16384]}}"}
{"op_code":5,"worker_id":"f2aafbb8-5d3e-4d89-a96b-c63aee77881d-34692","trial_id":3,"param_name":"batch-size","param_value_internal":2,"distribution":"{\"name\": \"CategoricalDistribution\", \"attributes\": {\"choices\": [64, 256, 1024]}}"}
{"op_code":5,"worker_id":"f2aafbb8-5d3e-4d89-a96b-c63aee77881d-34692","trial_id":3,"param_name":"n-epochs","param_value_internal":1,"distribution":"{\"name\": \"CategoricalDistribution\", \"attributes\": {\"choices\": [3, 5, 10]}}"}
{"op_code":5,"worker_id":"f2aafbb8-5d3e-4d89-a96b-c63aee77881d-34692","trial_id":3,"param_name":"gamma","param_value_internal":0,"distribution":"{\"name\": \"CategoricalDistribution\", \"attributes\": {\"choices\": [0.99, 0.995, 0.999]}}"}
{"op_code":5,"worker_id":"f2aafbb8-5d3e-4d89-a96b-c63aee77881d-34692","trial_id":3,"param_name":"gae-lambda","param_value_internal":1,"distribution":"{\"name\": \"CategoricalDistribution\", \"attributes\": {\"choices\": [0.9, 0.95, 0.98]}}"}
{"op_code":5,"worker_id":"f2aafbb8-5d3e-4d89-a96b-c63aee77881d-34692","trial_id":3,"param_name":"clip-range","param_value_internal":1,"distribution":"{\"name\": \"CategoricalDistribution\", \"attributes\": {\"choices\": [0.1, 0.2, 0.3]}}"}
{"op_code":5,"worker_id":"f2aafbb8-5d3e-4d89-a96b-c63aee77881d-34692","trial_id":3,"param_name":"ent-coef","param_value_internal":0.005192032534497486,"distribution":"{\"name\": \"FloatDistribution\", \"attributes\": {\"step\": null, \"low\": 0.0001, \"high\": 0.03, \"log\": true}}"}
{"op_code":8,"worker_id":"f2aafbb8-5d3e-4d89-a96b-c63aee77881d-34692","trial_id":3,"user_attr":{"train_argv":"--option 0 --reward-mode objective --objectives tardiness_sq --lambda-late 1.0 --lambda-energy 1.0 --power-model linear --difficulty off_tf05 --timesteps 100000 --save-tag tune_off_tf05_o0pnm_t3 --n-envs 4 --vec-backend subproc --seed 0 --algo ppo --markov-obs --work-conserving --policy-arch pointer --learning-rate 4.87032e-05 --rollout-size 8192 --batch-size 1024 --n-epochs 5 --gamma 0.99 --gae-lambda 0.95 --clip-range 0.2 --ent-coef 0.00519203"}}
{"op_code":7,"worker_id":"f2aafbb8-5d3e-4d89-a96b-c63aee77881d-34692","trial_id":3,"step":25000,"intermediate_value":288357.4}
{"op_code":7,"worker_id":"f2aafbb8-5d3e-4d89-a96b-c63aee77881d-34692","trial_id":3,"step":50000,"intermediate_value":278967.8}
{"op_code":7,"worker_id":"f2aafbb8-5d3e-4d89-a96b-c63aee77881d-34692","trial_id":3,"step":75000,"intermediate_value":274044.6}
{"op_code":6,"worker_id":"f2aafbb8-5d3e-4d89-a96b-c63aee77881d-34692","trial_id":3,"state":1,"values":[288223.35],"datetime_complete":"2026-10-06T01:17:17.300980"}
{"op_code":4,"worker_id":"f2aafbb8-5d3e-4d89-a96b-c63aee77881d-34692","study_id":0,"datetime_start":"2026-10-06T01:17:17.513277"}
{"op_code":5,"worker_id":"f2aafbb8-5d3e-4d89-a96b-c63aee77881d-34692","trial_id":4,"param_name":"learning-rate","param_value_internal":0.00021876939530160837,"distribution":"{\"name\": \"FloatDistribution\", \"attributes\": {\"step\": null, \"low\": 3e-05, \"high\": 0.001, \"log\": true}}"}
{"op_code":5,"worker_id":"f2aafbb8-5d3e-4d89-a96b-c63aee77881d-34692","trial_id":4,"param_name":"rollout-size","param_value_internal":3,"distribution":"{\"name\": \"CategoricalDistribution\", \"attributes\": {\"choices\": [2048, 4096, 8192, 16384]}}"}
{"op_code":5,"worker_id":"f2aafbb8-5d3e-4d89-a96b-c63aee77881d-34692","trial_id":4,"param_name":"batch-size","param_value_internal":0,"distribution":"{\"name\": \"CategoricalDistribution\", \"attributes\": {\"choices\": [64, 256, 1024]}}"}
{"op_code":5,"worker_id":"f2aafbb8-5d3e-4d89-a96b-c63aee77881d-34692","trial_id":4,"param_name":"n-epochs","param_value_internal":1,"distribution":"{\"name\": \"CategoricalDistribution\", \"attributes\": {\"choices\": [3, 5, 10]}}"}
{"op_code":5,"worker_id":"f2aafbb8-5d3e-4d89-a96b-c63aee77881d-34692","trial_id":4,"param_name":"gamma","param_value_internal":1,"distribution":"{\"name\": \"CategoricalDistribution\", \"attributes\": {\"choices\": [0.99, 0.995, 0.999]}}"}
{"op_code":5,"worker_id":"f2aafbb8-5d3e-4d89-a96b-c63aee77881d-34692","trial_id":4,"param_name":"gae-lambda","param_value_internal":0,"distribution":"{\"name\": \"CategoricalDistribution\", \"attributes\": {\"choices\": [0.9, 0.95, 0.98]}}"}
{"op_code":5,"worker_id":"f2aafbb8-5d3e-4d89-a96b-c63aee77881d-34692","trial_id":4,"param_name":"clip-range","param_value_internal":2,"distribution":"{\"name\": \"CategoricalDistribution\", \"attributes\": {\"choices\": [0.1, 0.2, 0.3]}}"}
{"op_code":5,"worker_id":"f2aafbb8-5d3e-4d89-a96b-c63aee77881d-34692","trial_id":4,"param_name":"ent-coef","param_value_internal":0.000413229862740349,"distribution":"{\"name\": \"FloatDistribution\", \"attributes\": {\"step\": null, \"low\": 0.0001, \"high\": 0.03, \"log\": true}}"}
{"op_code":8,"worker_id":"f2aafbb8-5d3e-4d89-a96b-c63aee77881d-34692","trial_id":4,"user_attr":{"train_argv":"--option 0 --reward-mode objective --objectives tardiness_sq --lambda-late 1.0 --lambda-energy 1.0 --power-model linear --difficulty off_tf05 --timesteps 100000 --save-tag tune_off_tf05_o0pnm_t4 --n-envs 4 --vec-backend subproc --seed 0 --algo ppo --markov-obs --work-conserving --policy-arch pointer --learning-rate 0.000218769 --rollout-size 16384 --batch-size 64 --n-epochs 5 --gamma 0.995 --gae-lambda 0.9 --clip-range 0.3 --ent-coef 0.00041323"}}
{"op_code":7,"worker_id":"f2aafbb8-5d3e-4d89-a96b-c63aee77881d-34692","trial_id":4,"step":25000,"intermediate_value":104570.4}
{"op_code":7,"worker_id":"f2aafbb8-5d3e-4d89-a96b-c63aee77881d-34692","trial_id":4,"step":50000,"intermediate_value":93325.0}
{"op_code":7,"worker_id":"f2aafbb8-5d3e-4d89-a96b-c63aee77881d-34692","trial_id":4,"step":75000,"intermediate_value":52479.0}
{"op_code":6,"worker_id":"f2aafbb8-5d3e-4d89-a96b-c63aee77881d-34692","trial_id":4,"state":1,"values":[48961.65],"datetime_complete":"2026-10-06T01:21:41.849635"}
{"op_code":4,"worker_id":"f2aafbb8-5d3e-4d89-a96b-c63aee77881d-34692","study_id":0,"datetime_start":"2026-10-06T01:21:42.058177"}
{"op_code":5,"worker_id":"f2aafbb8-5d3e-4d89-a96b-c63aee77881d-34692","trial_id":5,"param_name":"learning-rate","param_value_internal":0.00022622417507807115,"distribution":"{\"name\": \"FloatDistribution\", \"attributes\": {\"step\": null, \"low\": 3e-05, \"high\": 0.001, \"log\": true}}"}
{"op_code":5,"worker_id":"f2aafbb8-5d3e-4d89-a96b-c63aee77881d-34692","trial_id":5,"param_name":"rollout-size","param_value_internal":3,"distribution":"{\"name\": \"CategoricalDistribution\", \"attributes\": {\"choices\": [2048, 4096, 8192, 16384]}}"}
{"op_code":5,"worker_id":"f2aafbb8-5d3e-4d89-a96b-c63aee77881d-34692","trial_id":5,"param_name":"batch-size","param_value_internal":1,"distribution":"{\"name\": \"CategoricalDistribution\", \"attributes\": {\"choices\": [64, 256, 1024]}}"}
{"op_code":5,"worker_id":"f2aafbb8-5d3e-4d89-a96b-c63aee77881d-34692","trial_id":5,"param_name":"n-epochs","param_value_internal":1,"distribution":"{\"name\": \"CategoricalDistribution\", \"attributes\": {\"choices\": [3, 5, 10]}}"}
{"op_code":5,"worker_id":"f2aafbb8-5d3e-4d89-a96b-c63aee77881d-34692","trial_id":5,"param_name":"gamma","param_value_internal":2,"distribution":"{\"name\": \"CategoricalDistribution\", \"attributes\": {\"choices\": [0.99, 0.995, 0.999]}}"}
{"op_code":5,"worker_id":"f2aafbb8-5d3e-4d89-a96b-c63aee77881d-34692","trial_id":5,"param_name":"gae-lambda","param_value_internal":1,"distribution":"{\"name\": \"CategoricalDistribution\", \"attributes\": {\"choices\": [0.9, 0.95, 0.98]}}"}
{"op_code":5,"worker_id":"f2aafbb8-5d3e-4d89-a96b-c63aee77881d-34692","trial_id":5,"param_name":"clip-range","param_value_internal":0,"distribution":"{\"name\": \"CategoricalDistribution\", \"attributes\": {\"choices\": [0.1, 0.2, 0.3]}}"}
{"op_code":5,"worker_id":"f2aafbb8-5d3e-4d89-a96b-c63aee77881d-34692","trial_id":5,"param_name":"ent-coef","param_value_internal":0.0031776753088383902,"distribution":"{\"name\": \"FloatDistribution\", \"attributes\": {\"step\": null, \"low\": 0.0001, \"high\": 0.03, \"log\": true}}"}
{"op_code":8,"worker_id":"f2aafbb8-5d3e-4d89-a96b-c63aee77881d-34692","trial_id":5,"user_attr":{"train_argv":"--option 0 --reward-mode objective --objectives tardiness_sq --lambda-late 1.0 --lambda-energy 1.0 --power-model linear --difficulty off_tf05 --timesteps 100000 --save-tag tune_off_tf05_o0pnm_t5 --n-envs 4 --vec-backend subproc --seed 0 --algo ppo --markov-obs --work-conserving --policy-arch pointer --learning-rate 0.000226224 --rollout-size 16384 --batch-size 256 --n-epochs 5 --gamma 0.999 --gae-lambda 0.95 --clip-range 0.1 --ent-coef 0.00317768"}}
{"op_code":7,"worker_id":"f2aafbb8-5d3e-4d89-a96b-c63aee77881d-34692","trial_id":5,"step":25000,"intermediate_value":269826.0}
{"op_code":7,"worker_id":"f2aafbb8-5d3e-4d89-a96b-c63aee77881d-34692","trial_id":5,"step":50000,"intermediate_value":69779.6}
{"op_code":7,"worker_id":"f2aafbb8-5d3e-4d89-a96b-c63aee77881d-34692","trial_id":5,"step":75000,"intermediate_value":44820.0}
{"op_code":6,"worker_id":"f2aafbb8-5d3e-4d89-a96b-c63aee77881d-34692","trial_id":5,"state":1,"values":[40033.05],"datetime_complete":"2026-10-06T01:26:22.615913"}
{"op_code":4,"worker_id":"f2aafbb8-5d3e-4d89-a96b-c63aee77881d-34692","study_id":0,"datetime_start":"2026-10-06T01:26:22.833653"}
{"op_code":5,"worker_id":"f2aafbb8-5d3e-4d89-a96b-c63aee77881d-34692","trial_id":6,"param_name":"learning-rate","param_value_internal":3.208855558609467e-05,"distribution":"{\"name\": \"FloatDistribution\", \"attributes\": {\"step\": null, \"low\": 3e-05, \"high\": 0.001, \"log\": true}}"}
{"op_code":5,"worker_id":"f2aafbb8-5d3e-4d89-a96b-c63aee77881d-34692","trial_id":6,"param_name":"rollout-size","param_value_internal":1,"distribution":"{\"name\": \"CategoricalDistribution\", \"attributes\": {\"choices\": [2048, 4096, 8192, 16384]}}"}
{"op_code":5,"worker_id":"f2aafbb8-5d3e-4d89-a96b-c63aee77881d-34692","trial_id":6,"param_name":"batch-size","param_value_internal":0,"distribution":"{\"name\": \"CategoricalDistribution\", \"attributes\": {\"choices\": [64, 256, 1024]}}"}
{"op_code":5,"worker_id":"f2aafbb8-5d3e-4d89-a96b-c63aee77881d-34692","trial_id":6,"param_name":"n-epochs","param_value_internal":1,"distribution":"{\"name\": \"CategoricalDistribution\", \"attributes\": {\"choices\": [3, 5, 10]}}"}
{"op_code":5,"worker_id":"f2aafbb8-5d3e-4d89-a96b-c63aee77881d-34692","trial_id":6,"param_name":"gamma","param_value_internal":0,"distribution":"{\"name\": \"CategoricalDistribution\", \"attributes\": {\"choices\": [0.99, 0.995, 0.999]}}"}
{"op_code":5,"worker_id":"f2aafbb8-5d3e-4d89-a96b-c63aee77881d-34692","trial_id":6,"param_name":"gae-lambda","param_value_internal":0,"distribution":"{\"name\": \"CategoricalDistribution\", \"attributes\": {\"choices\": [0.9, 0.95, 0.98]}}"}
{"op_code":5,"worker_id":"f2aafbb8-5d3e-4d89-a96b-c63aee77881d-34692","trial_id":6,"param_name":"clip-range","param_value_internal":0,"distribution":"{\"name\": \"CategoricalDistribution\", \"attributes\": {\"choices\": [0.1, 0.2, 0.3]}}"}
{"op_code":5,"worker_id":"f2aafbb8-5d3e-4d89-a96b-c63aee77881d-34692","trial_id":6,"param_name":"ent-coef","param_value_internal":0.00017712267105509928,"distribution":"{\"name\": \"FloatDistribution\", \"attributes\": {\"step\": null, \"low\": 0.0001, \"high\": 0.03, \"log\": true}}"}
{"op_code":8,"worker_id":"f2aafbb8-5d3e-4d89-a96b-c63aee77881d-34692","trial_id":6,"user_attr":{"train_argv":"--option 0 --reward-mode objective --objectives tardiness_sq --lambda-late 1.0 --lambda-energy 1.0 --power-model linear --difficulty off_tf05 --timesteps 100000 --save-tag tune_off_tf05_o0pnm_t6 --n-envs 4 --vec-backend subproc --seed 0 --algo ppo --markov-obs --work-conserving --policy-arch pointer --learning-rate 3.20886e-05 --rollout-size 4096 --batch-size 64 --n-epochs 5 --gamma 0.99 --gae-lambda 0.9 --clip-range 0.1 --ent-coef 0.000177123"}}
{"op_code":7,"worker_id":"f2aafbb8-5d3e-4d89-a96b-c63aee77881d-34692","trial_id":6,"step":25000,"intermediate_value":295057.6}
{"op_code":6,"worker_id":"f2aafbb8-5d3e-4d89-a96b-c63aee77881d-34692","trial_id":6,"state":2,"values":[295057.6],"datetime_complete":"2026-10-06T01:27:23.852379"}
{"op_code":4,"worker_id":"f2aafbb8-5d3e-4d89-a96b-c63aee77881d-34692","study_id":0,"datetime_start":"2026-10-06T01:27:24.085404"}
{"op_code":5,"worker_id":"f2aafbb8-5d3e-4d89-a96b-c63aee77881d-34692","trial_id":7,"param_name":"learning-rate","param_value_internal":0.0007540181221018431,"distribution":"{\"name\": \"FloatDistribution\", \"attributes\": {\"step\": null, \"low\": 3e-05, \"high\": 0.001, \"log\": true}}"}
{"op_code":5,"worker_id":"f2aafbb8-5d3e-4d89-a96b-c63aee77881d-34692","trial_id":7,"param_name":"rollout-size","param_value_internal":1,"distribution":"{\"name\": \"CategoricalDistribution\", \"attributes\": {\"choices\": [2048, 4096, 8192, 16384]}}"}
{"op_code":5,"worker_id":"f2aafbb8-5d3e-4d89-a96b-c63aee77881d-34692","trial_id":7,"param_name":"batch-size","param_value_internal":1,"distribution":"{\"name\": \"CategoricalDistribution\", \"attributes\": {\"choices\": [64, 256, 1024]}}"}
{"op_code":5,"worker_id":"f2aafbb8-5d3e-4d89-a96b-c63aee77881d-34692","trial_id":7,"param_name":"n-epochs","param_value_internal":0,"distribution":"{\"name\": \"CategoricalDistribution\", \"attributes\": {\"choices\": [3, 5, 10]}}"}
{"op_code":5,"worker_id":"f2aafbb8-5d3e-4d89-a96b-c63aee77881d-34692","trial_id":7,"param_name":"gamma","param_value_internal":2,"distribution":"{\"name\": \"CategoricalDistribution\", \"attributes\": {\"choices\": [0.99, 0.995, 0.999]}}"}
{"op_code":5,"worker_id":"f2aafbb8-5d3e-4d89-a96b-c63aee77881d-34692","trial_id":7,"param_name":"gae-lambda","param_value_internal":2,"distribution":"{\"name\": \"CategoricalDistribution\", \"attributes\": {\"choices\": [0.9, 0.95, 0.98]}}"}
{"op_code":5,"worker_id":"f2aafbb8-5d3e-4d89-a96b-c63aee77881d-34692","trial_id":7,"param_name":"clip-range","param_value_internal":0,"distribution":"{\"name\": \"CategoricalDistribution\", \"attributes\": {\"choices\": [0.1, 0.2, 0.3]}}"}
{"op_code":5,"worker_id":"f2aafbb8-5d3e-4d89-a96b-c63aee77881d-34692","trial_id":7,"param_name":"ent-coef","param_value_internal":0.000779308323413374,"distribution":"{\"name\": \"FloatDistribution\", \"attributes\": {\"step\": null, \"low\": 0.0001, \"high\": 0.03, \"log\": true}}"}
{"op_code":8,"worker_id":"f2aafbb8-5d3e-4d89-a96b-c63aee77881d-34692","trial_id":7,"user_attr":{"train_argv":"--option 0 --reward-mode objective --objectives tardiness_sq --lambda-late 1.0 --lambda-energy 1.0 --power-model linear --difficulty off_tf05 --timesteps 100000 --save-tag tune_off_tf05_o0pnm_t7 --n-envs 4 --vec-backend subproc --seed 0 --algo ppo --markov-obs --work-conserving --policy-arch pointer --learning-rate 0.000754018 --rollout-size 4096 --batch-size 256 --n-epochs 3 --gamma 0.999 --gae-lambda 0.98 --clip-range 0.1 --ent-coef 0.000779308"}}
{"op_code":7,"worker_id":"f2aafbb8-5d3e-4d89-a96b-c63aee77881d-34692","trial_id":7,"step":25000,"intermediate_value":227227.2}
{"op_code":7,"worker_id":"f2aafbb8-5d3e-4d89-a96b-c63aee77881d-34692","trial_id":7,"step":50000,"intermediate_value":43351.0}
{"op_code":7,"worker_id":"f2aafbb8-5d3e-4d89-a96b-c63aee77881d-34692","trial_id":7,"step":75000,"intermediate_value":71453.6}
{"op_code":6,"worker_id":"f2aafbb8-5d3e-4d89-a96b-c63aee77881d-34692","trial_id":7,"state":1,"values":[36601.15],"datetime_complete":"2026-10-06T01:30:22.382605"}
{"op_code":4,"worker_id":"f2aafbb8-5d3e-4d89-a96b-c63aee77881d-34692","study_id":0,"datetime_start":"2026-10-06T01:30:22.582431"}
{"op_code":5,"worker_id":"f2aafbb8-5d3e-4d89-a96b-c63aee77881d-34692","trial_id":8,"param_name":"learning-rate","param_value_internal":0.0003879791314675207,"distribution":"{\"name\": \"FloatDistribution\", \"attributes\": {\"step\": null, \"low\": 3e-05, \"high\": 0.001, \"log\": true}}"}
{"op_code":5,"worker_id":"f2aafbb8-5d3e-4d89-a96b-c63aee77881d-34692","trial_id":8,"param_name":"rollout-size","param_value_internal":1,"distribution":"{\"name\": \"CategoricalDistribution\", \"attributes\": {\"choices\": [2048, 4096, 8192, 16384]}}"}
{"op_code":5,"worker_id":"f2aafbb8-5d3e-4d89-a96b-c63aee77881d-34692","trial_id":8,"param_name":"batch-size","param_value_internal":1,"distribution":"{\"name\": \"CategoricalDistribution\", \"attributes\": {\"choices\": [64, 256, 1024]}}"}
{"op_code":5,"worker_id":"f2aafbb8-5d3e-4d89-a96b-c63aee77881d-34692","trial_id":8,"param_name":"n-epochs","param_value_internal":1,"distribution":"{\"name\": \"CategoricalDistribution\", \"attributes\": {\"choices\": [3, 5, 10]}}"}
{"op_code":5,"worker_id":"f2aafbb8-5d3e-4d89-a96b-c63aee77881d-34692","trial_id":8,"param_name":"gamma","param_value_internal":2,"distribution":"{\"name\": \"CategoricalDistribution\", \"attributes\": {\"choices\": [0.99, 0.995, 0.999]}}"}
{"op_code":5,"worker_id":"f2aafbb8-5d3e-4d89-a96b-c63aee77881d-34692","trial_id":8,"param_name":"gae-lambda","param_value_internal":2,"distribution":"{\"name\": \"CategoricalDistribution\", \"attributes\": {\"choices\": [0.9, 0.95, 0.98]}}"}
{"op_code":5,"worker_id":"f2aafbb8-5d3e-4d89-a96b-c63aee77881d-34692","trial_id":8,"param_name":"clip-range","param_value_internal":0,"distribution":"{\"name\": \"CategoricalDistribution\", \"attributes\": {\"choices\": [0.1, 0.2, 0.3]}}"}
{"op_code":5,"worker_id":"f2aafbb8-5d3e-4d89-a96b-c63aee77881d-34692","trial_id":8,"param_name":"ent-coef","param_value_internal":0.006435774191713849,"distribution":"{\"name\": \"FloatDistribution\", \"attributes\": {\"step\": null, \"low\": 0.0001, \"high\": 0.03, \"log\": true}}"}
{"op_code":8,"worker_id":"f2aafbb8-5d3e-4d89-a96b-c63aee77881d-34692","trial_id":8,"user_attr":{"train_argv":"--option 0 --reward-mode objective --objectives tardiness_sq --lambda-late 1.0 --lambda-energy 1.0 --power-model linear --difficulty off_tf05 --timesteps 100000 --save-tag tune_off_tf05_o0pnm_t8 --n-envs 4 --vec-backend subproc --seed 0 --algo ppo --markov-obs --work-conserving --policy-arch pointer --learning-rate 0.000387979 --rollout-size 4096 --batch-size 256 --n-epochs 5 --gamma 0.999 --gae-lambda 0.98 --clip-range 0.1 --ent-coef 0.00643577"}}
{"op_code":7,"worker_id":"f2aafbb8-5d3e-4d89-a96b-c63aee77881d-34692","trial_id":8,"step":25000,"intermediate_value":255356.0}
{"op_code":7,"worker_id":"f2aafbb8-5d3e-4d89-a96b-c63aee77881d-34692","trial_id":8,"step":50000,"intermediate_value":67703.2}
{"op_code":7,"worker_id":"f2aafbb8-5d3e-4d89-a96b-c63aee77881d-34692","trial_id":8,"step":75000,"intermediate_value":46263.8}
{"op_code":6,"worker_id":"f2aafbb8-5d3e-4d89-a96b-c63aee77881d-34692","trial_id":8,"state":1,"values":[45046.6],"datetime_complete":"2026-10-06T01:34:34.555750"}
{"op_code":4,"worker_id":"f2aafbb8-5d3e-4d89-a96b-c63aee77881d-34692","study_id":0,"datetime_start":"2026-10-06T01:34:34.691315"}
{"op_code":5,"worker_id":"f2aafbb8-5d3e-4d89-a96b-c63aee77881d-34692","trial_id":9,"param_name":"learning-rate","param_value_internal":8.95726984805228e-05,"distribution":"{\"name\": \"FloatDistribution\", \"attributes\": {\"step\": null, \"low\": 3e-05, \"high\": 0.001, \"log\": true}}"}
{"op_code":5,"worker_id":"f2aafbb8-5d3e-4d89-a96b-c63aee77881d-34692","trial_id":9,"param_name":"rollout-size","param_value_internal":3,"distribution":"{\"name\": \"CategoricalDistribution\", \"attributes\": {\"choices\": [2048, 4096, 8192, 16384]}}"}
{"op_code":5,"worker_id":"f2aafbb8-5d3e-4d89-a96b-c63aee77881d-34692","trial_id":9,"param_name":"batch-size","param_value_internal":0,"distribution":"{\"name\": \"CategoricalDistribution\", \"attributes\": {\"choices\": [64, 256, 1024]}}"}
{"op_code":5,"worker_id":"f2aafbb8-5d3e-4d89-a96b-c63aee77881d-34692","trial_id":9,"param_name":"n-epochs","param_value_internal":2,"distribution":"{\"name\": \"CategoricalDistribution\", \"attributes\": {\"choices\": [3, 5, 10]}}"}
{"op_code":5,"worker_id":"f2aafbb8-5d3e-4d89-a96b-c63aee77881d-34692","trial_id":9,"param_name":"gamma","param_value_internal":1,"distribution":"{\"name\": \"CategoricalDistribution\", \"attributes\": {\"choices\": [0.99, 0.995, 0.999]}}"}
{"op_code":5,"worker_id":"f2aafbb8-5d3e-4d89-a96b-c63aee77881d-34692","trial_id":9,"param_name":"gae-lambda","param_value_internal":0,"distribution":"{\"name\": \"CategoricalDistribution\", \"attributes\": {\"choices\": [0.9, 0.95, 0.98]}}"}
{"op_code":5,"worker_id":"f2aafbb8-5d3e-4d89-a96b-c63aee77881d-34692","trial_id":9,"param_name":"clip-range","param_value_internal":0,"distribution":"{\"name\": \"CategoricalDistribution\", \"attributes\": {\"choices\": [0.1, 0.2, 0.3]}}"}
{"op_code":5,"worker_id":"f2aafbb8-5d3e-4d89-a96b-c63aee77881d-34692","trial_id":9,"param_name":"ent-coef","param_value_internal":0.016640390684891242,"distribution":"{\"name\": \"FloatDistribution\", \"attributes\": {\"step\": null, \"low\": 0.0001, \"high\": 0.03, \"log\": true}}"}
{"op_code":8,"worker_id":"f2aafbb8-5d3e-4d89-a96b-c63aee77881d-34692","trial_id":9,"user_attr":{"train_argv":"--option 0 --reward-mode objective --objectives tardiness_sq --lambda-late 1.0 --lambda-energy 1.0 --power-model linear --difficulty off_tf05 --timesteps 100000 --save-tag tune_off_tf05_o0pnm_t9 --n-envs 4 --vec-backend subproc --seed 0 --algo ppo --markov-obs --work-conserving --policy-arch pointer --learning-rate 8.95727e-05 --rollout-size 16384 --batch-size 64 --n-epochs 10 --gamma 0.995 --gae-lambda 0.9 --clip-range 0.1 --ent-coef 0.0166404"}}
{"op_code":7,"worker_id":"f2aafbb8-5d3e-4d89-a96b-c63aee77881d-34692","trial_id":9,"step":25000,"intermediate_value":176857.4}
{"op_code":7,"worker_id":"f2aafbb8-5d3e-4d89-a96b-c63aee77881d-34692","trial_id":9,"step":50000,"intermediate_value":102778.2}
{"op_code":6,"worker_id":"f2aafbb8-5d3e-4d89-a96b-c63aee77881d-34692","trial_id":9,"state":2,"values":[102778.2],"datetime_complete":"2026-10-06T01:37:47.831844"}
{"op_code":4,"worker_id":"f2aafbb8-5d3e-4d89-a96b-c63aee77881d-34692","study_id":0,"datetime_start":"2026-10-06T01:37:48.070761"}
{"op_code":5,"worker_id":"f2aafbb8-5d3e-4d89-a96b-c63aee77881d-34692","trial_id":10,"param_name":"learning-rate","param_value_internal":0.0008424982598478627,"distribution":"{\"name\": \"FloatDistribution\", \"attributes\": {\"step\": null, \"low\": 3e-05, \"high\": 0.001, \"log\": true}}"}
{"op_code":5,"worker_id":"f2aafbb8-5d3e-4d89-a96b-c63aee77881d-34692","trial_id":10,"param_name":"rollout-size","param_value_internal":0,"distribution":"{\"name\": \"CategoricalDistribution\", \"attributes\": {\"choices\": [2048, 4096, 8192, 16384]}}"}
{"op_code":5,"worker_id":"f2aafbb8-5d3e-4d89-a96b-c63aee77881d-34692","trial_id":10,"param_name":"batch-size","param_value_internal":1,"distribution":"{\"name\": \"CategoricalDistribution\", \"attributes\": {\"choices\": [64, 256, 1024]}}"}
{"op_code":5,"worker_id":"f2aafbb8-5d3e-4d89-a96b-c63aee77881d-34692","trial_id":10,"param_name":"n-epochs","param_value_internal":0,"distribution":"{\"name\": \"CategoricalDistribution\", \"attributes\": {\"choices\": [3, 5, 10]}}"}
{"op_code":5,"worker_id":"f2aafbb8-5d3e-4d89-a96b-c63aee77881d-34692","trial_id":10,"param_name":"gamma","param_value_internal":2,"distribution":"{\"name\": \"CategoricalDistribution\", \"attributes\": {\"choices\": [0.99, 0.995, 0.999]}}"}
{"op_code":5,"worker_id":"f2aafbb8-5d3e-4d89-a96b-c63aee77881d-34692","trial_id":10,"param_name":"gae-lambda","param_value_internal":2,"distribution":"{\"name\": \"CategoricalDistribution\", \"attributes\": {\"choices\": [0.9, 0.95, 0.98]}}"}
{"op_code":5,"worker_id":"f2aafbb8-5d3e-4d89-a96b-c63aee77881d-34692","trial_id":10,"param_name":"clip-range","param_value_internal":1,"distribution":"{\"name\": \"CategoricalDistribution\", \"attributes\": {\"choices\": [0.1, 0.2, 0.3]}}"}
{"op_code":5,"worker_id":"f2aafbb8-5d3e-4d89-a96b-c63aee77881d-34692","trial_id":10,"param_name":"ent-coef","param_value_internal":0.0008395845873669375,"distribution":"{\"name\": \"FloatDistribution\", \"attributes\": {\"step\": null, \"low\": 0.0001, \"high\": 0.03, \"log\": true}}"}
{"op_code":8,"worker_id":"f2aafbb8-5d3e-4d89-a96b-c63aee77881d-34692","trial_id":10,"user_attr":{"train_argv":"--option 0 --reward-mode objective --objectives tardiness_sq --lambda-late 1.0 --lambda-energy 1.0 --power-model linear --difficulty off_tf05 --timesteps 100000 --save-tag tune_off_tf05_o0pnm_t10 --n-envs 4 --vec-backend subproc --seed 0 --algo ppo --markov-obs --work-conserving --policy-arch pointer --learning-rate 0.000842498 --rollout-size 2048 --batch-size 256 --n-epochs 3 --gamma 0.999 --gae-lambda 0.98 --clip-range 0.2 --ent-coef 0.000839585"}}
{"op_code":7,"worker_id":"f2aafbb8-5d3e-4d89-a96b-c63aee77881d-34692","trial_id":10,"step":25000,"intermediate_value":263042.6}
{"op_code":6,"worker_id":"f2aafbb8-5d3e-4d89-a96b-c63aee77881d-34692","trial_id":10,"state":2,"values":[263042.6],"datetime_complete":"2026-10-06T01:38:35.496046"}
{"op_code":4,"worker_id":"f2aafbb8-5d3e-4d89-a96b-c63aee77881d-34692","study_id":0,"datetime_start":"2026-10-06T01:38:35.719891"}
{"op_code":5,"worker_id":"f2aafbb8-5d3e-4d89-a96b-c63aee77881d-34692","trial_id":11,"param_name":"learning-rate","param_value_internal":0.0009825439500085343,"distribution":"{\"name\": \"FloatDistribution\", \"attributes\": {\"step\": null, \"low\": 3e-05, \"high\": 0.001, \"log\": true}}"}
{"op_code":5,"worker_id":"f2aafbb8-5d3e-4d89-a96b-c63aee77881d-34692","trial_id":11,"param_name":"rollout-size","param_value_internal":3,"distribution":"{\"name\": \"CategoricalDistribution\", \"attributes\": {\"choices\": [2048, 4096, 8192, 16384]}}"}
{"op_code":5,"worker_id":"f2aafbb8-5d3e-4d89-a96b-c63aee77881d-34692","trial_id":11,"param_name":"batch-size","param_value_internal":1,"distribution":"{\"name\": \"CategoricalDistribution\", \"attributes\": {\"choices\": [64, 256, 1024]}}"}
{"op_code":5,"worker_id":"f2aafbb8-5d3e-4d89-a96b-c63aee77881d-34692","trial_id":11,"param_name":"n-epochs","param_value_internal":0,"distribution":"{\"name\": \"CategoricalDistribution\", \"attributes\": {\"choices\": [3, 5, 10]}}"}
{"op_code":5,"worker_id":"f2aafbb8-5d3e-4d89-a96b-c63aee77881d-34692","trial_id":11,"param_name":"gamma","param_value_internal":2,"distribution":"{\"name\": \"CategoricalDistribution\", \"attributes\": {\"choices\": [0.99, 0.995, 0.999]}}"}
{"op_code":5,"worker_id":"f2aafbb8-5d3e-4d89-a96b-c63aee77881d-34692","trial_id":11,"param_name":"gae-lambda","param_value_internal":1,"distribution":"{\"name\": \"CategoricalDistribution\", \"attributes\": {\"choices\": [0.9, 0.95, 0.98]}}"}
{"op_code":5,"worker_id":"f2aafbb8-5d3e-4d89-a96b-c63aee77881d-34692","trial_id":11,"param_name":"clip-range","param_value_internal":0,"distribution":"{\"name\": \"CategoricalDistribution\", \"attributes\": {\"choices\": [0.1, 0.2, 0.3]}}"}
{"op_code":5,"worker_id":"f2aafbb8-5d3e-4d89-a96b-c63aee77881d-34692","trial_id":11,"param_name":"ent-coef","param_value_internal":0.0016427057365685162,"distribution":"{\"name\": \"FloatDistribution\", \"attributes\": {\"step\": null, \"low\": 0.0001, \"high\": 0.03, \"log\": true}}"}
{"op_code":8,"worker_id":"f2aafbb8-5d3e-4d89-a96b-c63aee77881d-34692","trial_id":11,"user_attr":{"train_argv":"--option 0 --reward-mode objective --objectives tardiness_sq --lambda-late 1.0 --lambda-energy 1.0 --power-model linear --difficulty off_tf05 --timesteps 100000 --save-tag tune_off_tf05_o0pnm_t11 --n-envs 4 --vec-backend subproc --seed 0 --algo ppo --markov-obs --work-conserving --policy-arch pointer --learning-rate 0.000982544 --rollout-size 16384 --batch-size 256 --n-epochs 3 --gamma 0.999 --gae-lambda 0.95 --clip-range 0.1 --ent-coef 0.00164271"}}
{"op_code":7,"worker_id":"f2aafbb8-5d3e-4d89-a96b-c63aee77881d-34692","trial_id":11,"step":25000,"intermediate_value":175158.8}
{"op_code":7,"worker_id":"f2aafbb8-5d3e-4d89-a96b-c63aee77881d-34692","trial_id":11,"step":50000,"intermediate_value":84800.2}
{"op_code":7,"worker_id":"f2aafbb8-5d3e-4d89-a96b-c63aee77881d-34692","trial_id":11,"step":75000,"intermediate_value":87372.2}
{"op_code":6,"worker_id":"f2aafbb8-5d3e-4d89-a96b-c63aee77881d-34692","trial_id":11,"state":2,"values":[87372.2],"datetime_complete":"2026-10-06T01:40:38.396624"}
{"op_code":4,"worker_id":"f2aafbb8-5d3e-4d89-a96b-c63aee77881d-34692","study_id":0,"datetime_start":"2026-10-06T01:40:38.647877"}
{"op_code":5,"worker_id":"f2aafbb8-5d3e-4d89-a96b-c63aee77881d-34692","trial_id":12,"param_name":"learning-rate","param_value_internal":0.0001271598989762134,"distribution":"{\"name\": \"FloatDistribution\", \"attributes\": {\"step\": null, \"low\": 3e-05, \"high\": 0.001, \"log\": true}}"}
{"op_code":5,"worker_id":"f2aafbb8-5d3e-4d89-a96b-c63aee77881d-34692","trial_id":12,"param_name":"rollout-size","param_value_internal":1,"distribution":"{\"name\": \"CategoricalDistribution\", \"attributes\": {\"choices\": [2048, 4096, 8192, 16384]}}"}
{"op_code":5,"worker_id":"f2aafbb8-5d3e-4d89-a96b-c63aee77881d-34692","trial_id":12,"param_name":"batch-size","param_value_internal":1,"distribution":"{\"name\": \"CategoricalDistribution\", \"attributes\": {\"choices\": [64, 256, 1024]}}"}
{"op_code":5,"worker_id":"f2aafbb8-5d3e-4d89-a96b-c63aee77881d-34692","trial_id":12,"param_name":"n-epochs","param_value_internal":0,"distribution":"{\"name\": \"CategoricalDistribution\", \"attributes\": {\"choices\": [3, 5, 10]}}"}
{"op_code":5,"worker_id":"f2aafbb8-5d3e-4d89-a96b-c63aee77881d-34692","trial_id":12,"param_name":"gamma","param_value_internal":2,"distribution":"{\"name\": \"CategoricalDistribution\", \"attributes\": {\"choices\": [0.99, 0.995, 0.999]}}"}
{"op_code":5,"worker_id":"f2aafbb8-5d3e-4d89-a96b-c63aee77881d-34692","trial_id":12,"param_name":"gae-lambda","param_value_internal":2,"distribution":"{\"name\": \"CategoricalDistribution\", \"attributes\": {\"choices\": [0.9, 0.95, 0.98]}}"}
{"op_code":5,"worker_id":"f2aafbb8-5d3e-4d89-a96b-c63aee77881d-34692","trial_id":12,"param_name":"clip-range","param_value_internal":0,"distribution":"{\"name\": \"CategoricalDistribution\", \"attributes\": {\"choices\": [0.1, 0.2, 0.3]}}"}
{"op_code":5,"worker_id":"f2aafbb8-5d3e-4d89-a96b-c63aee77881d-34692","trial_id":12,"param_name":"ent-coef","param_value_internal":0.0001019139648638528,"distribution":"{\"name\": \"FloatDistribution\", \"attributes\": {\"step\": null, \"low\": 0.0001, \"high\": 0.03, \"log\": true}}"}
{"op_code":8,"worker_id":"f2aafbb8-5d3e-4d89-a96b-c63aee77881d-34692","trial_id":12,"user_attr":{"train_argv":"--option 0 --reward-mode objective --objectives tardiness_sq --lambda-late 1.0 --lambda-energy 1.0 --power-model linear --difficulty off_tf05 --timesteps 100000 --save-tag tune_off_tf05_o0pnm_t12 --n-envs 4 --vec-backend subproc --seed 0 --algo ppo --markov-obs --work-conserving --policy-arch pointer --learning-rate 0.00012716 --rollout-size 4096 --batch-size 256 --n-epochs 3 --gamma 0.999 --gae-lambda 0.98 --clip-range 0.1 --ent-coef 0.000101914"}}
{"op_code":7,"worker_id":"f2aafbb8-5d3e-4d89-a96b-c63aee77881d-34692","trial_id":12,"step":25000,"intermediate_value":285096.4}
{"op_code":6,"worker_id":"f2aafbb8-5d3e-4d89-a96b-c63aee77881d-34692","trial_id":12,"state":2,"values":[285096.4],"datetime_complete":"2026-10-06T01:41:26.202344"}
{"op_code":4,"worker_id":"f2aafbb8-5d3e-4d89-a96b-c63aee77881d-34692","study_id":0,"datetime_start":"2026-10-06T01:41:26.438228"}
{"op_code":5,"worker_id":"f2aafbb8-5d3e-4d89-a96b-c63aee77881d-34692","trial_id":13,"param_name":"learning-rate","param_value_internal":0.0005914212263434713,"distribution":"{\"name\": \"FloatDistribution\", \"attributes\": {\"step\": null, \"low\": 3e-05, \"high\": 0.001, \"log\": true}}"}
{"op_code":5,"worker_id":"f2aafbb8-5d3e-4d89-a96b-c63aee77881d-34692","trial_id":13,"param_name":"rollout-size","param_value_internal":3,"distribution":"{\"name\": \"CategoricalDistribution\", \"attributes\": {\"choices\": [2048, 4096, 8192, 16384]}}"}
{"op_code":5,"worker_id":"f2aafbb8-5d3e-4d89-a96b-c63aee77881d-34692","trial_id":13,"param_name":"batch-size","param_value_internal":1,"distribution":"{\"name\": \"CategoricalDistribution\", \"attributes\": {\"choices\": [64, 256, 1024]}}"}
{"op_code":5,"worker_id":"f2aafbb8-5d3e-4d89-a96b-c63aee77881d-34692","trial_id":13,"param_name":"n-epochs","param_value_internal":1,"distribution":"{\"name\": \"CategoricalDistribution\", \"attributes\": {\"choices\": [3, 5, 10]}}"}
{"op_code":5,"worker_id":"f2aafbb8-5d3e-4d89-a96b-c63aee77881d-34692","trial_id":13,"param_name":"gamma","param_value_internal":2,"distribution":"{\"name\": \"CategoricalDistribution\", \"attributes\": {\"choices\": [0.99, 0.995, 0.999]}}"}
{"op_code":5,"worker_id":"f2aafbb8-5d3e-4d89-a96b-c63aee77881d-34692","trial_id":13,"param_name":"gae-lambda","param_value_internal":2,"distribution":"{\"name\": \"CategoricalDistribution\", \"attributes\": {\"choices\": [0.9, 0.95, 0.98]}}"}
{"op_code":5,"worker_id":"f2aafbb8-5d3e-4d89-a96b-c63aee77881d-34692","trial_id":13,"param_name":"clip-range","param_value_internal":1,"distribution":"{\"name\": \"CategoricalDistribution\", \"attributes\": {\"choices\": [0.1, 0.2, 0.3]}}"}
{"op_code":5,"worker_id":"f2aafbb8-5d3e-4d89-a96b-c63aee77881d-34692","trial_id":13,"param_name":"ent-coef","param_value_internal":0.0024010873006880254,"distribution":"{\"name\": \"FloatDistribution\", \"attributes\": {\"step\": null, \"low\": 0.0001, \"high\": 0.03, \"log\": true}}"}
{"op_code":8,"worker_id":"f2aafbb8-5d3e-4d89-a96b-c63aee77881d-34692","trial_id":13,"user_attr":{"train_argv":"--option 0 --reward-mode objective --objectives tardiness_sq --lambda-late 1.0 --lambda-energy 1.0 --power-model linear --difficulty off_tf05 --timesteps 100000 --save-tag tune_off_tf05_o0pnm_t13 --n-envs 4 --vec-backend subproc --seed 0 --algo ppo --markov-obs --work-conserving --policy-arch pointer --learning-rate 0.000591421 --rollout-size 16384 --batch-size 256 --n-epochs 5 --gamma 0.999 --gae-lambda 0.98 --clip-range 0.2 --ent-coef 0.00240109"}}
{"op_code":7,"worker_id":"f2aafbb8-5d3e-4d89-a96b-c63aee77881d-34692","trial_id":13,"step":25000,"intermediate_value":169277.2}
{"op_code":7,"worker_id":"f2aafbb8-5d3e-4d89-a96b-c63aee77881d-34692","trial_id":13,"step":50000,"intermediate_value":35862.8}
{"op_code":7,"worker_id":"f2aafbb8-5d3e-4d89-a96b-c63aee77881d-34692","trial_id":13,"step":75000,"intermediate_value":34408.2}
{"op_code":6,"worker_id":"f2aafbb8-5d3e-4d89-a96b-c63aee77881d-34692","trial_id":13,"state":1,"values":[37586.1],"datetime_complete":"2026-10-06T01:46:18.281031"}
{"op_code":4,"worker_id":"f2aafbb8-5d3e-4d89-a96b-c63aee77881d-34692","study_id":0,"datetime_start":"2026-10-06T01:46:18.439127"}
{"op_code":5,"worker_id":"f2aafbb8-5d3e-4d89-a96b-c63aee77881d-34692","trial_id":14,"param_name":"learning-rate","param_value_internal":0.0006236863648325516,"distribution":"{\"name\": \"FloatDistribution\", \"attributes\": {\"step\": null, \"low\": 3e-05, \"high\": 0.001, \"log\": true}}"}
{"op_code":5,"worker_id":"f2aafbb8-5d3e-4d89-a96b-c63aee77881d-34692","trial_id":14,"param_name":"rollout-size","param_value_internal":3,"distribution":"{\"name\": \"CategoricalDistribution\", \"attributes\": {\"choices\": [2048, 4096, 8192, 16384]}}"}
{"op_code":5,"worker_id":"f2aafbb8-5d3e-4d89-a96b-c63aee77881d-34692","trial_id":14,"param_name":"batch-size","param_value_internal":1,"distribution":"{\"name\": \"CategoricalDistribution\", \"attributes\": {\"choices\": [64, 256, 1024]}}"}
{"op_code":5,"worker_id":"f2aafbb8-5d3e-4d89-a96b-c63aee77881d-34692","trial_id":14,"param_name":"n-epochs","param_value_internal":0,"distribution":"{\"name\": \"CategoricalDistribution\", \"attributes\": {\"choices\": [3, 5, 10]}}"}
{"op_code":5,"worker_id":"f2aafbb8-5d3e-4d89-a96b-c63aee77881d-34692","trial_id":14,"param_name":"gamma","param_value_internal":2,"distribution":"{\"name\": \"CategoricalDistribution\", \"attributes\": {\"choices\": [0.99, 0.995, 0.999]}}"}
{"op_code":5,"worker_id":"f2aafbb8-5d3e-4d89-a96b-c63aee77881d-34692","trial_id":14,"param_name":"gae-lambda","param_value_internal":2,"distribution":"{\"name\": \"CategoricalDistribution\", \"attributes\": {\"choices\": [0.9, 0.95, 0.98]}}"}
{"op_code":5,"worker_id":"f2aafbb8-5d3e-4d89-a96b-c63aee77881d-34692","trial_id":14,"param_name":"clip-range","param_value_internal":1,"distribution":"{\"name\": \"CategoricalDistribution\", \"attributes\": {\"choices\": [0.1, 0.2, 0.3]}}"}
{"op_code":5,"worker_id":"f2aafbb8-5d3e-4d89-a96b-c63aee77881d-34692","trial_id":14,"param_name":"ent-coef","param_value_internal":0.0005014410884166422,"distribution":"{\"name\": \"FloatDistribution\", \"attributes\": {\"step\": null, \"low\": 0.0001, \"high\": 0.03, \"log\": true}}"}
{"op_code":8,"worker_id":"f2aafbb8-5d3e-4d89-a96b-c63aee77881d-34692","trial_id":14,"user_attr":{"train_argv":"--option 0 --reward-mode objective --objectives tardiness_sq --lambda-late 1.0 --lambda-energy 1.0 --power-model linear --difficulty off_tf05 --timesteps 100000 --save-tag tune_off_tf05_o0pnm_t14 --n-envs 4 --vec-backend subproc --seed 0 --algo ppo --markov-obs --work-conserving --policy-arch pointer --learning-rate 0.000623686 --rollout-size 16384 --batch-size 256 --n-epochs 3 --gamma 0.999 --gae-lambda 0.98 --clip-range 0.2 --ent-coef 0.000501441"}}
{"op_code":7,"worker_id":"f2aafbb8-5d3e-4d89-a96b-c63aee77881d-34692","trial_id":14,"step":25000,"intermediate_value":253752.8}
{"op_code":7,"worker_id":"f2aafbb8-5d3e-4d89-a96b-c63aee77881d-34692","trial_id":14,"step":50000,"intermediate_value":45092.6}
{"op_code":7,"worker_id":"f2aafbb8-5d3e-4d89-a96b-c63aee77881d-34692","trial_id":14,"step":75000,"intermediate_value":42118.2}
{"op_code":6,"worker_id":"f2aafbb8-5d3e-4d89-a96b-c63aee77881d-34692","trial_id":14,"state":1,"values":[49366.2],"datetime_complete":"2026-10-06T01:49:37.439116"}
{"op_code":4,"worker_id":"f2aafbb8-5d3e-4d89-a96b-c63aee77881d-34692","study_id":0,"datetime_start":"2026-10-06T01:49:37.654130"}
{"op_code":5,"worker_id":"f2aafbb8-5d3e-4d89-a96b-c63aee77881d-34692","trial_id":15,"param_name":"learning-rate","param_value_internal":0.0006087481397834274,"distribution":"{\"name\": \"FloatDistribution\", \"attributes\": {\"step\": null, \"low\": 3e-05, \"high\": 0.001, \"log\": true}}"}
{"op_code":5,"worker_id":"f2aafbb8-5d3e-4d89-a96b-c63aee77881d-34692","trial_id":15,"param_name":"rollout-size","param_value_internal":1,"distribution":"{\"name\": \"CategoricalDistribution\", \"attributes\": {\"choices\": [2048, 4096, 8192, 16384]}}"}
{"op_code":5,"worker_id":"f2aafbb8-5d3e-4d89-a96b-c63aee77881d-34692","trial_id":15,"param_name":"batch-size","param_value_internal":1,"distribution":"{\"name\": \"CategoricalDistribution\", \"attributes\": {\"choices\": [64, 256, 1024]}}"}
{"op_code":5,"worker_id":"f2aafbb8-5d3e-4d89-a96b-c63aee77881d-34692","trial_id":15,"param_name":"n-epochs","param_value_internal":1,"distribution":"{\"name\": \"CategoricalDistribution\", \"attributes\": {\"choices\": [3, 5, 10]}}"}
{"op_code":5,"worker_id":"f2aafbb8-5d3e-4d89-a96b-c63aee77881d-34692","trial_id":15,"param_name":"gamma","param_value_internal":2,"distribution":"{\"name\": \"CategoricalDistribution\", \"attributes\": {\"choices\": [0.99, 0.995, 0.999]}}"}
{"op_code":5,"worker_id":"f2aafbb8-5d3e-4d89-a96b-c63aee77881d-34692","trial_id":15,"param_name":"gae-lambda","param_value_internal":2,"distribution":"{\"name\": \"CategoricalDistribution\", \"attributes\": {\"choices\": [0.9, 0.95, 0.98]}}"}
{"op_code":5,"worker_id":"f2aafbb8-5d3e-4d89-a96b-c63aee77881d-34692","trial_id":15,"param_name":"clip-range","param_value_internal":1,"distribution":"{\"name\": \"CategoricalDistribution\", \"attributes\": {\"choices\": [0.1, 0.2, 0.3]}}"}
{"op_code":5,"worker_id":"f2aafbb8-5d3e-4d89-a96b-c63aee77881d-34692","trial_id":15,"param_name":"ent-coef","param_value_internal":0.0022062352140163016,"distribution":"{\"name\": \"FloatDistribution\", \"attributes\": {\"step\": null, \"low\": 0.0001, \"high\": 0.03, \"log\": true}}"}
{"op_code":8,"worker_id":"f2aafbb8-5d3e-4d89-a96b-c63aee77881d-34692","trial_id":15,"user_attr":{"train_argv":"--option 0 --reward-mode objective --objectives tardiness_sq --lambda-late 1.0 --lambda-energy 1.0 --power-model linear --difficulty off_tf05 --timesteps 100000 --save-tag tune_off_tf05_o0pnm_t15 --n-envs 4 --vec-backend subproc --seed 0 --algo ppo --markov-obs --work-conserving --policy-arch pointer --learning-rate 0.000608748 --rollout-size 4096 --batch-size 256 --n-epochs 5 --gamma 0.999 --gae-lambda 0.98 --clip-range 0.2 --ent-coef 0.00220624"}}
{"op_code":7,"worker_id":"f2aafbb8-5d3e-4d89-a96b-c63aee77881d-34692","trial_id":15,"step":25000,"intermediate_value":189694.2}
{"op_code":7,"worker_id":"f2aafbb8-5d3e-4d89-a96b-c63aee77881d-34692","trial_id":15,"step":50000,"intermediate_value":37437.2}
{"op_code":7,"worker_id":"f2aafbb8-5d3e-4d89-a96b-c63aee77881d-34692","trial_id":15,"step":75000,"intermediate_value":36873.4}
{"op_code":6,"worker_id":"f2aafbb8-5d3e-4d89-a96b-c63aee77881d-34692","trial_id":15,"state":1,"values":[32384.7],"datetime_complete":"2026-10-06T01:54:01.412462"}
{"op_code":4,"worker_id":"f2aafbb8-5d3e-4d89-a96b-c63aee77881d-34692","study_id":0,"datetime_start":"2026-10-06T01:54:01.654162"}
{"op_code":5,"worker_id":"f2aafbb8-5d3e-4d89-a96b-c63aee77881d-34692","trial_id":16,"param_name":"learning-rate","param_value_internal":0.0009828196412101757,"distribution":"{\"name\": \"FloatDistribution\", \"attributes\": {\"step\": null, \"low\": 3e-05, \"high\": 0.001, \"log\": true}}"}
{"op_code":5,"worker_id":"f2aafbb8-5d3e-4d89-a96b-c63aee77881d-34692","trial_id":16,"param_name":"rollout-size","param_value_internal":1,"distribution":"{\"name\": \"CategoricalDistribution\", \"attributes\": {\"choices\": [2048, 4096, 8192, 16384]}}"}
{"op_code":5,"worker_id":"f2aafbb8-5d3e-4d89-a96b-c63aee77881d-34692","trial_id":16,"param_name":"batch-size","param_value_internal":1,"distribution":"{\"name\": \"CategoricalDistribution\", \"attributes\": {\"choices\": [64, 256, 1024]}}"}
{"op_code":5,"worker_id":"f2aafbb8-5d3e-4d89-a96b-c63aee77881d-34692","trial_id":16,"param_name":"n-epochs","param_value_internal":0,"distribution":"{\"name\": \"CategoricalDistribution\", \"attributes\": {\"choices\": [3, 5, 10]}}"}
{"op_code":5,"worker_id":"f2aafbb8-5d3e-4d89-a96b-c63aee77881d-34692","trial_id":16,"param_name":"gamma","param_value_internal":0,"distribution":"{\"name\": \"CategoricalDistribution\", \"attributes\": {\"choices\": [0.99, 0.995, 0.999]}}"}
{"op_code":5,"worker_id":"f2aafbb8-5d3e-4d89-a96b-c63aee77881d-34692","trial_id":16,"param_name":"gae-lambda","param_value_internal":2,"distribution":"{\"name\": \"CategoricalDistribution\", \"attributes\": {\"choices\": [0.9, 0.95, 0.98]}}"}
{"op_code":5,"worker_id":"f2aafbb8-5d3e-4d89-a96b-c63aee77881d-34692","trial_id":16,"param_name":"clip-range","param_value_internal":1,"distribution":"{\"name\": \"CategoricalDistribution\", \"attributes\": {\"choices\": [0.1, 0.2, 0.3]}}"}
{"op_code":5,"worker_id":"f2aafbb8-5d3e-4d89-a96b-c63aee77881d-34692","trial_id":16,"param_name":"ent-coef","param_value_internal":0.0005392770406318004,"distribution":"{\"name\": \"FloatDistribution\", \"attributes\": {\"step\": null, \"low\": 0.0001, \"high\": 0.03, \"log\": true}}"}
{"op_code":8,"worker_id":"f2aafbb8-5d3e-4d89-a96b-c63aee77881d-34692","trial_id":16,"user_attr":{"train_argv":"--option 0 --reward-mode objective --objectives tardiness_sq --lambda-late 1.0 --lambda-energy 1.0 --power-model linear --difficulty off_tf05 --timesteps 100000 --save-tag tune_off_tf05_o0pnm_t16 --n-envs 4 --vec-backend subproc --seed 0 --algo ppo --markov-obs --work-conserving --policy-arch pointer --learning-rate 0.00098282 --rollout-size 4096 --batch-size 256 --n-epochs 3 --gamma 0.99 --gae-lambda 0.98 --clip-range 0.2 --ent-coef 0.000539277"}}
{"op_code":7,"worker_id":"f2aafbb8-5d3e-4d89-a96b-c63aee77881d-34692","trial_id":16,"step":25000,"intermediate_value":179218.0}
{"op_code":7,"worker_id":"f2aafbb8-5d3e-4d89-a96b-c63aee77881d-34692","trial_id":16,"step":50000,"intermediate_value":46146.6}
{"op_code":7,"worker_id":"f2aafbb8-5d3e-4d89-a96b-c63aee77881d-34692","trial_id":16,"step":75000,"intermediate_value":40933.6}
{"op_code":6,"worker_id":"f2aafbb8-5d3e-4d89-a96b-c63aee77881d-34692","trial_id":16,"state":1,"values":[53519.45],"datetime_complete":"2026-10-06T01:57:07.083640"}
{"op_code":4,"worker_id":"f2aafbb8-5d3e-4d89-a96b-c63aee77881d-34692","study_id":0,"datetime_start":"2026-10-06T01:57:07.314001"}
{"op_code":5,"worker_id":"f2aafbb8-5d3e-4d89-a96b-c63aee77881d-34692","trial_id":17,"param_name":"learning-rate","param_value_internal":0.00029909966375309745,"distribution":"{\"name\": \"FloatDistribution\", \"attributes\": {\"step\": null, \"low\": 3e-05, \"high\": 0.001, \"log\": true}}"}
{"op_code":5,"worker_id":"f2aafbb8-5d3e-4d89-a96b-c63aee77881d-34692","trial_id":17,"param_name":"rollout-size","param_value_internal":1,"distribution":"{\"name\": \"CategoricalDistribution\", \"attributes\": {\"choices\": [2048, 4096, 8192, 16384]}}"}
{"op_code":5,"worker_id":"f2aafbb8-5d3e-4d89-a96b-c63aee77881d-34692","trial_id":17,"param_name":"batch-size","param_value_internal":1,"distribution":"{\"name\": \"CategoricalDistribution\", \"attributes\": {\"choices\": [64, 256, 1024]}}"}
{"op_code":5,"worker_id":"f2aafbb8-5d3e-4d89-a96b-c63aee77881d-34692","trial_id":17,"param_name":"n-epochs","param_value_internal":1,"distribution":"{\"name\": \"CategoricalDistribution\", \"attributes\": {\"choices\": [3, 5, 10]}}"}
{"op_code":5,"worker_id":"f2aafbb8-5d3e-4d89-a96b-c63aee77881d-34692","trial_id":17,"param_name":"gamma","param_value_internal":2,"distribution":"{\"name\": \"CategoricalDistribution\", \"attributes\": {\"choices\": [0.99, 0.995, 0.999]}}"}
{"op_code":5,"worker_id":"f2aafbb8-5d3e-4d89-a96b-c63aee77881d-34692","trial_id":17,"param_name":"gae-lambda","param_value_internal":2,"distribution":"{\"name\": \"CategoricalDistribution\", \"attributes\": {\"choices\": [0.9, 0.95, 0.98]}}"}
{"op_code":5,"worker_id":"f2aafbb8-5d3e-4d89-a96b-c63aee77881d-34692","trial_id":17,"param_name":"clip-range","param_value_internal":2,"distribution":"{\"name\": \"CategoricalDistribution\", \"attributes\": {\"choices\": [0.1, 0.2, 0.3]}}"}
{"op_code":5,"worker_id":"f2aafbb8-5d3e-4d89-a96b-c63aee77881d-34692","trial_id":17,"param_name":"ent-coef","param_value_internal":0.008367787006042399,"distribution":"{\"name\": \"FloatDistribution\", \"attributes\": {\"step\": null, \"low\": 0.0001, \"high\": 0.03, \"log\": true}}"}
{"op_code":8,"worker_id":"f2aafbb8-5d3e-4d89-a96b-c63aee77881d-34692","trial_id":17,"user_attr":{"train_argv":"--option 0 --reward-mode objective --objectives tardiness_sq --lambda-late 1.0 --lambda-energy 1.0 --power-model linear --difficulty off_tf05 --timesteps 100000 --save-tag tune_off_tf05_o0pnm_t17 --n-envs 4 --vec-backend subproc --seed 0 --algo ppo --markov-obs --work-conserving --policy-arch pointer --learning-rate 0.0002991 --rollout-size 4096 --batch-size 256 --n-epochs 5 --gamma 0.999 --gae-lambda 0.98 --clip-range 0.3 --ent-coef 0.00836779"}}
{"op_code":7,"worker_id":"f2aafbb8-5d3e-4d89-a96b-c63aee77881d-34692","trial_id":17,"step":25000,"intermediate_value":290639.0}
{"op_code":6,"worker_id":"f2aafbb8-5d3e-4d89-a96b-c63aee77881d-34692","trial_id":17,"state":2,"values":[290639.0],"datetime_complete":"2026-10-06T01:58:14.622744"}
{"op_code":4,"worker_id":"f2aafbb8-5d3e-4d89-a96b-c63aee77881d-34692","study_id":0,"datetime_start":"2026-10-06T01:58:14.860981"}
{"op_code":5,"worker_id":"f2aafbb8-5d3e-4d89-a96b-c63aee77881d-34692","trial_id":18,"param_name":"learning-rate","param_value_internal":0.0006515704142152348,"distribution":"{\"name\": \"FloatDistribution\", \"attributes\": {\"step\": null, \"low\": 3e-05, \"high\": 0.001, \"log\": true}}"}
{"op_code":5,"worker_id":"f2aafbb8-5d3e-4d89-a96b-c63aee77881d-34692","trial_id":18,"param_name":"rollout-size","param_value_internal":1,"distribution":"{\"name\": \"CategoricalDistribution\", \"attributes\": {\"choices\": [2048, 4096, 8192, 16384]}}"}
{"op_code":5,"worker_id":"f2aafbb8-5d3e-4d89-a96b-c63aee77881d-34692","trial_id":18,"param_name":"batch-size","param_value_internal":2,"distribution":"{\"name\": \"CategoricalDistribution\", \"attributes\": {\"choices\": [64, 256, 1024]}}"}
{"op_code":5,"worker_id":"f2aafbb8-5d3e-4d89-a96b-c63aee77881d-34692","trial_id":18,"param_name":"n-epochs","param_value_internal":0,"distribution":"{\"name\": \"CategoricalDistribution\", \"attributes\": {\"choices\": [3, 5, 10]}}"}
{"op_code":5,"worker_id":"f2aafbb8-5d3e-4d89-a96b-c63aee77881d-34692","trial_id":18,"param_name":"gamma","param_value_internal":2,"distribution":"{\"name\": \"CategoricalDistribution\", \"attributes\": {\"choices\": [0.99, 0.995, 0.999]}}"}
{"op_code":5,"worker_id":"f2aafbb8-5d3e-4d89-a96b-c63aee77881d-34692","trial_id":18,"param_name":"gae-lambda","param_value_internal":2,"distribution":"{\"name\": \"CategoricalDistribution\", \"attributes\": {\"choices\": [0.9, 0.95, 0.98]}}"}
{"op_code":5,"worker_id":"f2aafbb8-5d3e-4d89-a96b-c63aee77881d-34692","trial_id":18,"param_name":"clip-range","param_value_internal":1,"distribution":"{\"name\": \"CategoricalDistribution\", \"attributes\": {\"choices\": [0.1, 0.2, 0.3]}}"}
{"op_code":5,"worker_id":"f2aafbb8-5d3e-4d89-a96b-c63aee77881d-34692","trial_id":18,"param_name":"ent-coef","param_value_internal":0.00028891001711309113,"distribution":"{\"name\": \"FloatDistribution\", \"attributes\": {\"step\": null, \"low\": 0.0001, \"high\": 0.03, \"log\": true}}"}
{"op_code":8,"worker_id":"f2aafbb8-5d3e-4d89-a96b-c63aee77881d-34692","trial_id":18,"user_attr":{"train_argv":"--option 0 --reward-mode objective --objectives tardiness_sq --lambda-late 1.0 --lambda-energy 1.0 --power-model linear --difficulty off_tf05 --timesteps 100000 --save-tag tune_off_tf05_o0pnm_t18 --n-envs 4 --vec-backend subproc --seed 0 --algo ppo --markov-obs --work-conserving --policy-arch pointer --learning-rate 0.00065157 --rollout-size 4096 --batch-size 1024 --n-epochs 3 --gamma 0.999 --gae-lambda 0.98 --clip-range 0.2 --ent-coef 0.00028891"}}
{"op_code":7,"worker_id":"f2aafbb8-5d3e-4d89-a96b-c63aee77881d-34692","trial_id":18,"step":25000,"intermediate_value":265510.4}
{"op_code":6,"worker_id":"f2aafbb8-5d3e-4d89-a96b-c63aee77881d-34692","trial_id":18,"state":2,"values":[265510.4],"datetime_complete":"2026-10-06T01:59:01.168220"}
{"op_code":4,"worker_id":"f2aafbb8-5d3e-4d89-a96b-c63aee77881d-34692","study_id":0,"datetime_start":"2026-10-06T01:59:01.387147"}
{"op_code":5,"worker_id":"f2aafbb8-5d3e-4d89-a96b-c63aee77881d-34692","trial_id":19,"param_name":"learning-rate","param_value_internal":0.00039522694475652143,"distribution":"{\"name\": \"FloatDistribution\", \"attributes\": {\"step\": null, \"low\": 3e-05, \"high\": 0.001, \"log\": true}}"}
{"op_code":5,"worker_id":"f2aafbb8-5d3e-4d89-a96b-c63aee77881d-34692","trial_id":19,"param_name":"rollout-size","param_value_internal":1,"distribution":"{\"name\": \"CategoricalDistribution\", \"attributes\": {\"choices\": [2048, 4096, 8192, 16384]}}"}
{"op_code":5,"worker_id":"f2aafbb8-5d3e-4d89-a96b-c63aee77881d-34692","trial_id":19,"param_name":"batch-size","param_value_internal":0,"distribution":"{\"name\": \"CategoricalDistribution\", \"attributes\": {\"choices\": [64, 256, 1024]}}"}
{"op_code":5,"worker_id":"f2aafbb8-5d3e-4d89-a96b-c63aee77881d-34692","trial_id":19,"param_name":"n-epochs","param_value_internal":2,"distribution":"{\"name\": \"CategoricalDistribution\", \"attributes\": {\"choices\": [3, 5, 10]}}"}
{"op_code":5,"worker_id":"f2aafbb8-5d3e-4d89-a96b-c63aee77881d-34692","trial_id":19,"param_name":"gamma","param_value_internal":0,"distribution":"{\"name\": \"CategoricalDistribution\", \"attributes\": {\"choices\": [0.99, 0.995, 0.999]}}"}
{"op_code":5,"worker_id":"f2aafbb8-5d3e-4d89-a96b-c63aee77881d-34692","trial_id":19,"param_name":"gae-lambda","param_value_internal":2,"distribution":"{\"name\": \"CategoricalDistribution\", \"attributes\": {\"choices\": [0.9, 0.95, 0.98]}}"}
{"op_code":5,"worker_id":"f2aafbb8-5d3e-4d89-a96b-c63aee77881d-34692","trial_id":19,"param_name":"clip-range","param_value_internal":1,"distribution":"{\"name\": \"CategoricalDistribution\", \"attributes\": {\"choices\": [0.1, 0.2, 0.3]}}"}
{"op_code":5,"worker_id":"f2aafbb8-5d3e-4d89-a96b-c63aee77881d-34692","trial_id":19,"param_name":"ent-coef","param_value_internal":0.001039770975407446,"distribution":"{\"name\": \"FloatDistribution\", \"attributes\": {\"step\": null, \"low\": 0.0001, \"high\": 0.03, \"log\": true}}"}
{"op_code":8,"worker_id":"f2aafbb8-5d3e-4d89-a96b-c63aee77881d-34692","trial_id":19,"user_attr":{"train_argv":"--option 0 --reward-mode objective --objectives tardiness_sq --lambda-late 1.0 --lambda-energy 1.0 --power-model linear --difficulty off_tf05 --timesteps 100000 --save-tag tune_off_tf05_o0pnm_t19 --n-envs 4 --vec-backend subproc --seed 0 --algo ppo --markov-obs --work-conserving --policy-arch pointer --learning-rate 0.000395227 --rollout-size 4096 --batch-size 64 --n-epochs 10 --gamma 0.99 --gae-lambda 0.98 --clip-range 0.2 --ent-coef 0.00103977"}}
{"op_code":7,"worker_id":"f2aafbb8-5d3e-4d89-a96b-c63aee77881d-34692","trial_id":19,"step":25000,"intermediate_value":89868.0}
{"op_code":7,"worker_id":"f2aafbb8-5d3e-4d89-a96b-c63aee77881d-34692","trial_id":19,"step":50000,"intermediate_value":63835.2}
{"op_code":7,"worker_id":"f2aafbb8-5d3e-4d89-a96b-c63aee77881d-34692","trial_id":19,"step":75000,"intermediate_value":67952.8}
{"op_code":6,"worker_id":"f2aafbb8-5d3e-4d89-a96b-c63aee77881d-34692","trial_id":19,"state":2,"values":[67952.8],"datetime_complete":"2026-10-06T02:03:57.927030"}
{"op_code":0,"worker_id":"52a37d4c-561a-4930-aeb1-d7403c9f4b43-31748","study_name":"off_tf05_o0pnm","directions":[1]}
{"op_code":0,"worker_id":"d7d27b7f-16c4-4339-a77e-f28436bd5520-32928","study_name":"off_tf05_o0pnm","directions":[1]}
{"op_code":0,"worker_id":"f712463d-7f2b-4948-8943-c6090935aff9-34464","study_name":"off_tf05_o0pnm","directions":[1]}
{"op_code":0,"worker_id":"30d31943-8971-4c25-94ae-fb9d0591c78e-7220","study_name":"off_tf05_o0pnm","directions":[1]}
{"op_code":0,"worker_id":"7bf55c80-d047-472f-930c-9929a171c338-4620","study_name":"off_tf05_o0pnm","directions":[1]}
{"op_code":0,"worker_id":"49170f47-2ef3-4ee5-a74f-5f1df71b9c61-35960","study_name":"off_tf05_o0pnm","directions":[1]}
{"op_code":0,"worker_id":"7d527c85-9542-4993-9fc5-a551e6003211-17656","study_name":"off_tf05_o0pnm","directions":[1]}
{"op_code":0,"worker_id":"bdf2f6a9-a7fb-4fe8-a839-d66ace612f46-4492","study_name":"off_tf05_o0pnm","directions":[1]}
