{"op_code":0,"worker_id":"2e30cdb5-0f67-4fdf-b4c1-2a81dd7823ad-26784","study_name":"off_tf05_o2mlubrze","directions":[1]}
{"op_code":4,"worker_id":"2e30cdb5-0f67-4fdf-b4c1-2a81dd7823ad-26784","study_id":0,"datetime_start":null,"state":4,"value":null,"values":null,"distributions":{},"params":{},"user_attrs":{"defaults":true},"system_attrs":{"fixed_params":{}},"intermediate_values":{}}
{"op_code":6,"worker_id":"2e30cdb5-0f67-4fdf-b4c1-2a81dd7823ad-26784","trial_id":0,"state":0,"values":null,"datetime_start":"2026-10-08T17:02:56.377424"}
{"op_code":8,"worker_id":"2e30cdb5-0f67-4fdf-b4c1-2a81dd7823ad-26784","trial_id":0,"user_attr":{"train_argv":"--option 2 --reward-mode objective --objectives tardiness_sq --lambda-late 1.0 --lambda-energy 1.0 --power-model linear --difficulty off_tf05 --timesteps 300000 --save-tag tune_off_tf05_o2mlubrze_t0 --n-envs 4 --vec-backend subproc --seed 0 --algo ppo --markov-obs --lookahead --fixed-scaling --critic-arrivals --lateness-shaping --normalize-reward --event-idle"}}
{"op_code":7,"worker_id":"2e30cdb5-0f67-4fdf-b4c1-2a81dd7823ad-26784","trial_id":0,"step":75000,"intermediate_value":37655.6}
{"op_code":7,"worker_id":"2e30cdb5-0f67-4fdf-b4c1-2a81dd7823ad-26784","trial_id":0,"step":150000,"intermediate_value":29155.0}
{"op_code":7,"worker_id":"2e30cdb5-0f67-4fdf-b4c1-2a81dd7823ad-26784","trial_id":0,"step":225000,"intermediate_value":34987.4}
{"op_code":6,"worker_id":"2e30cdb5-0f67-4fdf-b4c1-2a81dd7823ad-26784","trial_id":0,"state":1,"values":[68249.6],"datetime_complete":"2026-10-08T17:24:25.615070"}
{"op_code":4,"worker_id":"2e30cdb5-0f67-4fdf-b4c1-2a81dd7823ad-26784","study_id":0,"datetime_start":"2026-10-08T17:24:25.950353"}
{"op_code":5,"worker_id":"2e30cdb5-0f67-4fdf-b4c1-2a81dd7823ad-26784","trial_id":1,"param_name":"learning-rate","param_value_internal":0.00020554062603827,"distribution":"{\"name\": \"FloatDistribution\", \"attributes\": {\"step\": null, \"low\": 3e-05, \"high\": 0.001, \"log\": true}}"}
{"op_code":5,"worker_id":"2e30cdb5-0f67-4fdf-b4c1-2a81dd7823ad-26784","trial_id":1,"param_name":"rollout-size","param_value_internal":0,"distribution":"{\"name\": \"CategoricalDistribution\", \"attributes\": {\"choices\": [2048, 4096, 8192, 16384]}}"}
{"op_code":5,"worker_id":"2e30cdb5-0f67-4fdf-b4c1-2a81dd7823ad-26784","trial_id":1,"param_name":"batch-size","param_value_internal":2,"distribution":"{\"name\": \"CategoricalDistribution\", \"attributes\": {\"choices\": [64, 256, 1024]}}"}
{"op_code":5,"worker_id":"2e30cdb5-0f67-4fdf-b4c1-2a81dd7823ad-26784","trial_id":1,"param_name":"n-epochs","param_value_internal":0,"distribution":"{\"name\": \"CategoricalDistribution\", \"attributes\": {\"choices\": [3, 5, 10]}}"}
{"op_code":5,"worker_id":"2e30cdb5-0f67-4fdf-b4c1-2a81dd7823ad-26784","trial_id":1,"param_name":"gamma","param_value_internal":2,"distribution":"{\"name\": \"CategoricalDistribution\", \"attributes\": {\"choices\": [0.99, 0.995, 0.999]}}"}
{"op_code":5,"worker_id":"2e30cdb5-0f67-4fdf-b4c1-2a81dd7823ad-26784","trial_id":1,"param_name":"gae-lambda","param_value_internal":1,"distribution":"{\"name\": \"CategoricalDistribution\", \"attributes\": {\"choices\": [0.9, 0.95, 0.98]}}"}
{"op_code":5,"worker_id":"2e30cdb5-0f67-4fdf-b4c1-2a81dd7823ad-26784","trial_id":1,"param_name":"clip-range","param_value_internal":2,"distribution":"{\"name\": \"CategoricalDistribution\", \"attributes\": {\"choices\": [0.1, 0.2, 0.3]}}"}
{"op_code":5,"worker_id":"2e30cdb5-0f67-4fdf-b4c1-2a81dd7823ad-26784","trial_id":1,"param_name":"ent-coef","param_value_internal":0.02655561084998941,"distribution":"{\"name\": \"FloatDistribution\", \"attributes\": {\"step\": null, \"low\": 0.0001, \"high\": 0.03, \"log\": true}}"}
{"op_code":8,"worker_id":"2e30cdb5-0f67-4fdf-b4c1-2a81dd7823ad-26784","trial_id":1,"user_attr":{"train_argv":"--option 2 --reward-mode objective --objectives tardiness_sq --lambda-late 1.0 --lambda-energy 1.0 --power-model linear --difficulty off_tf05 --timesteps 300000 --save-tag tune_off_tf05_o2mlubrze_t1 --n-envs 4 --vec-backend subproc --seed 0 --algo ppo --markov-obs --lookahead --fixed-scaling --critic-arrivals --lateness-shaping --normalize-reward --event-idle --learning-rate 0.000205541 --rollout-size 2048 --batch-size 1024 --n-epochs 3 --gamma 0.999 --gae-lambda 0.95 --clip-range 0.3 --ent-coef 0.0265556"}}
{"op_code":7,"worker_id":"2e30cdb5-0f67-4fdf-b4c1-2a81dd7823ad-26784","trial_id":1,"step":75000,"intermediate_value":78171.8}
{"op_code":7,"worker_id":"2e30cdb5-0f67-4fdf-b4c1-2a81dd7823ad-26784","trial_id":1,"step":150000,"intermediate_value":48412.8}
{"op_code":7,"worker_id":"2e30cdb5-0f67-4fdf-b4c1-2a81dd7823ad-26784","trial_id":1,"step":225000,"intermediate_value":39058.8}
{"op_code":6,"worker_id":"2e30cdb5-0f67-4fdf-b4c1-2a81dd7823ad-26784","trial_id":1,"state":1,"values":[34826.35],"datetime_complete":"2026-10-08T17:33:58.152399"}
{"op_code":4,"worker_id":"2e30cdb5-0f67-4fdf-b4c1-2a81dd7823ad-26784","study_id":0,"datetime_start":"2026-10-08T17:33:58.444306"}
{"op_code":5,"worker_id":"2e30cdb5-0f67-4fdf-b4c1-2a81dd7823ad-26784","trial_id":2,"param_name":"learning-rate","param_value_internal":0.0004944733002746453,"distribution":"{\"name\": \"FloatDistribution\", \"attributes\": {\"step\": null, \"low\": 3e-05, \"high\": 0.001, \"log\": true}}"}
{"op_code":5,"worker_id":"2e30cdb5-0f67-4fdf-b4c1-2a81dd7823ad-26784","trial_id":2,"param_name":"rollout-size","param_value_internal":1,"distribution":"{\"name\": \"CategoricalDistribution\", \"attributes\": {\"choices\": [2048, 4096, 8192, 16384]}}"}
{"op_code":5,"worker_id":"2e30cdb5-0f67-4fdf-b4c1-2a81dd7823ad-26784","trial_id":2,"param_name":"batch-size","param_value_internal":1,"distribution":"{\"name\": \"CategoricalDistribution\", \"attributes\": {\"choices\": [64, 256, 1024]}}"}
{"op_code":5,"worker_id":"2e30cdb5-0f67-4fdf-b4c1-2a81dd7823ad-26784","trial_id":2,"param_name":"n-epochs","param_value_internal":2,"distribution":"{\"name\": \"CategoricalDistribution\", \"attributes\": {\"choices\": [3, 5, 10]}}"}
{"op_code":5,"worker_id":"2e30cdb5-0f67-4fdf-b4c1-2a81dd7823ad-26784","trial_id":2,"param_name":"gamma","param_value_internal":1,"distribution":"{\"name\": \"CategoricalDistribution\", \"attributes\": {\"choices\": [0.99, 0.995, 0.999]}}"}
{"op_code":5,"worker_id":"2e30cdb5-0f67-4fdf-b4c1-2a81dd7823ad-26784","trial_id":2,"param_name":"gae-lambda","param_value_internal":0,"distribution":"{\"name\": \"CategoricalDistribution\", \"attributes\": {\"choices\": [0.9, 0.95, 0.98]}}"}
{"op_code":5,"worker_id":"2e30cdb5-0f67-4fdf-b4c1-2a81dd7823ad-26784","trial_id":2,"param_name":"clip-range","param_value_internal":0,"distribution":"{\"name\": \"CategoricalDistribution\", \"attributes\": {\"choices\": [0.1, 0.2, 0.3]}}"}
{"op_code":5,"worker_id":"2e30cdb5-0f67-4fdf-b4c1-2a81dd7823ad-26784","trial_id":2,"param_name":"ent-coef","param_value_internal":0.0012094311268425492,"distribution":"{\"name\": \"FloatDistribution\", \"attributes\": {\"step\": null, \"low\": 0.0001, \"high\": 0.03, \"log\": true}}"}
{"op_code":8,"worker_id":"2e30cdb5-0f67-4fdf-b4c1-2a81dd7823ad-26784","trial_id":2,"user_attr":{"train_argv":"--option 2 --reward-mode objective --objectives tardiness_sq --lambda-late 1.0 --lambda-energy 1.0 --power-model linear --difficulty off_tf05 --timesteps 300000 --save-tag tune_off_tf05_o2mlubrze_t2 --n-envs 4 --vec-backend subproc --seed 0 --algo ppo --markov-obs --lookahead --fixed-scaling --critic-arrivals --lateness-shaping --normalize-reward --event-idle --learning-rate 0.000494473 --rollout-size 4096 --batch-size 256 --n-epochs 10 --gamma 0.995 --gae-lambda 0.9 --clip-range 0.1 --ent-coef 0.00120943"}}
{"op_code":7,"worker_id":"2e30cdb5-0f67-4fdf-b4c1-2a81dd7823ad-26784","trial_id":2,"step":75000,"intermediate_value":47355.4}
{"op_code":7,"worker_id":"2e30cdb5-0f67-4fdf-b4c1-2a81dd7823ad-26784","trial_id":2,"step":150000,"intermediate_value":42296.0}
{"op_code":7,"worker_id":"2e30cdb5-0f67-4fdf-b4c1-2a81dd7823ad-26784","trial_id":2,"step":225000,"intermediate_value":39389.8}
{"op_code":6,"worker_id":"2e30cdb5-0f67-4fdf-b4c1-2a81dd7823ad-26784","trial_id":2,"state":1,"values":[35796.05],"datetime_complete":"2026-10-08T17:58:19.736641"}
{"op_code":4,"worker_id":"2e30cdb5-0f67-4fdf-b4c1-2a81dd7823ad-26784","study_id":0,"datetime_start":"2026-10-08T17:58:20.040103"}
{"op_code":5,"worker_id":"2e30cdb5-0f67-4fdf-b4c1-2a81dd7823ad-26784","trial_id":3,"param_name":"learning-rate","param_value_internal":0.0003463609921766881,"distribution":"{\"name\": \"FloatDistribution\", \"attributes\": {\"step\": null, \"low\": 3e-05, \"high\": 0.001, \"log\": true}}"}
{"op_code":5,"worker_id":"2e30cdb5-0f67-4fdf-b4c1-2a81dd7823ad-26784","trial_id":3,"param_name":"rollout-size","param_value_internal":2,"distribution":"{\"name\": \"CategoricalDistribution\", \"attributes\": {\"choices\": [2048, 4096, 8192, 16384]}}"}
{"op_code":5,"worker_id":"2e30cdb5-0f67-4fdf-b4c1-2a81dd7823ad-26784","trial_id":3,"param_name":"batch-size","param_value_internal":2,"distribution":"{\"name\": \"CategoricalDistribution\", \"attributes\": {\"choices\": [64, 256, 1024]}}"}
{"op_code":5,"worker_id":"2e30cdb5-0f67-4fdf-b4c1-2a81dd7823ad-26784","trial_id":3,"param_name":"n-epochs","param_value_internal":2,"distribution":"{\"name\": \"CategoricalDistribution\", \"attributes\": {\"choices\": [3, 5, 10]}}"}
{"op_code":5,"worker_id":"2e30cdb5-0f67-4fdf-b4c1-2a81dd7823ad-26784","trial_id":3,"param_name":"gamma","param_value_internal":1,"distribution":"{\"name\": \"CategoricalDistribution\", \"attributes\": {\"choices\": [0.99, 0.995, 0.999]}}"}
{"op_code":5,"worker_id":"2e30cdb5-0f67-4fdf-b4c1-2a81dd7823ad-26784","trial_id":3,"param_name":"gae-lambda","param_value_internal":0,"distribution":"{\"name\": \"CategoricalDistribution\", \"attributes\": {\"choices\": [0.9, 0.95, 0.98]}}"}
{"op_code":5,"worker_id":"2e30cdb5-0f67-4fdf-b4c1-2a81dd7823ad-26784","trial_id":3,"param_name":"clip-range","param_value_internal":0,"distribution":"{\"name\": \"CategoricalDistribution\", \"attributes\": {\"choices\": [0.1, 0.2, 0.3]}}"}
{"op_code":5,"worker_id":"2e30cdb5-0f67-4fdf-b4c1-2a81dd7823ad-26784","trial_id":3,"param_name":"ent-coef","param_value_internal":0.0042248177213228075,"distribution":"{\"name\": \"FloatDistribution\", \"attributes\": {\"step\": null, \"low\": 0.0001, \"high\": 0.03, \"log\": true}}"}
{"op_code":8,"worker_id":"2e30cdb5-0f67-4fdf-b4c1-2a81dd7823ad-26784","trial_id":3,"user_attr":{"train_argv":"--option 2 --reward-mode objective --objectives tardiness_sq --lambda-late 1.0 --lambda-energy 1.0 --power-model linear --difficulty off_tf05 --timesteps 300000 --save-tag tune_off_tf05_o2mlubrze_t3 --n-envs 4 --vec-backend subproc --seed 0 --algo ppo --markov-obs --lookahead --fixed-scaling --critic-arrivals --lateness-shaping --normalize-reward --event-idle --learning-rate 0.000346361 --rollout-size 8192 --batch-size 1024 --n-epochs 10 --gamma 0.995 --gae-lambda 0.9 --clip-range 0.1 --ent-coef 0.00422482"}}
{"op_code":7,"worker_id":"2e30cdb5-0f67-4fdf-b4c1-2a81dd7823ad-26784","trial_id":3,"step":75000,"intermediate_value":44628.6}
{"op_code":0,"worker_id":"93b5f76a-ff95-430d-af81-f7d7edb75e9b-36448","study_name":"off_tf05_o2mlubrze","directions":[1]}
{"op_code":7,"worker_id":"2e30cdb5-0f67-4fdf-b4c1-2a81dd7823ad-26784","trial_id":3,"step":150000,"intermediate_value":42863.2}
{"op_code":7,"worker_id":"2e30cdb5-0f67-4fdf-b4c1-2a81dd7823ad-26784","trial_id":3,"step":225000,"intermediate_value":39304.8}
{"op_code":6,"worker_id":"2e30cdb5-0f67-4fdf-b4c1-2a81dd7823ad-26784","trial_id":3,"state":1,"values":[36221.15],"datetime_complete":"2026-10-08T18:22:00.061920"}
{"op_code":4,"worker_id":"2e30cdb5-0f67-4fdf-b4c1-2a81dd7823ad-26784","study_id":0,"datetime_start":"2026-10-08T18:22:00.426161"}
{"op_code":5,"worker_id":"2e30cdb5-0f67-4fdf-b4c1-2a81dd7823ad-26784","trial_id":4,"param_name":"learning-rate","param_value_internal":4.8703159315306354e-05,"distribution":"{\"name\": \"FloatDistribution\", \"attributes\": {\"step\": null, \"low\": 3e-05, \"high\": 0.001, \"log\": true}}"}
{"op_code":5,"worker_id":"2e30cdb5-0f67-4fdf-b4c1-2a81dd7823ad-26784","trial_id":4,"param_name":"rollout-size","param_value_internal":2,"distribution":"{\"name\": \"CategoricalDistribution\", \"attributes\": {\"choices\": [2048, 4096, 8192, 16384]}}"}
{"op_code":5,"worker_id":"2e30cdb5-0f67-4fdf-b4c1-2a81dd7823ad-26784","trial_id":4,"param_name":"batch-size","param_value_internal":2,"distribution":"{\"name\": \"CategoricalDistribution\", \"attributes\": {\"choices\": [64, 256, 1024]}}"}
{"op_code":5,"worker_id":"2e30cdb5-0f67-4fdf-b4c1-2a81dd7823ad-26784","trial_id":4,"param_name":"n-epochs","param_value_internal":1,"distribution":"{\"name\": \"CategoricalDistribution\", \"attributes\": {\"choices\": [3, 5, 10]}}"}
{"op_code":5,"worker_id":"2e30cdb5-0f67-4fdf-b4c1-2a81dd7823ad-26784","trial_id":4,"param_name":"gamma","param_value_internal":0,"distribution":"{\"name\": \"CategoricalDistribution\", \"attributes\": {\"choices\": [0.99, 0.995, 0.999]}}"}
{"op_code":5,"worker_id":"2e30cdb5-0f67-4fdf-b4c1-2a81dd7823ad-26784","trial_id":4,"param_name":"gae-lambda","param_value_internal":1,"distribution":"{\"name\": \"CategoricalDistribution\", \"attributes\": {\"choices\": [0.9, 0.95, 0.98]}}"}
{"op_code":5,"worker_id":"2e30cdb5-0f67-4fdf-b4c1-2a81dd7823ad-26784","trial_id":4,"param_name":"clip-range","param_value_internal":1,"distribution":"{\"name\": \"CategoricalDistribution\", \"attributes\": {\"choices\": [0.1, 0.2, 0.3]}}"}
{"op_code":5,"worker_id":"2e30cdb5-0f67-4fdf-b4c1-2a81dd7823ad-26784","trial_id":4,"param_name":"ent-coef","param_value_internal":0.005192032534497486,"distribution":"{\"name\": \"FloatDistribution\", \"attributes\": {\"step\": null, \"low\": 0.0001, \"high\": 0.03, \"log\": true}}"}
{"op_code":8,"worker_id":"2e30cdb5-0f67-4fdf-b4c1-2a81dd7823ad-26784","trial_id":4,"user_attr":{"train_argv":"--option 2 --reward-mode objective --objectives tardiness_sq --lambda-late 1.0 --lambda-energy 1.0 --power-model linear --difficulty off_tf05 --timesteps 300000 --save-tag tune_off_tf05_o2mlubrze_t4 --n-envs 4 --vec-backend subproc --seed 0 --algo ppo --markov-obs --lookahead --fixed-scaling --critic-arrivals --lateness-shaping --normalize-reward --event-idle --learning-rate 4.87032e-05 --rollout-size 8192 --batch-size 1024 --n-epochs 5 --gamma 0.99 --gae-lambda 0.95 --clip-range 0.2 --ent-coef 0.00519203"}}
{"op_code":7,"worker_id":"2e30cdb5-0f67-4fdf-b4c1-2a81dd7823ad-26784","trial_id":4,"step":75000,"intermediate_value":83143.8}
{"op_code":7,"worker_id":"2e30cdb5-0f67-4fdf-b4c1-2a81dd7823ad-26784","trial_id":4,"step":150000,"intermediate_value":75090.0}
{"op_code":7,"worker_id":"2e30cdb5-0f67-4fdf-b4c1-2a81dd7823ad-26784","trial_id":4,"step":225000,"intermediate_value":62668.0}
{"op_code":6,"worker_id":"2e30cdb5-0f67-4fdf-b4c1-2a81dd7823ad-26784","trial_id":4,"state":1,"values":[51324.55],"datetime_complete":"2026-10-08T18:35:34.052939"}
{"op_code":4,"worker_id":"2e30cdb5-0f67-4fdf-b4c1-2a81dd7823ad-26784","study_id":0,"datetime_start":"2026-10-08T18:35:34.318244"}
{"op_code":5,"worker_id":"2e30cdb5-0f67-4fdf-b4c1-2a81dd7823ad-26784","trial_id":5,"param_name":"learning-rate","param_value_internal":0.00021876939530160837,"distribution":"{\"name\": \"FloatDistribution\", \"attributes\": {\"step\": null, \"low\": 3e-05, \"high\": 0.001, \"log\": true}}"}
{"op_code":5,"worker_id":"2e30cdb5-0f67-4fdf-b4c1-2a81dd7823ad-26784","trial_id":5,"param_name":"rollout-size","param_value_internal":3,"distribution":"{\"name\": \"CategoricalDistribution\", \"attributes\": {\"choices\": [2048, 4096, 8192, 16384]}}"}
{"op_code":5,"worker_id":"2e30cdb5-0f67-4fdf-b4c1-2a81dd7823ad-26784","trial_id":5,"param_name":"batch-size","param_value_internal":0,"distribution":"{\"name\": \"CategoricalDistribution\", \"attributes\": {\"choices\": [64, 256, 1024]}}"}
{"op_code":5,"worker_id":"2e30cdb5-0f67-4fdf-b4c1-2a81dd7823ad-26784","trial_id":5,"param_name":"n-epochs","param_value_internal":1,"distribution":"{\"name\": \"CategoricalDistribution\", \"attributes\": {\"choices\": [3, 5, 10]}}"}
{"op_code":5,"worker_id":"2e30cdb5-0f67-4fdf-b4c1-2a81dd7823ad-26784","trial_id":5,"param_name":"gamma","param_value_internal":1,"distribution":"{\"name\": \"CategoricalDistribution\", \"attributes\": {\"choices\": [0.99, 0.995, 0.999]}}"}
{"op_code":5,"worker_id":"2e30cdb5-0f67-4fdf-b4c1-2a81dd7823ad-26784","trial_id":5,"param_name":"gae-lambda","param_value_internal":0,"distribution":"{\"name\": \"CategoricalDistribution\", \"attributes\": {\"choices\": [0.9, 0.95, 0.98]}}"}
{"op_code":5,"worker_id":"2e30cdb5-0f67-4fdf-b4c1-2a81dd7823ad-26784","trial_id":5,"param_name":"clip-range","param_value_internal":2,"distribution":"{\"name\": \"CategoricalDistribution\", \"attributes\": {\"choices\": [0.1, 0.2, 0.3]}}"}
{"op_code":5,"worker_id":"2e30cdb5-0f67-4fdf-b4c1-2a81dd7823ad-26784","trial_id":5,"param_name":"ent-coef","param_value_internal":0.000413229862740349,"distribution":"{\"name\": \"FloatDistribution\", \"attributes\": {\"step\": null, \"low\": 0.0001, \"high\": 0.03, \"log\": true}}"}
{"op_code":8,"worker_id":"2e30cdb5-0f67-4fdf-b4c1-2a81dd7823ad-26784","trial_id":5,"user_attr":{"train_argv":"--option 2 --reward-mode objective --objectives tardiness_sq --lambda-late 1.0 --lambda-energy 1.0 --power-model linear --difficulty off_tf05 --timesteps 300000 --save-tag tune_off_tf05_o2mlubrze_t5 --n-envs 4 --vec-backend subproc --seed 0 --algo ppo --markov-obs --lookahead --fixed-scaling --critic-arrivals --lateness-shaping --normalize-reward --event-idle --learning-rate 0.000218769 --rollout-size 16384 --batch-size 64 --n-epochs 5 --gamma 0.995 --gae-lambda 0.9 --clip-range 0.3 --ent-coef 0.00041323"}}
{"op_code":7,"worker_id":"2e30cdb5-0f67-4fdf-b4c1-2a81dd7823ad-26784","trial_id":5,"step":75000,"intermediate_value":44617.2}
{"op_code":7,"worker_id":"2e30cdb5-0f67-4fdf-b4c1-2a81dd7823ad-26784","trial_id":5,"step":150000,"intermediate_value":38843.6}
{"op_code":7,"worker_id":"2e30cdb5-0f67-4fdf-b4c1-2a81dd7823ad-26784","trial_id":5,"step":225000,"intermediate_value":36739.0}
{"op_code":6,"worker_id":"2e30cdb5-0f67-4fdf-b4c1-2a81dd7823ad-26784","trial_id":5,"state":1,"values":[36126.55],"datetime_complete":"2026-10-08T18:48:13.384929"}
{"op_code":4,"worker_id":"2e30cdb5-0f67-4fdf-b4c1-2a81dd7823ad-26784","study_id":0,"datetime_start":"2026-10-08T18:48:13.659359"}
{"op_code":5,"worker_id":"2e30cdb5-0f67-4fdf-b4c1-2a81dd7823ad-26784","trial_id":6,"param_name":"learning-rate","param_value_internal":0.00022622417507807115,"distribution":"{\"name\": \"FloatDistribution\", \"attributes\": {\"step\": null, \"low\": 3e-05, \"high\": 0.001, \"log\": true}}"}
{"op_code":5,"worker_id":"2e30cdb5-0f67-4fdf-b4c1-2a81dd7823ad-26784","trial_id":6,"param_name":"rollout-size","param_value_internal":3,"distribution":"{\"name\": \"CategoricalDistribution\", \"attributes\": {\"choices\": [2048, 4096, 8192, 16384]}}"}
{"op_code":5,"worker_id":"2e30cdb5-0f67-4fdf-b4c1-2a81dd7823ad-26784","trial_id":6,"param_name":"batch-size","param_value_internal":1,"distribution":"{\"name\": \"CategoricalDistribution\", \"attributes\": {\"choices\": [64, 256, 1024]}}"}
{"op_code":5,"worker_id":"2e30cdb5-0f67-4fdf-b4c1-2a81dd7823ad-26784","trial_id":6,"param_name":"n-epochs","param_value_internal":1,"distribution":"{\"name\": \"CategoricalDistribution\", \"attributes\": {\"choices\": [3, 5, 10]}}"}
{"op_code":5,"worker_id":"2e30cdb5-0f67-4fdf-b4c1-2a81dd7823ad-26784","trial_id":6,"param_name":"gamma","param_value_internal":2,"distribution":"{\"name\": \"CategoricalDistribution\", \"attributes\": {\"choices\": [0.99, 0.995, 0.999]}}"}
{"op_code":5,"worker_id":"2e30cdb5-0f67-4fdf-b4c1-2a81dd7823ad-26784","trial_id":6,"param_name":"gae-lambda","param_value_internal":1,"distribution":"{\"name\": \"CategoricalDistribution\", \"attributes\": {\"choices\": [0.9, 0.95, 0.98]}}"}
{"op_code":5,"worker_id":"2e30cdb5-0f67-4fdf-b4c1-2a81dd7823ad-26784","trial_id":6,"param_name":"clip-range","param_value_internal":0,"distribution":"{\"name\": \"CategoricalDistribution\", \"attributes\": {\"choices\": [0.1, 0.2, 0.3]}}"}
{"op_code":5,"worker_id":"2e30cdb5-0f67-4fdf-b4c1-2a81dd7823ad-26784","trial_id":6,"param_name":"ent-coef","param_value_internal":0.0031776753088383902,"distribution":"{\"name\": \"FloatDistribution\", \"attributes\": {\"step\": null, \"low\": 0.0001, \"high\": 0.03, \"log\": true}}"}
{"op_code":8,"worker_id":"2e30cdb5-0f67-4fdf-b4c1-2a81dd7823ad-26784","trial_id":6,"user_attr":{"train_argv":"--option 2 --reward-mode objective --objectives tardiness_sq --lambda-late 1.0 --lambda-energy 1.0 --power-model linear --difficulty off_tf05 --timesteps 300000 --save-tag tune_off_tf05_o2mlubrze_t6 --n-envs 4 --vec-backend subproc --seed 0 --algo ppo --markov-obs --lookahead --fixed-scaling --critic-arrivals --lateness-shaping --normalize-reward --event-idle --learning-rate 0.000226224 --rollout-size 16384 --batch-size 256 --n-epochs 5 --gamma 0.999 --gae-lambda 0.95 --clip-range 0.1 --ent-coef 0.00317768"}}
{"op_code":7,"worker_id":"2e30cdb5-0f67-4fdf-b4c1-2a81dd7823ad-26784","trial_id":6,"step":75000,"intermediate_value":52955.8}
{"op_code":6,"worker_id":"2e30cdb5-0f67-4fdf-b4c1-2a81dd7823ad-26784","trial_id":6,"state":2,"values":[52955.8],"datetime_complete":"2026-10-08T18:51:16.615091"}
{"op_code":4,"worker_id":"2e30cdb5-0f67-4fdf-b4c1-2a81dd7823ad-26784","study_id":0,"datetime_start":"2026-10-08T18:51:16.930782"}
{"op_code":5,"worker_id":"2e30cdb5-0f67-4fdf-b4c1-2a81dd7823ad-26784","trial_id":7,"param_name":"learning-rate","param_value_internal":3.208855558609467e-05,"distribution":"{\"name\": \"FloatDistribution\", \"attributes\": {\"step\": null, \"low\": 3e-05, \"high\": 0.001, \"log\": true}}"}
{"op_code":5,"worker_id":"2e30cdb5-0f67-4fdf-b4c1-2a81dd7823ad-26784","trial_id":7,"param_name":"rollout-size","param_value_internal":1,"distribution":"{\"name\": \"CategoricalDistribution\", \"attributes\": {\"choices\": [2048, 4096, 8192, 16384]}}"}
{"op_code":5,"worker_id":"2e30cdb5-0f67-4fdf-b4c1-2a81dd7823ad-26784","trial_id":7,"param_name":"batch-size","param_value_internal":0,"distribution":"{\"name\": \"CategoricalDistribution\", \"attributes\": {\"choices\": [64, 256, 1024]}}"}
{"op_code":5,"worker_id":"2e30cdb5-0f67-4fdf-b4c1-2a81dd7823ad-26784","trial_id":7,"param_name":"n-epochs","param_value_internal":1,"distribution":"{\"name\": \"CategoricalDistribution\", \"attributes\": {\"choices\": [3, 5, 10]}}"}
{"op_code":5,"worker_id":"2e30cdb5-0f67-4fdf-b4c1-2a81dd7823ad-26784","trial_id":7,"param_name":"gamma","param_value_internal":0,"distribution":"{\"name\": \"CategoricalDistribution\", \"attributes\": {\"choices\": [0.99, 0.995, 0.999]}}"}
{"op_code":5,"worker_id":"2e30cdb5-0f67-4fdf-b4c1-2a81dd7823ad-26784","trial_id":7,"param_name":"gae-lambda","param_value_internal":0,"distribution":"{\"name\": \"CategoricalDistribution\", \"attributes\": {\"choices\": [0.9, 0.95, 0.98]}}"}
{"op_code":5,"worker_id":"2e30cdb5-0f67-4fdf-b4c1-2a81dd7823ad-26784","trial_id":7,"param_name":"clip-range","param_value_internal":0,"distribution":"{\"name\": \"CategoricalDistribution\", \"attributes\": {\"choices\": [0.1, 0.2, 0.3]}}"}
{"op_code":5,"worker_id":"2e30cdb5-0f67-4fdf-b4c1-2a81dd7823ad-26784","trial_id":7,"param_name":"ent-coef","param_value_internal":0.00017712267105509928,"distribution":"{\"name\": \"FloatDistribution\", \"attributes\": {\"step\": null, \"low\": 0.0001, \"high\": 0.03, \"log\": true}}"}
{"op_code":8,"worker_id":"2e30cdb5-0f67-4fdf-b4c1-2a81dd7823ad-26784","trial_id":7,"user_attr":{"train_argv":"--option 2 --reward-mode objective --objectives tardiness_sq --lambda-late 1.0 --lambda-energy 1.0 --power-model linear --difficulty off_tf05 --timesteps 300000 --save-tag tune_off_tf05_o2mlubrze_t7 --n-envs 4 --vec-backend subproc --seed 0 --algo ppo --markov-obs --lookahead --fixed-scaling --critic-arrivals --lateness-shaping --normalize-reward --event-idle --learning-rate 3.20886e-05 --rollout-size 4096 --batch-size 64 --n-epochs 5 --gamma 0.99 --gae-lambda 0.9 --clip-range 0.1 --ent-coef 0.000177123"}}
{"op_code":7,"worker_id":"2e30cdb5-0f67-4fdf-b4c1-2a81dd7823ad-26784","trial_id":7,"step":75000,"intermediate_value":61185.8}
{"op_code":6,"worker_id":"2e30cdb5-0f67-4fdf-b4c1-2a81dd7823ad-26784","trial_id":7,"state":2,"values":[61185.8],"datetime_complete":"2026-10-08T18:54:25.629520"}
{"op_code":4,"worker_id":"2e30cdb5-0f67-4fdf-b4c1-2a81dd7823ad-26784","study_id":0,"datetime_start":"2026-10-08T18:54:25.939112"}
{"op_code":5,"worker_id":"2e30cdb5-0f67-4fdf-b4c1-2a81dd7823ad-26784","trial_id":8,"param_name":"learning-rate","param_value_internal":0.0007540181221018431,"distribution":"{\"name\": \"FloatDistribution\", \"attributes\": {\"step\": null, \"low\": 3e-05, \"high\": 0.001, \"log\": true}}"}
{"op_code":5,"worker_id":"2e30cdb5-0f67-4fdf-b4c1-2a81dd7823ad-26784","trial_id":8,"param_name":"rollout-size","param_value_internal":1,"distribution":"{\"name\": \"CategoricalDistribution\", \"attributes\": {\"choices\": [2048, 4096, 8192, 16384]}}"}
{"op_code":5,"worker_id":"2e30cdb5-0f67-4fdf-b4c1-2a81dd7823ad-26784","trial_id":8,"param_name":"batch-size","param_value_internal":1,"distribution":"{\"name\": \"CategoricalDistribution\", \"attributes\": {\"choices\": [64, 256, 1024]}}"}
{"op_code":5,"worker_id":"2e30cdb5-0f67-4fdf-b4c1-2a81dd7823ad-26784","trial_id":8,"param_name":"n-epochs","param_value_internal":0,"distribution":"{\"name\": \"CategoricalDistribution\", \"attributes\": {\"choices\": [3, 5, 10]}}"}
{"op_code":5,"worker_id":"2e30cdb5-0f67-4fdf-b4c1-2a81dd7823ad-26784","trial_id":8,"param_name":"gamma","param_value_internal":2,"distribution":"{\"name\": \"CategoricalDistribution\", \"attributes\": {\"choices\": [0.99, 0.995, 0.999]}}"}
{"op_code":5,"worker_id":"2e30cdb5-0f67-4fdf-b4c1-2a81dd7823ad-26784","trial_id":8,"param_name":"gae-lambda","param_value_internal":2,"distribution":"{\"name\": \"CategoricalDistribution\", \"attributes\": {\"choices\": [0.9, 0.95, 0.98]}}"}
{"op_code":5,"worker_id":"2e30cdb5-0f67-4fdf-b4c1-2a81dd7823ad-26784","trial_id":8,"param_name":"clip-range","param_value_internal":0,"distribution":"{\"name\": \"CategoricalDistribution\", \"attributes\": {\"choices\": [0.1, 0.2, 0.3]}}"}
{"op_code":5,"worker_id":"2e30cdb5-0f67-4fdf-b4c1-2a81dd7823ad-26784","trial_id":8,"param_name":"ent-coef","param_value_internal":0.000779308323413374,"distribution":"{\"name\": \"FloatDistribution\", \"attributes\": {\"step\": null, \"low\": 0.0001, \"high\": 0.03, \"log\": true}}"}
{"op_code":8,"worker_id":"2e30cdb5-0f67-4fdf-b4c1-2a81dd7823ad-26784","trial_id":8,"user_attr":{"train_argv":"--option 2 --reward-mode objective --objectives tardiness_sq --lambda-late 1.0 --lambda-energy 1.0 --power-model linear --difficulty off_tf05 --timesteps 300000 --save-tag tune_off_tf05_o2mlubrze_t8 --n-envs 4 --vec-backend subproc --seed 0 --algo ppo --markov-obs --lookahead --fixed-scaling --critic-arrivals --lateness-shaping --normalize-reward --event-idle --learning-rate 0.000754018 --rollout-size 4096 --batch-size 256 --n-epochs 3 --gamma 0.999 --gae-lambda 0.98 --clip-range 0.1 --ent-coef 0.000779308"}}
{"op_code":7,"worker_id":"2e30cdb5-0f67-4fdf-b4c1-2a81dd7823ad-26784","trial_id":8,"step":75000,"intermediate_value":43401.4}
{"op_code":7,"worker_id":"2e30cdb5-0f67-4fdf-b4c1-2a81dd7823ad-26784","trial_id":8,"step":150000,"intermediate_value":38944.2}
{"op_code":7,"worker_id":"2e30cdb5-0f67-4fdf-b4c1-2a81dd7823ad-26784","trial_id":8,"step":225000,"intermediate_value":36275.8}
{"op_code":6,"worker_id":"2e30cdb5-0f67-4fdf-b4c1-2a81dd7823ad-26784","trial_id":8,"state":1,"values":[33108.8],"datetime_complete":"2026-10-08T19:04:13.153796"}
{"op_code":4,"worker_id":"2e30cdb5-0f67-4fdf-b4c1-2a81dd7823ad-26784","study_id":0,"datetime_start":"2026-10-08T19:04:13.481088"}
{"op_code":5,"worker_id":"2e30cdb5-0f67-4fdf-b4c1-2a81dd7823ad-26784","trial_id":9,"param_name":"learning-rate","param_value_internal":0.0003879791314675207,"distribution":"{\"name\": \"FloatDistribution\", \"attributes\": {\"step\": null, \"low\": 3e-05, \"high\": 0.001, \"log\": true}}"}
{"op_code":5,"worker_id":"2e30cdb5-0f67-4fdf-b4c1-2a81dd7823ad-26784","trial_id":9,"param_name":"rollout-size","param_value_internal":1,"distribution":"{\"name\": \"CategoricalDistribution\", \"attributes\": {\"choices\": [2048, 4096, 8192, 16384]}}"}
{"op_code":5,"worker_id":"2e30cdb5-0f67-4fdf-b4c1-2a81dd7823ad-26784","trial_id":9,"param_name":"batch-size","param_value_internal":1,"distribution":"{\"name\": \"CategoricalDistribution\", \"attributes\": {\"choices\": [64, 256, 1024]}}"}
{"op_code":5,"worker_id":"2e30cdb5-0f67-4fdf-b4c1-2a81dd7823ad-26784","trial_id":9,"param_name":"n-epochs","param_value_internal":1,"distribution":"{\"name\": \"CategoricalDistribution\", \"attributes\": {\"choices\": [3, 5, 10]}}"}
{"op_code":5,"worker_id":"2e30cdb5-0f67-4fdf-b4c1-2a81dd7823ad-26784","trial_id":9,"param_name":"gamma","param_value_internal":2,"distribution":"{\"name\": \"CategoricalDistribution\", \"attributes\": {\"choices\": [0.99, 0.995, 0.999]}}"}
{"op_code":5,"worker_id":"2e30cdb5-0f67-4fdf-b4c1-2a81dd7823ad-26784","trial_id":9,"param_name":"gae-lambda","param_value_internal":2,"distribution":"{\"name\": \"CategoricalDistribution\", \"attributes\": {\"choices\": [0.9, 0.95, 0.98]}}"}
{"op_code":5,"worker_id":"2e30cdb5-0f67-4fdf-b4c1-2a81dd7823ad-26784","trial_id":9,"param_name":"clip-range","param_value_internal":0,"distribution":"{\"name\": \"CategoricalDistribution\", \"attributes\": {\"choices\": [0.1, 0.2, 0.3]}}"}
{"op_code":5,"worker_id":"2e30cdb5-0f67-4fdf-b4c1-2a81dd7823ad-26784","trial_id":9,"param_name":"ent-coef","param_value_internal":0.006435774191713849,"distribution":"{\"name\": \"FloatDistribution\", \"attributes\": {\"step\": null, \"low\": 0.0001, \"high\": 0.03, \"log\": true}}"}
{"op_code":8,"worker_id":"2e30cdb5-0f67-4fdf-b4c1-2a81dd7823ad-26784","trial_id":9,"user_attr":{"train_argv":"--option 2 --reward-mode objective --objectives tardiness_sq --lambda-late 1.0 --lambda-energy 1.0 --power-model linear --difficulty off_tf05 --timesteps 300000 --save-tag tune_off_tf05_o2mlubrze_t9 --n-envs 4 --vec-backend subproc --seed 0 --algo ppo --markov-obs --lookahead --fixed-scaling --critic-arrivals --lateness-shaping --normalize-reward --event-idle --learning-rate 0.000387979 --rollout-size 4096 --batch-size 256 --n-epochs 5 --gamma 0.999 --gae-lambda 0.98 --clip-range 0.1 --ent-coef 0.00643577"}}
{"op_code":7,"worker_id":"2e30cdb5-0f67-4fdf-b4c1-2a81dd7823ad-26784","trial_id":9,"step":75000,"intermediate_value":49228.0}
{"op_code":6,"worker_id":"2e30cdb5-0f67-4fdf-b4c1-2a81dd7823ad-26784","trial_id":9,"state":2,"values":[49228.0],"datetime_complete":"2026-10-08T19:07:41.056157"}
{"op_code":4,"worker_id":"2e30cdb5-0f67-4fdf-b4c1-2a81dd7823ad-26784","study_id":0,"datetime_start":"2026-10-08T19:07:41.350409"}
{"op_code":5,"worker_id":"2e30cdb5-0f67-4fdf-b4c1-2a81dd7823ad-26784","trial_id":10,"param_name":"learning-rate","param_value_internal":0.0008424982598478627,"distribution":"{\"name\": \"FloatDistribution\", \"attributes\": {\"step\": null, \"low\": 3e-05, \"high\": 0.001, \"log\": true}}"}
{"op_code":5,"worker_id":"2e30cdb5-0f67-4fdf-b4c1-2a81dd7823ad-26784","trial_id":10,"param_name":"rollout-size","param_value_internal":0,"distribution":"{\"name\": \"CategoricalDistribution\", \"attributes\": {\"choices\": [2048, 4096, 8192, 16384]}}"}
{"op_code":5,"worker_id":"2e30cdb5-0f67-4fdf-b4c1-2a81dd7823ad-26784","trial_id":10,"param_name":"batch-size","param_value_internal":1,"distribution":"{\"name\": \"CategoricalDistribution\", \"attributes\": {\"choices\": [64, 256, 1024]}}"}
{"op_code":5,"worker_id":"2e30cdb5-0f67-4fdf-b4c1-2a81dd7823ad-26784","trial_id":10,"param_name":"n-epochs","param_value_internal":0,"distribution":"{\"name\": \"CategoricalDistribution\", \"attributes\": {\"choices\": [3, 5, 10]}}"}
{"op_code":5,"worker_id":"2e30cdb5-0f67-4fdf-b4c1-2a81dd7823ad-26784","trial_id":10,"param_name":"gamma","param_value_internal":2,"distribution":"{\"name\": \"CategoricalDistribution\", \"attributes\": {\"choices\": [0.99, 0.995, 0.999]}}"}
{"op_code":5,"worker_id":"2e30cdb5-0f67-4fdf-b4c1-2a81dd7823ad-26784","trial_id":10,"param_name":"gae-lambda","param_value_internal":2,"distribution":"{\"name\": \"CategoricalDistribution\", \"attributes\": {\"choices\": [0.9, 0.95, 0.98]}}"}
{"op_code":5,"worker_id":"2e30cdb5-0f67-4fdf-b4c1-2a81dd7823ad-26784","trial_id":10,"param_name":"clip-range","param_value_internal":1,"distribution":"{\"name\": \"CategoricalDistribution\", \"attributes\": {\"choices\": [0.1, 0.2, 0.3]}}"}
{"op_code":5,"worker_id":"2e30cdb5-0f67-4fdf-b4c1-2a81dd7823ad-26784","trial_id":10,"param_name":"ent-coef","param_value_internal":0.02334935245986177,"distribution":"{\"name\": \"FloatDistribution\", \"attributes\": {\"step\": null, \"low\": 0.0001, \"high\": 0.03, \"log\": true}}"}
{"op_code":8,"worker_id":"2e30cdb5-0f67-4fdf-b4c1-2a81dd7823ad-26784","trial_id":10,"user_attr":{"train_argv":"--option 2 --reward-mode objective --objectives tardiness_sq --lambda-late 1.0 --lambda-energy 1.0 --power-model linear --difficulty off_tf05 --timesteps 300000 --save-tag tune_off_tf05_o2mlubrze_t10 --n-envs 4 --vec-backend subproc --seed 0 --algo ppo --markov-obs --lookahead --fixed-scaling --critic-arrivals --lateness-shaping --normalize-reward --event-idle --learning-rate 0.000842498 --rollout-size 2048 --batch-size 256 --n-epochs 3 --gamma 0.999 --gae-lambda 0.98 --clip-range 0.2 --ent-coef 0.0233494"}}
{"op_code":7,"worker_id":"2e30cdb5-0f67-4fdf-b4c1-2a81dd7823ad-26784","trial_id":10,"step":75000,"intermediate_value":34101.6}
{"op_code":7,"worker_id":"2e30cdb5-0f67-4fdf-b4c1-2a81dd7823ad-26784","trial_id":10,"step":150000,"intermediate_value":28695.4}
{"op_code":7,"worker_id":"2e30cdb5-0f67-4fdf-b4c1-2a81dd7823ad-26784","trial_id":10,"step":225000,"intermediate_value":27955.2}
{"op_code":6,"worker_id":"2e30cdb5-0f67-4fdf-b4c1-2a81dd7823ad-26784","trial_id":10,"state":1,"values":[28566.2],"datetime_complete":"2026-10-08T19:17:28.582718"}
{"op_code":4,"worker_id":"2e30cdb5-0f67-4fdf-b4c1-2a81dd7823ad-26784","study_id":0,"datetime_start":"2026-10-08T19:17:28.899300"}
{"op_code":5,"worker_id":"2e30cdb5-0f67-4fdf-b4c1-2a81dd7823ad-26784","trial_id":11,"param_name":"learning-rate","param_value_internal":0.000987607285558256,"distribution":"{\"name\": \"FloatDistribution\", \"attributes\": {\"step\": null, \"low\": 3e-05, \"high\": 0.001, \"log\": true}}"}
{"op_code":5,"worker_id":"2e30cdb5-0f67-4fdf-b4c1-2a81dd7823ad-26784","trial_id":11,"param_name":"rollout-size","param_value_internal":0,"distribution":"{\"name\": \"CategoricalDistribution\", \"attributes\": {\"choices\": [2048, 4096, 8192, 16384]}}"}
{"op_code":5,"worker_id":"2e30cdb5-0f67-4fdf-b4c1-2a81dd7823ad-26784","trial_id":11,"param_name":"batch-size","param_value_internal":1,"distribution":"{\"name\": \"CategoricalDistribution\", \"attributes\": {\"choices\": [64, 256, 1024]}}"}
{"op_code":5,"worker_id":"2e30cdb5-0f67-4fdf-b4c1-2a81dd7823ad-26784","trial_id":11,"param_name":"n-epochs","param_value_internal":0,"distribution":"{\"name\": \"CategoricalDistribution\", \"attributes\": {\"choices\": [3, 5, 10]}}"}
{"op_code":5,"worker_id":"2e30cdb5-0f67-4fdf-b4c1-2a81dd7823ad-26784","trial_id":11,"param_name":"gamma","param_value_internal":2,"distribution":"{\"name\": \"CategoricalDistribution\", \"attributes\": {\"choices\": [0.99, 0.995, 0.999]}}"}
{"op_code":5,"worker_id":"2e30cdb5-0f67-4fdf-b4c1-2a81dd7823ad-26784","trial_id":11,"param_name":"gae-lambda","param_value_internal":2,"distribution":"{\"name\": \"CategoricalDistribution\", \"attributes\": {\"choices\": [0.9, 0.95, 0.98]}}"}
{"op_code":5,"worker_id":"2e30cdb5-0f67-4fdf-b4c1-2a81dd7823ad-26784","trial_id":11,"param_name":"clip-range","param_value_internal":1,"distribution":"{\"name\": \"CategoricalDistribution\", \"attributes\": {\"choices\": [0.1, 0.2, 0.3]}}"}
{"op_code":5,"worker_id":"2e30cdb5-0f67-4fdf-b4c1-2a81dd7823ad-26784","trial_id":11,"param_name":"ent-coef","param_value_internal":0.027937616027285804,"distribution":"{\"name\": \"FloatDistribution\", \"attributes\": {\"step\": null, \"low\": 0.0001, \"high\": 0.03, \"log\": true}}"}
{"op_code":8,"worker_id":"2e30cdb5-0f67-4fdf-b4c1-2a81dd7823ad-26784","trial_id":11,"user_attr":{"train_argv":"--option 2 --reward-mode objective --objectives tardiness_sq --lambda-late 1.0 --lambda-energy 1.0 --power-model linear --difficulty off_tf05 --timesteps 300000 --save-tag tune_off_tf05_o2mlubrze_t11 --n-envs 4 --vec-backend subproc --seed 0 --algo ppo --markov-obs --lookahead --fixed-scaling --critic-arrivals --lateness-shaping --normalize-reward --event-idle --learning-rate 0.000987607 --rollout-size 2048 --batch-size 256 --n-epochs 3 --gamma 0.999 --gae-lambda 0.98 --clip-range 0.2 --ent-coef 0.0279376"}}
{"op_code":7,"worker_id":"2e30cdb5-0f67-4fdf-b4c1-2a81dd7823ad-26784","trial_id":11,"step":75000,"intermediate_value":29714.0}
{"op_code":7,"worker_id":"2e30cdb5-0f67-4fdf-b4c1-2a81dd7823ad-26784","trial_id":11,"step":150000,"intermediate_value":25427.8}
{"op_code":7,"worker_id":"2e30cdb5-0f67-4fdf-b4c1-2a81dd7823ad-26784","trial_id":11,"step":225000,"intermediate_value":24831.8}
{"op_code":6,"worker_id":"2e30cdb5-0f67-4fdf-b4c1-2a81dd7823ad-26784","trial_id":11,"state":1,"values":[29977.8],"datetime_complete":"2026-10-08T19:27:11.385836"}
{"op_code":0,"worker_id":"959e685f-e808-4c13-9d1b-8af38fc84c90-38104","study_name":"off_tf05_o2mlubrze","directions":[1]}
{"op_code":0,"worker_id":"bc007646-6ac1-4d5a-b42f-bf839b4f29da-14432","study_name":"off_tf05_o2mlubrze","directions":[1]}
{"op_code":0,"worker_id":"9ffa0a22-f2aa-4278-b1fd-2dc3ac719ad5-36512","study_name":"off_tf05_o2mlubrze","directions":[1]}
{"op_code":0,"worker_id":"1bdbfd82-cdcb-41fc-b531-d9ce170cf0ab-14944","study_name":"off_tf05_o2mlubrze","directions":[1]}
{"op_code":0,"worker_id":"208e00b8-3d71-4f67-87c2-3dccedeb84a2-39076","study_name":"off_tf05_o2mlubrze","directions":[1]}
