{"op_code":0,"worker_id":"dc1ad6cf-63a9-4db1-ba57-f2982b62df69-27832","study_name":"on_rho095_o3wnm_a2c","directions":[1]}
{"op_code":4,"worker_id":"dc1ad6cf-63a9-4db1-ba57-f2982b62df69-27832","study_id":0,"datetime_start":"2026-10-06T07:10:52.552178"}
{"op_code":5,"worker_id":"dc1ad6cf-63a9-4db1-ba57-f2982b62df69-27832","trial_id":0,"param_name":"learning-rate","param_value_internal":0.0006466422717414558,"distribution":"{\"name\": \"FloatDistribution\", \"attributes\": {\"step\": null, \"low\": 0.0001, \"high\": 0.003, \"log\": true}}"}
{"op_code":5,"worker_id":"dc1ad6cf-63a9-4db1-ba57-f2982b62df69-27832","trial_id":0,"param_name":"rollout-size","param_value_internal":0,"distribution":"{\"name\": \"CategoricalDistribution\", \"attributes\": {\"choices\": [20, 80, 320]}}"}
{"op_code":5,"worker_id":"dc1ad6cf-63a9-4db1-ba57-f2982b62df69-27832","trial_id":0,"param_name":"gamma","param_value_internal":1,"distribution":"{\"name\": \"CategoricalDistribution\", \"attributes\": {\"choices\": [0.99, 0.995, 0.999]}}"}
{"op_code":5,"worker_id":"dc1ad6cf-63a9-4db1-ba57-f2982b62df69-27832","trial_id":0,"param_name":"gae-lambda","param_value_internal":1,"distribution":"{\"name\": \"CategoricalDistribution\", \"attributes\": {\"choices\": [0.9, 0.95, 1.0]}}"}
{"op_code":5,"worker_id":"dc1ad6cf-63a9-4db1-ba57-f2982b62df69-27832","trial_id":0,"param_name":"ent-coef","param_value_internal":0.009145320282946534,"distribution":"{\"name\": \"FloatDistribution\", \"attributes\": {\"step\": null, \"low\": 0.0001, \"high\": 0.03, \"log\": true}}"}
{"op_code":8,"worker_id":"dc1ad6cf-63a9-4db1-ba57-f2982b62df69-27832","trial_id":0,"user_attr":{"train_argv":"--option 3 --reward-mode objective --objectives tardiness_sq --lambda-late 1.0 --lambda-energy 1.0 --power-model linear --difficulty on_rho095 --timesteps 100000 --save-tag tune_on_rho095_o3wnm_a2c_t0 --n-envs 4 --vec-backend subproc --seed 0 --algo a2c --markov-obs --work-conserving --window-size 20 --learning-rate 0.000646642 --rollout-size 20 --gamma 0.995 --gae-lambda 0.95 --ent-coef 0.00914532"}}
{"op_code":7,"worker_id":"dc1ad6cf-63a9-4db1-ba57-f2982b62df69-27832","trial_id":0,"step":25000,"intermediate_value":326679.0}
{"op_code":7,"worker_id":"dc1ad6cf-63a9-4db1-ba57-f2982b62df69-27832","trial_id":0,"step":50000,"intermediate_value":272870.0}
{"op_code":7,"worker_id":"dc1ad6cf-63a9-4db1-ba57-f2982b62df69-27832","trial_id":0,"step":75000,"intermediate_value":262116.4}
{"op_code":6,"worker_id":"dc1ad6cf-63a9-4db1-ba57-f2982b62df69-27832","trial_id":0,"state":1,"values":[296603.75],"datetime_complete":"2026-10-06T07:14:03.780685"}
{"op_code":4,"worker_id":"dc1ad6cf-63a9-4db1-ba57-f2982b62df69-27832","study_id":0,"datetime_start":"2026-10-06T07:14:03.978190"}
{"op_code":5,"worker_id":"dc1ad6cf-63a9-4db1-ba57-f2982b62df69-27832","trial_id":1,"param_name":"learning-rate","param_value_internal":0.0006042851578845063,"distribution":"{\"name\": \"FloatDistribution\", \"attributes\": {\"step\": null, \"low\": 0.0001, \"high\": 0.003, \"log\": true}}"}
{"op_code":5,"worker_id":"dc1ad6cf-63a9-4db1-ba57-f2982b62df69-27832","trial_id":1,"param_name":"rollout-size","param_value_internal":1,"distribution":"{\"name\": \"CategoricalDistribution\", \"attributes\": {\"choices\": [20, 80, 320]}}"}
{"op_code":5,"worker_id":"dc1ad6cf-63a9-4db1-ba57-f2982b62df69-27832","trial_id":1,"param_name":"gamma","param_value_internal":2,"distribution":"{\"name\": \"CategoricalDistribution\", \"attributes\": {\"choices\": [0.99, 0.995, 0.999]}}"}
{"op_code":5,"worker_id":"dc1ad6cf-63a9-4db1-ba57-f2982b62df69-27832","trial_id":1,"param_name":"gae-lambda","param_value_internal":2,"distribution":"{\"name\": \"CategoricalDistribution\", \"attributes\": {\"choices\": [0.9, 0.95, 1.0]}}"}
{"op_code":5,"worker_id":"dc1ad6cf-63a9-4db1-ba57-f2982b62df69-27832","trial_id":1,"param_name":"ent-coef","param_value_internal":0.009541412354586892,"distribution":"{\"name\": \"FloatDistribution\", \"attributes\": {\"step\": null, \"low\": 0.0001, \"high\": 0.03, \"log\": true}}"}
{"op_code":8,"worker_id":"dc1ad6cf-63a9-4db1-ba57-f2982b62df69-27832","trial_id":1,"user_attr":{"train_argv":"--option 3 --reward-mode objective --objectives tardiness_sq --lambda-late 1.0 --lambda-energy 1.0 --power-model linear --difficulty on_rho095 --timesteps 100000 --save-tag tune_on_rho095_o3wnm_a2c_t1 --n-envs 4 --vec-backend subproc --seed 0 --algo a2c --markov-obs --work-conserving --window-size 20 --learning-rate 0.000604285 --rollout-size 80 --gamma 0.999 --gae-lambda 1 --ent-coef 0.00954141"}}
{"op_code":7,"worker_id":"dc1ad6cf-63a9-4db1-ba57-f2982b62df69-27832","trial_id":1,"step":25000,"intermediate_value":278960.2}
{"op_code":7,"worker_id":"dc1ad6cf-63a9-4db1-ba57-f2982b62df69-27832","trial_id":1,"step":50000,"intermediate_value":291821.6}
{"op_code":7,"worker_id":"dc1ad6cf-63a9-4db1-ba57-f2982b62df69-27832","trial_id":1,"step":75000,"intermediate_value":282457.0}
{"op_code":6,"worker_id":"dc1ad6cf-63a9-4db1-ba57-f2982b62df69-27832","trial_id":1,"state":1,"values":[369077.4],"datetime_complete":"2026-10-06T07:16:55.297513"}
{"op_code":4,"worker_id":"dc1ad6cf-63a9-4db1-ba57-f2982b62df69-27832","study_id":0,"datetime_start":"2026-10-06T07:16:55.507357"}
{"op_code":5,"worker_id":"dc1ad6cf-63a9-4db1-ba57-f2982b62df69-27832","trial_id":2,"param_name":"learning-rate","param_value_internal":0.0004804641349751479,"distribution":"{\"name\": \"FloatDistribution\", \"attributes\": {\"step\": null, \"low\": 0.0001, \"high\": 0.003, \"log\": true}}"}
{"op_code":5,"worker_id":"dc1ad6cf-63a9-4db1-ba57-f2982b62df69-27832","trial_id":2,"param_name":"rollout-size","param_value_internal":0,"distribution":"{\"name\": \"CategoricalDistribution\", \"attributes\": {\"choices\": [20, 80, 320]}}"}
{"op_code":5,"worker_id":"dc1ad6cf-63a9-4db1-ba57-f2982b62df69-27832","trial_id":2,"param_name":"gamma","param_value_internal":1,"distribution":"{\"name\": \"CategoricalDistribution\", \"attributes\": {\"choices\": [0.99, 0.995, 0.999]}}"}
{"op_code":5,"worker_id":"dc1ad6cf-63a9-4db1-ba57-f2982b62df69-27832","trial_id":2,"param_name":"gae-lambda","param_value_internal":2,"distribution":"{\"name\": \"CategoricalDistribution\", \"attributes\": {\"choices\": [0.9, 0.95, 1.0]}}"}
{"op_code":5,"worker_id":"dc1ad6cf-63a9-4db1-ba57-f2982b62df69-27832","trial_id":2,"param_name":"ent-coef","param_value_internal":0.001348775545730254,"distribution":"{\"name\": \"FloatDistribution\", \"attributes\": {\"step\": null, \"low\": 0.0001, \"high\": 0.03, \"log\": true}}"}
{"op_code":8,"worker_id":"dc1ad6cf-63a9-4db1-ba57-f2982b62df69-27832","trial_id":2,"user_attr":{"train_argv":"--option 3 --reward-mode objective --objectives tardiness_sq --lambda-late 1.0 --lambda-energy 1.0 --power-model linear --difficulty on_rho095 --timesteps 100000 --save-tag tune_on_rho095_o3wnm_a2c_t2 --n-envs 4 --vec-backend subproc --seed 0 --algo a2c --markov-obs --work-conserving --window-size 20 --learning-rate 0.000480464 --rollout-size 20 --gamma 0.995 --gae-lambda 1 --ent-coef 0.00134878"}}
{"op_code":7,"worker_id":"dc1ad6cf-63a9-4db1-ba57-f2982b62df69-27832","trial_id":2,"step":25000,"intermediate_value":236356.2}
{"op_code":7,"worker_id":"dc1ad6cf-63a9-4db1-ba57-f2982b62df69-27832","trial_id":2,"step":50000,"intermediate_value":235902.4}
{"op_code":7,"worker_id":"dc1ad6cf-63a9-4db1-ba57-f2982b62df69-27832","trial_id":2,"step":75000,"intermediate_value":169320.2}
{"op_code":6,"worker_id":"dc1ad6cf-63a9-4db1-ba57-f2982b62df69-27832","trial_id":2,"state":1,"values":[222367.4],"datetime_complete":"2026-10-06T07:20:10.734546"}
{"op_code":4,"worker_id":"dc1ad6cf-63a9-4db1-ba57-f2982b62df69-27832","study_id":0,"datetime_start":"2026-10-06T07:20:10.966314"}
{"op_code":5,"worker_id":"dc1ad6cf-63a9-4db1-ba57-f2982b62df69-27832","trial_id":3,"param_name":"learning-rate","param_value_internal":0.0006912670683424538,"distribution":"{\"name\": \"FloatDistribution\", \"attributes\": {\"step\": null, \"low\": 0.0001, \"high\": 0.003, \"log\": true}}"}
{"op_code":5,"worker_id":"dc1ad6cf-63a9-4db1-ba57-f2982b62df69-27832","trial_id":3,"param_name":"rollout-size","param_value_internal":1,"distribution":"{\"name\": \"CategoricalDistribution\", \"attributes\": {\"choices\": [20, 80, 320]}}"}
{"op_code":5,"worker_id":"dc1ad6cf-63a9-4db1-ba57-f2982b62df69-27832","trial_id":3,"param_name":"gamma","param_value_internal":1,"distribution":"{\"name\": \"CategoricalDistribution\", \"attributes\": {\"choices\": [0.99, 0.995, 0.999]}}"}
{"op_code":5,"worker_id":"dc1ad6cf-63a9-4db1-ba57-f2982b62df69-27832","trial_id":3,"param_name":"gae-lambda","param_value_internal":2,"distribution":"{\"name\": \"CategoricalDistribution\", \"attributes\": {\"choices\": [0.9, 0.95, 1.0]}}"}
{"op_code":5,"worker_id":"dc1ad6cf-63a9-4db1-ba57-f2982b62df69-27832","trial_id":3,"param_name":"ent-coef","param_value_internal":0.00014098918363046996,"distribution":"{\"name\": \"FloatDistribution\", \"attributes\": {\"step\": null, \"low\": 0.0001, \"high\": 0.03, \"log\": true}}"}
{"op_code":8,"worker_id":"dc1ad6cf-63a9-4db1-ba57-f2982b62df69-27832","trial_id":3,"user_attr":{"train_argv":"--option 3 --reward-mode objective --objectives tardiness_sq --lambda-late 1.0 --lambda-energy 1.0 --power-model linear --difficulty on_rho095 --timesteps 100000 --save-tag tune_on_rho095_o3wnm_a2c_t3 --n-envs 4 --vec-backend subproc --seed 0 --algo a2c --markov-obs --work-conserving --window-size 20 --learning-rate 0.000691267 --rollout-size 80 --gamma 0.995 --gae-lambda 1 --ent-coef 0.000140989"}}
{"op_code":7,"worker_id":"dc1ad6cf-63a9-4db1-ba57-f2982b62df69-27832","trial_id":3,"step":25000,"intermediate_value":140546.4}
{"op_code":7,"worker_id":"dc1ad6cf-63a9-4db1-ba57-f2982b62df69-27832","trial_id":3,"step":50000,"intermediate_value":141655.6}
{"op_code":7,"worker_id":"dc1ad6cf-63a9-4db1-ba57-f2982b62df69-27832","trial_id":3,"step":75000,"intermediate_value":202631.0}
{"op_code":6,"worker_id":"dc1ad6cf-63a9-4db1-ba57-f2982b62df69-27832","trial_id":3,"state":1,"values":[234728.25],"datetime_complete":"2026-10-06T07:23:06.611086"}
{"op_code":4,"worker_id":"dc1ad6cf-63a9-4db1-ba57-f2982b62df69-27832","study_id":0,"datetime_start":"2026-10-06T07:23:06.809105"}
{"op_code":5,"worker_id":"dc1ad6cf-63a9-4db1-ba57-f2982b62df69-27832","trial_id":4,"param_name":"learning-rate","param_value_internal":0.0009658179826892162,"distribution":"{\"name\": \"FloatDistribution\", \"attributes\": {\"step\": null, \"low\": 0.0001, \"high\": 0.003, \"log\": true}}"}
{"op_code":5,"worker_id":"dc1ad6cf-63a9-4db1-ba57-f2982b62df69-27832","trial_id":4,"param_name":"rollout-size","param_value_internal":0,"distribution":"{\"name\": \"CategoricalDistribution\", \"attributes\": {\"choices\": [20, 80, 320]}}"}
{"op_code":5,"worker_id":"dc1ad6cf-63a9-4db1-ba57-f2982b62df69-27832","trial_id":4,"param_name":"gamma","param_value_internal":2,"distribution":"{\"name\": \"CategoricalDistribution\", \"attributes\": {\"choices\": [0.99, 0.995, 0.999]}}"}
{"op_code":5,"worker_id":"dc1ad6cf-63a9-4db1-ba57-f2982b62df69-27832","trial_id":4,"param_name":"gae-lambda","param_value_internal":1,"distribution":"{\"name\": \"CategoricalDistribution\", \"attributes\": {\"choices\": [0.9, 0.95, 1.0]}}"}
{"op_code":5,"worker_id":"dc1ad6cf-63a9-4db1-ba57-f2982b62df69-27832","trial_id":4,"param_name":"ent-coef","param_value_internal":0.00032916454639831516,"distribution":"{\"name\": \"FloatDistribution\", \"attributes\": {\"step\": null, \"low\": 0.0001, \"high\": 0.03, \"log\": true}}"}
{"op_code":8,"worker_id":"dc1ad6cf-63a9-4db1-ba57-f2982b62df69-27832","trial_id":4,"user_attr":{"train_argv":"--option 3 --reward-mode objective --objectives tardiness_sq --lambda-late 1.0 --lambda-energy 1.0 --power-model linear --difficulty on_rho095 --timesteps 100000 --save-tag tune_on_rho095_o3wnm_a2c_t4 --n-envs 4 --vec-backend subproc --seed 0 --algo a2c --markov-obs --work-conserving --window-size 20 --learning-rate 0.000965818 --rollout-size 20 --gamma 0.999 --gae-lambda 0.95 --ent-coef 0.000329165"}}
{"op_code":7,"worker_id":"dc1ad6cf-63a9-4db1-ba57-f2982b62df69-27832","trial_id":4,"step":25000,"intermediate_value":255019.0}
{"op_code":7,"worker_id":"dc1ad6cf-63a9-4db1-ba57-f2982b62df69-27832","trial_id":4,"step":50000,"intermediate_value":318208.8}
{"op_code":7,"worker_id":"dc1ad6cf-63a9-4db1-ba57-f2982b62df69-27832","trial_id":4,"step":75000,"intermediate_value":274612.6}
{"op_code":0,"worker_id":"0e816327-f22f-46f8-81ee-f2bb24bd3ba0-32928","study_name":"on_rho095_o3wnm_a2c","directions":[1]}
{"op_code":6,"worker_id":"dc1ad6cf-63a9-4db1-ba57-f2982b62df69-27832","trial_id":4,"state":1,"values":[172728.25],"datetime_complete":"2026-10-06T07:26:25.989533"}
{"op_code":4,"worker_id":"dc1ad6cf-63a9-4db1-ba57-f2982b62df69-27832","study_id":0,"datetime_start":"2026-10-06T07:26:26.222164"}
{"op_code":5,"worker_id":"dc1ad6cf-63a9-4db1-ba57-f2982b62df69-27832","trial_id":5,"param_name":"learning-rate","param_value_internal":0.00017309069329908935,"distribution":"{\"name\": \"FloatDistribution\", \"attributes\": {\"step\": null, \"low\": 0.0001, \"high\": 0.003, \"log\": true}}"}
{"op_code":5,"worker_id":"dc1ad6cf-63a9-4db1-ba57-f2982b62df69-27832","trial_id":5,"param_name":"rollout-size","param_value_internal":0,"distribution":"{\"name\": \"CategoricalDistribution\", \"attributes\": {\"choices\": [20, 80, 320]}}"}
{"op_code":5,"worker_id":"dc1ad6cf-63a9-4db1-ba57-f2982b62df69-27832","trial_id":5,"param_name":"gamma","param_value_internal":0,"distribution":"{\"name\": \"CategoricalDistribution\", \"attributes\": {\"choices\": [0.99, 0.995, 0.999]}}"}
{"op_code":5,"worker_id":"dc1ad6cf-63a9-4db1-ba57-f2982b62df69-27832","trial_id":5,"param_name":"gae-lambda","param_value_internal":0,"distribution":"{\"name\": \"CategoricalDistribution\", \"attributes\": {\"choices\": [0.9, 0.95, 1.0]}}"}
{"op_code":5,"worker_id":"dc1ad6cf-63a9-4db1-ba57-f2982b62df69-27832","trial_id":5,"param_name":"ent-coef","param_value_internal":0.0008191755047162099,"distribution":"{\"name\": \"FloatDistribution\", \"attributes\": {\"step\": null, \"low\": 0.0001, \"high\": 0.03, \"log\": true}}"}
{"op_code":8,"worker_id":"dc1ad6cf-63a9-4db1-ba57-f2982b62df69-27832","trial_id":5,"user_attr":{"train_argv":"--option 3 --reward-mode objective --objectives tardiness_sq --lambda-late 1.0 --lambda-energy 1.0 --power-model linear --difficulty on_rho095 --timesteps 100000 --save-tag tune_on_rho095_o3wnm_a2c_t5 --n-envs 4 --vec-backend subproc --seed 0 --algo a2c --markov-obs --work-conserving --window-size 20 --learning-rate 0.000173091 --rollout-size 20 --gamma 0.99 --gae-lambda 0.9 --ent-coef 0.000819176"}}
{"op_code":7,"worker_id":"dc1ad6cf-63a9-4db1-ba57-f2982b62df69-27832","trial_id":5,"step":25000,"intermediate_value":145977.8}
{"op_code":7,"worker_id":"dc1ad6cf-63a9-4db1-ba57-f2982b62df69-27832","trial_id":5,"step":50000,"intermediate_value":229272.6}
{"op_code":7,"worker_id":"dc1ad6cf-63a9-4db1-ba57-f2982b62df69-27832","trial_id":5,"step":75000,"intermediate_value":234702.4}
{"op_code":6,"worker_id":"dc1ad6cf-63a9-4db1-ba57-f2982b62df69-27832","trial_id":5,"state":1,"values":[302696.35],"datetime_complete":"2026-10-06T07:29:42.276424"}
{"op_code":4,"worker_id":"dc1ad6cf-63a9-4db1-ba57-f2982b62df69-27832","study_id":0,"datetime_start":"2026-10-06T07:29:42.504940"}
{"op_code":5,"worker_id":"dc1ad6cf-63a9-4db1-ba57-f2982b62df69-27832","trial_id":6,"param_name":"learning-rate","param_value_internal":0.0016319488770709706,"distribution":"{\"name\": \"FloatDistribution\", \"attributes\": {\"step\": null, \"low\": 0.0001, \"high\": 0.003, \"log\": true}}"}
{"op_code":5,"worker_id":"dc1ad6cf-63a9-4db1-ba57-f2982b62df69-27832","trial_id":6,"param_name":"rollout-size","param_value_internal":1,"distribution":"{\"name\": \"CategoricalDistribution\", \"attributes\": {\"choices\": [20, 80, 320]}}"}
{"op_code":5,"worker_id":"dc1ad6cf-63a9-4db1-ba57-f2982b62df69-27832","trial_id":6,"param_name":"gamma","param_value_internal":2,"distribution":"{\"name\": \"CategoricalDistribution\", \"attributes\": {\"choices\": [0.99, 0.995, 0.999]}}"}
{"op_code":5,"worker_id":"dc1ad6cf-63a9-4db1-ba57-f2982b62df69-27832","trial_id":6,"param_name":"gae-lambda","param_value_internal":1,"distribution":"{\"name\": \"CategoricalDistribution\", \"attributes\": {\"choices\": [0.9, 0.95, 1.0]}}"}
{"op_code":5,"worker_id":"dc1ad6cf-63a9-4db1-ba57-f2982b62df69-27832","trial_id":6,"param_name":"ent-coef","param_value_internal":0.000501819043124292,"distribution":"{\"name\": \"FloatDistribution\", \"attributes\": {\"step\": null, \"low\": 0.0001, \"high\": 0.03, \"log\": true}}"}
{"op_code":8,"worker_id":"dc1ad6cf-63a9-4db1-ba57-f2982b62df69-27832","trial_id":6,"user_attr":{"train_argv":"--option 3 --reward-mode objective --objectives tardiness_sq --lambda-late 1.0 --lambda-energy 1.0 --power-model linear --difficulty on_rho095 --timesteps 100000 --save-tag tune_on_rho095_o3wnm_a2c_t6 --n-envs 4 --vec-backend subproc --seed 0 --algo a2c --markov-obs --work-conserving --window-size 20 --learning-rate 0.00163195 --rollout-size 80 --gamma 0.999 --gae-lambda 0.95 --ent-coef 0.000501819"}}
{"op_code":7,"worker_id":"dc1ad6cf-63a9-4db1-ba57-f2982b62df69-27832","trial_id":6,"step":25000,"intermediate_value":209106.8}
{"op_code":7,"worker_id":"dc1ad6cf-63a9-4db1-ba57-f2982b62df69-27832","trial_id":6,"step":50000,"intermediate_value":235522.4}
{"op_code":7,"worker_id":"dc1ad6cf-63a9-4db1-ba57-f2982b62df69-27832","trial_id":6,"step":75000,"intermediate_value":236562.0}
{"op_code":6,"worker_id":"dc1ad6cf-63a9-4db1-ba57-f2982b62df69-27832","trial_id":6,"state":1,"values":[203039.45],"datetime_complete":"2026-10-06T07:32:32.698658"}
{"op_code":4,"worker_id":"dc1ad6cf-63a9-4db1-ba57-f2982b62df69-27832","study_id":0,"datetime_start":"2026-10-06T07:32:32.898553"}
{"op_code":5,"worker_id":"dc1ad6cf-63a9-4db1-ba57-f2982b62df69-27832","trial_id":7,"param_name":"learning-rate","param_value_internal":0.00015050290935598963,"distribution":"{\"name\": \"FloatDistribution\", \"attributes\": {\"step\": null, \"low\": 0.0001, \"high\": 0.003, \"log\": true}}"}
{"op_code":5,"worker_id":"dc1ad6cf-63a9-4db1-ba57-f2982b62df69-27832","trial_id":7,"param_name":"rollout-size","param_value_internal":2,"distribution":"{\"name\": \"CategoricalDistribution\", \"attributes\": {\"choices\": [20, 80, 320]}}"}
{"op_code":5,"worker_id":"dc1ad6cf-63a9-4db1-ba57-f2982b62df69-27832","trial_id":7,"param_name":"gamma","param_value_internal":2,"distribution":"{\"name\": \"CategoricalDistribution\", \"attributes\": {\"choices\": [0.99, 0.995, 0.999]}}"}
{"op_code":5,"worker_id":"dc1ad6cf-63a9-4db1-ba57-f2982b62df69-27832","trial_id":7,"param_name":"gae-lambda","param_value_internal":0,"distribution":"{\"name\": \"CategoricalDistribution\", \"attributes\": {\"choices\": [0.9, 0.95, 1.0]}}"}
{"op_code":5,"worker_id":"dc1ad6cf-63a9-4db1-ba57-f2982b62df69-27832","trial_id":7,"param_name":"ent-coef","param_value_internal":0.00017088424969157387,"distribution":"{\"name\": \"FloatDistribution\", \"attributes\": {\"step\": null, \"low\": 0.0001, \"high\": 0.03, \"log\": true}}"}
{"op_code":8,"worker_id":"dc1ad6cf-63a9-4db1-ba57-f2982b62df69-27832","trial_id":7,"user_attr":{"train_argv":"--option 3 --reward-mode objective --objectives tardiness_sq --lambda-late 1.0 --lambda-energy 1.0 --power-model linear --difficulty on_rho095 --timesteps 100000 --save-tag tune_on_rho095_o3wnm_a2c_t7 --n-envs 4 --vec-backend subproc --seed 0 --algo a2c --markov-obs --work-conserving --window-size 20 --learning-rate 0.000150503 --rollout-size 320 --gamma 0.999 --gae-lambda 0.9 --ent-coef 0.000170884"}}
{"op_code":7,"worker_id":"dc1ad6cf-63a9-4db1-ba57-f2982b62df69-27832","trial_id":7,"step":25000,"intermediate_value":212899.4}
{"op_code":7,"worker_id":"dc1ad6cf-63a9-4db1-ba57-f2982b62df69-27832","trial_id":7,"step":50000,"intermediate_value":93815.2}
{"op_code":7,"worker_id":"dc1ad6cf-63a9-4db1-ba57-f2982b62df69-27832","trial_id":7,"step":75000,"intermediate_value":103090.8}
{"op_code":6,"worker_id":"dc1ad6cf-63a9-4db1-ba57-f2982b62df69-27832","trial_id":7,"state":1,"values":[90720.4],"datetime_complete":"2026-10-06T07:35:14.454197"}
{"op_code":4,"worker_id":"dc1ad6cf-63a9-4db1-ba57-f2982b62df69-27832","study_id":0,"datetime_start":"2026-10-06T07:35:14.646939"}
{"op_code":5,"worker_id":"dc1ad6cf-63a9-4db1-ba57-f2982b62df69-27832","trial_id":8,"param_name":"learning-rate","param_value_internal":0.0007091576793635641,"distribution":"{\"name\": \"FloatDistribution\", \"attributes\": {\"step\": null, \"low\": 0.0001, \"high\": 0.003, \"log\": true}}"}
{"op_code":5,"worker_id":"dc1ad6cf-63a9-4db1-ba57-f2982b62df69-27832","trial_id":8,"param_name":"rollout-size","param_value_internal":0,"distribution":"{\"name\": \"CategoricalDistribution\", \"attributes\": {\"choices\": [20, 80, 320]}}"}
{"op_code":5,"worker_id":"dc1ad6cf-63a9-4db1-ba57-f2982b62df69-27832","trial_id":8,"param_name":"gamma","param_value_internal":1,"distribution":"{\"name\": \"CategoricalDistribution\", \"attributes\": {\"choices\": [0.99, 0.995, 0.999]}}"}
{"op_code":5,"worker_id":"dc1ad6cf-63a9-4db1-ba57-f2982b62df69-27832","trial_id":8,"param_name":"gae-lambda","param_value_internal":1,"distribution":"{\"name\": \"CategoricalDistribution\", \"attributes\": {\"choices\": [0.9, 0.95, 1.0]}}"}
{"op_code":5,"worker_id":"dc1ad6cf-63a9-4db1-ba57-f2982b62df69-27832","trial_id":8,"param_name":"ent-coef","param_value_internal":0.011307978270179144,"distribution":"{\"name\": \"FloatDistribution\", \"attributes\": {\"step\": null, \"low\": 0.0001, \"high\": 0.03, \"log\": true}}"}
{"op_code":8,"worker_id":"dc1ad6cf-63a9-4db1-ba57-f2982b62df69-27832","trial_id":8,"user_attr":{"train_argv":"--option 3 --reward-mode objective --objectives tardiness_sq --lambda-late 1.0 --lambda-energy 1.0 --power-model linear --difficulty on_rho095 --timesteps 100000 --save-tag tune_on_rho095_o3wnm_a2c_t8 --n-envs 4 --vec-backend subproc --seed 0 --algo a2c --markov-obs --work-conserving --window-size 20 --learning-rate 0.000709158 --rollout-size 20 --gamma 0.995 --gae-lambda 0.95 --ent-coef 0.011308"}}
{"op_code":7,"worker_id":"dc1ad6cf-63a9-4db1-ba57-f2982b62df69-27832","trial_id":8,"step":25000,"intermediate_value":208224.4}
{"op_code":7,"worker_id":"dc1ad6cf-63a9-4db1-ba57-f2982b62df69-27832","trial_id":8,"step":50000,"intermediate_value":219698.6}
{"op_code":7,"worker_id":"dc1ad6cf-63a9-4db1-ba57-f2982b62df69-27832","trial_id":8,"step":75000,"intermediate_value":274150.0}
{"op_code":6,"worker_id":"dc1ad6cf-63a9-4db1-ba57-f2982b62df69-27832","trial_id":8,"state":1,"values":[241657.25],"datetime_complete":"2026-10-06T07:38:20.922309"}
{"op_code":4,"worker_id":"dc1ad6cf-63a9-4db1-ba57-f2982b62df69-27832","study_id":0,"datetime_start":"2026-10-06T07:38:21.129581"}
{"op_code":5,"worker_id":"dc1ad6cf-63a9-4db1-ba57-f2982b62df69-27832","trial_id":9,"param_name":"learning-rate","param_value_internal":0.00010160984472195724,"distribution":"{\"name\": \"FloatDistribution\", \"attributes\": {\"step\": null, \"low\": 0.0001, \"high\": 0.003, \"log\": true}}"}
{"op_code":5,"worker_id":"dc1ad6cf-63a9-4db1-ba57-f2982b62df69-27832","trial_id":9,"param_name":"rollout-size","param_value_internal":2,"distribution":"{\"name\": \"CategoricalDistribution\", \"attributes\": {\"choices\": [20, 80, 320]}}"}
{"op_code":5,"worker_id":"dc1ad6cf-63a9-4db1-ba57-f2982b62df69-27832","trial_id":9,"param_name":"gamma","param_value_internal":0,"distribution":"{\"name\": \"CategoricalDistribution\", \"attributes\": {\"choices\": [0.99, 0.995, 0.999]}}"}
{"op_code":5,"worker_id":"dc1ad6cf-63a9-4db1-ba57-f2982b62df69-27832","trial_id":9,"param_name":"gae-lambda","param_value_internal":0,"distribution":"{\"name\": \"CategoricalDistribution\", \"attributes\": {\"choices\": [0.9, 0.95, 1.0]}}"}
{"op_code":5,"worker_id":"dc1ad6cf-63a9-4db1-ba57-f2982b62df69-27832","trial_id":9,"param_name":"ent-coef","param_value_internal":0.02291262392205817,"distribution":"{\"name\": \"FloatDistribution\", \"attributes\": {\"step\": null, \"low\": 0.0001, \"high\": 0.03, \"log\": true}}"}
{"op_code":8,"worker_id":"dc1ad6cf-63a9-4db1-ba57-f2982b62df69-27832","trial_id":9,"user_attr":{"train_argv":"--option 3 --reward-mode objective --objectives tardiness_sq --lambda-late 1.0 --lambda-energy 1.0 --power-model linear --difficulty on_rho095 --timesteps 100000 --save-tag tune_on_rho095_o3wnm_a2c_t9 --n-envs 4 --vec-backend subproc --seed 0 --algo a2c --markov-obs --work-conserving --window-size 20 --learning-rate 0.00010161 --rollout-size 320 --gamma 0.99 --gae-lambda 0.9 --ent-coef 0.0229126"}}
{"op_code":7,"worker_id":"dc1ad6cf-63a9-4db1-ba57-f2982b62df69-27832","trial_id":9,"step":25000,"intermediate_value":85399.4}
{"op_code":7,"worker_id":"dc1ad6cf-63a9-4db1-ba57-f2982b62df69-27832","trial_id":9,"step":50000,"intermediate_value":65029.8}
{"op_code":7,"worker_id":"dc1ad6cf-63a9-4db1-ba57-f2982b62df69-27832","trial_id":9,"step":75000,"intermediate_value":61604.2}
{"op_code":6,"worker_id":"dc1ad6cf-63a9-4db1-ba57-f2982b62df69-27832","trial_id":9,"state":1,"values":[78525.45],"datetime_complete":"2026-10-06T07:41:10.713257"}
{"op_code":4,"worker_id":"dc1ad6cf-63a9-4db1-ba57-f2982b62df69-27832","study_id":0,"datetime_start":"2026-10-06T07:41:10.954390"}
{"op_code":5,"worker_id":"dc1ad6cf-63a9-4db1-ba57-f2982b62df69-27832","trial_id":10,"param_name":"learning-rate","param_value_internal":0.0024518098818580836,"distribution":"{\"name\": \"FloatDistribution\", \"attributes\": {\"step\": null, \"low\": 0.0001, \"high\": 0.003, \"log\": true}}"}
{"op_code":5,"worker_id":"dc1ad6cf-63a9-4db1-ba57-f2982b62df69-27832","trial_id":10,"param_name":"rollout-size","param_value_internal":2,"distribution":"{\"name\": \"CategoricalDistribution\", \"attributes\": {\"choices\": [20, 80, 320]}}"}
{"op_code":5,"worker_id":"dc1ad6cf-63a9-4db1-ba57-f2982b62df69-27832","trial_id":10,"param_name":"gamma","param_value_internal":0,"distribution":"{\"name\": \"CategoricalDistribution\", \"attributes\": {\"choices\": [0.99, 0.995, 0.999]}}"}
{"op_code":5,"worker_id":"dc1ad6cf-63a9-4db1-ba57-f2982b62df69-27832","trial_id":10,"param_name":"gae-lambda","param_value_internal":0,"distribution":"{\"name\": \"CategoricalDistribution\", \"attributes\": {\"choices\": [0.9, 0.95, 1.0]}}"}
{"op_code":5,"worker_id":"dc1ad6cf-63a9-4db1-ba57-f2982b62df69-27832","trial_id":10,"param_name":"ent-coef","param_value_internal":0.0027870452822917,"distribution":"{\"name\": \"FloatDistribution\", \"attributes\": {\"step\": null, \"low\": 0.0001, \"high\": 0.03, \"log\": true}}"}
{"op_code":8,"worker_id":"dc1ad6cf-63a9-4db1-ba57-f2982b62df69-27832","trial_id":10,"user_attr":{"train_argv":"--option 3 --reward-mode objective --objectives tardiness_sq --lambda-late 1.0 --lambda-energy 1.0 --power-model linear --difficulty on_rho095 --timesteps 100000 --save-tag tune_on_rho095_o3wnm_a2c_t10 --n-envs 4 --vec-backend subproc --seed 0 --algo a2c --markov-obs --work-conserving --window-size 20 --learning-rate 0.00245181 --rollout-size 320 --gamma 0.99 --gae-lambda 0.9 --ent-coef 0.00278705"}}
{"op_code":7,"worker_id":"dc1ad6cf-63a9-4db1-ba57-f2982b62df69-27832","trial_id":10,"step":25000,"intermediate_value":153881.6}
{"op_code":7,"worker_id":"dc1ad6cf-63a9-4db1-ba57-f2982b62df69-27832","trial_id":10,"step":50000,"intermediate_value":327243.0}
{"op_code":7,"worker_id":"dc1ad6cf-63a9-4db1-ba57-f2982b62df69-27832","trial_id":10,"step":75000,"intermediate_value":271381.0}
{"op_code":6,"worker_id":"dc1ad6cf-63a9-4db1-ba57-f2982b62df69-27832","trial_id":10,"state":1,"values":[274009.6],"datetime_complete":"2026-10-06T07:43:40.211152"}
{"op_code":4,"worker_id":"dc1ad6cf-63a9-4db1-ba57-f2982b62df69-27832","study_id":0,"datetime_start":"2026-10-06T07:43:40.413394"}
{"op_code":5,"worker_id":"dc1ad6cf-63a9-4db1-ba57-f2982b62df69-27832","trial_id":11,"param_name":"learning-rate","param_value_internal":0.00010217805261402224,"distribution":"{\"name\": \"FloatDistribution\", \"attributes\": {\"step\": null, \"low\": 0.0001, \"high\": 0.003, \"log\": true}}"}
{"op_code":5,"worker_id":"dc1ad6cf-63a9-4db1-ba57-f2982b62df69-27832","trial_id":11,"param_name":"rollout-size","param_value_internal":2,"distribution":"{\"name\": \"CategoricalDistribution\", \"attributes\": {\"choices\": [20, 80, 320]}}"}
{"op_code":5,"worker_id":"dc1ad6cf-63a9-4db1-ba57-f2982b62df69-27832","trial_id":11,"param_name":"gamma","param_value_internal":0,"distribution":"{\"name\": \"CategoricalDistribution\", \"attributes\": {\"choices\": [0.99, 0.995, 0.999]}}"}
{"op_code":5,"worker_id":"dc1ad6cf-63a9-4db1-ba57-f2982b62df69-27832","trial_id":11,"param_name":"gae-lambda","param_value_internal":0,"distribution":"{\"name\": \"CategoricalDistribution\", \"attributes\": {\"choices\": [0.9, 0.95, 1.0]}}"}
{"op_code":5,"worker_id":"dc1ad6cf-63a9-4db1-ba57-f2982b62df69-27832","trial_id":11,"param_name":"ent-coef","param_value_internal":0.028977333525414532,"distribution":"{\"name\": \"FloatDistribution\", \"attributes\": {\"step\": null, \"low\": 0.0001, \"high\": 0.03, \"log\": true}}"}
{"op_code":8,"worker_id":"dc1ad6cf-63a9-4db1-ba57-f2982b62df69-27832","trial_id":11,"user_attr":{"train_argv":"--option 3 --reward-mode objective --objectives tardiness_sq --lambda-late 1.0 --lambda-energy 1.0 --power-model linear --difficulty on_rho095 --timesteps 100000 --save-tag tune_on_rho095_o3wnm_a2c_t11 --n-envs 4 --vec-backend subproc --seed 0 --algo a2c --markov-obs --work-conserving --window-size 20 --learning-rate 0.000102178 --rollout-size 320 --gamma 0.99 --gae-lambda 0.9 --ent-coef 0.0289773"}}
{"op_code":7,"worker_id":"dc1ad6cf-63a9-4db1-ba57-f2982b62df69-27832","trial_id":11,"step":25000,"intermediate_value":186430.6}
{"op_code":7,"worker_id":"dc1ad6cf-63a9-4db1-ba57-f2982b62df69-27832","trial_id":11,"step":50000,"intermediate_value":222570.8}
{"op_code":7,"worker_id":"dc1ad6cf-63a9-4db1-ba57-f2982b62df69-27832","trial_id":11,"step":75000,"intermediate_value":285589.0}
{"op_code":6,"worker_id":"dc1ad6cf-63a9-4db1-ba57-f2982b62df69-27832","trial_id":11,"state":1,"values":[408922.5],"datetime_complete":"2026-10-06T07:46:25.083535"}
{"op_code":4,"worker_id":"dc1ad6cf-63a9-4db1-ba57-f2982b62df69-27832","study_id":0,"datetime_start":"2026-10-06T07:46:25.286435"}
{"op_code":5,"worker_id":"dc1ad6cf-63a9-4db1-ba57-f2982b62df69-27832","trial_id":12,"param_name":"learning-rate","param_value_internal":0.00023316231341021548,"distribution":"{\"name\": \"FloatDistribution\", \"attributes\": {\"step\": null, \"low\": 0.0001, \"high\": 0.003, \"log\": true}}"}
{"op_code":5,"worker_id":"dc1ad6cf-63a9-4db1-ba57-f2982b62df69-27832","trial_id":12,"param_name":"rollout-size","param_value_internal":2,"distribution":"{\"name\": \"CategoricalDistribution\", \"attributes\": {\"choices\": [20, 80, 320]}}"}
{"op_code":5,"worker_id":"dc1ad6cf-63a9-4db1-ba57-f2982b62df69-27832","trial_id":12,"param_name":"gamma","param_value_internal":2,"distribution":"{\"name\": \"CategoricalDistribution\", \"attributes\": {\"choices\": [0.99, 0.995, 0.999]}}"}
{"op_code":5,"worker_id":"dc1ad6cf-63a9-4db1-ba57-f2982b62df69-27832","trial_id":12,"param_name":"gae-lambda","param_value_internal":0,"distribution":"{\"name\": \"CategoricalDistribution\", \"attributes\": {\"choices\": [0.9, 0.95, 1.0]}}"}
{"op_code":5,"worker_id":"dc1ad6cf-63a9-4db1-ba57-f2982b62df69-27832","trial_id":12,"param_name":"ent-coef","param_value_internal":0.00010984305558548898,"distribution":"{\"name\": \"FloatDistribution\", \"attributes\": {\"step\": null, \"low\": 0.0001, \"high\": 0.03, \"log\": true}}"}
{"op_code":8,"worker_id":"dc1ad6cf-63a9-4db1-ba57-f2982b62df69-27832","trial_id":12,"user_attr":{"train_argv":"--option 3 --reward-mode objective --objectives tardiness_sq --lambda-late 1.0 --lambda-energy 1.0 --power-model linear --difficulty on_rho095 --timesteps 100000 --save-tag tune_on_rho095_o3wnm_a2c_t12 --n-envs 4 --vec-backend subproc --seed 0 --algo a2c --markov-obs --work-conserving --window-size 20 --learning-rate 0.000233162 --rollout-size 320 --gamma 0.999 --gae-lambda 0.9 --ent-coef 0.000109843"}}
{"op_code":7,"worker_id":"dc1ad6cf-63a9-4db1-ba57-f2982b62df69-27832","trial_id":12,"step":25000,"intermediate_value":70132.6}
{"op_code":7,"worker_id":"dc1ad6cf-63a9-4db1-ba57-f2982b62df69-27832","trial_id":12,"step":50000,"intermediate_value":54671.4}
{"op_code":7,"worker_id":"dc1ad6cf-63a9-4db1-ba57-f2982b62df69-27832","trial_id":12,"step":75000,"intermediate_value":59143.0}
{"op_code":6,"worker_id":"dc1ad6cf-63a9-4db1-ba57-f2982b62df69-27832","trial_id":12,"state":1,"values":[76247.35],"datetime_complete":"2026-10-06T07:49:06.988654"}
{"op_code":4,"worker_id":"dc1ad6cf-63a9-4db1-ba57-f2982b62df69-27832","study_id":0,"datetime_start":"2026-10-06T07:49:07.248657"}
{"op_code":5,"worker_id":"dc1ad6cf-63a9-4db1-ba57-f2982b62df69-27832","trial_id":13,"param_name":"learning-rate","param_value_internal":0.0002843257132350525,"distribution":"{\"name\": \"FloatDistribution\", \"attributes\": {\"step\": null, \"low\": 0.0001, \"high\": 0.003, \"log\": true}}"}
{"op_code":5,"worker_id":"dc1ad6cf-63a9-4db1-ba57-f2982b62df69-27832","trial_id":13,"param_name":"rollout-size","param_value_internal":2,"distribution":"{\"name\": \"CategoricalDistribution\", \"attributes\": {\"choices\": [20, 80, 320]}}"}
{"op_code":5,"worker_id":"dc1ad6cf-63a9-4db1-ba57-f2982b62df69-27832","trial_id":13,"param_name":"gamma","param_value_internal":0,"distribution":"{\"name\": \"CategoricalDistribution\", \"attributes\": {\"choices\": [0.99, 0.995, 0.999]}}"}
{"op_code":5,"worker_id":"dc1ad6cf-63a9-4db1-ba57-f2982b62df69-27832","trial_id":13,"param_name":"gae-lambda","param_value_internal":0,"distribution":"{\"name\": \"CategoricalDistribution\", \"attributes\": {\"choices\": [0.9, 0.95, 1.0]}}"}
{"op_code":5,"worker_id":"dc1ad6cf-63a9-4db1-ba57-f2982b62df69-27832","trial_id":13,"param_name":"ent-coef","param_value_internal":0.002738236387047217,"distribution":"{\"name\": \"FloatDistribution\", \"attributes\": {\"step\": null, \"low\": 0.0001, \"high\": 0.03, \"log\": true}}"}
{"op_code":8,"worker_id":"dc1ad6cf-63a9-4db1-ba57-f2982b62df69-27832","trial_id":13,"user_attr":{"train_argv":"--option 3 --reward-mode objective --objectives tardiness_sq --lambda-late 1.0 --lambda-energy 1.0 --power-model linear --difficulty on_rho095 --timesteps 100000 --save-tag tune_on_rho095_o3wnm_a2c_t13 --n-envs 4 --vec-backend subproc --seed 0 --algo a2c --markov-obs --work-conserving --window-size 20 --learning-rate 0.000284326 --rollout-size 320 --gamma 0.99 --gae-lambda 0.9 --ent-coef 0.00273824"}}
{"op_code":7,"worker_id":"dc1ad6cf-63a9-4db1-ba57-f2982b62df69-27832","trial_id":13,"step":25000,"intermediate_value":286615.6}
{"op_code":6,"worker_id":"dc1ad6cf-63a9-4db1-ba57-f2982b62df69-27832","trial_id":13,"state":2,"values":[286615.6],"datetime_complete":"2026-10-06T07:49:47.323511"}
{"op_code":4,"worker_id":"dc1ad6cf-63a9-4db1-ba57-f2982b62df69-27832","study_id":0,"datetime_start":"2026-10-06T07:49:47.527247"}
{"op_code":5,"worker_id":"dc1ad6cf-63a9-4db1-ba57-f2982b62df69-27832","trial_id":14,"param_name":"learning-rate","param_value_internal":0.00028058632151213775,"distribution":"{\"name\": \"FloatDistribution\", \"attributes\": {\"step\": null, \"low\": 0.0001, \"high\": 0.003, \"log\": true}}"}
{"op_code":5,"worker_id":"dc1ad6cf-63a9-4db1-ba57-f2982b62df69-27832","trial_id":14,"param_name":"rollout-size","param_value_internal":2,"distribution":"{\"name\": \"CategoricalDistribution\", \"attributes\": {\"choices\": [20, 80, 320]}}"}
{"op_code":5,"worker_id":"dc1ad6cf-63a9-4db1-ba57-f2982b62df69-27832","trial_id":14,"param_name":"gamma","param_value_internal":2,"distribution":"{\"name\": \"CategoricalDistribution\", \"attributes\": {\"choices\": [0.99, 0.995, 0.999]}}"}
{"op_code":5,"worker_id":"dc1ad6cf-63a9-4db1-ba57-f2982b62df69-27832","trial_id":14,"param_name":"gae-lambda","param_value_internal":0,"distribution":"{\"name\": \"CategoricalDistribution\", \"attributes\": {\"choices\": [0.9, 0.95, 1.0]}}"}
{"op_code":5,"worker_id":"dc1ad6cf-63a9-4db1-ba57-f2982b62df69-27832","trial_id":14,"param_name":"ent-coef","param_value_internal":0.0030779126261926263,"distribution":"{\"name\": \"FloatDistribution\", \"attributes\": {\"step\": null, \"low\": 0.0001, \"high\": 0.03, \"log\": true}}"}
{"op_code":8,"worker_id":"dc1ad6cf-63a9-4db1-ba57-f2982b62df69-27832","trial_id":14,"user_attr":{"train_argv":"--option 3 --reward-mode objective --objectives tardiness_sq --lambda-late 1.0 --lambda-energy 1.0 --power-model linear --difficulty on_rho095 --timesteps 100000 --save-tag tune_on_rho095_o3wnm_a2c_t14 --n-envs 4 --vec-backend subproc --seed 0 --algo a2c --markov-obs --work-conserving --window-size 20 --learning-rate 0.000280586 --rollout-size 320 --gamma 0.999 --gae-lambda 0.9 --ent-coef 0.00307791"}}
{"op_code":7,"worker_id":"dc1ad6cf-63a9-4db1-ba57-f2982b62df69-27832","trial_id":14,"step":25000,"intermediate_value":311556.2}
{"op_code":6,"worker_id":"dc1ad6cf-63a9-4db1-ba57-f2982b62df69-27832","trial_id":14,"state":2,"values":[311556.2],"datetime_complete":"2026-10-06T07:50:23.390079"}
{"op_code":4,"worker_id":"dc1ad6cf-63a9-4db1-ba57-f2982b62df69-27832","study_id":0,"datetime_start":"2026-10-06T07:50:23.564077"}
{"op_code":5,"worker_id":"dc1ad6cf-63a9-4db1-ba57-f2982b62df69-27832","trial_id":15,"param_name":"learning-rate","param_value_internal":0.00010050479533387435,"distribution":"{\"name\": \"FloatDistribution\", \"attributes\": {\"step\": null, \"low\": 0.0001, \"high\": 0.003, \"log\": true}}"}
{"op_code":5,"worker_id":"dc1ad6cf-63a9-4db1-ba57-f2982b62df69-27832","trial_id":15,"param_name":"rollout-size","param_value_internal":2,"distribution":"{\"name\": \"CategoricalDistribution\", \"attributes\": {\"choices\": [20, 80, 320]}}"}
{"op_code":5,"worker_id":"dc1ad6cf-63a9-4db1-ba57-f2982b62df69-27832","trial_id":15,"param_name":"gamma","param_value_internal":0,"distribution":"{\"name\": \"CategoricalDistribution\", \"attributes\": {\"choices\": [0.99, 0.995, 0.999]}}"}
{"op_code":5,"worker_id":"dc1ad6cf-63a9-4db1-ba57-f2982b62df69-27832","trial_id":15,"param_name":"gae-lambda","param_value_internal":0,"distribution":"{\"name\": \"CategoricalDistribution\", \"attributes\": {\"choices\": [0.9, 0.95, 1.0]}}"}
{"op_code":5,"worker_id":"dc1ad6cf-63a9-4db1-ba57-f2982b62df69-27832","trial_id":15,"param_name":"ent-coef","param_value_internal":0.029508206840849358,"distribution":"{\"name\": \"FloatDistribution\", \"attributes\": {\"step\": null, \"low\": 0.0001, \"high\": 0.03, \"log\": true}}"}
{"op_code":8,"worker_id":"dc1ad6cf-63a9-4db1-ba57-f2982b62df69-27832","trial_id":15,"user_attr":{"train_argv":"--option 3 --reward-mode objective --objectives tardiness_sq --lambda-late 1.0 --lambda-energy 1.0 --power-model linear --difficulty on_rho095 --timesteps 100000 --save-tag tune_on_rho095_o3wnm_a2c_t15 --n-envs 4 --vec-backend subproc --seed 0 --algo a2c --markov-obs --work-conserving --window-size 20 --learning-rate 0.000100505 --rollout-size 320 --gamma 0.99 --gae-lambda 0.9 --ent-coef 0.0295082"}}
{"op_code":7,"worker_id":"dc1ad6cf-63a9-4db1-ba57-f2982b62df69-27832","trial_id":15,"step":25000,"intermediate_value":151929.0}
{"op_code":7,"worker_id":"dc1ad6cf-63a9-4db1-ba57-f2982b62df69-27832","trial_id":15,"step":50000,"intermediate_value":111392.8}
{"op_code":7,"worker_id":"dc1ad6cf-63a9-4db1-ba57-f2982b62df69-27832","trial_id":15,"step":75000,"intermediate_value":81352.2}
{"op_code":6,"worker_id":"dc1ad6cf-63a9-4db1-ba57-f2982b62df69-27832","trial_id":15,"state":1,"values":[102246.15],"datetime_complete":"2026-10-06T07:53:06.100089"}
{"op_code":4,"worker_id":"dc1ad6cf-63a9-4db1-ba57-f2982b62df69-27832","study_id":0,"datetime_start":"2026-10-06T07:53:06.311133"}
{"op_code":5,"worker_id":"dc1ad6cf-63a9-4db1-ba57-f2982b62df69-27832","trial_id":16,"param_name":"learning-rate","param_value_internal":0.00024924789175645266,"distribution":"{\"name\": \"FloatDistribution\", \"attributes\": {\"step\": null, \"low\": 0.0001, \"high\": 0.003, \"log\": true}}"}
{"op_code":5,"worker_id":"dc1ad6cf-63a9-4db1-ba57-f2982b62df69-27832","trial_id":16,"param_name":"rollout-size","param_value_internal":2,"distribution":"{\"name\": \"CategoricalDistribution\", \"attributes\": {\"choices\": [20, 80, 320]}}"}
{"op_code":5,"worker_id":"dc1ad6cf-63a9-4db1-ba57-f2982b62df69-27832","trial_id":16,"param_name":"gamma","param_value_internal":2,"distribution":"{\"name\": \"CategoricalDistribution\", \"attributes\": {\"choices\": [0.99, 0.995, 0.999]}}"}
{"op_code":5,"worker_id":"dc1ad6cf-63a9-4db1-ba57-f2982b62df69-27832","trial_id":16,"param_name":"gae-lambda","param_value_internal":0,"distribution":"{\"name\": \"CategoricalDistribution\", \"attributes\": {\"choices\": [0.9, 0.95, 1.0]}}"}
{"op_code":5,"worker_id":"dc1ad6cf-63a9-4db1-ba57-f2982b62df69-27832","trial_id":16,"param_name":"ent-coef","param_value_internal":0.0002925979285112925,"distribution":"{\"name\": \"FloatDistribution\", \"attributes\": {\"step\": null, \"low\": 0.0001, \"high\": 0.03, \"log\": true}}"}
{"op_code":8,"worker_id":"dc1ad6cf-63a9-4db1-ba57-f2982b62df69-27832","trial_id":16,"user_attr":{"train_argv":"--option 3 --reward-mode objective --objectives tardiness_sq --lambda-late 1.0 --lambda-energy 1.0 --power-model linear --difficulty on_rho095 --timesteps 100000 --save-tag tune_on_rho095_o3wnm_a2c_t16 --n-envs 4 --vec-backend subproc --seed 0 --algo a2c --markov-obs --work-conserving --window-size 20 --learning-rate 0.000249248 --rollout-size 320 --gamma 0.999 --gae-lambda 0.9 --ent-coef 0.000292598"}}
{"op_code":7,"worker_id":"dc1ad6cf-63a9-4db1-ba57-f2982b62df69-27832","trial_id":16,"step":25000,"intermediate_value":99530.0}
{"op_code":7,"worker_id":"dc1ad6cf-63a9-4db1-ba57-f2982b62df69-27832","trial_id":16,"step":50000,"intermediate_value":58716.6}
{"op_code":7,"worker_id":"dc1ad6cf-63a9-4db1-ba57-f2982b62df69-27832","trial_id":16,"step":75000,"intermediate_value":69058.0}
{"op_code":6,"worker_id":"dc1ad6cf-63a9-4db1-ba57-f2982b62df69-27832","trial_id":16,"state":1,"values":[89109.9],"datetime_complete":"2026-10-06T07:55:48.091658"}
{"op_code":4,"worker_id":"dc1ad6cf-63a9-4db1-ba57-f2982b62df69-27832","study_id":0,"datetime_start":"2026-10-06T07:55:48.307632"}
{"op_code":5,"worker_id":"dc1ad6cf-63a9-4db1-ba57-f2982b62df69-27832","trial_id":17,"param_name":"learning-rate","param_value_internal":0.00017373007768231713,"distribution":"{\"name\": \"FloatDistribution\", \"attributes\": {\"step\": null, \"low\": 0.0001, \"high\": 0.003, \"log\": true}}"}
{"op_code":5,"worker_id":"dc1ad6cf-63a9-4db1-ba57-f2982b62df69-27832","trial_id":17,"param_name":"rollout-size","param_value_internal":2,"distribution":"{\"name\": \"CategoricalDistribution\", \"attributes\": {\"choices\": [20, 80, 320]}}"}
{"op_code":5,"worker_id":"dc1ad6cf-63a9-4db1-ba57-f2982b62df69-27832","trial_id":17,"param_name":"gamma","param_value_internal":0,"distribution":"{\"name\": \"CategoricalDistribution\", \"attributes\": {\"choices\": [0.99, 0.995, 0.999]}}"}
{"op_code":5,"worker_id":"dc1ad6cf-63a9-4db1-ba57-f2982b62df69-27832","trial_id":17,"param_name":"gae-lambda","param_value_internal":0,"distribution":"{\"name\": \"CategoricalDistribution\", \"attributes\": {\"choices\": [0.9, 0.95, 1.0]}}"}
{"op_code":5,"worker_id":"dc1ad6cf-63a9-4db1-ba57-f2982b62df69-27832","trial_id":17,"param_name":"ent-coef","param_value_internal":0.001287507761715344,"distribution":"{\"name\": \"FloatDistribution\", \"attributes\": {\"step\": null, \"low\": 0.0001, \"high\": 0.03, \"log\": true}}"}
{"op_code":8,"worker_id":"dc1ad6cf-63a9-4db1-ba57-f2982b62df69-27832","trial_id":17,"user_attr":{"train_argv":"--option 3 --reward-mode objective --objectives tardiness_sq --lambda-late 1.0 --lambda-energy 1.0 --power-model linear --difficulty on_rho095 --timesteps 100000 --save-tag tune_on_rho095_o3wnm_a2c_t17 --n-envs 4 --vec-backend subproc --seed 0 --algo a2c --markov-obs --work-conserving --window-size 20 --learning-rate 0.00017373 --rollout-size 320 --gamma 0.99 --gae-lambda 0.9 --ent-coef 0.00128751"}}
{"op_code":7,"worker_id":"dc1ad6cf-63a9-4db1-ba57-f2982b62df69-27832","trial_id":17,"step":25000,"intermediate_value":90367.4}
{"op_code":7,"worker_id":"dc1ad6cf-63a9-4db1-ba57-f2982b62df69-27832","trial_id":17,"step":50000,"intermediate_value":120978.8}
{"op_code":7,"worker_id":"dc1ad6cf-63a9-4db1-ba57-f2982b62df69-27832","trial_id":17,"step":75000,"intermediate_value":119873.2}
{"op_code":6,"worker_id":"dc1ad6cf-63a9-4db1-ba57-f2982b62df69-27832","trial_id":17,"state":1,"values":[160135.7],"datetime_complete":"2026-10-06T07:58:31.543798"}
{"op_code":4,"worker_id":"dc1ad6cf-63a9-4db1-ba57-f2982b62df69-27832","study_id":0,"datetime_start":"2026-10-06T07:58:31.722492"}
{"op_code":5,"worker_id":"dc1ad6cf-63a9-4db1-ba57-f2982b62df69-27832","trial_id":18,"param_name":"learning-rate","param_value_internal":0.00037439343954665926,"distribution":"{\"name\": \"FloatDistribution\", \"attributes\": {\"step\": null, \"low\": 0.0001, \"high\": 0.003, \"log\": true}}"}
{"op_code":5,"worker_id":"dc1ad6cf-63a9-4db1-ba57-f2982b62df69-27832","trial_id":18,"param_name":"rollout-size","param_value_internal":2,"distribution":"{\"name\": \"CategoricalDistribution\", \"attributes\": {\"choices\": [20, 80, 320]}}"}
{"op_code":5,"worker_id":"dc1ad6cf-63a9-4db1-ba57-f2982b62df69-27832","trial_id":18,"param_name":"gamma","param_value_internal":2,"distribution":"{\"name\": \"CategoricalDistribution\", \"attributes\": {\"choices\": [0.99, 0.995, 0.999]}}"}
{"op_code":5,"worker_id":"dc1ad6cf-63a9-4db1-ba57-f2982b62df69-27832","trial_id":18,"param_name":"gae-lambda","param_value_internal":0,"distribution":"{\"name\": \"CategoricalDistribution\", \"attributes\": {\"choices\": [0.9, 0.95, 1.0]}}"}
{"op_code":5,"worker_id":"dc1ad6cf-63a9-4db1-ba57-f2982b62df69-27832","trial_id":18,"param_name":"ent-coef","param_value_internal":0.00010612825955605869,"distribution":"{\"name\": \"FloatDistribution\", \"attributes\": {\"step\": null, \"low\": 0.0001, \"high\": 0.03, \"log\": true}}"}
{"op_code":8,"worker_id":"dc1ad6cf-63a9-4db1-ba57-f2982b62df69-27832","trial_id":18,"user_attr":{"train_argv":"--option 3 --reward-mode objective --objectives tardiness_sq --lambda-late 1.0 --lambda-energy 1.0 --power-model linear --difficulty on_rho095 --timesteps 100000 --save-tag tune_on_rho095_o3wnm_a2c_t18 --n-envs 4 --vec-backend subproc --seed 0 --algo a2c --markov-obs --work-conserving --window-size 20 --learning-rate 0.000374393 --rollout-size 320 --gamma 0.999 --gae-lambda 0.9 --ent-coef 0.000106128"}}
{"op_code":7,"worker_id":"dc1ad6cf-63a9-4db1-ba57-f2982b62df69-27832","trial_id":18,"step":25000,"intermediate_value":72957.2}
{"op_code":7,"worker_id":"dc1ad6cf-63a9-4db1-ba57-f2982b62df69-27832","trial_id":18,"step":50000,"intermediate_value":81415.4}
{"op_code":7,"worker_id":"dc1ad6cf-63a9-4db1-ba57-f2982b62df69-27832","trial_id":18,"step":75000,"intermediate_value":100416.8}
{"op_code":6,"worker_id":"dc1ad6cf-63a9-4db1-ba57-f2982b62df69-27832","trial_id":18,"state":1,"values":[261552.15],"datetime_complete":"2026-10-06T08:01:15.440410"}
{"op_code":4,"worker_id":"dc1ad6cf-63a9-4db1-ba57-f2982b62df69-27832","study_id":0,"datetime_start":"2026-10-06T08:01:15.685287"}
{"op_code":5,"worker_id":"dc1ad6cf-63a9-4db1-ba57-f2982b62df69-27832","trial_id":19,"param_name":"learning-rate","param_value_internal":0.00014451265441986226,"distribution":"{\"name\": \"FloatDistribution\", \"attributes\": {\"step\": null, \"low\": 0.0001, \"high\": 0.003, \"log\": true}}"}
{"op_code":5,"worker_id":"dc1ad6cf-63a9-4db1-ba57-f2982b62df69-27832","trial_id":19,"param_name":"rollout-size","param_value_internal":2,"distribution":"{\"name\": \"CategoricalDistribution\", \"attributes\": {\"choices\": [20, 80, 320]}}"}
{"op_code":5,"worker_id":"dc1ad6cf-63a9-4db1-ba57-f2982b62df69-27832","trial_id":19,"param_name":"gamma","param_value_internal":0,"distribution":"{\"name\": \"CategoricalDistribution\", \"attributes\": {\"choices\": [0.99, 0.995, 0.999]}}"}
{"op_code":5,"worker_id":"dc1ad6cf-63a9-4db1-ba57-f2982b62df69-27832","trial_id":19,"param_name":"gae-lambda","param_value_internal":2,"distribution":"{\"name\": \"CategoricalDistribution\", \"attributes\": {\"choices\": [0.9, 0.95, 1.0]}}"}
{"op_code":5,"worker_id":"dc1ad6cf-63a9-4db1-ba57-f2982b62df69-27832","trial_id":19,"param_name":"ent-coef","param_value_internal":0.005054330429268316,"distribution":"{\"name\": \"FloatDistribution\", \"attributes\": {\"step\": null, \"low\": 0.0001, \"high\": 0.03, \"log\": true}}"}
{"op_code":8,"worker_id":"dc1ad6cf-63a9-4db1-ba57-f2982b62df69-27832","trial_id":19,"user_attr":{"train_argv":"--option 3 --reward-mode objective --objectives tardiness_sq --lambda-late 1.0 --lambda-energy 1.0 --power-model linear --difficulty on_rho095 --timesteps 100000 --save-tag tune_on_rho095_o3wnm_a2c_t19 --n-envs 4 --vec-backend subproc --seed 0 --algo a2c --markov-obs --work-conserving --window-size 20 --learning-rate 0.000144513 --rollout-size 320 --gamma 0.99 --gae-lambda 1 --ent-coef 0.00505433"}}
{"op_code":7,"worker_id":"dc1ad6cf-63a9-4db1-ba57-f2982b62df69-27832","trial_id":19,"step":25000,"intermediate_value":187386.2}
{"op_code":6,"worker_id":"dc1ad6cf-63a9-4db1-ba57-f2982b62df69-27832","trial_id":19,"state":2,"values":[187386.2],"datetime_complete":"2026-10-06T08:01:53.078158"}
{"op_code":0,"worker_id":"c73b4176-7651-4a8a-8b4e-096fd071becf-34464","study_name":"on_rho095_o3wnm_a2c","directions":[1]}
{"op_code":0,"worker_id":"aa7460bc-7545-40c3-9d2e-01841212272a-7220","study_name":"on_rho095_o3wnm_a2c","directions":[1]}
{"op_code":0,"worker_id":"94a1d7f7-94b9-46b8-90c0-e91563e4a819-4620","study_name":"on_rho095_o3wnm_a2c","directions":[1]}
{"op_code":0,"worker_id":"6ddef0d4-a925-44ad-a424-19cbd0f51f94-17656","study_name":"on_rho095_o3wnm_a2c","directions":[1]}
{"op_code":0,"worker_id":"a5c32c84-1a6e-4159-aa89-86db6460104d-13872","study_name":"on_rho095_o3wnm_a2c","directions":[1]}
{"op_code":0,"worker_id":"fc357e18-e560-4310-aa58-4728dce614d6-4492","study_name":"on_rho095_o3wnm_a2c","directions":[1]}
