{"op_code":0,"worker_id":"7cd1742a-618b-4fd1-a84f-b7034b7050f6-34300","study_name":"on_rho095_o2nm","directions":[1]}
{"op_code":4,"worker_id":"7cd1742a-618b-4fd1-a84f-b7034b7050f6-34300","study_id":0,"datetime_start":"2026-10-06T03:00:47.407884"}
{"op_code":5,"worker_id":"7cd1742a-618b-4fd1-a84f-b7034b7050f6-34300","trial_id":0,"param_name":"learning-rate","param_value_internal":0.00020554062603827,"distribution":"{\"name\": \"FloatDistribution\", \"attributes\": {\"step\": null, \"low\": 3e-05, \"high\": 0.001, \"log\": true}}"}
{"op_code":5,"worker_id":"7cd1742a-618b-4fd1-a84f-b7034b7050f6-34300","trial_id":0,"param_name":"rollout-size","param_value_internal":0,"distribution":"{\"name\": \"CategoricalDistribution\", \"attributes\": {\"choices\": [2048, 4096, 8192, 16384]}}"}
{"op_code":5,"worker_id":"7cd1742a-618b-4fd1-a84f-b7034b7050f6-34300","trial_id":0,"param_name":"batch-size","param_value_internal":2,"distribution":"{\"name\": \"CategoricalDistribution\", \"attributes\": {\"choices\": [64, 256, 1024]}}"}
{"op_code":5,"worker_id":"7cd1742a-618b-4fd1-a84f-b7034b7050f6-34300","trial_id":0,"param_name":"n-epochs","param_value_internal":0,"distribution":"{\"name\": \"CategoricalDistribution\", \"attributes\": {\"choices\": [3, 5, 10]}}"}
{"op_code":5,"worker_id":"7cd1742a-618b-4fd1-a84f-b7034b7050f6-34300","trial_id":0,"param_name":"gamma","param_value_internal":2,"distribution":"{\"name\": \"CategoricalDistribution\", \"attributes\": {\"choices\": [0.99, 0.995, 0.999]}}"}
{"op_code":5,"worker_id":"7cd1742a-618b-4fd1-a84f-b7034b7050f6-34300","trial_id":0,"param_name":"gae-lambda","param_value_internal":1,"distribution":"{\"name\": \"CategoricalDistribution\", \"attributes\": {\"choices\": [0.9, 0.95, 0.98]}}"}
{"op_code":5,"worker_id":"7cd1742a-618b-4fd1-a84f-b7034b7050f6-34300","trial_id":0,"param_name":"clip-range","param_value_internal":2,"distribution":"{\"name\": \"CategoricalDistribution\", \"attributes\": {\"choices\": [0.1, 0.2, 0.3]}}"}
{"op_code":5,"worker_id":"7cd1742a-618b-4fd1-a84f-b7034b7050f6-34300","trial_id":0,"param_name":"ent-coef","param_value_internal":0.02655561084998941,"distribution":"{\"name\": \"FloatDistribution\", \"attributes\": {\"step\": null, \"low\": 0.0001, \"high\": 0.03, \"log\": true}}"}
{"op_code":8,"worker_id":"7cd1742a-618b-4fd1-a84f-b7034b7050f6-34300","trial_id":0,"user_attr":{"train_argv":"--option 2 --reward-mode objective --objectives tardiness_sq --lambda-late 1.0 --lambda-energy 1.0 --power-model linear --difficulty on_rho095 --timesteps 100000 --save-tag tune_on_rho095_o2nm_t0 --n-envs 4 --vec-backend subproc --seed 0 --algo ppo --markov-obs --work-conserving --learning-rate 0.000205541 --rollout-size 2048 --batch-size 1024 --n-epochs 3 --gamma 0.999 --gae-lambda 0.95 --clip-range 0.3 --ent-coef 0.0265556"}}
{"op_code":7,"worker_id":"7cd1742a-618b-4fd1-a84f-b7034b7050f6-34300","trial_id":0,"step":25000,"intermediate_value":224824.2}
{"op_code":7,"worker_id":"7cd1742a-618b-4fd1-a84f-b7034b7050f6-34300","trial_id":0,"step":50000,"intermediate_value":190220.4}
{"op_code":7,"worker_id":"7cd1742a-618b-4fd1-a84f-b7034b7050f6-34300","trial_id":0,"step":75000,"intermediate_value":188901.4}
{"op_code":6,"worker_id":"7cd1742a-618b-4fd1-a84f-b7034b7050f6-34300","trial_id":0,"state":1,"values":[226469.95],"datetime_complete":"2026-10-06T03:21:00.463287"}
{"op_code":4,"worker_id":"7cd1742a-618b-4fd1-a84f-b7034b7050f6-34300","study_id":0,"datetime_start":"2026-10-06T03:21:00.681279"}
{"op_code":5,"worker_id":"7cd1742a-618b-4fd1-a84f-b7034b7050f6-34300","trial_id":1,"param_name":"learning-rate","param_value_internal":0.0004944733002746453,"distribution":"{\"name\": \"FloatDistribution\", \"attributes\": {\"step\": null, \"low\": 3e-05, \"high\": 0.001, \"log\": true}}"}
{"op_code":5,"worker_id":"7cd1742a-618b-4fd1-a84f-b7034b7050f6-34300","trial_id":1,"param_name":"rollout-size","param_value_internal":1,"distribution":"{\"name\": \"CategoricalDistribution\", \"attributes\": {\"choices\": [2048, 4096, 8192, 16384]}}"}
{"op_code":5,"worker_id":"7cd1742a-618b-4fd1-a84f-b7034b7050f6-34300","trial_id":1,"param_name":"batch-size","param_value_internal":1,"distribution":"{\"name\": \"CategoricalDistribution\", \"attributes\": {\"choices\": [64, 256, 1024]}}"}
{"op_code":5,"worker_id":"7cd1742a-618b-4fd1-a84f-b7034b7050f6-34300","trial_id":1,"param_name":"n-epochs","param_value_internal":2,"distribution":"{\"name\": \"CategoricalDistribution\", \"attributes\": {\"choices\": [3, 5, 10]}}"}
{"op_code":5,"worker_id":"7cd1742a-618b-4fd1-a84f-b7034b7050f6-34300","trial_id":1,"param_name":"gamma","param_value_internal":1,"distribution":"{\"name\": \"CategoricalDistribution\", \"attributes\": {\"choices\": [0.99, 0.995, 0.999]}}"}
{"op_code":5,"worker_id":"7cd1742a-618b-4fd1-a84f-b7034b7050f6-34300","trial_id":1,"param_name":"gae-lambda","param_value_internal":0,"distribution":"{\"name\": \"CategoricalDistribution\", \"attributes\": {\"choices\": [0.9, 0.95, 0.98]}}"}
{"op_code":5,"worker_id":"7cd1742a-618b-4fd1-a84f-b7034b7050f6-34300","trial_id":1,"param_name":"clip-range","param_value_internal":0,"distribution":"{\"name\": \"CategoricalDistribution\", \"attributes\": {\"choices\": [0.1, 0.2, 0.3]}}"}
{"op_code":5,"worker_id":"7cd1742a-618b-4fd1-a84f-b7034b7050f6-34300","trial_id":1,"param_name":"ent-coef","param_value_internal":0.0012094311268425492,"distribution":"{\"name\": \"FloatDistribution\", \"attributes\": {\"step\": null, \"low\": 0.0001, \"high\": 0.03, \"log\": true}}"}
{"op_code":8,"worker_id":"7cd1742a-618b-4fd1-a84f-b7034b7050f6-34300","trial_id":1,"user_attr":{"train_argv":"--option 2 --reward-mode objective --objectives tardiness_sq --lambda-late 1.0 --lambda-energy 1.0 --power-model linear --difficulty on_rho095 --timesteps 100000 --save-tag tune_on_rho095_o2nm_t1 --n-envs 4 --vec-backend subproc --seed 0 --algo ppo --markov-obs --work-conserving --learning-rate 0.000494473 --rollout-size 4096 --batch-size 256 --n-epochs 10 --gamma 0.995 --gae-lambda 0.9 --clip-range 0.1 --ent-coef 0.00120943"}}
{"op_code":7,"worker_id":"7cd1742a-618b-4fd1-a84f-b7034b7050f6-34300","trial_id":1,"step":25000,"intermediate_value":197654.6}
{"op_code":7,"worker_id":"7cd1742a-618b-4fd1-a84f-b7034b7050f6-34300","trial_id":1,"step":50000,"intermediate_value":188251.0}
{"op_code":7,"worker_id":"7cd1742a-618b-4fd1-a84f-b7034b7050f6-34300","trial_id":1,"step":75000,"intermediate_value":194829.0}
{"op_code":6,"worker_id":"7cd1742a-618b-4fd1-a84f-b7034b7050f6-34300","trial_id":1,"state":1,"values":[180312.25],"datetime_complete":"2026-10-06T04:24:50.613381"}
{"op_code":4,"worker_id":"7cd1742a-618b-4fd1-a84f-b7034b7050f6-34300","study_id":0,"datetime_start":"2026-10-06T04:24:50.930885"}
{"op_code":5,"worker_id":"7cd1742a-618b-4fd1-a84f-b7034b7050f6-34300","trial_id":2,"param_name":"learning-rate","param_value_internal":0.0003463609921766881,"distribution":"{\"name\": \"FloatDistribution\", \"attributes\": {\"step\": null, \"low\": 3e-05, \"high\": 0.001, \"log\": true}}"}
{"op_code":5,"worker_id":"7cd1742a-618b-4fd1-a84f-b7034b7050f6-34300","trial_id":2,"param_name":"rollout-size","param_value_internal":2,"distribution":"{\"name\": \"CategoricalDistribution\", \"attributes\": {\"choices\": [2048, 4096, 8192, 16384]}}"}
{"op_code":5,"worker_id":"7cd1742a-618b-4fd1-a84f-b7034b7050f6-34300","trial_id":2,"param_name":"batch-size","param_value_internal":2,"distribution":"{\"name\": \"CategoricalDistribution\", \"attributes\": {\"choices\": [64, 256, 1024]}}"}
{"op_code":5,"worker_id":"7cd1742a-618b-4fd1-a84f-b7034b7050f6-34300","trial_id":2,"param_name":"n-epochs","param_value_internal":2,"distribution":"{\"name\": \"CategoricalDistribution\", \"attributes\": {\"choices\": [3, 5, 10]}}"}
{"op_code":5,"worker_id":"7cd1742a-618b-4fd1-a84f-b7034b7050f6-34300","trial_id":2,"param_name":"gamma","param_value_internal":1,"distribution":"{\"name\": \"CategoricalDistribution\", \"attributes\": {\"choices\": [0.99, 0.995, 0.999]}}"}
{"op_code":5,"worker_id":"7cd1742a-618b-4fd1-a84f-b7034b7050f6-34300","trial_id":2,"param_name":"gae-lambda","param_value_internal":0,"distribution":"{\"name\": \"CategoricalDistribution\", \"attributes\": {\"choices\": [0.9, 0.95, 0.98]}}"}
{"op_code":5,"worker_id":"7cd1742a-618b-4fd1-a84f-b7034b7050f6-34300","trial_id":2,"param_name":"clip-range","param_value_internal":0,"distribution":"{\"name\": \"CategoricalDistribution\", \"attributes\": {\"choices\": [0.1, 0.2, 0.3]}}"}
{"op_code":5,"worker_id":"7cd1742a-618b-4fd1-a84f-b7034b7050f6-34300","trial_id":2,"param_name":"ent-coef","param_value_internal":0.0042248177213228075,"distribution":"{\"name\": \"FloatDistribution\", \"attributes\": {\"step\": null, \"low\": 0.0001, \"high\": 0.03, \"log\": true}}"}
{"op_code":8,"worker_id":"7cd1742a-618b-4fd1-a84f-b7034b7050f6-34300","trial_id":2,"user_attr":{"train_argv":"--option 2 --reward-mode objective --objectives tardiness_sq --lambda-late 1.0 --lambda-energy 1.0 --power-model linear --difficulty on_rho095 --timesteps 100000 --save-tag tune_on_rho095_o2nm_t2 --n-envs 4 --vec-backend subproc --seed 0 --algo ppo --markov-obs --work-conserving --learning-rate 0.000346361 --rollout-size 8192 --batch-size 1024 --n-epochs 10 --gamma 0.995 --gae-lambda 0.9 --clip-range 0.1 --ent-coef 0.00422482"}}
{"op_code":0,"worker_id":"78b04aeb-e50f-4d24-a170-b693da486bc1-31748","study_name":"on_rho095_o2nm","directions":[1]}
{"op_code":7,"worker_id":"7cd1742a-618b-4fd1-a84f-b7034b7050f6-34300","trial_id":2,"step":25000,"intermediate_value":299514.2}
{"op_code":7,"worker_id":"7cd1742a-618b-4fd1-a84f-b7034b7050f6-34300","trial_id":2,"step":50000,"intermediate_value":289670.0}
{"op_code":7,"worker_id":"7cd1742a-618b-4fd1-a84f-b7034b7050f6-34300","trial_id":2,"step":75000,"intermediate_value":248516.8}
{"op_code":6,"worker_id":"7cd1742a-618b-4fd1-a84f-b7034b7050f6-34300","trial_id":2,"state":1,"values":[278103.85],"datetime_complete":"2026-10-06T05:28:50.909668"}
{"op_code":4,"worker_id":"7cd1742a-618b-4fd1-a84f-b7034b7050f6-34300","study_id":0,"datetime_start":"2026-10-06T05:28:51.259763"}
{"op_code":5,"worker_id":"7cd1742a-618b-4fd1-a84f-b7034b7050f6-34300","trial_id":3,"param_name":"learning-rate","param_value_internal":4.8703159315306354e-05,"distribution":"{\"name\": \"FloatDistribution\", \"attributes\": {\"step\": null, \"low\": 3e-05, \"high\": 0.001, \"log\": true}}"}
{"op_code":5,"worker_id":"7cd1742a-618b-4fd1-a84f-b7034b7050f6-34300","trial_id":3,"param_name":"rollout-size","param_value_internal":2,"distribution":"{\"name\": \"CategoricalDistribution\", \"attributes\": {\"choices\": [2048, 4096, 8192, 16384]}}"}
{"op_code":5,"worker_id":"7cd1742a-618b-4fd1-a84f-b7034b7050f6-34300","trial_id":3,"param_name":"batch-size","param_value_internal":2,"distribution":"{\"name\": \"CategoricalDistribution\", \"attributes\": {\"choices\": [64, 256, 1024]}}"}
{"op_code":5,"worker_id":"7cd1742a-618b-4fd1-a84f-b7034b7050f6-34300","trial_id":3,"param_name":"n-epochs","param_value_internal":1,"distribution":"{\"name\": \"CategoricalDistribution\", \"attributes\": {\"choices\": [3, 5, 10]}}"}
{"op_code":5,"worker_id":"7cd1742a-618b-4fd1-a84f-b7034b7050f6-34300","trial_id":3,"param_name":"gamma","param_value_internal":0,"distribution":"{\"name\": \"CategoricalDistribution\", \"attributes\": {\"choices\": [0.99, 0.995, 0.999]}}"}
{"op_code":5,"worker_id":"7cd1742a-618b-4fd1-a84f-b7034b7050f6-34300","trial_id":3,"param_name":"gae-lambda","param_value_internal":1,"distribution":"{\"name\": \"CategoricalDistribution\", \"attributes\": {\"choices\": [0.9, 0.95, 0.98]}}"}
{"op_code":5,"worker_id":"7cd1742a-618b-4fd1-a84f-b7034b7050f6-34300","trial_id":3,"param_name":"clip-range","param_value_internal":1,"distribution":"{\"name\": \"CategoricalDistribution\", \"attributes\": {\"choices\": [0.1, 0.2, 0.3]}}"}
{"op_code":5,"worker_id":"7cd1742a-618b-4fd1-a84f-b7034b7050f6-34300","trial_id":3,"param_name":"ent-coef","param_value_internal":0.005192032534497486,"distribution":"{\"name\": \"FloatDistribution\", \"attributes\": {\"step\": null, \"low\": 0.0001, \"high\": 0.03, \"log\": true}}"}
{"op_code":8,"worker_id":"7cd1742a-618b-4fd1-a84f-b7034b7050f6-34300","trial_id":3,"user_attr":{"train_argv":"--option 2 --reward-mode objective --objectives tardiness_sq --lambda-late 1.0 --lambda-energy 1.0 --power-model linear --difficulty on_rho095 --timesteps 100000 --save-tag tune_on_rho095_o2nm_t3 --n-envs 4 --vec-backend subproc --seed 0 --algo ppo --markov-obs --work-conserving --learning-rate 4.87032e-05 --rollout-size 8192 --batch-size 1024 --n-epochs 5 --gamma 0.99 --gae-lambda 0.95 --clip-range 0.2 --ent-coef 0.00519203"}}
{"op_code":7,"worker_id":"7cd1742a-618b-4fd1-a84f-b7034b7050f6-34300","trial_id":3,"step":25000,"intermediate_value":222427.8}
{"op_code":7,"worker_id":"7cd1742a-618b-4fd1-a84f-b7034b7050f6-34300","trial_id":3,"step":50000,"intermediate_value":202335.2}
{"op_code":7,"worker_id":"7cd1742a-618b-4fd1-a84f-b7034b7050f6-34300","trial_id":3,"step":75000,"intermediate_value":178185.8}
{"op_code":6,"worker_id":"7cd1742a-618b-4fd1-a84f-b7034b7050f6-34300","trial_id":3,"state":1,"values":[210225.5],"datetime_complete":"2026-10-06T06:02:03.804986"}
{"op_code":4,"worker_id":"7cd1742a-618b-4fd1-a84f-b7034b7050f6-34300","study_id":0,"datetime_start":"2026-10-06T06:02:04.107122"}
{"op_code":5,"worker_id":"7cd1742a-618b-4fd1-a84f-b7034b7050f6-34300","trial_id":4,"param_name":"learning-rate","param_value_internal":0.00021876939530160837,"distribution":"{\"name\": \"FloatDistribution\", \"attributes\": {\"step\": null, \"low\": 3e-05, \"high\": 0.001, \"log\": true}}"}
{"op_code":5,"worker_id":"7cd1742a-618b-4fd1-a84f-b7034b7050f6-34300","trial_id":4,"param_name":"rollout-size","param_value_internal":3,"distribution":"{\"name\": \"CategoricalDistribution\", \"attributes\": {\"choices\": [2048, 4096, 8192, 16384]}}"}
{"op_code":5,"worker_id":"7cd1742a-618b-4fd1-a84f-b7034b7050f6-34300","trial_id":4,"param_name":"batch-size","param_value_internal":0,"distribution":"{\"name\": \"CategoricalDistribution\", \"attributes\": {\"choices\": [64, 256, 1024]}}"}
{"op_code":5,"worker_id":"7cd1742a-618b-4fd1-a84f-b7034b7050f6-34300","trial_id":4,"param_name":"n-epochs","param_value_internal":1,"distribution":"{\"name\": \"CategoricalDistribution\", \"attributes\": {\"choices\": [3, 5, 10]}}"}
{"op_code":5,"worker_id":"7cd1742a-618b-4fd1-a84f-b7034b7050f6-34300","trial_id":4,"param_name":"gamma","param_value_internal":1,"distribution":"{\"name\": \"CategoricalDistribution\", \"attributes\": {\"choices\": [0.99, 0.995, 0.999]}}"}
{"op_code":5,"worker_id":"7cd1742a-618b-4fd1-a84f-b7034b7050f6-34300","trial_id":4,"param_name":"gae-lambda","param_value_internal":0,"distribution":"{\"name\": \"CategoricalDistribution\", \"attributes\": {\"choices\": [0.9, 0.95, 0.98]}}"}
{"op_code":5,"worker_id":"7cd1742a-618b-4fd1-a84f-b7034b7050f6-34300","trial_id":4,"param_name":"clip-range","param_value_internal":2,"distribution":"{\"name\": \"CategoricalDistribution\", \"attributes\": {\"choices\": [0.1, 0.2, 0.3]}}"}
{"op_code":5,"worker_id":"7cd1742a-618b-4fd1-a84f-b7034b7050f6-34300","trial_id":4,"param_name":"ent-coef","param_value_internal":0.000413229862740349,"distribution":"{\"name\": \"FloatDistribution\", \"attributes\": {\"step\": null, \"low\": 0.0001, \"high\": 0.03, \"log\": true}}"}
{"op_code":8,"worker_id":"7cd1742a-618b-4fd1-a84f-b7034b7050f6-34300","trial_id":4,"user_attr":{"train_argv":"--option 2 --reward-mode objective --objectives tardiness_sq --lambda-late 1.0 --lambda-energy 1.0 --power-model linear --difficulty on_rho095 --timesteps 100000 --save-tag tune_on_rho095_o2nm_t4 --n-envs 4 --vec-backend subproc --seed 0 --algo ppo --markov-obs --work-conserving --learning-rate 0.000218769 --rollout-size 16384 --batch-size 64 --n-epochs 5 --gamma 0.995 --gae-lambda 0.9 --clip-range 0.3 --ent-coef 0.00041323"}}
{"op_code":7,"worker_id":"7cd1742a-618b-4fd1-a84f-b7034b7050f6-34300","trial_id":4,"step":25000,"intermediate_value":242387.0}
{"op_code":7,"worker_id":"7cd1742a-618b-4fd1-a84f-b7034b7050f6-34300","trial_id":4,"step":50000,"intermediate_value":167937.6}
{"op_code":7,"worker_id":"7cd1742a-618b-4fd1-a84f-b7034b7050f6-34300","trial_id":4,"step":75000,"intermediate_value":190327.0}
{"op_code":6,"worker_id":"7cd1742a-618b-4fd1-a84f-b7034b7050f6-34300","trial_id":4,"state":1,"values":[227802.95],"datetime_complete":"2026-10-06T06:37:29.492904"}
{"op_code":4,"worker_id":"7cd1742a-618b-4fd1-a84f-b7034b7050f6-34300","study_id":0,"datetime_start":"2026-10-06T06:37:29.866272"}
{"op_code":5,"worker_id":"7cd1742a-618b-4fd1-a84f-b7034b7050f6-34300","trial_id":5,"param_name":"learning-rate","param_value_internal":0.00022622417507807115,"distribution":"{\"name\": \"FloatDistribution\", \"attributes\": {\"step\": null, \"low\": 3e-05, \"high\": 0.001, \"log\": true}}"}
{"op_code":5,"worker_id":"7cd1742a-618b-4fd1-a84f-b7034b7050f6-34300","trial_id":5,"param_name":"rollout-size","param_value_internal":3,"distribution":"{\"name\": \"CategoricalDistribution\", \"attributes\": {\"choices\": [2048, 4096, 8192, 16384]}}"}
{"op_code":5,"worker_id":"7cd1742a-618b-4fd1-a84f-b7034b7050f6-34300","trial_id":5,"param_name":"batch-size","param_value_internal":1,"distribution":"{\"name\": \"CategoricalDistribution\", \"attributes\": {\"choices\": [64, 256, 1024]}}"}
{"op_code":5,"worker_id":"7cd1742a-618b-4fd1-a84f-b7034b7050f6-34300","trial_id":5,"param_name":"n-epochs","param_value_internal":1,"distribution":"{\"name\": \"CategoricalDistribution\", \"attributes\": {\"choices\": [3, 5, 10]}}"}
{"op_code":5,"worker_id":"7cd1742a-618b-4fd1-a84f-b7034b7050f6-34300","trial_id":5,"param_name":"gamma","param_value_internal":2,"distribution":"{\"name\": \"CategoricalDistribution\", \"attributes\": {\"choices\": [0.99, 0.995, 0.999]}}"}
{"op_code":5,"worker_id":"7cd1742a-618b-4fd1-a84f-b7034b7050f6-34300","trial_id":5,"param_name":"gae-lambda","param_value_internal":1,"distribution":"{\"name\": \"CategoricalDistribution\", \"attributes\": {\"choices\": [0.9, 0.95, 0.98]}}"}
{"op_code":5,"worker_id":"7cd1742a-618b-4fd1-a84f-b7034b7050f6-34300","trial_id":5,"param_name":"clip-range","param_value_internal":0,"distribution":"{\"name\": \"CategoricalDistribution\", \"attributes\": {\"choices\": [0.1, 0.2, 0.3]}}"}
{"op_code":5,"worker_id":"7cd1742a-618b-4fd1-a84f-b7034b7050f6-34300","trial_id":5,"param_name":"ent-coef","param_value_internal":0.0031776753088383902,"distribution":"{\"name\": \"FloatDistribution\", \"attributes\": {\"step\": null, \"low\": 0.0001, \"high\": 0.03, \"log\": true}}"}
{"op_code":8,"worker_id":"7cd1742a-618b-4fd1-a84f-b7034b7050f6-34300","trial_id":5,"user_attr":{"train_argv":"--option 2 --reward-mode objective --objectives tardiness_sq --lambda-late 1.0 --lambda-energy 1.0 --power-model linear --difficulty on_rho095 --timesteps 100000 --save-tag tune_on_rho095_o2nm_t5 --n-envs 4 --vec-backend subproc --seed 0 --algo ppo --markov-obs --work-conserving --learning-rate 0.000226224 --rollout-size 16384 --batch-size 256 --n-epochs 5 --gamma 0.999 --gae-lambda 0.95 --clip-range 0.1 --ent-coef 0.00317768"}}
{"op_code":7,"worker_id":"7cd1742a-618b-4fd1-a84f-b7034b7050f6-34300","trial_id":5,"step":25000,"intermediate_value":151399.6}
{"op_code":7,"worker_id":"7cd1742a-618b-4fd1-a84f-b7034b7050f6-34300","trial_id":5,"step":50000,"intermediate_value":236799.8}
{"op_code":7,"worker_id":"7cd1742a-618b-4fd1-a84f-b7034b7050f6-34300","trial_id":5,"step":75000,"intermediate_value":148500.6}
{"op_code":6,"worker_id":"7cd1742a-618b-4fd1-a84f-b7034b7050f6-34300","trial_id":5,"state":1,"values":[298049.3],"datetime_complete":"2026-10-06T07:15:56.437806"}
{"op_code":4,"worker_id":"7cd1742a-618b-4fd1-a84f-b7034b7050f6-34300","study_id":0,"datetime_start":"2026-10-06T07:15:56.702017"}
{"op_code":5,"worker_id":"7cd1742a-618b-4fd1-a84f-b7034b7050f6-34300","trial_id":6,"param_name":"learning-rate","param_value_internal":3.208855558609467e-05,"distribution":"{\"name\": \"FloatDistribution\", \"attributes\": {\"step\": null, \"low\": 3e-05, \"high\": 0.001, \"log\": true}}"}
{"op_code":5,"worker_id":"7cd1742a-618b-4fd1-a84f-b7034b7050f6-34300","trial_id":6,"param_name":"rollout-size","param_value_internal":1,"distribution":"{\"name\": \"CategoricalDistribution\", \"attributes\": {\"choices\": [2048, 4096, 8192, 16384]}}"}
{"op_code":5,"worker_id":"7cd1742a-618b-4fd1-a84f-b7034b7050f6-34300","trial_id":6,"param_name":"batch-size","param_value_internal":0,"distribution":"{\"name\": \"CategoricalDistribution\", \"attributes\": {\"choices\": [64, 256, 1024]}}"}
{"op_code":5,"worker_id":"7cd1742a-618b-4fd1-a84f-b7034b7050f6-34300","trial_id":6,"param_name":"n-epochs","param_value_internal":1,"distribution":"{\"name\": \"CategoricalDistribution\", \"attributes\": {\"choices\": [3, 5, 10]}}"}
{"op_code":5,"worker_id":"7cd1742a-618b-4fd1-a84f-b7034b7050f6-34300","trial_id":6,"param_name":"gamma","param_value_internal":0,"distribution":"{\"name\": \"CategoricalDistribution\", \"attributes\": {\"choices\": [0.99, 0.995, 0.999]}}"}
{"op_code":5,"worker_id":"7cd1742a-618b-4fd1-a84f-b7034b7050f6-34300","trial_id":6,"param_name":"gae-lambda","param_value_internal":0,"distribution":"{\"name\": \"CategoricalDistribution\", \"attributes\": {\"choices\": [0.9, 0.95, 0.98]}}"}
{"op_code":5,"worker_id":"7cd1742a-618b-4fd1-a84f-b7034b7050f6-34300","trial_id":6,"param_name":"clip-range","param_value_internal":0,"distribution":"{\"name\": \"CategoricalDistribution\", \"attributes\": {\"choices\": [0.1, 0.2, 0.3]}}"}
{"op_code":5,"worker_id":"7cd1742a-618b-4fd1-a84f-b7034b7050f6-34300","trial_id":6,"param_name":"ent-coef","param_value_internal":0.00017712267105509928,"distribution":"{\"name\": \"FloatDistribution\", \"attributes\": {\"step\": null, \"low\": 0.0001, \"high\": 0.03, \"log\": true}}"}
{"op_code":8,"worker_id":"7cd1742a-618b-4fd1-a84f-b7034b7050f6-34300","trial_id":6,"user_attr":{"train_argv":"--option 2 --reward-mode objective --objectives tardiness_sq --lambda-late 1.0 --lambda-energy 1.0 --power-model linear --difficulty on_rho095 --timesteps 100000 --save-tag tune_on_rho095_o2nm_t6 --n-envs 4 --vec-backend subproc --seed 0 --algo ppo --markov-obs --work-conserving --learning-rate 3.20886e-05 --rollout-size 4096 --batch-size 64 --n-epochs 5 --gamma 0.99 --gae-lambda 0.9 --clip-range 0.1 --ent-coef 0.000177123"}}
{"op_code":7,"worker_id":"7cd1742a-618b-4fd1-a84f-b7034b7050f6-34300","trial_id":6,"step":25000,"intermediate_value":319423.0}
{"op_code":6,"worker_id":"7cd1742a-618b-4fd1-a84f-b7034b7050f6-34300","trial_id":6,"state":2,"values":[319423.0],"datetime_complete":"2026-10-06T07:22:27.134563"}
{"op_code":4,"worker_id":"7cd1742a-618b-4fd1-a84f-b7034b7050f6-34300","study_id":0,"datetime_start":"2026-10-06T07:22:27.321451"}
{"op_code":5,"worker_id":"7cd1742a-618b-4fd1-a84f-b7034b7050f6-34300","trial_id":7,"param_name":"learning-rate","param_value_internal":0.0007540181221018431,"distribution":"{\"name\": \"FloatDistribution\", \"attributes\": {\"step\": null, \"low\": 3e-05, \"high\": 0.001, \"log\": true}}"}
{"op_code":5,"worker_id":"7cd1742a-618b-4fd1-a84f-b7034b7050f6-34300","trial_id":7,"param_name":"rollout-size","param_value_internal":1,"distribution":"{\"name\": \"CategoricalDistribution\", \"attributes\": {\"choices\": [2048, 4096, 8192, 16384]}}"}
{"op_code":5,"worker_id":"7cd1742a-618b-4fd1-a84f-b7034b7050f6-34300","trial_id":7,"param_name":"batch-size","param_value_internal":1,"distribution":"{\"name\": \"CategoricalDistribution\", \"attributes\": {\"choices\": [64, 256, 1024]}}"}
{"op_code":5,"worker_id":"7cd1742a-618b-4fd1-a84f-b7034b7050f6-34300","trial_id":7,"param_name":"n-epochs","param_value_internal":0,"distribution":"{\"name\": \"CategoricalDistribution\", \"attributes\": {\"choices\": [3, 5, 10]}}"}
{"op_code":5,"worker_id":"7cd1742a-618b-4fd1-a84f-b7034b7050f6-34300","trial_id":7,"param_name":"gamma","param_value_internal":2,"distribution":"{\"name\": \"CategoricalDistribution\", \"attributes\": {\"choices\": [0.99, 0.995, 0.999]}}"}
{"op_code":5,"worker_id":"7cd1742a-618b-4fd1-a84f-b7034b7050f6-34300","trial_id":7,"param_name":"gae-lambda","param_value_internal":2,"distribution":"{\"name\": \"CategoricalDistribution\", \"attributes\": {\"choices\": [0.9, 0.95, 0.98]}}"}
{"op_code":5,"worker_id":"7cd1742a-618b-4fd1-a84f-b7034b7050f6-34300","trial_id":7,"param_name":"clip-range","param_value_internal":0,"distribution":"{\"name\": \"CategoricalDistribution\", \"attributes\": {\"choices\": [0.1, 0.2, 0.3]}}"}
{"op_code":5,"worker_id":"7cd1742a-618b-4fd1-a84f-b7034b7050f6-34300","trial_id":7,"param_name":"ent-coef","param_value_internal":0.000779308323413374,"distribution":"{\"name\": \"FloatDistribution\", \"attributes\": {\"step\": null, \"low\": 0.0001, \"high\": 0.03, \"log\": true}}"}
{"op_code":8,"worker_id":"7cd1742a-618b-4fd1-a84f-b7034b7050f6-34300","trial_id":7,"user_attr":{"train_argv":"--option 2 --reward-mode objective --objectives tardiness_sq --lambda-late 1.0 --lambda-energy 1.0 --power-model linear --difficulty on_rho095 --timesteps 100000 --save-tag tune_on_rho095_o2nm_t7 --n-envs 4 --vec-backend subproc --seed 0 --algo ppo --markov-obs --work-conserving --learning-rate 0.000754018 --rollout-size 4096 --batch-size 256 --n-epochs 3 --gamma 0.999 --gae-lambda 0.98 --clip-range 0.1 --ent-coef 0.000779308"}}
{"op_code":0,"worker_id":"bfe2f0db-164a-440d-83f5-38f9c379bc0a-32928","study_name":"on_rho095_o2nm","directions":[1]}
{"op_code":7,"worker_id":"7cd1742a-618b-4fd1-a84f-b7034b7050f6-34300","trial_id":7,"step":25000,"intermediate_value":102684.4}
{"op_code":7,"worker_id":"7cd1742a-618b-4fd1-a84f-b7034b7050f6-34300","trial_id":7,"step":50000,"intermediate_value":42972.4}
{"op_code":7,"worker_id":"7cd1742a-618b-4fd1-a84f-b7034b7050f6-34300","trial_id":7,"step":75000,"intermediate_value":45863.2}
{"op_code":6,"worker_id":"7cd1742a-618b-4fd1-a84f-b7034b7050f6-34300","trial_id":7,"state":1,"values":[129794.0],"datetime_complete":"2026-10-06T07:41:27.144850"}
{"op_code":4,"worker_id":"7cd1742a-618b-4fd1-a84f-b7034b7050f6-34300","study_id":0,"datetime_start":"2026-10-06T07:41:27.338489"}
{"op_code":5,"worker_id":"7cd1742a-618b-4fd1-a84f-b7034b7050f6-34300","trial_id":8,"param_name":"learning-rate","param_value_internal":0.0003879791314675207,"distribution":"{\"name\": \"FloatDistribution\", \"attributes\": {\"step\": null, \"low\": 3e-05, \"high\": 0.001, \"log\": true}}"}
{"op_code":5,"worker_id":"7cd1742a-618b-4fd1-a84f-b7034b7050f6-34300","trial_id":8,"param_name":"rollout-size","param_value_internal":1,"distribution":"{\"name\": \"CategoricalDistribution\", \"attributes\": {\"choices\": [2048, 4096, 8192, 16384]}}"}
{"op_code":5,"worker_id":"7cd1742a-618b-4fd1-a84f-b7034b7050f6-34300","trial_id":8,"param_name":"batch-size","param_value_internal":1,"distribution":"{\"name\": \"CategoricalDistribution\", \"attributes\": {\"choices\": [64, 256, 1024]}}"}
{"op_code":5,"worker_id":"7cd1742a-618b-4fd1-a84f-b7034b7050f6-34300","trial_id":8,"param_name":"n-epochs","param_value_internal":1,"distribution":"{\"name\": \"CategoricalDistribution\", \"attributes\": {\"choices\": [3, 5, 10]}}"}
{"op_code":5,"worker_id":"7cd1742a-618b-4fd1-a84f-b7034b7050f6-34300","trial_id":8,"param_name":"gamma","param_value_internal":2,"distribution":"{\"name\": \"CategoricalDistribution\", \"attributes\": {\"choices\": [0.99, 0.995, 0.999]}}"}
{"op_code":5,"worker_id":"7cd1742a-618b-4fd1-a84f-b7034b7050f6-34300","trial_id":8,"param_name":"gae-lambda","param_value_internal":2,"distribution":"{\"name\": \"CategoricalDistribution\", \"attributes\": {\"choices\": [0.9, 0.95, 0.98]}}"}
{"op_code":5,"worker_id":"7cd1742a-618b-4fd1-a84f-b7034b7050f6-34300","trial_id":8,"param_name":"clip-range","param_value_internal":0,"distribution":"{\"name\": \"CategoricalDistribution\", \"attributes\": {\"choices\": [0.1, 0.2, 0.3]}}"}
{"op_code":5,"worker_id":"7cd1742a-618b-4fd1-a84f-b7034b7050f6-34300","trial_id":8,"param_name":"ent-coef","param_value_internal":0.006435774191713849,"distribution":"{\"name\": \"FloatDistribution\", \"attributes\": {\"step\": null, \"low\": 0.0001, \"high\": 0.03, \"log\": true}}"}
{"op_code":8,"worker_id":"7cd1742a-618b-4fd1-a84f-b7034b7050f6-34300","trial_id":8,"user_attr":{"train_argv":"--option 2 --reward-mode objective --objectives tardiness_sq --lambda-late 1.0 --lambda-energy 1.0 --power-model linear --difficulty on_rho095 --timesteps 100000 --save-tag tune_on_rho095_o2nm_t8 --n-envs 4 --vec-backend subproc --seed 0 --algo ppo --markov-obs --work-conserving --learning-rate 0.000387979 --rollout-size 4096 --batch-size 256 --n-epochs 5 --gamma 0.999 --gae-lambda 0.98 --clip-range 0.1 --ent-coef 0.00643577"}}
{"op_code":7,"worker_id":"7cd1742a-618b-4fd1-a84f-b7034b7050f6-34300","trial_id":8,"step":25000,"intermediate_value":84492.6}
{"op_code":7,"worker_id":"7cd1742a-618b-4fd1-a84f-b7034b7050f6-34300","trial_id":8,"step":50000,"intermediate_value":47921.4}
{"op_code":7,"worker_id":"7cd1742a-618b-4fd1-a84f-b7034b7050f6-34300","trial_id":8,"step":75000,"intermediate_value":40897.8}
{"op_code":6,"worker_id":"7cd1742a-618b-4fd1-a84f-b7034b7050f6-34300","trial_id":8,"state":1,"values":[78063.7],"datetime_complete":"2026-10-06T08:10:36.495604"}
{"op_code":4,"worker_id":"7cd1742a-618b-4fd1-a84f-b7034b7050f6-34300","study_id":0,"datetime_start":"2026-10-06T08:10:36.714865"}
{"op_code":5,"worker_id":"7cd1742a-618b-4fd1-a84f-b7034b7050f6-34300","trial_id":9,"param_name":"learning-rate","param_value_internal":8.95726984805228e-05,"distribution":"{\"name\": \"FloatDistribution\", \"attributes\": {\"step\": null, \"low\": 3e-05, \"high\": 0.001, \"log\": true}}"}
{"op_code":5,"worker_id":"7cd1742a-618b-4fd1-a84f-b7034b7050f6-34300","trial_id":9,"param_name":"rollout-size","param_value_internal":3,"distribution":"{\"name\": \"CategoricalDistribution\", \"attributes\": {\"choices\": [2048, 4096, 8192, 16384]}}"}
{"op_code":5,"worker_id":"7cd1742a-618b-4fd1-a84f-b7034b7050f6-34300","trial_id":9,"param_name":"batch-size","param_value_internal":0,"distribution":"{\"name\": \"CategoricalDistribution\", \"attributes\": {\"choices\": [64, 256, 1024]}}"}
{"op_code":5,"worker_id":"7cd1742a-618b-4fd1-a84f-b7034b7050f6-34300","trial_id":9,"param_name":"n-epochs","param_value_internal":2,"distribution":"{\"name\": \"CategoricalDistribution\", \"attributes\": {\"choices\": [3, 5, 10]}}"}
{"op_code":5,"worker_id":"7cd1742a-618b-4fd1-a84f-b7034b7050f6-34300","trial_id":9,"param_name":"gamma","param_value_internal":1,"distribution":"{\"name\": \"CategoricalDistribution\", \"attributes\": {\"choices\": [0.99, 0.995, 0.999]}}"}
{"op_code":5,"worker_id":"7cd1742a-618b-4fd1-a84f-b7034b7050f6-34300","trial_id":9,"param_name":"gae-lambda","param_value_internal":0,"distribution":"{\"name\": \"CategoricalDistribution\", \"attributes\": {\"choices\": [0.9, 0.95, 0.98]}}"}
{"op_code":5,"worker_id":"7cd1742a-618b-4fd1-a84f-b7034b7050f6-34300","trial_id":9,"param_name":"clip-range","param_value_internal":0,"distribution":"{\"name\": \"CategoricalDistribution\", \"attributes\": {\"choices\": [0.1, 0.2, 0.3]}}"}
{"op_code":5,"worker_id":"7cd1742a-618b-4fd1-a84f-b7034b7050f6-34300","trial_id":9,"param_name":"ent-coef","param_value_internal":0.016640390684891242,"distribution":"{\"name\": \"FloatDistribution\", \"attributes\": {\"step\": null, \"low\": 0.0001, \"high\": 0.03, \"log\": true}}"}
{"op_code":8,"worker_id":"7cd1742a-618b-4fd1-a84f-b7034b7050f6-34300","trial_id":9,"user_attr":{"train_argv":"--option 2 --reward-mode objective --objectives tardiness_sq --lambda-late 1.0 --lambda-energy 1.0 --power-model linear --difficulty on_rho095 --timesteps 100000 --save-tag tune_on_rho095_o2nm_t9 --n-envs 4 --vec-backend subproc --seed 0 --algo ppo --markov-obs --work-conserving --learning-rate 8.95727e-05 --rollout-size 16384 --batch-size 64 --n-epochs 10 --gamma 0.995 --gae-lambda 0.9 --clip-range 0.1 --ent-coef 0.0166404"}}
{"op_code":7,"worker_id":"7cd1742a-618b-4fd1-a84f-b7034b7050f6-34300","trial_id":9,"step":25000,"intermediate_value":223567.6}
{"op_code":6,"worker_id":"7cd1742a-618b-4fd1-a84f-b7034b7050f6-34300","trial_id":9,"state":2,"values":[223567.6],"datetime_complete":"2026-10-06T08:19:09.157533"}
{"op_code":4,"worker_id":"7cd1742a-618b-4fd1-a84f-b7034b7050f6-34300","study_id":0,"datetime_start":"2026-10-06T08:19:09.420183"}
{"op_code":5,"worker_id":"7cd1742a-618b-4fd1-a84f-b7034b7050f6-34300","trial_id":10,"param_name":"learning-rate","param_value_internal":9.210041858862686e-05,"distribution":"{\"name\": \"FloatDistribution\", \"attributes\": {\"step\": null, \"low\": 3e-05, \"high\": 0.001, \"log\": true}}"}
{"op_code":5,"worker_id":"7cd1742a-618b-4fd1-a84f-b7034b7050f6-34300","trial_id":10,"param_name":"rollout-size","param_value_internal":0,"distribution":"{\"name\": \"CategoricalDistribution\", \"attributes\": {\"choices\": [2048, 4096, 8192, 16384]}}"}
{"op_code":5,"worker_id":"7cd1742a-618b-4fd1-a84f-b7034b7050f6-34300","trial_id":10,"param_name":"batch-size","param_value_internal":1,"distribution":"{\"name\": \"CategoricalDistribution\", \"attributes\": {\"choices\": [64, 256, 1024]}}"}
{"op_code":5,"worker_id":"7cd1742a-618b-4fd1-a84f-b7034b7050f6-34300","trial_id":10,"param_name":"n-epochs","param_value_internal":1,"distribution":"{\"name\": \"CategoricalDistribution\", \"attributes\": {\"choices\": [3, 5, 10]}}"}
{"op_code":5,"worker_id":"7cd1742a-618b-4fd1-a84f-b7034b7050f6-34300","trial_id":10,"param_name":"gamma","param_value_internal":2,"distribution":"{\"name\": \"CategoricalDistribution\", \"attributes\": {\"choices\": [0.99, 0.995, 0.999]}}"}
{"op_code":5,"worker_id":"7cd1742a-618b-4fd1-a84f-b7034b7050f6-34300","trial_id":10,"param_name":"gae-lambda","param_value_internal":2,"distribution":"{\"name\": \"CategoricalDistribution\", \"attributes\": {\"choices\": [0.9, 0.95, 0.98]}}"}
{"op_code":5,"worker_id":"7cd1742a-618b-4fd1-a84f-b7034b7050f6-34300","trial_id":10,"param_name":"clip-range","param_value_internal":1,"distribution":"{\"name\": \"CategoricalDistribution\", \"attributes\": {\"choices\": [0.1, 0.2, 0.3]}}"}
{"op_code":5,"worker_id":"7cd1742a-618b-4fd1-a84f-b7034b7050f6-34300","trial_id":10,"param_name":"ent-coef","param_value_internal":0.010339242076119397,"distribution":"{\"name\": \"FloatDistribution\", \"attributes\": {\"step\": null, \"low\": 0.0001, \"high\": 0.03, \"log\": true}}"}
{"op_code":8,"worker_id":"7cd1742a-618b-4fd1-a84f-b7034b7050f6-34300","trial_id":10,"user_attr":{"train_argv":"--option 2 --reward-mode objective --objectives tardiness_sq --lambda-late 1.0 --lambda-energy 1.0 --power-model linear --difficulty on_rho095 --timesteps 100000 --save-tag tune_on_rho095_o2nm_t10 --n-envs 4 --vec-backend subproc --seed 0 --algo ppo --markov-obs --work-conserving --learning-rate 9.21004e-05 --rollout-size 2048 --batch-size 256 --n-epochs 5 --gamma 0.999 --gae-lambda 0.98 --clip-range 0.2 --ent-coef 0.0103392"}}
{"op_code":7,"worker_id":"7cd1742a-618b-4fd1-a84f-b7034b7050f6-34300","trial_id":10,"step":25000,"intermediate_value":186698.4}
{"op_code":7,"worker_id":"7cd1742a-618b-4fd1-a84f-b7034b7050f6-34300","trial_id":10,"step":50000,"intermediate_value":203704.2}
{"op_code":7,"worker_id":"7cd1742a-618b-4fd1-a84f-b7034b7050f6-34300","trial_id":10,"step":75000,"intermediate_value":201439.4}
{"op_code":6,"worker_id":"7cd1742a-618b-4fd1-a84f-b7034b7050f6-34300","trial_id":10,"state":2,"values":[201439.4],"datetime_complete":"2026-10-06T08:46:30.772123"}
{"op_code":4,"worker_id":"7cd1742a-618b-4fd1-a84f-b7034b7050f6-34300","study_id":0,"datetime_start":"2026-10-06T08:46:30.985870"}
{"op_code":5,"worker_id":"7cd1742a-618b-4fd1-a84f-b7034b7050f6-34300","trial_id":11,"param_name":"learning-rate","param_value_internal":0.000984811230926252,"distribution":"{\"name\": \"FloatDistribution\", \"attributes\": {\"step\": null, \"low\": 3e-05, \"high\": 0.001, \"log\": true}}"}
{"op_code":5,"worker_id":"7cd1742a-618b-4fd1-a84f-b7034b7050f6-34300","trial_id":11,"param_name":"rollout-size","param_value_internal":1,"distribution":"{\"name\": \"CategoricalDistribution\", \"attributes\": {\"choices\": [2048, 4096, 8192, 16384]}}"}
{"op_code":5,"worker_id":"7cd1742a-618b-4fd1-a84f-b7034b7050f6-34300","trial_id":11,"param_name":"batch-size","param_value_internal":1,"distribution":"{\"name\": \"CategoricalDistribution\", \"attributes\": {\"choices\": [64, 256, 1024]}}"}
{"op_code":5,"worker_id":"7cd1742a-618b-4fd1-a84f-b7034b7050f6-34300","trial_id":11,"param_name":"n-epochs","param_value_internal":0,"distribution":"{\"name\": \"CategoricalDistribution\", \"attributes\": {\"choices\": [3, 5, 10]}}"}
{"op_code":5,"worker_id":"7cd1742a-618b-4fd1-a84f-b7034b7050f6-34300","trial_id":11,"param_name":"gamma","param_value_internal":2,"distribution":"{\"name\": \"CategoricalDistribution\", \"attributes\": {\"choices\": [0.99, 0.995, 0.999]}}"}
{"op_code":5,"worker_id":"7cd1742a-618b-4fd1-a84f-b7034b7050f6-34300","trial_id":11,"param_name":"gae-lambda","param_value_internal":2,"distribution":"{\"name\": \"CategoricalDistribution\", \"attributes\": {\"choices\": [0.9, 0.95, 0.98]}}"}
{"op_code":5,"worker_id":"7cd1742a-618b-4fd1-a84f-b7034b7050f6-34300","trial_id":11,"param_name":"clip-range","param_value_internal":0,"distribution":"{\"name\": \"CategoricalDistribution\", \"attributes\": {\"choices\": [0.1, 0.2, 0.3]}}"}
{"op_code":5,"worker_id":"7cd1742a-618b-4fd1-a84f-b7034b7050f6-34300","trial_id":11,"param_name":"ent-coef","param_value_internal":0.0011577173080038704,"distribution":"{\"name\": \"FloatDistribution\", \"attributes\": {\"step\": null, \"low\": 0.0001, \"high\": 0.03, \"log\": true}}"}
{"op_code":8,"worker_id":"7cd1742a-618b-4fd1-a84f-b7034b7050f6-34300","trial_id":11,"user_attr":{"train_argv":"--option 2 --reward-mode objective --objectives tardiness_sq --lambda-late 1.0 --lambda-energy 1.0 --power-model linear --difficulty on_rho095 --timesteps 100000 --save-tag tune_on_rho095_o2nm_t11 --n-envs 4 --vec-backend subproc --seed 0 --algo ppo --markov-obs --work-conserving --learning-rate 0.000984811 --rollout-size 4096 --batch-size 256 --n-epochs 3 --gamma 0.999 --gae-lambda 0.98 --clip-range 0.1 --ent-coef 0.00115772"}}
{"op_code":7,"worker_id":"7cd1742a-618b-4fd1-a84f-b7034b7050f6-34300","trial_id":11,"step":25000,"intermediate_value":36269.0}
{"op_code":7,"worker_id":"7cd1742a-618b-4fd1-a84f-b7034b7050f6-34300","trial_id":11,"step":50000,"intermediate_value":77534.8}
{"op_code":7,"worker_id":"7cd1742a-618b-4fd1-a84f-b7034b7050f6-34300","trial_id":11,"step":75000,"intermediate_value":172719.0}
{"op_code":6,"worker_id":"7cd1742a-618b-4fd1-a84f-b7034b7050f6-34300","trial_id":11,"state":1,"values":[314966.55],"datetime_complete":"2026-10-06T09:11:13.561690"}
{"op_code":4,"worker_id":"7cd1742a-618b-4fd1-a84f-b7034b7050f6-34300","study_id":0,"datetime_start":"2026-10-06T09:11:13.860635"}
{"op_code":5,"worker_id":"7cd1742a-618b-4fd1-a84f-b7034b7050f6-34300","trial_id":12,"param_name":"learning-rate","param_value_internal":0.0009126622950137365,"distribution":"{\"name\": \"FloatDistribution\", \"attributes\": {\"step\": null, \"low\": 3e-05, \"high\": 0.001, \"log\": true}}"}
{"op_code":5,"worker_id":"7cd1742a-618b-4fd1-a84f-b7034b7050f6-34300","trial_id":12,"param_name":"rollout-size","param_value_internal":1,"distribution":"{\"name\": \"CategoricalDistribution\", \"attributes\": {\"choices\": [2048, 4096, 8192, 16384]}}"}
{"op_code":5,"worker_id":"7cd1742a-618b-4fd1-a84f-b7034b7050f6-34300","trial_id":12,"param_name":"batch-size","param_value_internal":1,"distribution":"{\"name\": \"CategoricalDistribution\", \"attributes\": {\"choices\": [64, 256, 1024]}}"}
{"op_code":5,"worker_id":"7cd1742a-618b-4fd1-a84f-b7034b7050f6-34300","trial_id":12,"param_name":"n-epochs","param_value_internal":0,"distribution":"{\"name\": \"CategoricalDistribution\", \"attributes\": {\"choices\": [3, 5, 10]}}"}
{"op_code":5,"worker_id":"7cd1742a-618b-4fd1-a84f-b7034b7050f6-34300","trial_id":12,"param_name":"gamma","param_value_internal":2,"distribution":"{\"name\": \"CategoricalDistribution\", \"attributes\": {\"choices\": [0.99, 0.995, 0.999]}}"}
{"op_code":5,"worker_id":"7cd1742a-618b-4fd1-a84f-b7034b7050f6-34300","trial_id":12,"param_name":"gae-lambda","param_value_internal":2,"distribution":"{\"name\": \"CategoricalDistribution\", \"attributes\": {\"choices\": [0.9, 0.95, 0.98]}}"}
{"op_code":5,"worker_id":"7cd1742a-618b-4fd1-a84f-b7034b7050f6-34300","trial_id":12,"param_name":"clip-range","param_value_internal":0,"distribution":"{\"name\": \"CategoricalDistribution\", \"attributes\": {\"choices\": [0.1, 0.2, 0.3]}}"}
{"op_code":5,"worker_id":"7cd1742a-618b-4fd1-a84f-b7034b7050f6-34300","trial_id":12,"param_name":"ent-coef","param_value_internal":0.00010568931058843856,"distribution":"{\"name\": \"FloatDistribution\", \"attributes\": {\"step\": null, \"low\": 0.0001, \"high\": 0.03, \"log\": true}}"}
{"op_code":8,"worker_id":"7cd1742a-618b-4fd1-a84f-b7034b7050f6-34300","trial_id":12,"user_attr":{"train_argv":"--option 2 --reward-mode objective --objectives tardiness_sq --lambda-late 1.0 --lambda-energy 1.0 --power-model linear --difficulty on_rho095 --timesteps 100000 --save-tag tune_on_rho095_o2nm_t12 --n-envs 4 --vec-backend subproc --seed 0 --algo ppo --markov-obs --work-conserving --learning-rate 0.000912662 --rollout-size 4096 --batch-size 256 --n-epochs 3 --gamma 0.999 --gae-lambda 0.98 --clip-range 0.1 --ent-coef 0.000105689"}}
{"op_code":7,"worker_id":"7cd1742a-618b-4fd1-a84f-b7034b7050f6-34300","trial_id":12,"step":25000,"intermediate_value":42563.6}
{"op_code":7,"worker_id":"7cd1742a-618b-4fd1-a84f-b7034b7050f6-34300","trial_id":12,"step":50000,"intermediate_value":59667.4}
{"op_code":7,"worker_id":"7cd1742a-618b-4fd1-a84f-b7034b7050f6-34300","trial_id":12,"step":75000,"intermediate_value":47513.8}
{"op_code":6,"worker_id":"7cd1742a-618b-4fd1-a84f-b7034b7050f6-34300","trial_id":12,"state":1,"values":[73215.55],"datetime_complete":"2026-10-06T09:36:11.188036"}
{"op_code":4,"worker_id":"7cd1742a-618b-4fd1-a84f-b7034b7050f6-34300","study_id":0,"datetime_start":"2026-10-06T09:36:11.575585"}
{"op_code":5,"worker_id":"7cd1742a-618b-4fd1-a84f-b7034b7050f6-34300","trial_id":13,"param_name":"learning-rate","param_value_internal":0.0005069720956982403,"distribution":"{\"name\": \"FloatDistribution\", \"attributes\": {\"step\": null, \"low\": 3e-05, \"high\": 0.001, \"log\": true}}"}
{"op_code":5,"worker_id":"7cd1742a-618b-4fd1-a84f-b7034b7050f6-34300","trial_id":13,"param_name":"rollout-size","param_value_internal":1,"distribution":"{\"name\": \"CategoricalDistribution\", \"attributes\": {\"choices\": [2048, 4096, 8192, 16384]}}"}
{"op_code":5,"worker_id":"7cd1742a-618b-4fd1-a84f-b7034b7050f6-34300","trial_id":13,"param_name":"batch-size","param_value_internal":1,"distribution":"{\"name\": \"CategoricalDistribution\", \"attributes\": {\"choices\": [64, 256, 1024]}}"}
{"op_code":5,"worker_id":"7cd1742a-618b-4fd1-a84f-b7034b7050f6-34300","trial_id":13,"param_name":"n-epochs","param_value_internal":0,"distribution":"{\"name\": \"CategoricalDistribution\", \"attributes\": {\"choices\": [3, 5, 10]}}"}
{"op_code":5,"worker_id":"7cd1742a-618b-4fd1-a84f-b7034b7050f6-34300","trial_id":13,"param_name":"gamma","param_value_internal":2,"distribution":"{\"name\": \"CategoricalDistribution\", \"attributes\": {\"choices\": [0.99, 0.995, 0.999]}}"}
{"op_code":5,"worker_id":"7cd1742a-618b-4fd1-a84f-b7034b7050f6-34300","trial_id":13,"param_name":"gae-lambda","param_value_internal":2,"distribution":"{\"name\": \"CategoricalDistribution\", \"attributes\": {\"choices\": [0.9, 0.95, 0.98]}}"}
{"op_code":5,"worker_id":"7cd1742a-618b-4fd1-a84f-b7034b7050f6-34300","trial_id":13,"param_name":"clip-range","param_value_internal":1,"distribution":"{\"name\": \"CategoricalDistribution\", \"attributes\": {\"choices\": [0.1, 0.2, 0.3]}}"}
{"op_code":5,"worker_id":"7cd1742a-618b-4fd1-a84f-b7034b7050f6-34300","trial_id":13,"param_name":"ent-coef","param_value_internal":0.00013773013415405491,"distribution":"{\"name\": \"FloatDistribution\", \"attributes\": {\"step\": null, \"low\": 0.0001, \"high\": 0.03, \"log\": true}}"}
{"op_code":8,"worker_id":"7cd1742a-618b-4fd1-a84f-b7034b7050f6-34300","trial_id":13,"user_attr":{"train_argv":"--option 2 --reward-mode objective --objectives tardiness_sq --lambda-late 1.0 --lambda-energy 1.0 --power-model linear --difficulty on_rho095 --timesteps 100000 --save-tag tune_on_rho095_o2nm_t13 --n-envs 4 --vec-backend subproc --seed 0 --algo ppo --markov-obs --work-conserving --learning-rate 0.000506972 --rollout-size 4096 --batch-size 256 --n-epochs 3 --gamma 0.999 --gae-lambda 0.98 --clip-range 0.2 --ent-coef 0.00013773"}}
{"op_code":7,"worker_id":"7cd1742a-618b-4fd1-a84f-b7034b7050f6-34300","trial_id":13,"step":25000,"intermediate_value":45954.6}
{"op_code":7,"worker_id":"7cd1742a-618b-4fd1-a84f-b7034b7050f6-34300","trial_id":13,"step":50000,"intermediate_value":58285.0}
{"op_code":7,"worker_id":"7cd1742a-618b-4fd1-a84f-b7034b7050f6-34300","trial_id":13,"step":75000,"intermediate_value":146392.2}
{"op_code":6,"worker_id":"7cd1742a-618b-4fd1-a84f-b7034b7050f6-34300","trial_id":13,"state":1,"values":[322077.0],"datetime_complete":"2026-10-06T10:00:01.719409"}
{"op_code":4,"worker_id":"7cd1742a-618b-4fd1-a84f-b7034b7050f6-34300","study_id":0,"datetime_start":"2026-10-06T10:00:02.120598"}
{"op_code":5,"worker_id":"7cd1742a-618b-4fd1-a84f-b7034b7050f6-34300","trial_id":14,"param_name":"learning-rate","param_value_internal":0.0005707455304982565,"distribution":"{\"name\": \"FloatDistribution\", \"attributes\": {\"step\": null, \"low\": 3e-05, \"high\": 0.001, \"log\": true}}"}
{"op_code":5,"worker_id":"7cd1742a-618b-4fd1-a84f-b7034b7050f6-34300","trial_id":14,"param_name":"rollout-size","param_value_internal":1,"distribution":"{\"name\": \"CategoricalDistribution\", \"attributes\": {\"choices\": [2048, 4096, 8192, 16384]}}"}
{"op_code":5,"worker_id":"7cd1742a-618b-4fd1-a84f-b7034b7050f6-34300","trial_id":14,"param_name":"batch-size","param_value_internal":1,"distribution":"{\"name\": \"CategoricalDistribution\", \"attributes\": {\"choices\": [64, 256, 1024]}}"}
{"op_code":5,"worker_id":"7cd1742a-618b-4fd1-a84f-b7034b7050f6-34300","trial_id":14,"param_name":"n-epochs","param_value_internal":0,"distribution":"{\"name\": \"CategoricalDistribution\", \"attributes\": {\"choices\": [3, 5, 10]}}"}
{"op_code":5,"worker_id":"7cd1742a-618b-4fd1-a84f-b7034b7050f6-34300","trial_id":14,"param_name":"gamma","param_value_internal":2,"distribution":"{\"name\": \"CategoricalDistribution\", \"attributes\": {\"choices\": [0.99, 0.995, 0.999]}}"}
{"op_code":5,"worker_id":"7cd1742a-618b-4fd1-a84f-b7034b7050f6-34300","trial_id":14,"param_name":"gae-lambda","param_value_internal":2,"distribution":"{\"name\": \"CategoricalDistribution\", \"attributes\": {\"choices\": [0.9, 0.95, 0.98]}}"}
{"op_code":5,"worker_id":"7cd1742a-618b-4fd1-a84f-b7034b7050f6-34300","trial_id":14,"param_name":"clip-range","param_value_internal":0,"distribution":"{\"name\": \"CategoricalDistribution\", \"attributes\": {\"choices\": [0.1, 0.2, 0.3]}}"}
{"op_code":5,"worker_id":"7cd1742a-618b-4fd1-a84f-b7034b7050f6-34300","trial_id":14,"param_name":"ent-coef","param_value_internal":0.00034994006960312125,"distribution":"{\"name\": \"FloatDistribution\", \"attributes\": {\"step\": null, \"low\": 0.0001, \"high\": 0.03, \"log\": true}}"}
{"op_code":8,"worker_id":"7cd1742a-618b-4fd1-a84f-b7034b7050f6-34300","trial_id":14,"user_attr":{"train_argv":"--option 2 --reward-mode objective --objectives tardiness_sq --lambda-late 1.0 --lambda-energy 1.0 --power-model linear --difficulty on_rho095 --timesteps 100000 --save-tag tune_on_rho095_o2nm_t14 --n-envs 4 --vec-backend subproc --seed 0 --algo ppo --markov-obs --work-conserving --learning-rate 0.000570746 --rollout-size 4096 --batch-size 256 --n-epochs 3 --gamma 0.999 --gae-lambda 0.98 --clip-range 0.1 --ent-coef 0.00034994"}}
{"op_code":7,"worker_id":"7cd1742a-618b-4fd1-a84f-b7034b7050f6-34300","trial_id":14,"step":25000,"intermediate_value":47809.8}
{"op_code":7,"worker_id":"7cd1742a-618b-4fd1-a84f-b7034b7050f6-34300","trial_id":14,"step":50000,"intermediate_value":52278.0}
{"op_code":7,"worker_id":"7cd1742a-618b-4fd1-a84f-b7034b7050f6-34300","trial_id":14,"step":75000,"intermediate_value":31682.2}
{"op_code":6,"worker_id":"7cd1742a-618b-4fd1-a84f-b7034b7050f6-34300","trial_id":14,"state":1,"values":[57277.0],"datetime_complete":"2026-10-06T10:23:53.224091"}
{"op_code":4,"worker_id":"7cd1742a-618b-4fd1-a84f-b7034b7050f6-34300","study_id":0,"datetime_start":"2026-10-06T10:23:53.446635"}
{"op_code":5,"worker_id":"7cd1742a-618b-4fd1-a84f-b7034b7050f6-34300","trial_id":15,"param_name":"learning-rate","param_value_internal":0.0006767220521016414,"distribution":"{\"name\": \"FloatDistribution\", \"attributes\": {\"step\": null, \"low\": 3e-05, \"high\": 0.001, \"log\": true}}"}
{"op_code":5,"worker_id":"7cd1742a-618b-4fd1-a84f-b7034b7050f6-34300","trial_id":15,"param_name":"rollout-size","param_value_internal":1,"distribution":"{\"name\": \"CategoricalDistribution\", \"attributes\": {\"choices\": [2048, 4096, 8192, 16384]}}"}
{"op_code":5,"worker_id":"7cd1742a-618b-4fd1-a84f-b7034b7050f6-34300","trial_id":15,"param_name":"batch-size","param_value_internal":1,"distribution":"{\"name\": \"CategoricalDistribution\", \"attributes\": {\"choices\": [64, 256, 1024]}}"}
{"op_code":5,"worker_id":"7cd1742a-618b-4fd1-a84f-b7034b7050f6-34300","trial_id":15,"param_name":"n-epochs","param_value_internal":0,"distribution":"{\"name\": \"CategoricalDistribution\", \"attributes\": {\"choices\": [3, 5, 10]}}"}
{"op_code":5,"worker_id":"7cd1742a-618b-4fd1-a84f-b7034b7050f6-34300","trial_id":15,"param_name":"gamma","param_value_internal":2,"distribution":"{\"name\": \"CategoricalDistribution\", \"attributes\": {\"choices\": [0.99, 0.995, 0.999]}}"}
{"op_code":5,"worker_id":"7cd1742a-618b-4fd1-a84f-b7034b7050f6-34300","trial_id":15,"param_name":"gae-lambda","param_value_internal":2,"distribution":"{\"name\": \"CategoricalDistribution\", \"attributes\": {\"choices\": [0.9, 0.95, 0.98]}}"}
{"op_code":5,"worker_id":"7cd1742a-618b-4fd1-a84f-b7034b7050f6-34300","trial_id":15,"param_name":"clip-range","param_value_internal":2,"distribution":"{\"name\": \"CategoricalDistribution\", \"attributes\": {\"choices\": [0.1, 0.2, 0.3]}}"}
{"op_code":5,"worker_id":"7cd1742a-618b-4fd1-a84f-b7034b7050f6-34300","trial_id":15,"param_name":"ent-coef","param_value_internal":0.0002701846397884724,"distribution":"{\"name\": \"FloatDistribution\", \"attributes\": {\"step\": null, \"low\": 0.0001, \"high\": 0.03, \"log\": true}}"}
{"op_code":8,"worker_id":"7cd1742a-618b-4fd1-a84f-b7034b7050f6-34300","trial_id":15,"user_attr":{"train_argv":"--option 2 --reward-mode objective --objectives tardiness_sq --lambda-late 1.0 --lambda-energy 1.0 --power-model linear --difficulty on_rho095 --timesteps 100000 --save-tag tune_on_rho095_o2nm_t15 --n-envs 4 --vec-backend subproc --seed 0 --algo ppo --markov-obs --work-conserving --learning-rate 0.000676722 --rollout-size 4096 --batch-size 256 --n-epochs 3 --gamma 0.999 --gae-lambda 0.98 --clip-range 0.3 --ent-coef 0.000270185"}}
{"op_code":0,"worker_id":"c278941e-9246-4eaf-842f-a7ecddb89598-34464","study_name":"on_rho095_o2nm","directions":[1]}
{"op_code":7,"worker_id":"7cd1742a-618b-4fd1-a84f-b7034b7050f6-34300","trial_id":15,"step":25000,"intermediate_value":60800.8}
{"op_code":7,"worker_id":"7cd1742a-618b-4fd1-a84f-b7034b7050f6-34300","trial_id":15,"step":50000,"intermediate_value":39264.6}
{"op_code":0,"worker_id":"f1560233-c7af-4fc5-9ef8-9771e2d25f29-7220","study_name":"on_rho095_o2nm","directions":[1]}
{"op_code":7,"worker_id":"7cd1742a-618b-4fd1-a84f-b7034b7050f6-34300","trial_id":15,"step":75000,"intermediate_value":35942.4}
{"op_code":6,"worker_id":"7cd1742a-618b-4fd1-a84f-b7034b7050f6-34300","trial_id":15,"state":1,"values":[88826.3],"datetime_complete":"2026-10-06T10:49:40.645726"}
{"op_code":4,"worker_id":"7cd1742a-618b-4fd1-a84f-b7034b7050f6-34300","study_id":0,"datetime_start":"2026-10-06T10:49:40.908608"}
{"op_code":5,"worker_id":"7cd1742a-618b-4fd1-a84f-b7034b7050f6-34300","trial_id":16,"param_name":"learning-rate","param_value_internal":0.0009814634642594524,"distribution":"{\"name\": \"FloatDistribution\", \"attributes\": {\"step\": null, \"low\": 3e-05, \"high\": 0.001, \"log\": true}}"}
{"op_code":5,"worker_id":"7cd1742a-618b-4fd1-a84f-b7034b7050f6-34300","trial_id":16,"param_name":"rollout-size","param_value_internal":1,"distribution":"{\"name\": \"CategoricalDistribution\", \"attributes\": {\"choices\": [2048, 4096, 8192, 16384]}}"}
{"op_code":5,"worker_id":"7cd1742a-618b-4fd1-a84f-b7034b7050f6-34300","trial_id":16,"param_name":"batch-size","param_value_internal":1,"distribution":"{\"name\": \"CategoricalDistribution\", \"attributes\": {\"choices\": [64, 256, 1024]}}"}
{"op_code":5,"worker_id":"7cd1742a-618b-4fd1-a84f-b7034b7050f6-34300","trial_id":16,"param_name":"n-epochs","param_value_internal":0,"distribution":"{\"name\": \"CategoricalDistribution\", \"attributes\": {\"choices\": [3, 5, 10]}}"}
{"op_code":5,"worker_id":"7cd1742a-618b-4fd1-a84f-b7034b7050f6-34300","trial_id":16,"param_name":"gamma","param_value_internal":0,"distribution":"{\"name\": \"CategoricalDistribution\", \"attributes\": {\"choices\": [0.99, 0.995, 0.999]}}"}
{"op_code":5,"worker_id":"7cd1742a-618b-4fd1-a84f-b7034b7050f6-34300","trial_id":16,"param_name":"gae-lambda","param_value_internal":2,"distribution":"{\"name\": \"CategoricalDistribution\", \"attributes\": {\"choices\": [0.9, 0.95, 0.98]}}"}
{"op_code":5,"worker_id":"7cd1742a-618b-4fd1-a84f-b7034b7050f6-34300","trial_id":16,"param_name":"clip-range","param_value_internal":0,"distribution":"{\"name\": \"CategoricalDistribution\", \"attributes\": {\"choices\": [0.1, 0.2, 0.3]}}"}
{"op_code":5,"worker_id":"7cd1742a-618b-4fd1-a84f-b7034b7050f6-34300","trial_id":16,"param_name":"ent-coef","param_value_internal":0.0004416333057447704,"distribution":"{\"name\": \"FloatDistribution\", \"attributes\": {\"step\": null, \"low\": 0.0001, \"high\": 0.03, \"log\": true}}"}
{"op_code":8,"worker_id":"7cd1742a-618b-4fd1-a84f-b7034b7050f6-34300","trial_id":16,"user_attr":{"train_argv":"--option 2 --reward-mode objective --objectives tardiness_sq --lambda-late 1.0 --lambda-energy 1.0 --power-model linear --difficulty on_rho095 --timesteps 100000 --save-tag tune_on_rho095_o2nm_t16 --n-envs 4 --vec-backend subproc --seed 0 --algo ppo --markov-obs --work-conserving --learning-rate 0.000981463 --rollout-size 4096 --batch-size 256 --n-epochs 3 --gamma 0.99 --gae-lambda 0.98 --clip-range 0.1 --ent-coef 0.000441633"}}
{"op_code":7,"worker_id":"7cd1742a-618b-4fd1-a84f-b7034b7050f6-34300","trial_id":16,"step":25000,"intermediate_value":216833.2}
{"op_code":6,"worker_id":"7cd1742a-618b-4fd1-a84f-b7034b7050f6-34300","trial_id":16,"state":2,"values":[216833.2],"datetime_complete":"2026-10-06T10:55:19.791031"}
{"op_code":4,"worker_id":"7cd1742a-618b-4fd1-a84f-b7034b7050f6-34300","study_id":0,"datetime_start":"2026-10-06T10:55:20.099322"}
{"op_code":5,"worker_id":"7cd1742a-618b-4fd1-a84f-b7034b7050f6-34300","trial_id":17,"param_name":"learning-rate","param_value_internal":0.00033433686117277043,"distribution":"{\"name\": \"FloatDistribution\", \"attributes\": {\"step\": null, \"low\": 3e-05, \"high\": 0.001, \"log\": true}}"}
{"op_code":5,"worker_id":"7cd1742a-618b-4fd1-a84f-b7034b7050f6-34300","trial_id":17,"param_name":"rollout-size","param_value_internal":0,"distribution":"{\"name\": \"CategoricalDistribution\", \"attributes\": {\"choices\": [2048, 4096, 8192, 16384]}}"}
{"op_code":5,"worker_id":"7cd1742a-618b-4fd1-a84f-b7034b7050f6-34300","trial_id":17,"param_name":"batch-size","param_value_internal":1,"distribution":"{\"name\": \"CategoricalDistribution\", \"attributes\": {\"choices\": [64, 256, 1024]}}"}
{"op_code":5,"worker_id":"7cd1742a-618b-4fd1-a84f-b7034b7050f6-34300","trial_id":17,"param_name":"n-epochs","param_value_internal":0,"distribution":"{\"name\": \"CategoricalDistribution\", \"attributes\": {\"choices\": [3, 5, 10]}}"}
{"op_code":5,"worker_id":"7cd1742a-618b-4fd1-a84f-b7034b7050f6-34300","trial_id":17,"param_name":"gamma","param_value_internal":2,"distribution":"{\"name\": \"CategoricalDistribution\", \"attributes\": {\"choices\": [0.99, 0.995, 0.999]}}"}
{"op_code":5,"worker_id":"7cd1742a-618b-4fd1-a84f-b7034b7050f6-34300","trial_id":17,"param_name":"gae-lambda","param_value_internal":2,"distribution":"{\"name\": \"CategoricalDistribution\", \"attributes\": {\"choices\": [0.9, 0.95, 0.98]}}"}
{"op_code":5,"worker_id":"7cd1742a-618b-4fd1-a84f-b7034b7050f6-34300","trial_id":17,"param_name":"clip-range","param_value_internal":0,"distribution":"{\"name\": \"CategoricalDistribution\", \"attributes\": {\"choices\": [0.1, 0.2, 0.3]}}"}
{"op_code":5,"worker_id":"7cd1742a-618b-4fd1-a84f-b7034b7050f6-34300","trial_id":17,"param_name":"ent-coef","param_value_internal":0.00012837423522033174,"distribution":"{\"name\": \"FloatDistribution\", \"attributes\": {\"step\": null, \"low\": 0.0001, \"high\": 0.03, \"log\": true}}"}
{"op_code":8,"worker_id":"7cd1742a-618b-4fd1-a84f-b7034b7050f6-34300","trial_id":17,"user_attr":{"train_argv":"--option 2 --reward-mode objective --objectives tardiness_sq --lambda-late 1.0 --lambda-energy 1.0 --power-model linear --difficulty on_rho095 --timesteps 100000 --save-tag tune_on_rho095_o2nm_t17 --n-envs 4 --vec-backend subproc --seed 0 --algo ppo --markov-obs --work-conserving --learning-rate 0.000334337 --rollout-size 2048 --batch-size 256 --n-epochs 3 --gamma 0.999 --gae-lambda 0.98 --clip-range 0.1 --ent-coef 0.000128374"}}
{"op_code":7,"worker_id":"7cd1742a-618b-4fd1-a84f-b7034b7050f6-34300","trial_id":17,"step":25000,"intermediate_value":231167.6}
{"op_code":6,"worker_id":"7cd1742a-618b-4fd1-a84f-b7034b7050f6-34300","trial_id":17,"state":2,"values":[231167.6],"datetime_complete":"2026-10-06T11:00:40.256812"}
{"op_code":4,"worker_id":"7cd1742a-618b-4fd1-a84f-b7034b7050f6-34300","study_id":0,"datetime_start":"2026-10-06T11:00:40.450069"}
{"op_code":5,"worker_id":"7cd1742a-618b-4fd1-a84f-b7034b7050f6-34300","trial_id":18,"param_name":"learning-rate","param_value_internal":0.0006218466631069286,"distribution":"{\"name\": \"FloatDistribution\", \"attributes\": {\"step\": null, \"low\": 3e-05, \"high\": 0.001, \"log\": true}}"}
{"op_code":5,"worker_id":"7cd1742a-618b-4fd1-a84f-b7034b7050f6-34300","trial_id":18,"param_name":"rollout-size","param_value_internal":2,"distribution":"{\"name\": \"CategoricalDistribution\", \"attributes\": {\"choices\": [2048, 4096, 8192, 16384]}}"}
{"op_code":5,"worker_id":"7cd1742a-618b-4fd1-a84f-b7034b7050f6-34300","trial_id":18,"param_name":"batch-size","param_value_internal":2,"distribution":"{\"name\": \"CategoricalDistribution\", \"attributes\": {\"choices\": [64, 256, 1024]}}"}
{"op_code":5,"worker_id":"7cd1742a-618b-4fd1-a84f-b7034b7050f6-34300","trial_id":18,"param_name":"n-epochs","param_value_internal":0,"distribution":"{\"name\": \"CategoricalDistribution\", \"attributes\": {\"choices\": [3, 5, 10]}}"}
{"op_code":5,"worker_id":"7cd1742a-618b-4fd1-a84f-b7034b7050f6-34300","trial_id":18,"param_name":"gamma","param_value_internal":2,"distribution":"{\"name\": \"CategoricalDistribution\", \"attributes\": {\"choices\": [0.99, 0.995, 0.999]}}"}
{"op_code":5,"worker_id":"7cd1742a-618b-4fd1-a84f-b7034b7050f6-34300","trial_id":18,"param_name":"gae-lambda","param_value_internal":2,"distribution":"{\"name\": \"CategoricalDistribution\", \"attributes\": {\"choices\": [0.9, 0.95, 0.98]}}"}
{"op_code":5,"worker_id":"7cd1742a-618b-4fd1-a84f-b7034b7050f6-34300","trial_id":18,"param_name":"clip-range","param_value_internal":1,"distribution":"{\"name\": \"CategoricalDistribution\", \"attributes\": {\"choices\": [0.1, 0.2, 0.3]}}"}
{"op_code":5,"worker_id":"7cd1742a-618b-4fd1-a84f-b7034b7050f6-34300","trial_id":18,"param_name":"ent-coef","param_value_internal":0.00010051216277227494,"distribution":"{\"name\": \"FloatDistribution\", \"attributes\": {\"step\": null, \"low\": 0.0001, \"high\": 0.03, \"log\": true}}"}
{"op_code":8,"worker_id":"7cd1742a-618b-4fd1-a84f-b7034b7050f6-34300","trial_id":18,"user_attr":{"train_argv":"--option 2 --reward-mode objective --objectives tardiness_sq --lambda-late 1.0 --lambda-energy 1.0 --power-model linear --difficulty on_rho095 --timesteps 100000 --save-tag tune_on_rho095_o2nm_t18 --n-envs 4 --vec-backend subproc --seed 0 --algo ppo --markov-obs --work-conserving --learning-rate 0.000621847 --rollout-size 8192 --batch-size 1024 --n-epochs 3 --gamma 0.999 --gae-lambda 0.98 --clip-range 0.2 --ent-coef 0.000100512"}}
{"op_code":7,"worker_id":"7cd1742a-618b-4fd1-a84f-b7034b7050f6-34300","trial_id":18,"step":25000,"intermediate_value":163929.8}
{"op_code":6,"worker_id":"7cd1742a-618b-4fd1-a84f-b7034b7050f6-34300","trial_id":18,"state":2,"values":[163929.8],"datetime_complete":"2026-10-06T11:06:00.010789"}
{"op_code":4,"worker_id":"7cd1742a-618b-4fd1-a84f-b7034b7050f6-34300","study_id":0,"datetime_start":"2026-10-06T11:06:00.375192"}
{"op_code":5,"worker_id":"7cd1742a-618b-4fd1-a84f-b7034b7050f6-34300","trial_id":19,"param_name":"learning-rate","param_value_internal":0.00015275199434817258,"distribution":"{\"name\": \"FloatDistribution\", \"attributes\": {\"step\": null, \"low\": 3e-05, \"high\": 0.001, \"log\": true}}"}
{"op_code":5,"worker_id":"7cd1742a-618b-4fd1-a84f-b7034b7050f6-34300","trial_id":19,"param_name":"rollout-size","param_value_internal":1,"distribution":"{\"name\": \"CategoricalDistribution\", \"attributes\": {\"choices\": [2048, 4096, 8192, 16384]}}"}
{"op_code":5,"worker_id":"7cd1742a-618b-4fd1-a84f-b7034b7050f6-34300","trial_id":19,"param_name":"batch-size","param_value_internal":0,"distribution":"{\"name\": \"CategoricalDistribution\", \"attributes\": {\"choices\": [64, 256, 1024]}}"}
{"op_code":5,"worker_id":"7cd1742a-618b-4fd1-a84f-b7034b7050f6-34300","trial_id":19,"param_name":"n-epochs","param_value_internal":0,"distribution":"{\"name\": \"CategoricalDistribution\", \"attributes\": {\"choices\": [3, 5, 10]}}"}
{"op_code":5,"worker_id":"7cd1742a-618b-4fd1-a84f-b7034b7050f6-34300","trial_id":19,"param_name":"gamma","param_value_internal":0,"distribution":"{\"name\": \"CategoricalDistribution\", \"attributes\": {\"choices\": [0.99, 0.995, 0.999]}}"}
{"op_code":5,"worker_id":"7cd1742a-618b-4fd1-a84f-b7034b7050f6-34300","trial_id":19,"param_name":"gae-lambda","param_value_internal":2,"distribution":"{\"name\": \"CategoricalDistribution\", \"attributes\": {\"choices\": [0.9, 0.95, 0.98]}}"}
{"op_code":5,"worker_id":"7cd1742a-618b-4fd1-a84f-b7034b7050f6-34300","trial_id":19,"param_name":"clip-range","param_value_internal":2,"distribution":"{\"name\": \"CategoricalDistribution\", \"attributes\": {\"choices\": [0.1, 0.2, 0.3]}}"}
{"op_code":5,"worker_id":"7cd1742a-618b-4fd1-a84f-b7034b7050f6-34300","trial_id":19,"param_name":"ent-coef","param_value_internal":0.00028310128313526335,"distribution":"{\"name\": \"FloatDistribution\", \"attributes\": {\"step\": null, \"low\": 0.0001, \"high\": 0.03, \"log\": true}}"}
{"op_code":8,"worker_id":"7cd1742a-618b-4fd1-a84f-b7034b7050f6-34300","trial_id":19,"user_attr":{"train_argv":"--option 2 --reward-mode objective --objectives tardiness_sq --lambda-late 1.0 --lambda-energy 1.0 --power-model linear --difficulty on_rho095 --timesteps 100000 --save-tag tune_on_rho095_o2nm_t19 --n-envs 4 --vec-backend subproc --seed 0 --algo ppo --markov-obs --work-conserving --learning-rate 0.000152752 --rollout-size 4096 --batch-size 64 --n-epochs 3 --gamma 0.99 --gae-lambda 0.98 --clip-range 0.3 --ent-coef 0.000283101"}}
{"op_code":7,"worker_id":"7cd1742a-618b-4fd1-a84f-b7034b7050f6-34300","trial_id":19,"step":25000,"intermediate_value":61472.4}
{"op_code":7,"worker_id":"7cd1742a-618b-4fd1-a84f-b7034b7050f6-34300","trial_id":19,"step":50000,"intermediate_value":89489.4}
{"op_code":7,"worker_id":"7cd1742a-618b-4fd1-a84f-b7034b7050f6-34300","trial_id":19,"step":75000,"intermediate_value":108020.8}
{"op_code":6,"worker_id":"7cd1742a-618b-4fd1-a84f-b7034b7050f6-34300","trial_id":19,"state":1,"values":[205390.5],"datetime_complete":"2026-10-06T11:28:12.940278"}
{"op_code":0,"worker_id":"f211a2de-83f7-415c-974d-cbacbbbe5c43-4620","study_name":"on_rho095_o2nm","directions":[1]}
{"op_code":0,"worker_id":"1e7a1335-f3dc-4647-be32-ad888dfbd3d8-3352","study_name":"on_rho095_o2nm","directions":[1]}
{"op_code":0,"worker_id":"3c67faf4-e2df-4186-bf79-48bc0ec40fcf-17656","study_name":"on_rho095_o2nm","directions":[1]}
{"op_code":0,"worker_id":"dbc72d78-12a2-4dfc-b74a-a39bdb502a46-4492","study_name":"on_rho095_o2nm","directions":[1]}
