{"op_code":0,"worker_id":"74209b53-b287-4f0a-a436-dd3496fbff80-22448","study_name":"off_tf05_o3mlubrze","directions":[1]}
{"op_code":4,"worker_id":"74209b53-b287-4f0a-a436-dd3496fbff80-22448","study_id":0,"datetime_start":null,"state":4,"value":null,"values":null,"distributions":{},"params":{},"user_attrs":{"defaults":true},"system_attrs":{"fixed_params":{}},"intermediate_values":{}}
{"op_code":6,"worker_id":"74209b53-b287-4f0a-a436-dd3496fbff80-22448","trial_id":0,"state":0,"values":null,"datetime_start":"2026-10-08T18:35:27.841837"}
{"op_code":8,"worker_id":"74209b53-b287-4f0a-a436-dd3496fbff80-22448","trial_id":0,"user_attr":{"train_argv":"--option 3 --reward-mode objective --objectives tardiness_sq --lambda-late 1.0 --lambda-energy 1.0 --power-model linear --difficulty off_tf05 --timesteps 300000 --save-tag tune_off_tf05_o3mlubrze_t0 --n-envs 4 --vec-backend subproc --seed 0 --algo ppo --markov-obs --lookahead --fixed-scaling --critic-arrivals --lateness-shaping --normalize-reward --event-idle"}}
{"op_code":7,"worker_id":"74209b53-b287-4f0a-a436-dd3496fbff80-22448","trial_id":0,"step":75000,"intermediate_value":27007.0}
{"op_code":7,"worker_id":"74209b53-b287-4f0a-a436-dd3496fbff80-22448","trial_id":0,"step":150000,"intermediate_value":27731.0}
{"op_code":7,"worker_id":"74209b53-b287-4f0a-a436-dd3496fbff80-22448","trial_id":0,"step":225000,"intermediate_value":26620.6}
{"op_code":6,"worker_id":"74209b53-b287-4f0a-a436-dd3496fbff80-22448","trial_id":0,"state":1,"values":[27091.0],"datetime_complete":"2026-10-08T18:57:04.805597"}
{"op_code":4,"worker_id":"74209b53-b287-4f0a-a436-dd3496fbff80-22448","study_id":0,"datetime_start":"2026-10-08T18:57:05.097532"}
{"op_code":5,"worker_id":"74209b53-b287-4f0a-a436-dd3496fbff80-22448","trial_id":1,"param_name":"learning-rate","param_value_internal":0.00020554062603827,"distribution":"{\"name\": \"FloatDistribution\", \"attributes\": {\"step\": null, \"low\": 3e-05, \"high\": 0.001, \"log\": true}}"}
{"op_code":5,"worker_id":"74209b53-b287-4f0a-a436-dd3496fbff80-22448","trial_id":1,"param_name":"rollout-size","param_value_internal":0,"distribution":"{\"name\": \"CategoricalDistribution\", \"attributes\": {\"choices\": [2048, 4096, 8192, 16384]}}"}
{"op_code":5,"worker_id":"74209b53-b287-4f0a-a436-dd3496fbff80-22448","trial_id":1,"param_name":"batch-size","param_value_internal":2,"distribution":"{\"name\": \"CategoricalDistribution\", \"attributes\": {\"choices\": [64, 256, 1024]}}"}
{"op_code":5,"worker_id":"74209b53-b287-4f0a-a436-dd3496fbff80-22448","trial_id":1,"param_name":"n-epochs","param_value_internal":0,"distribution":"{\"name\": \"CategoricalDistribution\", \"attributes\": {\"choices\": [3, 5, 10]}}"}
{"op_code":5,"worker_id":"74209b53-b287-4f0a-a436-dd3496fbff80-22448","trial_id":1,"param_name":"gamma","param_value_internal":2,"distribution":"{\"name\": \"CategoricalDistribution\", \"attributes\": {\"choices\": [0.99, 0.995, 0.999]}}"}
{"op_code":5,"worker_id":"74209b53-b287-4f0a-a436-dd3496fbff80-22448","trial_id":1,"param_name":"gae-lambda","param_value_internal":1,"distribution":"{\"name\": \"CategoricalDistribution\", \"attributes\": {\"choices\": [0.9, 0.95, 0.98]}}"}
{"op_code":5,"worker_id":"74209b53-b287-4f0a-a436-dd3496fbff80-22448","trial_id":1,"param_name":"clip-range","param_value_internal":2,"distribution":"{\"name\": \"CategoricalDistribution\", \"attributes\": {\"choices\": [0.1, 0.2, 0.3]}}"}
{"op_code":5,"worker_id":"74209b53-b287-4f0a-a436-dd3496fbff80-22448","trial_id":1,"param_name":"ent-coef","param_value_internal":0.02655561084998941,"distribution":"{\"name\": \"FloatDistribution\", \"attributes\": {\"step\": null, \"low\": 0.0001, \"high\": 0.03, \"log\": true}}"}
{"op_code":8,"worker_id":"74209b53-b287-4f0a-a436-dd3496fbff80-22448","trial_id":1,"user_attr":{"train_argv":"--option 3 --reward-mode objective --objectives tardiness_sq --lambda-late 1.0 --lambda-energy 1.0 --power-model linear --difficulty off_tf05 --timesteps 300000 --save-tag tune_off_tf05_o3mlubrze_t1 --n-envs 4 --vec-backend subproc --seed 0 --algo ppo --markov-obs --lookahead --fixed-scaling --critic-arrivals --lateness-shaping --normalize-reward --event-idle --learning-rate 0.000205541 --rollout-size 2048 --batch-size 1024 --n-epochs 3 --gamma 0.999 --gae-lambda 0.95 --clip-range 0.3 --ent-coef 0.0265556"}}
{"op_code":7,"worker_id":"74209b53-b287-4f0a-a436-dd3496fbff80-22448","trial_id":1,"step":75000,"intermediate_value":111434.8}
{"op_code":7,"worker_id":"74209b53-b287-4f0a-a436-dd3496fbff80-22448","trial_id":1,"step":150000,"intermediate_value":43269.4}
{"op_code":7,"worker_id":"74209b53-b287-4f0a-a436-dd3496fbff80-22448","trial_id":1,"step":225000,"intermediate_value":38485.4}
{"op_code":6,"worker_id":"74209b53-b287-4f0a-a436-dd3496fbff80-22448","trial_id":1,"state":1,"values":[33045.05],"datetime_complete":"2026-10-08T19:06:32.417288"}
{"op_code":4,"worker_id":"74209b53-b287-4f0a-a436-dd3496fbff80-22448","study_id":0,"datetime_start":"2026-10-08T19:06:32.700909"}
{"op_code":5,"worker_id":"74209b53-b287-4f0a-a436-dd3496fbff80-22448","trial_id":2,"param_name":"learning-rate","param_value_internal":0.0004944733002746453,"distribution":"{\"name\": \"FloatDistribution\", \"attributes\": {\"step\": null, \"low\": 3e-05, \"high\": 0.001, \"log\": true}}"}
{"op_code":5,"worker_id":"74209b53-b287-4f0a-a436-dd3496fbff80-22448","trial_id":2,"param_name":"rollout-size","param_value_internal":1,"distribution":"{\"name\": \"CategoricalDistribution\", \"attributes\": {\"choices\": [2048, 4096, 8192, 16384]}}"}
{"op_code":5,"worker_id":"74209b53-b287-4f0a-a436-dd3496fbff80-22448","trial_id":2,"param_name":"batch-size","param_value_internal":1,"distribution":"{\"name\": \"CategoricalDistribution\", \"attributes\": {\"choices\": [64, 256, 1024]}}"}
{"op_code":5,"worker_id":"74209b53-b287-4f0a-a436-dd3496fbff80-22448","trial_id":2,"param_name":"n-epochs","param_value_internal":2,"distribution":"{\"name\": \"CategoricalDistribution\", \"attributes\": {\"choices\": [3, 5, 10]}}"}
{"op_code":5,"worker_id":"74209b53-b287-4f0a-a436-dd3496fbff80-22448","trial_id":2,"param_name":"gamma","param_value_internal":1,"distribution":"{\"name\": \"CategoricalDistribution\", \"attributes\": {\"choices\": [0.99, 0.995, 0.999]}}"}
{"op_code":5,"worker_id":"74209b53-b287-4f0a-a436-dd3496fbff80-22448","trial_id":2,"param_name":"gae-lambda","param_value_internal":0,"distribution":"{\"name\": \"CategoricalDistribution\", \"attributes\": {\"choices\": [0.9, 0.95, 0.98]}}"}
{"op_code":5,"worker_id":"74209b53-b287-4f0a-a436-dd3496fbff80-22448","trial_id":2,"param_name":"clip-range","param_value_internal":0,"distribution":"{\"name\": \"CategoricalDistribution\", \"attributes\": {\"choices\": [0.1, 0.2, 0.3]}}"}
{"op_code":5,"worker_id":"74209b53-b287-4f0a-a436-dd3496fbff80-22448","trial_id":2,"param_name":"ent-coef","param_value_internal":0.0012094311268425492,"distribution":"{\"name\": \"FloatDistribution\", \"attributes\": {\"step\": null, \"low\": 0.0001, \"high\": 0.03, \"log\": true}}"}
{"op_code":8,"worker_id":"74209b53-b287-4f0a-a436-dd3496fbff80-22448","trial_id":2,"user_attr":{"train_argv":"--option 3 --reward-mode objective --objectives tardiness_sq --lambda-late 1.0 --lambda-energy 1.0 --power-model linear --difficulty off_tf05 --timesteps 300000 --save-tag tune_off_tf05_o3mlubrze_t2 --n-envs 4 --vec-backend subproc --seed 0 --algo ppo --markov-obs --lookahead --fixed-scaling --critic-arrivals --lateness-shaping --normalize-reward --event-idle --learning-rate 0.000494473 --rollout-size 4096 --batch-size 256 --n-epochs 10 --gamma 0.995 --gae-lambda 0.9 --clip-range 0.1 --ent-coef 0.00120943"}}
{"op_code":7,"worker_id":"74209b53-b287-4f0a-a436-dd3496fbff80-22448","trial_id":2,"step":75000,"intermediate_value":29813.2}
{"op_code":7,"worker_id":"74209b53-b287-4f0a-a436-dd3496fbff80-22448","trial_id":2,"step":150000,"intermediate_value":27413.8}
{"op_code":7,"worker_id":"74209b53-b287-4f0a-a436-dd3496fbff80-22448","trial_id":2,"step":225000,"intermediate_value":26583.8}
{"op_code":6,"worker_id":"74209b53-b287-4f0a-a436-dd3496fbff80-22448","trial_id":2,"state":1,"values":[28560.85],"datetime_complete":"2026-10-08T19:29:51.281874"}
{"op_code":4,"worker_id":"74209b53-b287-4f0a-a436-dd3496fbff80-22448","study_id":0,"datetime_start":"2026-10-08T19:29:51.610125"}
{"op_code":5,"worker_id":"74209b53-b287-4f0a-a436-dd3496fbff80-22448","trial_id":3,"param_name":"learning-rate","param_value_internal":0.0003463609921766881,"distribution":"{\"name\": \"FloatDistribution\", \"attributes\": {\"step\": null, \"low\": 3e-05, \"high\": 0.001, \"log\": true}}"}
{"op_code":5,"worker_id":"74209b53-b287-4f0a-a436-dd3496fbff80-22448","trial_id":3,"param_name":"rollout-size","param_value_internal":2,"distribution":"{\"name\": \"CategoricalDistribution\", \"attributes\": {\"choices\": [2048, 4096, 8192, 16384]}}"}
{"op_code":5,"worker_id":"74209b53-b287-4f0a-a436-dd3496fbff80-22448","trial_id":3,"param_name":"batch-size","param_value_internal":2,"distribution":"{\"name\": \"CategoricalDistribution\", \"attributes\": {\"choices\": [64, 256, 1024]}}"}
{"op_code":5,"worker_id":"74209b53-b287-4f0a-a436-dd3496fbff80-22448","trial_id":3,"param_name":"n-epochs","param_value_internal":2,"distribution":"{\"name\": \"CategoricalDistribution\", \"attributes\": {\"choices\": [3, 5, 10]}}"}
{"op_code":5,"worker_id":"74209b53-b287-4f0a-a436-dd3496fbff80-22448","trial_id":3,"param_name":"gamma","param_value_internal":1,"distribution":"{\"name\": \"CategoricalDistribution\", \"attributes\": {\"choices\": [0.99, 0.995, 0.999]}}"}
{"op_code":5,"worker_id":"74209b53-b287-4f0a-a436-dd3496fbff80-22448","trial_id":3,"param_name":"gae-lambda","param_value_internal":0,"distribution":"{\"name\": \"CategoricalDistribution\", \"attributes\": {\"choices\": [0.9, 0.95, 0.98]}}"}
{"op_code":5,"worker_id":"74209b53-b287-4f0a-a436-dd3496fbff80-22448","trial_id":3,"param_name":"clip-range","param_value_internal":0,"distribution":"{\"name\": \"CategoricalDistribution\", \"attributes\": {\"choices\": [0.1, 0.2, 0.3]}}"}
{"op_code":5,"worker_id":"74209b53-b287-4f0a-a436-dd3496fbff80-22448","trial_id":3,"param_name":"ent-coef","param_value_internal":0.0042248177213228075,"distribution":"{\"name\": \"FloatDistribution\", \"attributes\": {\"step\": null, \"low\": 0.0001, \"high\": 0.03, \"log\": true}}"}
{"op_code":8,"worker_id":"74209b53-b287-4f0a-a436-dd3496fbff80-22448","trial_id":3,"user_attr":{"train_argv":"--option 3 --reward-mode objective --objectives tardiness_sq --lambda-late 1.0 --lambda-energy 1.0 --power-model linear --difficulty off_tf05 --timesteps 300000 --save-tag tune_off_tf05_o3mlubrze_t3 --n-envs 4 --vec-backend subproc --seed 0 --algo ppo --markov-obs --lookahead --fixed-scaling --critic-arrivals --lateness-shaping --normalize-reward --event-idle --learning-rate 0.000346361 --rollout-size 8192 --batch-size 1024 --n-epochs 10 --gamma 0.995 --gae-lambda 0.9 --clip-range 0.1 --ent-coef 0.00422482"}}
{"op_code":7,"worker_id":"74209b53-b287-4f0a-a436-dd3496fbff80-22448","trial_id":3,"step":75000,"intermediate_value":45939.2}
{"op_code":7,"worker_id":"74209b53-b287-4f0a-a436-dd3496fbff80-22448","trial_id":3,"step":150000,"intermediate_value":45491.2}
{"op_code":7,"worker_id":"74209b53-b287-4f0a-a436-dd3496fbff80-22448","trial_id":3,"step":225000,"intermediate_value":41165.2}
{"op_code":6,"worker_id":"74209b53-b287-4f0a-a436-dd3496fbff80-22448","trial_id":3,"state":1,"values":[39109.8],"datetime_complete":"2026-10-08T19:51:36.183327"}
{"op_code":4,"worker_id":"74209b53-b287-4f0a-a436-dd3496fbff80-22448","study_id":0,"datetime_start":"2026-10-08T19:51:36.480953"}
{"op_code":5,"worker_id":"74209b53-b287-4f0a-a436-dd3496fbff80-22448","trial_id":4,"param_name":"learning-rate","param_value_internal":4.8703159315306354e-05,"distribution":"{\"name\": \"FloatDistribution\", \"attributes\": {\"step\": null, \"low\": 3e-05, \"high\": 0.001, \"log\": true}}"}
{"op_code":5,"worker_id":"74209b53-b287-4f0a-a436-dd3496fbff80-22448","trial_id":4,"param_name":"rollout-size","param_value_internal":2,"distribution":"{\"name\": \"CategoricalDistribution\", \"attributes\": {\"choices\": [2048, 4096, 8192, 16384]}}"}
{"op_code":5,"worker_id":"74209b53-b287-4f0a-a436-dd3496fbff80-22448","trial_id":4,"param_name":"batch-size","param_value_internal":2,"distribution":"{\"name\": \"CategoricalDistribution\", \"attributes\": {\"choices\": [64, 256, 1024]}}"}
{"op_code":5,"worker_id":"74209b53-b287-4f0a-a436-dd3496fbff80-22448","trial_id":4,"param_name":"n-epochs","param_value_internal":1,"distribution":"{\"name\": \"CategoricalDistribution\", \"attributes\": {\"choices\": [3, 5, 10]}}"}
{"op_code":5,"worker_id":"74209b53-b287-4f0a-a436-dd3496fbff80-22448","trial_id":4,"param_name":"gamma","param_value_internal":0,"distribution":"{\"name\": \"CategoricalDistribution\", \"attributes\": {\"choices\": [0.99, 0.995, 0.999]}}"}
{"op_code":5,"worker_id":"74209b53-b287-4f0a-a436-dd3496fbff80-22448","trial_id":4,"param_name":"gae-lambda","param_value_internal":1,"distribution":"{\"name\": \"CategoricalDistribution\", \"attributes\": {\"choices\": [0.9, 0.95, 0.98]}}"}
{"op_code":5,"worker_id":"74209b53-b287-4f0a-a436-dd3496fbff80-22448","trial_id":4,"param_name":"clip-range","param_value_internal":1,"distribution":"{\"name\": \"CategoricalDistribution\", \"attributes\": {\"choices\": [0.1, 0.2, 0.3]}}"}
{"op_code":5,"worker_id":"74209b53-b287-4f0a-a436-dd3496fbff80-22448","trial_id":4,"param_name":"ent-coef","param_value_internal":0.005192032534497486,"distribution":"{\"name\": \"FloatDistribution\", \"attributes\": {\"step\": null, \"low\": 0.0001, \"high\": 0.03, \"log\": true}}"}
{"op_code":8,"worker_id":"74209b53-b287-4f0a-a436-dd3496fbff80-22448","trial_id":4,"user_attr":{"train_argv":"--option 3 --reward-mode objective --objectives tardiness_sq --lambda-late 1.0 --lambda-energy 1.0 --power-model linear --difficulty off_tf05 --timesteps 300000 --save-tag tune_off_tf05_o3mlubrze_t4 --n-envs 4 --vec-backend subproc --seed 0 --algo ppo --markov-obs --lookahead --fixed-scaling --critic-arrivals --lateness-shaping --normalize-reward --event-idle --learning-rate 4.87032e-05 --rollout-size 8192 --batch-size 1024 --n-epochs 5 --gamma 0.99 --gae-lambda 0.95 --clip-range 0.2 --ent-coef 0.00519203"}}
{"op_code":7,"worker_id":"74209b53-b287-4f0a-a436-dd3496fbff80-22448","trial_id":4,"step":75000,"intermediate_value":78171.2}
{"op_code":7,"worker_id":"74209b53-b287-4f0a-a436-dd3496fbff80-22448","trial_id":4,"step":150000,"intermediate_value":74896.4}
{"op_code":7,"worker_id":"74209b53-b287-4f0a-a436-dd3496fbff80-22448","trial_id":4,"step":225000,"intermediate_value":65158.4}
{"op_code":6,"worker_id":"74209b53-b287-4f0a-a436-dd3496fbff80-22448","trial_id":4,"state":1,"values":[62704.4],"datetime_complete":"2026-10-08T20:04:17.361413"}
{"op_code":4,"worker_id":"74209b53-b287-4f0a-a436-dd3496fbff80-22448","study_id":0,"datetime_start":"2026-10-08T20:04:17.663313"}
{"op_code":5,"worker_id":"74209b53-b287-4f0a-a436-dd3496fbff80-22448","trial_id":5,"param_name":"learning-rate","param_value_internal":0.00021876939530160837,"distribution":"{\"name\": \"FloatDistribution\", \"attributes\": {\"step\": null, \"low\": 3e-05, \"high\": 0.001, \"log\": true}}"}
{"op_code":5,"worker_id":"74209b53-b287-4f0a-a436-dd3496fbff80-22448","trial_id":5,"param_name":"rollout-size","param_value_internal":3,"distribution":"{\"name\": \"CategoricalDistribution\", \"attributes\": {\"choices\": [2048, 4096, 8192, 16384]}}"}
{"op_code":5,"worker_id":"74209b53-b287-4f0a-a436-dd3496fbff80-22448","trial_id":5,"param_name":"batch-size","param_value_internal":0,"distribution":"{\"name\": \"CategoricalDistribution\", \"attributes\": {\"choices\": [64, 256, 1024]}}"}
{"op_code":5,"worker_id":"74209b53-b287-4f0a-a436-dd3496fbff80-22448","trial_id":5,"param_name":"n-epochs","param_value_internal":1,"distribution":"{\"name\": \"CategoricalDistribution\", \"attributes\": {\"choices\": [3, 5, 10]}}"}
{"op_code":5,"worker_id":"74209b53-b287-4f0a-a436-dd3496fbff80-22448","trial_id":5,"param_name":"gamma","param_value_internal":1,"distribution":"{\"name\": \"CategoricalDistribution\", \"attributes\": {\"choices\": [0.99, 0.995, 0.999]}}"}
{"op_code":5,"worker_id":"74209b53-b287-4f0a-a436-dd3496fbff80-22448","trial_id":5,"param_name":"gae-lambda","param_value_internal":0,"distribution":"{\"name\": \"CategoricalDistribution\", \"attributes\": {\"choices\": [0.9, 0.95, 0.98]}}"}
{"op_code":5,"worker_id":"74209b53-b287-4f0a-a436-dd3496fbff80-22448","trial_id":5,"param_name":"clip-range","param_value_internal":2,"distribution":"{\"name\": \"CategoricalDistribution\", \"attributes\": {\"choices\": [0.1, 0.2, 0.3]}}"}
{"op_code":5,"worker_id":"74209b53-b287-4f0a-a436-dd3496fbff80-22448","trial_id":5,"param_name":"ent-coef","param_value_internal":0.000413229862740349,"distribution":"{\"name\": \"FloatDistribution\", \"attributes\": {\"step\": null, \"low\": 0.0001, \"high\": 0.03, \"log\": true}}"}
{"op_code":8,"worker_id":"74209b53-b287-4f0a-a436-dd3496fbff80-22448","trial_id":5,"user_attr":{"train_argv":"--option 3 --reward-mode objective --objectives tardiness_sq --lambda-late 1.0 --lambda-energy 1.0 --power-model linear --difficulty off_tf05 --timesteps 300000 --save-tag tune_off_tf05_o3mlubrze_t5 --n-envs 4 --vec-backend subproc --seed 0 --algo ppo --markov-obs --lookahead --fixed-scaling --critic-arrivals --lateness-shaping --normalize-reward --event-idle --learning-rate 0.000218769 --rollout-size 16384 --batch-size 64 --n-epochs 5 --gamma 0.995 --gae-lambda 0.9 --clip-range 0.3 --ent-coef 0.00041323"}}
{"op_code":7,"worker_id":"74209b53-b287-4f0a-a436-dd3496fbff80-22448","trial_id":5,"step":75000,"intermediate_value":39122.2}
{"op_code":7,"worker_id":"74209b53-b287-4f0a-a436-dd3496fbff80-22448","trial_id":5,"step":150000,"intermediate_value":38292.8}
{"op_code":7,"worker_id":"74209b53-b287-4f0a-a436-dd3496fbff80-22448","trial_id":5,"step":225000,"intermediate_value":34045.8}
{"op_code":6,"worker_id":"74209b53-b287-4f0a-a436-dd3496fbff80-22448","trial_id":5,"state":1,"values":[33335.6],"datetime_complete":"2026-10-08T20:16:58.323350"}
{"op_code":4,"worker_id":"74209b53-b287-4f0a-a436-dd3496fbff80-22448","study_id":0,"datetime_start":"2026-10-08T20:16:58.629927"}
{"op_code":5,"worker_id":"74209b53-b287-4f0a-a436-dd3496fbff80-22448","trial_id":6,"param_name":"learning-rate","param_value_internal":0.00022622417507807115,"distribution":"{\"name\": \"FloatDistribution\", \"attributes\": {\"step\": null, \"low\": 3e-05, \"high\": 0.001, \"log\": true}}"}
{"op_code":5,"worker_id":"74209b53-b287-4f0a-a436-dd3496fbff80-22448","trial_id":6,"param_name":"rollout-size","param_value_internal":3,"distribution":"{\"name\": \"CategoricalDistribution\", \"attributes\": {\"choices\": [2048, 4096, 8192, 16384]}}"}
{"op_code":5,"worker_id":"74209b53-b287-4f0a-a436-dd3496fbff80-22448","trial_id":6,"param_name":"batch-size","param_value_internal":1,"distribution":"{\"name\": \"CategoricalDistribution\", \"attributes\": {\"choices\": [64, 256, 1024]}}"}
{"op_code":5,"worker_id":"74209b53-b287-4f0a-a436-dd3496fbff80-22448","trial_id":6,"param_name":"n-epochs","param_value_internal":1,"distribution":"{\"name\": \"CategoricalDistribution\", \"attributes\": {\"choices\": [3, 5, 10]}}"}
{"op_code":5,"worker_id":"74209b53-b287-4f0a-a436-dd3496fbff80-22448","trial_id":6,"param_name":"gamma","param_value_internal":2,"distribution":"{\"name\": \"CategoricalDistribution\", \"attributes\": {\"choices\": [0.99, 0.995, 0.999]}}"}
{"op_code":5,"worker_id":"74209b53-b287-4f0a-a436-dd3496fbff80-22448","trial_id":6,"param_name":"gae-lambda","param_value_internal":1,"distribution":"{\"name\": \"CategoricalDistribution\", \"attributes\": {\"choices\": [0.9, 0.95, 0.98]}}"}
{"op_code":5,"worker_id":"74209b53-b287-4f0a-a436-dd3496fbff80-22448","trial_id":6,"param_name":"clip-range","param_value_internal":0,"distribution":"{\"name\": \"CategoricalDistribution\", \"attributes\": {\"choices\": [0.1, 0.2, 0.3]}}"}
{"op_code":5,"worker_id":"74209b53-b287-4f0a-a436-dd3496fbff80-22448","trial_id":6,"param_name":"ent-coef","param_value_internal":0.0031776753088383902,"distribution":"{\"name\": \"FloatDistribution\", \"attributes\": {\"step\": null, \"low\": 0.0001, \"high\": 0.03, \"log\": true}}"}
{"op_code":8,"worker_id":"74209b53-b287-4f0a-a436-dd3496fbff80-22448","trial_id":6,"user_attr":{"train_argv":"--option 3 --reward-mode objective --objectives tardiness_sq --lambda-late 1.0 --lambda-energy 1.0 --power-model linear --difficulty off_tf05 --timesteps 300000 --save-tag tune_off_tf05_o3mlubrze_t6 --n-envs 4 --vec-backend subproc --seed 0 --algo ppo --markov-obs --lookahead --fixed-scaling --critic-arrivals --lateness-shaping --normalize-reward --event-idle --learning-rate 0.000226224 --rollout-size 16384 --batch-size 256 --n-epochs 5 --gamma 0.999 --gae-lambda 0.95 --clip-range 0.1 --ent-coef 0.00317768"}}
{"op_code":7,"worker_id":"74209b53-b287-4f0a-a436-dd3496fbff80-22448","trial_id":6,"step":75000,"intermediate_value":37787.2}
{"op_code":7,"worker_id":"74209b53-b287-4f0a-a436-dd3496fbff80-22448","trial_id":6,"step":150000,"intermediate_value":37475.6}
{"op_code":7,"worker_id":"74209b53-b287-4f0a-a436-dd3496fbff80-22448","trial_id":6,"step":225000,"intermediate_value":36945.8}
{"op_code":6,"worker_id":"74209b53-b287-4f0a-a436-dd3496fbff80-22448","trial_id":6,"state":2,"values":[36945.8],"datetime_complete":"2026-10-08T20:26:26.382277"}
{"op_code":4,"worker_id":"74209b53-b287-4f0a-a436-dd3496fbff80-22448","study_id":0,"datetime_start":"2026-10-08T20:26:26.684265"}
{"op_code":5,"worker_id":"74209b53-b287-4f0a-a436-dd3496fbff80-22448","trial_id":7,"param_name":"learning-rate","param_value_internal":3.208855558609467e-05,"distribution":"{\"name\": \"FloatDistribution\", \"attributes\": {\"step\": null, \"low\": 3e-05, \"high\": 0.001, \"log\": true}}"}
{"op_code":5,"worker_id":"74209b53-b287-4f0a-a436-dd3496fbff80-22448","trial_id":7,"param_name":"rollout-size","param_value_internal":1,"distribution":"{\"name\": \"CategoricalDistribution\", \"attributes\": {\"choices\": [2048, 4096, 8192, 16384]}}"}
{"op_code":5,"worker_id":"74209b53-b287-4f0a-a436-dd3496fbff80-22448","trial_id":7,"param_name":"batch-size","param_value_internal":0,"distribution":"{\"name\": \"CategoricalDistribution\", \"attributes\": {\"choices\": [64, 256, 1024]}}"}
{"op_code":5,"worker_id":"74209b53-b287-4f0a-a436-dd3496fbff80-22448","trial_id":7,"param_name":"n-epochs","param_value_internal":1,"distribution":"{\"name\": \"CategoricalDistribution\", \"attributes\": {\"choices\": [3, 5, 10]}}"}
{"op_code":5,"worker_id":"74209b53-b287-4f0a-a436-dd3496fbff80-22448","trial_id":7,"param_name":"gamma","param_value_internal":0,"distribution":"{\"name\": \"CategoricalDistribution\", \"attributes\": {\"choices\": [0.99, 0.995, 0.999]}}"}
{"op_code":5,"worker_id":"74209b53-b287-4f0a-a436-dd3496fbff80-22448","trial_id":7,"param_name":"gae-lambda","param_value_internal":0,"distribution":"{\"name\": \"CategoricalDistribution\", \"attributes\": {\"choices\": [0.9, 0.95, 0.98]}}"}
{"op_code":5,"worker_id":"74209b53-b287-4f0a-a436-dd3496fbff80-22448","trial_id":7,"param_name":"clip-range","param_value_internal":0,"distribution":"{\"name\": \"CategoricalDistribution\", \"attributes\": {\"choices\": [0.1, 0.2, 0.3]}}"}
{"op_code":5,"worker_id":"74209b53-b287-4f0a-a436-dd3496fbff80-22448","trial_id":7,"param_name":"ent-coef","param_value_internal":0.00017712267105509928,"distribution":"{\"name\": \"FloatDistribution\", \"attributes\": {\"step\": null, \"low\": 0.0001, \"high\": 0.03, \"log\": true}}"}
{"op_code":8,"worker_id":"74209b53-b287-4f0a-a436-dd3496fbff80-22448","trial_id":7,"user_attr":{"train_argv":"--option 3 --reward-mode objective --objectives tardiness_sq --lambda-late 1.0 --lambda-energy 1.0 --power-model linear --difficulty off_tf05 --timesteps 300000 --save-tag tune_off_tf05_o3mlubrze_t7 --n-envs 4 --vec-backend subproc --seed 0 --algo ppo --markov-obs --lookahead --fixed-scaling --critic-arrivals --lateness-shaping --normalize-reward --event-idle --learning-rate 3.20886e-05 --rollout-size 4096 --batch-size 64 --n-epochs 5 --gamma 0.99 --gae-lambda 0.9 --clip-range 0.1 --ent-coef 0.000177123"}}
{"op_code":7,"worker_id":"74209b53-b287-4f0a-a436-dd3496fbff80-22448","trial_id":7,"step":75000,"intermediate_value":63522.0}
{"op_code":6,"worker_id":"74209b53-b287-4f0a-a436-dd3496fbff80-22448","trial_id":7,"state":2,"values":[63522.0],"datetime_complete":"2026-10-08T20:29:26.933606"}
{"op_code":4,"worker_id":"74209b53-b287-4f0a-a436-dd3496fbff80-22448","study_id":0,"datetime_start":"2026-10-08T20:29:27.225834"}
{"op_code":5,"worker_id":"74209b53-b287-4f0a-a436-dd3496fbff80-22448","trial_id":8,"param_name":"learning-rate","param_value_internal":0.0007540181221018431,"distribution":"{\"name\": \"FloatDistribution\", \"attributes\": {\"step\": null, \"low\": 3e-05, \"high\": 0.001, \"log\": true}}"}
{"op_code":5,"worker_id":"74209b53-b287-4f0a-a436-dd3496fbff80-22448","trial_id":8,"param_name":"rollout-size","param_value_internal":1,"distribution":"{\"name\": \"CategoricalDistribution\", \"attributes\": {\"choices\": [2048, 4096, 8192, 16384]}}"}
{"op_code":5,"worker_id":"74209b53-b287-4f0a-a436-dd3496fbff80-22448","trial_id":8,"param_name":"batch-size","param_value_internal":1,"distribution":"{\"name\": \"CategoricalDistribution\", \"attributes\": {\"choices\": [64, 256, 1024]}}"}
{"op_code":5,"worker_id":"74209b53-b287-4f0a-a436-dd3496fbff80-22448","trial_id":8,"param_name":"n-epochs","param_value_internal":0,"distribution":"{\"name\": \"CategoricalDistribution\", \"attributes\": {\"choices\": [3, 5, 10]}}"}
{"op_code":5,"worker_id":"74209b53-b287-4f0a-a436-dd3496fbff80-22448","trial_id":8,"param_name":"gamma","param_value_internal":2,"distribution":"{\"name\": \"CategoricalDistribution\", \"attributes\": {\"choices\": [0.99, 0.995, 0.999]}}"}
{"op_code":5,"worker_id":"74209b53-b287-4f0a-a436-dd3496fbff80-22448","trial_id":8,"param_name":"gae-lambda","param_value_internal":2,"distribution":"{\"name\": \"CategoricalDistribution\", \"attributes\": {\"choices\": [0.9, 0.95, 0.98]}}"}
{"op_code":5,"worker_id":"74209b53-b287-4f0a-a436-dd3496fbff80-22448","trial_id":8,"param_name":"clip-range","param_value_internal":0,"distribution":"{\"name\": \"CategoricalDistribution\", \"attributes\": {\"choices\": [0.1, 0.2, 0.3]}}"}
{"op_code":5,"worker_id":"74209b53-b287-4f0a-a436-dd3496fbff80-22448","trial_id":8,"param_name":"ent-coef","param_value_internal":0.000779308323413374,"distribution":"{\"name\": \"FloatDistribution\", \"attributes\": {\"step\": null, \"low\": 0.0001, \"high\": 0.03, \"log\": true}}"}
{"op_code":8,"worker_id":"74209b53-b287-4f0a-a436-dd3496fbff80-22448","trial_id":8,"user_attr":{"train_argv":"--option 3 --reward-mode objective --objectives tardiness_sq --lambda-late 1.0 --lambda-energy 1.0 --power-model linear --difficulty off_tf05 --timesteps 300000 --save-tag tune_off_tf05_o3mlubrze_t8 --n-envs 4 --vec-backend subproc --seed 0 --algo ppo --markov-obs --lookahead --fixed-scaling --critic-arrivals --lateness-shaping --normalize-reward --event-idle --learning-rate 0.000754018 --rollout-size 4096 --batch-size 256 --n-epochs 3 --gamma 0.999 --gae-lambda 0.98 --clip-range 0.1 --ent-coef 0.000779308"}}
{"op_code":7,"worker_id":"74209b53-b287-4f0a-a436-dd3496fbff80-22448","trial_id":8,"step":75000,"intermediate_value":31433.4}
{"op_code":7,"worker_id":"74209b53-b287-4f0a-a436-dd3496fbff80-22448","trial_id":8,"step":150000,"intermediate_value":28637.6}
{"op_code":7,"worker_id":"74209b53-b287-4f0a-a436-dd3496fbff80-22448","trial_id":8,"step":225000,"intermediate_value":26761.4}
{"op_code":6,"worker_id":"74209b53-b287-4f0a-a436-dd3496fbff80-22448","trial_id":8,"state":1,"values":[27902.9],"datetime_complete":"2026-10-08T20:38:55.179486"}
{"op_code":4,"worker_id":"74209b53-b287-4f0a-a436-dd3496fbff80-22448","study_id":0,"datetime_start":"2026-10-08T20:38:55.474306"}
{"op_code":5,"worker_id":"74209b53-b287-4f0a-a436-dd3496fbff80-22448","trial_id":9,"param_name":"learning-rate","param_value_internal":0.0003879791314675207,"distribution":"{\"name\": \"FloatDistribution\", \"attributes\": {\"step\": null, \"low\": 3e-05, \"high\": 0.001, \"log\": true}}"}
{"op_code":5,"worker_id":"74209b53-b287-4f0a-a436-dd3496fbff80-22448","trial_id":9,"param_name":"rollout-size","param_value_internal":1,"distribution":"{\"name\": \"CategoricalDistribution\", \"attributes\": {\"choices\": [2048, 4096, 8192, 16384]}}"}
{"op_code":5,"worker_id":"74209b53-b287-4f0a-a436-dd3496fbff80-22448","trial_id":9,"param_name":"batch-size","param_value_internal":1,"distribution":"{\"name\": \"CategoricalDistribution\", \"attributes\": {\"choices\": [64, 256, 1024]}}"}
{"op_code":5,"worker_id":"74209b53-b287-4f0a-a436-dd3496fbff80-22448","trial_id":9,"param_name":"n-epochs","param_value_internal":1,"distribution":"{\"name\": \"CategoricalDistribution\", \"attributes\": {\"choices\": [3, 5, 10]}}"}
{"op_code":5,"worker_id":"74209b53-b287-4f0a-a436-dd3496fbff80-22448","trial_id":9,"param_name":"gamma","param_value_internal":2,"distribution":"{\"name\": \"CategoricalDistribution\", \"attributes\": {\"choices\": [0.99, 0.995, 0.999]}}"}
{"op_code":5,"worker_id":"74209b53-b287-4f0a-a436-dd3496fbff80-22448","trial_id":9,"param_name":"gae-lambda","param_value_internal":2,"distribution":"{\"name\": \"CategoricalDistribution\", \"attributes\": {\"choices\": [0.9, 0.95, 0.98]}}"}
{"op_code":5,"worker_id":"74209b53-b287-4f0a-a436-dd3496fbff80-22448","trial_id":9,"param_name":"clip-range","param_value_internal":0,"distribution":"{\"name\": \"CategoricalDistribution\", \"attributes\": {\"choices\": [0.1, 0.2, 0.3]}}"}
{"op_code":5,"worker_id":"74209b53-b287-4f0a-a436-dd3496fbff80-22448","trial_id":9,"param_name":"ent-coef","param_value_internal":0.006435774191713849,"distribution":"{\"name\": \"FloatDistribution\", \"attributes\": {\"step\": null, \"low\": 0.0001, \"high\": 0.03, \"log\": true}}"}
{"op_code":8,"worker_id":"74209b53-b287-4f0a-a436-dd3496fbff80-22448","trial_id":9,"user_attr":{"train_argv":"--option 3 --reward-mode objective --objectives tardiness_sq --lambda-late 1.0 --lambda-energy 1.0 --power-model linear --difficulty off_tf05 --timesteps 300000 --save-tag tune_off_tf05_o3mlubrze_t9 --n-envs 4 --vec-backend subproc --seed 0 --algo ppo --markov-obs --lookahead --fixed-scaling --critic-arrivals --lateness-shaping --normalize-reward --event-idle --learning-rate 0.000387979 --rollout-size 4096 --batch-size 256 --n-epochs 5 --gamma 0.999 --gae-lambda 0.98 --clip-range 0.1 --ent-coef 0.00643577"}}
{"op_code":7,"worker_id":"74209b53-b287-4f0a-a436-dd3496fbff80-22448","trial_id":9,"step":75000,"intermediate_value":29189.6}
{"op_code":7,"worker_id":"74209b53-b287-4f0a-a436-dd3496fbff80-22448","trial_id":9,"step":150000,"intermediate_value":27841.8}
{"op_code":7,"worker_id":"74209b53-b287-4f0a-a436-dd3496fbff80-22448","trial_id":9,"step":225000,"intermediate_value":27087.6}
{"op_code":6,"worker_id":"74209b53-b287-4f0a-a436-dd3496fbff80-22448","trial_id":9,"state":1,"values":[27885.35],"datetime_complete":"2026-10-08T20:52:24.649057"}
{"op_code":4,"worker_id":"74209b53-b287-4f0a-a436-dd3496fbff80-22448","study_id":0,"datetime_start":"2026-10-08T20:52:24.949258"}
{"op_code":5,"worker_id":"74209b53-b287-4f0a-a436-dd3496fbff80-22448","trial_id":10,"param_name":"learning-rate","param_value_internal":7.787895315616462e-05,"distribution":"{\"name\": \"FloatDistribution\", \"attributes\": {\"step\": null, \"low\": 3e-05, \"high\": 0.001, \"log\": true}}"}
{"op_code":5,"worker_id":"74209b53-b287-4f0a-a436-dd3496fbff80-22448","trial_id":10,"param_name":"rollout-size","param_value_internal":0,"distribution":"{\"name\": \"CategoricalDistribution\", \"attributes\": {\"choices\": [2048, 4096, 8192, 16384]}}"}
{"op_code":5,"worker_id":"74209b53-b287-4f0a-a436-dd3496fbff80-22448","trial_id":10,"param_name":"batch-size","param_value_internal":0,"distribution":"{\"name\": \"CategoricalDistribution\", \"attributes\": {\"choices\": [64, 256, 1024]}}"}
{"op_code":5,"worker_id":"74209b53-b287-4f0a-a436-dd3496fbff80-22448","trial_id":10,"param_name":"n-epochs","param_value_internal":0,"distribution":"{\"name\": \"CategoricalDistribution\", \"attributes\": {\"choices\": [3, 5, 10]}}"}
{"op_code":5,"worker_id":"74209b53-b287-4f0a-a436-dd3496fbff80-22448","trial_id":10,"param_name":"gamma","param_value_internal":0,"distribution":"{\"name\": \"CategoricalDistribution\", \"attributes\": {\"choices\": [0.99, 0.995, 0.999]}}"}
{"op_code":5,"worker_id":"74209b53-b287-4f0a-a436-dd3496fbff80-22448","trial_id":10,"param_name":"gae-lambda","param_value_internal":2,"distribution":"{\"name\": \"CategoricalDistribution\", \"attributes\": {\"choices\": [0.9, 0.95, 0.98]}}"}
{"op_code":5,"worker_id":"74209b53-b287-4f0a-a436-dd3496fbff80-22448","trial_id":10,"param_name":"clip-range","param_value_internal":1,"distribution":"{\"name\": \"CategoricalDistribution\", \"attributes\": {\"choices\": [0.1, 0.2, 0.3]}}"}
{"op_code":5,"worker_id":"74209b53-b287-4f0a-a436-dd3496fbff80-22448","trial_id":10,"param_name":"ent-coef","param_value_internal":0.02334935245986177,"distribution":"{\"name\": \"FloatDistribution\", \"attributes\": {\"step\": null, \"low\": 0.0001, \"high\": 0.03, \"log\": true}}"}
{"op_code":8,"worker_id":"74209b53-b287-4f0a-a436-dd3496fbff80-22448","trial_id":10,"user_attr":{"train_argv":"--option 3 --reward-mode objective --objectives tardiness_sq --lambda-late 1.0 --lambda-energy 1.0 --power-model linear --difficulty off_tf05 --timesteps 300000 --save-tag tune_off_tf05_o3mlubrze_t10 --n-envs 4 --vec-backend subproc --seed 0 --algo ppo --markov-obs --lookahead --fixed-scaling --critic-arrivals --lateness-shaping --normalize-reward --event-idle --learning-rate 7.7879e-05 --rollout-size 2048 --batch-size 64 --n-epochs 3 --gamma 0.99 --gae-lambda 0.98 --clip-range 0.2 --ent-coef 0.0233494"}}
{"op_code":7,"worker_id":"74209b53-b287-4f0a-a436-dd3496fbff80-22448","trial_id":10,"step":75000,"intermediate_value":40066.4}
{"op_code":6,"worker_id":"74209b53-b287-4f0a-a436-dd3496fbff80-22448","trial_id":10,"state":2,"values":[40066.4],"datetime_complete":"2026-10-08T20:54:47.353119"}
{"op_code":4,"worker_id":"74209b53-b287-4f0a-a436-dd3496fbff80-22448","study_id":0,"datetime_start":"2026-10-08T20:54:47.711979"}
{"op_code":5,"worker_id":"74209b53-b287-4f0a-a436-dd3496fbff80-22448","trial_id":11,"param_name":"learning-rate","param_value_internal":0.0001003903214856223,"distribution":"{\"name\": \"FloatDistribution\", \"attributes\": {\"step\": null, \"low\": 3e-05, \"high\": 0.001, \"log\": true}}"}
{"op_code":5,"worker_id":"74209b53-b287-4f0a-a436-dd3496fbff80-22448","trial_id":11,"param_name":"rollout-size","param_value_internal":1,"distribution":"{\"name\": \"CategoricalDistribution\", \"attributes\": {\"choices\": [2048, 4096, 8192, 16384]}}"}
{"op_code":5,"worker_id":"74209b53-b287-4f0a-a436-dd3496fbff80-22448","trial_id":11,"param_name":"batch-size","param_value_internal":1,"distribution":"{\"name\": \"CategoricalDistribution\", \"attributes\": {\"choices\": [64, 256, 1024]}}"}
{"op_code":5,"worker_id":"74209b53-b287-4f0a-a436-dd3496fbff80-22448","trial_id":11,"param_name":"n-epochs","param_value_internal":1,"distribution":"{\"name\": \"CategoricalDistribution\", \"attributes\": {\"choices\": [3, 5, 10]}}"}
{"op_code":5,"worker_id":"74209b53-b287-4f0a-a436-dd3496fbff80-22448","trial_id":11,"param_name":"gamma","param_value_internal":2,"distribution":"{\"name\": \"CategoricalDistribution\", \"attributes\": {\"choices\": [0.99, 0.995, 0.999]}}"}
{"op_code":5,"worker_id":"74209b53-b287-4f0a-a436-dd3496fbff80-22448","trial_id":11,"param_name":"gae-lambda","param_value_internal":2,"distribution":"{\"name\": \"CategoricalDistribution\", \"attributes\": {\"choices\": [0.9, 0.95, 0.98]}}"}
{"op_code":5,"worker_id":"74209b53-b287-4f0a-a436-dd3496fbff80-22448","trial_id":11,"param_name":"clip-range","param_value_internal":1,"distribution":"{\"name\": \"CategoricalDistribution\", \"attributes\": {\"choices\": [0.1, 0.2, 0.3]}}"}
{"op_code":5,"worker_id":"74209b53-b287-4f0a-a436-dd3496fbff80-22448","trial_id":11,"param_name":"ent-coef","param_value_internal":0.00010116102017678337,"distribution":"{\"name\": \"FloatDistribution\", \"attributes\": {\"step\": null, \"low\": 0.0001, \"high\": 0.03, \"log\": true}}"}
{"op_code":8,"worker_id":"74209b53-b287-4f0a-a436-dd3496fbff80-22448","trial_id":11,"user_attr":{"train_argv":"--option 3 --reward-mode objective --objectives tardiness_sq --lambda-late 1.0 --lambda-energy 1.0 --power-model linear --difficulty off_tf05 --timesteps 300000 --save-tag tune_off_tf05_o3mlubrze_t11 --n-envs 4 --vec-backend subproc --seed 0 --algo ppo --markov-obs --lookahead --fixed-scaling --critic-arrivals --lateness-shaping --normalize-reward --event-idle --learning-rate 0.00010039 --rollout-size 4096 --batch-size 256 --n-epochs 5 --gamma 0.999 --gae-lambda 0.98 --clip-range 0.2 --ent-coef 0.000101161"}}
{"op_code":7,"worker_id":"74209b53-b287-4f0a-a436-dd3496fbff80-22448","trial_id":11,"step":75000,"intermediate_value":43246.8}
{"op_code":6,"worker_id":"74209b53-b287-4f0a-a436-dd3496fbff80-22448","trial_id":11,"state":2,"values":[43246.8],"datetime_complete":"2026-10-08T20:58:08.751229"}
{"op_code":0,"worker_id":"f648ac9a-4ccb-4d9c-b9c0-f2d16b3b7b1c-38104","study_name":"off_tf05_o3mlubrze","directions":[1]}
{"op_code":0,"worker_id":"3f4e3015-612a-487f-9343-bb2340438292-10236","study_name":"off_tf05_o3mlubrze","directions":[1]}
{"op_code":0,"worker_id":"ddb3d6d0-6983-470f-9c7a-98267f508a70-36512","study_name":"off_tf05_o3mlubrze","directions":[1]}
{"op_code":0,"worker_id":"8d850270-d0cc-4c0d-96f6-1686d13bf60f-14944","study_name":"off_tf05_o3mlubrze","directions":[1]}
