{"op_code":0,"worker_id":"0f349210-d222-4789-8104-1d956f0262d7-21628","study_name":"off_tf05_o4fmlubrze_a2c","directions":[1]}
{"op_code":4,"worker_id":"0f349210-d222-4789-8104-1d956f0262d7-21628","study_id":0,"datetime_start":null,"state":4,"value":null,"values":null,"distributions":{},"params":{},"user_attrs":{"defaults":true},"system_attrs":{"fixed_params":{}},"intermediate_values":{}}
{"op_code":6,"worker_id":"0f349210-d222-4789-8104-1d956f0262d7-21628","trial_id":0,"state":0,"values":null,"datetime_start":"2026-10-09T07:04:29.321306"}
{"op_code":8,"worker_id":"0f349210-d222-4789-8104-1d956f0262d7-21628","trial_id":0,"user_attr":{"train_argv":"--option 4 --reward-mode objective --objectives tardiness_sq --lambda-late 1.0 --lambda-energy 1.0 --power-model linear --difficulty off_tf05 --timesteps 300000 --save-tag tune_off_tf05_o4fmlubrze_a2c_t0 --n-envs 4 --vec-backend subproc --seed 0 --algo a2c --markov-obs --lookahead --fixed-scaling --critic-arrivals --lateness-shaping --normalize-reward --event-idle --repair-placement"}}
{"op_code":7,"worker_id":"0f349210-d222-4789-8104-1d956f0262d7-21628","trial_id":0,"step":75000,"intermediate_value":38140.2}
{"op_code":7,"worker_id":"0f349210-d222-4789-8104-1d956f0262d7-21628","trial_id":0,"step":150000,"intermediate_value":26420.2}
{"op_code":7,"worker_id":"0f349210-d222-4789-8104-1d956f0262d7-21628","trial_id":0,"step":225000,"intermediate_value":25778.2}
{"op_code":6,"worker_id":"0f349210-d222-4789-8104-1d956f0262d7-21628","trial_id":0,"state":1,"values":[31643.55],"datetime_complete":"2026-10-09T07:11:37.732587"}
{"op_code":4,"worker_id":"0f349210-d222-4789-8104-1d956f0262d7-21628","study_id":0,"datetime_start":"2026-10-09T07:11:37.949863"}
{"op_code":5,"worker_id":"0f349210-d222-4789-8104-1d956f0262d7-21628","trial_id":1,"param_name":"learning-rate","param_value_internal":0.0006466422717414558,"distribution":"{\"name\": \"FloatDistribution\", \"attributes\": {\"step\": null, \"low\": 0.0001, \"high\": 0.003, \"log\": true}}"}
{"op_code":5,"worker_id":"0f349210-d222-4789-8104-1d956f0262d7-21628","trial_id":1,"param_name":"rollout-size","param_value_internal":0,"distribution":"{\"name\": \"CategoricalDistribution\", \"attributes\": {\"choices\": [20, 80, 320]}}"}
{"op_code":5,"worker_id":"0f349210-d222-4789-8104-1d956f0262d7-21628","trial_id":1,"param_name":"gamma","param_value_internal":1,"distribution":"{\"name\": \"CategoricalDistribution\", \"attributes\": {\"choices\": [0.99, 0.995, 0.999]}}"}
{"op_code":5,"worker_id":"0f349210-d222-4789-8104-1d956f0262d7-21628","trial_id":1,"param_name":"gae-lambda","param_value_internal":1,"distribution":"{\"name\": \"CategoricalDistribution\", \"attributes\": {\"choices\": [0.9, 0.95, 1.0]}}"}
{"op_code":5,"worker_id":"0f349210-d222-4789-8104-1d956f0262d7-21628","trial_id":1,"param_name":"ent-coef","param_value_internal":0.009145320282946534,"distribution":"{\"name\": \"FloatDistribution\", \"attributes\": {\"step\": null, \"low\": 0.0001, \"high\": 0.03, \"log\": true}}"}
{"op_code":8,"worker_id":"0f349210-d222-4789-8104-1d956f0262d7-21628","trial_id":1,"user_attr":{"train_argv":"--option 4 --reward-mode objective --objectives tardiness_sq --lambda-late 1.0 --lambda-energy 1.0 --power-model linear --difficulty off_tf05 --timesteps 300000 --save-tag tune_off_tf05_o4fmlubrze_a2c_t1 --n-envs 4 --vec-backend subproc --seed 0 --algo a2c --markov-obs --lookahead --fixed-scaling --critic-arrivals --lateness-shaping --normalize-reward --event-idle --repair-placement --learning-rate 0.000646642 --rollout-size 20 --gamma 0.995 --gae-lambda 0.95 --ent-coef 0.00914532"}}
{"op_code":7,"worker_id":"0f349210-d222-4789-8104-1d956f0262d7-21628","trial_id":1,"step":75000,"intermediate_value":45720.2}
{"op_code":7,"worker_id":"0f349210-d222-4789-8104-1d956f0262d7-21628","trial_id":1,"step":150000,"intermediate_value":31135.8}
{"op_code":7,"worker_id":"0f349210-d222-4789-8104-1d956f0262d7-21628","trial_id":1,"step":225000,"intermediate_value":44802.8}
{"op_code":6,"worker_id":"0f349210-d222-4789-8104-1d956f0262d7-21628","trial_id":1,"state":1,"values":[38788.1],"datetime_complete":"2026-10-09T07:17:57.764147"}
{"op_code":4,"worker_id":"0f349210-d222-4789-8104-1d956f0262d7-21628","study_id":0,"datetime_start":"2026-10-09T07:17:57.914288"}
{"op_code":5,"worker_id":"0f349210-d222-4789-8104-1d956f0262d7-21628","trial_id":2,"param_name":"learning-rate","param_value_internal":0.0006042851578845063,"distribution":"{\"name\": \"FloatDistribution\", \"attributes\": {\"step\": null, \"low\": 0.0001, \"high\": 0.003, \"log\": true}}"}
{"op_code":5,"worker_id":"0f349210-d222-4789-8104-1d956f0262d7-21628","trial_id":2,"param_name":"rollout-size","param_value_internal":1,"distribution":"{\"name\": \"CategoricalDistribution\", \"attributes\": {\"choices\": [20, 80, 320]}}"}
{"op_code":5,"worker_id":"0f349210-d222-4789-8104-1d956f0262d7-21628","trial_id":2,"param_name":"gamma","param_value_internal":2,"distribution":"{\"name\": \"CategoricalDistribution\", \"attributes\": {\"choices\": [0.99, 0.995, 0.999]}}"}
{"op_code":5,"worker_id":"0f349210-d222-4789-8104-1d956f0262d7-21628","trial_id":2,"param_name":"gae-lambda","param_value_internal":2,"distribution":"{\"name\": \"CategoricalDistribution\", \"attributes\": {\"choices\": [0.9, 0.95, 1.0]}}"}
{"op_code":5,"worker_id":"0f349210-d222-4789-8104-1d956f0262d7-21628","trial_id":2,"param_name":"ent-coef","param_value_internal":0.009541412354586892,"distribution":"{\"name\": \"FloatDistribution\", \"attributes\": {\"step\": null, \"low\": 0.0001, \"high\": 0.03, \"log\": true}}"}
{"op_code":8,"worker_id":"0f349210-d222-4789-8104-1d956f0262d7-21628","trial_id":2,"user_attr":{"train_argv":"--option 4 --reward-mode objective --objectives tardiness_sq --lambda-late 1.0 --lambda-energy 1.0 --power-model linear --difficulty off_tf05 --timesteps 300000 --save-tag tune_off_tf05_o4fmlubrze_a2c_t2 --n-envs 4 --vec-backend subproc --seed 0 --algo a2c --markov-obs --lookahead --fixed-scaling --critic-arrivals --lateness-shaping --normalize-reward --event-idle --repair-placement --learning-rate 0.000604285 --rollout-size 80 --gamma 0.999 --gae-lambda 1 --ent-coef 0.00954141"}}
{"op_code":7,"worker_id":"0f349210-d222-4789-8104-1d956f0262d7-21628","trial_id":2,"step":75000,"intermediate_value":46971.6}
{"op_code":7,"worker_id":"0f349210-d222-4789-8104-1d956f0262d7-21628","trial_id":2,"step":150000,"intermediate_value":29323.8}
{"op_code":7,"worker_id":"0f349210-d222-4789-8104-1d956f0262d7-21628","trial_id":2,"step":225000,"intermediate_value":36592.8}
{"op_code":0,"worker_id":"3bfc3970-acb7-418d-91c9-a7fa8b019a01-39216","study_name":"off_tf05_o4fmlubrze_a2c","directions":[1]}
{"op_code":4,"worker_id":"3bfc3970-acb7-418d-91c9-a7fa8b019a01-39216","study_id":0,"datetime_start":"2026-10-09T07:21:59.103032"}
{"op_code":5,"worker_id":"3bfc3970-acb7-418d-91c9-a7fa8b019a01-39216","trial_id":3,"param_name":"learning-rate","param_value_internal":0.0004130399570052625,"distribution":"{\"name\": \"FloatDistribution\", \"attributes\": {\"step\": null, \"low\": 0.0001, \"high\": 0.003, \"log\": true}}"}
{"op_code":5,"worker_id":"3bfc3970-acb7-418d-91c9-a7fa8b019a01-39216","trial_id":3,"param_name":"rollout-size","param_value_internal":0,"distribution":"{\"name\": \"CategoricalDistribution\", \"attributes\": {\"choices\": [20, 80, 320]}}"}
{"op_code":5,"worker_id":"3bfc3970-acb7-418d-91c9-a7fa8b019a01-39216","trial_id":3,"param_name":"gamma","param_value_internal":2,"distribution":"{\"name\": \"CategoricalDistribution\", \"attributes\": {\"choices\": [0.99, 0.995, 0.999]}}"}
{"op_code":5,"worker_id":"3bfc3970-acb7-418d-91c9-a7fa8b019a01-39216","trial_id":3,"param_name":"gae-lambda","param_value_internal":2,"distribution":"{\"name\": \"CategoricalDistribution\", \"attributes\": {\"choices\": [0.9, 0.95, 1.0]}}"}
{"op_code":5,"worker_id":"3bfc3970-acb7-418d-91c9-a7fa8b019a01-39216","trial_id":3,"param_name":"ent-coef","param_value_internal":0.0010924350896685683,"distribution":"{\"name\": \"FloatDistribution\", \"attributes\": {\"step\": null, \"low\": 0.0001, \"high\": 0.03, \"log\": true}}"}
{"op_code":8,"worker_id":"3bfc3970-acb7-418d-91c9-a7fa8b019a01-39216","trial_id":3,"user_attr":{"train_argv":"--option 4 --reward-mode objective --objectives tardiness_sq --lambda-late 1.0 --lambda-energy 1.0 --power-model linear --difficulty off_tf05 --timesteps 300000 --save-tag tune_off_tf05_o4fmlubrze_a2c_t3 --n-envs 4 --vec-backend subproc --seed 0 --algo a2c --markov-obs --lookahead --fixed-scaling --critic-arrivals --lateness-shaping --normalize-reward --event-idle --repair-placement --learning-rate 0.00041304 --rollout-size 20 --gamma 0.999 --gae-lambda 1 --ent-coef 0.00109244"}}
{"op_code":6,"worker_id":"0f349210-d222-4789-8104-1d956f0262d7-21628","trial_id":2,"state":1,"values":[30868.85],"datetime_complete":"2026-10-09T07:22:55.861872"}
{"op_code":4,"worker_id":"0f349210-d222-4789-8104-1d956f0262d7-21628","study_id":0,"datetime_start":"2026-10-09T07:22:56.025388"}
{"op_code":5,"worker_id":"0f349210-d222-4789-8104-1d956f0262d7-21628","trial_id":4,"param_name":"learning-rate","param_value_internal":0.0004804641349751479,"distribution":"{\"name\": \"FloatDistribution\", \"attributes\": {\"step\": null, \"low\": 0.0001, \"high\": 0.003, \"log\": true}}"}
{"op_code":5,"worker_id":"0f349210-d222-4789-8104-1d956f0262d7-21628","trial_id":4,"param_name":"rollout-size","param_value_internal":0,"distribution":"{\"name\": \"CategoricalDistribution\", \"attributes\": {\"choices\": [20, 80, 320]}}"}
{"op_code":5,"worker_id":"0f349210-d222-4789-8104-1d956f0262d7-21628","trial_id":4,"param_name":"gamma","param_value_internal":1,"distribution":"{\"name\": \"CategoricalDistribution\", \"attributes\": {\"choices\": [0.99, 0.995, 0.999]}}"}
{"op_code":5,"worker_id":"0f349210-d222-4789-8104-1d956f0262d7-21628","trial_id":4,"param_name":"gae-lambda","param_value_internal":2,"distribution":"{\"name\": \"CategoricalDistribution\", \"attributes\": {\"choices\": [0.9, 0.95, 1.0]}}"}
{"op_code":5,"worker_id":"0f349210-d222-4789-8104-1d956f0262d7-21628","trial_id":4,"param_name":"ent-coef","param_value_internal":0.001348775545730254,"distribution":"{\"name\": \"FloatDistribution\", \"attributes\": {\"step\": null, \"low\": 0.0001, \"high\": 0.03, \"log\": true}}"}
{"op_code":8,"worker_id":"0f349210-d222-4789-8104-1d956f0262d7-21628","trial_id":4,"user_attr":{"train_argv":"--option 4 --reward-mode objective --objectives tardiness_sq --lambda-late 1.0 --lambda-energy 1.0 --power-model linear --difficulty off_tf05 --timesteps 300000 --save-tag tune_off_tf05_o4fmlubrze_a2c_t4 --n-envs 4 --vec-backend subproc --seed 0 --algo a2c --markov-obs --lookahead --fixed-scaling --critic-arrivals --lateness-shaping --normalize-reward --event-idle --repair-placement --learning-rate 0.000480464 --rollout-size 20 --gamma 0.995 --gae-lambda 1 --ent-coef 0.00134878"}}
{"op_code":7,"worker_id":"3bfc3970-acb7-418d-91c9-a7fa8b019a01-39216","trial_id":3,"step":75000,"intermediate_value":36376.0}
{"op_code":7,"worker_id":"0f349210-d222-4789-8104-1d956f0262d7-21628","trial_id":4,"step":75000,"intermediate_value":33807.8}
{"op_code":7,"worker_id":"3bfc3970-acb7-418d-91c9-a7fa8b019a01-39216","trial_id":3,"step":150000,"intermediate_value":34049.8}
{"op_code":7,"worker_id":"0f349210-d222-4789-8104-1d956f0262d7-21628","trial_id":4,"step":150000,"intermediate_value":27906.4}
{"op_code":7,"worker_id":"3bfc3970-acb7-418d-91c9-a7fa8b019a01-39216","trial_id":3,"step":225000,"intermediate_value":30945.8}
{"op_code":7,"worker_id":"0f349210-d222-4789-8104-1d956f0262d7-21628","trial_id":4,"step":225000,"intermediate_value":32344.4}
{"op_code":6,"worker_id":"3bfc3970-acb7-418d-91c9-a7fa8b019a01-39216","trial_id":3,"state":1,"values":[30514.45],"datetime_complete":"2026-10-09T07:29:02.017316"}
{"op_code":4,"worker_id":"3bfc3970-acb7-418d-91c9-a7fa8b019a01-39216","study_id":0,"datetime_start":"2026-10-09T07:29:02.207010"}
{"op_code":5,"worker_id":"3bfc3970-acb7-418d-91c9-a7fa8b019a01-39216","trial_id":5,"param_name":"learning-rate","param_value_internal":0.0010283768419367667,"distribution":"{\"name\": \"FloatDistribution\", \"attributes\": {\"step\": null, \"low\": 0.0001, \"high\": 0.003, \"log\": true}}"}
{"op_code":5,"worker_id":"3bfc3970-acb7-418d-91c9-a7fa8b019a01-39216","trial_id":5,"param_name":"rollout-size","param_value_internal":1,"distribution":"{\"name\": \"CategoricalDistribution\", \"attributes\": {\"choices\": [20, 80, 320]}}"}
{"op_code":5,"worker_id":"3bfc3970-acb7-418d-91c9-a7fa8b019a01-39216","trial_id":5,"param_name":"gamma","param_value_internal":0,"distribution":"{\"name\": \"CategoricalDistribution\", \"attributes\": {\"choices\": [0.99, 0.995, 0.999]}}"}
{"op_code":5,"worker_id":"3bfc3970-acb7-418d-91c9-a7fa8b019a01-39216","trial_id":5,"param_name":"gae-lambda","param_value_internal":2,"distribution":"{\"name\": \"CategoricalDistribution\", \"attributes\": {\"choices\": [0.9, 0.95, 1.0]}}"}
{"op_code":5,"worker_id":"3bfc3970-acb7-418d-91c9-a7fa8b019a01-39216","trial_id":5,"param_name":"ent-coef","param_value_internal":0.025032333105810642,"distribution":"{\"name\": \"FloatDistribution\", \"attributes\": {\"step\": null, \"low\": 0.0001, \"high\": 0.03, \"log\": true}}"}
{"op_code":8,"worker_id":"3bfc3970-acb7-418d-91c9-a7fa8b019a01-39216","trial_id":5,"user_attr":{"train_argv":"--option 4 --reward-mode objective --objectives tardiness_sq --lambda-late 1.0 --lambda-energy 1.0 --power-model linear --difficulty off_tf05 --timesteps 300000 --save-tag tune_off_tf05_o4fmlubrze_a2c_t5 --n-envs 4 --vec-backend subproc --seed 0 --algo a2c --markov-obs --lookahead --fixed-scaling --critic-arrivals --lateness-shaping --normalize-reward --event-idle --repair-placement --learning-rate 0.00102838 --rollout-size 80 --gamma 0.99 --gae-lambda 1 --ent-coef 0.0250323"}}
{"op_code":6,"worker_id":"0f349210-d222-4789-8104-1d956f0262d7-21628","trial_id":4,"state":1,"values":[29491.7],"datetime_complete":"2026-10-09T07:30:04.629151"}
{"op_code":4,"worker_id":"0f349210-d222-4789-8104-1d956f0262d7-21628","study_id":0,"datetime_start":"2026-10-09T07:30:04.817919"}
{"op_code":5,"worker_id":"0f349210-d222-4789-8104-1d956f0262d7-21628","trial_id":6,"param_name":"learning-rate","param_value_internal":0.0006912670683424538,"distribution":"{\"name\": \"FloatDistribution\", \"attributes\": {\"step\": null, \"low\": 0.0001, \"high\": 0.003, \"log\": true}}"}
{"op_code":5,"worker_id":"0f349210-d222-4789-8104-1d956f0262d7-21628","trial_id":6,"param_name":"rollout-size","param_value_internal":1,"distribution":"{\"name\": \"CategoricalDistribution\", \"attributes\": {\"choices\": [20, 80, 320]}}"}
{"op_code":5,"worker_id":"0f349210-d222-4789-8104-1d956f0262d7-21628","trial_id":6,"param_name":"gamma","param_value_internal":1,"distribution":"{\"name\": \"CategoricalDistribution\", \"attributes\": {\"choices\": [0.99, 0.995, 0.999]}}"}
{"op_code":5,"worker_id":"0f349210-d222-4789-8104-1d956f0262d7-21628","trial_id":6,"param_name":"gae-lambda","param_value_internal":2,"distribution":"{\"name\": \"CategoricalDistribution\", \"attributes\": {\"choices\": [0.9, 0.95, 1.0]}}"}
{"op_code":5,"worker_id":"0f349210-d222-4789-8104-1d956f0262d7-21628","trial_id":6,"param_name":"ent-coef","param_value_internal":0.00014098918363046996,"distribution":"{\"name\": \"FloatDistribution\", \"attributes\": {\"step\": null, \"low\": 0.0001, \"high\": 0.03, \"log\": true}}"}
{"op_code":8,"worker_id":"0f349210-d222-4789-8104-1d956f0262d7-21628","trial_id":6,"user_attr":{"train_argv":"--option 4 --reward-mode objective --objectives tardiness_sq --lambda-late 1.0 --lambda-energy 1.0 --power-model linear --difficulty off_tf05 --timesteps 300000 --save-tag tune_off_tf05_o4fmlubrze_a2c_t6 --n-envs 4 --vec-backend subproc --seed 0 --algo a2c --markov-obs --lookahead --fixed-scaling --critic-arrivals --lateness-shaping --normalize-reward --event-idle --repair-placement --learning-rate 0.000691267 --rollout-size 80 --gamma 0.995 --gae-lambda 1 --ent-coef 0.000140989"}}
{"op_code":7,"worker_id":"3bfc3970-acb7-418d-91c9-a7fa8b019a01-39216","trial_id":5,"step":75000,"intermediate_value":41865.6}
{"op_code":6,"worker_id":"3bfc3970-acb7-418d-91c9-a7fa8b019a01-39216","trial_id":5,"state":2,"values":[41865.6],"datetime_complete":"2026-10-09T07:30:29.265886"}
{"op_code":4,"worker_id":"3bfc3970-acb7-418d-91c9-a7fa8b019a01-39216","study_id":0,"datetime_start":"2026-10-09T07:30:29.461170"}
{"op_code":5,"worker_id":"3bfc3970-acb7-418d-91c9-a7fa8b019a01-39216","trial_id":7,"param_name":"learning-rate","param_value_internal":0.00029037920727453625,"distribution":"{\"name\": \"FloatDistribution\", \"attributes\": {\"step\": null, \"low\": 0.0001, \"high\": 0.003, \"log\": true}}"}
{"op_code":5,"worker_id":"3bfc3970-acb7-418d-91c9-a7fa8b019a01-39216","trial_id":7,"param_name":"rollout-size","param_value_internal":2,"distribution":"{\"name\": \"CategoricalDistribution\", \"attributes\": {\"choices\": [20, 80, 320]}}"}
{"op_code":5,"worker_id":"3bfc3970-acb7-418d-91c9-a7fa8b019a01-39216","trial_id":7,"param_name":"gamma","param_value_internal":2,"distribution":"{\"name\": \"CategoricalDistribution\", \"attributes\": {\"choices\": [0.99, 0.995, 0.999]}}"}
{"op_code":5,"worker_id":"3bfc3970-acb7-418d-91c9-a7fa8b019a01-39216","trial_id":7,"param_name":"gae-lambda","param_value_internal":0,"distribution":"{\"name\": \"CategoricalDistribution\", \"attributes\": {\"choices\": [0.9, 0.95, 1.0]}}"}
{"op_code":5,"worker_id":"3bfc3970-acb7-418d-91c9-a7fa8b019a01-39216","trial_id":7,"param_name":"ent-coef","param_value_internal":0.023594377018979765,"distribution":"{\"name\": \"FloatDistribution\", \"attributes\": {\"step\": null, \"low\": 0.0001, \"high\": 0.03, \"log\": true}}"}
{"op_code":8,"worker_id":"3bfc3970-acb7-418d-91c9-a7fa8b019a01-39216","trial_id":7,"user_attr":{"train_argv":"--option 4 --reward-mode objective --objectives tardiness_sq --lambda-late 1.0 --lambda-energy 1.0 --power-model linear --difficulty off_tf05 --timesteps 300000 --save-tag tune_off_tf05_o4fmlubrze_a2c_t7 --n-envs 4 --vec-backend subproc --seed 0 --algo a2c --markov-obs --lookahead --fixed-scaling --critic-arrivals --lateness-shaping --normalize-reward --event-idle --repair-placement --learning-rate 0.000290379 --rollout-size 320 --gamma 0.999 --gae-lambda 0.9 --ent-coef 0.0235944"}}
{"op_code":7,"worker_id":"0f349210-d222-4789-8104-1d956f0262d7-21628","trial_id":6,"step":75000,"intermediate_value":33111.0}
{"op_code":7,"worker_id":"3bfc3970-acb7-418d-91c9-a7fa8b019a01-39216","trial_id":7,"step":75000,"intermediate_value":86183.8}
{"op_code":6,"worker_id":"3bfc3970-acb7-418d-91c9-a7fa8b019a01-39216","trial_id":7,"state":2,"values":[86183.8],"datetime_complete":"2026-10-09T07:31:55.841509"}
{"op_code":4,"worker_id":"3bfc3970-acb7-418d-91c9-a7fa8b019a01-39216","study_id":0,"datetime_start":"2026-10-09T07:31:56.016461"}
{"op_code":5,"worker_id":"3bfc3970-acb7-418d-91c9-a7fa8b019a01-39216","trial_id":8,"param_name":"learning-rate","param_value_internal":0.0006131260588137405,"distribution":"{\"name\": \"FloatDistribution\", \"attributes\": {\"step\": null, \"low\": 0.0001, \"high\": 0.003, \"log\": true}}"}
{"op_code":5,"worker_id":"3bfc3970-acb7-418d-91c9-a7fa8b019a01-39216","trial_id":8,"param_name":"rollout-size","param_value_internal":0,"distribution":"{\"name\": \"CategoricalDistribution\", \"attributes\": {\"choices\": [20, 80, 320]}}"}
{"op_code":5,"worker_id":"3bfc3970-acb7-418d-91c9-a7fa8b019a01-39216","trial_id":8,"param_name":"gamma","param_value_internal":0,"distribution":"{\"name\": \"CategoricalDistribution\", \"attributes\": {\"choices\": [0.99, 0.995, 0.999]}}"}
{"op_code":5,"worker_id":"3bfc3970-acb7-418d-91c9-a7fa8b019a01-39216","trial_id":8,"param_name":"gae-lambda","param_value_internal":0,"distribution":"{\"name\": \"CategoricalDistribution\", \"attributes\": {\"choices\": [0.9, 0.95, 1.0]}}"}
{"op_code":5,"worker_id":"3bfc3970-acb7-418d-91c9-a7fa8b019a01-39216","trial_id":8,"param_name":"ent-coef","param_value_internal":0.009018630634891299,"distribution":"{\"name\": \"FloatDistribution\", \"attributes\": {\"step\": null, \"low\": 0.0001, \"high\": 0.03, \"log\": true}}"}
{"op_code":8,"worker_id":"3bfc3970-acb7-418d-91c9-a7fa8b019a01-39216","trial_id":8,"user_attr":{"train_argv":"--option 4 --reward-mode objective --objectives tardiness_sq --lambda-late 1.0 --lambda-energy 1.0 --power-model linear --difficulty off_tf05 --timesteps 300000 --save-tag tune_off_tf05_o4fmlubrze_a2c_t8 --n-envs 4 --vec-backend subproc --seed 0 --algo a2c --markov-obs --lookahead --fixed-scaling --critic-arrivals --lateness-shaping --normalize-reward --event-idle --repair-placement --learning-rate 0.000613126 --rollout-size 20 --gamma 0.99 --gae-lambda 0.9 --ent-coef 0.00901863"}}
{"op_code":7,"worker_id":"0f349210-d222-4789-8104-1d956f0262d7-21628","trial_id":6,"step":150000,"intermediate_value":31204.4}
{"op_code":6,"worker_id":"0f349210-d222-4789-8104-1d956f0262d7-21628","trial_id":6,"state":2,"values":[31204.4],"datetime_complete":"2026-10-09T07:32:51.616515"}
{"op_code":4,"worker_id":"0f349210-d222-4789-8104-1d956f0262d7-21628","study_id":0,"datetime_start":"2026-10-09T07:32:51.795162"}
{"op_code":5,"worker_id":"0f349210-d222-4789-8104-1d956f0262d7-21628","trial_id":9,"param_name":"learning-rate","param_value_internal":0.0009658179826892162,"distribution":"{\"name\": \"FloatDistribution\", \"attributes\": {\"step\": null, \"low\": 0.0001, \"high\": 0.003, \"log\": true}}"}
{"op_code":5,"worker_id":"0f349210-d222-4789-8104-1d956f0262d7-21628","trial_id":9,"param_name":"rollout-size","param_value_internal":0,"distribution":"{\"name\": \"CategoricalDistribution\", \"attributes\": {\"choices\": [20, 80, 320]}}"}
{"op_code":5,"worker_id":"0f349210-d222-4789-8104-1d956f0262d7-21628","trial_id":9,"param_name":"gamma","param_value_internal":2,"distribution":"{\"name\": \"CategoricalDistribution\", \"attributes\": {\"choices\": [0.99, 0.995, 0.999]}}"}
{"op_code":5,"worker_id":"0f349210-d222-4789-8104-1d956f0262d7-21628","trial_id":9,"param_name":"gae-lambda","param_value_internal":1,"distribution":"{\"name\": \"CategoricalDistribution\", \"attributes\": {\"choices\": [0.9, 0.95, 1.0]}}"}
{"op_code":5,"worker_id":"0f349210-d222-4789-8104-1d956f0262d7-21628","trial_id":9,"param_name":"ent-coef","param_value_internal":0.00032916454639831516,"distribution":"{\"name\": \"FloatDistribution\", \"attributes\": {\"step\": null, \"low\": 0.0001, \"high\": 0.03, \"log\": true}}"}
{"op_code":8,"worker_id":"0f349210-d222-4789-8104-1d956f0262d7-21628","trial_id":9,"user_attr":{"train_argv":"--option 4 --reward-mode objective --objectives tardiness_sq --lambda-late 1.0 --lambda-energy 1.0 --power-model linear --difficulty off_tf05 --timesteps 300000 --save-tag tune_off_tf05_o4fmlubrze_a2c_t9 --n-envs 4 --vec-backend subproc --seed 0 --algo a2c --markov-obs --lookahead --fixed-scaling --critic-arrivals --lateness-shaping --normalize-reward --event-idle --repair-placement --learning-rate 0.000965818 --rollout-size 20 --gamma 0.999 --gae-lambda 0.95 --ent-coef 0.000329165"}}
{"op_code":7,"worker_id":"3bfc3970-acb7-418d-91c9-a7fa8b019a01-39216","trial_id":8,"step":75000,"intermediate_value":46142.0}
{"op_code":6,"worker_id":"3bfc3970-acb7-418d-91c9-a7fa8b019a01-39216","trial_id":8,"state":2,"values":[46142.0],"datetime_complete":"2026-10-09T07:33:40.693431"}
{"op_code":4,"worker_id":"3bfc3970-acb7-418d-91c9-a7fa8b019a01-39216","study_id":0,"datetime_start":"2026-10-09T07:33:40.884494"}
{"op_code":5,"worker_id":"3bfc3970-acb7-418d-91c9-a7fa8b019a01-39216","trial_id":10,"param_name":"learning-rate","param_value_internal":0.0001420618049845932,"distribution":"{\"name\": \"FloatDistribution\", \"attributes\": {\"step\": null, \"low\": 0.0001, \"high\": 0.003, \"log\": true}}"}
{"op_code":5,"worker_id":"3bfc3970-acb7-418d-91c9-a7fa8b019a01-39216","trial_id":10,"param_name":"rollout-size","param_value_internal":1,"distribution":"{\"name\": \"CategoricalDistribution\", \"attributes\": {\"choices\": [20, 80, 320]}}"}
{"op_code":5,"worker_id":"3bfc3970-acb7-418d-91c9-a7fa8b019a01-39216","trial_id":10,"param_name":"gamma","param_value_internal":0,"distribution":"{\"name\": \"CategoricalDistribution\", \"attributes\": {\"choices\": [0.99, 0.995, 0.999]}}"}
{"op_code":5,"worker_id":"3bfc3970-acb7-418d-91c9-a7fa8b019a01-39216","trial_id":10,"param_name":"gae-lambda","param_value_internal":0,"distribution":"{\"name\": \"CategoricalDistribution\", \"attributes\": {\"choices\": [0.9, 0.95, 1.0]}}"}
{"op_code":5,"worker_id":"3bfc3970-acb7-418d-91c9-a7fa8b019a01-39216","trial_id":10,"param_name":"ent-coef","param_value_internal":0.001650769062687114,"distribution":"{\"name\": \"FloatDistribution\", \"attributes\": {\"step\": null, \"low\": 0.0001, \"high\": 0.03, \"log\": true}}"}
{"op_code":8,"worker_id":"3bfc3970-acb7-418d-91c9-a7fa8b019a01-39216","trial_id":10,"user_attr":{"train_argv":"--option 4 --reward-mode objective --objectives tardiness_sq --lambda-late 1.0 --lambda-energy 1.0 --power-model linear --difficulty off_tf05 --timesteps 300000 --save-tag tune_off_tf05_o4fmlubrze_a2c_t10 --n-envs 4 --vec-backend subproc --seed 0 --algo a2c --markov-obs --lookahead --fixed-scaling --critic-arrivals --lateness-shaping --normalize-reward --event-idle --repair-placement --learning-rate 0.000142062 --rollout-size 80 --gamma 0.99 --gae-lambda 0.9 --ent-coef 0.00165077"}}
{"op_code":7,"worker_id":"0f349210-d222-4789-8104-1d956f0262d7-21628","trial_id":9,"step":75000,"intermediate_value":37491.6}
{"op_code":7,"worker_id":"3bfc3970-acb7-418d-91c9-a7fa8b019a01-39216","trial_id":10,"step":75000,"intermediate_value":82040.8}
{"op_code":6,"worker_id":"3bfc3970-acb7-418d-91c9-a7fa8b019a01-39216","trial_id":10,"state":2,"values":[82040.8],"datetime_complete":"2026-10-09T07:35:07.535324"}
{"op_code":4,"worker_id":"3bfc3970-acb7-418d-91c9-a7fa8b019a01-39216","study_id":0,"datetime_start":"2026-10-09T07:35:07.741312"}
{"op_code":5,"worker_id":"3bfc3970-acb7-418d-91c9-a7fa8b019a01-39216","trial_id":11,"param_name":"learning-rate","param_value_internal":0.0028432919491712403,"distribution":"{\"name\": \"FloatDistribution\", \"attributes\": {\"step\": null, \"low\": 0.0001, \"high\": 0.003, \"log\": true}}"}
{"op_code":5,"worker_id":"3bfc3970-acb7-418d-91c9-a7fa8b019a01-39216","trial_id":11,"param_name":"rollout-size","param_value_internal":2,"distribution":"{\"name\": \"CategoricalDistribution\", \"attributes\": {\"choices\": [20, 80, 320]}}"}
{"op_code":5,"worker_id":"3bfc3970-acb7-418d-91c9-a7fa8b019a01-39216","trial_id":11,"param_name":"gamma","param_value_internal":1,"distribution":"{\"name\": \"CategoricalDistribution\", \"attributes\": {\"choices\": [0.99, 0.995, 0.999]}}"}
{"op_code":5,"worker_id":"3bfc3970-acb7-418d-91c9-a7fa8b019a01-39216","trial_id":11,"param_name":"gae-lambda","param_value_internal":1,"distribution":"{\"name\": \"CategoricalDistribution\", \"attributes\": {\"choices\": [0.9, 0.95, 1.0]}}"}
{"op_code":5,"worker_id":"3bfc3970-acb7-418d-91c9-a7fa8b019a01-39216","trial_id":11,"param_name":"ent-coef","param_value_internal":0.00010972416425677468,"distribution":"{\"name\": \"FloatDistribution\", \"attributes\": {\"step\": null, \"low\": 0.0001, \"high\": 0.03, \"log\": true}}"}
{"op_code":8,"worker_id":"3bfc3970-acb7-418d-91c9-a7fa8b019a01-39216","trial_id":11,"user_attr":{"train_argv":"--option 4 --reward-mode objective --objectives tardiness_sq --lambda-late 1.0 --lambda-energy 1.0 --power-model linear --difficulty off_tf05 --timesteps 300000 --save-tag tune_off_tf05_o4fmlubrze_a2c_t11 --n-envs 4 --vec-backend subproc --seed 0 --algo a2c --markov-obs --lookahead --fixed-scaling --critic-arrivals --lateness-shaping --normalize-reward --event-idle --repair-placement --learning-rate 0.00284329 --rollout-size 320 --gamma 0.995 --gae-lambda 0.95 --ent-coef 0.000109724"}}
{"op_code":7,"worker_id":"0f349210-d222-4789-8104-1d956f0262d7-21628","trial_id":9,"step":150000,"intermediate_value":29731.0}
{"op_code":6,"worker_id":"0f349210-d222-4789-8104-1d956f0262d7-21628","trial_id":9,"state":2,"values":[29731.0],"datetime_complete":"2026-10-09T07:36:26.932940"}
{"op_code":7,"worker_id":"3bfc3970-acb7-418d-91c9-a7fa8b019a01-39216","trial_id":11,"step":75000,"intermediate_value":64913.2}
{"op_code":6,"worker_id":"3bfc3970-acb7-418d-91c9-a7fa8b019a01-39216","trial_id":11,"state":2,"values":[64913.2],"datetime_complete":"2026-10-09T07:36:33.329546"}
{"op_code":0,"worker_id":"b75abe47-99f0-4f0c-9668-852fa2f0aae0-39076","study_name":"off_tf05_o4fmlubrze_a2c","directions":[1]}
