{"op_code":0,"worker_id":"f409e7b2-d153-4ca5-b56a-a9ba3baf4a68-23428","study_name":"on_rho095_o4fmlubrze_a2c","directions":[1]}
{"op_code":4,"worker_id":"f409e7b2-d153-4ca5-b56a-a9ba3baf4a68-23428","study_id":0,"datetime_start":null,"state":4,"value":null,"values":null,"distributions":{},"params":{},"user_attrs":{"defaults":true},"system_attrs":{"fixed_params":{}},"intermediate_values":{}}
{"op_code":6,"worker_id":"f409e7b2-d153-4ca5-b56a-a9ba3baf4a68-23428","trial_id":0,"state":0,"values":null,"datetime_start":"2026-10-09T02:27:13.659696"}
{"op_code":8,"worker_id":"f409e7b2-d153-4ca5-b56a-a9ba3baf4a68-23428","trial_id":0,"user_attr":{"train_argv":"--option 4 --reward-mode objective --objectives tardiness_sq --lambda-late 1.0 --lambda-energy 1.0 --power-model linear --difficulty on_rho095 --timesteps 300000 --save-tag tune_on_rho095_o4fmlubrze_a2c_t0 --n-envs 4 --vec-backend subproc --seed 0 --algo a2c --markov-obs --lookahead --fixed-scaling --critic-arrivals --lateness-shaping --normalize-reward --event-idle --repair-placement"}}
{"op_code":7,"worker_id":"f409e7b2-d153-4ca5-b56a-a9ba3baf4a68-23428","trial_id":0,"step":75000,"intermediate_value":182335.4}
{"op_code":7,"worker_id":"f409e7b2-d153-4ca5-b56a-a9ba3baf4a68-23428","trial_id":0,"step":150000,"intermediate_value":471308.4}
{"op_code":7,"worker_id":"f409e7b2-d153-4ca5-b56a-a9ba3baf4a68-23428","trial_id":0,"step":225000,"intermediate_value":422130.4}
{"op_code":6,"worker_id":"f409e7b2-d153-4ca5-b56a-a9ba3baf4a68-23428","trial_id":0,"state":1,"values":[384100.15],"datetime_complete":"2026-10-09T02:52:26.531812"}
{"op_code":4,"worker_id":"f409e7b2-d153-4ca5-b56a-a9ba3baf4a68-23428","study_id":0,"datetime_start":"2026-10-09T02:52:26.702988"}
{"op_code":5,"worker_id":"f409e7b2-d153-4ca5-b56a-a9ba3baf4a68-23428","trial_id":1,"param_name":"learning-rate","param_value_internal":0.0006466422717414558,"distribution":"{\"name\": \"FloatDistribution\", \"attributes\": {\"step\": null, \"low\": 0.0001, \"high\": 0.003, \"log\": true}}"}
{"op_code":5,"worker_id":"f409e7b2-d153-4ca5-b56a-a9ba3baf4a68-23428","trial_id":1,"param_name":"rollout-size","param_value_internal":0,"distribution":"{\"name\": \"CategoricalDistribution\", \"attributes\": {\"choices\": [20, 80, 320]}}"}
{"op_code":5,"worker_id":"f409e7b2-d153-4ca5-b56a-a9ba3baf4a68-23428","trial_id":1,"param_name":"gamma","param_value_internal":1,"distribution":"{\"name\": \"CategoricalDistribution\", \"attributes\": {\"choices\": [0.99, 0.995, 0.999]}}"}
{"op_code":5,"worker_id":"f409e7b2-d153-4ca5-b56a-a9ba3baf4a68-23428","trial_id":1,"param_name":"gae-lambda","param_value_internal":1,"distribution":"{\"name\": \"CategoricalDistribution\", \"attributes\": {\"choices\": [0.9, 0.95, 1.0]}}"}
{"op_code":5,"worker_id":"f409e7b2-d153-4ca5-b56a-a9ba3baf4a68-23428","trial_id":1,"param_name":"ent-coef","param_value_internal":0.009145320282946534,"distribution":"{\"name\": \"FloatDistribution\", \"attributes\": {\"step\": null, \"low\": 0.0001, \"high\": 0.03, \"log\": true}}"}
{"op_code":8,"worker_id":"f409e7b2-d153-4ca5-b56a-a9ba3baf4a68-23428","trial_id":1,"user_attr":{"train_argv":"--option 4 --reward-mode objective --objectives tardiness_sq --lambda-late 1.0 --lambda-energy 1.0 --power-model linear --difficulty on_rho095 --timesteps 300000 --save-tag tune_on_rho095_o4fmlubrze_a2c_t1 --n-envs 4 --vec-backend subproc --seed 0 --algo a2c --markov-obs --lookahead --fixed-scaling --critic-arrivals --lateness-shaping --normalize-reward --event-idle --repair-placement --learning-rate 0.000646642 --rollout-size 20 --gamma 0.995 --gae-lambda 0.95 --ent-coef 0.00914532"}}
{"op_code":7,"worker_id":"f409e7b2-d153-4ca5-b56a-a9ba3baf4a68-23428","trial_id":1,"step":75000,"intermediate_value":251286.8}
{"op_code":7,"worker_id":"f409e7b2-d153-4ca5-b56a-a9ba3baf4a68-23428","trial_id":1,"step":150000,"intermediate_value":417090.4}
{"op_code":7,"worker_id":"f409e7b2-d153-4ca5-b56a-a9ba3baf4a68-23428","trial_id":1,"step":225000,"intermediate_value":294894.0}
{"op_code":6,"worker_id":"f409e7b2-d153-4ca5-b56a-a9ba3baf4a68-23428","trial_id":1,"state":1,"values":[502467.2],"datetime_complete":"2026-10-09T03:17:34.323691"}
{"op_code":4,"worker_id":"f409e7b2-d153-4ca5-b56a-a9ba3baf4a68-23428","study_id":0,"datetime_start":"2026-10-09T03:17:34.504106"}
{"op_code":5,"worker_id":"f409e7b2-d153-4ca5-b56a-a9ba3baf4a68-23428","trial_id":2,"param_name":"learning-rate","param_value_internal":0.0006042851578845063,"distribution":"{\"name\": \"FloatDistribution\", \"attributes\": {\"step\": null, \"low\": 0.0001, \"high\": 0.003, \"log\": true}}"}
{"op_code":5,"worker_id":"f409e7b2-d153-4ca5-b56a-a9ba3baf4a68-23428","trial_id":2,"param_name":"rollout-size","param_value_internal":1,"distribution":"{\"name\": \"CategoricalDistribution\", \"attributes\": {\"choices\": [20, 80, 320]}}"}
{"op_code":5,"worker_id":"f409e7b2-d153-4ca5-b56a-a9ba3baf4a68-23428","trial_id":2,"param_name":"gamma","param_value_internal":2,"distribution":"{\"name\": \"CategoricalDistribution\", \"attributes\": {\"choices\": [0.99, 0.995, 0.999]}}"}
{"op_code":5,"worker_id":"f409e7b2-d153-4ca5-b56a-a9ba3baf4a68-23428","trial_id":2,"param_name":"gae-lambda","param_value_internal":2,"distribution":"{\"name\": \"CategoricalDistribution\", \"attributes\": {\"choices\": [0.9, 0.95, 1.0]}}"}
{"op_code":5,"worker_id":"f409e7b2-d153-4ca5-b56a-a9ba3baf4a68-23428","trial_id":2,"param_name":"ent-coef","param_value_internal":0.009541412354586892,"distribution":"{\"name\": \"FloatDistribution\", \"attributes\": {\"step\": null, \"low\": 0.0001, \"high\": 0.03, \"log\": true}}"}
{"op_code":8,"worker_id":"f409e7b2-d153-4ca5-b56a-a9ba3baf4a68-23428","trial_id":2,"user_attr":{"train_argv":"--option 4 --reward-mode objective --objectives tardiness_sq --lambda-late 1.0 --lambda-energy 1.0 --power-model linear --difficulty on_rho095 --timesteps 300000 --save-tag tune_on_rho095_o4fmlubrze_a2c_t2 --n-envs 4 --vec-backend subproc --seed 0 --algo a2c --markov-obs --lookahead --fixed-scaling --critic-arrivals --lateness-shaping --normalize-reward --event-idle --repair-placement --learning-rate 0.000604285 --rollout-size 80 --gamma 0.999 --gae-lambda 1 --ent-coef 0.00954141"}}
{"op_code":7,"worker_id":"f409e7b2-d153-4ca5-b56a-a9ba3baf4a68-23428","trial_id":2,"step":75000,"intermediate_value":336772.6}
{"op_code":7,"worker_id":"f409e7b2-d153-4ca5-b56a-a9ba3baf4a68-23428","trial_id":2,"step":150000,"intermediate_value":1508786.0}
{"op_code":7,"worker_id":"f409e7b2-d153-4ca5-b56a-a9ba3baf4a68-23428","trial_id":2,"step":225000,"intermediate_value":694143.0}
{"op_code":6,"worker_id":"f409e7b2-d153-4ca5-b56a-a9ba3baf4a68-23428","trial_id":2,"state":1,"values":[629854.75],"datetime_complete":"2026-10-09T03:47:14.459219"}
{"op_code":4,"worker_id":"f409e7b2-d153-4ca5-b56a-a9ba3baf4a68-23428","study_id":0,"datetime_start":"2026-10-09T03:47:14.662078"}
{"op_code":5,"worker_id":"f409e7b2-d153-4ca5-b56a-a9ba3baf4a68-23428","trial_id":3,"param_name":"learning-rate","param_value_internal":0.0004804641349751479,"distribution":"{\"name\": \"FloatDistribution\", \"attributes\": {\"step\": null, \"low\": 0.0001, \"high\": 0.003, \"log\": true}}"}
{"op_code":5,"worker_id":"f409e7b2-d153-4ca5-b56a-a9ba3baf4a68-23428","trial_id":3,"param_name":"rollout-size","param_value_internal":0,"distribution":"{\"name\": \"CategoricalDistribution\", \"attributes\": {\"choices\": [20, 80, 320]}}"}
{"op_code":5,"worker_id":"f409e7b2-d153-4ca5-b56a-a9ba3baf4a68-23428","trial_id":3,"param_name":"gamma","param_value_internal":1,"distribution":"{\"name\": \"CategoricalDistribution\", \"attributes\": {\"choices\": [0.99, 0.995, 0.999]}}"}
{"op_code":5,"worker_id":"f409e7b2-d153-4ca5-b56a-a9ba3baf4a68-23428","trial_id":3,"param_name":"gae-lambda","param_value_internal":2,"distribution":"{\"name\": \"CategoricalDistribution\", \"attributes\": {\"choices\": [0.9, 0.95, 1.0]}}"}
{"op_code":5,"worker_id":"f409e7b2-d153-4ca5-b56a-a9ba3baf4a68-23428","trial_id":3,"param_name":"ent-coef","param_value_internal":0.001348775545730254,"distribution":"{\"name\": \"FloatDistribution\", \"attributes\": {\"step\": null, \"low\": 0.0001, \"high\": 0.03, \"log\": true}}"}
{"op_code":8,"worker_id":"f409e7b2-d153-4ca5-b56a-a9ba3baf4a68-23428","trial_id":3,"user_attr":{"train_argv":"--option 4 --reward-mode objective --objectives tardiness_sq --lambda-late 1.0 --lambda-energy 1.0 --power-model linear --difficulty on_rho095 --timesteps 300000 --save-tag tune_on_rho095_o4fmlubrze_a2c_t3 --n-envs 4 --vec-backend subproc --seed 0 --algo a2c --markov-obs --lookahead --fixed-scaling --critic-arrivals --lateness-shaping --normalize-reward --event-idle --repair-placement --learning-rate 0.000480464 --rollout-size 20 --gamma 0.995 --gae-lambda 1 --ent-coef 0.00134878"}}
{"op_code":7,"worker_id":"f409e7b2-d153-4ca5-b56a-a9ba3baf4a68-23428","trial_id":3,"step":75000,"intermediate_value":209782.2}
{"op_code":7,"worker_id":"f409e7b2-d153-4ca5-b56a-a9ba3baf4a68-23428","trial_id":3,"step":150000,"intermediate_value":390201.0}
{"op_code":7,"worker_id":"f409e7b2-d153-4ca5-b56a-a9ba3baf4a68-23428","trial_id":3,"step":225000,"intermediate_value":247194.4}
{"op_code":6,"worker_id":"f409e7b2-d153-4ca5-b56a-a9ba3baf4a68-23428","trial_id":3,"state":1,"values":[447825.9],"datetime_complete":"2026-10-09T04:17:44.412996"}
{"op_code":4,"worker_id":"f409e7b2-d153-4ca5-b56a-a9ba3baf4a68-23428","study_id":0,"datetime_start":"2026-10-09T04:17:44.635183"}
{"op_code":5,"worker_id":"f409e7b2-d153-4ca5-b56a-a9ba3baf4a68-23428","trial_id":4,"param_name":"learning-rate","param_value_internal":0.0006912670683424538,"distribution":"{\"name\": \"FloatDistribution\", \"attributes\": {\"step\": null, \"low\": 0.0001, \"high\": 0.003, \"log\": true}}"}
{"op_code":5,"worker_id":"f409e7b2-d153-4ca5-b56a-a9ba3baf4a68-23428","trial_id":4,"param_name":"rollout-size","param_value_internal":1,"distribution":"{\"name\": \"CategoricalDistribution\", \"attributes\": {\"choices\": [20, 80, 320]}}"}
{"op_code":5,"worker_id":"f409e7b2-d153-4ca5-b56a-a9ba3baf4a68-23428","trial_id":4,"param_name":"gamma","param_value_internal":1,"distribution":"{\"name\": \"CategoricalDistribution\", \"attributes\": {\"choices\": [0.99, 0.995, 0.999]}}"}
{"op_code":5,"worker_id":"f409e7b2-d153-4ca5-b56a-a9ba3baf4a68-23428","trial_id":4,"param_name":"gae-lambda","param_value_internal":2,"distribution":"{\"name\": \"CategoricalDistribution\", \"attributes\": {\"choices\": [0.9, 0.95, 1.0]}}"}
{"op_code":5,"worker_id":"f409e7b2-d153-4ca5-b56a-a9ba3baf4a68-23428","trial_id":4,"param_name":"ent-coef","param_value_internal":0.00014098918363046996,"distribution":"{\"name\": \"FloatDistribution\", \"attributes\": {\"step\": null, \"low\": 0.0001, \"high\": 0.03, \"log\": true}}"}
{"op_code":8,"worker_id":"f409e7b2-d153-4ca5-b56a-a9ba3baf4a68-23428","trial_id":4,"user_attr":{"train_argv":"--option 4 --reward-mode objective --objectives tardiness_sq --lambda-late 1.0 --lambda-energy 1.0 --power-model linear --difficulty on_rho095 --timesteps 300000 --save-tag tune_on_rho095_o4fmlubrze_a2c_t4 --n-envs 4 --vec-backend subproc --seed 0 --algo a2c --markov-obs --lookahead --fixed-scaling --critic-arrivals --lateness-shaping --normalize-reward --event-idle --repair-placement --learning-rate 0.000691267 --rollout-size 80 --gamma 0.995 --gae-lambda 1 --ent-coef 0.000140989"}}
{"op_code":7,"worker_id":"f409e7b2-d153-4ca5-b56a-a9ba3baf4a68-23428","trial_id":4,"step":75000,"intermediate_value":1306785.8}
{"op_code":7,"worker_id":"f409e7b2-d153-4ca5-b56a-a9ba3baf4a68-23428","trial_id":4,"step":150000,"intermediate_value":348704.2}
{"op_code":7,"worker_id":"f409e7b2-d153-4ca5-b56a-a9ba3baf4a68-23428","trial_id":4,"step":225000,"intermediate_value":334743.6}
{"op_code":6,"worker_id":"f409e7b2-d153-4ca5-b56a-a9ba3baf4a68-23428","trial_id":4,"state":1,"values":[223053.8],"datetime_complete":"2026-10-09T04:46:22.903848"}
{"op_code":4,"worker_id":"f409e7b2-d153-4ca5-b56a-a9ba3baf4a68-23428","study_id":0,"datetime_start":"2026-10-09T04:46:23.152453"}
{"op_code":5,"worker_id":"f409e7b2-d153-4ca5-b56a-a9ba3baf4a68-23428","trial_id":5,"param_name":"learning-rate","param_value_internal":0.0009658179826892162,"distribution":"{\"name\": \"FloatDistribution\", \"attributes\": {\"step\": null, \"low\": 0.0001, \"high\": 0.003, \"log\": true}}"}
{"op_code":5,"worker_id":"f409e7b2-d153-4ca5-b56a-a9ba3baf4a68-23428","trial_id":5,"param_name":"rollout-size","param_value_internal":0,"distribution":"{\"name\": \"CategoricalDistribution\", \"attributes\": {\"choices\": [20, 80, 320]}}"}
{"op_code":5,"worker_id":"f409e7b2-d153-4ca5-b56a-a9ba3baf4a68-23428","trial_id":5,"param_name":"gamma","param_value_internal":2,"distribution":"{\"name\": \"CategoricalDistribution\", \"attributes\": {\"choices\": [0.99, 0.995, 0.999]}}"}
{"op_code":5,"worker_id":"f409e7b2-d153-4ca5-b56a-a9ba3baf4a68-23428","trial_id":5,"param_name":"gae-lambda","param_value_internal":1,"distribution":"{\"name\": \"CategoricalDistribution\", \"attributes\": {\"choices\": [0.9, 0.95, 1.0]}}"}
{"op_code":5,"worker_id":"f409e7b2-d153-4ca5-b56a-a9ba3baf4a68-23428","trial_id":5,"param_name":"ent-coef","param_value_internal":0.00032916454639831516,"distribution":"{\"name\": \"FloatDistribution\", \"attributes\": {\"step\": null, \"low\": 0.0001, \"high\": 0.03, \"log\": true}}"}
{"op_code":8,"worker_id":"f409e7b2-d153-4ca5-b56a-a9ba3baf4a68-23428","trial_id":5,"user_attr":{"train_argv":"--option 4 --reward-mode objective --objectives tardiness_sq --lambda-late 1.0 --lambda-energy 1.0 --power-model linear --difficulty on_rho095 --timesteps 300000 --save-tag tune_on_rho095_o4fmlubrze_a2c_t5 --n-envs 4 --vec-backend subproc --seed 0 --algo a2c --markov-obs --lookahead --fixed-scaling --critic-arrivals --lateness-shaping --normalize-reward --event-idle --repair-placement --learning-rate 0.000965818 --rollout-size 20 --gamma 0.999 --gae-lambda 0.95 --ent-coef 0.000329165"}}
{"op_code":7,"worker_id":"f409e7b2-d153-4ca5-b56a-a9ba3baf4a68-23428","trial_id":5,"step":75000,"intermediate_value":393434.4}
{"op_code":6,"worker_id":"f409e7b2-d153-4ca5-b56a-a9ba3baf4a68-23428","trial_id":5,"state":2,"values":[393434.4],"datetime_complete":"2026-10-09T04:53:20.614574"}
{"op_code":4,"worker_id":"f409e7b2-d153-4ca5-b56a-a9ba3baf4a68-23428","study_id":0,"datetime_start":"2026-10-09T04:53:20.850381"}
{"op_code":5,"worker_id":"f409e7b2-d153-4ca5-b56a-a9ba3baf4a68-23428","trial_id":6,"param_name":"learning-rate","param_value_internal":0.00017309069329908935,"distribution":"{\"name\": \"FloatDistribution\", \"attributes\": {\"step\": null, \"low\": 0.0001, \"high\": 0.003, \"log\": true}}"}
{"op_code":5,"worker_id":"f409e7b2-d153-4ca5-b56a-a9ba3baf4a68-23428","trial_id":6,"param_name":"rollout-size","param_value_internal":0,"distribution":"{\"name\": \"CategoricalDistribution\", \"attributes\": {\"choices\": [20, 80, 320]}}"}
{"op_code":5,"worker_id":"f409e7b2-d153-4ca5-b56a-a9ba3baf4a68-23428","trial_id":6,"param_name":"gamma","param_value_internal":0,"distribution":"{\"name\": \"CategoricalDistribution\", \"attributes\": {\"choices\": [0.99, 0.995, 0.999]}}"}
{"op_code":5,"worker_id":"f409e7b2-d153-4ca5-b56a-a9ba3baf4a68-23428","trial_id":6,"param_name":"gae-lambda","param_value_internal":0,"distribution":"{\"name\": \"CategoricalDistribution\", \"attributes\": {\"choices\": [0.9, 0.95, 1.0]}}"}
{"op_code":5,"worker_id":"f409e7b2-d153-4ca5-b56a-a9ba3baf4a68-23428","trial_id":6,"param_name":"ent-coef","param_value_internal":0.0008191755047162099,"distribution":"{\"name\": \"FloatDistribution\", \"attributes\": {\"step\": null, \"low\": 0.0001, \"high\": 0.03, \"log\": true}}"}
{"op_code":8,"worker_id":"f409e7b2-d153-4ca5-b56a-a9ba3baf4a68-23428","trial_id":6,"user_attr":{"train_argv":"--option 4 --reward-mode objective --objectives tardiness_sq --lambda-late 1.0 --lambda-energy 1.0 --power-model linear --difficulty on_rho095 --timesteps 300000 --save-tag tune_on_rho095_o4fmlubrze_a2c_t6 --n-envs 4 --vec-backend subproc --seed 0 --algo a2c --markov-obs --lookahead --fixed-scaling --critic-arrivals --lateness-shaping --normalize-reward --event-idle --repair-placement --learning-rate 0.000173091 --rollout-size 20 --gamma 0.99 --gae-lambda 0.9 --ent-coef 0.000819176"}}
{"op_code":7,"worker_id":"f409e7b2-d153-4ca5-b56a-a9ba3baf4a68-23428","trial_id":6,"step":75000,"intermediate_value":248512.6}
{"op_code":7,"worker_id":"f409e7b2-d153-4ca5-b56a-a9ba3baf4a68-23428","trial_id":6,"step":150000,"intermediate_value":220816.8}
{"op_code":7,"worker_id":"f409e7b2-d153-4ca5-b56a-a9ba3baf4a68-23428","trial_id":6,"step":225000,"intermediate_value":296052.2}
{"op_code":6,"worker_id":"f409e7b2-d153-4ca5-b56a-a9ba3baf4a68-23428","trial_id":6,"state":1,"values":[469713.15],"datetime_complete":"2026-10-09T05:23:42.425890"}
{"op_code":4,"worker_id":"f409e7b2-d153-4ca5-b56a-a9ba3baf4a68-23428","study_id":0,"datetime_start":"2026-10-09T05:23:42.694479"}
{"op_code":5,"worker_id":"f409e7b2-d153-4ca5-b56a-a9ba3baf4a68-23428","trial_id":7,"param_name":"learning-rate","param_value_internal":0.0016319488770709706,"distribution":"{\"name\": \"FloatDistribution\", \"attributes\": {\"step\": null, \"low\": 0.0001, \"high\": 0.003, \"log\": true}}"}
{"op_code":5,"worker_id":"f409e7b2-d153-4ca5-b56a-a9ba3baf4a68-23428","trial_id":7,"param_name":"rollout-size","param_value_internal":1,"distribution":"{\"name\": \"CategoricalDistribution\", \"attributes\": {\"choices\": [20, 80, 320]}}"}
{"op_code":5,"worker_id":"f409e7b2-d153-4ca5-b56a-a9ba3baf4a68-23428","trial_id":7,"param_name":"gamma","param_value_internal":2,"distribution":"{\"name\": \"CategoricalDistribution\", \"attributes\": {\"choices\": [0.99, 0.995, 0.999]}}"}
{"op_code":5,"worker_id":"f409e7b2-d153-4ca5-b56a-a9ba3baf4a68-23428","trial_id":7,"param_name":"gae-lambda","param_value_internal":1,"distribution":"{\"name\": \"CategoricalDistribution\", \"attributes\": {\"choices\": [0.9, 0.95, 1.0]}}"}
{"op_code":5,"worker_id":"f409e7b2-d153-4ca5-b56a-a9ba3baf4a68-23428","trial_id":7,"param_name":"ent-coef","param_value_internal":0.000501819043124292,"distribution":"{\"name\": \"FloatDistribution\", \"attributes\": {\"step\": null, \"low\": 0.0001, \"high\": 0.03, \"log\": true}}"}
{"op_code":8,"worker_id":"f409e7b2-d153-4ca5-b56a-a9ba3baf4a68-23428","trial_id":7,"user_attr":{"train_argv":"--option 4 --reward-mode objective --objectives tardiness_sq --lambda-late 1.0 --lambda-energy 1.0 --power-model linear --difficulty on_rho095 --timesteps 300000 --save-tag tune_on_rho095_o4fmlubrze_a2c_t7 --n-envs 4 --vec-backend subproc --seed 0 --algo a2c --markov-obs --lookahead --fixed-scaling --critic-arrivals --lateness-shaping --normalize-reward --event-idle --repair-placement --learning-rate 0.00163195 --rollout-size 80 --gamma 0.999 --gae-lambda 0.95 --ent-coef 0.000501819"}}
{"op_code":7,"worker_id":"f409e7b2-d153-4ca5-b56a-a9ba3baf4a68-23428","trial_id":7,"step":75000,"intermediate_value":155475.6}
{"op_code":7,"worker_id":"f409e7b2-d153-4ca5-b56a-a9ba3baf4a68-23428","trial_id":7,"step":150000,"intermediate_value":106764.2}
{"op_code":7,"worker_id":"f409e7b2-d153-4ca5-b56a-a9ba3baf4a68-23428","trial_id":7,"step":225000,"intermediate_value":114558.8}
{"op_code":6,"worker_id":"f409e7b2-d153-4ca5-b56a-a9ba3baf4a68-23428","trial_id":7,"state":1,"values":[1248545.8],"datetime_complete":"2026-10-09T05:51:49.506659"}
{"op_code":4,"worker_id":"f409e7b2-d153-4ca5-b56a-a9ba3baf4a68-23428","study_id":0,"datetime_start":"2026-10-09T05:51:49.714200"}
{"op_code":5,"worker_id":"f409e7b2-d153-4ca5-b56a-a9ba3baf4a68-23428","trial_id":8,"param_name":"learning-rate","param_value_internal":0.00015050290935598963,"distribution":"{\"name\": \"FloatDistribution\", \"attributes\": {\"step\": null, \"low\": 0.0001, \"high\": 0.003, \"log\": true}}"}
{"op_code":5,"worker_id":"f409e7b2-d153-4ca5-b56a-a9ba3baf4a68-23428","trial_id":8,"param_name":"rollout-size","param_value_internal":2,"distribution":"{\"name\": \"CategoricalDistribution\", \"attributes\": {\"choices\": [20, 80, 320]}}"}
{"op_code":5,"worker_id":"f409e7b2-d153-4ca5-b56a-a9ba3baf4a68-23428","trial_id":8,"param_name":"gamma","param_value_internal":2,"distribution":"{\"name\": \"CategoricalDistribution\", \"attributes\": {\"choices\": [0.99, 0.995, 0.999]}}"}
{"op_code":5,"worker_id":"f409e7b2-d153-4ca5-b56a-a9ba3baf4a68-23428","trial_id":8,"param_name":"gae-lambda","param_value_internal":0,"distribution":"{\"name\": \"CategoricalDistribution\", \"attributes\": {\"choices\": [0.9, 0.95, 1.0]}}"}
{"op_code":5,"worker_id":"f409e7b2-d153-4ca5-b56a-a9ba3baf4a68-23428","trial_id":8,"param_name":"ent-coef","param_value_internal":0.00017088424969157387,"distribution":"{\"name\": \"FloatDistribution\", \"attributes\": {\"step\": null, \"low\": 0.0001, \"high\": 0.03, \"log\": true}}"}
{"op_code":8,"worker_id":"f409e7b2-d153-4ca5-b56a-a9ba3baf4a68-23428","trial_id":8,"user_attr":{"train_argv":"--option 4 --reward-mode objective --objectives tardiness_sq --lambda-late 1.0 --lambda-energy 1.0 --power-model linear --difficulty on_rho095 --timesteps 300000 --save-tag tune_on_rho095_o4fmlubrze_a2c_t8 --n-envs 4 --vec-backend subproc --seed 0 --algo a2c --markov-obs --lookahead --fixed-scaling --critic-arrivals --lateness-shaping --normalize-reward --event-idle --repair-placement --learning-rate 0.000150503 --rollout-size 320 --gamma 0.999 --gae-lambda 0.9 --ent-coef 0.000170884"}}
{"op_code":7,"worker_id":"f409e7b2-d153-4ca5-b56a-a9ba3baf4a68-23428","trial_id":8,"step":75000,"intermediate_value":222809.6}
{"op_code":7,"worker_id":"f409e7b2-d153-4ca5-b56a-a9ba3baf4a68-23428","trial_id":8,"step":150000,"intermediate_value":306473.0}
{"op_code":7,"worker_id":"f409e7b2-d153-4ca5-b56a-a9ba3baf4a68-23428","trial_id":8,"step":225000,"intermediate_value":380696.0}
{"op_code":6,"worker_id":"f409e7b2-d153-4ca5-b56a-a9ba3baf4a68-23428","trial_id":8,"state":1,"values":[495797.15],"datetime_complete":"2026-10-09T06:18:49.148038"}
{"op_code":4,"worker_id":"f409e7b2-d153-4ca5-b56a-a9ba3baf4a68-23428","study_id":0,"datetime_start":"2026-10-09T06:18:49.367964"}
{"op_code":5,"worker_id":"f409e7b2-d153-4ca5-b56a-a9ba3baf4a68-23428","trial_id":9,"param_name":"learning-rate","param_value_internal":0.0007091576793635641,"distribution":"{\"name\": \"FloatDistribution\", \"attributes\": {\"step\": null, \"low\": 0.0001, \"high\": 0.003, \"log\": true}}"}
{"op_code":5,"worker_id":"f409e7b2-d153-4ca5-b56a-a9ba3baf4a68-23428","trial_id":9,"param_name":"rollout-size","param_value_internal":0,"distribution":"{\"name\": \"CategoricalDistribution\", \"attributes\": {\"choices\": [20, 80, 320]}}"}
{"op_code":5,"worker_id":"f409e7b2-d153-4ca5-b56a-a9ba3baf4a68-23428","trial_id":9,"param_name":"gamma","param_value_internal":1,"distribution":"{\"name\": \"CategoricalDistribution\", \"attributes\": {\"choices\": [0.99, 0.995, 0.999]}}"}
{"op_code":5,"worker_id":"f409e7b2-d153-4ca5-b56a-a9ba3baf4a68-23428","trial_id":9,"param_name":"gae-lambda","param_value_internal":1,"distribution":"{\"name\": \"CategoricalDistribution\", \"attributes\": {\"choices\": [0.9, 0.95, 1.0]}}"}
{"op_code":5,"worker_id":"f409e7b2-d153-4ca5-b56a-a9ba3baf4a68-23428","trial_id":9,"param_name":"ent-coef","param_value_internal":0.011307978270179144,"distribution":"{\"name\": \"FloatDistribution\", \"attributes\": {\"step\": null, \"low\": 0.0001, \"high\": 0.03, \"log\": true}}"}
{"op_code":8,"worker_id":"f409e7b2-d153-4ca5-b56a-a9ba3baf4a68-23428","trial_id":9,"user_attr":{"train_argv":"--option 4 --reward-mode objective --objectives tardiness_sq --lambda-late 1.0 --lambda-energy 1.0 --power-model linear --difficulty on_rho095 --timesteps 300000 --save-tag tune_on_rho095_o4fmlubrze_a2c_t9 --n-envs 4 --vec-backend subproc --seed 0 --algo a2c --markov-obs --lookahead --fixed-scaling --critic-arrivals --lateness-shaping --normalize-reward --event-idle --repair-placement --learning-rate 0.000709158 --rollout-size 20 --gamma 0.995 --gae-lambda 0.95 --ent-coef 0.011308"}}
{"op_code":7,"worker_id":"f409e7b2-d153-4ca5-b56a-a9ba3baf4a68-23428","trial_id":9,"step":75000,"intermediate_value":234975.2}
{"op_code":7,"worker_id":"f409e7b2-d153-4ca5-b56a-a9ba3baf4a68-23428","trial_id":9,"step":150000,"intermediate_value":233417.8}
{"op_code":7,"worker_id":"f409e7b2-d153-4ca5-b56a-a9ba3baf4a68-23428","trial_id":9,"step":225000,"intermediate_value":544130.0}
{"op_code":6,"worker_id":"f409e7b2-d153-4ca5-b56a-a9ba3baf4a68-23428","trial_id":9,"state":1,"values":[486390.75],"datetime_complete":"2026-10-09T06:45:08.720033"}
{"op_code":4,"worker_id":"f409e7b2-d153-4ca5-b56a-a9ba3baf4a68-23428","study_id":0,"datetime_start":"2026-10-09T06:45:08.886722"}
{"op_code":5,"worker_id":"f409e7b2-d153-4ca5-b56a-a9ba3baf4a68-23428","trial_id":10,"param_name":"learning-rate","param_value_internal":0.0024518098818580836,"distribution":"{\"name\": \"FloatDistribution\", \"attributes\": {\"step\": null, \"low\": 0.0001, \"high\": 0.003, \"log\": true}}"}
{"op_code":5,"worker_id":"f409e7b2-d153-4ca5-b56a-a9ba3baf4a68-23428","trial_id":10,"param_name":"rollout-size","param_value_internal":1,"distribution":"{\"name\": \"CategoricalDistribution\", \"attributes\": {\"choices\": [20, 80, 320]}}"}
{"op_code":5,"worker_id":"f409e7b2-d153-4ca5-b56a-a9ba3baf4a68-23428","trial_id":10,"param_name":"gamma","param_value_internal":0,"distribution":"{\"name\": \"CategoricalDistribution\", \"attributes\": {\"choices\": [0.99, 0.995, 0.999]}}"}
{"op_code":5,"worker_id":"f409e7b2-d153-4ca5-b56a-a9ba3baf4a68-23428","trial_id":10,"param_name":"gae-lambda","param_value_internal":2,"distribution":"{\"name\": \"CategoricalDistribution\", \"attributes\": {\"choices\": [0.9, 0.95, 1.0]}}"}
{"op_code":5,"worker_id":"f409e7b2-d153-4ca5-b56a-a9ba3baf4a68-23428","trial_id":10,"param_name":"ent-coef","param_value_internal":0.0025412649825898824,"distribution":"{\"name\": \"FloatDistribution\", \"attributes\": {\"step\": null, \"low\": 0.0001, \"high\": 0.03, \"log\": true}}"}
{"op_code":8,"worker_id":"f409e7b2-d153-4ca5-b56a-a9ba3baf4a68-23428","trial_id":10,"user_attr":{"train_argv":"--option 4 --reward-mode objective --objectives tardiness_sq --lambda-late 1.0 --lambda-energy 1.0 --power-model linear --difficulty on_rho095 --timesteps 300000 --save-tag tune_on_rho095_o4fmlubrze_a2c_t10 --n-envs 4 --vec-backend subproc --seed 0 --algo a2c --markov-obs --lookahead --fixed-scaling --critic-arrivals --lateness-shaping --normalize-reward --event-idle --repair-placement --learning-rate 0.00245181 --rollout-size 80 --gamma 0.99 --gae-lambda 1 --ent-coef 0.00254126"}}
{"op_code":7,"worker_id":"f409e7b2-d153-4ca5-b56a-a9ba3baf4a68-23428","trial_id":10,"step":75000,"intermediate_value":206226.6}
{"op_code":7,"worker_id":"f409e7b2-d153-4ca5-b56a-a9ba3baf4a68-23428","trial_id":10,"step":150000,"intermediate_value":381263.6}
{"op_code":7,"worker_id":"f409e7b2-d153-4ca5-b56a-a9ba3baf4a68-23428","trial_id":10,"step":225000,"intermediate_value":153410.6}
{"op_code":6,"worker_id":"f409e7b2-d153-4ca5-b56a-a9ba3baf4a68-23428","trial_id":10,"state":1,"values":[254514.35],"datetime_complete":"2026-10-09T07:09:41.490513"}
{"op_code":4,"worker_id":"f409e7b2-d153-4ca5-b56a-a9ba3baf4a68-23428","study_id":0,"datetime_start":"2026-10-09T07:09:41.663150"}
{"op_code":5,"worker_id":"f409e7b2-d153-4ca5-b56a-a9ba3baf4a68-23428","trial_id":11,"param_name":"learning-rate","param_value_internal":0.002881691210240857,"distribution":"{\"name\": \"FloatDistribution\", \"attributes\": {\"step\": null, \"low\": 0.0001, \"high\": 0.003, \"log\": true}}"}
{"op_code":5,"worker_id":"f409e7b2-d153-4ca5-b56a-a9ba3baf4a68-23428","trial_id":11,"param_name":"rollout-size","param_value_internal":1,"distribution":"{\"name\": \"CategoricalDistribution\", \"attributes\": {\"choices\": [20, 80, 320]}}"}
{"op_code":5,"worker_id":"f409e7b2-d153-4ca5-b56a-a9ba3baf4a68-23428","trial_id":11,"param_name":"gamma","param_value_internal":0,"distribution":"{\"name\": \"CategoricalDistribution\", \"attributes\": {\"choices\": [0.99, 0.995, 0.999]}}"}
{"op_code":5,"worker_id":"f409e7b2-d153-4ca5-b56a-a9ba3baf4a68-23428","trial_id":11,"param_name":"gae-lambda","param_value_internal":2,"distribution":"{\"name\": \"CategoricalDistribution\", \"attributes\": {\"choices\": [0.9, 0.95, 1.0]}}"}
{"op_code":5,"worker_id":"f409e7b2-d153-4ca5-b56a-a9ba3baf4a68-23428","trial_id":11,"param_name":"ent-coef","param_value_internal":0.0018489416009596787,"distribution":"{\"name\": \"FloatDistribution\", \"attributes\": {\"step\": null, \"low\": 0.0001, \"high\": 0.03, \"log\": true}}"}
{"op_code":8,"worker_id":"f409e7b2-d153-4ca5-b56a-a9ba3baf4a68-23428","trial_id":11,"user_attr":{"train_argv":"--option 4 --reward-mode objective --objectives tardiness_sq --lambda-late 1.0 --lambda-energy 1.0 --power-model linear --difficulty on_rho095 --timesteps 300000 --save-tag tune_on_rho095_o4fmlubrze_a2c_t11 --n-envs 4 --vec-backend subproc --seed 0 --algo a2c --markov-obs --lookahead --fixed-scaling --critic-arrivals --lateness-shaping --normalize-reward --event-idle --repair-placement --learning-rate 0.00288169 --rollout-size 80 --gamma 0.99 --gae-lambda 1 --ent-coef 0.00184894"}}
{"op_code":7,"worker_id":"f409e7b2-d153-4ca5-b56a-a9ba3baf4a68-23428","trial_id":11,"step":75000,"intermediate_value":243629.2}
{"op_code":6,"worker_id":"f409e7b2-d153-4ca5-b56a-a9ba3baf4a68-23428","trial_id":11,"state":2,"values":[243629.2],"datetime_complete":"2026-10-09T07:15:23.382761"}
{"op_code":0,"worker_id":"3991a143-c03b-4e3b-a1c9-edcc8d1da449-34904","study_name":"on_rho095_o4fmlubrze_a2c","directions":[1]}
{"op_code":0,"worker_id":"a7794c97-dedb-4280-a97c-4ea2fded0009-39076","study_name":"on_rho095_o4fmlubrze_a2c","directions":[1]}
