{"op_code":0,"worker_id":"4887a3fd-63f5-40aa-925d-6ae1d84b23de-25632","study_name":"on_rho095_o0pnm_a2c","directions":[1]}
{"op_code":4,"worker_id":"4887a3fd-63f5-40aa-925d-6ae1d84b23de-25632","study_id":0,"datetime_start":"2026-10-06T00:57:39.179585"}
{"op_code":5,"worker_id":"4887a3fd-63f5-40aa-925d-6ae1d84b23de-25632","trial_id":0,"param_name":"learning-rate","param_value_internal":0.0006466422717414558,"distribution":"{\"name\": \"FloatDistribution\", \"attributes\": {\"step\": null, \"low\": 0.0001, \"high\": 0.003, \"log\": true}}"}
{"op_code":5,"worker_id":"4887a3fd-63f5-40aa-925d-6ae1d84b23de-25632","trial_id":0,"param_name":"rollout-size","param_value_internal":0,"distribution":"{\"name\": \"CategoricalDistribution\", \"attributes\": {\"choices\": [20, 80, 320]}}"}
{"op_code":5,"worker_id":"4887a3fd-63f5-40aa-925d-6ae1d84b23de-25632","trial_id":0,"param_name":"gamma","param_value_internal":1,"distribution":"{\"name\": \"CategoricalDistribution\", \"attributes\": {\"choices\": [0.99, 0.995, 0.999]}}"}
{"op_code":5,"worker_id":"4887a3fd-63f5-40aa-925d-6ae1d84b23de-25632","trial_id":0,"param_name":"gae-lambda","param_value_internal":1,"distribution":"{\"name\": \"CategoricalDistribution\", \"attributes\": {\"choices\": [0.9, 0.95, 1.0]}}"}
{"op_code":5,"worker_id":"4887a3fd-63f5-40aa-925d-6ae1d84b23de-25632","trial_id":0,"param_name":"ent-coef","param_value_internal":0.009145320282946534,"distribution":"{\"name\": \"FloatDistribution\", \"attributes\": {\"step\": null, \"low\": 0.0001, \"high\": 0.03, \"log\": true}}"}
{"op_code":8,"worker_id":"4887a3fd-63f5-40aa-925d-6ae1d84b23de-25632","trial_id":0,"user_attr":{"train_argv":"--option 0 --reward-mode objective --objectives tardiness_sq --lambda-late 1.0 --lambda-energy 1.0 --power-model linear --difficulty on_rho095 --timesteps 100000 --save-tag tune_on_rho095_o0pnm_a2c_t0 --n-envs 4 --vec-backend subproc --seed 0 --algo a2c --markov-obs --work-conserving --policy-arch pointer --learning-rate 0.000646642 --rollout-size 20 --gamma 0.995 --gae-lambda 0.95 --ent-coef 0.00914532"}}
{"op_code":7,"worker_id":"4887a3fd-63f5-40aa-925d-6ae1d84b23de-25632","trial_id":0,"step":25000,"intermediate_value":272577.8}
{"op_code":7,"worker_id":"4887a3fd-63f5-40aa-925d-6ae1d84b23de-25632","trial_id":0,"step":50000,"intermediate_value":298481.8}
{"op_code":7,"worker_id":"4887a3fd-63f5-40aa-925d-6ae1d84b23de-25632","trial_id":0,"step":75000,"intermediate_value":79229.4}
{"op_code":6,"worker_id":"4887a3fd-63f5-40aa-925d-6ae1d84b23de-25632","trial_id":0,"state":1,"values":[172457.65],"datetime_complete":"2026-10-06T01:10:18.540104"}
{"op_code":4,"worker_id":"4887a3fd-63f5-40aa-925d-6ae1d84b23de-25632","study_id":0,"datetime_start":"2026-10-06T01:10:18.758992"}
{"op_code":5,"worker_id":"4887a3fd-63f5-40aa-925d-6ae1d84b23de-25632","trial_id":1,"param_name":"learning-rate","param_value_internal":0.0006042851578845063,"distribution":"{\"name\": \"FloatDistribution\", \"attributes\": {\"step\": null, \"low\": 0.0001, \"high\": 0.003, \"log\": true}}"}
{"op_code":5,"worker_id":"4887a3fd-63f5-40aa-925d-6ae1d84b23de-25632","trial_id":1,"param_name":"rollout-size","param_value_internal":1,"distribution":"{\"name\": \"CategoricalDistribution\", \"attributes\": {\"choices\": [20, 80, 320]}}"}
{"op_code":5,"worker_id":"4887a3fd-63f5-40aa-925d-6ae1d84b23de-25632","trial_id":1,"param_name":"gamma","param_value_internal":2,"distribution":"{\"name\": \"CategoricalDistribution\", \"attributes\": {\"choices\": [0.99, 0.995, 0.999]}}"}
{"op_code":5,"worker_id":"4887a3fd-63f5-40aa-925d-6ae1d84b23de-25632","trial_id":1,"param_name":"gae-lambda","param_value_internal":2,"distribution":"{\"name\": \"CategoricalDistribution\", \"attributes\": {\"choices\": [0.9, 0.95, 1.0]}}"}
{"op_code":5,"worker_id":"4887a3fd-63f5-40aa-925d-6ae1d84b23de-25632","trial_id":1,"param_name":"ent-coef","param_value_internal":0.009541412354586892,"distribution":"{\"name\": \"FloatDistribution\", \"attributes\": {\"step\": null, \"low\": 0.0001, \"high\": 0.03, \"log\": true}}"}
{"op_code":8,"worker_id":"4887a3fd-63f5-40aa-925d-6ae1d84b23de-25632","trial_id":1,"user_attr":{"train_argv":"--option 0 --reward-mode objective --objectives tardiness_sq --lambda-late 1.0 --lambda-energy 1.0 --power-model linear --difficulty on_rho095 --timesteps 100000 --save-tag tune_on_rho095_o0pnm_a2c_t1 --n-envs 4 --vec-backend subproc --seed 0 --algo a2c --markov-obs --work-conserving --policy-arch pointer --learning-rate 0.000604285 --rollout-size 80 --gamma 0.999 --gae-lambda 1 --ent-coef 0.00954141"}}
{"op_code":7,"worker_id":"4887a3fd-63f5-40aa-925d-6ae1d84b23de-25632","trial_id":1,"step":25000,"intermediate_value":218241.4}
{"op_code":7,"worker_id":"4887a3fd-63f5-40aa-925d-6ae1d84b23de-25632","trial_id":1,"step":50000,"intermediate_value":276919.2}
{"op_code":7,"worker_id":"4887a3fd-63f5-40aa-925d-6ae1d84b23de-25632","trial_id":1,"step":75000,"intermediate_value":131278.0}
{"op_code":6,"worker_id":"4887a3fd-63f5-40aa-925d-6ae1d84b23de-25632","trial_id":1,"state":1,"values":[207171.6],"datetime_complete":"2026-10-06T01:22:17.574342"}
{"op_code":4,"worker_id":"4887a3fd-63f5-40aa-925d-6ae1d84b23de-25632","study_id":0,"datetime_start":"2026-10-06T01:22:17.789866"}
{"op_code":5,"worker_id":"4887a3fd-63f5-40aa-925d-6ae1d84b23de-25632","trial_id":2,"param_name":"learning-rate","param_value_internal":0.0004804641349751479,"distribution":"{\"name\": \"FloatDistribution\", \"attributes\": {\"step\": null, \"low\": 0.0001, \"high\": 0.003, \"log\": true}}"}
{"op_code":5,"worker_id":"4887a3fd-63f5-40aa-925d-6ae1d84b23de-25632","trial_id":2,"param_name":"rollout-size","param_value_internal":0,"distribution":"{\"name\": \"CategoricalDistribution\", \"attributes\": {\"choices\": [20, 80, 320]}}"}
{"op_code":5,"worker_id":"4887a3fd-63f5-40aa-925d-6ae1d84b23de-25632","trial_id":2,"param_name":"gamma","param_value_internal":1,"distribution":"{\"name\": \"CategoricalDistribution\", \"attributes\": {\"choices\": [0.99, 0.995, 0.999]}}"}
{"op_code":5,"worker_id":"4887a3fd-63f5-40aa-925d-6ae1d84b23de-25632","trial_id":2,"param_name":"gae-lambda","param_value_internal":2,"distribution":"{\"name\": \"CategoricalDistribution\", \"attributes\": {\"choices\": [0.9, 0.95, 1.0]}}"}
{"op_code":5,"worker_id":"4887a3fd-63f5-40aa-925d-6ae1d84b23de-25632","trial_id":2,"param_name":"ent-coef","param_value_internal":0.001348775545730254,"distribution":"{\"name\": \"FloatDistribution\", \"attributes\": {\"step\": null, \"low\": 0.0001, \"high\": 0.03, \"log\": true}}"}
{"op_code":8,"worker_id":"4887a3fd-63f5-40aa-925d-6ae1d84b23de-25632","trial_id":2,"user_attr":{"train_argv":"--option 0 --reward-mode objective --objectives tardiness_sq --lambda-late 1.0 --lambda-energy 1.0 --power-model linear --difficulty on_rho095 --timesteps 100000 --save-tag tune_on_rho095_o0pnm_a2c_t2 --n-envs 4 --vec-backend subproc --seed 0 --algo a2c --markov-obs --work-conserving --policy-arch pointer --learning-rate 0.000480464 --rollout-size 20 --gamma 0.995 --gae-lambda 1 --ent-coef 0.00134878"}}
{"op_code":7,"worker_id":"4887a3fd-63f5-40aa-925d-6ae1d84b23de-25632","trial_id":2,"step":25000,"intermediate_value":69836.4}
{"op_code":7,"worker_id":"4887a3fd-63f5-40aa-925d-6ae1d84b23de-25632","trial_id":2,"step":50000,"intermediate_value":439139.0}
{"op_code":7,"worker_id":"4887a3fd-63f5-40aa-925d-6ae1d84b23de-25632","trial_id":2,"step":75000,"intermediate_value":97367.4}
{"op_code":6,"worker_id":"4887a3fd-63f5-40aa-925d-6ae1d84b23de-25632","trial_id":2,"state":1,"values":[63617.5],"datetime_complete":"2026-10-06T01:34:49.351391"}
{"op_code":4,"worker_id":"4887a3fd-63f5-40aa-925d-6ae1d84b23de-25632","study_id":0,"datetime_start":"2026-10-06T01:34:49.555547"}
{"op_code":5,"worker_id":"4887a3fd-63f5-40aa-925d-6ae1d84b23de-25632","trial_id":3,"param_name":"learning-rate","param_value_internal":0.0006912670683424538,"distribution":"{\"name\": \"FloatDistribution\", \"attributes\": {\"step\": null, \"low\": 0.0001, \"high\": 0.003, \"log\": true}}"}
{"op_code":5,"worker_id":"4887a3fd-63f5-40aa-925d-6ae1d84b23de-25632","trial_id":3,"param_name":"rollout-size","param_value_internal":1,"distribution":"{\"name\": \"CategoricalDistribution\", \"attributes\": {\"choices\": [20, 80, 320]}}"}
{"op_code":5,"worker_id":"4887a3fd-63f5-40aa-925d-6ae1d84b23de-25632","trial_id":3,"param_name":"gamma","param_value_internal":1,"distribution":"{\"name\": \"CategoricalDistribution\", \"attributes\": {\"choices\": [0.99, 0.995, 0.999]}}"}
{"op_code":5,"worker_id":"4887a3fd-63f5-40aa-925d-6ae1d84b23de-25632","trial_id":3,"param_name":"gae-lambda","param_value_internal":2,"distribution":"{\"name\": \"CategoricalDistribution\", \"attributes\": {\"choices\": [0.9, 0.95, 1.0]}}"}
{"op_code":5,"worker_id":"4887a3fd-63f5-40aa-925d-6ae1d84b23de-25632","trial_id":3,"param_name":"ent-coef","param_value_internal":0.00014098918363046996,"distribution":"{\"name\": \"FloatDistribution\", \"attributes\": {\"step\": null, \"low\": 0.0001, \"high\": 0.03, \"log\": true}}"}
{"op_code":8,"worker_id":"4887a3fd-63f5-40aa-925d-6ae1d84b23de-25632","trial_id":3,"user_attr":{"train_argv":"--option 0 --reward-mode objective --objectives tardiness_sq --lambda-late 1.0 --lambda-energy 1.0 --power-model linear --difficulty on_rho095 --timesteps 100000 --save-tag tune_on_rho095_o0pnm_a2c_t3 --n-envs 4 --vec-backend subproc --seed 0 --algo a2c --markov-obs --work-conserving --policy-arch pointer --learning-rate 0.000691267 --rollout-size 80 --gamma 0.995 --gae-lambda 1 --ent-coef 0.000140989"}}
{"op_code":7,"worker_id":"4887a3fd-63f5-40aa-925d-6ae1d84b23de-25632","trial_id":3,"step":25000,"intermediate_value":171572.8}
{"op_code":7,"worker_id":"4887a3fd-63f5-40aa-925d-6ae1d84b23de-25632","trial_id":3,"step":50000,"intermediate_value":345668.6}
{"op_code":7,"worker_id":"4887a3fd-63f5-40aa-925d-6ae1d84b23de-25632","trial_id":3,"step":75000,"intermediate_value":473271.4}
{"op_code":6,"worker_id":"4887a3fd-63f5-40aa-925d-6ae1d84b23de-25632","trial_id":3,"state":1,"values":[468463.45],"datetime_complete":"2026-10-06T01:46:54.920961"}
{"op_code":4,"worker_id":"4887a3fd-63f5-40aa-925d-6ae1d84b23de-25632","study_id":0,"datetime_start":"2026-10-06T01:46:55.116219"}
{"op_code":5,"worker_id":"4887a3fd-63f5-40aa-925d-6ae1d84b23de-25632","trial_id":4,"param_name":"learning-rate","param_value_internal":0.0009658179826892162,"distribution":"{\"name\": \"FloatDistribution\", \"attributes\": {\"step\": null, \"low\": 0.0001, \"high\": 0.003, \"log\": true}}"}
{"op_code":5,"worker_id":"4887a3fd-63f5-40aa-925d-6ae1d84b23de-25632","trial_id":4,"param_name":"rollout-size","param_value_internal":0,"distribution":"{\"name\": \"CategoricalDistribution\", \"attributes\": {\"choices\": [20, 80, 320]}}"}
{"op_code":5,"worker_id":"4887a3fd-63f5-40aa-925d-6ae1d84b23de-25632","trial_id":4,"param_name":"gamma","param_value_internal":2,"distribution":"{\"name\": \"CategoricalDistribution\", \"attributes\": {\"choices\": [0.99, 0.995, 0.999]}}"}
{"op_code":5,"worker_id":"4887a3fd-63f5-40aa-925d-6ae1d84b23de-25632","trial_id":4,"param_name":"gae-lambda","param_value_internal":1,"distribution":"{\"name\": \"CategoricalDistribution\", \"attributes\": {\"choices\": [0.9, 0.95, 1.0]}}"}
{"op_code":5,"worker_id":"4887a3fd-63f5-40aa-925d-6ae1d84b23de-25632","trial_id":4,"param_name":"ent-coef","param_value_internal":0.00032916454639831516,"distribution":"{\"name\": \"FloatDistribution\", \"attributes\": {\"step\": null, \"low\": 0.0001, \"high\": 0.03, \"log\": true}}"}
{"op_code":8,"worker_id":"4887a3fd-63f5-40aa-925d-6ae1d84b23de-25632","trial_id":4,"user_attr":{"train_argv":"--option 0 --reward-mode objective --objectives tardiness_sq --lambda-late 1.0 --lambda-energy 1.0 --power-model linear --difficulty on_rho095 --timesteps 100000 --save-tag tune_on_rho095_o0pnm_a2c_t4 --n-envs 4 --vec-backend subproc --seed 0 --algo a2c --markov-obs --work-conserving --policy-arch pointer --learning-rate 0.000965818 --rollout-size 20 --gamma 0.999 --gae-lambda 0.95 --ent-coef 0.000329165"}}
{"op_code":7,"worker_id":"4887a3fd-63f5-40aa-925d-6ae1d84b23de-25632","trial_id":4,"step":25000,"intermediate_value":45660.0}
{"op_code":7,"worker_id":"4887a3fd-63f5-40aa-925d-6ae1d84b23de-25632","trial_id":4,"step":50000,"intermediate_value":380957.4}
{"op_code":7,"worker_id":"4887a3fd-63f5-40aa-925d-6ae1d84b23de-25632","trial_id":4,"step":75000,"intermediate_value":37419.2}
{"op_code":6,"worker_id":"4887a3fd-63f5-40aa-925d-6ae1d84b23de-25632","trial_id":4,"state":1,"values":[66059.85],"datetime_complete":"2026-10-06T01:59:44.780922"}
{"op_code":4,"worker_id":"4887a3fd-63f5-40aa-925d-6ae1d84b23de-25632","study_id":0,"datetime_start":"2026-10-06T01:59:45.007063"}
{"op_code":5,"worker_id":"4887a3fd-63f5-40aa-925d-6ae1d84b23de-25632","trial_id":5,"param_name":"learning-rate","param_value_internal":0.00017309069329908935,"distribution":"{\"name\": \"FloatDistribution\", \"attributes\": {\"step\": null, \"low\": 0.0001, \"high\": 0.003, \"log\": true}}"}
{"op_code":5,"worker_id":"4887a3fd-63f5-40aa-925d-6ae1d84b23de-25632","trial_id":5,"param_name":"rollout-size","param_value_internal":0,"distribution":"{\"name\": \"CategoricalDistribution\", \"attributes\": {\"choices\": [20, 80, 320]}}"}
{"op_code":5,"worker_id":"4887a3fd-63f5-40aa-925d-6ae1d84b23de-25632","trial_id":5,"param_name":"gamma","param_value_internal":0,"distribution":"{\"name\": \"CategoricalDistribution\", \"attributes\": {\"choices\": [0.99, 0.995, 0.999]}}"}
{"op_code":5,"worker_id":"4887a3fd-63f5-40aa-925d-6ae1d84b23de-25632","trial_id":5,"param_name":"gae-lambda","param_value_internal":0,"distribution":"{\"name\": \"CategoricalDistribution\", \"attributes\": {\"choices\": [0.9, 0.95, 1.0]}}"}
{"op_code":5,"worker_id":"4887a3fd-63f5-40aa-925d-6ae1d84b23de-25632","trial_id":5,"param_name":"ent-coef","param_value_internal":0.0008191755047162099,"distribution":"{\"name\": \"FloatDistribution\", \"attributes\": {\"step\": null, \"low\": 0.0001, \"high\": 0.03, \"log\": true}}"}
{"op_code":8,"worker_id":"4887a3fd-63f5-40aa-925d-6ae1d84b23de-25632","trial_id":5,"user_attr":{"train_argv":"--option 0 --reward-mode objective --objectives tardiness_sq --lambda-late 1.0 --lambda-energy 1.0 --power-model linear --difficulty on_rho095 --timesteps 100000 --save-tag tune_on_rho095_o0pnm_a2c_t5 --n-envs 4 --vec-backend subproc --seed 0 --algo a2c --markov-obs --work-conserving --policy-arch pointer --learning-rate 0.000173091 --rollout-size 20 --gamma 0.99 --gae-lambda 0.9 --ent-coef 0.000819176"}}
{"op_code":7,"worker_id":"4887a3fd-63f5-40aa-925d-6ae1d84b23de-25632","trial_id":5,"step":25000,"intermediate_value":153551.2}
{"op_code":7,"worker_id":"4887a3fd-63f5-40aa-925d-6ae1d84b23de-25632","trial_id":5,"step":50000,"intermediate_value":350345.4}
{"op_code":7,"worker_id":"4887a3fd-63f5-40aa-925d-6ae1d84b23de-25632","trial_id":5,"step":75000,"intermediate_value":353935.0}
{"op_code":6,"worker_id":"4887a3fd-63f5-40aa-925d-6ae1d84b23de-25632","trial_id":5,"state":2,"values":[353935.0],"datetime_complete":"2026-10-06T02:08:41.642098"}
{"op_code":4,"worker_id":"4887a3fd-63f5-40aa-925d-6ae1d84b23de-25632","study_id":0,"datetime_start":"2026-10-06T02:08:41.857729"}
{"op_code":5,"worker_id":"4887a3fd-63f5-40aa-925d-6ae1d84b23de-25632","trial_id":6,"param_name":"learning-rate","param_value_internal":0.0016319488770709706,"distribution":"{\"name\": \"FloatDistribution\", \"attributes\": {\"step\": null, \"low\": 0.0001, \"high\": 0.003, \"log\": true}}"}
{"op_code":5,"worker_id":"4887a3fd-63f5-40aa-925d-6ae1d84b23de-25632","trial_id":6,"param_name":"rollout-size","param_value_internal":1,"distribution":"{\"name\": \"CategoricalDistribution\", \"attributes\": {\"choices\": [20, 80, 320]}}"}
{"op_code":5,"worker_id":"4887a3fd-63f5-40aa-925d-6ae1d84b23de-25632","trial_id":6,"param_name":"gamma","param_value_internal":2,"distribution":"{\"name\": \"CategoricalDistribution\", \"attributes\": {\"choices\": [0.99, 0.995, 0.999]}}"}
{"op_code":5,"worker_id":"4887a3fd-63f5-40aa-925d-6ae1d84b23de-25632","trial_id":6,"param_name":"gae-lambda","param_value_internal":1,"distribution":"{\"name\": \"CategoricalDistribution\", \"attributes\": {\"choices\": [0.9, 0.95, 1.0]}}"}
{"op_code":5,"worker_id":"4887a3fd-63f5-40aa-925d-6ae1d84b23de-25632","trial_id":6,"param_name":"ent-coef","param_value_internal":0.000501819043124292,"distribution":"{\"name\": \"FloatDistribution\", \"attributes\": {\"step\": null, \"low\": 0.0001, \"high\": 0.03, \"log\": true}}"}
{"op_code":8,"worker_id":"4887a3fd-63f5-40aa-925d-6ae1d84b23de-25632","trial_id":6,"user_attr":{"train_argv":"--option 0 --reward-mode objective --objectives tardiness_sq --lambda-late 1.0 --lambda-energy 1.0 --power-model linear --difficulty on_rho095 --timesteps 100000 --save-tag tune_on_rho095_o0pnm_a2c_t6 --n-envs 4 --vec-backend subproc --seed 0 --algo a2c --markov-obs --work-conserving --policy-arch pointer --learning-rate 0.00163195 --rollout-size 80 --gamma 0.999 --gae-lambda 0.95 --ent-coef 0.000501819"}}
{"op_code":7,"worker_id":"4887a3fd-63f5-40aa-925d-6ae1d84b23de-25632","trial_id":6,"step":25000,"intermediate_value":32931.0}
{"op_code":7,"worker_id":"4887a3fd-63f5-40aa-925d-6ae1d84b23de-25632","trial_id":6,"step":50000,"intermediate_value":42170.6}
{"op_code":7,"worker_id":"4887a3fd-63f5-40aa-925d-6ae1d84b23de-25632","trial_id":6,"step":75000,"intermediate_value":45040.6}
{"op_code":6,"worker_id":"4887a3fd-63f5-40aa-925d-6ae1d84b23de-25632","trial_id":6,"state":1,"values":[59513.95],"datetime_complete":"2026-10-06T02:20:32.277797"}
{"op_code":4,"worker_id":"4887a3fd-63f5-40aa-925d-6ae1d84b23de-25632","study_id":0,"datetime_start":"2026-10-06T02:20:32.458111"}
{"op_code":5,"worker_id":"4887a3fd-63f5-40aa-925d-6ae1d84b23de-25632","trial_id":7,"param_name":"learning-rate","param_value_internal":0.00015050290935598963,"distribution":"{\"name\": \"FloatDistribution\", \"attributes\": {\"step\": null, \"low\": 0.0001, \"high\": 0.003, \"log\": true}}"}
{"op_code":5,"worker_id":"4887a3fd-63f5-40aa-925d-6ae1d84b23de-25632","trial_id":7,"param_name":"rollout-size","param_value_internal":2,"distribution":"{\"name\": \"CategoricalDistribution\", \"attributes\": {\"choices\": [20, 80, 320]}}"}
{"op_code":5,"worker_id":"4887a3fd-63f5-40aa-925d-6ae1d84b23de-25632","trial_id":7,"param_name":"gamma","param_value_internal":2,"distribution":"{\"name\": \"CategoricalDistribution\", \"attributes\": {\"choices\": [0.99, 0.995, 0.999]}}"}
{"op_code":5,"worker_id":"4887a3fd-63f5-40aa-925d-6ae1d84b23de-25632","trial_id":7,"param_name":"gae-lambda","param_value_internal":0,"distribution":"{\"name\": \"CategoricalDistribution\", \"attributes\": {\"choices\": [0.9, 0.95, 1.0]}}"}
{"op_code":5,"worker_id":"4887a3fd-63f5-40aa-925d-6ae1d84b23de-25632","trial_id":7,"param_name":"ent-coef","param_value_internal":0.00017088424969157387,"distribution":"{\"name\": \"FloatDistribution\", \"attributes\": {\"step\": null, \"low\": 0.0001, \"high\": 0.03, \"log\": true}}"}
{"op_code":8,"worker_id":"4887a3fd-63f5-40aa-925d-6ae1d84b23de-25632","trial_id":7,"user_attr":{"train_argv":"--option 0 --reward-mode objective --objectives tardiness_sq --lambda-late 1.0 --lambda-energy 1.0 --power-model linear --difficulty on_rho095 --timesteps 100000 --save-tag tune_on_rho095_o0pnm_a2c_t7 --n-envs 4 --vec-backend subproc --seed 0 --algo a2c --markov-obs --work-conserving --policy-arch pointer --learning-rate 0.000150503 --rollout-size 320 --gamma 0.999 --gae-lambda 0.9 --ent-coef 0.000170884"}}
{"op_code":7,"worker_id":"4887a3fd-63f5-40aa-925d-6ae1d84b23de-25632","trial_id":7,"step":25000,"intermediate_value":352926.6}
{"op_code":6,"worker_id":"4887a3fd-63f5-40aa-925d-6ae1d84b23de-25632","trial_id":7,"state":2,"values":[352926.6],"datetime_complete":"2026-10-06T02:23:15.092346"}
{"op_code":4,"worker_id":"4887a3fd-63f5-40aa-925d-6ae1d84b23de-25632","study_id":0,"datetime_start":"2026-10-06T02:23:15.241428"}
{"op_code":5,"worker_id":"4887a3fd-63f5-40aa-925d-6ae1d84b23de-25632","trial_id":8,"param_name":"learning-rate","param_value_internal":0.0007091576793635641,"distribution":"{\"name\": \"FloatDistribution\", \"attributes\": {\"step\": null, \"low\": 0.0001, \"high\": 0.003, \"log\": true}}"}
{"op_code":5,"worker_id":"4887a3fd-63f5-40aa-925d-6ae1d84b23de-25632","trial_id":8,"param_name":"rollout-size","param_value_internal":0,"distribution":"{\"name\": \"CategoricalDistribution\", \"attributes\": {\"choices\": [20, 80, 320]}}"}
{"op_code":5,"worker_id":"4887a3fd-63f5-40aa-925d-6ae1d84b23de-25632","trial_id":8,"param_name":"gamma","param_value_internal":1,"distribution":"{\"name\": \"CategoricalDistribution\", \"attributes\": {\"choices\": [0.99, 0.995, 0.999]}}"}
{"op_code":5,"worker_id":"4887a3fd-63f5-40aa-925d-6ae1d84b23de-25632","trial_id":8,"param_name":"gae-lambda","param_value_internal":1,"distribution":"{\"name\": \"CategoricalDistribution\", \"attributes\": {\"choices\": [0.9, 0.95, 1.0]}}"}
{"op_code":5,"worker_id":"4887a3fd-63f5-40aa-925d-6ae1d84b23de-25632","trial_id":8,"param_name":"ent-coef","param_value_internal":0.011307978270179144,"distribution":"{\"name\": \"FloatDistribution\", \"attributes\": {\"step\": null, \"low\": 0.0001, \"high\": 0.03, \"log\": true}}"}
{"op_code":8,"worker_id":"4887a3fd-63f5-40aa-925d-6ae1d84b23de-25632","trial_id":8,"user_attr":{"train_argv":"--option 0 --reward-mode objective --objectives tardiness_sq --lambda-late 1.0 --lambda-energy 1.0 --power-model linear --difficulty on_rho095 --timesteps 100000 --save-tag tune_on_rho095_o0pnm_a2c_t8 --n-envs 4 --vec-backend subproc --seed 0 --algo a2c --markov-obs --work-conserving --policy-arch pointer --learning-rate 0.000709158 --rollout-size 20 --gamma 0.995 --gae-lambda 0.95 --ent-coef 0.011308"}}
{"op_code":7,"worker_id":"4887a3fd-63f5-40aa-925d-6ae1d84b23de-25632","trial_id":8,"step":25000,"intermediate_value":466537.8}
{"op_code":6,"worker_id":"4887a3fd-63f5-40aa-925d-6ae1d84b23de-25632","trial_id":8,"state":2,"values":[466537.8],"datetime_complete":"2026-10-06T02:26:06.061088"}
{"op_code":4,"worker_id":"4887a3fd-63f5-40aa-925d-6ae1d84b23de-25632","study_id":0,"datetime_start":"2026-10-06T02:26:06.284872"}
{"op_code":5,"worker_id":"4887a3fd-63f5-40aa-925d-6ae1d84b23de-25632","trial_id":9,"param_name":"learning-rate","param_value_internal":0.00010160984472195724,"distribution":"{\"name\": \"FloatDistribution\", \"attributes\": {\"step\": null, \"low\": 0.0001, \"high\": 0.003, \"log\": true}}"}
{"op_code":5,"worker_id":"4887a3fd-63f5-40aa-925d-6ae1d84b23de-25632","trial_id":9,"param_name":"rollout-size","param_value_internal":2,"distribution":"{\"name\": \"CategoricalDistribution\", \"attributes\": {\"choices\": [20, 80, 320]}}"}
{"op_code":5,"worker_id":"4887a3fd-63f5-40aa-925d-6ae1d84b23de-25632","trial_id":9,"param_name":"gamma","param_value_internal":0,"distribution":"{\"name\": \"CategoricalDistribution\", \"attributes\": {\"choices\": [0.99, 0.995, 0.999]}}"}
{"op_code":5,"worker_id":"4887a3fd-63f5-40aa-925d-6ae1d84b23de-25632","trial_id":9,"param_name":"gae-lambda","param_value_internal":0,"distribution":"{\"name\": \"CategoricalDistribution\", \"attributes\": {\"choices\": [0.9, 0.95, 1.0]}}"}
{"op_code":5,"worker_id":"4887a3fd-63f5-40aa-925d-6ae1d84b23de-25632","trial_id":9,"param_name":"ent-coef","param_value_internal":0.02291262392205817,"distribution":"{\"name\": \"FloatDistribution\", \"attributes\": {\"step\": null, \"low\": 0.0001, \"high\": 0.03, \"log\": true}}"}
{"op_code":8,"worker_id":"4887a3fd-63f5-40aa-925d-6ae1d84b23de-25632","trial_id":9,"user_attr":{"train_argv":"--option 0 --reward-mode objective --objectives tardiness_sq --lambda-late 1.0 --lambda-energy 1.0 --power-model linear --difficulty on_rho095 --timesteps 100000 --save-tag tune_on_rho095_o0pnm_a2c_t9 --n-envs 4 --vec-backend subproc --seed 0 --algo a2c --markov-obs --work-conserving --policy-arch pointer --learning-rate 0.00010161 --rollout-size 320 --gamma 0.99 --gae-lambda 0.9 --ent-coef 0.0229126"}}
{"op_code":7,"worker_id":"4887a3fd-63f5-40aa-925d-6ae1d84b23de-25632","trial_id":9,"step":25000,"intermediate_value":339283.0}
{"op_code":6,"worker_id":"4887a3fd-63f5-40aa-925d-6ae1d84b23de-25632","trial_id":9,"state":2,"values":[339283.0],"datetime_complete":"2026-10-06T02:28:50.690587"}
{"op_code":4,"worker_id":"4887a3fd-63f5-40aa-925d-6ae1d84b23de-25632","study_id":0,"datetime_start":"2026-10-06T02:28:50.883304"}
{"op_code":5,"worker_id":"4887a3fd-63f5-40aa-925d-6ae1d84b23de-25632","trial_id":10,"param_name":"learning-rate","param_value_internal":0.0025274950534431243,"distribution":"{\"name\": \"FloatDistribution\", \"attributes\": {\"step\": null, \"low\": 0.0001, \"high\": 0.003, \"log\": true}}"}
{"op_code":5,"worker_id":"4887a3fd-63f5-40aa-925d-6ae1d84b23de-25632","trial_id":10,"param_name":"rollout-size","param_value_internal":1,"distribution":"{\"name\": \"CategoricalDistribution\", \"attributes\": {\"choices\": [20, 80, 320]}}"}
{"op_code":5,"worker_id":"4887a3fd-63f5-40aa-925d-6ae1d84b23de-25632","trial_id":10,"param_name":"gamma","param_value_internal":2,"distribution":"{\"name\": \"CategoricalDistribution\", \"attributes\": {\"choices\": [0.99, 0.995, 0.999]}}"}
{"op_code":5,"worker_id":"4887a3fd-63f5-40aa-925d-6ae1d84b23de-25632","trial_id":10,"param_name":"gae-lambda","param_value_internal":1,"distribution":"{\"name\": \"CategoricalDistribution\", \"attributes\": {\"choices\": [0.9, 0.95, 1.0]}}"}
{"op_code":5,"worker_id":"4887a3fd-63f5-40aa-925d-6ae1d84b23de-25632","trial_id":10,"param_name":"ent-coef","param_value_internal":0.0026468001040324076,"distribution":"{\"name\": \"FloatDistribution\", \"attributes\": {\"step\": null, \"low\": 0.0001, \"high\": 0.03, \"log\": true}}"}
{"op_code":8,"worker_id":"4887a3fd-63f5-40aa-925d-6ae1d84b23de-25632","trial_id":10,"user_attr":{"train_argv":"--option 0 --reward-mode objective --objectives tardiness_sq --lambda-late 1.0 --lambda-energy 1.0 --power-model linear --difficulty on_rho095 --timesteps 100000 --save-tag tune_on_rho095_o0pnm_a2c_t10 --n-envs 4 --vec-backend subproc --seed 0 --algo a2c --markov-obs --work-conserving --policy-arch pointer --learning-rate 0.0025275 --rollout-size 80 --gamma 0.999 --gae-lambda 0.95 --ent-coef 0.0026468"}}
{"op_code":7,"worker_id":"4887a3fd-63f5-40aa-925d-6ae1d84b23de-25632","trial_id":10,"step":25000,"intermediate_value":45660.0}
{"op_code":7,"worker_id":"4887a3fd-63f5-40aa-925d-6ae1d84b23de-25632","trial_id":10,"step":50000,"intermediate_value":45660.0}
{"op_code":7,"worker_id":"4887a3fd-63f5-40aa-925d-6ae1d84b23de-25632","trial_id":10,"step":75000,"intermediate_value":47845.4}
{"op_code":6,"worker_id":"4887a3fd-63f5-40aa-925d-6ae1d84b23de-25632","trial_id":10,"state":1,"values":[55437.15],"datetime_complete":"2026-10-06T02:41:23.206368"}
{"op_code":4,"worker_id":"4887a3fd-63f5-40aa-925d-6ae1d84b23de-25632","study_id":0,"datetime_start":"2026-10-06T02:41:23.399559"}
{"op_code":5,"worker_id":"4887a3fd-63f5-40aa-925d-6ae1d84b23de-25632","trial_id":11,"param_name":"learning-rate","param_value_internal":0.0029163145211297575,"distribution":"{\"name\": \"FloatDistribution\", \"attributes\": {\"step\": null, \"low\": 0.0001, \"high\": 0.003, \"log\": true}}"}
{"op_code":5,"worker_id":"4887a3fd-63f5-40aa-925d-6ae1d84b23de-25632","trial_id":11,"param_name":"rollout-size","param_value_internal":1,"distribution":"{\"name\": \"CategoricalDistribution\", \"attributes\": {\"choices\": [20, 80, 320]}}"}
{"op_code":5,"worker_id":"4887a3fd-63f5-40aa-925d-6ae1d84b23de-25632","trial_id":11,"param_name":"gamma","param_value_internal":2,"distribution":"{\"name\": \"CategoricalDistribution\", \"attributes\": {\"choices\": [0.99, 0.995, 0.999]}}"}
{"op_code":5,"worker_id":"4887a3fd-63f5-40aa-925d-6ae1d84b23de-25632","trial_id":11,"param_name":"gae-lambda","param_value_internal":1,"distribution":"{\"name\": \"CategoricalDistribution\", \"attributes\": {\"choices\": [0.9, 0.95, 1.0]}}"}
{"op_code":5,"worker_id":"4887a3fd-63f5-40aa-925d-6ae1d84b23de-25632","trial_id":11,"param_name":"ent-coef","param_value_internal":0.0017548579357497497,"distribution":"{\"name\": \"FloatDistribution\", \"attributes\": {\"step\": null, \"low\": 0.0001, \"high\": 0.03, \"log\": true}}"}
{"op_code":8,"worker_id":"4887a3fd-63f5-40aa-925d-6ae1d84b23de-25632","trial_id":11,"user_attr":{"train_argv":"--option 0 --reward-mode objective --objectives tardiness_sq --lambda-late 1.0 --lambda-energy 1.0 --power-model linear --difficulty on_rho095 --timesteps 100000 --save-tag tune_on_rho095_o0pnm_a2c_t11 --n-envs 4 --vec-backend subproc --seed 0 --algo a2c --markov-obs --work-conserving --policy-arch pointer --learning-rate 0.00291631 --rollout-size 80 --gamma 0.999 --gae-lambda 0.95 --ent-coef 0.00175486"}}
{"op_code":7,"worker_id":"4887a3fd-63f5-40aa-925d-6ae1d84b23de-25632","trial_id":11,"step":25000,"intermediate_value":46635.2}
{"op_code":7,"worker_id":"4887a3fd-63f5-40aa-925d-6ae1d84b23de-25632","trial_id":11,"step":50000,"intermediate_value":45660.0}
{"op_code":7,"worker_id":"4887a3fd-63f5-40aa-925d-6ae1d84b23de-25632","trial_id":11,"step":75000,"intermediate_value":45660.0}
{"op_code":6,"worker_id":"4887a3fd-63f5-40aa-925d-6ae1d84b23de-25632","trial_id":11,"state":1,"values":[105088.8],"datetime_complete":"2026-10-06T02:53:51.748238"}
{"op_code":4,"worker_id":"4887a3fd-63f5-40aa-925d-6ae1d84b23de-25632","study_id":0,"datetime_start":"2026-10-06T02:53:51.997949"}
{"op_code":5,"worker_id":"4887a3fd-63f5-40aa-925d-6ae1d84b23de-25632","trial_id":12,"param_name":"learning-rate","param_value_internal":0.0025815747218396615,"distribution":"{\"name\": \"FloatDistribution\", \"attributes\": {\"step\": null, \"low\": 0.0001, \"high\": 0.003, \"log\": true}}"}
{"op_code":5,"worker_id":"4887a3fd-63f5-40aa-925d-6ae1d84b23de-25632","trial_id":12,"param_name":"rollout-size","param_value_internal":1,"distribution":"{\"name\": \"CategoricalDistribution\", \"attributes\": {\"choices\": [20, 80, 320]}}"}
{"op_code":5,"worker_id":"4887a3fd-63f5-40aa-925d-6ae1d84b23de-25632","trial_id":12,"param_name":"gamma","param_value_internal":2,"distribution":"{\"name\": \"CategoricalDistribution\", \"attributes\": {\"choices\": [0.99, 0.995, 0.999]}}"}
{"op_code":5,"worker_id":"4887a3fd-63f5-40aa-925d-6ae1d84b23de-25632","trial_id":12,"param_name":"gae-lambda","param_value_internal":1,"distribution":"{\"name\": \"CategoricalDistribution\", \"attributes\": {\"choices\": [0.9, 0.95, 1.0]}}"}
{"op_code":5,"worker_id":"4887a3fd-63f5-40aa-925d-6ae1d84b23de-25632","trial_id":12,"param_name":"ent-coef","param_value_internal":0.003000432652861318,"distribution":"{\"name\": \"FloatDistribution\", \"attributes\": {\"step\": null, \"low\": 0.0001, \"high\": 0.03, \"log\": true}}"}
{"op_code":8,"worker_id":"4887a3fd-63f5-40aa-925d-6ae1d84b23de-25632","trial_id":12,"user_attr":{"train_argv":"--option 0 --reward-mode objective --objectives tardiness_sq --lambda-late 1.0 --lambda-energy 1.0 --power-model linear --difficulty on_rho095 --timesteps 100000 --save-tag tune_on_rho095_o0pnm_a2c_t12 --n-envs 4 --vec-backend subproc --seed 0 --algo a2c --markov-obs --work-conserving --policy-arch pointer --learning-rate 0.00258157 --rollout-size 80 --gamma 0.999 --gae-lambda 0.95 --ent-coef 0.00300043"}}
{"op_code":7,"worker_id":"4887a3fd-63f5-40aa-925d-6ae1d84b23de-25632","trial_id":12,"step":25000,"intermediate_value":79857.4}
{"op_code":6,"worker_id":"4887a3fd-63f5-40aa-925d-6ae1d84b23de-25632","trial_id":12,"state":2,"values":[79857.4],"datetime_complete":"2026-10-06T02:56:57.238700"}
{"op_code":4,"worker_id":"4887a3fd-63f5-40aa-925d-6ae1d84b23de-25632","study_id":0,"datetime_start":"2026-10-06T02:56:57.479137"}
{"op_code":5,"worker_id":"4887a3fd-63f5-40aa-925d-6ae1d84b23de-25632","trial_id":13,"param_name":"learning-rate","param_value_internal":0.0016261813131758054,"distribution":"{\"name\": \"FloatDistribution\", \"attributes\": {\"step\": null, \"low\": 0.0001, \"high\": 0.003, \"log\": true}}"}
{"op_code":5,"worker_id":"4887a3fd-63f5-40aa-925d-6ae1d84b23de-25632","trial_id":13,"param_name":"rollout-size","param_value_internal":1,"distribution":"{\"name\": \"CategoricalDistribution\", \"attributes\": {\"choices\": [20, 80, 320]}}"}
{"op_code":5,"worker_id":"4887a3fd-63f5-40aa-925d-6ae1d84b23de-25632","trial_id":13,"param_name":"gamma","param_value_internal":2,"distribution":"{\"name\": \"CategoricalDistribution\", \"attributes\": {\"choices\": [0.99, 0.995, 0.999]}}"}
{"op_code":5,"worker_id":"4887a3fd-63f5-40aa-925d-6ae1d84b23de-25632","trial_id":13,"param_name":"gae-lambda","param_value_internal":1,"distribution":"{\"name\": \"CategoricalDistribution\", \"attributes\": {\"choices\": [0.9, 0.95, 1.0]}}"}
{"op_code":5,"worker_id":"4887a3fd-63f5-40aa-925d-6ae1d84b23de-25632","trial_id":13,"param_name":"ent-coef","param_value_internal":0.00047652090346244675,"distribution":"{\"name\": \"FloatDistribution\", \"attributes\": {\"step\": null, \"low\": 0.0001, \"high\": 0.03, \"log\": true}}"}
{"op_code":8,"worker_id":"4887a3fd-63f5-40aa-925d-6ae1d84b23de-25632","trial_id":13,"user_attr":{"train_argv":"--option 0 --reward-mode objective --objectives tardiness_sq --lambda-late 1.0 --lambda-energy 1.0 --power-model linear --difficulty on_rho095 --timesteps 100000 --save-tag tune_on_rho095_o0pnm_a2c_t13 --n-envs 4 --vec-backend subproc --seed 0 --algo a2c --markov-obs --work-conserving --policy-arch pointer --learning-rate 0.00162618 --rollout-size 80 --gamma 0.999 --gae-lambda 0.95 --ent-coef 0.000476521"}}
{"op_code":7,"worker_id":"4887a3fd-63f5-40aa-925d-6ae1d84b23de-25632","trial_id":13,"step":25000,"intermediate_value":42169.0}
{"op_code":7,"worker_id":"4887a3fd-63f5-40aa-925d-6ae1d84b23de-25632","trial_id":13,"step":50000,"intermediate_value":293881.4}
{"op_code":7,"worker_id":"4887a3fd-63f5-40aa-925d-6ae1d84b23de-25632","trial_id":13,"step":75000,"intermediate_value":112707.8}
{"op_code":6,"worker_id":"4887a3fd-63f5-40aa-925d-6ae1d84b23de-25632","trial_id":13,"state":1,"values":[74392.9],"datetime_complete":"2026-10-06T03:09:22.071392"}
{"op_code":4,"worker_id":"4887a3fd-63f5-40aa-925d-6ae1d84b23de-25632","study_id":0,"datetime_start":"2026-10-06T03:09:22.346788"}
{"op_code":5,"worker_id":"4887a3fd-63f5-40aa-925d-6ae1d84b23de-25632","trial_id":14,"param_name":"learning-rate","param_value_internal":0.00156138174903824,"distribution":"{\"name\": \"FloatDistribution\", \"attributes\": {\"step\": null, \"low\": 0.0001, \"high\": 0.003, \"log\": true}}"}
{"op_code":5,"worker_id":"4887a3fd-63f5-40aa-925d-6ae1d84b23de-25632","trial_id":14,"param_name":"rollout-size","param_value_internal":1,"distribution":"{\"name\": \"CategoricalDistribution\", \"attributes\": {\"choices\": [20, 80, 320]}}"}
{"op_code":5,"worker_id":"4887a3fd-63f5-40aa-925d-6ae1d84b23de-25632","trial_id":14,"param_name":"gamma","param_value_internal":2,"distribution":"{\"name\": \"CategoricalDistribution\", \"attributes\": {\"choices\": [0.99, 0.995, 0.999]}}"}
{"op_code":5,"worker_id":"4887a3fd-63f5-40aa-925d-6ae1d84b23de-25632","trial_id":14,"param_name":"gae-lambda","param_value_internal":1,"distribution":"{\"name\": \"CategoricalDistribution\", \"attributes\": {\"choices\": [0.9, 0.95, 1.0]}}"}
{"op_code":5,"worker_id":"4887a3fd-63f5-40aa-925d-6ae1d84b23de-25632","trial_id":14,"param_name":"ent-coef","param_value_internal":0.0036291613048604347,"distribution":"{\"name\": \"FloatDistribution\", \"attributes\": {\"step\": null, \"low\": 0.0001, \"high\": 0.03, \"log\": true}}"}
{"op_code":8,"worker_id":"4887a3fd-63f5-40aa-925d-6ae1d84b23de-25632","trial_id":14,"user_attr":{"train_argv":"--option 0 --reward-mode objective --objectives tardiness_sq --lambda-late 1.0 --lambda-energy 1.0 --power-model linear --difficulty on_rho095 --timesteps 100000 --save-tag tune_on_rho095_o0pnm_a2c_t14 --n-envs 4 --vec-backend subproc --seed 0 --algo a2c --markov-obs --work-conserving --policy-arch pointer --learning-rate 0.00156138 --rollout-size 80 --gamma 0.999 --gae-lambda 0.95 --ent-coef 0.00362916"}}
{"op_code":7,"worker_id":"4887a3fd-63f5-40aa-925d-6ae1d84b23de-25632","trial_id":14,"step":25000,"intermediate_value":232902.2}
{"op_code":6,"worker_id":"4887a3fd-63f5-40aa-925d-6ae1d84b23de-25632","trial_id":14,"state":2,"values":[232902.2],"datetime_complete":"2026-10-06T03:12:27.900096"}
{"op_code":4,"worker_id":"4887a3fd-63f5-40aa-925d-6ae1d84b23de-25632","study_id":0,"datetime_start":"2026-10-06T03:12:28.161023"}
{"op_code":5,"worker_id":"4887a3fd-63f5-40aa-925d-6ae1d84b23de-25632","trial_id":15,"param_name":"learning-rate","param_value_internal":0.0015067771759620606,"distribution":"{\"name\": \"FloatDistribution\", \"attributes\": {\"step\": null, \"low\": 0.0001, \"high\": 0.003, \"log\": true}}"}
{"op_code":5,"worker_id":"4887a3fd-63f5-40aa-925d-6ae1d84b23de-25632","trial_id":15,"param_name":"rollout-size","param_value_internal":1,"distribution":"{\"name\": \"CategoricalDistribution\", \"attributes\": {\"choices\": [20, 80, 320]}}"}
{"op_code":5,"worker_id":"4887a3fd-63f5-40aa-925d-6ae1d84b23de-25632","trial_id":15,"param_name":"gamma","param_value_internal":2,"distribution":"{\"name\": \"CategoricalDistribution\", \"attributes\": {\"choices\": [0.99, 0.995, 0.999]}}"}
{"op_code":5,"worker_id":"4887a3fd-63f5-40aa-925d-6ae1d84b23de-25632","trial_id":15,"param_name":"gae-lambda","param_value_internal":1,"distribution":"{\"name\": \"CategoricalDistribution\", \"attributes\": {\"choices\": [0.9, 0.95, 1.0]}}"}
{"op_code":5,"worker_id":"4887a3fd-63f5-40aa-925d-6ae1d84b23de-25632","trial_id":15,"param_name":"ent-coef","param_value_internal":0.0004894730385569037,"distribution":"{\"name\": \"FloatDistribution\", \"attributes\": {\"step\": null, \"low\": 0.0001, \"high\": 0.03, \"log\": true}}"}
{"op_code":8,"worker_id":"4887a3fd-63f5-40aa-925d-6ae1d84b23de-25632","trial_id":15,"user_attr":{"train_argv":"--option 0 --reward-mode objective --objectives tardiness_sq --lambda-late 1.0 --lambda-energy 1.0 --power-model linear --difficulty on_rho095 --timesteps 100000 --save-tag tune_on_rho095_o0pnm_a2c_t15 --n-envs 4 --vec-backend subproc --seed 0 --algo a2c --markov-obs --work-conserving --policy-arch pointer --learning-rate 0.00150678 --rollout-size 80 --gamma 0.999 --gae-lambda 0.95 --ent-coef 0.000489473"}}
{"op_code":7,"worker_id":"4887a3fd-63f5-40aa-925d-6ae1d84b23de-25632","trial_id":15,"step":25000,"intermediate_value":193285.6}
{"op_code":6,"worker_id":"4887a3fd-63f5-40aa-925d-6ae1d84b23de-25632","trial_id":15,"state":2,"values":[193285.6],"datetime_complete":"2026-10-06T03:15:31.658003"}
{"op_code":4,"worker_id":"4887a3fd-63f5-40aa-925d-6ae1d84b23de-25632","study_id":0,"datetime_start":"2026-10-06T03:15:31.865203"}
{"op_code":5,"worker_id":"4887a3fd-63f5-40aa-925d-6ae1d84b23de-25632","trial_id":16,"param_name":"learning-rate","param_value_internal":0.0020771101942795712,"distribution":"{\"name\": \"FloatDistribution\", \"attributes\": {\"step\": null, \"low\": 0.0001, \"high\": 0.003, \"log\": true}}"}
{"op_code":5,"worker_id":"4887a3fd-63f5-40aa-925d-6ae1d84b23de-25632","trial_id":16,"param_name":"rollout-size","param_value_internal":1,"distribution":"{\"name\": \"CategoricalDistribution\", \"attributes\": {\"choices\": [20, 80, 320]}}"}
{"op_code":5,"worker_id":"4887a3fd-63f5-40aa-925d-6ae1d84b23de-25632","trial_id":16,"param_name":"gamma","param_value_internal":0,"distribution":"{\"name\": \"CategoricalDistribution\", \"attributes\": {\"choices\": [0.99, 0.995, 0.999]}}"}
{"op_code":5,"worker_id":"4887a3fd-63f5-40aa-925d-6ae1d84b23de-25632","trial_id":16,"param_name":"gae-lambda","param_value_internal":1,"distribution":"{\"name\": \"CategoricalDistribution\", \"attributes\": {\"choices\": [0.9, 0.95, 1.0]}}"}
{"op_code":5,"worker_id":"4887a3fd-63f5-40aa-925d-6ae1d84b23de-25632","trial_id":16,"param_name":"ent-coef","param_value_internal":0.0030275700008940637,"distribution":"{\"name\": \"FloatDistribution\", \"attributes\": {\"step\": null, \"low\": 0.0001, \"high\": 0.03, \"log\": true}}"}
{"op_code":8,"worker_id":"4887a3fd-63f5-40aa-925d-6ae1d84b23de-25632","trial_id":16,"user_attr":{"train_argv":"--option 0 --reward-mode objective --objectives tardiness_sq --lambda-late 1.0 --lambda-energy 1.0 --power-model linear --difficulty on_rho095 --timesteps 100000 --save-tag tune_on_rho095_o0pnm_a2c_t16 --n-envs 4 --vec-backend subproc --seed 0 --algo a2c --markov-obs --work-conserving --policy-arch pointer --learning-rate 0.00207711 --rollout-size 80 --gamma 0.99 --gae-lambda 0.95 --ent-coef 0.00302757"}}
{"op_code":7,"worker_id":"4887a3fd-63f5-40aa-925d-6ae1d84b23de-25632","trial_id":16,"step":25000,"intermediate_value":258908.4}
{"op_code":6,"worker_id":"4887a3fd-63f5-40aa-925d-6ae1d84b23de-25632","trial_id":16,"state":2,"values":[258908.4],"datetime_complete":"2026-10-06T03:18:37.243706"}
{"op_code":4,"worker_id":"4887a3fd-63f5-40aa-925d-6ae1d84b23de-25632","study_id":0,"datetime_start":"2026-10-06T03:18:37.463302"}
{"op_code":5,"worker_id":"4887a3fd-63f5-40aa-925d-6ae1d84b23de-25632","trial_id":17,"param_name":"learning-rate","param_value_internal":0.0012193442497244998,"distribution":"{\"name\": \"FloatDistribution\", \"attributes\": {\"step\": null, \"low\": 0.0001, \"high\": 0.003, \"log\": true}}"}
{"op_code":5,"worker_id":"4887a3fd-63f5-40aa-925d-6ae1d84b23de-25632","trial_id":17,"param_name":"rollout-size","param_value_internal":2,"distribution":"{\"name\": \"CategoricalDistribution\", \"attributes\": {\"choices\": [20, 80, 320]}}"}
{"op_code":5,"worker_id":"4887a3fd-63f5-40aa-925d-6ae1d84b23de-25632","trial_id":17,"param_name":"gamma","param_value_internal":2,"distribution":"{\"name\": \"CategoricalDistribution\", \"attributes\": {\"choices\": [0.99, 0.995, 0.999]}}"}
{"op_code":5,"worker_id":"4887a3fd-63f5-40aa-925d-6ae1d84b23de-25632","trial_id":17,"param_name":"gae-lambda","param_value_internal":1,"distribution":"{\"name\": \"CategoricalDistribution\", \"attributes\": {\"choices\": [0.9, 0.95, 1.0]}}"}
{"op_code":5,"worker_id":"4887a3fd-63f5-40aa-925d-6ae1d84b23de-25632","trial_id":17,"param_name":"ent-coef","param_value_internal":0.0010737510888483702,"distribution":"{\"name\": \"FloatDistribution\", \"attributes\": {\"step\": null, \"low\": 0.0001, \"high\": 0.03, \"log\": true}}"}
{"op_code":8,"worker_id":"4887a3fd-63f5-40aa-925d-6ae1d84b23de-25632","trial_id":17,"user_attr":{"train_argv":"--option 0 --reward-mode objective --objectives tardiness_sq --lambda-late 1.0 --lambda-energy 1.0 --power-model linear --difficulty on_rho095 --timesteps 100000 --save-tag tune_on_rho095_o0pnm_a2c_t17 --n-envs 4 --vec-backend subproc --seed 0 --algo a2c --markov-obs --work-conserving --policy-arch pointer --learning-rate 0.00121934 --rollout-size 320 --gamma 0.999 --gae-lambda 0.95 --ent-coef 0.00107375"}}
{"op_code":7,"worker_id":"4887a3fd-63f5-40aa-925d-6ae1d84b23de-25632","trial_id":17,"step":25000,"intermediate_value":299109.4}
{"op_code":6,"worker_id":"4887a3fd-63f5-40aa-925d-6ae1d84b23de-25632","trial_id":17,"state":2,"values":[299109.4],"datetime_complete":"2026-10-06T03:21:37.546810"}
{"op_code":4,"worker_id":"4887a3fd-63f5-40aa-925d-6ae1d84b23de-25632","study_id":0,"datetime_start":"2026-10-06T03:21:37.808277"}
{"op_code":5,"worker_id":"4887a3fd-63f5-40aa-925d-6ae1d84b23de-25632","trial_id":18,"param_name":"learning-rate","param_value_internal":0.00041319963035659326,"distribution":"{\"name\": \"FloatDistribution\", \"attributes\": {\"step\": null, \"low\": 0.0001, \"high\": 0.003, \"log\": true}}"}
{"op_code":5,"worker_id":"4887a3fd-63f5-40aa-925d-6ae1d84b23de-25632","trial_id":18,"param_name":"rollout-size","param_value_internal":1,"distribution":"{\"name\": \"CategoricalDistribution\", \"attributes\": {\"choices\": [20, 80, 320]}}"}
{"op_code":5,"worker_id":"4887a3fd-63f5-40aa-925d-6ae1d84b23de-25632","trial_id":18,"param_name":"gamma","param_value_internal":2,"distribution":"{\"name\": \"CategoricalDistribution\", \"attributes\": {\"choices\": [0.99, 0.995, 0.999]}}"}
{"op_code":5,"worker_id":"4887a3fd-63f5-40aa-925d-6ae1d84b23de-25632","trial_id":18,"param_name":"gae-lambda","param_value_internal":2,"distribution":"{\"name\": \"CategoricalDistribution\", \"attributes\": {\"choices\": [0.9, 0.95, 1.0]}}"}
{"op_code":5,"worker_id":"4887a3fd-63f5-40aa-925d-6ae1d84b23de-25632","trial_id":18,"param_name":"ent-coef","param_value_internal":0.0002461850607681695,"distribution":"{\"name\": \"FloatDistribution\", \"attributes\": {\"step\": null, \"low\": 0.0001, \"high\": 0.03, \"log\": true}}"}
{"op_code":8,"worker_id":"4887a3fd-63f5-40aa-925d-6ae1d84b23de-25632","trial_id":18,"user_attr":{"train_argv":"--option 0 --reward-mode objective --objectives tardiness_sq --lambda-late 1.0 --lambda-energy 1.0 --power-model linear --difficulty on_rho095 --timesteps 100000 --save-tag tune_on_rho095_o0pnm_a2c_t18 --n-envs 4 --vec-backend subproc --seed 0 --algo a2c --markov-obs --work-conserving --policy-arch pointer --learning-rate 0.0004132 --rollout-size 80 --gamma 0.999 --gae-lambda 1 --ent-coef 0.000246185"}}
{"op_code":7,"worker_id":"4887a3fd-63f5-40aa-925d-6ae1d84b23de-25632","trial_id":18,"step":25000,"intermediate_value":170079.6}
{"op_code":6,"worker_id":"4887a3fd-63f5-40aa-925d-6ae1d84b23de-25632","trial_id":18,"state":2,"values":[170079.6],"datetime_complete":"2026-10-06T03:24:43.867355"}
{"op_code":4,"worker_id":"4887a3fd-63f5-40aa-925d-6ae1d84b23de-25632","study_id":0,"datetime_start":"2026-10-06T03:24:44.106257"}
{"op_code":5,"worker_id":"4887a3fd-63f5-40aa-925d-6ae1d84b23de-25632","trial_id":19,"param_name":"learning-rate","param_value_internal":0.0010313598700473423,"distribution":"{\"name\": \"FloatDistribution\", \"attributes\": {\"step\": null, \"low\": 0.0001, \"high\": 0.003, \"log\": true}}"}
{"op_code":5,"worker_id":"4887a3fd-63f5-40aa-925d-6ae1d84b23de-25632","trial_id":19,"param_name":"rollout-size","param_value_internal":1,"distribution":"{\"name\": \"CategoricalDistribution\", \"attributes\": {\"choices\": [20, 80, 320]}}"}
{"op_code":5,"worker_id":"4887a3fd-63f5-40aa-925d-6ae1d84b23de-25632","trial_id":19,"param_name":"gamma","param_value_internal":0,"distribution":"{\"name\": \"CategoricalDistribution\", \"attributes\": {\"choices\": [0.99, 0.995, 0.999]}}"}
{"op_code":5,"worker_id":"4887a3fd-63f5-40aa-925d-6ae1d84b23de-25632","trial_id":19,"param_name":"gae-lambda","param_value_internal":0,"distribution":"{\"name\": \"CategoricalDistribution\", \"attributes\": {\"choices\": [0.9, 0.95, 1.0]}}"}
{"op_code":5,"worker_id":"4887a3fd-63f5-40aa-925d-6ae1d84b23de-25632","trial_id":19,"param_name":"ent-coef","param_value_internal":0.0006323299348078888,"distribution":"{\"name\": \"FloatDistribution\", \"attributes\": {\"step\": null, \"low\": 0.0001, \"high\": 0.03, \"log\": true}}"}
{"op_code":8,"worker_id":"4887a3fd-63f5-40aa-925d-6ae1d84b23de-25632","trial_id":19,"user_attr":{"train_argv":"--option 0 --reward-mode objective --objectives tardiness_sq --lambda-late 1.0 --lambda-energy 1.0 --power-model linear --difficulty on_rho095 --timesteps 100000 --save-tag tune_on_rho095_o0pnm_a2c_t19 --n-envs 4 --vec-backend subproc --seed 0 --algo a2c --markov-obs --work-conserving --policy-arch pointer --learning-rate 0.00103136 --rollout-size 80 --gamma 0.99 --gae-lambda 0.9 --ent-coef 0.00063233"}}
{"op_code":7,"worker_id":"4887a3fd-63f5-40aa-925d-6ae1d84b23de-25632","trial_id":19,"step":25000,"intermediate_value":410019.0}
{"op_code":6,"worker_id":"4887a3fd-63f5-40aa-925d-6ae1d84b23de-25632","trial_id":19,"state":2,"values":[410019.0],"datetime_complete":"2026-10-06T03:27:48.918688"}
{"op_code":0,"worker_id":"bc7e52af-fa4b-421a-8d89-6cb53d5afeaa-31748","study_name":"on_rho095_o0pnm_a2c","directions":[1]}
{"op_code":0,"worker_id":"217b743d-ef8e-4c66-a86a-89dfedb9e62f-32928","study_name":"on_rho095_o0pnm_a2c","directions":[1]}
{"op_code":0,"worker_id":"55ff52c7-e247-4741-a2e7-a9e31b2f853c-34464","study_name":"on_rho095_o0pnm_a2c","directions":[1]}
{"op_code":0,"worker_id":"0f10b657-2c37-424f-a4fe-d161ea545baa-7220","study_name":"on_rho095_o0pnm_a2c","directions":[1]}
{"op_code":0,"worker_id":"6d52e17a-8ee5-4430-b5fd-3acb636a1eb2-4620","study_name":"on_rho095_o0pnm_a2c","directions":[1]}
{"op_code":0,"worker_id":"dced324b-39e8-4278-9790-a2b39739139a-37348","study_name":"on_rho095_o0pnm_a2c","directions":[1]}
{"op_code":0,"worker_id":"826d44e4-6687-4b5a-afd1-68ded46a947c-17656","study_name":"on_rho095_o0pnm_a2c","directions":[1]}
{"op_code":0,"worker_id":"45b0b561-46ee-4ee3-888d-a61ff6a982e9-4492","study_name":"on_rho095_o0pnm_a2c","directions":[1]}
