{"op_code":0,"worker_id":"04231699-ece5-41ff-be31-ca9e340aec06-28060","study_name":"off_tf05_o3wnm_a2c","directions":[1]}
{"op_code":4,"worker_id":"04231699-ece5-41ff-be31-ca9e340aec06-28060","study_id":0,"datetime_start":"2026-10-06T07:13:32.523532"}
{"op_code":5,"worker_id":"04231699-ece5-41ff-be31-ca9e340aec06-28060","trial_id":0,"param_name":"learning-rate","param_value_internal":0.0006466422717414558,"distribution":"{\"name\": \"FloatDistribution\", \"attributes\": {\"step\": null, \"low\": 0.0001, \"high\": 0.003, \"log\": true}}"}
{"op_code":5,"worker_id":"04231699-ece5-41ff-be31-ca9e340aec06-28060","trial_id":0,"param_name":"rollout-size","param_value_internal":0,"distribution":"{\"name\": \"CategoricalDistribution\", \"attributes\": {\"choices\": [20, 80, 320]}}"}
{"op_code":5,"worker_id":"04231699-ece5-41ff-be31-ca9e340aec06-28060","trial_id":0,"param_name":"gamma","param_value_internal":1,"distribution":"{\"name\": \"CategoricalDistribution\", \"attributes\": {\"choices\": [0.99, 0.995, 0.999]}}"}
{"op_code":5,"worker_id":"04231699-ece5-41ff-be31-ca9e340aec06-28060","trial_id":0,"param_name":"gae-lambda","param_value_internal":1,"distribution":"{\"name\": \"CategoricalDistribution\", \"attributes\": {\"choices\": [0.9, 0.95, 1.0]}}"}
{"op_code":5,"worker_id":"04231699-ece5-41ff-be31-ca9e340aec06-28060","trial_id":0,"param_name":"ent-coef","param_value_internal":0.009145320282946534,"distribution":"{\"name\": \"FloatDistribution\", \"attributes\": {\"step\": null, \"low\": 0.0001, \"high\": 0.03, \"log\": true}}"}
{"op_code":8,"worker_id":"04231699-ece5-41ff-be31-ca9e340aec06-28060","trial_id":0,"user_attr":{"train_argv":"--option 3 --reward-mode objective --objectives tardiness_sq --lambda-late 1.0 --lambda-energy 1.0 --power-model linear --difficulty off_tf05 --timesteps 100000 --save-tag tune_off_tf05_o3wnm_a2c_t0 --n-envs 4 --vec-backend subproc --seed 0 --algo a2c --markov-obs --work-conserving --window-size 20 --learning-rate 0.000646642 --rollout-size 20 --gamma 0.995 --gae-lambda 0.95 --ent-coef 0.00914532"}}
{"op_code":7,"worker_id":"04231699-ece5-41ff-be31-ca9e340aec06-28060","trial_id":0,"step":25000,"intermediate_value":214242.0}
{"op_code":7,"worker_id":"04231699-ece5-41ff-be31-ca9e340aec06-28060","trial_id":0,"step":50000,"intermediate_value":68924.2}
{"op_code":7,"worker_id":"04231699-ece5-41ff-be31-ca9e340aec06-28060","trial_id":0,"step":75000,"intermediate_value":120286.0}
{"op_code":6,"worker_id":"04231699-ece5-41ff-be31-ca9e340aec06-28060","trial_id":0,"state":1,"values":[103944.5],"datetime_complete":"2026-10-06T07:15:11.864950"}
{"op_code":4,"worker_id":"04231699-ece5-41ff-be31-ca9e340aec06-28060","study_id":0,"datetime_start":"2026-10-06T07:15:12.068649"}
{"op_code":5,"worker_id":"04231699-ece5-41ff-be31-ca9e340aec06-28060","trial_id":1,"param_name":"learning-rate","param_value_internal":0.0006042851578845063,"distribution":"{\"name\": \"FloatDistribution\", \"attributes\": {\"step\": null, \"low\": 0.0001, \"high\": 0.003, \"log\": true}}"}
{"op_code":5,"worker_id":"04231699-ece5-41ff-be31-ca9e340aec06-28060","trial_id":1,"param_name":"rollout-size","param_value_internal":1,"distribution":"{\"name\": \"CategoricalDistribution\", \"attributes\": {\"choices\": [20, 80, 320]}}"}
{"op_code":5,"worker_id":"04231699-ece5-41ff-be31-ca9e340aec06-28060","trial_id":1,"param_name":"gamma","param_value_internal":2,"distribution":"{\"name\": \"CategoricalDistribution\", \"attributes\": {\"choices\": [0.99, 0.995, 0.999]}}"}
{"op_code":5,"worker_id":"04231699-ece5-41ff-be31-ca9e340aec06-28060","trial_id":1,"param_name":"gae-lambda","param_value_internal":2,"distribution":"{\"name\": \"CategoricalDistribution\", \"attributes\": {\"choices\": [0.9, 0.95, 1.0]}}"}
{"op_code":5,"worker_id":"04231699-ece5-41ff-be31-ca9e340aec06-28060","trial_id":1,"param_name":"ent-coef","param_value_internal":0.009541412354586892,"distribution":"{\"name\": \"FloatDistribution\", \"attributes\": {\"step\": null, \"low\": 0.0001, \"high\": 0.03, \"log\": true}}"}
{"op_code":8,"worker_id":"04231699-ece5-41ff-be31-ca9e340aec06-28060","trial_id":1,"user_attr":{"train_argv":"--option 3 --reward-mode objective --objectives tardiness_sq --lambda-late 1.0 --lambda-energy 1.0 --power-model linear --difficulty off_tf05 --timesteps 100000 --save-tag tune_off_tf05_o3wnm_a2c_t1 --n-envs 4 --vec-backend subproc --seed 0 --algo a2c --markov-obs --work-conserving --window-size 20 --learning-rate 0.000604285 --rollout-size 80 --gamma 0.999 --gae-lambda 1 --ent-coef 0.00954141"}}
{"op_code":7,"worker_id":"04231699-ece5-41ff-be31-ca9e340aec06-28060","trial_id":1,"step":25000,"intermediate_value":74180.8}
{"op_code":7,"worker_id":"04231699-ece5-41ff-be31-ca9e340aec06-28060","trial_id":1,"step":50000,"intermediate_value":171924.6}
{"op_code":7,"worker_id":"04231699-ece5-41ff-be31-ca9e340aec06-28060","trial_id":1,"step":75000,"intermediate_value":104760.2}
{"op_code":6,"worker_id":"04231699-ece5-41ff-be31-ca9e340aec06-28060","trial_id":1,"state":1,"values":[160901.0],"datetime_complete":"2026-10-06T07:16:31.489896"}
{"op_code":4,"worker_id":"04231699-ece5-41ff-be31-ca9e340aec06-28060","study_id":0,"datetime_start":"2026-10-06T07:16:31.708428"}
{"op_code":5,"worker_id":"04231699-ece5-41ff-be31-ca9e340aec06-28060","trial_id":2,"param_name":"learning-rate","param_value_internal":0.0004804641349751479,"distribution":"{\"name\": \"FloatDistribution\", \"attributes\": {\"step\": null, \"low\": 0.0001, \"high\": 0.003, \"log\": true}}"}
{"op_code":5,"worker_id":"04231699-ece5-41ff-be31-ca9e340aec06-28060","trial_id":2,"param_name":"rollout-size","param_value_internal":0,"distribution":"{\"name\": \"CategoricalDistribution\", \"attributes\": {\"choices\": [20, 80, 320]}}"}
{"op_code":5,"worker_id":"04231699-ece5-41ff-be31-ca9e340aec06-28060","trial_id":2,"param_name":"gamma","param_value_internal":1,"distribution":"{\"name\": \"CategoricalDistribution\", \"attributes\": {\"choices\": [0.99, 0.995, 0.999]}}"}
{"op_code":5,"worker_id":"04231699-ece5-41ff-be31-ca9e340aec06-28060","trial_id":2,"param_name":"gae-lambda","param_value_internal":2,"distribution":"{\"name\": \"CategoricalDistribution\", \"attributes\": {\"choices\": [0.9, 0.95, 1.0]}}"}
{"op_code":5,"worker_id":"04231699-ece5-41ff-be31-ca9e340aec06-28060","trial_id":2,"param_name":"ent-coef","param_value_internal":0.001348775545730254,"distribution":"{\"name\": \"FloatDistribution\", \"attributes\": {\"step\": null, \"low\": 0.0001, \"high\": 0.03, \"log\": true}}"}
{"op_code":8,"worker_id":"04231699-ece5-41ff-be31-ca9e340aec06-28060","trial_id":2,"user_attr":{"train_argv":"--option 3 --reward-mode objective --objectives tardiness_sq --lambda-late 1.0 --lambda-energy 1.0 --power-model linear --difficulty off_tf05 --timesteps 100000 --save-tag tune_off_tf05_o3wnm_a2c_t2 --n-envs 4 --vec-backend subproc --seed 0 --algo a2c --markov-obs --work-conserving --window-size 20 --learning-rate 0.000480464 --rollout-size 20 --gamma 0.995 --gae-lambda 1 --ent-coef 0.00134878"}}
{"op_code":7,"worker_id":"04231699-ece5-41ff-be31-ca9e340aec06-28060","trial_id":2,"step":25000,"intermediate_value":197678.0}
{"op_code":7,"worker_id":"04231699-ece5-41ff-be31-ca9e340aec06-28060","trial_id":2,"step":50000,"intermediate_value":86385.2}
{"op_code":7,"worker_id":"04231699-ece5-41ff-be31-ca9e340aec06-28060","trial_id":2,"step":75000,"intermediate_value":151147.0}
{"op_code":6,"worker_id":"04231699-ece5-41ff-be31-ca9e340aec06-28060","trial_id":2,"state":1,"values":[158418.1],"datetime_complete":"2026-10-06T07:18:11.628538"}
{"op_code":4,"worker_id":"04231699-ece5-41ff-be31-ca9e340aec06-28060","study_id":0,"datetime_start":"2026-10-06T07:18:11.834195"}
{"op_code":5,"worker_id":"04231699-ece5-41ff-be31-ca9e340aec06-28060","trial_id":3,"param_name":"learning-rate","param_value_internal":0.0006912670683424538,"distribution":"{\"name\": \"FloatDistribution\", \"attributes\": {\"step\": null, \"low\": 0.0001, \"high\": 0.003, \"log\": true}}"}
{"op_code":5,"worker_id":"04231699-ece5-41ff-be31-ca9e340aec06-28060","trial_id":3,"param_name":"rollout-size","param_value_internal":1,"distribution":"{\"name\": \"CategoricalDistribution\", \"attributes\": {\"choices\": [20, 80, 320]}}"}
{"op_code":5,"worker_id":"04231699-ece5-41ff-be31-ca9e340aec06-28060","trial_id":3,"param_name":"gamma","param_value_internal":1,"distribution":"{\"name\": \"CategoricalDistribution\", \"attributes\": {\"choices\": [0.99, 0.995, 0.999]}}"}
{"op_code":5,"worker_id":"04231699-ece5-41ff-be31-ca9e340aec06-28060","trial_id":3,"param_name":"gae-lambda","param_value_internal":2,"distribution":"{\"name\": \"CategoricalDistribution\", \"attributes\": {\"choices\": [0.9, 0.95, 1.0]}}"}
{"op_code":5,"worker_id":"04231699-ece5-41ff-be31-ca9e340aec06-28060","trial_id":3,"param_name":"ent-coef","param_value_internal":0.00014098918363046996,"distribution":"{\"name\": \"FloatDistribution\", \"attributes\": {\"step\": null, \"low\": 0.0001, \"high\": 0.03, \"log\": true}}"}
{"op_code":8,"worker_id":"04231699-ece5-41ff-be31-ca9e340aec06-28060","trial_id":3,"user_attr":{"train_argv":"--option 3 --reward-mode objective --objectives tardiness_sq --lambda-late 1.0 --lambda-energy 1.0 --power-model linear --difficulty off_tf05 --timesteps 100000 --save-tag tune_off_tf05_o3wnm_a2c_t3 --n-envs 4 --vec-backend subproc --seed 0 --algo a2c --markov-obs --work-conserving --window-size 20 --learning-rate 0.000691267 --rollout-size 80 --gamma 0.995 --gae-lambda 1 --ent-coef 0.000140989"}}
{"op_code":7,"worker_id":"04231699-ece5-41ff-be31-ca9e340aec06-28060","trial_id":3,"step":25000,"intermediate_value":92754.8}
{"op_code":7,"worker_id":"04231699-ece5-41ff-be31-ca9e340aec06-28060","trial_id":3,"step":50000,"intermediate_value":123957.8}
{"op_code":7,"worker_id":"04231699-ece5-41ff-be31-ca9e340aec06-28060","trial_id":3,"step":75000,"intermediate_value":83122.2}
{"op_code":6,"worker_id":"04231699-ece5-41ff-be31-ca9e340aec06-28060","trial_id":3,"state":1,"values":[92868.8],"datetime_complete":"2026-10-06T07:19:34.339425"}
{"op_code":4,"worker_id":"04231699-ece5-41ff-be31-ca9e340aec06-28060","study_id":0,"datetime_start":"2026-10-06T07:19:34.540271"}
{"op_code":5,"worker_id":"04231699-ece5-41ff-be31-ca9e340aec06-28060","trial_id":4,"param_name":"learning-rate","param_value_internal":0.0009658179826892162,"distribution":"{\"name\": \"FloatDistribution\", \"attributes\": {\"step\": null, \"low\": 0.0001, \"high\": 0.003, \"log\": true}}"}
{"op_code":5,"worker_id":"04231699-ece5-41ff-be31-ca9e340aec06-28060","trial_id":4,"param_name":"rollout-size","param_value_internal":0,"distribution":"{\"name\": \"CategoricalDistribution\", \"attributes\": {\"choices\": [20, 80, 320]}}"}
{"op_code":5,"worker_id":"04231699-ece5-41ff-be31-ca9e340aec06-28060","trial_id":4,"param_name":"gamma","param_value_internal":2,"distribution":"{\"name\": \"CategoricalDistribution\", \"attributes\": {\"choices\": [0.99, 0.995, 0.999]}}"}
{"op_code":5,"worker_id":"04231699-ece5-41ff-be31-ca9e340aec06-28060","trial_id":4,"param_name":"gae-lambda","param_value_internal":1,"distribution":"{\"name\": \"CategoricalDistribution\", \"attributes\": {\"choices\": [0.9, 0.95, 1.0]}}"}
{"op_code":5,"worker_id":"04231699-ece5-41ff-be31-ca9e340aec06-28060","trial_id":4,"param_name":"ent-coef","param_value_internal":0.00032916454639831516,"distribution":"{\"name\": \"FloatDistribution\", \"attributes\": {\"step\": null, \"low\": 0.0001, \"high\": 0.03, \"log\": true}}"}
{"op_code":8,"worker_id":"04231699-ece5-41ff-be31-ca9e340aec06-28060","trial_id":4,"user_attr":{"train_argv":"--option 3 --reward-mode objective --objectives tardiness_sq --lambda-late 1.0 --lambda-energy 1.0 --power-model linear --difficulty off_tf05 --timesteps 100000 --save-tag tune_off_tf05_o3wnm_a2c_t4 --n-envs 4 --vec-backend subproc --seed 0 --algo a2c --markov-obs --work-conserving --window-size 20 --learning-rate 0.000965818 --rollout-size 20 --gamma 0.999 --gae-lambda 0.95 --ent-coef 0.000329165"}}
{"op_code":7,"worker_id":"04231699-ece5-41ff-be31-ca9e340aec06-28060","trial_id":4,"step":25000,"intermediate_value":202931.0}
{"op_code":7,"worker_id":"04231699-ece5-41ff-be31-ca9e340aec06-28060","trial_id":4,"step":50000,"intermediate_value":89535.8}
{"op_code":7,"worker_id":"04231699-ece5-41ff-be31-ca9e340aec06-28060","trial_id":4,"step":75000,"intermediate_value":194451.0}
{"op_code":6,"worker_id":"04231699-ece5-41ff-be31-ca9e340aec06-28060","trial_id":4,"state":1,"values":[113336.3],"datetime_complete":"2026-10-06T07:21:14.853405"}
{"op_code":4,"worker_id":"04231699-ece5-41ff-be31-ca9e340aec06-28060","study_id":0,"datetime_start":"2026-10-06T07:21:15.026289"}
{"op_code":5,"worker_id":"04231699-ece5-41ff-be31-ca9e340aec06-28060","trial_id":5,"param_name":"learning-rate","param_value_internal":0.00017309069329908935,"distribution":"{\"name\": \"FloatDistribution\", \"attributes\": {\"step\": null, \"low\": 0.0001, \"high\": 0.003, \"log\": true}}"}
{"op_code":5,"worker_id":"04231699-ece5-41ff-be31-ca9e340aec06-28060","trial_id":5,"param_name":"rollout-size","param_value_internal":0,"distribution":"{\"name\": \"CategoricalDistribution\", \"attributes\": {\"choices\": [20, 80, 320]}}"}
{"op_code":5,"worker_id":"04231699-ece5-41ff-be31-ca9e340aec06-28060","trial_id":5,"param_name":"gamma","param_value_internal":0,"distribution":"{\"name\": \"CategoricalDistribution\", \"attributes\": {\"choices\": [0.99, 0.995, 0.999]}}"}
{"op_code":5,"worker_id":"04231699-ece5-41ff-be31-ca9e340aec06-28060","trial_id":5,"param_name":"gae-lambda","param_value_internal":0,"distribution":"{\"name\": \"CategoricalDistribution\", \"attributes\": {\"choices\": [0.9, 0.95, 1.0]}}"}
{"op_code":5,"worker_id":"04231699-ece5-41ff-be31-ca9e340aec06-28060","trial_id":5,"param_name":"ent-coef","param_value_internal":0.0008191755047162099,"distribution":"{\"name\": \"FloatDistribution\", \"attributes\": {\"step\": null, \"low\": 0.0001, \"high\": 0.03, \"log\": true}}"}
{"op_code":8,"worker_id":"04231699-ece5-41ff-be31-ca9e340aec06-28060","trial_id":5,"user_attr":{"train_argv":"--option 3 --reward-mode objective --objectives tardiness_sq --lambda-late 1.0 --lambda-energy 1.0 --power-model linear --difficulty off_tf05 --timesteps 100000 --save-tag tune_off_tf05_o3wnm_a2c_t5 --n-envs 4 --vec-backend subproc --seed 0 --algo a2c --markov-obs --work-conserving --window-size 20 --learning-rate 0.000173091 --rollout-size 20 --gamma 0.99 --gae-lambda 0.9 --ent-coef 0.000819176"}}
{"op_code":7,"worker_id":"04231699-ece5-41ff-be31-ca9e340aec06-28060","trial_id":5,"step":25000,"intermediate_value":165435.6}
{"op_code":7,"worker_id":"04231699-ece5-41ff-be31-ca9e340aec06-28060","trial_id":5,"step":50000,"intermediate_value":221175.8}
{"op_code":6,"worker_id":"04231699-ece5-41ff-be31-ca9e340aec06-28060","trial_id":5,"state":2,"values":[221175.8],"datetime_complete":"2026-10-06T07:22:06.332286"}
{"op_code":4,"worker_id":"04231699-ece5-41ff-be31-ca9e340aec06-28060","study_id":0,"datetime_start":"2026-10-06T07:22:06.565663"}
{"op_code":5,"worker_id":"04231699-ece5-41ff-be31-ca9e340aec06-28060","trial_id":6,"param_name":"learning-rate","param_value_internal":0.0016319488770709706,"distribution":"{\"name\": \"FloatDistribution\", \"attributes\": {\"step\": null, \"low\": 0.0001, \"high\": 0.003, \"log\": true}}"}
{"op_code":5,"worker_id":"04231699-ece5-41ff-be31-ca9e340aec06-28060","trial_id":6,"param_name":"rollout-size","param_value_internal":1,"distribution":"{\"name\": \"CategoricalDistribution\", \"attributes\": {\"choices\": [20, 80, 320]}}"}
{"op_code":5,"worker_id":"04231699-ece5-41ff-be31-ca9e340aec06-28060","trial_id":6,"param_name":"gamma","param_value_internal":2,"distribution":"{\"name\": \"CategoricalDistribution\", \"attributes\": {\"choices\": [0.99, 0.995, 0.999]}}"}
{"op_code":5,"worker_id":"04231699-ece5-41ff-be31-ca9e340aec06-28060","trial_id":6,"param_name":"gae-lambda","param_value_internal":1,"distribution":"{\"name\": \"CategoricalDistribution\", \"attributes\": {\"choices\": [0.9, 0.95, 1.0]}}"}
{"op_code":5,"worker_id":"04231699-ece5-41ff-be31-ca9e340aec06-28060","trial_id":6,"param_name":"ent-coef","param_value_internal":0.000501819043124292,"distribution":"{\"name\": \"FloatDistribution\", \"attributes\": {\"step\": null, \"low\": 0.0001, \"high\": 0.03, \"log\": true}}"}
{"op_code":8,"worker_id":"04231699-ece5-41ff-be31-ca9e340aec06-28060","trial_id":6,"user_attr":{"train_argv":"--option 3 --reward-mode objective --objectives tardiness_sq --lambda-late 1.0 --lambda-energy 1.0 --power-model linear --difficulty off_tf05 --timesteps 100000 --save-tag tune_off_tf05_o3wnm_a2c_t6 --n-envs 4 --vec-backend subproc --seed 0 --algo a2c --markov-obs --work-conserving --window-size 20 --learning-rate 0.00163195 --rollout-size 80 --gamma 0.999 --gae-lambda 0.95 --ent-coef 0.000501819"}}
{"op_code":7,"worker_id":"04231699-ece5-41ff-be31-ca9e340aec06-28060","trial_id":6,"step":25000,"intermediate_value":71232.4}
{"op_code":7,"worker_id":"04231699-ece5-41ff-be31-ca9e340aec06-28060","trial_id":6,"step":50000,"intermediate_value":83174.6}
{"op_code":7,"worker_id":"04231699-ece5-41ff-be31-ca9e340aec06-28060","trial_id":6,"step":75000,"intermediate_value":86261.0}
{"op_code":6,"worker_id":"04231699-ece5-41ff-be31-ca9e340aec06-28060","trial_id":6,"state":1,"values":[218412.65],"datetime_complete":"2026-10-06T07:23:28.098335"}
{"op_code":4,"worker_id":"04231699-ece5-41ff-be31-ca9e340aec06-28060","study_id":0,"datetime_start":"2026-10-06T07:23:28.293506"}
{"op_code":5,"worker_id":"04231699-ece5-41ff-be31-ca9e340aec06-28060","trial_id":7,"param_name":"learning-rate","param_value_internal":0.00015050290935598963,"distribution":"{\"name\": \"FloatDistribution\", \"attributes\": {\"step\": null, \"low\": 0.0001, \"high\": 0.003, \"log\": true}}"}
{"op_code":5,"worker_id":"04231699-ece5-41ff-be31-ca9e340aec06-28060","trial_id":7,"param_name":"rollout-size","param_value_internal":2,"distribution":"{\"name\": \"CategoricalDistribution\", \"attributes\": {\"choices\": [20, 80, 320]}}"}
{"op_code":5,"worker_id":"04231699-ece5-41ff-be31-ca9e340aec06-28060","trial_id":7,"param_name":"gamma","param_value_internal":2,"distribution":"{\"name\": \"CategoricalDistribution\", \"attributes\": {\"choices\": [0.99, 0.995, 0.999]}}"}
{"op_code":5,"worker_id":"04231699-ece5-41ff-be31-ca9e340aec06-28060","trial_id":7,"param_name":"gae-lambda","param_value_internal":0,"distribution":"{\"name\": \"CategoricalDistribution\", \"attributes\": {\"choices\": [0.9, 0.95, 1.0]}}"}
{"op_code":5,"worker_id":"04231699-ece5-41ff-be31-ca9e340aec06-28060","trial_id":7,"param_name":"ent-coef","param_value_internal":0.00017088424969157387,"distribution":"{\"name\": \"FloatDistribution\", \"attributes\": {\"step\": null, \"low\": 0.0001, \"high\": 0.03, \"log\": true}}"}
{"op_code":8,"worker_id":"04231699-ece5-41ff-be31-ca9e340aec06-28060","trial_id":7,"user_attr":{"train_argv":"--option 3 --reward-mode objective --objectives tardiness_sq --lambda-late 1.0 --lambda-energy 1.0 --power-model linear --difficulty off_tf05 --timesteps 100000 --save-tag tune_off_tf05_o3wnm_a2c_t7 --n-envs 4 --vec-backend subproc --seed 0 --algo a2c --markov-obs --work-conserving --window-size 20 --learning-rate 0.000150503 --rollout-size 320 --gamma 0.999 --gae-lambda 0.9 --ent-coef 0.000170884"}}
{"op_code":7,"worker_id":"04231699-ece5-41ff-be31-ca9e340aec06-28060","trial_id":7,"step":25000,"intermediate_value":88628.8}
{"op_code":7,"worker_id":"04231699-ece5-41ff-be31-ca9e340aec06-28060","trial_id":7,"step":50000,"intermediate_value":81188.0}
{"op_code":7,"worker_id":"04231699-ece5-41ff-be31-ca9e340aec06-28060","trial_id":7,"step":75000,"intermediate_value":70001.8}
{"op_code":6,"worker_id":"04231699-ece5-41ff-be31-ca9e340aec06-28060","trial_id":7,"state":1,"values":[69655.4],"datetime_complete":"2026-10-06T07:24:44.972753"}
{"op_code":4,"worker_id":"04231699-ece5-41ff-be31-ca9e340aec06-28060","study_id":0,"datetime_start":"2026-10-06T07:24:45.173112"}
{"op_code":5,"worker_id":"04231699-ece5-41ff-be31-ca9e340aec06-28060","trial_id":8,"param_name":"learning-rate","param_value_internal":0.0007091576793635641,"distribution":"{\"name\": \"FloatDistribution\", \"attributes\": {\"step\": null, \"low\": 0.0001, \"high\": 0.003, \"log\": true}}"}
{"op_code":5,"worker_id":"04231699-ece5-41ff-be31-ca9e340aec06-28060","trial_id":8,"param_name":"rollout-size","param_value_internal":0,"distribution":"{\"name\": \"CategoricalDistribution\", \"attributes\": {\"choices\": [20, 80, 320]}}"}
{"op_code":5,"worker_id":"04231699-ece5-41ff-be31-ca9e340aec06-28060","trial_id":8,"param_name":"gamma","param_value_internal":1,"distribution":"{\"name\": \"CategoricalDistribution\", \"attributes\": {\"choices\": [0.99, 0.995, 0.999]}}"}
{"op_code":5,"worker_id":"04231699-ece5-41ff-be31-ca9e340aec06-28060","trial_id":8,"param_name":"gae-lambda","param_value_internal":1,"distribution":"{\"name\": \"CategoricalDistribution\", \"attributes\": {\"choices\": [0.9, 0.95, 1.0]}}"}
{"op_code":5,"worker_id":"04231699-ece5-41ff-be31-ca9e340aec06-28060","trial_id":8,"param_name":"ent-coef","param_value_internal":0.011307978270179144,"distribution":"{\"name\": \"FloatDistribution\", \"attributes\": {\"step\": null, \"low\": 0.0001, \"high\": 0.03, \"log\": true}}"}
{"op_code":8,"worker_id":"04231699-ece5-41ff-be31-ca9e340aec06-28060","trial_id":8,"user_attr":{"train_argv":"--option 3 --reward-mode objective --objectives tardiness_sq --lambda-late 1.0 --lambda-energy 1.0 --power-model linear --difficulty off_tf05 --timesteps 100000 --save-tag tune_off_tf05_o3wnm_a2c_t8 --n-envs 4 --vec-backend subproc --seed 0 --algo a2c --markov-obs --work-conserving --window-size 20 --learning-rate 0.000709158 --rollout-size 20 --gamma 0.995 --gae-lambda 0.95 --ent-coef 0.011308"}}
{"op_code":7,"worker_id":"04231699-ece5-41ff-be31-ca9e340aec06-28060","trial_id":8,"step":25000,"intermediate_value":170110.2}
{"op_code":6,"worker_id":"04231699-ece5-41ff-be31-ca9e340aec06-28060","trial_id":8,"state":2,"values":[170110.2],"datetime_complete":"2026-10-06T07:25:12.591616"}
{"op_code":4,"worker_id":"04231699-ece5-41ff-be31-ca9e340aec06-28060","study_id":0,"datetime_start":"2026-10-06T07:25:12.865552"}
{"op_code":5,"worker_id":"04231699-ece5-41ff-be31-ca9e340aec06-28060","trial_id":9,"param_name":"learning-rate","param_value_internal":0.00010160984472195724,"distribution":"{\"name\": \"FloatDistribution\", \"attributes\": {\"step\": null, \"low\": 0.0001, \"high\": 0.003, \"log\": true}}"}
{"op_code":5,"worker_id":"04231699-ece5-41ff-be31-ca9e340aec06-28060","trial_id":9,"param_name":"rollout-size","param_value_internal":2,"distribution":"{\"name\": \"CategoricalDistribution\", \"attributes\": {\"choices\": [20, 80, 320]}}"}
{"op_code":5,"worker_id":"04231699-ece5-41ff-be31-ca9e340aec06-28060","trial_id":9,"param_name":"gamma","param_value_internal":0,"distribution":"{\"name\": \"CategoricalDistribution\", \"attributes\": {\"choices\": [0.99, 0.995, 0.999]}}"}
{"op_code":5,"worker_id":"04231699-ece5-41ff-be31-ca9e340aec06-28060","trial_id":9,"param_name":"gae-lambda","param_value_internal":0,"distribution":"{\"name\": \"CategoricalDistribution\", \"attributes\": {\"choices\": [0.9, 0.95, 1.0]}}"}
{"op_code":5,"worker_id":"04231699-ece5-41ff-be31-ca9e340aec06-28060","trial_id":9,"param_name":"ent-coef","param_value_internal":0.02291262392205817,"distribution":"{\"name\": \"FloatDistribution\", \"attributes\": {\"step\": null, \"low\": 0.0001, \"high\": 0.03, \"log\": true}}"}
{"op_code":8,"worker_id":"04231699-ece5-41ff-be31-ca9e340aec06-28060","trial_id":9,"user_attr":{"train_argv":"--option 3 --reward-mode objective --objectives tardiness_sq --lambda-late 1.0 --lambda-energy 1.0 --power-model linear --difficulty off_tf05 --timesteps 100000 --save-tag tune_off_tf05_o3wnm_a2c_t9 --n-envs 4 --vec-backend subproc --seed 0 --algo a2c --markov-obs --work-conserving --window-size 20 --learning-rate 0.00010161 --rollout-size 320 --gamma 0.99 --gae-lambda 0.9 --ent-coef 0.0229126"}}
{"op_code":7,"worker_id":"04231699-ece5-41ff-be31-ca9e340aec06-28060","trial_id":9,"step":25000,"intermediate_value":81445.4}
{"op_code":7,"worker_id":"04231699-ece5-41ff-be31-ca9e340aec06-28060","trial_id":9,"step":50000,"intermediate_value":75958.4}
{"op_code":0,"worker_id":"52d6aefc-0da8-4529-aeb8-cba1356be984-32928","study_name":"off_tf05_o3wnm_a2c","directions":[1]}
{"op_code":7,"worker_id":"04231699-ece5-41ff-be31-ca9e340aec06-28060","trial_id":9,"step":75000,"intermediate_value":69172.6}
{"op_code":6,"worker_id":"04231699-ece5-41ff-be31-ca9e340aec06-28060","trial_id":9,"state":1,"values":[70968.55],"datetime_complete":"2026-10-06T07:26:30.298041"}
{"op_code":4,"worker_id":"04231699-ece5-41ff-be31-ca9e340aec06-28060","study_id":0,"datetime_start":"2026-10-06T07:26:30.441436"}
{"op_code":5,"worker_id":"04231699-ece5-41ff-be31-ca9e340aec06-28060","trial_id":10,"param_name":"learning-rate","param_value_internal":0.0024518098818580836,"distribution":"{\"name\": \"FloatDistribution\", \"attributes\": {\"step\": null, \"low\": 0.0001, \"high\": 0.003, \"log\": true}}"}
{"op_code":5,"worker_id":"04231699-ece5-41ff-be31-ca9e340aec06-28060","trial_id":10,"param_name":"rollout-size","param_value_internal":2,"distribution":"{\"name\": \"CategoricalDistribution\", \"attributes\": {\"choices\": [20, 80, 320]}}"}
{"op_code":5,"worker_id":"04231699-ece5-41ff-be31-ca9e340aec06-28060","trial_id":10,"param_name":"gamma","param_value_internal":2,"distribution":"{\"name\": \"CategoricalDistribution\", \"attributes\": {\"choices\": [0.99, 0.995, 0.999]}}"}
{"op_code":5,"worker_id":"04231699-ece5-41ff-be31-ca9e340aec06-28060","trial_id":10,"param_name":"gae-lambda","param_value_internal":0,"distribution":"{\"name\": \"CategoricalDistribution\", \"attributes\": {\"choices\": [0.9, 0.95, 1.0]}}"}
{"op_code":5,"worker_id":"04231699-ece5-41ff-be31-ca9e340aec06-28060","trial_id":10,"param_name":"ent-coef","param_value_internal":0.002544965722757289,"distribution":"{\"name\": \"FloatDistribution\", \"attributes\": {\"step\": null, \"low\": 0.0001, \"high\": 0.03, \"log\": true}}"}
{"op_code":8,"worker_id":"04231699-ece5-41ff-be31-ca9e340aec06-28060","trial_id":10,"user_attr":{"train_argv":"--option 3 --reward-mode objective --objectives tardiness_sq --lambda-late 1.0 --lambda-energy 1.0 --power-model linear --difficulty off_tf05 --timesteps 100000 --save-tag tune_off_tf05_o3wnm_a2c_t10 --n-envs 4 --vec-backend subproc --seed 0 --algo a2c --markov-obs --work-conserving --window-size 20 --learning-rate 0.00245181 --rollout-size 320 --gamma 0.999 --gae-lambda 0.9 --ent-coef 0.00254497"}}
{"op_code":7,"worker_id":"04231699-ece5-41ff-be31-ca9e340aec06-28060","trial_id":10,"step":25000,"intermediate_value":80550.4}
{"op_code":7,"worker_id":"04231699-ece5-41ff-be31-ca9e340aec06-28060","trial_id":10,"step":50000,"intermediate_value":53284.4}
{"op_code":7,"worker_id":"04231699-ece5-41ff-be31-ca9e340aec06-28060","trial_id":10,"step":75000,"intermediate_value":68760.2}
{"op_code":6,"worker_id":"04231699-ece5-41ff-be31-ca9e340aec06-28060","trial_id":10,"state":1,"values":[48998.9],"datetime_complete":"2026-10-06T07:27:47.279174"}
{"op_code":4,"worker_id":"04231699-ece5-41ff-be31-ca9e340aec06-28060","study_id":0,"datetime_start":"2026-10-06T07:27:47.459197"}
{"op_code":5,"worker_id":"04231699-ece5-41ff-be31-ca9e340aec06-28060","trial_id":11,"param_name":"learning-rate","param_value_internal":0.002815241344156839,"distribution":"{\"name\": \"FloatDistribution\", \"attributes\": {\"step\": null, \"low\": 0.0001, \"high\": 0.003, \"log\": true}}"}
{"op_code":5,"worker_id":"04231699-ece5-41ff-be31-ca9e340aec06-28060","trial_id":11,"param_name":"rollout-size","param_value_internal":2,"distribution":"{\"name\": \"CategoricalDistribution\", \"attributes\": {\"choices\": [20, 80, 320]}}"}
{"op_code":5,"worker_id":"04231699-ece5-41ff-be31-ca9e340aec06-28060","trial_id":11,"param_name":"gamma","param_value_internal":2,"distribution":"{\"name\": \"CategoricalDistribution\", \"attributes\": {\"choices\": [0.99, 0.995, 0.999]}}"}
{"op_code":5,"worker_id":"04231699-ece5-41ff-be31-ca9e340aec06-28060","trial_id":11,"param_name":"gae-lambda","param_value_internal":0,"distribution":"{\"name\": \"CategoricalDistribution\", \"attributes\": {\"choices\": [0.9, 0.95, 1.0]}}"}
{"op_code":5,"worker_id":"04231699-ece5-41ff-be31-ca9e340aec06-28060","trial_id":11,"param_name":"ent-coef","param_value_internal":0.001770940400418589,"distribution":"{\"name\": \"FloatDistribution\", \"attributes\": {\"step\": null, \"low\": 0.0001, \"high\": 0.03, \"log\": true}}"}
{"op_code":8,"worker_id":"04231699-ece5-41ff-be31-ca9e340aec06-28060","trial_id":11,"user_attr":{"train_argv":"--option 3 --reward-mode objective --objectives tardiness_sq --lambda-late 1.0 --lambda-energy 1.0 --power-model linear --difficulty off_tf05 --timesteps 100000 --save-tag tune_off_tf05_o3wnm_a2c_t11 --n-envs 4 --vec-backend subproc --seed 0 --algo a2c --markov-obs --work-conserving --window-size 20 --learning-rate 0.00281524 --rollout-size 320 --gamma 0.999 --gae-lambda 0.9 --ent-coef 0.00177094"}}
{"op_code":7,"worker_id":"04231699-ece5-41ff-be31-ca9e340aec06-28060","trial_id":11,"step":25000,"intermediate_value":74441.4}
{"op_code":7,"worker_id":"04231699-ece5-41ff-be31-ca9e340aec06-28060","trial_id":11,"step":50000,"intermediate_value":76517.8}
{"op_code":7,"worker_id":"04231699-ece5-41ff-be31-ca9e340aec06-28060","trial_id":11,"step":75000,"intermediate_value":76625.4}
{"op_code":6,"worker_id":"04231699-ece5-41ff-be31-ca9e340aec06-28060","trial_id":11,"state":1,"values":[79916.2],"datetime_complete":"2026-10-06T07:29:05.300163"}
{"op_code":4,"worker_id":"04231699-ece5-41ff-be31-ca9e340aec06-28060","study_id":0,"datetime_start":"2026-10-06T07:29:05.553612"}
{"op_code":5,"worker_id":"04231699-ece5-41ff-be31-ca9e340aec06-28060","trial_id":12,"param_name":"learning-rate","param_value_internal":0.00026561373898849783,"distribution":"{\"name\": \"FloatDistribution\", \"attributes\": {\"step\": null, \"low\": 0.0001, \"high\": 0.003, \"log\": true}}"}
{"op_code":5,"worker_id":"04231699-ece5-41ff-be31-ca9e340aec06-28060","trial_id":12,"param_name":"rollout-size","param_value_internal":2,"distribution":"{\"name\": \"CategoricalDistribution\", \"attributes\": {\"choices\": [20, 80, 320]}}"}
{"op_code":5,"worker_id":"04231699-ece5-41ff-be31-ca9e340aec06-28060","trial_id":12,"param_name":"gamma","param_value_internal":2,"distribution":"{\"name\": \"CategoricalDistribution\", \"attributes\": {\"choices\": [0.99, 0.995, 0.999]}}"}
{"op_code":5,"worker_id":"04231699-ece5-41ff-be31-ca9e340aec06-28060","trial_id":12,"param_name":"gae-lambda","param_value_internal":0,"distribution":"{\"name\": \"CategoricalDistribution\", \"attributes\": {\"choices\": [0.9, 0.95, 1.0]}}"}
{"op_code":5,"worker_id":"04231699-ece5-41ff-be31-ca9e340aec06-28060","trial_id":12,"param_name":"ent-coef","param_value_internal":0.0027133273544571574,"distribution":"{\"name\": \"FloatDistribution\", \"attributes\": {\"step\": null, \"low\": 0.0001, \"high\": 0.03, \"log\": true}}"}
{"op_code":8,"worker_id":"04231699-ece5-41ff-be31-ca9e340aec06-28060","trial_id":12,"user_attr":{"train_argv":"--option 3 --reward-mode objective --objectives tardiness_sq --lambda-late 1.0 --lambda-energy 1.0 --power-model linear --difficulty off_tf05 --timesteps 100000 --save-tag tune_off_tf05_o3wnm_a2c_t12 --n-envs 4 --vec-backend subproc --seed 0 --algo a2c --markov-obs --work-conserving --window-size 20 --learning-rate 0.000265614 --rollout-size 320 --gamma 0.999 --gae-lambda 0.9 --ent-coef 0.00271333"}}
{"op_code":7,"worker_id":"04231699-ece5-41ff-be31-ca9e340aec06-28060","trial_id":12,"step":25000,"intermediate_value":89378.0}
{"op_code":6,"worker_id":"04231699-ece5-41ff-be31-ca9e340aec06-28060","trial_id":12,"state":2,"values":[89378.0],"datetime_complete":"2026-10-06T07:29:27.009460"}
{"op_code":4,"worker_id":"04231699-ece5-41ff-be31-ca9e340aec06-28060","study_id":0,"datetime_start":"2026-10-06T07:29:27.217889"}
{"op_code":5,"worker_id":"04231699-ece5-41ff-be31-ca9e340aec06-28060","trial_id":13,"param_name":"learning-rate","param_value_internal":0.00030225590755421236,"distribution":"{\"name\": \"FloatDistribution\", \"attributes\": {\"step\": null, \"low\": 0.0001, \"high\": 0.003, \"log\": true}}"}
{"op_code":5,"worker_id":"04231699-ece5-41ff-be31-ca9e340aec06-28060","trial_id":13,"param_name":"rollout-size","param_value_internal":2,"distribution":"{\"name\": \"CategoricalDistribution\", \"attributes\": {\"choices\": [20, 80, 320]}}"}
{"op_code":5,"worker_id":"04231699-ece5-41ff-be31-ca9e340aec06-28060","trial_id":13,"param_name":"gamma","param_value_internal":2,"distribution":"{\"name\": \"CategoricalDistribution\", \"attributes\": {\"choices\": [0.99, 0.995, 0.999]}}"}
{"op_code":5,"worker_id":"04231699-ece5-41ff-be31-ca9e340aec06-28060","trial_id":13,"param_name":"gae-lambda","param_value_internal":0,"distribution":"{\"name\": \"CategoricalDistribution\", \"attributes\": {\"choices\": [0.9, 0.95, 1.0]}}"}
{"op_code":5,"worker_id":"04231699-ece5-41ff-be31-ca9e340aec06-28060","trial_id":13,"param_name":"ent-coef","param_value_internal":0.00015215230204215695,"distribution":"{\"name\": \"FloatDistribution\", \"attributes\": {\"step\": null, \"low\": 0.0001, \"high\": 0.03, \"log\": true}}"}
{"op_code":8,"worker_id":"04231699-ece5-41ff-be31-ca9e340aec06-28060","trial_id":13,"user_attr":{"train_argv":"--option 3 --reward-mode objective --objectives tardiness_sq --lambda-late 1.0 --lambda-energy 1.0 --power-model linear --difficulty off_tf05 --timesteps 100000 --save-tag tune_off_tf05_o3wnm_a2c_t13 --n-envs 4 --vec-backend subproc --seed 0 --algo a2c --markov-obs --work-conserving --window-size 20 --learning-rate 0.000302256 --rollout-size 320 --gamma 0.999 --gae-lambda 0.9 --ent-coef 0.000152152"}}
{"op_code":7,"worker_id":"04231699-ece5-41ff-be31-ca9e340aec06-28060","trial_id":13,"step":25000,"intermediate_value":70442.2}
{"op_code":7,"worker_id":"04231699-ece5-41ff-be31-ca9e340aec06-28060","trial_id":13,"step":50000,"intermediate_value":63979.4}
{"op_code":7,"worker_id":"04231699-ece5-41ff-be31-ca9e340aec06-28060","trial_id":13,"step":75000,"intermediate_value":63553.0}
{"op_code":6,"worker_id":"04231699-ece5-41ff-be31-ca9e340aec06-28060","trial_id":13,"state":1,"values":[65277.55],"datetime_complete":"2026-10-06T07:30:43.738544"}
{"op_code":4,"worker_id":"04231699-ece5-41ff-be31-ca9e340aec06-28060","study_id":0,"datetime_start":"2026-10-06T07:30:43.970494"}
{"op_code":5,"worker_id":"04231699-ece5-41ff-be31-ca9e340aec06-28060","trial_id":14,"param_name":"learning-rate","param_value_internal":0.0003390413631311585,"distribution":"{\"name\": \"FloatDistribution\", \"attributes\": {\"step\": null, \"low\": 0.0001, \"high\": 0.003, \"log\": true}}"}
{"op_code":5,"worker_id":"04231699-ece5-41ff-be31-ca9e340aec06-28060","trial_id":14,"param_name":"rollout-size","param_value_internal":2,"distribution":"{\"name\": \"CategoricalDistribution\", \"attributes\": {\"choices\": [20, 80, 320]}}"}
{"op_code":5,"worker_id":"04231699-ece5-41ff-be31-ca9e340aec06-28060","trial_id":14,"param_name":"gamma","param_value_internal":2,"distribution":"{\"name\": \"CategoricalDistribution\", \"attributes\": {\"choices\": [0.99, 0.995, 0.999]}}"}
{"op_code":5,"worker_id":"04231699-ece5-41ff-be31-ca9e340aec06-28060","trial_id":14,"param_name":"gae-lambda","param_value_internal":0,"distribution":"{\"name\": \"CategoricalDistribution\", \"attributes\": {\"choices\": [0.9, 0.95, 1.0]}}"}
{"op_code":5,"worker_id":"04231699-ece5-41ff-be31-ca9e340aec06-28060","trial_id":14,"param_name":"ent-coef","param_value_internal":0.0037533424173867604,"distribution":"{\"name\": \"FloatDistribution\", \"attributes\": {\"step\": null, \"low\": 0.0001, \"high\": 0.03, \"log\": true}}"}
{"op_code":8,"worker_id":"04231699-ece5-41ff-be31-ca9e340aec06-28060","trial_id":14,"user_attr":{"train_argv":"--option 3 --reward-mode objective --objectives tardiness_sq --lambda-late 1.0 --lambda-energy 1.0 --power-model linear --difficulty off_tf05 --timesteps 100000 --save-tag tune_off_tf05_o3wnm_a2c_t14 --n-envs 4 --vec-backend subproc --seed 0 --algo a2c --markov-obs --work-conserving --window-size 20 --learning-rate 0.000339041 --rollout-size 320 --gamma 0.999 --gae-lambda 0.9 --ent-coef 0.00375334"}}
{"op_code":7,"worker_id":"04231699-ece5-41ff-be31-ca9e340aec06-28060","trial_id":14,"step":25000,"intermediate_value":68504.2}
{"op_code":7,"worker_id":"04231699-ece5-41ff-be31-ca9e340aec06-28060","trial_id":14,"step":50000,"intermediate_value":64718.4}
{"op_code":7,"worker_id":"04231699-ece5-41ff-be31-ca9e340aec06-28060","trial_id":14,"step":75000,"intermediate_value":69348.4}
{"op_code":6,"worker_id":"04231699-ece5-41ff-be31-ca9e340aec06-28060","trial_id":14,"state":1,"values":[70773.55],"datetime_complete":"2026-10-06T07:31:59.879233"}
{"op_code":4,"worker_id":"04231699-ece5-41ff-be31-ca9e340aec06-28060","study_id":0,"datetime_start":"2026-10-06T07:32:00.057677"}
{"op_code":5,"worker_id":"04231699-ece5-41ff-be31-ca9e340aec06-28060","trial_id":15,"param_name":"learning-rate","param_value_internal":0.0015067771759620606,"distribution":"{\"name\": \"FloatDistribution\", \"attributes\": {\"step\": null, \"low\": 0.0001, \"high\": 0.003, \"log\": true}}"}
{"op_code":5,"worker_id":"04231699-ece5-41ff-be31-ca9e340aec06-28060","trial_id":15,"param_name":"rollout-size","param_value_internal":2,"distribution":"{\"name\": \"CategoricalDistribution\", \"attributes\": {\"choices\": [20, 80, 320]}}"}
{"op_code":5,"worker_id":"04231699-ece5-41ff-be31-ca9e340aec06-28060","trial_id":15,"param_name":"gamma","param_value_internal":2,"distribution":"{\"name\": \"CategoricalDistribution\", \"attributes\": {\"choices\": [0.99, 0.995, 0.999]}}"}
{"op_code":5,"worker_id":"04231699-ece5-41ff-be31-ca9e340aec06-28060","trial_id":15,"param_name":"gae-lambda","param_value_internal":0,"distribution":"{\"name\": \"CategoricalDistribution\", \"attributes\": {\"choices\": [0.9, 0.95, 1.0]}}"}
{"op_code":5,"worker_id":"04231699-ece5-41ff-be31-ca9e340aec06-28060","trial_id":15,"param_name":"ent-coef","param_value_internal":0.00030477711859818005,"distribution":"{\"name\": \"FloatDistribution\", \"attributes\": {\"step\": null, \"low\": 0.0001, \"high\": 0.03, \"log\": true}}"}
{"op_code":8,"worker_id":"04231699-ece5-41ff-be31-ca9e340aec06-28060","trial_id":15,"user_attr":{"train_argv":"--option 3 --reward-mode objective --objectives tardiness_sq --lambda-late 1.0 --lambda-energy 1.0 --power-model linear --difficulty off_tf05 --timesteps 100000 --save-tag tune_off_tf05_o3wnm_a2c_t15 --n-envs 4 --vec-backend subproc --seed 0 --algo a2c --markov-obs --work-conserving --window-size 20 --learning-rate 0.00150678 --rollout-size 320 --gamma 0.999 --gae-lambda 0.9 --ent-coef 0.000304777"}}
{"op_code":7,"worker_id":"04231699-ece5-41ff-be31-ca9e340aec06-28060","trial_id":15,"step":25000,"intermediate_value":165496.2}
{"op_code":6,"worker_id":"04231699-ece5-41ff-be31-ca9e340aec06-28060","trial_id":15,"state":2,"values":[165496.2],"datetime_complete":"2026-10-06T07:32:21.518564"}
{"op_code":4,"worker_id":"04231699-ece5-41ff-be31-ca9e340aec06-28060","study_id":0,"datetime_start":"2026-10-06T07:32:21.837691"}
{"op_code":5,"worker_id":"04231699-ece5-41ff-be31-ca9e340aec06-28060","trial_id":16,"param_name":"learning-rate","param_value_internal":0.002691176315140602,"distribution":"{\"name\": \"FloatDistribution\", \"attributes\": {\"step\": null, \"low\": 0.0001, \"high\": 0.003, \"log\": true}}"}
{"op_code":5,"worker_id":"04231699-ece5-41ff-be31-ca9e340aec06-28060","trial_id":16,"param_name":"rollout-size","param_value_internal":2,"distribution":"{\"name\": \"CategoricalDistribution\", \"attributes\": {\"choices\": [20, 80, 320]}}"}
{"op_code":5,"worker_id":"04231699-ece5-41ff-be31-ca9e340aec06-28060","trial_id":16,"param_name":"gamma","param_value_internal":0,"distribution":"{\"name\": \"CategoricalDistribution\", \"attributes\": {\"choices\": [0.99, 0.995, 0.999]}}"}
{"op_code":5,"worker_id":"04231699-ece5-41ff-be31-ca9e340aec06-28060","trial_id":16,"param_name":"gae-lambda","param_value_internal":0,"distribution":"{\"name\": \"CategoricalDistribution\", \"attributes\": {\"choices\": [0.9, 0.95, 1.0]}}"}
{"op_code":5,"worker_id":"04231699-ece5-41ff-be31-ca9e340aec06-28060","trial_id":16,"param_name":"ent-coef","param_value_internal":0.0035137634955051626,"distribution":"{\"name\": \"FloatDistribution\", \"attributes\": {\"step\": null, \"low\": 0.0001, \"high\": 0.03, \"log\": true}}"}
{"op_code":8,"worker_id":"04231699-ece5-41ff-be31-ca9e340aec06-28060","trial_id":16,"user_attr":{"train_argv":"--option 3 --reward-mode objective --objectives tardiness_sq --lambda-late 1.0 --lambda-energy 1.0 --power-model linear --difficulty off_tf05 --timesteps 100000 --save-tag tune_off_tf05_o3wnm_a2c_t16 --n-envs 4 --vec-backend subproc --seed 0 --algo a2c --markov-obs --work-conserving --window-size 20 --learning-rate 0.00269118 --rollout-size 320 --gamma 0.99 --gae-lambda 0.9 --ent-coef 0.00351376"}}
{"op_code":7,"worker_id":"04231699-ece5-41ff-be31-ca9e340aec06-28060","trial_id":16,"step":25000,"intermediate_value":65311.4}
{"op_code":7,"worker_id":"04231699-ece5-41ff-be31-ca9e340aec06-28060","trial_id":16,"step":50000,"intermediate_value":62771.2}
{"op_code":7,"worker_id":"04231699-ece5-41ff-be31-ca9e340aec06-28060","trial_id":16,"step":75000,"intermediate_value":59644.8}
{"op_code":6,"worker_id":"04231699-ece5-41ff-be31-ca9e340aec06-28060","trial_id":16,"state":1,"values":[70593.4],"datetime_complete":"2026-10-06T07:33:33.176856"}
{"op_code":4,"worker_id":"04231699-ece5-41ff-be31-ca9e340aec06-28060","study_id":0,"datetime_start":"2026-10-06T07:33:33.408999"}
{"op_code":5,"worker_id":"04231699-ece5-41ff-be31-ca9e340aec06-28060","trial_id":17,"param_name":"learning-rate","param_value_internal":0.0012193442497244998,"distribution":"{\"name\": \"FloatDistribution\", \"attributes\": {\"step\": null, \"low\": 0.0001, \"high\": 0.003, \"log\": true}}"}
{"op_code":5,"worker_id":"04231699-ece5-41ff-be31-ca9e340aec06-28060","trial_id":17,"param_name":"rollout-size","param_value_internal":2,"distribution":"{\"name\": \"CategoricalDistribution\", \"attributes\": {\"choices\": [20, 80, 320]}}"}
{"op_code":5,"worker_id":"04231699-ece5-41ff-be31-ca9e340aec06-28060","trial_id":17,"param_name":"gamma","param_value_internal":2,"distribution":"{\"name\": \"CategoricalDistribution\", \"attributes\": {\"choices\": [0.99, 0.995, 0.999]}}"}
{"op_code":5,"worker_id":"04231699-ece5-41ff-be31-ca9e340aec06-28060","trial_id":17,"param_name":"gae-lambda","param_value_internal":0,"distribution":"{\"name\": \"CategoricalDistribution\", \"attributes\": {\"choices\": [0.9, 0.95, 1.0]}}"}
{"op_code":5,"worker_id":"04231699-ece5-41ff-be31-ca9e340aec06-28060","trial_id":17,"param_name":"ent-coef","param_value_internal":0.00011042362061341757,"distribution":"{\"name\": \"FloatDistribution\", \"attributes\": {\"step\": null, \"low\": 0.0001, \"high\": 0.03, \"log\": true}}"}
{"op_code":8,"worker_id":"04231699-ece5-41ff-be31-ca9e340aec06-28060","trial_id":17,"user_attr":{"train_argv":"--option 3 --reward-mode objective --objectives tardiness_sq --lambda-late 1.0 --lambda-energy 1.0 --power-model linear --difficulty off_tf05 --timesteps 100000 --save-tag tune_off_tf05_o3wnm_a2c_t17 --n-envs 4 --vec-backend subproc --seed 0 --algo a2c --markov-obs --work-conserving --window-size 20 --learning-rate 0.00121934 --rollout-size 320 --gamma 0.999 --gae-lambda 0.9 --ent-coef 0.000110424"}}
{"op_code":7,"worker_id":"04231699-ece5-41ff-be31-ca9e340aec06-28060","trial_id":17,"step":25000,"intermediate_value":136666.6}
{"op_code":6,"worker_id":"04231699-ece5-41ff-be31-ca9e340aec06-28060","trial_id":17,"state":2,"values":[136666.6],"datetime_complete":"2026-10-06T07:33:54.864006"}
{"op_code":4,"worker_id":"04231699-ece5-41ff-be31-ca9e340aec06-28060","study_id":0,"datetime_start":"2026-10-06T07:33:55.058877"}
{"op_code":5,"worker_id":"04231699-ece5-41ff-be31-ca9e340aec06-28060","trial_id":18,"param_name":"learning-rate","param_value_internal":0.0002608948223644747,"distribution":"{\"name\": \"FloatDistribution\", \"attributes\": {\"step\": null, \"low\": 0.0001, \"high\": 0.003, \"log\": true}}"}
{"op_code":5,"worker_id":"04231699-ece5-41ff-be31-ca9e340aec06-28060","trial_id":18,"param_name":"rollout-size","param_value_internal":2,"distribution":"{\"name\": \"CategoricalDistribution\", \"attributes\": {\"choices\": [20, 80, 320]}}"}
{"op_code":5,"worker_id":"04231699-ece5-41ff-be31-ca9e340aec06-28060","trial_id":18,"param_name":"gamma","param_value_internal":2,"distribution":"{\"name\": \"CategoricalDistribution\", \"attributes\": {\"choices\": [0.99, 0.995, 0.999]}}"}
{"op_code":5,"worker_id":"04231699-ece5-41ff-be31-ca9e340aec06-28060","trial_id":18,"param_name":"gae-lambda","param_value_internal":0,"distribution":"{\"name\": \"CategoricalDistribution\", \"attributes\": {\"choices\": [0.9, 0.95, 1.0]}}"}
{"op_code":5,"worker_id":"04231699-ece5-41ff-be31-ca9e340aec06-28060","trial_id":18,"param_name":"ent-coef","param_value_internal":0.0008231029501693342,"distribution":"{\"name\": \"FloatDistribution\", \"attributes\": {\"step\": null, \"low\": 0.0001, \"high\": 0.03, \"log\": true}}"}
{"op_code":8,"worker_id":"04231699-ece5-41ff-be31-ca9e340aec06-28060","trial_id":18,"user_attr":{"train_argv":"--option 3 --reward-mode objective --objectives tardiness_sq --lambda-late 1.0 --lambda-energy 1.0 --power-model linear --difficulty off_tf05 --timesteps 100000 --save-tag tune_off_tf05_o3wnm_a2c_t18 --n-envs 4 --vec-backend subproc --seed 0 --algo a2c --markov-obs --work-conserving --window-size 20 --learning-rate 0.000260895 --rollout-size 320 --gamma 0.999 --gae-lambda 0.9 --ent-coef 0.000823103"}}
{"op_code":7,"worker_id":"04231699-ece5-41ff-be31-ca9e340aec06-28060","trial_id":18,"step":25000,"intermediate_value":75919.2}
{"op_code":7,"worker_id":"04231699-ece5-41ff-be31-ca9e340aec06-28060","trial_id":18,"step":50000,"intermediate_value":75995.2}
{"op_code":7,"worker_id":"04231699-ece5-41ff-be31-ca9e340aec06-28060","trial_id":18,"step":75000,"intermediate_value":70680.4}
{"op_code":6,"worker_id":"04231699-ece5-41ff-be31-ca9e340aec06-28060","trial_id":18,"state":1,"values":[72111.35],"datetime_complete":"2026-10-06T07:35:09.906662"}
{"op_code":4,"worker_id":"04231699-ece5-41ff-be31-ca9e340aec06-28060","study_id":0,"datetime_start":"2026-10-06T07:35:10.102612"}
{"op_code":5,"worker_id":"04231699-ece5-41ff-be31-ca9e340aec06-28060","trial_id":19,"param_name":"learning-rate","param_value_internal":0.0020215065860146597,"distribution":"{\"name\": \"FloatDistribution\", \"attributes\": {\"step\": null, \"low\": 0.0001, \"high\": 0.003, \"log\": true}}"}
{"op_code":5,"worker_id":"04231699-ece5-41ff-be31-ca9e340aec06-28060","trial_id":19,"param_name":"rollout-size","param_value_internal":2,"distribution":"{\"name\": \"CategoricalDistribution\", \"attributes\": {\"choices\": [20, 80, 320]}}"}
{"op_code":5,"worker_id":"04231699-ece5-41ff-be31-ca9e340aec06-28060","trial_id":19,"param_name":"gamma","param_value_internal":0,"distribution":"{\"name\": \"CategoricalDistribution\", \"attributes\": {\"choices\": [0.99, 0.995, 0.999]}}"}
{"op_code":5,"worker_id":"04231699-ece5-41ff-be31-ca9e340aec06-28060","trial_id":19,"param_name":"gae-lambda","param_value_internal":2,"distribution":"{\"name\": \"CategoricalDistribution\", \"attributes\": {\"choices\": [0.9, 0.95, 1.0]}}"}
{"op_code":5,"worker_id":"04231699-ece5-41ff-be31-ca9e340aec06-28060","trial_id":19,"param_name":"ent-coef","param_value_internal":0.006179960296320024,"distribution":"{\"name\": \"FloatDistribution\", \"attributes\": {\"step\": null, \"low\": 0.0001, \"high\": 0.03, \"log\": true}}"}
{"op_code":8,"worker_id":"04231699-ece5-41ff-be31-ca9e340aec06-28060","trial_id":19,"user_attr":{"train_argv":"--option 3 --reward-mode objective --objectives tardiness_sq --lambda-late 1.0 --lambda-energy 1.0 --power-model linear --difficulty off_tf05 --timesteps 100000 --save-tag tune_off_tf05_o3wnm_a2c_t19 --n-envs 4 --vec-backend subproc --seed 0 --algo a2c --markov-obs --work-conserving --window-size 20 --learning-rate 0.00202151 --rollout-size 320 --gamma 0.99 --gae-lambda 1 --ent-coef 0.00617996"}}
{"op_code":7,"worker_id":"04231699-ece5-41ff-be31-ca9e340aec06-28060","trial_id":19,"step":25000,"intermediate_value":66297.2}
{"op_code":7,"worker_id":"04231699-ece5-41ff-be31-ca9e340aec06-28060","trial_id":19,"step":50000,"intermediate_value":78929.8}
{"op_code":7,"worker_id":"04231699-ece5-41ff-be31-ca9e340aec06-28060","trial_id":19,"step":75000,"intermediate_value":54740.8}
{"op_code":6,"worker_id":"04231699-ece5-41ff-be31-ca9e340aec06-28060","trial_id":19,"state":1,"values":[58767.5],"datetime_complete":"2026-10-06T07:36:26.003736"}
{"op_code":0,"worker_id":"14a5d8e1-e69e-4975-83f6-b59d72737549-34464","study_name":"off_tf05_o3wnm_a2c","directions":[1]}
{"op_code":0,"worker_id":"6a46981a-dd69-4f10-965e-0ca645fe148b-7220","study_name":"off_tf05_o3wnm_a2c","directions":[1]}
{"op_code":0,"worker_id":"07133504-9999-41bf-bd8a-70d0a283c4ac-4620","study_name":"off_tf05_o3wnm_a2c","directions":[1]}
{"op_code":0,"worker_id":"23078546-64d0-4f0d-a388-4f44c2636a64-17656","study_name":"off_tf05_o3wnm_a2c","directions":[1]}
{"op_code":0,"worker_id":"17dbfdc6-9dfc-48a3-9b57-cfe81dcac817-31804","study_name":"off_tf05_o3wnm_a2c","directions":[1]}
{"op_code":0,"worker_id":"b92a901e-ae76-4411-beb8-94afba67c7c0-4492","study_name":"off_tf05_o3wnm_a2c","directions":[1]}
