{"op_code":0,"worker_id":"d24494ce-e498-4f43-8d43-b32e138c1d03-36216","study_name":"on_rho095_o2nm_a2c","directions":[1]}
{"op_code":4,"worker_id":"d24494ce-e498-4f43-8d43-b32e138c1d03-36216","study_id":0,"datetime_start":"2026-10-06T04:20:19.126231"}
{"op_code":5,"worker_id":"d24494ce-e498-4f43-8d43-b32e138c1d03-36216","trial_id":0,"param_name":"learning-rate","param_value_internal":0.0006466422717414558,"distribution":"{\"name\": \"FloatDistribution\", \"attributes\": {\"step\": null, \"low\": 0.0001, \"high\": 0.003, \"log\": true}}"}
{"op_code":5,"worker_id":"d24494ce-e498-4f43-8d43-b32e138c1d03-36216","trial_id":0,"param_name":"rollout-size","param_value_internal":0,"distribution":"{\"name\": \"CategoricalDistribution\", \"attributes\": {\"choices\": [20, 80, 320]}}"}
{"op_code":5,"worker_id":"d24494ce-e498-4f43-8d43-b32e138c1d03-36216","trial_id":0,"param_name":"gamma","param_value_internal":1,"distribution":"{\"name\": \"CategoricalDistribution\", \"attributes\": {\"choices\": [0.99, 0.995, 0.999]}}"}
{"op_code":5,"worker_id":"d24494ce-e498-4f43-8d43-b32e138c1d03-36216","trial_id":0,"param_name":"gae-lambda","param_value_internal":1,"distribution":"{\"name\": \"CategoricalDistribution\", \"attributes\": {\"choices\": [0.9, 0.95, 1.0]}}"}
{"op_code":5,"worker_id":"d24494ce-e498-4f43-8d43-b32e138c1d03-36216","trial_id":0,"param_name":"ent-coef","param_value_internal":0.009145320282946534,"distribution":"{\"name\": \"FloatDistribution\", \"attributes\": {\"step\": null, \"low\": 0.0001, \"high\": 0.03, \"log\": true}}"}
{"op_code":8,"worker_id":"d24494ce-e498-4f43-8d43-b32e138c1d03-36216","trial_id":0,"user_attr":{"train_argv":"--option 2 --reward-mode objective --objectives tardiness_sq --lambda-late 1.0 --lambda-energy 1.0 --power-model linear --difficulty on_rho095 --timesteps 100000 --save-tag tune_on_rho095_o2nm_a2c_t0 --n-envs 4 --vec-backend subproc --seed 0 --algo a2c --markov-obs --work-conserving --learning-rate 0.000646642 --rollout-size 20 --gamma 0.995 --gae-lambda 0.95 --ent-coef 0.00914532"}}
{"op_code":7,"worker_id":"d24494ce-e498-4f43-8d43-b32e138c1d03-36216","trial_id":0,"step":25000,"intermediate_value":267697.4}
{"op_code":7,"worker_id":"d24494ce-e498-4f43-8d43-b32e138c1d03-36216","trial_id":0,"step":50000,"intermediate_value":352236.8}
{"op_code":0,"worker_id":"727b3778-57d1-4908-8e88-31beae61c302-31748","study_name":"on_rho095_o2nm_a2c","directions":[1]}
{"op_code":7,"worker_id":"d24494ce-e498-4f43-8d43-b32e138c1d03-36216","trial_id":0,"step":75000,"intermediate_value":287510.6}
{"op_code":6,"worker_id":"d24494ce-e498-4f43-8d43-b32e138c1d03-36216","trial_id":0,"state":1,"values":[340224.35],"datetime_complete":"2026-10-06T04:30:07.060438"}
{"op_code":4,"worker_id":"d24494ce-e498-4f43-8d43-b32e138c1d03-36216","study_id":0,"datetime_start":"2026-10-06T04:30:07.327741"}
{"op_code":5,"worker_id":"d24494ce-e498-4f43-8d43-b32e138c1d03-36216","trial_id":1,"param_name":"learning-rate","param_value_internal":0.0006042851578845063,"distribution":"{\"name\": \"FloatDistribution\", \"attributes\": {\"step\": null, \"low\": 0.0001, \"high\": 0.003, \"log\": true}}"}
{"op_code":5,"worker_id":"d24494ce-e498-4f43-8d43-b32e138c1d03-36216","trial_id":1,"param_name":"rollout-size","param_value_internal":1,"distribution":"{\"name\": \"CategoricalDistribution\", \"attributes\": {\"choices\": [20, 80, 320]}}"}
{"op_code":5,"worker_id":"d24494ce-e498-4f43-8d43-b32e138c1d03-36216","trial_id":1,"param_name":"gamma","param_value_internal":2,"distribution":"{\"name\": \"CategoricalDistribution\", \"attributes\": {\"choices\": [0.99, 0.995, 0.999]}}"}
{"op_code":5,"worker_id":"d24494ce-e498-4f43-8d43-b32e138c1d03-36216","trial_id":1,"param_name":"gae-lambda","param_value_internal":2,"distribution":"{\"name\": \"CategoricalDistribution\", \"attributes\": {\"choices\": [0.9, 0.95, 1.0]}}"}
{"op_code":5,"worker_id":"d24494ce-e498-4f43-8d43-b32e138c1d03-36216","trial_id":1,"param_name":"ent-coef","param_value_internal":0.009541412354586892,"distribution":"{\"name\": \"FloatDistribution\", \"attributes\": {\"step\": null, \"low\": 0.0001, \"high\": 0.03, \"log\": true}}"}
{"op_code":8,"worker_id":"d24494ce-e498-4f43-8d43-b32e138c1d03-36216","trial_id":1,"user_attr":{"train_argv":"--option 2 --reward-mode objective --objectives tardiness_sq --lambda-late 1.0 --lambda-energy 1.0 --power-model linear --difficulty on_rho095 --timesteps 100000 --save-tag tune_on_rho095_o2nm_a2c_t1 --n-envs 4 --vec-backend subproc --seed 0 --algo a2c --markov-obs --work-conserving --learning-rate 0.000604285 --rollout-size 80 --gamma 0.999 --gae-lambda 1 --ent-coef 0.00954141"}}
{"op_code":7,"worker_id":"d24494ce-e498-4f43-8d43-b32e138c1d03-36216","trial_id":1,"step":25000,"intermediate_value":193710.6}
{"op_code":7,"worker_id":"d24494ce-e498-4f43-8d43-b32e138c1d03-36216","trial_id":1,"step":50000,"intermediate_value":111279.2}
{"op_code":7,"worker_id":"d24494ce-e498-4f43-8d43-b32e138c1d03-36216","trial_id":1,"step":75000,"intermediate_value":80524.8}
{"op_code":6,"worker_id":"d24494ce-e498-4f43-8d43-b32e138c1d03-36216","trial_id":1,"state":1,"values":[364788.8],"datetime_complete":"2026-10-06T04:39:55.105789"}
{"op_code":4,"worker_id":"d24494ce-e498-4f43-8d43-b32e138c1d03-36216","study_id":0,"datetime_start":"2026-10-06T04:39:55.452934"}
{"op_code":5,"worker_id":"d24494ce-e498-4f43-8d43-b32e138c1d03-36216","trial_id":2,"param_name":"learning-rate","param_value_internal":0.0004804641349751479,"distribution":"{\"name\": \"FloatDistribution\", \"attributes\": {\"step\": null, \"low\": 0.0001, \"high\": 0.003, \"log\": true}}"}
{"op_code":5,"worker_id":"d24494ce-e498-4f43-8d43-b32e138c1d03-36216","trial_id":2,"param_name":"rollout-size","param_value_internal":0,"distribution":"{\"name\": \"CategoricalDistribution\", \"attributes\": {\"choices\": [20, 80, 320]}}"}
{"op_code":5,"worker_id":"d24494ce-e498-4f43-8d43-b32e138c1d03-36216","trial_id":2,"param_name":"gamma","param_value_internal":1,"distribution":"{\"name\": \"CategoricalDistribution\", \"attributes\": {\"choices\": [0.99, 0.995, 0.999]}}"}
{"op_code":5,"worker_id":"d24494ce-e498-4f43-8d43-b32e138c1d03-36216","trial_id":2,"param_name":"gae-lambda","param_value_internal":2,"distribution":"{\"name\": \"CategoricalDistribution\", \"attributes\": {\"choices\": [0.9, 0.95, 1.0]}}"}
{"op_code":5,"worker_id":"d24494ce-e498-4f43-8d43-b32e138c1d03-36216","trial_id":2,"param_name":"ent-coef","param_value_internal":0.001348775545730254,"distribution":"{\"name\": \"FloatDistribution\", \"attributes\": {\"step\": null, \"low\": 0.0001, \"high\": 0.03, \"log\": true}}"}
{"op_code":8,"worker_id":"d24494ce-e498-4f43-8d43-b32e138c1d03-36216","trial_id":2,"user_attr":{"train_argv":"--option 2 --reward-mode objective --objectives tardiness_sq --lambda-late 1.0 --lambda-energy 1.0 --power-model linear --difficulty on_rho095 --timesteps 100000 --save-tag tune_on_rho095_o2nm_a2c_t2 --n-envs 4 --vec-backend subproc --seed 0 --algo a2c --markov-obs --work-conserving --learning-rate 0.000480464 --rollout-size 20 --gamma 0.995 --gae-lambda 1 --ent-coef 0.00134878"}}
{"op_code":7,"worker_id":"d24494ce-e498-4f43-8d43-b32e138c1d03-36216","trial_id":2,"step":25000,"intermediate_value":198264.8}
{"op_code":7,"worker_id":"d24494ce-e498-4f43-8d43-b32e138c1d03-36216","trial_id":2,"step":50000,"intermediate_value":324074.0}
{"op_code":7,"worker_id":"d24494ce-e498-4f43-8d43-b32e138c1d03-36216","trial_id":2,"step":75000,"intermediate_value":350544.0}
{"op_code":6,"worker_id":"d24494ce-e498-4f43-8d43-b32e138c1d03-36216","trial_id":2,"state":1,"values":[362081.55],"datetime_complete":"2026-10-06T04:49:15.259365"}
{"op_code":4,"worker_id":"d24494ce-e498-4f43-8d43-b32e138c1d03-36216","study_id":0,"datetime_start":"2026-10-06T04:49:15.410198"}
{"op_code":5,"worker_id":"d24494ce-e498-4f43-8d43-b32e138c1d03-36216","trial_id":3,"param_name":"learning-rate","param_value_internal":0.0006912670683424538,"distribution":"{\"name\": \"FloatDistribution\", \"attributes\": {\"step\": null, \"low\": 0.0001, \"high\": 0.003, \"log\": true}}"}
{"op_code":5,"worker_id":"d24494ce-e498-4f43-8d43-b32e138c1d03-36216","trial_id":3,"param_name":"rollout-size","param_value_internal":1,"distribution":"{\"name\": \"CategoricalDistribution\", \"attributes\": {\"choices\": [20, 80, 320]}}"}
{"op_code":5,"worker_id":"d24494ce-e498-4f43-8d43-b32e138c1d03-36216","trial_id":3,"param_name":"gamma","param_value_internal":1,"distribution":"{\"name\": \"CategoricalDistribution\", \"attributes\": {\"choices\": [0.99, 0.995, 0.999]}}"}
{"op_code":5,"worker_id":"d24494ce-e498-4f43-8d43-b32e138c1d03-36216","trial_id":3,"param_name":"gae-lambda","param_value_internal":2,"distribution":"{\"name\": \"CategoricalDistribution\", \"attributes\": {\"choices\": [0.9, 0.95, 1.0]}}"}
{"op_code":5,"worker_id":"d24494ce-e498-4f43-8d43-b32e138c1d03-36216","trial_id":3,"param_name":"ent-coef","param_value_internal":0.00014098918363046996,"distribution":"{\"name\": \"FloatDistribution\", \"attributes\": {\"step\": null, \"low\": 0.0001, \"high\": 0.03, \"log\": true}}"}
{"op_code":8,"worker_id":"d24494ce-e498-4f43-8d43-b32e138c1d03-36216","trial_id":3,"user_attr":{"train_argv":"--option 2 --reward-mode objective --objectives tardiness_sq --lambda-late 1.0 --lambda-energy 1.0 --power-model linear --difficulty on_rho095 --timesteps 100000 --save-tag tune_on_rho095_o2nm_a2c_t3 --n-envs 4 --vec-backend subproc --seed 0 --algo a2c --markov-obs --work-conserving --learning-rate 0.000691267 --rollout-size 80 --gamma 0.995 --gae-lambda 1 --ent-coef 0.000140989"}}
{"op_code":7,"worker_id":"d24494ce-e498-4f43-8d43-b32e138c1d03-36216","trial_id":3,"step":25000,"intermediate_value":280133.6}
{"op_code":7,"worker_id":"d24494ce-e498-4f43-8d43-b32e138c1d03-36216","trial_id":3,"step":50000,"intermediate_value":316794.4}
{"op_code":7,"worker_id":"d24494ce-e498-4f43-8d43-b32e138c1d03-36216","trial_id":3,"step":75000,"intermediate_value":322694.2}
{"op_code":6,"worker_id":"d24494ce-e498-4f43-8d43-b32e138c1d03-36216","trial_id":3,"state":1,"values":[368836.5],"datetime_complete":"2026-10-06T04:58:24.330459"}
{"op_code":4,"worker_id":"d24494ce-e498-4f43-8d43-b32e138c1d03-36216","study_id":0,"datetime_start":"2026-10-06T04:58:24.542268"}
{"op_code":5,"worker_id":"d24494ce-e498-4f43-8d43-b32e138c1d03-36216","trial_id":4,"param_name":"learning-rate","param_value_internal":0.0009658179826892162,"distribution":"{\"name\": \"FloatDistribution\", \"attributes\": {\"step\": null, \"low\": 0.0001, \"high\": 0.003, \"log\": true}}"}
{"op_code":5,"worker_id":"d24494ce-e498-4f43-8d43-b32e138c1d03-36216","trial_id":4,"param_name":"rollout-size","param_value_internal":0,"distribution":"{\"name\": \"CategoricalDistribution\", \"attributes\": {\"choices\": [20, 80, 320]}}"}
{"op_code":5,"worker_id":"d24494ce-e498-4f43-8d43-b32e138c1d03-36216","trial_id":4,"param_name":"gamma","param_value_internal":2,"distribution":"{\"name\": \"CategoricalDistribution\", \"attributes\": {\"choices\": [0.99, 0.995, 0.999]}}"}
{"op_code":5,"worker_id":"d24494ce-e498-4f43-8d43-b32e138c1d03-36216","trial_id":4,"param_name":"gae-lambda","param_value_internal":1,"distribution":"{\"name\": \"CategoricalDistribution\", \"attributes\": {\"choices\": [0.9, 0.95, 1.0]}}"}
{"op_code":5,"worker_id":"d24494ce-e498-4f43-8d43-b32e138c1d03-36216","trial_id":4,"param_name":"ent-coef","param_value_internal":0.00032916454639831516,"distribution":"{\"name\": \"FloatDistribution\", \"attributes\": {\"step\": null, \"low\": 0.0001, \"high\": 0.03, \"log\": true}}"}
{"op_code":8,"worker_id":"d24494ce-e498-4f43-8d43-b32e138c1d03-36216","trial_id":4,"user_attr":{"train_argv":"--option 2 --reward-mode objective --objectives tardiness_sq --lambda-late 1.0 --lambda-energy 1.0 --power-model linear --difficulty on_rho095 --timesteps 100000 --save-tag tune_on_rho095_o2nm_a2c_t4 --n-envs 4 --vec-backend subproc --seed 0 --algo a2c --markov-obs --work-conserving --learning-rate 0.000965818 --rollout-size 20 --gamma 0.999 --gae-lambda 0.95 --ent-coef 0.000329165"}}
{"op_code":7,"worker_id":"d24494ce-e498-4f43-8d43-b32e138c1d03-36216","trial_id":4,"step":25000,"intermediate_value":180938.4}
{"op_code":7,"worker_id":"d24494ce-e498-4f43-8d43-b32e138c1d03-36216","trial_id":4,"step":50000,"intermediate_value":290391.2}
{"op_code":7,"worker_id":"d24494ce-e498-4f43-8d43-b32e138c1d03-36216","trial_id":4,"step":75000,"intermediate_value":318624.4}
{"op_code":6,"worker_id":"d24494ce-e498-4f43-8d43-b32e138c1d03-36216","trial_id":4,"state":1,"values":[366998.95],"datetime_complete":"2026-10-06T05:07:44.289003"}
{"op_code":4,"worker_id":"d24494ce-e498-4f43-8d43-b32e138c1d03-36216","study_id":0,"datetime_start":"2026-10-06T05:07:44.501120"}
{"op_code":5,"worker_id":"d24494ce-e498-4f43-8d43-b32e138c1d03-36216","trial_id":5,"param_name":"learning-rate","param_value_internal":0.00017309069329908935,"distribution":"{\"name\": \"FloatDistribution\", \"attributes\": {\"step\": null, \"low\": 0.0001, \"high\": 0.003, \"log\": true}}"}
{"op_code":5,"worker_id":"d24494ce-e498-4f43-8d43-b32e138c1d03-36216","trial_id":5,"param_name":"rollout-size","param_value_internal":0,"distribution":"{\"name\": \"CategoricalDistribution\", \"attributes\": {\"choices\": [20, 80, 320]}}"}
{"op_code":5,"worker_id":"d24494ce-e498-4f43-8d43-b32e138c1d03-36216","trial_id":5,"param_name":"gamma","param_value_internal":0,"distribution":"{\"name\": \"CategoricalDistribution\", \"attributes\": {\"choices\": [0.99, 0.995, 0.999]}}"}
{"op_code":5,"worker_id":"d24494ce-e498-4f43-8d43-b32e138c1d03-36216","trial_id":5,"param_name":"gae-lambda","param_value_internal":0,"distribution":"{\"name\": \"CategoricalDistribution\", \"attributes\": {\"choices\": [0.9, 0.95, 1.0]}}"}
{"op_code":5,"worker_id":"d24494ce-e498-4f43-8d43-b32e138c1d03-36216","trial_id":5,"param_name":"ent-coef","param_value_internal":0.0008191755047162099,"distribution":"{\"name\": \"FloatDistribution\", \"attributes\": {\"step\": null, \"low\": 0.0001, \"high\": 0.03, \"log\": true}}"}
{"op_code":8,"worker_id":"d24494ce-e498-4f43-8d43-b32e138c1d03-36216","trial_id":5,"user_attr":{"train_argv":"--option 2 --reward-mode objective --objectives tardiness_sq --lambda-late 1.0 --lambda-energy 1.0 --power-model linear --difficulty on_rho095 --timesteps 100000 --save-tag tune_on_rho095_o2nm_a2c_t5 --n-envs 4 --vec-backend subproc --seed 0 --algo a2c --markov-obs --work-conserving --learning-rate 0.000173091 --rollout-size 20 --gamma 0.99 --gae-lambda 0.9 --ent-coef 0.000819176"}}
{"op_code":7,"worker_id":"d24494ce-e498-4f43-8d43-b32e138c1d03-36216","trial_id":5,"step":25000,"intermediate_value":317005.0}
{"op_code":6,"worker_id":"d24494ce-e498-4f43-8d43-b32e138c1d03-36216","trial_id":5,"state":2,"values":[317005.0],"datetime_complete":"2026-10-06T05:09:52.936922"}
{"op_code":4,"worker_id":"d24494ce-e498-4f43-8d43-b32e138c1d03-36216","study_id":0,"datetime_start":"2026-10-06T05:09:53.232970"}
{"op_code":5,"worker_id":"d24494ce-e498-4f43-8d43-b32e138c1d03-36216","trial_id":6,"param_name":"learning-rate","param_value_internal":0.0016319488770709706,"distribution":"{\"name\": \"FloatDistribution\", \"attributes\": {\"step\": null, \"low\": 0.0001, \"high\": 0.003, \"log\": true}}"}
{"op_code":5,"worker_id":"d24494ce-e498-4f43-8d43-b32e138c1d03-36216","trial_id":6,"param_name":"rollout-size","param_value_internal":1,"distribution":"{\"name\": \"CategoricalDistribution\", \"attributes\": {\"choices\": [20, 80, 320]}}"}
{"op_code":5,"worker_id":"d24494ce-e498-4f43-8d43-b32e138c1d03-36216","trial_id":6,"param_name":"gamma","param_value_internal":2,"distribution":"{\"name\": \"CategoricalDistribution\", \"attributes\": {\"choices\": [0.99, 0.995, 0.999]}}"}
{"op_code":5,"worker_id":"d24494ce-e498-4f43-8d43-b32e138c1d03-36216","trial_id":6,"param_name":"gae-lambda","param_value_internal":1,"distribution":"{\"name\": \"CategoricalDistribution\", \"attributes\": {\"choices\": [0.9, 0.95, 1.0]}}"}
{"op_code":5,"worker_id":"d24494ce-e498-4f43-8d43-b32e138c1d03-36216","trial_id":6,"param_name":"ent-coef","param_value_internal":0.000501819043124292,"distribution":"{\"name\": \"FloatDistribution\", \"attributes\": {\"step\": null, \"low\": 0.0001, \"high\": 0.03, \"log\": true}}"}
{"op_code":8,"worker_id":"d24494ce-e498-4f43-8d43-b32e138c1d03-36216","trial_id":6,"user_attr":{"train_argv":"--option 2 --reward-mode objective --objectives tardiness_sq --lambda-late 1.0 --lambda-energy 1.0 --power-model linear --difficulty on_rho095 --timesteps 100000 --save-tag tune_on_rho095_o2nm_a2c_t6 --n-envs 4 --vec-backend subproc --seed 0 --algo a2c --markov-obs --work-conserving --learning-rate 0.00163195 --rollout-size 80 --gamma 0.999 --gae-lambda 0.95 --ent-coef 0.000501819"}}
{"op_code":7,"worker_id":"d24494ce-e498-4f43-8d43-b32e138c1d03-36216","trial_id":6,"step":25000,"intermediate_value":141465.4}
{"op_code":7,"worker_id":"d24494ce-e498-4f43-8d43-b32e138c1d03-36216","trial_id":6,"step":50000,"intermediate_value":353911.0}
{"op_code":7,"worker_id":"d24494ce-e498-4f43-8d43-b32e138c1d03-36216","trial_id":6,"step":75000,"intermediate_value":334668.4}
{"op_code":6,"worker_id":"d24494ce-e498-4f43-8d43-b32e138c1d03-36216","trial_id":6,"state":1,"values":[348667.95],"datetime_complete":"2026-10-06T05:19:05.095783"}
{"op_code":4,"worker_id":"d24494ce-e498-4f43-8d43-b32e138c1d03-36216","study_id":0,"datetime_start":"2026-10-06T05:19:05.328739"}
{"op_code":5,"worker_id":"d24494ce-e498-4f43-8d43-b32e138c1d03-36216","trial_id":7,"param_name":"learning-rate","param_value_internal":0.00015050290935598963,"distribution":"{\"name\": \"FloatDistribution\", \"attributes\": {\"step\": null, \"low\": 0.0001, \"high\": 0.003, \"log\": true}}"}
{"op_code":5,"worker_id":"d24494ce-e498-4f43-8d43-b32e138c1d03-36216","trial_id":7,"param_name":"rollout-size","param_value_internal":2,"distribution":"{\"name\": \"CategoricalDistribution\", \"attributes\": {\"choices\": [20, 80, 320]}}"}
{"op_code":5,"worker_id":"d24494ce-e498-4f43-8d43-b32e138c1d03-36216","trial_id":7,"param_name":"gamma","param_value_internal":2,"distribution":"{\"name\": \"CategoricalDistribution\", \"attributes\": {\"choices\": [0.99, 0.995, 0.999]}}"}
{"op_code":5,"worker_id":"d24494ce-e498-4f43-8d43-b32e138c1d03-36216","trial_id":7,"param_name":"gae-lambda","param_value_internal":0,"distribution":"{\"name\": \"CategoricalDistribution\", \"attributes\": {\"choices\": [0.9, 0.95, 1.0]}}"}
{"op_code":5,"worker_id":"d24494ce-e498-4f43-8d43-b32e138c1d03-36216","trial_id":7,"param_name":"ent-coef","param_value_internal":0.00017088424969157387,"distribution":"{\"name\": \"FloatDistribution\", \"attributes\": {\"step\": null, \"low\": 0.0001, \"high\": 0.03, \"log\": true}}"}
{"op_code":8,"worker_id":"d24494ce-e498-4f43-8d43-b32e138c1d03-36216","trial_id":7,"user_attr":{"train_argv":"--option 2 --reward-mode objective --objectives tardiness_sq --lambda-late 1.0 --lambda-energy 1.0 --power-model linear --difficulty on_rho095 --timesteps 100000 --save-tag tune_on_rho095_o2nm_a2c_t7 --n-envs 4 --vec-backend subproc --seed 0 --algo a2c --markov-obs --work-conserving --learning-rate 0.000150503 --rollout-size 320 --gamma 0.999 --gae-lambda 0.9 --ent-coef 0.000170884"}}
{"op_code":7,"worker_id":"d24494ce-e498-4f43-8d43-b32e138c1d03-36216","trial_id":7,"step":25000,"intermediate_value":181260.2}
{"op_code":7,"worker_id":"d24494ce-e498-4f43-8d43-b32e138c1d03-36216","trial_id":7,"step":50000,"intermediate_value":212496.6}
{"op_code":7,"worker_id":"d24494ce-e498-4f43-8d43-b32e138c1d03-36216","trial_id":7,"step":75000,"intermediate_value":185678.0}
{"op_code":6,"worker_id":"d24494ce-e498-4f43-8d43-b32e138c1d03-36216","trial_id":7,"state":1,"values":[206084.35],"datetime_complete":"2026-10-06T05:28:59.289935"}
{"op_code":4,"worker_id":"d24494ce-e498-4f43-8d43-b32e138c1d03-36216","study_id":0,"datetime_start":"2026-10-06T05:28:59.481034"}
{"op_code":5,"worker_id":"d24494ce-e498-4f43-8d43-b32e138c1d03-36216","trial_id":8,"param_name":"learning-rate","param_value_internal":0.0007091576793635641,"distribution":"{\"name\": \"FloatDistribution\", \"attributes\": {\"step\": null, \"low\": 0.0001, \"high\": 0.003, \"log\": true}}"}
{"op_code":5,"worker_id":"d24494ce-e498-4f43-8d43-b32e138c1d03-36216","trial_id":8,"param_name":"rollout-size","param_value_internal":0,"distribution":"{\"name\": \"CategoricalDistribution\", \"attributes\": {\"choices\": [20, 80, 320]}}"}
{"op_code":5,"worker_id":"d24494ce-e498-4f43-8d43-b32e138c1d03-36216","trial_id":8,"param_name":"gamma","param_value_internal":1,"distribution":"{\"name\": \"CategoricalDistribution\", \"attributes\": {\"choices\": [0.99, 0.995, 0.999]}}"}
{"op_code":5,"worker_id":"d24494ce-e498-4f43-8d43-b32e138c1d03-36216","trial_id":8,"param_name":"gae-lambda","param_value_internal":1,"distribution":"{\"name\": \"CategoricalDistribution\", \"attributes\": {\"choices\": [0.9, 0.95, 1.0]}}"}
{"op_code":5,"worker_id":"d24494ce-e498-4f43-8d43-b32e138c1d03-36216","trial_id":8,"param_name":"ent-coef","param_value_internal":0.011307978270179144,"distribution":"{\"name\": \"FloatDistribution\", \"attributes\": {\"step\": null, \"low\": 0.0001, \"high\": 0.03, \"log\": true}}"}
{"op_code":8,"worker_id":"d24494ce-e498-4f43-8d43-b32e138c1d03-36216","trial_id":8,"user_attr":{"train_argv":"--option 2 --reward-mode objective --objectives tardiness_sq --lambda-late 1.0 --lambda-energy 1.0 --power-model linear --difficulty on_rho095 --timesteps 100000 --save-tag tune_on_rho095_o2nm_a2c_t8 --n-envs 4 --vec-backend subproc --seed 0 --algo a2c --markov-obs --work-conserving --learning-rate 0.000709158 --rollout-size 20 --gamma 0.995 --gae-lambda 0.95 --ent-coef 0.011308"}}
{"op_code":7,"worker_id":"d24494ce-e498-4f43-8d43-b32e138c1d03-36216","trial_id":8,"step":25000,"intermediate_value":261967.2}
{"op_code":6,"worker_id":"d24494ce-e498-4f43-8d43-b32e138c1d03-36216","trial_id":8,"state":2,"values":[261967.2],"datetime_complete":"2026-10-06T05:31:05.912595"}
{"op_code":4,"worker_id":"d24494ce-e498-4f43-8d43-b32e138c1d03-36216","study_id":0,"datetime_start":"2026-10-06T05:31:06.178775"}
{"op_code":5,"worker_id":"d24494ce-e498-4f43-8d43-b32e138c1d03-36216","trial_id":9,"param_name":"learning-rate","param_value_internal":0.00010160984472195724,"distribution":"{\"name\": \"FloatDistribution\", \"attributes\": {\"step\": null, \"low\": 0.0001, \"high\": 0.003, \"log\": true}}"}
{"op_code":5,"worker_id":"d24494ce-e498-4f43-8d43-b32e138c1d03-36216","trial_id":9,"param_name":"rollout-size","param_value_internal":2,"distribution":"{\"name\": \"CategoricalDistribution\", \"attributes\": {\"choices\": [20, 80, 320]}}"}
{"op_code":5,"worker_id":"d24494ce-e498-4f43-8d43-b32e138c1d03-36216","trial_id":9,"param_name":"gamma","param_value_internal":0,"distribution":"{\"name\": \"CategoricalDistribution\", \"attributes\": {\"choices\": [0.99, 0.995, 0.999]}}"}
{"op_code":5,"worker_id":"d24494ce-e498-4f43-8d43-b32e138c1d03-36216","trial_id":9,"param_name":"gae-lambda","param_value_internal":0,"distribution":"{\"name\": \"CategoricalDistribution\", \"attributes\": {\"choices\": [0.9, 0.95, 1.0]}}"}
{"op_code":5,"worker_id":"d24494ce-e498-4f43-8d43-b32e138c1d03-36216","trial_id":9,"param_name":"ent-coef","param_value_internal":0.02291262392205817,"distribution":"{\"name\": \"FloatDistribution\", \"attributes\": {\"step\": null, \"low\": 0.0001, \"high\": 0.03, \"log\": true}}"}
{"op_code":8,"worker_id":"d24494ce-e498-4f43-8d43-b32e138c1d03-36216","trial_id":9,"user_attr":{"train_argv":"--option 2 --reward-mode objective --objectives tardiness_sq --lambda-late 1.0 --lambda-energy 1.0 --power-model linear --difficulty on_rho095 --timesteps 100000 --save-tag tune_on_rho095_o2nm_a2c_t9 --n-envs 4 --vec-backend subproc --seed 0 --algo a2c --markov-obs --work-conserving --learning-rate 0.00010161 --rollout-size 320 --gamma 0.99 --gae-lambda 0.9 --ent-coef 0.0229126"}}
{"op_code":7,"worker_id":"d24494ce-e498-4f43-8d43-b32e138c1d03-36216","trial_id":9,"step":25000,"intermediate_value":270293.0}
{"op_code":6,"worker_id":"d24494ce-e498-4f43-8d43-b32e138c1d03-36216","trial_id":9,"state":2,"values":[270293.0],"datetime_complete":"2026-10-06T05:33:29.312596"}
{"op_code":4,"worker_id":"d24494ce-e498-4f43-8d43-b32e138c1d03-36216","study_id":0,"datetime_start":"2026-10-06T05:33:29.531385"}
{"op_code":5,"worker_id":"d24494ce-e498-4f43-8d43-b32e138c1d03-36216","trial_id":10,"param_name":"learning-rate","param_value_internal":0.0024518098818580836,"distribution":"{\"name\": \"FloatDistribution\", \"attributes\": {\"step\": null, \"low\": 0.0001, \"high\": 0.003, \"log\": true}}"}
{"op_code":5,"worker_id":"d24494ce-e498-4f43-8d43-b32e138c1d03-36216","trial_id":10,"param_name":"rollout-size","param_value_internal":2,"distribution":"{\"name\": \"CategoricalDistribution\", \"attributes\": {\"choices\": [20, 80, 320]}}"}
{"op_code":5,"worker_id":"d24494ce-e498-4f43-8d43-b32e138c1d03-36216","trial_id":10,"param_name":"gamma","param_value_internal":2,"distribution":"{\"name\": \"CategoricalDistribution\", \"attributes\": {\"choices\": [0.99, 0.995, 0.999]}}"}
{"op_code":5,"worker_id":"d24494ce-e498-4f43-8d43-b32e138c1d03-36216","trial_id":10,"param_name":"gae-lambda","param_value_internal":0,"distribution":"{\"name\": \"CategoricalDistribution\", \"attributes\": {\"choices\": [0.9, 0.95, 1.0]}}"}
{"op_code":5,"worker_id":"d24494ce-e498-4f43-8d43-b32e138c1d03-36216","trial_id":10,"param_name":"ent-coef","param_value_internal":0.002544965722757289,"distribution":"{\"name\": \"FloatDistribution\", \"attributes\": {\"step\": null, \"low\": 0.0001, \"high\": 0.03, \"log\": true}}"}
{"op_code":8,"worker_id":"d24494ce-e498-4f43-8d43-b32e138c1d03-36216","trial_id":10,"user_attr":{"train_argv":"--option 2 --reward-mode objective --objectives tardiness_sq --lambda-late 1.0 --lambda-energy 1.0 --power-model linear --difficulty on_rho095 --timesteps 100000 --save-tag tune_on_rho095_o2nm_a2c_t10 --n-envs 4 --vec-backend subproc --seed 0 --algo a2c --markov-obs --work-conserving --learning-rate 0.00245181 --rollout-size 320 --gamma 0.999 --gae-lambda 0.9 --ent-coef 0.00254497"}}
{"op_code":7,"worker_id":"d24494ce-e498-4f43-8d43-b32e138c1d03-36216","trial_id":10,"step":25000,"intermediate_value":138781.2}
{"op_code":7,"worker_id":"d24494ce-e498-4f43-8d43-b32e138c1d03-36216","trial_id":10,"step":50000,"intermediate_value":222592.0}
{"op_code":7,"worker_id":"d24494ce-e498-4f43-8d43-b32e138c1d03-36216","trial_id":10,"step":75000,"intermediate_value":256944.4}
{"op_code":6,"worker_id":"d24494ce-e498-4f43-8d43-b32e138c1d03-36216","trial_id":10,"state":1,"values":[177190.95],"datetime_complete":"2026-10-06T05:42:37.247181"}
{"op_code":4,"worker_id":"d24494ce-e498-4f43-8d43-b32e138c1d03-36216","study_id":0,"datetime_start":"2026-10-06T05:42:37.475547"}
{"op_code":5,"worker_id":"d24494ce-e498-4f43-8d43-b32e138c1d03-36216","trial_id":11,"param_name":"learning-rate","param_value_internal":0.002815241344156839,"distribution":"{\"name\": \"FloatDistribution\", \"attributes\": {\"step\": null, \"low\": 0.0001, \"high\": 0.003, \"log\": true}}"}
{"op_code":5,"worker_id":"d24494ce-e498-4f43-8d43-b32e138c1d03-36216","trial_id":11,"param_name":"rollout-size","param_value_internal":2,"distribution":"{\"name\": \"CategoricalDistribution\", \"attributes\": {\"choices\": [20, 80, 320]}}"}
{"op_code":5,"worker_id":"d24494ce-e498-4f43-8d43-b32e138c1d03-36216","trial_id":11,"param_name":"gamma","param_value_internal":2,"distribution":"{\"name\": \"CategoricalDistribution\", \"attributes\": {\"choices\": [0.99, 0.995, 0.999]}}"}
{"op_code":5,"worker_id":"d24494ce-e498-4f43-8d43-b32e138c1d03-36216","trial_id":11,"param_name":"gae-lambda","param_value_internal":0,"distribution":"{\"name\": \"CategoricalDistribution\", \"attributes\": {\"choices\": [0.9, 0.95, 1.0]}}"}
{"op_code":5,"worker_id":"d24494ce-e498-4f43-8d43-b32e138c1d03-36216","trial_id":11,"param_name":"ent-coef","param_value_internal":0.001770940400418589,"distribution":"{\"name\": \"FloatDistribution\", \"attributes\": {\"step\": null, \"low\": 0.0001, \"high\": 0.03, \"log\": true}}"}
{"op_code":8,"worker_id":"d24494ce-e498-4f43-8d43-b32e138c1d03-36216","trial_id":11,"user_attr":{"train_argv":"--option 2 --reward-mode objective --objectives tardiness_sq --lambda-late 1.0 --lambda-energy 1.0 --power-model linear --difficulty on_rho095 --timesteps 100000 --save-tag tune_on_rho095_o2nm_a2c_t11 --n-envs 4 --vec-backend subproc --seed 0 --algo a2c --markov-obs --work-conserving --learning-rate 0.00281524 --rollout-size 320 --gamma 0.999 --gae-lambda 0.9 --ent-coef 0.00177094"}}
{"op_code":7,"worker_id":"d24494ce-e498-4f43-8d43-b32e138c1d03-36216","trial_id":11,"step":25000,"intermediate_value":232357.8}
{"op_code":6,"worker_id":"d24494ce-e498-4f43-8d43-b32e138c1d03-36216","trial_id":11,"state":2,"values":[232357.8],"datetime_complete":"2026-10-06T05:44:49.304803"}
{"op_code":4,"worker_id":"d24494ce-e498-4f43-8d43-b32e138c1d03-36216","study_id":0,"datetime_start":"2026-10-06T05:44:49.522092"}
{"op_code":5,"worker_id":"d24494ce-e498-4f43-8d43-b32e138c1d03-36216","trial_id":12,"param_name":"learning-rate","param_value_internal":0.00026561373898849783,"distribution":"{\"name\": \"FloatDistribution\", \"attributes\": {\"step\": null, \"low\": 0.0001, \"high\": 0.003, \"log\": true}}"}
{"op_code":5,"worker_id":"d24494ce-e498-4f43-8d43-b32e138c1d03-36216","trial_id":12,"param_name":"rollout-size","param_value_internal":2,"distribution":"{\"name\": \"CategoricalDistribution\", \"attributes\": {\"choices\": [20, 80, 320]}}"}
{"op_code":5,"worker_id":"d24494ce-e498-4f43-8d43-b32e138c1d03-36216","trial_id":12,"param_name":"gamma","param_value_internal":2,"distribution":"{\"name\": \"CategoricalDistribution\", \"attributes\": {\"choices\": [0.99, 0.995, 0.999]}}"}
{"op_code":5,"worker_id":"d24494ce-e498-4f43-8d43-b32e138c1d03-36216","trial_id":12,"param_name":"gae-lambda","param_value_internal":0,"distribution":"{\"name\": \"CategoricalDistribution\", \"attributes\": {\"choices\": [0.9, 0.95, 1.0]}}"}
{"op_code":5,"worker_id":"d24494ce-e498-4f43-8d43-b32e138c1d03-36216","trial_id":12,"param_name":"ent-coef","param_value_internal":0.0027133273544571574,"distribution":"{\"name\": \"FloatDistribution\", \"attributes\": {\"step\": null, \"low\": 0.0001, \"high\": 0.03, \"log\": true}}"}
{"op_code":8,"worker_id":"d24494ce-e498-4f43-8d43-b32e138c1d03-36216","trial_id":12,"user_attr":{"train_argv":"--option 2 --reward-mode objective --objectives tardiness_sq --lambda-late 1.0 --lambda-energy 1.0 --power-model linear --difficulty on_rho095 --timesteps 100000 --save-tag tune_on_rho095_o2nm_a2c_t12 --n-envs 4 --vec-backend subproc --seed 0 --algo a2c --markov-obs --work-conserving --learning-rate 0.000265614 --rollout-size 320 --gamma 0.999 --gae-lambda 0.9 --ent-coef 0.00271333"}}
{"op_code":7,"worker_id":"d24494ce-e498-4f43-8d43-b32e138c1d03-36216","trial_id":12,"step":25000,"intermediate_value":195583.0}
{"op_code":6,"worker_id":"d24494ce-e498-4f43-8d43-b32e138c1d03-36216","trial_id":12,"state":2,"values":[195583.0],"datetime_complete":"2026-10-06T05:47:03.411993"}
{"op_code":4,"worker_id":"d24494ce-e498-4f43-8d43-b32e138c1d03-36216","study_id":0,"datetime_start":"2026-10-06T05:47:03.619698"}
{"op_code":5,"worker_id":"d24494ce-e498-4f43-8d43-b32e138c1d03-36216","trial_id":13,"param_name":"learning-rate","param_value_internal":0.00030225590755421236,"distribution":"{\"name\": \"FloatDistribution\", \"attributes\": {\"step\": null, \"low\": 0.0001, \"high\": 0.003, \"log\": true}}"}
{"op_code":5,"worker_id":"d24494ce-e498-4f43-8d43-b32e138c1d03-36216","trial_id":13,"param_name":"rollout-size","param_value_internal":2,"distribution":"{\"name\": \"CategoricalDistribution\", \"attributes\": {\"choices\": [20, 80, 320]}}"}
{"op_code":5,"worker_id":"d24494ce-e498-4f43-8d43-b32e138c1d03-36216","trial_id":13,"param_name":"gamma","param_value_internal":2,"distribution":"{\"name\": \"CategoricalDistribution\", \"attributes\": {\"choices\": [0.99, 0.995, 0.999]}}"}
{"op_code":5,"worker_id":"d24494ce-e498-4f43-8d43-b32e138c1d03-36216","trial_id":13,"param_name":"gae-lambda","param_value_internal":0,"distribution":"{\"name\": \"CategoricalDistribution\", \"attributes\": {\"choices\": [0.9, 0.95, 1.0]}}"}
{"op_code":5,"worker_id":"d24494ce-e498-4f43-8d43-b32e138c1d03-36216","trial_id":13,"param_name":"ent-coef","param_value_internal":0.00015215230204215695,"distribution":"{\"name\": \"FloatDistribution\", \"attributes\": {\"step\": null, \"low\": 0.0001, \"high\": 0.03, \"log\": true}}"}
{"op_code":8,"worker_id":"d24494ce-e498-4f43-8d43-b32e138c1d03-36216","trial_id":13,"user_attr":{"train_argv":"--option 2 --reward-mode objective --objectives tardiness_sq --lambda-late 1.0 --lambda-energy 1.0 --power-model linear --difficulty on_rho095 --timesteps 100000 --save-tag tune_on_rho095_o2nm_a2c_t13 --n-envs 4 --vec-backend subproc --seed 0 --algo a2c --markov-obs --work-conserving --learning-rate 0.000302256 --rollout-size 320 --gamma 0.999 --gae-lambda 0.9 --ent-coef 0.000152152"}}
{"op_code":7,"worker_id":"d24494ce-e498-4f43-8d43-b32e138c1d03-36216","trial_id":13,"step":25000,"intermediate_value":231709.4}
{"op_code":6,"worker_id":"d24494ce-e498-4f43-8d43-b32e138c1d03-36216","trial_id":13,"state":2,"values":[231709.4],"datetime_complete":"2026-10-06T05:49:21.252216"}
{"op_code":4,"worker_id":"d24494ce-e498-4f43-8d43-b32e138c1d03-36216","study_id":0,"datetime_start":"2026-10-06T05:49:21.465225"}
{"op_code":5,"worker_id":"d24494ce-e498-4f43-8d43-b32e138c1d03-36216","trial_id":14,"param_name":"learning-rate","param_value_internal":0.002521388918161001,"distribution":"{\"name\": \"FloatDistribution\", \"attributes\": {\"step\": null, \"low\": 0.0001, \"high\": 0.003, \"log\": true}}"}
{"op_code":5,"worker_id":"d24494ce-e498-4f43-8d43-b32e138c1d03-36216","trial_id":14,"param_name":"rollout-size","param_value_internal":2,"distribution":"{\"name\": \"CategoricalDistribution\", \"attributes\": {\"choices\": [20, 80, 320]}}"}
{"op_code":5,"worker_id":"d24494ce-e498-4f43-8d43-b32e138c1d03-36216","trial_id":14,"param_name":"gamma","param_value_internal":2,"distribution":"{\"name\": \"CategoricalDistribution\", \"attributes\": {\"choices\": [0.99, 0.995, 0.999]}}"}
{"op_code":5,"worker_id":"d24494ce-e498-4f43-8d43-b32e138c1d03-36216","trial_id":14,"param_name":"gae-lambda","param_value_internal":0,"distribution":"{\"name\": \"CategoricalDistribution\", \"attributes\": {\"choices\": [0.9, 0.95, 1.0]}}"}
{"op_code":5,"worker_id":"d24494ce-e498-4f43-8d43-b32e138c1d03-36216","trial_id":14,"param_name":"ent-coef","param_value_internal":0.003938516710354698,"distribution":"{\"name\": \"FloatDistribution\", \"attributes\": {\"step\": null, \"low\": 0.0001, \"high\": 0.03, \"log\": true}}"}
{"op_code":8,"worker_id":"d24494ce-e498-4f43-8d43-b32e138c1d03-36216","trial_id":14,"user_attr":{"train_argv":"--option 2 --reward-mode objective --objectives tardiness_sq --lambda-late 1.0 --lambda-energy 1.0 --power-model linear --difficulty on_rho095 --timesteps 100000 --save-tag tune_on_rho095_o2nm_a2c_t14 --n-envs 4 --vec-backend subproc --seed 0 --algo a2c --markov-obs --work-conserving --learning-rate 0.00252139 --rollout-size 320 --gamma 0.999 --gae-lambda 0.9 --ent-coef 0.00393852"}}
{"op_code":7,"worker_id":"d24494ce-e498-4f43-8d43-b32e138c1d03-36216","trial_id":14,"step":25000,"intermediate_value":122977.4}
{"op_code":7,"worker_id":"d24494ce-e498-4f43-8d43-b32e138c1d03-36216","trial_id":14,"step":50000,"intermediate_value":187426.0}
{"op_code":7,"worker_id":"d24494ce-e498-4f43-8d43-b32e138c1d03-36216","trial_id":14,"step":75000,"intermediate_value":239670.6}
{"op_code":6,"worker_id":"d24494ce-e498-4f43-8d43-b32e138c1d03-36216","trial_id":14,"state":1,"values":[374199.4],"datetime_complete":"2026-10-06T05:58:31.268476"}
{"op_code":4,"worker_id":"d24494ce-e498-4f43-8d43-b32e138c1d03-36216","study_id":0,"datetime_start":"2026-10-06T05:58:31.410961"}
{"op_code":5,"worker_id":"d24494ce-e498-4f43-8d43-b32e138c1d03-36216","trial_id":15,"param_name":"learning-rate","param_value_internal":0.0012802954308069208,"distribution":"{\"name\": \"FloatDistribution\", \"attributes\": {\"step\": null, \"low\": 0.0001, \"high\": 0.003, \"log\": true}}"}
{"op_code":5,"worker_id":"d24494ce-e498-4f43-8d43-b32e138c1d03-36216","trial_id":15,"param_name":"rollout-size","param_value_internal":2,"distribution":"{\"name\": \"CategoricalDistribution\", \"attributes\": {\"choices\": [20, 80, 320]}}"}
{"op_code":5,"worker_id":"d24494ce-e498-4f43-8d43-b32e138c1d03-36216","trial_id":15,"param_name":"gamma","param_value_internal":2,"distribution":"{\"name\": \"CategoricalDistribution\", \"attributes\": {\"choices\": [0.99, 0.995, 0.999]}}"}
{"op_code":5,"worker_id":"d24494ce-e498-4f43-8d43-b32e138c1d03-36216","trial_id":15,"param_name":"gae-lambda","param_value_internal":0,"distribution":"{\"name\": \"CategoricalDistribution\", \"attributes\": {\"choices\": [0.9, 0.95, 1.0]}}"}
{"op_code":5,"worker_id":"d24494ce-e498-4f43-8d43-b32e138c1d03-36216","trial_id":15,"param_name":"ent-coef","param_value_internal":0.0003071182345499913,"distribution":"{\"name\": \"FloatDistribution\", \"attributes\": {\"step\": null, \"low\": 0.0001, \"high\": 0.03, \"log\": true}}"}
{"op_code":8,"worker_id":"d24494ce-e498-4f43-8d43-b32e138c1d03-36216","trial_id":15,"user_attr":{"train_argv":"--option 2 --reward-mode objective --objectives tardiness_sq --lambda-late 1.0 --lambda-energy 1.0 --power-model linear --difficulty on_rho095 --timesteps 100000 --save-tag tune_on_rho095_o2nm_a2c_t15 --n-envs 4 --vec-backend subproc --seed 0 --algo a2c --markov-obs --work-conserving --learning-rate 0.0012803 --rollout-size 320 --gamma 0.999 --gae-lambda 0.9 --ent-coef 0.000307118"}}
{"op_code":7,"worker_id":"d24494ce-e498-4f43-8d43-b32e138c1d03-36216","trial_id":15,"step":25000,"intermediate_value":198471.0}
{"op_code":6,"worker_id":"d24494ce-e498-4f43-8d43-b32e138c1d03-36216","trial_id":15,"state":2,"values":[198471.0],"datetime_complete":"2026-10-06T06:00:38.268023"}
{"op_code":4,"worker_id":"d24494ce-e498-4f43-8d43-b32e138c1d03-36216","study_id":0,"datetime_start":"2026-10-06T06:00:38.496934"}
{"op_code":5,"worker_id":"d24494ce-e498-4f43-8d43-b32e138c1d03-36216","trial_id":16,"param_name":"learning-rate","param_value_internal":0.00010616913381120918,"distribution":"{\"name\": \"FloatDistribution\", \"attributes\": {\"step\": null, \"low\": 0.0001, \"high\": 0.003, \"log\": true}}"}
{"op_code":5,"worker_id":"d24494ce-e498-4f43-8d43-b32e138c1d03-36216","trial_id":16,"param_name":"rollout-size","param_value_internal":2,"distribution":"{\"name\": \"CategoricalDistribution\", \"attributes\": {\"choices\": [20, 80, 320]}}"}
{"op_code":5,"worker_id":"d24494ce-e498-4f43-8d43-b32e138c1d03-36216","trial_id":16,"param_name":"gamma","param_value_internal":0,"distribution":"{\"name\": \"CategoricalDistribution\", \"attributes\": {\"choices\": [0.99, 0.995, 0.999]}}"}
{"op_code":5,"worker_id":"d24494ce-e498-4f43-8d43-b32e138c1d03-36216","trial_id":16,"param_name":"gae-lambda","param_value_internal":0,"distribution":"{\"name\": \"CategoricalDistribution\", \"attributes\": {\"choices\": [0.9, 0.95, 1.0]}}"}
{"op_code":5,"worker_id":"d24494ce-e498-4f43-8d43-b32e138c1d03-36216","trial_id":16,"param_name":"ent-coef","param_value_internal":0.0052240617944290715,"distribution":"{\"name\": \"FloatDistribution\", \"attributes\": {\"step\": null, \"low\": 0.0001, \"high\": 0.03, \"log\": true}}"}
{"op_code":8,"worker_id":"d24494ce-e498-4f43-8d43-b32e138c1d03-36216","trial_id":16,"user_attr":{"train_argv":"--option 2 --reward-mode objective --objectives tardiness_sq --lambda-late 1.0 --lambda-energy 1.0 --power-model linear --difficulty on_rho095 --timesteps 100000 --save-tag tune_on_rho095_o2nm_a2c_t16 --n-envs 4 --vec-backend subproc --seed 0 --algo a2c --markov-obs --work-conserving --learning-rate 0.000106169 --rollout-size 320 --gamma 0.99 --gae-lambda 0.9 --ent-coef 0.00522406"}}
{"op_code":7,"worker_id":"d24494ce-e498-4f43-8d43-b32e138c1d03-36216","trial_id":16,"step":25000,"intermediate_value":165443.8}
{"op_code":7,"worker_id":"d24494ce-e498-4f43-8d43-b32e138c1d03-36216","trial_id":16,"step":50000,"intermediate_value":201488.0}
{"op_code":7,"worker_id":"d24494ce-e498-4f43-8d43-b32e138c1d03-36216","trial_id":16,"step":75000,"intermediate_value":168810.4}
{"op_code":6,"worker_id":"d24494ce-e498-4f43-8d43-b32e138c1d03-36216","trial_id":16,"state":1,"values":[203206.0],"datetime_complete":"2026-10-06T06:09:27.835940"}
{"op_code":4,"worker_id":"d24494ce-e498-4f43-8d43-b32e138c1d03-36216","study_id":0,"datetime_start":"2026-10-06T06:09:28.102759"}
{"op_code":5,"worker_id":"d24494ce-e498-4f43-8d43-b32e138c1d03-36216","trial_id":17,"param_name":"learning-rate","param_value_internal":0.00035286996801713424,"distribution":"{\"name\": \"FloatDistribution\", \"attributes\": {\"step\": null, \"low\": 0.0001, \"high\": 0.003, \"log\": true}}"}
{"op_code":5,"worker_id":"d24494ce-e498-4f43-8d43-b32e138c1d03-36216","trial_id":17,"param_name":"rollout-size","param_value_internal":2,"distribution":"{\"name\": \"CategoricalDistribution\", \"attributes\": {\"choices\": [20, 80, 320]}}"}
{"op_code":5,"worker_id":"d24494ce-e498-4f43-8d43-b32e138c1d03-36216","trial_id":17,"param_name":"gamma","param_value_internal":0,"distribution":"{\"name\": \"CategoricalDistribution\", \"attributes\": {\"choices\": [0.99, 0.995, 0.999]}}"}
{"op_code":5,"worker_id":"d24494ce-e498-4f43-8d43-b32e138c1d03-36216","trial_id":17,"param_name":"gae-lambda","param_value_internal":0,"distribution":"{\"name\": \"CategoricalDistribution\", \"attributes\": {\"choices\": [0.9, 0.95, 1.0]}}"}
{"op_code":5,"worker_id":"d24494ce-e498-4f43-8d43-b32e138c1d03-36216","trial_id":17,"param_name":"ent-coef","param_value_internal":0.004482811481981415,"distribution":"{\"name\": \"FloatDistribution\", \"attributes\": {\"step\": null, \"low\": 0.0001, \"high\": 0.03, \"log\": true}}"}
{"op_code":8,"worker_id":"d24494ce-e498-4f43-8d43-b32e138c1d03-36216","trial_id":17,"user_attr":{"train_argv":"--option 2 --reward-mode objective --objectives tardiness_sq --lambda-late 1.0 --lambda-energy 1.0 --power-model linear --difficulty on_rho095 --timesteps 100000 --save-tag tune_on_rho095_o2nm_a2c_t17 --n-envs 4 --vec-backend subproc --seed 0 --algo a2c --markov-obs --work-conserving --learning-rate 0.00035287 --rollout-size 320 --gamma 0.99 --gae-lambda 0.9 --ent-coef 0.00448281"}}
{"op_code":7,"worker_id":"d24494ce-e498-4f43-8d43-b32e138c1d03-36216","trial_id":17,"step":25000,"intermediate_value":118030.0}
{"op_code":7,"worker_id":"d24494ce-e498-4f43-8d43-b32e138c1d03-36216","trial_id":17,"step":50000,"intermediate_value":137164.0}
{"op_code":7,"worker_id":"d24494ce-e498-4f43-8d43-b32e138c1d03-36216","trial_id":17,"step":75000,"intermediate_value":103796.4}
{"op_code":6,"worker_id":"d24494ce-e498-4f43-8d43-b32e138c1d03-36216","trial_id":17,"state":1,"values":[295105.85],"datetime_complete":"2026-10-06T06:18:41.276309"}
{"op_code":4,"worker_id":"d24494ce-e498-4f43-8d43-b32e138c1d03-36216","study_id":0,"datetime_start":"2026-10-06T06:18:41.512693"}
{"op_code":5,"worker_id":"d24494ce-e498-4f43-8d43-b32e138c1d03-36216","trial_id":18,"param_name":"learning-rate","param_value_internal":0.00010308012921393616,"distribution":"{\"name\": \"FloatDistribution\", \"attributes\": {\"step\": null, \"low\": 0.0001, \"high\": 0.003, \"log\": true}}"}
{"op_code":5,"worker_id":"d24494ce-e498-4f43-8d43-b32e138c1d03-36216","trial_id":18,"param_name":"rollout-size","param_value_internal":2,"distribution":"{\"name\": \"CategoricalDistribution\", \"attributes\": {\"choices\": [20, 80, 320]}}"}
{"op_code":5,"worker_id":"d24494ce-e498-4f43-8d43-b32e138c1d03-36216","trial_id":18,"param_name":"gamma","param_value_internal":0,"distribution":"{\"name\": \"CategoricalDistribution\", \"attributes\": {\"choices\": [0.99, 0.995, 0.999]}}"}
{"op_code":5,"worker_id":"d24494ce-e498-4f43-8d43-b32e138c1d03-36216","trial_id":18,"param_name":"gae-lambda","param_value_internal":0,"distribution":"{\"name\": \"CategoricalDistribution\", \"attributes\": {\"choices\": [0.9, 0.95, 1.0]}}"}
{"op_code":5,"worker_id":"d24494ce-e498-4f43-8d43-b32e138c1d03-36216","trial_id":18,"param_name":"ent-coef","param_value_internal":0.02682225080636279,"distribution":"{\"name\": \"FloatDistribution\", \"attributes\": {\"step\": null, \"low\": 0.0001, \"high\": 0.03, \"log\": true}}"}
{"op_code":8,"worker_id":"d24494ce-e498-4f43-8d43-b32e138c1d03-36216","trial_id":18,"user_attr":{"train_argv":"--option 2 --reward-mode objective --objectives tardiness_sq --lambda-late 1.0 --lambda-energy 1.0 --power-model linear --difficulty on_rho095 --timesteps 100000 --save-tag tune_on_rho095_o2nm_a2c_t18 --n-envs 4 --vec-backend subproc --seed 0 --algo a2c --markov-obs --work-conserving --learning-rate 0.00010308 --rollout-size 320 --gamma 0.99 --gae-lambda 0.9 --ent-coef 0.0268223"}}
{"op_code":7,"worker_id":"d24494ce-e498-4f43-8d43-b32e138c1d03-36216","trial_id":18,"step":25000,"intermediate_value":232697.0}
{"op_code":6,"worker_id":"d24494ce-e498-4f43-8d43-b32e138c1d03-36216","trial_id":18,"state":2,"values":[232697.0],"datetime_complete":"2026-10-06T06:20:51.498852"}
{"op_code":4,"worker_id":"d24494ce-e498-4f43-8d43-b32e138c1d03-36216","study_id":0,"datetime_start":"2026-10-06T06:20:51.741781"}
{"op_code":5,"worker_id":"d24494ce-e498-4f43-8d43-b32e138c1d03-36216","trial_id":19,"param_name":"learning-rate","param_value_internal":0.0019286439522420889,"distribution":"{\"name\": \"FloatDistribution\", \"attributes\": {\"step\": null, \"low\": 0.0001, \"high\": 0.003, \"log\": true}}"}
{"op_code":5,"worker_id":"d24494ce-e498-4f43-8d43-b32e138c1d03-36216","trial_id":19,"param_name":"rollout-size","param_value_internal":2,"distribution":"{\"name\": \"CategoricalDistribution\", \"attributes\": {\"choices\": [20, 80, 320]}}"}
{"op_code":5,"worker_id":"d24494ce-e498-4f43-8d43-b32e138c1d03-36216","trial_id":19,"param_name":"gamma","param_value_internal":0,"distribution":"{\"name\": \"CategoricalDistribution\", \"attributes\": {\"choices\": [0.99, 0.995, 0.999]}}"}
{"op_code":5,"worker_id":"d24494ce-e498-4f43-8d43-b32e138c1d03-36216","trial_id":19,"param_name":"gae-lambda","param_value_internal":2,"distribution":"{\"name\": \"CategoricalDistribution\", \"attributes\": {\"choices\": [0.9, 0.95, 1.0]}}"}
{"op_code":5,"worker_id":"d24494ce-e498-4f43-8d43-b32e138c1d03-36216","trial_id":19,"param_name":"ent-coef","param_value_internal":0.005399634429095346,"distribution":"{\"name\": \"FloatDistribution\", \"attributes\": {\"step\": null, \"low\": 0.0001, \"high\": 0.03, \"log\": true}}"}
{"op_code":8,"worker_id":"d24494ce-e498-4f43-8d43-b32e138c1d03-36216","trial_id":19,"user_attr":{"train_argv":"--option 2 --reward-mode objective --objectives tardiness_sq --lambda-late 1.0 --lambda-energy 1.0 --power-model linear --difficulty on_rho095 --timesteps 100000 --save-tag tune_on_rho095_o2nm_a2c_t19 --n-envs 4 --vec-backend subproc --seed 0 --algo a2c --markov-obs --work-conserving --learning-rate 0.00192864 --rollout-size 320 --gamma 0.99 --gae-lambda 1 --ent-coef 0.00539963"}}
{"op_code":7,"worker_id":"d24494ce-e498-4f43-8d43-b32e138c1d03-36216","trial_id":19,"step":25000,"intermediate_value":269278.4}
{"op_code":6,"worker_id":"d24494ce-e498-4f43-8d43-b32e138c1d03-36216","trial_id":19,"state":2,"values":[269278.4],"datetime_complete":"2026-10-06T06:23:03.085205"}
{"op_code":0,"worker_id":"70420996-565c-49a6-80a7-71a7062b3dba-32928","study_name":"on_rho095_o2nm_a2c","directions":[1]}
{"op_code":0,"worker_id":"dd58d726-57e2-434e-828c-5a44368c012d-34464","study_name":"on_rho095_o2nm_a2c","directions":[1]}
{"op_code":0,"worker_id":"1b22e0b0-7a3b-406a-9870-8d40a4c8ef9c-7220","study_name":"on_rho095_o2nm_a2c","directions":[1]}
{"op_code":0,"worker_id":"19a25e27-3eee-4b81-9071-01e47f0947fd-4620","study_name":"on_rho095_o2nm_a2c","directions":[1]}
{"op_code":0,"worker_id":"c290ec06-4a1f-422b-bef7-0965568fcd28-17656","study_name":"on_rho095_o2nm_a2c","directions":[1]}
{"op_code":0,"worker_id":"cd796f2b-56db-402e-a1a1-bbaf82f30ee0-460","study_name":"on_rho095_o2nm_a2c","directions":[1]}
{"op_code":0,"worker_id":"469650dd-04b3-4b93-8c29-65175d40118e-4492","study_name":"on_rho095_o2nm_a2c","directions":[1]}
