{"op_code":0,"worker_id":"3b9406b1-c1db-4f7d-94a5-df7584231a12-27164","study_name":"off_tf05_o1cmlubr","directions":[1]}
{"op_code":4,"worker_id":"3b9406b1-c1db-4f7d-94a5-df7584231a12-27164","study_id":0,"datetime_start":null,"state":4,"value":null,"values":null,"distributions":{},"params":{},"user_attrs":{"defaults":true},"system_attrs":{"fixed_params":{}},"intermediate_values":{}}
{"op_code":6,"worker_id":"3b9406b1-c1db-4f7d-94a5-df7584231a12-27164","trial_id":0,"state":0,"values":null,"datetime_start":"2026-10-07T04:54:30.584202"}
{"op_code":8,"worker_id":"3b9406b1-c1db-4f7d-94a5-df7584231a12-27164","trial_id":0,"user_attr":{"train_argv":"--option 1 --reward-mode objective --objectives tardiness_sq --lambda-late 1.0 --lambda-energy 1.0 --power-model linear --difficulty off_tf05 --timesteps 300000 --save-tag tune_off_tf05_o1cmlubr_t0 --n-envs 4 --vec-backend subproc --seed 0 --rule-placements FirstFit,Consolidate --algo ppo --markov-obs --lookahead --fixed-scaling --critic-arrivals --lateness-shaping"}}
{"op_code":7,"worker_id":"3b9406b1-c1db-4f7d-94a5-df7584231a12-27164","trial_id":0,"step":75000,"intermediate_value":34650.0}
{"op_code":7,"worker_id":"3b9406b1-c1db-4f7d-94a5-df7584231a12-27164","trial_id":0,"step":150000,"intermediate_value":34650.0}
{"op_code":7,"worker_id":"3b9406b1-c1db-4f7d-94a5-df7584231a12-27164","trial_id":0,"step":225000,"intermediate_value":34650.0}
{"op_code":6,"worker_id":"3b9406b1-c1db-4f7d-94a5-df7584231a12-27164","trial_id":0,"state":1,"values":[37323.85],"datetime_complete":"2026-10-07T04:59:48.603845"}
{"op_code":4,"worker_id":"3b9406b1-c1db-4f7d-94a5-df7584231a12-27164","study_id":0,"datetime_start":"2026-10-07T04:59:48.817146"}
{"op_code":5,"worker_id":"3b9406b1-c1db-4f7d-94a5-df7584231a12-27164","trial_id":1,"param_name":"learning-rate","param_value_internal":0.00020554062603827,"distribution":"{\"name\": \"FloatDistribution\", \"attributes\": {\"step\": null, \"low\": 3e-05, \"high\": 0.001, \"log\": true}}"}
{"op_code":5,"worker_id":"3b9406b1-c1db-4f7d-94a5-df7584231a12-27164","trial_id":1,"param_name":"rollout-size","param_value_internal":0,"distribution":"{\"name\": \"CategoricalDistribution\", \"attributes\": {\"choices\": [2048, 4096, 8192, 16384]}}"}
{"op_code":5,"worker_id":"3b9406b1-c1db-4f7d-94a5-df7584231a12-27164","trial_id":1,"param_name":"batch-size","param_value_internal":2,"distribution":"{\"name\": \"CategoricalDistribution\", \"attributes\": {\"choices\": [64, 256, 1024]}}"}
{"op_code":5,"worker_id":"3b9406b1-c1db-4f7d-94a5-df7584231a12-27164","trial_id":1,"param_name":"n-epochs","param_value_internal":0,"distribution":"{\"name\": \"CategoricalDistribution\", \"attributes\": {\"choices\": [3, 5, 10]}}"}
{"op_code":5,"worker_id":"3b9406b1-c1db-4f7d-94a5-df7584231a12-27164","trial_id":1,"param_name":"gamma","param_value_internal":2,"distribution":"{\"name\": \"CategoricalDistribution\", \"attributes\": {\"choices\": [0.99, 0.995, 0.999]}}"}
{"op_code":5,"worker_id":"3b9406b1-c1db-4f7d-94a5-df7584231a12-27164","trial_id":1,"param_name":"gae-lambda","param_value_internal":1,"distribution":"{\"name\": \"CategoricalDistribution\", \"attributes\": {\"choices\": [0.9, 0.95, 0.98]}}"}
{"op_code":5,"worker_id":"3b9406b1-c1db-4f7d-94a5-df7584231a12-27164","trial_id":1,"param_name":"clip-range","param_value_internal":2,"distribution":"{\"name\": \"CategoricalDistribution\", \"attributes\": {\"choices\": [0.1, 0.2, 0.3]}}"}
{"op_code":5,"worker_id":"3b9406b1-c1db-4f7d-94a5-df7584231a12-27164","trial_id":1,"param_name":"ent-coef","param_value_internal":0.02655561084998941,"distribution":"{\"name\": \"FloatDistribution\", \"attributes\": {\"step\": null, \"low\": 0.0001, \"high\": 0.03, \"log\": true}}"}
{"op_code":8,"worker_id":"3b9406b1-c1db-4f7d-94a5-df7584231a12-27164","trial_id":1,"user_attr":{"train_argv":"--option 1 --reward-mode objective --objectives tardiness_sq --lambda-late 1.0 --lambda-energy 1.0 --power-model linear --difficulty off_tf05 --timesteps 300000 --save-tag tune_off_tf05_o1cmlubr_t1 --n-envs 4 --vec-backend subproc --seed 0 --rule-placements FirstFit,Consolidate --algo ppo --markov-obs --lookahead --fixed-scaling --critic-arrivals --lateness-shaping --learning-rate 0.000205541 --rollout-size 2048 --batch-size 1024 --n-epochs 3 --gamma 0.999 --gae-lambda 0.95 --clip-range 0.3 --ent-coef 0.0265556"}}
{"op_code":7,"worker_id":"3b9406b1-c1db-4f7d-94a5-df7584231a12-27164","trial_id":1,"step":75000,"intermediate_value":36666.0}
{"op_code":7,"worker_id":"3b9406b1-c1db-4f7d-94a5-df7584231a12-27164","trial_id":1,"step":150000,"intermediate_value":34650.0}
{"op_code":7,"worker_id":"3b9406b1-c1db-4f7d-94a5-df7584231a12-27164","trial_id":1,"step":225000,"intermediate_value":34650.0}
{"op_code":6,"worker_id":"3b9406b1-c1db-4f7d-94a5-df7584231a12-27164","trial_id":1,"state":1,"values":[37323.85],"datetime_complete":"2026-10-07T05:02:50.003858"}
{"op_code":4,"worker_id":"3b9406b1-c1db-4f7d-94a5-df7584231a12-27164","study_id":0,"datetime_start":"2026-10-07T05:02:50.225314"}
{"op_code":5,"worker_id":"3b9406b1-c1db-4f7d-94a5-df7584231a12-27164","trial_id":2,"param_name":"learning-rate","param_value_internal":0.0004944733002746453,"distribution":"{\"name\": \"FloatDistribution\", \"attributes\": {\"step\": null, \"low\": 3e-05, \"high\": 0.001, \"log\": true}}"}
{"op_code":5,"worker_id":"3b9406b1-c1db-4f7d-94a5-df7584231a12-27164","trial_id":2,"param_name":"rollout-size","param_value_internal":1,"distribution":"{\"name\": \"CategoricalDistribution\", \"attributes\": {\"choices\": [2048, 4096, 8192, 16384]}}"}
{"op_code":5,"worker_id":"3b9406b1-c1db-4f7d-94a5-df7584231a12-27164","trial_id":2,"param_name":"batch-size","param_value_internal":1,"distribution":"{\"name\": \"CategoricalDistribution\", \"attributes\": {\"choices\": [64, 256, 1024]}}"}
{"op_code":5,"worker_id":"3b9406b1-c1db-4f7d-94a5-df7584231a12-27164","trial_id":2,"param_name":"n-epochs","param_value_internal":2,"distribution":"{\"name\": \"CategoricalDistribution\", \"attributes\": {\"choices\": [3, 5, 10]}}"}
{"op_code":5,"worker_id":"3b9406b1-c1db-4f7d-94a5-df7584231a12-27164","trial_id":2,"param_name":"gamma","param_value_internal":1,"distribution":"{\"name\": \"CategoricalDistribution\", \"attributes\": {\"choices\": [0.99, 0.995, 0.999]}}"}
{"op_code":5,"worker_id":"3b9406b1-c1db-4f7d-94a5-df7584231a12-27164","trial_id":2,"param_name":"gae-lambda","param_value_internal":0,"distribution":"{\"name\": \"CategoricalDistribution\", \"attributes\": {\"choices\": [0.9, 0.95, 0.98]}}"}
{"op_code":5,"worker_id":"3b9406b1-c1db-4f7d-94a5-df7584231a12-27164","trial_id":2,"param_name":"clip-range","param_value_internal":0,"distribution":"{\"name\": \"CategoricalDistribution\", \"attributes\": {\"choices\": [0.1, 0.2, 0.3]}}"}
{"op_code":5,"worker_id":"3b9406b1-c1db-4f7d-94a5-df7584231a12-27164","trial_id":2,"param_name":"ent-coef","param_value_internal":0.0012094311268425492,"distribution":"{\"name\": \"FloatDistribution\", \"attributes\": {\"step\": null, \"low\": 0.0001, \"high\": 0.03, \"log\": true}}"}
{"op_code":8,"worker_id":"3b9406b1-c1db-4f7d-94a5-df7584231a12-27164","trial_id":2,"user_attr":{"train_argv":"--option 1 --reward-mode objective --objectives tardiness_sq --lambda-late 1.0 --lambda-energy 1.0 --power-model linear --difficulty off_tf05 --timesteps 300000 --save-tag tune_off_tf05_o1cmlubr_t2 --n-envs 4 --vec-backend subproc --seed 0 --rule-placements FirstFit,Consolidate --algo ppo --markov-obs --lookahead --fixed-scaling --critic-arrivals --lateness-shaping --learning-rate 0.000494473 --rollout-size 4096 --batch-size 256 --n-epochs 10 --gamma 0.995 --gae-lambda 0.9 --clip-range 0.1 --ent-coef 0.00120943"}}
{"op_code":7,"worker_id":"3b9406b1-c1db-4f7d-94a5-df7584231a12-27164","trial_id":2,"step":75000,"intermediate_value":34650.0}
{"op_code":7,"worker_id":"3b9406b1-c1db-4f7d-94a5-df7584231a12-27164","trial_id":2,"step":150000,"intermediate_value":34650.0}
{"op_code":7,"worker_id":"3b9406b1-c1db-4f7d-94a5-df7584231a12-27164","trial_id":2,"step":225000,"intermediate_value":34650.0}
{"op_code":6,"worker_id":"3b9406b1-c1db-4f7d-94a5-df7584231a12-27164","trial_id":2,"state":1,"values":[39433.1],"datetime_complete":"2026-10-07T05:06:46.742855"}
{"op_code":4,"worker_id":"3b9406b1-c1db-4f7d-94a5-df7584231a12-27164","study_id":0,"datetime_start":"2026-10-07T05:06:47.001043"}
{"op_code":5,"worker_id":"3b9406b1-c1db-4f7d-94a5-df7584231a12-27164","trial_id":3,"param_name":"learning-rate","param_value_internal":0.0003463609921766881,"distribution":"{\"name\": \"FloatDistribution\", \"attributes\": {\"step\": null, \"low\": 3e-05, \"high\": 0.001, \"log\": true}}"}
{"op_code":5,"worker_id":"3b9406b1-c1db-4f7d-94a5-df7584231a12-27164","trial_id":3,"param_name":"rollout-size","param_value_internal":2,"distribution":"{\"name\": \"CategoricalDistribution\", \"attributes\": {\"choices\": [2048, 4096, 8192, 16384]}}"}
{"op_code":5,"worker_id":"3b9406b1-c1db-4f7d-94a5-df7584231a12-27164","trial_id":3,"param_name":"batch-size","param_value_internal":2,"distribution":"{\"name\": \"CategoricalDistribution\", \"attributes\": {\"choices\": [64, 256, 1024]}}"}
{"op_code":5,"worker_id":"3b9406b1-c1db-4f7d-94a5-df7584231a12-27164","trial_id":3,"param_name":"n-epochs","param_value_internal":2,"distribution":"{\"name\": \"CategoricalDistribution\", \"attributes\": {\"choices\": [3, 5, 10]}}"}
{"op_code":5,"worker_id":"3b9406b1-c1db-4f7d-94a5-df7584231a12-27164","trial_id":3,"param_name":"gamma","param_value_internal":1,"distribution":"{\"name\": \"CategoricalDistribution\", \"attributes\": {\"choices\": [0.99, 0.995, 0.999]}}"}
{"op_code":5,"worker_id":"3b9406b1-c1db-4f7d-94a5-df7584231a12-27164","trial_id":3,"param_name":"gae-lambda","param_value_internal":0,"distribution":"{\"name\": \"CategoricalDistribution\", \"attributes\": {\"choices\": [0.9, 0.95, 0.98]}}"}
{"op_code":5,"worker_id":"3b9406b1-c1db-4f7d-94a5-df7584231a12-27164","trial_id":3,"param_name":"clip-range","param_value_internal":0,"distribution":"{\"name\": \"CategoricalDistribution\", \"attributes\": {\"choices\": [0.1, 0.2, 0.3]}}"}
{"op_code":5,"worker_id":"3b9406b1-c1db-4f7d-94a5-df7584231a12-27164","trial_id":3,"param_name":"ent-coef","param_value_internal":0.0042248177213228075,"distribution":"{\"name\": \"FloatDistribution\", \"attributes\": {\"step\": null, \"low\": 0.0001, \"high\": 0.03, \"log\": true}}"}
{"op_code":8,"worker_id":"3b9406b1-c1db-4f7d-94a5-df7584231a12-27164","trial_id":3,"user_attr":{"train_argv":"--option 1 --reward-mode objective --objectives tardiness_sq --lambda-late 1.0 --lambda-energy 1.0 --power-model linear --difficulty off_tf05 --timesteps 300000 --save-tag tune_off_tf05_o1cmlubr_t3 --n-envs 4 --vec-backend subproc --seed 0 --rule-placements FirstFit,Consolidate --algo ppo --markov-obs --lookahead --fixed-scaling --critic-arrivals --lateness-shaping --learning-rate 0.000346361 --rollout-size 8192 --batch-size 1024 --n-epochs 10 --gamma 0.995 --gae-lambda 0.9 --clip-range 0.1 --ent-coef 0.00422482"}}
{"op_code":7,"worker_id":"3b9406b1-c1db-4f7d-94a5-df7584231a12-27164","trial_id":3,"step":75000,"intermediate_value":34650.0}
{"op_code":7,"worker_id":"3b9406b1-c1db-4f7d-94a5-df7584231a12-27164","trial_id":3,"step":150000,"intermediate_value":34650.0}
{"op_code":7,"worker_id":"3b9406b1-c1db-4f7d-94a5-df7584231a12-27164","trial_id":3,"step":225000,"intermediate_value":34650.0}
{"op_code":6,"worker_id":"3b9406b1-c1db-4f7d-94a5-df7584231a12-27164","trial_id":3,"state":1,"values":[37323.85],"datetime_complete":"2026-10-07T05:10:23.442270"}
{"op_code":4,"worker_id":"3b9406b1-c1db-4f7d-94a5-df7584231a12-27164","study_id":0,"datetime_start":"2026-10-07T05:10:23.711768"}
{"op_code":5,"worker_id":"3b9406b1-c1db-4f7d-94a5-df7584231a12-27164","trial_id":4,"param_name":"learning-rate","param_value_internal":4.8703159315306354e-05,"distribution":"{\"name\": \"FloatDistribution\", \"attributes\": {\"step\": null, \"low\": 3e-05, \"high\": 0.001, \"log\": true}}"}
{"op_code":5,"worker_id":"3b9406b1-c1db-4f7d-94a5-df7584231a12-27164","trial_id":4,"param_name":"rollout-size","param_value_internal":2,"distribution":"{\"name\": \"CategoricalDistribution\", \"attributes\": {\"choices\": [2048, 4096, 8192, 16384]}}"}
{"op_code":5,"worker_id":"3b9406b1-c1db-4f7d-94a5-df7584231a12-27164","trial_id":4,"param_name":"batch-size","param_value_internal":2,"distribution":"{\"name\": \"CategoricalDistribution\", \"attributes\": {\"choices\": [64, 256, 1024]}}"}
{"op_code":5,"worker_id":"3b9406b1-c1db-4f7d-94a5-df7584231a12-27164","trial_id":4,"param_name":"n-epochs","param_value_internal":1,"distribution":"{\"name\": \"CategoricalDistribution\", \"attributes\": {\"choices\": [3, 5, 10]}}"}
{"op_code":5,"worker_id":"3b9406b1-c1db-4f7d-94a5-df7584231a12-27164","trial_id":4,"param_name":"gamma","param_value_internal":0,"distribution":"{\"name\": \"CategoricalDistribution\", \"attributes\": {\"choices\": [0.99, 0.995, 0.999]}}"}
{"op_code":5,"worker_id":"3b9406b1-c1db-4f7d-94a5-df7584231a12-27164","trial_id":4,"param_name":"gae-lambda","param_value_internal":1,"distribution":"{\"name\": \"CategoricalDistribution\", \"attributes\": {\"choices\": [0.9, 0.95, 0.98]}}"}
{"op_code":5,"worker_id":"3b9406b1-c1db-4f7d-94a5-df7584231a12-27164","trial_id":4,"param_name":"clip-range","param_value_internal":1,"distribution":"{\"name\": \"CategoricalDistribution\", \"attributes\": {\"choices\": [0.1, 0.2, 0.3]}}"}
{"op_code":5,"worker_id":"3b9406b1-c1db-4f7d-94a5-df7584231a12-27164","trial_id":4,"param_name":"ent-coef","param_value_internal":0.005192032534497486,"distribution":"{\"name\": \"FloatDistribution\", \"attributes\": {\"step\": null, \"low\": 0.0001, \"high\": 0.03, \"log\": true}}"}
{"op_code":8,"worker_id":"3b9406b1-c1db-4f7d-94a5-df7584231a12-27164","trial_id":4,"user_attr":{"train_argv":"--option 1 --reward-mode objective --objectives tardiness_sq --lambda-late 1.0 --lambda-energy 1.0 --power-model linear --difficulty off_tf05 --timesteps 300000 --save-tag tune_off_tf05_o1cmlubr_t4 --n-envs 4 --vec-backend subproc --seed 0 --rule-placements FirstFit,Consolidate --algo ppo --markov-obs --lookahead --fixed-scaling --critic-arrivals --lateness-shaping --learning-rate 4.87032e-05 --rollout-size 8192 --batch-size 1024 --n-epochs 5 --gamma 0.99 --gae-lambda 0.95 --clip-range 0.2 --ent-coef 0.00519203"}}
{"op_code":7,"worker_id":"3b9406b1-c1db-4f7d-94a5-df7584231a12-27164","trial_id":4,"step":75000,"intermediate_value":36666.0}
{"op_code":7,"worker_id":"3b9406b1-c1db-4f7d-94a5-df7584231a12-27164","trial_id":4,"step":150000,"intermediate_value":34852.2}
{"op_code":7,"worker_id":"3b9406b1-c1db-4f7d-94a5-df7584231a12-27164","trial_id":4,"step":225000,"intermediate_value":34650.0}
{"op_code":6,"worker_id":"3b9406b1-c1db-4f7d-94a5-df7584231a12-27164","trial_id":4,"state":1,"values":[37323.85],"datetime_complete":"2026-10-07T05:13:31.651656"}
{"op_code":4,"worker_id":"3b9406b1-c1db-4f7d-94a5-df7584231a12-27164","study_id":0,"datetime_start":"2026-10-07T05:13:31.810860"}
{"op_code":5,"worker_id":"3b9406b1-c1db-4f7d-94a5-df7584231a12-27164","trial_id":5,"param_name":"learning-rate","param_value_internal":0.00021876939530160837,"distribution":"{\"name\": \"FloatDistribution\", \"attributes\": {\"step\": null, \"low\": 3e-05, \"high\": 0.001, \"log\": true}}"}
{"op_code":5,"worker_id":"3b9406b1-c1db-4f7d-94a5-df7584231a12-27164","trial_id":5,"param_name":"rollout-size","param_value_internal":3,"distribution":"{\"name\": \"CategoricalDistribution\", \"attributes\": {\"choices\": [2048, 4096, 8192, 16384]}}"}
{"op_code":5,"worker_id":"3b9406b1-c1db-4f7d-94a5-df7584231a12-27164","trial_id":5,"param_name":"batch-size","param_value_internal":0,"distribution":"{\"name\": \"CategoricalDistribution\", \"attributes\": {\"choices\": [64, 256, 1024]}}"}
{"op_code":5,"worker_id":"3b9406b1-c1db-4f7d-94a5-df7584231a12-27164","trial_id":5,"param_name":"n-epochs","param_value_internal":1,"distribution":"{\"name\": \"CategoricalDistribution\", \"attributes\": {\"choices\": [3, 5, 10]}}"}
{"op_code":5,"worker_id":"3b9406b1-c1db-4f7d-94a5-df7584231a12-27164","trial_id":5,"param_name":"gamma","param_value_internal":1,"distribution":"{\"name\": \"CategoricalDistribution\", \"attributes\": {\"choices\": [0.99, 0.995, 0.999]}}"}
{"op_code":5,"worker_id":"3b9406b1-c1db-4f7d-94a5-df7584231a12-27164","trial_id":5,"param_name":"gae-lambda","param_value_internal":0,"distribution":"{\"name\": \"CategoricalDistribution\", \"attributes\": {\"choices\": [0.9, 0.95, 0.98]}}"}
{"op_code":5,"worker_id":"3b9406b1-c1db-4f7d-94a5-df7584231a12-27164","trial_id":5,"param_name":"clip-range","param_value_internal":2,"distribution":"{\"name\": \"CategoricalDistribution\", \"attributes\": {\"choices\": [0.1, 0.2, 0.3]}}"}
{"op_code":5,"worker_id":"3b9406b1-c1db-4f7d-94a5-df7584231a12-27164","trial_id":5,"param_name":"ent-coef","param_value_internal":0.000413229862740349,"distribution":"{\"name\": \"FloatDistribution\", \"attributes\": {\"step\": null, \"low\": 0.0001, \"high\": 0.03, \"log\": true}}"}
{"op_code":8,"worker_id":"3b9406b1-c1db-4f7d-94a5-df7584231a12-27164","trial_id":5,"user_attr":{"train_argv":"--option 1 --reward-mode objective --objectives tardiness_sq --lambda-late 1.0 --lambda-energy 1.0 --power-model linear --difficulty off_tf05 --timesteps 300000 --save-tag tune_off_tf05_o1cmlubr_t5 --n-envs 4 --vec-backend subproc --seed 0 --rule-placements FirstFit,Consolidate --algo ppo --markov-obs --lookahead --fixed-scaling --critic-arrivals --lateness-shaping --learning-rate 0.000218769 --rollout-size 16384 --batch-size 64 --n-epochs 5 --gamma 0.995 --gae-lambda 0.9 --clip-range 0.3 --ent-coef 0.00041323"}}
{"op_code":7,"worker_id":"3b9406b1-c1db-4f7d-94a5-df7584231a12-27164","trial_id":5,"step":75000,"intermediate_value":36649.0}
{"op_code":6,"worker_id":"3b9406b1-c1db-4f7d-94a5-df7584231a12-27164","trial_id":5,"state":2,"values":[36649.0],"datetime_complete":"2026-10-07T05:14:34.982975"}
{"op_code":4,"worker_id":"3b9406b1-c1db-4f7d-94a5-df7584231a12-27164","study_id":0,"datetime_start":"2026-10-07T05:14:35.236514"}
{"op_code":5,"worker_id":"3b9406b1-c1db-4f7d-94a5-df7584231a12-27164","trial_id":6,"param_name":"learning-rate","param_value_internal":0.00022622417507807115,"distribution":"{\"name\": \"FloatDistribution\", \"attributes\": {\"step\": null, \"low\": 3e-05, \"high\": 0.001, \"log\": true}}"}
{"op_code":5,"worker_id":"3b9406b1-c1db-4f7d-94a5-df7584231a12-27164","trial_id":6,"param_name":"rollout-size","param_value_internal":3,"distribution":"{\"name\": \"CategoricalDistribution\", \"attributes\": {\"choices\": [2048, 4096, 8192, 16384]}}"}
{"op_code":5,"worker_id":"3b9406b1-c1db-4f7d-94a5-df7584231a12-27164","trial_id":6,"param_name":"batch-size","param_value_internal":1,"distribution":"{\"name\": \"CategoricalDistribution\", \"attributes\": {\"choices\": [64, 256, 1024]}}"}
{"op_code":5,"worker_id":"3b9406b1-c1db-4f7d-94a5-df7584231a12-27164","trial_id":6,"param_name":"n-epochs","param_value_internal":1,"distribution":"{\"name\": \"CategoricalDistribution\", \"attributes\": {\"choices\": [3, 5, 10]}}"}
{"op_code":5,"worker_id":"3b9406b1-c1db-4f7d-94a5-df7584231a12-27164","trial_id":6,"param_name":"gamma","param_value_internal":2,"distribution":"{\"name\": \"CategoricalDistribution\", \"attributes\": {\"choices\": [0.99, 0.995, 0.999]}}"}
{"op_code":5,"worker_id":"3b9406b1-c1db-4f7d-94a5-df7584231a12-27164","trial_id":6,"param_name":"gae-lambda","param_value_internal":1,"distribution":"{\"name\": \"CategoricalDistribution\", \"attributes\": {\"choices\": [0.9, 0.95, 0.98]}}"}
{"op_code":5,"worker_id":"3b9406b1-c1db-4f7d-94a5-df7584231a12-27164","trial_id":6,"param_name":"clip-range","param_value_internal":0,"distribution":"{\"name\": \"CategoricalDistribution\", \"attributes\": {\"choices\": [0.1, 0.2, 0.3]}}"}
{"op_code":5,"worker_id":"3b9406b1-c1db-4f7d-94a5-df7584231a12-27164","trial_id":6,"param_name":"ent-coef","param_value_internal":0.0031776753088383902,"distribution":"{\"name\": \"FloatDistribution\", \"attributes\": {\"step\": null, \"low\": 0.0001, \"high\": 0.03, \"log\": true}}"}
{"op_code":8,"worker_id":"3b9406b1-c1db-4f7d-94a5-df7584231a12-27164","trial_id":6,"user_attr":{"train_argv":"--option 1 --reward-mode objective --objectives tardiness_sq --lambda-late 1.0 --lambda-energy 1.0 --power-model linear --difficulty off_tf05 --timesteps 300000 --save-tag tune_off_tf05_o1cmlubr_t6 --n-envs 4 --vec-backend subproc --seed 0 --rule-placements FirstFit,Consolidate --algo ppo --markov-obs --lookahead --fixed-scaling --critic-arrivals --lateness-shaping --learning-rate 0.000226224 --rollout-size 16384 --batch-size 256 --n-epochs 5 --gamma 0.999 --gae-lambda 0.95 --clip-range 0.1 --ent-coef 0.00317768"}}
{"op_code":7,"worker_id":"3b9406b1-c1db-4f7d-94a5-df7584231a12-27164","trial_id":6,"step":75000,"intermediate_value":34650.0}
{"op_code":7,"worker_id":"3b9406b1-c1db-4f7d-94a5-df7584231a12-27164","trial_id":6,"step":150000,"intermediate_value":36666.0}
{"op_code":7,"worker_id":"3b9406b1-c1db-4f7d-94a5-df7584231a12-27164","trial_id":6,"step":225000,"intermediate_value":36666.0}
{"op_code":6,"worker_id":"3b9406b1-c1db-4f7d-94a5-df7584231a12-27164","trial_id":6,"state":1,"values":[39433.1],"datetime_complete":"2026-10-07T05:17:58.167166"}
{"op_code":4,"worker_id":"3b9406b1-c1db-4f7d-94a5-df7584231a12-27164","study_id":0,"datetime_start":"2026-10-07T05:17:58.373467"}
{"op_code":5,"worker_id":"3b9406b1-c1db-4f7d-94a5-df7584231a12-27164","trial_id":7,"param_name":"learning-rate","param_value_internal":3.208855558609467e-05,"distribution":"{\"name\": \"FloatDistribution\", \"attributes\": {\"step\": null, \"low\": 3e-05, \"high\": 0.001, \"log\": true}}"}
{"op_code":5,"worker_id":"3b9406b1-c1db-4f7d-94a5-df7584231a12-27164","trial_id":7,"param_name":"rollout-size","param_value_internal":1,"distribution":"{\"name\": \"CategoricalDistribution\", \"attributes\": {\"choices\": [2048, 4096, 8192, 16384]}}"}
{"op_code":5,"worker_id":"3b9406b1-c1db-4f7d-94a5-df7584231a12-27164","trial_id":7,"param_name":"batch-size","param_value_internal":0,"distribution":"{\"name\": \"CategoricalDistribution\", \"attributes\": {\"choices\": [64, 256, 1024]}}"}
{"op_code":5,"worker_id":"3b9406b1-c1db-4f7d-94a5-df7584231a12-27164","trial_id":7,"param_name":"n-epochs","param_value_internal":1,"distribution":"{\"name\": \"CategoricalDistribution\", \"attributes\": {\"choices\": [3, 5, 10]}}"}
{"op_code":5,"worker_id":"3b9406b1-c1db-4f7d-94a5-df7584231a12-27164","trial_id":7,"param_name":"gamma","param_value_internal":0,"distribution":"{\"name\": \"CategoricalDistribution\", \"attributes\": {\"choices\": [0.99, 0.995, 0.999]}}"}
{"op_code":5,"worker_id":"3b9406b1-c1db-4f7d-94a5-df7584231a12-27164","trial_id":7,"param_name":"gae-lambda","param_value_internal":0,"distribution":"{\"name\": \"CategoricalDistribution\", \"attributes\": {\"choices\": [0.9, 0.95, 0.98]}}"}
{"op_code":5,"worker_id":"3b9406b1-c1db-4f7d-94a5-df7584231a12-27164","trial_id":7,"param_name":"clip-range","param_value_internal":0,"distribution":"{\"name\": \"CategoricalDistribution\", \"attributes\": {\"choices\": [0.1, 0.2, 0.3]}}"}
{"op_code":5,"worker_id":"3b9406b1-c1db-4f7d-94a5-df7584231a12-27164","trial_id":7,"param_name":"ent-coef","param_value_internal":0.00017712267105509928,"distribution":"{\"name\": \"FloatDistribution\", \"attributes\": {\"step\": null, \"low\": 0.0001, \"high\": 0.03, \"log\": true}}"}
{"op_code":8,"worker_id":"3b9406b1-c1db-4f7d-94a5-df7584231a12-27164","trial_id":7,"user_attr":{"train_argv":"--option 1 --reward-mode objective --objectives tardiness_sq --lambda-late 1.0 --lambda-energy 1.0 --power-model linear --difficulty off_tf05 --timesteps 300000 --save-tag tune_off_tf05_o1cmlubr_t7 --n-envs 4 --vec-backend subproc --seed 0 --rule-placements FirstFit,Consolidate --algo ppo --markov-obs --lookahead --fixed-scaling --critic-arrivals --lateness-shaping --learning-rate 3.20886e-05 --rollout-size 4096 --batch-size 64 --n-epochs 5 --gamma 0.99 --gae-lambda 0.9 --clip-range 0.1 --ent-coef 0.000177123"}}
{"op_code":7,"worker_id":"3b9406b1-c1db-4f7d-94a5-df7584231a12-27164","trial_id":7,"step":75000,"intermediate_value":34650.0}
{"op_code":7,"worker_id":"3b9406b1-c1db-4f7d-94a5-df7584231a12-27164","trial_id":7,"step":150000,"intermediate_value":34650.0}
{"op_code":7,"worker_id":"3b9406b1-c1db-4f7d-94a5-df7584231a12-27164","trial_id":7,"step":225000,"intermediate_value":34650.0}
{"op_code":6,"worker_id":"3b9406b1-c1db-4f7d-94a5-df7584231a12-27164","trial_id":7,"state":1,"values":[37323.85],"datetime_complete":"2026-10-07T05:22:10.761128"}
{"op_code":4,"worker_id":"3b9406b1-c1db-4f7d-94a5-df7584231a12-27164","study_id":0,"datetime_start":"2026-10-07T05:22:10.953577"}
{"op_code":5,"worker_id":"3b9406b1-c1db-4f7d-94a5-df7584231a12-27164","trial_id":8,"param_name":"learning-rate","param_value_internal":0.0007540181221018431,"distribution":"{\"name\": \"FloatDistribution\", \"attributes\": {\"step\": null, \"low\": 3e-05, \"high\": 0.001, \"log\": true}}"}
{"op_code":5,"worker_id":"3b9406b1-c1db-4f7d-94a5-df7584231a12-27164","trial_id":8,"param_name":"rollout-size","param_value_internal":1,"distribution":"{\"name\": \"CategoricalDistribution\", \"attributes\": {\"choices\": [2048, 4096, 8192, 16384]}}"}
{"op_code":5,"worker_id":"3b9406b1-c1db-4f7d-94a5-df7584231a12-27164","trial_id":8,"param_name":"batch-size","param_value_internal":1,"distribution":"{\"name\": \"CategoricalDistribution\", \"attributes\": {\"choices\": [64, 256, 1024]}}"}
{"op_code":5,"worker_id":"3b9406b1-c1db-4f7d-94a5-df7584231a12-27164","trial_id":8,"param_name":"n-epochs","param_value_internal":0,"distribution":"{\"name\": \"CategoricalDistribution\", \"attributes\": {\"choices\": [3, 5, 10]}}"}
{"op_code":5,"worker_id":"3b9406b1-c1db-4f7d-94a5-df7584231a12-27164","trial_id":8,"param_name":"gamma","param_value_internal":2,"distribution":"{\"name\": \"CategoricalDistribution\", \"attributes\": {\"choices\": [0.99, 0.995, 0.999]}}"}
{"op_code":5,"worker_id":"3b9406b1-c1db-4f7d-94a5-df7584231a12-27164","trial_id":8,"param_name":"gae-lambda","param_value_internal":2,"distribution":"{\"name\": \"CategoricalDistribution\", \"attributes\": {\"choices\": [0.9, 0.95, 0.98]}}"}
{"op_code":5,"worker_id":"3b9406b1-c1db-4f7d-94a5-df7584231a12-27164","trial_id":8,"param_name":"clip-range","param_value_internal":0,"distribution":"{\"name\": \"CategoricalDistribution\", \"attributes\": {\"choices\": [0.1, 0.2, 0.3]}}"}
{"op_code":5,"worker_id":"3b9406b1-c1db-4f7d-94a5-df7584231a12-27164","trial_id":8,"param_name":"ent-coef","param_value_internal":0.000779308323413374,"distribution":"{\"name\": \"FloatDistribution\", \"attributes\": {\"step\": null, \"low\": 0.0001, \"high\": 0.03, \"log\": true}}"}
{"op_code":8,"worker_id":"3b9406b1-c1db-4f7d-94a5-df7584231a12-27164","trial_id":8,"user_attr":{"train_argv":"--option 1 --reward-mode objective --objectives tardiness_sq --lambda-late 1.0 --lambda-energy 1.0 --power-model linear --difficulty off_tf05 --timesteps 300000 --save-tag tune_off_tf05_o1cmlubr_t8 --n-envs 4 --vec-backend subproc --seed 0 --rule-placements FirstFit,Consolidate --algo ppo --markov-obs --lookahead --fixed-scaling --critic-arrivals --lateness-shaping --learning-rate 0.000754018 --rollout-size 4096 --batch-size 256 --n-epochs 3 --gamma 0.999 --gae-lambda 0.98 --clip-range 0.1 --ent-coef 0.000779308"}}
{"op_code":7,"worker_id":"3b9406b1-c1db-4f7d-94a5-df7584231a12-27164","trial_id":8,"step":75000,"intermediate_value":34650.0}
{"op_code":7,"worker_id":"3b9406b1-c1db-4f7d-94a5-df7584231a12-27164","trial_id":8,"step":150000,"intermediate_value":36666.0}
{"op_code":7,"worker_id":"3b9406b1-c1db-4f7d-94a5-df7584231a12-27164","trial_id":8,"step":225000,"intermediate_value":36666.0}
{"op_code":6,"worker_id":"3b9406b1-c1db-4f7d-94a5-df7584231a12-27164","trial_id":8,"state":1,"values":[37323.85],"datetime_complete":"2026-10-07T05:25:25.583042"}
{"op_code":4,"worker_id":"3b9406b1-c1db-4f7d-94a5-df7584231a12-27164","study_id":0,"datetime_start":"2026-10-07T05:25:25.819757"}
{"op_code":5,"worker_id":"3b9406b1-c1db-4f7d-94a5-df7584231a12-27164","trial_id":9,"param_name":"learning-rate","param_value_internal":0.0003879791314675207,"distribution":"{\"name\": \"FloatDistribution\", \"attributes\": {\"step\": null, \"low\": 3e-05, \"high\": 0.001, \"log\": true}}"}
{"op_code":5,"worker_id":"3b9406b1-c1db-4f7d-94a5-df7584231a12-27164","trial_id":9,"param_name":"rollout-size","param_value_internal":1,"distribution":"{\"name\": \"CategoricalDistribution\", \"attributes\": {\"choices\": [2048, 4096, 8192, 16384]}}"}
{"op_code":5,"worker_id":"3b9406b1-c1db-4f7d-94a5-df7584231a12-27164","trial_id":9,"param_name":"batch-size","param_value_internal":1,"distribution":"{\"name\": \"CategoricalDistribution\", \"attributes\": {\"choices\": [64, 256, 1024]}}"}
{"op_code":5,"worker_id":"3b9406b1-c1db-4f7d-94a5-df7584231a12-27164","trial_id":9,"param_name":"n-epochs","param_value_internal":1,"distribution":"{\"name\": \"CategoricalDistribution\", \"attributes\": {\"choices\": [3, 5, 10]}}"}
{"op_code":5,"worker_id":"3b9406b1-c1db-4f7d-94a5-df7584231a12-27164","trial_id":9,"param_name":"gamma","param_value_internal":2,"distribution":"{\"name\": \"CategoricalDistribution\", \"attributes\": {\"choices\": [0.99, 0.995, 0.999]}}"}
{"op_code":5,"worker_id":"3b9406b1-c1db-4f7d-94a5-df7584231a12-27164","trial_id":9,"param_name":"gae-lambda","param_value_internal":2,"distribution":"{\"name\": \"CategoricalDistribution\", \"attributes\": {\"choices\": [0.9, 0.95, 0.98]}}"}
{"op_code":5,"worker_id":"3b9406b1-c1db-4f7d-94a5-df7584231a12-27164","trial_id":9,"param_name":"clip-range","param_value_internal":0,"distribution":"{\"name\": \"CategoricalDistribution\", \"attributes\": {\"choices\": [0.1, 0.2, 0.3]}}"}
{"op_code":5,"worker_id":"3b9406b1-c1db-4f7d-94a5-df7584231a12-27164","trial_id":9,"param_name":"ent-coef","param_value_internal":0.006435774191713849,"distribution":"{\"name\": \"FloatDistribution\", \"attributes\": {\"step\": null, \"low\": 0.0001, \"high\": 0.03, \"log\": true}}"}
{"op_code":8,"worker_id":"3b9406b1-c1db-4f7d-94a5-df7584231a12-27164","trial_id":9,"user_attr":{"train_argv":"--option 1 --reward-mode objective --objectives tardiness_sq --lambda-late 1.0 --lambda-energy 1.0 --power-model linear --difficulty off_tf05 --timesteps 300000 --save-tag tune_off_tf05_o1cmlubr_t9 --n-envs 4 --vec-backend subproc --seed 0 --rule-placements FirstFit,Consolidate --algo ppo --markov-obs --lookahead --fixed-scaling --critic-arrivals --lateness-shaping --learning-rate 0.000387979 --rollout-size 4096 --batch-size 256 --n-epochs 5 --gamma 0.999 --gae-lambda 0.98 --clip-range 0.1 --ent-coef 0.00643577"}}
{"op_code":7,"worker_id":"3b9406b1-c1db-4f7d-94a5-df7584231a12-27164","trial_id":9,"step":75000,"intermediate_value":34650.0}
{"op_code":7,"worker_id":"3b9406b1-c1db-4f7d-94a5-df7584231a12-27164","trial_id":9,"step":150000,"intermediate_value":34650.0}
{"op_code":7,"worker_id":"3b9406b1-c1db-4f7d-94a5-df7584231a12-27164","trial_id":9,"step":225000,"intermediate_value":34650.0}
{"op_code":6,"worker_id":"3b9406b1-c1db-4f7d-94a5-df7584231a12-27164","trial_id":9,"state":1,"values":[37323.85],"datetime_complete":"2026-10-07T05:28:51.102653"}
{"op_code":4,"worker_id":"3b9406b1-c1db-4f7d-94a5-df7584231a12-27164","study_id":0,"datetime_start":"2026-10-07T05:28:51.310904"}
{"op_code":5,"worker_id":"3b9406b1-c1db-4f7d-94a5-df7584231a12-27164","trial_id":10,"param_name":"learning-rate","param_value_internal":7.787895315616462e-05,"distribution":"{\"name\": \"FloatDistribution\", \"attributes\": {\"step\": null, \"low\": 3e-05, \"high\": 0.001, \"log\": true}}"}
{"op_code":5,"worker_id":"3b9406b1-c1db-4f7d-94a5-df7584231a12-27164","trial_id":10,"param_name":"rollout-size","param_value_internal":0,"distribution":"{\"name\": \"CategoricalDistribution\", \"attributes\": {\"choices\": [2048, 4096, 8192, 16384]}}"}
{"op_code":5,"worker_id":"3b9406b1-c1db-4f7d-94a5-df7584231a12-27164","trial_id":10,"param_name":"batch-size","param_value_internal":0,"distribution":"{\"name\": \"CategoricalDistribution\", \"attributes\": {\"choices\": [64, 256, 1024]}}"}
{"op_code":5,"worker_id":"3b9406b1-c1db-4f7d-94a5-df7584231a12-27164","trial_id":10,"param_name":"n-epochs","param_value_internal":0,"distribution":"{\"name\": \"CategoricalDistribution\", \"attributes\": {\"choices\": [3, 5, 10]}}"}
{"op_code":5,"worker_id":"3b9406b1-c1db-4f7d-94a5-df7584231a12-27164","trial_id":10,"param_name":"gamma","param_value_internal":0,"distribution":"{\"name\": \"CategoricalDistribution\", \"attributes\": {\"choices\": [0.99, 0.995, 0.999]}}"}
{"op_code":5,"worker_id":"3b9406b1-c1db-4f7d-94a5-df7584231a12-27164","trial_id":10,"param_name":"gae-lambda","param_value_internal":2,"distribution":"{\"name\": \"CategoricalDistribution\", \"attributes\": {\"choices\": [0.9, 0.95, 0.98]}}"}
{"op_code":5,"worker_id":"3b9406b1-c1db-4f7d-94a5-df7584231a12-27164","trial_id":10,"param_name":"clip-range","param_value_internal":1,"distribution":"{\"name\": \"CategoricalDistribution\", \"attributes\": {\"choices\": [0.1, 0.2, 0.3]}}"}
{"op_code":5,"worker_id":"3b9406b1-c1db-4f7d-94a5-df7584231a12-27164","trial_id":10,"param_name":"ent-coef","param_value_internal":0.02334935245986177,"distribution":"{\"name\": \"FloatDistribution\", \"attributes\": {\"step\": null, \"low\": 0.0001, \"high\": 0.03, \"log\": true}}"}
{"op_code":8,"worker_id":"3b9406b1-c1db-4f7d-94a5-df7584231a12-27164","trial_id":10,"user_attr":{"train_argv":"--option 1 --reward-mode objective --objectives tardiness_sq --lambda-late 1.0 --lambda-energy 1.0 --power-model linear --difficulty off_tf05 --timesteps 300000 --save-tag tune_off_tf05_o1cmlubr_t10 --n-envs 4 --vec-backend subproc --seed 0 --rule-placements FirstFit,Consolidate --algo ppo --markov-obs --lookahead --fixed-scaling --critic-arrivals --lateness-shaping --learning-rate 7.7879e-05 --rollout-size 2048 --batch-size 64 --n-epochs 3 --gamma 0.99 --gae-lambda 0.98 --clip-range 0.2 --ent-coef 0.0233494"}}
{"op_code":7,"worker_id":"3b9406b1-c1db-4f7d-94a5-df7584231a12-27164","trial_id":10,"step":75000,"intermediate_value":34650.0}
{"op_code":7,"worker_id":"3b9406b1-c1db-4f7d-94a5-df7584231a12-27164","trial_id":10,"step":150000,"intermediate_value":36666.0}
{"op_code":7,"worker_id":"3b9406b1-c1db-4f7d-94a5-df7584231a12-27164","trial_id":10,"step":225000,"intermediate_value":36666.0}
{"op_code":6,"worker_id":"3b9406b1-c1db-4f7d-94a5-df7584231a12-27164","trial_id":10,"state":1,"values":[37323.85],"datetime_complete":"2026-10-07T05:32:33.639303"}
{"op_code":4,"worker_id":"3b9406b1-c1db-4f7d-94a5-df7584231a12-27164","study_id":0,"datetime_start":"2026-10-07T05:32:33.883315"}
{"op_code":5,"worker_id":"3b9406b1-c1db-4f7d-94a5-df7584231a12-27164","trial_id":11,"param_name":"learning-rate","param_value_internal":9.39282062635831e-05,"distribution":"{\"name\": \"FloatDistribution\", \"attributes\": {\"step\": null, \"low\": 3e-05, \"high\": 0.001, \"log\": true}}"}
{"op_code":5,"worker_id":"3b9406b1-c1db-4f7d-94a5-df7584231a12-27164","trial_id":11,"param_name":"rollout-size","param_value_internal":0,"distribution":"{\"name\": \"CategoricalDistribution\", \"attributes\": {\"choices\": [2048, 4096, 8192, 16384]}}"}
{"op_code":5,"worker_id":"3b9406b1-c1db-4f7d-94a5-df7584231a12-27164","trial_id":11,"param_name":"batch-size","param_value_internal":2,"distribution":"{\"name\": \"CategoricalDistribution\", \"attributes\": {\"choices\": [64, 256, 1024]}}"}
{"op_code":5,"worker_id":"3b9406b1-c1db-4f7d-94a5-df7584231a12-27164","trial_id":11,"param_name":"n-epochs","param_value_internal":0,"distribution":"{\"name\": \"CategoricalDistribution\", \"attributes\": {\"choices\": [3, 5, 10]}}"}
{"op_code":5,"worker_id":"3b9406b1-c1db-4f7d-94a5-df7584231a12-27164","trial_id":11,"param_name":"gamma","param_value_internal":2,"distribution":"{\"name\": \"CategoricalDistribution\", \"attributes\": {\"choices\": [0.99, 0.995, 0.999]}}"}
{"op_code":5,"worker_id":"3b9406b1-c1db-4f7d-94a5-df7584231a12-27164","trial_id":11,"param_name":"gae-lambda","param_value_internal":1,"distribution":"{\"name\": \"CategoricalDistribution\", \"attributes\": {\"choices\": [0.9, 0.95, 0.98]}}"}
{"op_code":5,"worker_id":"3b9406b1-c1db-4f7d-94a5-df7584231a12-27164","trial_id":11,"param_name":"clip-range","param_value_internal":2,"distribution":"{\"name\": \"CategoricalDistribution\", \"attributes\": {\"choices\": [0.1, 0.2, 0.3]}}"}
{"op_code":5,"worker_id":"3b9406b1-c1db-4f7d-94a5-df7584231a12-27164","trial_id":11,"param_name":"ent-coef","param_value_internal":0.0288315522451886,"distribution":"{\"name\": \"FloatDistribution\", \"attributes\": {\"step\": null, \"low\": 0.0001, \"high\": 0.03, \"log\": true}}"}
{"op_code":8,"worker_id":"3b9406b1-c1db-4f7d-94a5-df7584231a12-27164","trial_id":11,"user_attr":{"train_argv":"--option 1 --reward-mode objective --objectives tardiness_sq --lambda-late 1.0 --lambda-energy 1.0 --power-model linear --difficulty off_tf05 --timesteps 300000 --save-tag tune_off_tf05_o1cmlubr_t11 --n-envs 4 --vec-backend subproc --seed 0 --rule-placements FirstFit,Consolidate --algo ppo --markov-obs --lookahead --fixed-scaling --critic-arrivals --lateness-shaping --learning-rate 9.39282e-05 --rollout-size 2048 --batch-size 1024 --n-epochs 3 --gamma 0.999 --gae-lambda 0.95 --clip-range 0.3 --ent-coef 0.0288316"}}
{"op_code":7,"worker_id":"3b9406b1-c1db-4f7d-94a5-df7584231a12-27164","trial_id":11,"step":75000,"intermediate_value":36666.0}
{"op_code":6,"worker_id":"3b9406b1-c1db-4f7d-94a5-df7584231a12-27164","trial_id":11,"state":2,"values":[36666.0],"datetime_complete":"2026-10-07T05:33:24.611931"}
