{"op_code":0,"worker_id":"c9de2df7-2ff7-493d-acca-3246f1666c93-29260","study_name":"on_rho095_o4nfm_a2c","directions":[1]}
{"op_code":4,"worker_id":"c9de2df7-2ff7-493d-acca-3246f1666c93-29260","study_id":0,"datetime_start":"2026-10-06T08:22:05.006532"}
{"op_code":5,"worker_id":"c9de2df7-2ff7-493d-acca-3246f1666c93-29260","trial_id":0,"param_name":"learning-rate","param_value_internal":0.0006466422717414558,"distribution":"{\"name\": \"FloatDistribution\", \"attributes\": {\"step\": null, \"low\": 0.0001, \"high\": 0.003, \"log\": true}}"}
{"op_code":5,"worker_id":"c9de2df7-2ff7-493d-acca-3246f1666c93-29260","trial_id":0,"param_name":"rollout-size","param_value_internal":0,"distribution":"{\"name\": \"CategoricalDistribution\", \"attributes\": {\"choices\": [20, 80, 320]}}"}
{"op_code":5,"worker_id":"c9de2df7-2ff7-493d-acca-3246f1666c93-29260","trial_id":0,"param_name":"gamma","param_value_internal":1,"distribution":"{\"name\": \"CategoricalDistribution\", \"attributes\": {\"choices\": [0.99, 0.995, 0.999]}}"}
{"op_code":5,"worker_id":"c9de2df7-2ff7-493d-acca-3246f1666c93-29260","trial_id":0,"param_name":"gae-lambda","param_value_internal":1,"distribution":"{\"name\": \"CategoricalDistribution\", \"attributes\": {\"choices\": [0.9, 0.95, 1.0]}}"}
{"op_code":5,"worker_id":"c9de2df7-2ff7-493d-acca-3246f1666c93-29260","trial_id":0,"param_name":"ent-coef","param_value_internal":0.009145320282946534,"distribution":"{\"name\": \"FloatDistribution\", \"attributes\": {\"step\": null, \"low\": 0.0001, \"high\": 0.03, \"log\": true}}"}
{"op_code":8,"worker_id":"c9de2df7-2ff7-493d-acca-3246f1666c93-29260","trial_id":0,"user_attr":{"train_argv":"--option 4 --reward-mode objective --objectives tardiness_sq --lambda-late 1.0 --lambda-energy 1.0 --power-model linear --difficulty on_rho095 --timesteps 100000 --save-tag tune_on_rho095_o4nfm_a2c_t0 --n-envs 4 --vec-backend subproc --seed 0 --algo a2c --markov-obs --work-conserving --repair-placement --learning-rate 0.000646642 --rollout-size 20 --gamma 0.995 --gae-lambda 0.95 --ent-coef 0.00914532"}}
{"op_code":7,"worker_id":"c9de2df7-2ff7-493d-acca-3246f1666c93-29260","trial_id":0,"step":25000,"intermediate_value":311865.8}
{"op_code":7,"worker_id":"c9de2df7-2ff7-493d-acca-3246f1666c93-29260","trial_id":0,"step":50000,"intermediate_value":326770.8}
{"op_code":7,"worker_id":"c9de2df7-2ff7-493d-acca-3246f1666c93-29260","trial_id":0,"step":75000,"intermediate_value":339827.2}
{"op_code":6,"worker_id":"c9de2df7-2ff7-493d-acca-3246f1666c93-29260","trial_id":0,"state":1,"values":[332950.3],"datetime_complete":"2026-10-06T08:33:50.809471"}
{"op_code":4,"worker_id":"c9de2df7-2ff7-493d-acca-3246f1666c93-29260","study_id":0,"datetime_start":"2026-10-06T08:33:51.118003"}
{"op_code":5,"worker_id":"c9de2df7-2ff7-493d-acca-3246f1666c93-29260","trial_id":1,"param_name":"learning-rate","param_value_internal":0.0006042851578845063,"distribution":"{\"name\": \"FloatDistribution\", \"attributes\": {\"step\": null, \"low\": 0.0001, \"high\": 0.003, \"log\": true}}"}
{"op_code":5,"worker_id":"c9de2df7-2ff7-493d-acca-3246f1666c93-29260","trial_id":1,"param_name":"rollout-size","param_value_internal":1,"distribution":"{\"name\": \"CategoricalDistribution\", \"attributes\": {\"choices\": [20, 80, 320]}}"}
{"op_code":5,"worker_id":"c9de2df7-2ff7-493d-acca-3246f1666c93-29260","trial_id":1,"param_name":"gamma","param_value_internal":2,"distribution":"{\"name\": \"CategoricalDistribution\", \"attributes\": {\"choices\": [0.99, 0.995, 0.999]}}"}
{"op_code":5,"worker_id":"c9de2df7-2ff7-493d-acca-3246f1666c93-29260","trial_id":1,"param_name":"gae-lambda","param_value_internal":2,"distribution":"{\"name\": \"CategoricalDistribution\", \"attributes\": {\"choices\": [0.9, 0.95, 1.0]}}"}
{"op_code":5,"worker_id":"c9de2df7-2ff7-493d-acca-3246f1666c93-29260","trial_id":1,"param_name":"ent-coef","param_value_internal":0.009541412354586892,"distribution":"{\"name\": \"FloatDistribution\", \"attributes\": {\"step\": null, \"low\": 0.0001, \"high\": 0.03, \"log\": true}}"}
{"op_code":8,"worker_id":"c9de2df7-2ff7-493d-acca-3246f1666c93-29260","trial_id":1,"user_attr":{"train_argv":"--option 4 --reward-mode objective --objectives tardiness_sq --lambda-late 1.0 --lambda-energy 1.0 --power-model linear --difficulty on_rho095 --timesteps 100000 --save-tag tune_on_rho095_o4nfm_a2c_t1 --n-envs 4 --vec-backend subproc --seed 0 --algo a2c --markov-obs --work-conserving --repair-placement --learning-rate 0.000604285 --rollout-size 80 --gamma 0.999 --gae-lambda 1 --ent-coef 0.00954141"}}
{"op_code":7,"worker_id":"c9de2df7-2ff7-493d-acca-3246f1666c93-29260","trial_id":1,"step":25000,"intermediate_value":417456.0}
{"op_code":7,"worker_id":"c9de2df7-2ff7-493d-acca-3246f1666c93-29260","trial_id":1,"step":50000,"intermediate_value":247224.6}
{"op_code":7,"worker_id":"c9de2df7-2ff7-493d-acca-3246f1666c93-29260","trial_id":1,"step":75000,"intermediate_value":271516.4}
{"op_code":6,"worker_id":"c9de2df7-2ff7-493d-acca-3246f1666c93-29260","trial_id":1,"state":1,"values":[348297.0],"datetime_complete":"2026-10-06T08:45:03.917649"}
{"op_code":4,"worker_id":"c9de2df7-2ff7-493d-acca-3246f1666c93-29260","study_id":0,"datetime_start":"2026-10-06T08:45:04.156271"}
{"op_code":5,"worker_id":"c9de2df7-2ff7-493d-acca-3246f1666c93-29260","trial_id":2,"param_name":"learning-rate","param_value_internal":0.0004804641349751479,"distribution":"{\"name\": \"FloatDistribution\", \"attributes\": {\"step\": null, \"low\": 0.0001, \"high\": 0.003, \"log\": true}}"}
{"op_code":5,"worker_id":"c9de2df7-2ff7-493d-acca-3246f1666c93-29260","trial_id":2,"param_name":"rollout-size","param_value_internal":0,"distribution":"{\"name\": \"CategoricalDistribution\", \"attributes\": {\"choices\": [20, 80, 320]}}"}
{"op_code":5,"worker_id":"c9de2df7-2ff7-493d-acca-3246f1666c93-29260","trial_id":2,"param_name":"gamma","param_value_internal":1,"distribution":"{\"name\": \"CategoricalDistribution\", \"attributes\": {\"choices\": [0.99, 0.995, 0.999]}}"}
{"op_code":5,"worker_id":"c9de2df7-2ff7-493d-acca-3246f1666c93-29260","trial_id":2,"param_name":"gae-lambda","param_value_internal":2,"distribution":"{\"name\": \"CategoricalDistribution\", \"attributes\": {\"choices\": [0.9, 0.95, 1.0]}}"}
{"op_code":5,"worker_id":"c9de2df7-2ff7-493d-acca-3246f1666c93-29260","trial_id":2,"param_name":"ent-coef","param_value_internal":0.001348775545730254,"distribution":"{\"name\": \"FloatDistribution\", \"attributes\": {\"step\": null, \"low\": 0.0001, \"high\": 0.03, \"log\": true}}"}
{"op_code":8,"worker_id":"c9de2df7-2ff7-493d-acca-3246f1666c93-29260","trial_id":2,"user_attr":{"train_argv":"--option 4 --reward-mode objective --objectives tardiness_sq --lambda-late 1.0 --lambda-energy 1.0 --power-model linear --difficulty on_rho095 --timesteps 100000 --save-tag tune_on_rho095_o4nfm_a2c_t2 --n-envs 4 --vec-backend subproc --seed 0 --algo a2c --markov-obs --work-conserving --repair-placement --learning-rate 0.000480464 --rollout-size 20 --gamma 0.995 --gae-lambda 1 --ent-coef 0.00134878"}}
{"op_code":7,"worker_id":"c9de2df7-2ff7-493d-acca-3246f1666c93-29260","trial_id":2,"step":25000,"intermediate_value":130309.4}
{"op_code":7,"worker_id":"c9de2df7-2ff7-493d-acca-3246f1666c93-29260","trial_id":2,"step":50000,"intermediate_value":324208.8}
{"op_code":7,"worker_id":"c9de2df7-2ff7-493d-acca-3246f1666c93-29260","trial_id":2,"step":75000,"intermediate_value":308662.4}
{"op_code":6,"worker_id":"c9de2df7-2ff7-493d-acca-3246f1666c93-29260","trial_id":2,"state":1,"values":[340269.3],"datetime_complete":"2026-10-06T08:56:29.393320"}
{"op_code":4,"worker_id":"c9de2df7-2ff7-493d-acca-3246f1666c93-29260","study_id":0,"datetime_start":"2026-10-06T08:56:29.745307"}
{"op_code":5,"worker_id":"c9de2df7-2ff7-493d-acca-3246f1666c93-29260","trial_id":3,"param_name":"learning-rate","param_value_internal":0.0006912670683424538,"distribution":"{\"name\": \"FloatDistribution\", \"attributes\": {\"step\": null, \"low\": 0.0001, \"high\": 0.003, \"log\": true}}"}
{"op_code":5,"worker_id":"c9de2df7-2ff7-493d-acca-3246f1666c93-29260","trial_id":3,"param_name":"rollout-size","param_value_internal":1,"distribution":"{\"name\": \"CategoricalDistribution\", \"attributes\": {\"choices\": [20, 80, 320]}}"}
{"op_code":5,"worker_id":"c9de2df7-2ff7-493d-acca-3246f1666c93-29260","trial_id":3,"param_name":"gamma","param_value_internal":1,"distribution":"{\"name\": \"CategoricalDistribution\", \"attributes\": {\"choices\": [0.99, 0.995, 0.999]}}"}
{"op_code":5,"worker_id":"c9de2df7-2ff7-493d-acca-3246f1666c93-29260","trial_id":3,"param_name":"gae-lambda","param_value_internal":2,"distribution":"{\"name\": \"CategoricalDistribution\", \"attributes\": {\"choices\": [0.9, 0.95, 1.0]}}"}
{"op_code":5,"worker_id":"c9de2df7-2ff7-493d-acca-3246f1666c93-29260","trial_id":3,"param_name":"ent-coef","param_value_internal":0.00014098918363046996,"distribution":"{\"name\": \"FloatDistribution\", \"attributes\": {\"step\": null, \"low\": 0.0001, \"high\": 0.03, \"log\": true}}"}
{"op_code":8,"worker_id":"c9de2df7-2ff7-493d-acca-3246f1666c93-29260","trial_id":3,"user_attr":{"train_argv":"--option 4 --reward-mode objective --objectives tardiness_sq --lambda-late 1.0 --lambda-energy 1.0 --power-model linear --difficulty on_rho095 --timesteps 100000 --save-tag tune_on_rho095_o4nfm_a2c_t3 --n-envs 4 --vec-backend subproc --seed 0 --algo a2c --markov-obs --work-conserving --repair-placement --learning-rate 0.000691267 --rollout-size 80 --gamma 0.995 --gae-lambda 1 --ent-coef 0.000140989"}}
{"op_code":7,"worker_id":"c9de2df7-2ff7-493d-acca-3246f1666c93-29260","trial_id":3,"step":25000,"intermediate_value":118151.8}
{"op_code":7,"worker_id":"c9de2df7-2ff7-493d-acca-3246f1666c93-29260","trial_id":3,"step":50000,"intermediate_value":355514.6}
{"op_code":7,"worker_id":"c9de2df7-2ff7-493d-acca-3246f1666c93-29260","trial_id":3,"step":75000,"intermediate_value":470875.4}
{"op_code":6,"worker_id":"c9de2df7-2ff7-493d-acca-3246f1666c93-29260","trial_id":3,"state":1,"values":[331240.8],"datetime_complete":"2026-10-06T09:07:46.547185"}
{"op_code":4,"worker_id":"c9de2df7-2ff7-493d-acca-3246f1666c93-29260","study_id":0,"datetime_start":"2026-10-06T09:07:46.810540"}
{"op_code":5,"worker_id":"c9de2df7-2ff7-493d-acca-3246f1666c93-29260","trial_id":4,"param_name":"learning-rate","param_value_internal":0.0009658179826892162,"distribution":"{\"name\": \"FloatDistribution\", \"attributes\": {\"step\": null, \"low\": 0.0001, \"high\": 0.003, \"log\": true}}"}
{"op_code":5,"worker_id":"c9de2df7-2ff7-493d-acca-3246f1666c93-29260","trial_id":4,"param_name":"rollout-size","param_value_internal":0,"distribution":"{\"name\": \"CategoricalDistribution\", \"attributes\": {\"choices\": [20, 80, 320]}}"}
{"op_code":5,"worker_id":"c9de2df7-2ff7-493d-acca-3246f1666c93-29260","trial_id":4,"param_name":"gamma","param_value_internal":2,"distribution":"{\"name\": \"CategoricalDistribution\", \"attributes\": {\"choices\": [0.99, 0.995, 0.999]}}"}
{"op_code":5,"worker_id":"c9de2df7-2ff7-493d-acca-3246f1666c93-29260","trial_id":4,"param_name":"gae-lambda","param_value_internal":1,"distribution":"{\"name\": \"CategoricalDistribution\", \"attributes\": {\"choices\": [0.9, 0.95, 1.0]}}"}
{"op_code":5,"worker_id":"c9de2df7-2ff7-493d-acca-3246f1666c93-29260","trial_id":4,"param_name":"ent-coef","param_value_internal":0.00032916454639831516,"distribution":"{\"name\": \"FloatDistribution\", \"attributes\": {\"step\": null, \"low\": 0.0001, \"high\": 0.03, \"log\": true}}"}
{"op_code":8,"worker_id":"c9de2df7-2ff7-493d-acca-3246f1666c93-29260","trial_id":4,"user_attr":{"train_argv":"--option 4 --reward-mode objective --objectives tardiness_sq --lambda-late 1.0 --lambda-energy 1.0 --power-model linear --difficulty on_rho095 --timesteps 100000 --save-tag tune_on_rho095_o4nfm_a2c_t4 --n-envs 4 --vec-backend subproc --seed 0 --algo a2c --markov-obs --work-conserving --repair-placement --learning-rate 0.000965818 --rollout-size 20 --gamma 0.999 --gae-lambda 0.95 --ent-coef 0.000329165"}}
{"op_code":7,"worker_id":"c9de2df7-2ff7-493d-acca-3246f1666c93-29260","trial_id":4,"step":25000,"intermediate_value":141586.8}
{"op_code":7,"worker_id":"c9de2df7-2ff7-493d-acca-3246f1666c93-29260","trial_id":4,"step":50000,"intermediate_value":337330.8}
{"op_code":7,"worker_id":"c9de2df7-2ff7-493d-acca-3246f1666c93-29260","trial_id":4,"step":75000,"intermediate_value":313107.6}
{"op_code":6,"worker_id":"c9de2df7-2ff7-493d-acca-3246f1666c93-29260","trial_id":4,"state":1,"values":[343920.75],"datetime_complete":"2026-10-06T09:19:37.911298"}
{"op_code":4,"worker_id":"c9de2df7-2ff7-493d-acca-3246f1666c93-29260","study_id":0,"datetime_start":"2026-10-06T09:19:38.146071"}
{"op_code":5,"worker_id":"c9de2df7-2ff7-493d-acca-3246f1666c93-29260","trial_id":5,"param_name":"learning-rate","param_value_internal":0.00017309069329908935,"distribution":"{\"name\": \"FloatDistribution\", \"attributes\": {\"step\": null, \"low\": 0.0001, \"high\": 0.003, \"log\": true}}"}
{"op_code":5,"worker_id":"c9de2df7-2ff7-493d-acca-3246f1666c93-29260","trial_id":5,"param_name":"rollout-size","param_value_internal":0,"distribution":"{\"name\": \"CategoricalDistribution\", \"attributes\": {\"choices\": [20, 80, 320]}}"}
{"op_code":5,"worker_id":"c9de2df7-2ff7-493d-acca-3246f1666c93-29260","trial_id":5,"param_name":"gamma","param_value_internal":0,"distribution":"{\"name\": \"CategoricalDistribution\", \"attributes\": {\"choices\": [0.99, 0.995, 0.999]}}"}
{"op_code":5,"worker_id":"c9de2df7-2ff7-493d-acca-3246f1666c93-29260","trial_id":5,"param_name":"gae-lambda","param_value_internal":0,"distribution":"{\"name\": \"CategoricalDistribution\", \"attributes\": {\"choices\": [0.9, 0.95, 1.0]}}"}
{"op_code":5,"worker_id":"c9de2df7-2ff7-493d-acca-3246f1666c93-29260","trial_id":5,"param_name":"ent-coef","param_value_internal":0.0008191755047162099,"distribution":"{\"name\": \"FloatDistribution\", \"attributes\": {\"step\": null, \"low\": 0.0001, \"high\": 0.03, \"log\": true}}"}
{"op_code":8,"worker_id":"c9de2df7-2ff7-493d-acca-3246f1666c93-29260","trial_id":5,"user_attr":{"train_argv":"--option 4 --reward-mode objective --objectives tardiness_sq --lambda-late 1.0 --lambda-energy 1.0 --power-model linear --difficulty on_rho095 --timesteps 100000 --save-tag tune_on_rho095_o4nfm_a2c_t5 --n-envs 4 --vec-backend subproc --seed 0 --algo a2c --markov-obs --work-conserving --repair-placement --learning-rate 0.000173091 --rollout-size 20 --gamma 0.99 --gae-lambda 0.9 --ent-coef 0.000819176"}}
{"op_code":7,"worker_id":"c9de2df7-2ff7-493d-acca-3246f1666c93-29260","trial_id":5,"step":25000,"intermediate_value":239423.4}
{"op_code":6,"worker_id":"c9de2df7-2ff7-493d-acca-3246f1666c93-29260","trial_id":5,"state":2,"values":[239423.4],"datetime_complete":"2026-10-06T09:22:33.179011"}
{"op_code":4,"worker_id":"c9de2df7-2ff7-493d-acca-3246f1666c93-29260","study_id":0,"datetime_start":"2026-10-06T09:22:33.465227"}
{"op_code":5,"worker_id":"c9de2df7-2ff7-493d-acca-3246f1666c93-29260","trial_id":6,"param_name":"learning-rate","param_value_internal":0.0016319488770709706,"distribution":"{\"name\": \"FloatDistribution\", \"attributes\": {\"step\": null, \"low\": 0.0001, \"high\": 0.003, \"log\": true}}"}
{"op_code":5,"worker_id":"c9de2df7-2ff7-493d-acca-3246f1666c93-29260","trial_id":6,"param_name":"rollout-size","param_value_internal":1,"distribution":"{\"name\": \"CategoricalDistribution\", \"attributes\": {\"choices\": [20, 80, 320]}}"}
{"op_code":5,"worker_id":"c9de2df7-2ff7-493d-acca-3246f1666c93-29260","trial_id":6,"param_name":"gamma","param_value_internal":2,"distribution":"{\"name\": \"CategoricalDistribution\", \"attributes\": {\"choices\": [0.99, 0.995, 0.999]}}"}
{"op_code":5,"worker_id":"c9de2df7-2ff7-493d-acca-3246f1666c93-29260","trial_id":6,"param_name":"gae-lambda","param_value_internal":1,"distribution":"{\"name\": \"CategoricalDistribution\", \"attributes\": {\"choices\": [0.9, 0.95, 1.0]}}"}
{"op_code":5,"worker_id":"c9de2df7-2ff7-493d-acca-3246f1666c93-29260","trial_id":6,"param_name":"ent-coef","param_value_internal":0.000501819043124292,"distribution":"{\"name\": \"FloatDistribution\", \"attributes\": {\"step\": null, \"low\": 0.0001, \"high\": 0.03, \"log\": true}}"}
{"op_code":8,"worker_id":"c9de2df7-2ff7-493d-acca-3246f1666c93-29260","trial_id":6,"user_attr":{"train_argv":"--option 4 --reward-mode objective --objectives tardiness_sq --lambda-late 1.0 --lambda-energy 1.0 --power-model linear --difficulty on_rho095 --timesteps 100000 --save-tag tune_on_rho095_o4nfm_a2c_t6 --n-envs 4 --vec-backend subproc --seed 0 --algo a2c --markov-obs --work-conserving --repair-placement --learning-rate 0.00163195 --rollout-size 80 --gamma 0.999 --gae-lambda 0.95 --ent-coef 0.000501819"}}
{"op_code":7,"worker_id":"c9de2df7-2ff7-493d-acca-3246f1666c93-29260","trial_id":6,"step":25000,"intermediate_value":127845.2}
{"op_code":7,"worker_id":"c9de2df7-2ff7-493d-acca-3246f1666c93-29260","trial_id":6,"step":50000,"intermediate_value":308497.6}
{"op_code":7,"worker_id":"c9de2df7-2ff7-493d-acca-3246f1666c93-29260","trial_id":6,"step":75000,"intermediate_value":332642.0}
{"op_code":6,"worker_id":"c9de2df7-2ff7-493d-acca-3246f1666c93-29260","trial_id":6,"state":1,"values":[464712.55],"datetime_complete":"2026-10-06T09:33:50.819999"}
{"op_code":4,"worker_id":"c9de2df7-2ff7-493d-acca-3246f1666c93-29260","study_id":0,"datetime_start":"2026-10-06T09:33:51.037206"}
{"op_code":5,"worker_id":"c9de2df7-2ff7-493d-acca-3246f1666c93-29260","trial_id":7,"param_name":"learning-rate","param_value_internal":0.00015050290935598963,"distribution":"{\"name\": \"FloatDistribution\", \"attributes\": {\"step\": null, \"low\": 0.0001, \"high\": 0.003, \"log\": true}}"}
{"op_code":5,"worker_id":"c9de2df7-2ff7-493d-acca-3246f1666c93-29260","trial_id":7,"param_name":"rollout-size","param_value_internal":2,"distribution":"{\"name\": \"CategoricalDistribution\", \"attributes\": {\"choices\": [20, 80, 320]}}"}
{"op_code":5,"worker_id":"c9de2df7-2ff7-493d-acca-3246f1666c93-29260","trial_id":7,"param_name":"gamma","param_value_internal":2,"distribution":"{\"name\": \"CategoricalDistribution\", \"attributes\": {\"choices\": [0.99, 0.995, 0.999]}}"}
{"op_code":5,"worker_id":"c9de2df7-2ff7-493d-acca-3246f1666c93-29260","trial_id":7,"param_name":"gae-lambda","param_value_internal":0,"distribution":"{\"name\": \"CategoricalDistribution\", \"attributes\": {\"choices\": [0.9, 0.95, 1.0]}}"}
{"op_code":5,"worker_id":"c9de2df7-2ff7-493d-acca-3246f1666c93-29260","trial_id":7,"param_name":"ent-coef","param_value_internal":0.00017088424969157387,"distribution":"{\"name\": \"FloatDistribution\", \"attributes\": {\"step\": null, \"low\": 0.0001, \"high\": 0.03, \"log\": true}}"}
{"op_code":8,"worker_id":"c9de2df7-2ff7-493d-acca-3246f1666c93-29260","trial_id":7,"user_attr":{"train_argv":"--option 4 --reward-mode objective --objectives tardiness_sq --lambda-late 1.0 --lambda-energy 1.0 --power-model linear --difficulty on_rho095 --timesteps 100000 --save-tag tune_on_rho095_o4nfm_a2c_t7 --n-envs 4 --vec-backend subproc --seed 0 --algo a2c --markov-obs --work-conserving --repair-placement --learning-rate 0.000150503 --rollout-size 320 --gamma 0.999 --gae-lambda 0.9 --ent-coef 0.000170884"}}
{"op_code":7,"worker_id":"c9de2df7-2ff7-493d-acca-3246f1666c93-29260","trial_id":7,"step":25000,"intermediate_value":242875.6}
{"op_code":6,"worker_id":"c9de2df7-2ff7-493d-acca-3246f1666c93-29260","trial_id":7,"state":2,"values":[242875.6],"datetime_complete":"2026-10-06T09:36:29.336732"}
{"op_code":4,"worker_id":"c9de2df7-2ff7-493d-acca-3246f1666c93-29260","study_id":0,"datetime_start":"2026-10-06T09:36:29.600197"}
{"op_code":5,"worker_id":"c9de2df7-2ff7-493d-acca-3246f1666c93-29260","trial_id":8,"param_name":"learning-rate","param_value_internal":0.0007091576793635641,"distribution":"{\"name\": \"FloatDistribution\", \"attributes\": {\"step\": null, \"low\": 0.0001, \"high\": 0.003, \"log\": true}}"}
{"op_code":5,"worker_id":"c9de2df7-2ff7-493d-acca-3246f1666c93-29260","trial_id":8,"param_name":"rollout-size","param_value_internal":0,"distribution":"{\"name\": \"CategoricalDistribution\", \"attributes\": {\"choices\": [20, 80, 320]}}"}
{"op_code":5,"worker_id":"c9de2df7-2ff7-493d-acca-3246f1666c93-29260","trial_id":8,"param_name":"gamma","param_value_internal":1,"distribution":"{\"name\": \"CategoricalDistribution\", \"attributes\": {\"choices\": [0.99, 0.995, 0.999]}}"}
{"op_code":5,"worker_id":"c9de2df7-2ff7-493d-acca-3246f1666c93-29260","trial_id":8,"param_name":"gae-lambda","param_value_internal":1,"distribution":"{\"name\": \"CategoricalDistribution\", \"attributes\": {\"choices\": [0.9, 0.95, 1.0]}}"}
{"op_code":5,"worker_id":"c9de2df7-2ff7-493d-acca-3246f1666c93-29260","trial_id":8,"param_name":"ent-coef","param_value_internal":0.011307978270179144,"distribution":"{\"name\": \"FloatDistribution\", \"attributes\": {\"step\": null, \"low\": 0.0001, \"high\": 0.03, \"log\": true}}"}
{"op_code":8,"worker_id":"c9de2df7-2ff7-493d-acca-3246f1666c93-29260","trial_id":8,"user_attr":{"train_argv":"--option 4 --reward-mode objective --objectives tardiness_sq --lambda-late 1.0 --lambda-energy 1.0 --power-model linear --difficulty on_rho095 --timesteps 100000 --save-tag tune_on_rho095_o4nfm_a2c_t8 --n-envs 4 --vec-backend subproc --seed 0 --algo a2c --markov-obs --work-conserving --repair-placement --learning-rate 0.000709158 --rollout-size 20 --gamma 0.995 --gae-lambda 0.95 --ent-coef 0.011308"}}
{"op_code":7,"worker_id":"c9de2df7-2ff7-493d-acca-3246f1666c93-29260","trial_id":8,"step":25000,"intermediate_value":324994.0}
{"op_code":6,"worker_id":"c9de2df7-2ff7-493d-acca-3246f1666c93-29260","trial_id":8,"state":2,"values":[324994.0],"datetime_complete":"2026-10-06T09:39:18.763068"}
{"op_code":4,"worker_id":"c9de2df7-2ff7-493d-acca-3246f1666c93-29260","study_id":0,"datetime_start":"2026-10-06T09:39:18.966763"}
{"op_code":5,"worker_id":"c9de2df7-2ff7-493d-acca-3246f1666c93-29260","trial_id":9,"param_name":"learning-rate","param_value_internal":0.00010160984472195724,"distribution":"{\"name\": \"FloatDistribution\", \"attributes\": {\"step\": null, \"low\": 0.0001, \"high\": 0.003, \"log\": true}}"}
{"op_code":5,"worker_id":"c9de2df7-2ff7-493d-acca-3246f1666c93-29260","trial_id":9,"param_name":"rollout-size","param_value_internal":2,"distribution":"{\"name\": \"CategoricalDistribution\", \"attributes\": {\"choices\": [20, 80, 320]}}"}
{"op_code":5,"worker_id":"c9de2df7-2ff7-493d-acca-3246f1666c93-29260","trial_id":9,"param_name":"gamma","param_value_internal":0,"distribution":"{\"name\": \"CategoricalDistribution\", \"attributes\": {\"choices\": [0.99, 0.995, 0.999]}}"}
{"op_code":5,"worker_id":"c9de2df7-2ff7-493d-acca-3246f1666c93-29260","trial_id":9,"param_name":"gae-lambda","param_value_internal":0,"distribution":"{\"name\": \"CategoricalDistribution\", \"attributes\": {\"choices\": [0.9, 0.95, 1.0]}}"}
{"op_code":5,"worker_id":"c9de2df7-2ff7-493d-acca-3246f1666c93-29260","trial_id":9,"param_name":"ent-coef","param_value_internal":0.02291262392205817,"distribution":"{\"name\": \"FloatDistribution\", \"attributes\": {\"step\": null, \"low\": 0.0001, \"high\": 0.03, \"log\": true}}"}
{"op_code":8,"worker_id":"c9de2df7-2ff7-493d-acca-3246f1666c93-29260","trial_id":9,"user_attr":{"train_argv":"--option 4 --reward-mode objective --objectives tardiness_sq --lambda-late 1.0 --lambda-energy 1.0 --power-model linear --difficulty on_rho095 --timesteps 100000 --save-tag tune_on_rho095_o4nfm_a2c_t9 --n-envs 4 --vec-backend subproc --seed 0 --algo a2c --markov-obs --work-conserving --repair-placement --learning-rate 0.00010161 --rollout-size 320 --gamma 0.99 --gae-lambda 0.9 --ent-coef 0.0229126"}}
{"op_code":7,"worker_id":"c9de2df7-2ff7-493d-acca-3246f1666c93-29260","trial_id":9,"step":25000,"intermediate_value":179441.2}
{"op_code":6,"worker_id":"c9de2df7-2ff7-493d-acca-3246f1666c93-29260","trial_id":9,"state":2,"values":[179441.2],"datetime_complete":"2026-10-06T09:41:55.367077"}
{"op_code":4,"worker_id":"c9de2df7-2ff7-493d-acca-3246f1666c93-29260","study_id":0,"datetime_start":"2026-10-06T09:41:55.606764"}
{"op_code":5,"worker_id":"c9de2df7-2ff7-493d-acca-3246f1666c93-29260","trial_id":10,"param_name":"learning-rate","param_value_internal":0.0024518098818580836,"distribution":"{\"name\": \"FloatDistribution\", \"attributes\": {\"step\": null, \"low\": 0.0001, \"high\": 0.003, \"log\": true}}"}
{"op_code":5,"worker_id":"c9de2df7-2ff7-493d-acca-3246f1666c93-29260","trial_id":10,"param_name":"rollout-size","param_value_internal":1,"distribution":"{\"name\": \"CategoricalDistribution\", \"attributes\": {\"choices\": [20, 80, 320]}}"}
{"op_code":5,"worker_id":"c9de2df7-2ff7-493d-acca-3246f1666c93-29260","trial_id":10,"param_name":"gamma","param_value_internal":1,"distribution":"{\"name\": \"CategoricalDistribution\", \"attributes\": {\"choices\": [0.99, 0.995, 0.999]}}"}
{"op_code":5,"worker_id":"c9de2df7-2ff7-493d-acca-3246f1666c93-29260","trial_id":10,"param_name":"gae-lambda","param_value_internal":2,"distribution":"{\"name\": \"CategoricalDistribution\", \"attributes\": {\"choices\": [0.9, 0.95, 1.0]}}"}
{"op_code":5,"worker_id":"c9de2df7-2ff7-493d-acca-3246f1666c93-29260","trial_id":10,"param_name":"ent-coef","param_value_internal":0.0025412649825898824,"distribution":"{\"name\": \"FloatDistribution\", \"attributes\": {\"step\": null, \"low\": 0.0001, \"high\": 0.03, \"log\": true}}"}
{"op_code":8,"worker_id":"c9de2df7-2ff7-493d-acca-3246f1666c93-29260","trial_id":10,"user_attr":{"train_argv":"--option 4 --reward-mode objective --objectives tardiness_sq --lambda-late 1.0 --lambda-energy 1.0 --power-model linear --difficulty on_rho095 --timesteps 100000 --save-tag tune_on_rho095_o4nfm_a2c_t10 --n-envs 4 --vec-backend subproc --seed 0 --algo a2c --markov-obs --work-conserving --repair-placement --learning-rate 0.00245181 --rollout-size 80 --gamma 0.995 --gae-lambda 1 --ent-coef 0.00254126"}}
{"op_code":7,"worker_id":"c9de2df7-2ff7-493d-acca-3246f1666c93-29260","trial_id":10,"step":25000,"intermediate_value":362332.0}
{"op_code":6,"worker_id":"c9de2df7-2ff7-493d-acca-3246f1666c93-29260","trial_id":10,"state":2,"values":[362332.0],"datetime_complete":"2026-10-06T09:44:35.105398"}
{"op_code":4,"worker_id":"c9de2df7-2ff7-493d-acca-3246f1666c93-29260","study_id":0,"datetime_start":"2026-10-06T09:44:35.368160"}
{"op_code":5,"worker_id":"c9de2df7-2ff7-493d-acca-3246f1666c93-29260","trial_id":11,"param_name":"learning-rate","param_value_internal":0.00036960037674982886,"distribution":"{\"name\": \"FloatDistribution\", \"attributes\": {\"step\": null, \"low\": 0.0001, \"high\": 0.003, \"log\": true}}"}
{"op_code":5,"worker_id":"c9de2df7-2ff7-493d-acca-3246f1666c93-29260","trial_id":11,"param_name":"rollout-size","param_value_internal":1,"distribution":"{\"name\": \"CategoricalDistribution\", \"attributes\": {\"choices\": [20, 80, 320]}}"}
{"op_code":5,"worker_id":"c9de2df7-2ff7-493d-acca-3246f1666c93-29260","trial_id":11,"param_name":"gamma","param_value_internal":1,"distribution":"{\"name\": \"CategoricalDistribution\", \"attributes\": {\"choices\": [0.99, 0.995, 0.999]}}"}
{"op_code":5,"worker_id":"c9de2df7-2ff7-493d-acca-3246f1666c93-29260","trial_id":11,"param_name":"gae-lambda","param_value_internal":1,"distribution":"{\"name\": \"CategoricalDistribution\", \"attributes\": {\"choices\": [0.9, 0.95, 1.0]}}"}
{"op_code":5,"worker_id":"c9de2df7-2ff7-493d-acca-3246f1666c93-29260","trial_id":11,"param_name":"ent-coef","param_value_internal":0.0036144808012684793,"distribution":"{\"name\": \"FloatDistribution\", \"attributes\": {\"step\": null, \"low\": 0.0001, \"high\": 0.03, \"log\": true}}"}
{"op_code":8,"worker_id":"c9de2df7-2ff7-493d-acca-3246f1666c93-29260","trial_id":11,"user_attr":{"train_argv":"--option 4 --reward-mode objective --objectives tardiness_sq --lambda-late 1.0 --lambda-energy 1.0 --power-model linear --difficulty on_rho095 --timesteps 100000 --save-tag tune_on_rho095_o4nfm_a2c_t11 --n-envs 4 --vec-backend subproc --seed 0 --algo a2c --markov-obs --work-conserving --repair-placement --learning-rate 0.0003696 --rollout-size 80 --gamma 0.995 --gae-lambda 0.95 --ent-coef 0.00361448"}}
{"op_code":7,"worker_id":"c9de2df7-2ff7-493d-acca-3246f1666c93-29260","trial_id":11,"step":25000,"intermediate_value":293537.4}
{"op_code":6,"worker_id":"c9de2df7-2ff7-493d-acca-3246f1666c93-29260","trial_id":11,"state":2,"values":[293537.4],"datetime_complete":"2026-10-06T09:47:13.317549"}
{"op_code":4,"worker_id":"c9de2df7-2ff7-493d-acca-3246f1666c93-29260","study_id":0,"datetime_start":"2026-10-06T09:47:13.556102"}
{"op_code":5,"worker_id":"c9de2df7-2ff7-493d-acca-3246f1666c93-29260","trial_id":12,"param_name":"learning-rate","param_value_internal":0.0003333991503448507,"distribution":"{\"name\": \"FloatDistribution\", \"attributes\": {\"step\": null, \"low\": 0.0001, \"high\": 0.003, \"log\": true}}"}
{"op_code":5,"worker_id":"c9de2df7-2ff7-493d-acca-3246f1666c93-29260","trial_id":12,"param_name":"rollout-size","param_value_internal":0,"distribution":"{\"name\": \"CategoricalDistribution\", \"attributes\": {\"choices\": [20, 80, 320]}}"}
{"op_code":5,"worker_id":"c9de2df7-2ff7-493d-acca-3246f1666c93-29260","trial_id":12,"param_name":"gamma","param_value_internal":1,"distribution":"{\"name\": \"CategoricalDistribution\", \"attributes\": {\"choices\": [0.99, 0.995, 0.999]}}"}
{"op_code":5,"worker_id":"c9de2df7-2ff7-493d-acca-3246f1666c93-29260","trial_id":12,"param_name":"gae-lambda","param_value_internal":2,"distribution":"{\"name\": \"CategoricalDistribution\", \"attributes\": {\"choices\": [0.9, 0.95, 1.0]}}"}
{"op_code":5,"worker_id":"c9de2df7-2ff7-493d-acca-3246f1666c93-29260","trial_id":12,"param_name":"ent-coef","param_value_internal":0.0001180767176805938,"distribution":"{\"name\": \"FloatDistribution\", \"attributes\": {\"step\": null, \"low\": 0.0001, \"high\": 0.03, \"log\": true}}"}
{"op_code":8,"worker_id":"c9de2df7-2ff7-493d-acca-3246f1666c93-29260","trial_id":12,"user_attr":{"train_argv":"--option 4 --reward-mode objective --objectives tardiness_sq --lambda-late 1.0 --lambda-energy 1.0 --power-model linear --difficulty on_rho095 --timesteps 100000 --save-tag tune_on_rho095_o4nfm_a2c_t12 --n-envs 4 --vec-backend subproc --seed 0 --algo a2c --markov-obs --work-conserving --repair-placement --learning-rate 0.000333399 --rollout-size 20 --gamma 0.995 --gae-lambda 1 --ent-coef 0.000118077"}}
{"op_code":7,"worker_id":"c9de2df7-2ff7-493d-acca-3246f1666c93-29260","trial_id":12,"step":25000,"intermediate_value":258405.8}
{"op_code":6,"worker_id":"c9de2df7-2ff7-493d-acca-3246f1666c93-29260","trial_id":12,"state":2,"values":[258405.8],"datetime_complete":"2026-10-06T09:49:58.368077"}
{"op_code":4,"worker_id":"c9de2df7-2ff7-493d-acca-3246f1666c93-29260","study_id":0,"datetime_start":"2026-10-06T09:49:58.617089"}
{"op_code":5,"worker_id":"c9de2df7-2ff7-493d-acca-3246f1666c93-29260","trial_id":13,"param_name":"learning-rate","param_value_internal":0.0011279354181681707,"distribution":"{\"name\": \"FloatDistribution\", \"attributes\": {\"step\": null, \"low\": 0.0001, \"high\": 0.003, \"log\": true}}"}
{"op_code":5,"worker_id":"c9de2df7-2ff7-493d-acca-3246f1666c93-29260","trial_id":13,"param_name":"rollout-size","param_value_internal":1,"distribution":"{\"name\": \"CategoricalDistribution\", \"attributes\": {\"choices\": [20, 80, 320]}}"}
{"op_code":5,"worker_id":"c9de2df7-2ff7-493d-acca-3246f1666c93-29260","trial_id":13,"param_name":"gamma","param_value_internal":1,"distribution":"{\"name\": \"CategoricalDistribution\", \"attributes\": {\"choices\": [0.99, 0.995, 0.999]}}"}
{"op_code":5,"worker_id":"c9de2df7-2ff7-493d-acca-3246f1666c93-29260","trial_id":13,"param_name":"gae-lambda","param_value_internal":2,"distribution":"{\"name\": \"CategoricalDistribution\", \"attributes\": {\"choices\": [0.9, 0.95, 1.0]}}"}
{"op_code":5,"worker_id":"c9de2df7-2ff7-493d-acca-3246f1666c93-29260","trial_id":13,"param_name":"ent-coef","param_value_internal":0.003666578795708552,"distribution":"{\"name\": \"FloatDistribution\", \"attributes\": {\"step\": null, \"low\": 0.0001, \"high\": 0.03, \"log\": true}}"}
{"op_code":8,"worker_id":"c9de2df7-2ff7-493d-acca-3246f1666c93-29260","trial_id":13,"user_attr":{"train_argv":"--option 4 --reward-mode objective --objectives tardiness_sq --lambda-late 1.0 --lambda-energy 1.0 --power-model linear --difficulty on_rho095 --timesteps 100000 --save-tag tune_on_rho095_o4nfm_a2c_t13 --n-envs 4 --vec-backend subproc --seed 0 --algo a2c --markov-obs --work-conserving --repair-placement --learning-rate 0.00112794 --rollout-size 80 --gamma 0.995 --gae-lambda 1 --ent-coef 0.00366658"}}
{"op_code":7,"worker_id":"c9de2df7-2ff7-493d-acca-3246f1666c93-29260","trial_id":13,"step":25000,"intermediate_value":173960.0}
{"op_code":6,"worker_id":"c9de2df7-2ff7-493d-acca-3246f1666c93-29260","trial_id":13,"state":2,"values":[173960.0],"datetime_complete":"2026-10-06T09:52:35.958820"}
{"op_code":4,"worker_id":"c9de2df7-2ff7-493d-acca-3246f1666c93-29260","study_id":0,"datetime_start":"2026-10-06T09:52:36.331844"}
{"op_code":5,"worker_id":"c9de2df7-2ff7-493d-acca-3246f1666c93-29260","trial_id":14,"param_name":"learning-rate","param_value_internal":0.00030629679759561137,"distribution":"{\"name\": \"FloatDistribution\", \"attributes\": {\"step\": null, \"low\": 0.0001, \"high\": 0.003, \"log\": true}}"}
{"op_code":5,"worker_id":"c9de2df7-2ff7-493d-acca-3246f1666c93-29260","trial_id":14,"param_name":"rollout-size","param_value_internal":2,"distribution":"{\"name\": \"CategoricalDistribution\", \"attributes\": {\"choices\": [20, 80, 320]}}"}
{"op_code":5,"worker_id":"c9de2df7-2ff7-493d-acca-3246f1666c93-29260","trial_id":14,"param_name":"gamma","param_value_internal":1,"distribution":"{\"name\": \"CategoricalDistribution\", \"attributes\": {\"choices\": [0.99, 0.995, 0.999]}}"}
{"op_code":5,"worker_id":"c9de2df7-2ff7-493d-acca-3246f1666c93-29260","trial_id":14,"param_name":"gae-lambda","param_value_internal":1,"distribution":"{\"name\": \"CategoricalDistribution\", \"attributes\": {\"choices\": [0.9, 0.95, 1.0]}}"}
{"op_code":5,"worker_id":"c9de2df7-2ff7-493d-acca-3246f1666c93-29260","trial_id":14,"param_name":"ent-coef","param_value_internal":0.00032553853429057765,"distribution":"{\"name\": \"FloatDistribution\", \"attributes\": {\"step\": null, \"low\": 0.0001, \"high\": 0.03, \"log\": true}}"}
{"op_code":8,"worker_id":"c9de2df7-2ff7-493d-acca-3246f1666c93-29260","trial_id":14,"user_attr":{"train_argv":"--option 4 --reward-mode objective --objectives tardiness_sq --lambda-late 1.0 --lambda-energy 1.0 --power-model linear --difficulty on_rho095 --timesteps 100000 --save-tag tune_on_rho095_o4nfm_a2c_t14 --n-envs 4 --vec-backend subproc --seed 0 --algo a2c --markov-obs --work-conserving --repair-placement --learning-rate 0.000306297 --rollout-size 320 --gamma 0.995 --gae-lambda 0.95 --ent-coef 0.000325539"}}
{"op_code":7,"worker_id":"c9de2df7-2ff7-493d-acca-3246f1666c93-29260","trial_id":14,"step":25000,"intermediate_value":286659.0}
{"op_code":6,"worker_id":"c9de2df7-2ff7-493d-acca-3246f1666c93-29260","trial_id":14,"state":2,"values":[286659.0],"datetime_complete":"2026-10-06T09:55:01.965007"}
{"op_code":4,"worker_id":"c9de2df7-2ff7-493d-acca-3246f1666c93-29260","study_id":0,"datetime_start":"2026-10-06T09:55:02.205396"}
{"op_code":5,"worker_id":"c9de2df7-2ff7-493d-acca-3246f1666c93-29260","trial_id":15,"param_name":"learning-rate","param_value_internal":0.0012802954308069208,"distribution":"{\"name\": \"FloatDistribution\", \"attributes\": {\"step\": null, \"low\": 0.0001, \"high\": 0.003, \"log\": true}}"}
{"op_code":5,"worker_id":"c9de2df7-2ff7-493d-acca-3246f1666c93-29260","trial_id":15,"param_name":"rollout-size","param_value_internal":0,"distribution":"{\"name\": \"CategoricalDistribution\", \"attributes\": {\"choices\": [20, 80, 320]}}"}
{"op_code":5,"worker_id":"c9de2df7-2ff7-493d-acca-3246f1666c93-29260","trial_id":15,"param_name":"gamma","param_value_internal":1,"distribution":"{\"name\": \"CategoricalDistribution\", \"attributes\": {\"choices\": [0.99, 0.995, 0.999]}}"}
{"op_code":5,"worker_id":"c9de2df7-2ff7-493d-acca-3246f1666c93-29260","trial_id":15,"param_name":"gae-lambda","param_value_internal":2,"distribution":"{\"name\": \"CategoricalDistribution\", \"attributes\": {\"choices\": [0.9, 0.95, 1.0]}}"}
{"op_code":5,"worker_id":"c9de2df7-2ff7-493d-acca-3246f1666c93-29260","trial_id":15,"param_name":"ent-coef","param_value_internal":0.029394496809907984,"distribution":"{\"name\": \"FloatDistribution\", \"attributes\": {\"step\": null, \"low\": 0.0001, \"high\": 0.03, \"log\": true}}"}
{"op_code":8,"worker_id":"c9de2df7-2ff7-493d-acca-3246f1666c93-29260","trial_id":15,"user_attr":{"train_argv":"--option 4 --reward-mode objective --objectives tardiness_sq --lambda-late 1.0 --lambda-energy 1.0 --power-model linear --difficulty on_rho095 --timesteps 100000 --save-tag tune_on_rho095_o4nfm_a2c_t15 --n-envs 4 --vec-backend subproc --seed 0 --algo a2c --markov-obs --work-conserving --repair-placement --learning-rate 0.0012803 --rollout-size 20 --gamma 0.995 --gae-lambda 1 --ent-coef 0.0293945"}}
{"op_code":7,"worker_id":"c9de2df7-2ff7-493d-acca-3246f1666c93-29260","trial_id":15,"step":25000,"intermediate_value":348890.8}
{"op_code":6,"worker_id":"c9de2df7-2ff7-493d-acca-3246f1666c93-29260","trial_id":15,"state":2,"values":[348890.8],"datetime_complete":"2026-10-06T09:57:48.954209"}
{"op_code":4,"worker_id":"c9de2df7-2ff7-493d-acca-3246f1666c93-29260","study_id":0,"datetime_start":"2026-10-06T09:57:49.210437"}
{"op_code":5,"worker_id":"c9de2df7-2ff7-493d-acca-3246f1666c93-29260","trial_id":16,"param_name":"learning-rate","param_value_internal":0.0007129317155695756,"distribution":"{\"name\": \"FloatDistribution\", \"attributes\": {\"step\": null, \"low\": 0.0001, \"high\": 0.003, \"log\": true}}"}
{"op_code":5,"worker_id":"c9de2df7-2ff7-493d-acca-3246f1666c93-29260","trial_id":16,"param_name":"rollout-size","param_value_internal":1,"distribution":"{\"name\": \"CategoricalDistribution\", \"attributes\": {\"choices\": [20, 80, 320]}}"}
{"op_code":5,"worker_id":"c9de2df7-2ff7-493d-acca-3246f1666c93-29260","trial_id":16,"param_name":"gamma","param_value_internal":0,"distribution":"{\"name\": \"CategoricalDistribution\", \"attributes\": {\"choices\": [0.99, 0.995, 0.999]}}"}
{"op_code":5,"worker_id":"c9de2df7-2ff7-493d-acca-3246f1666c93-29260","trial_id":16,"param_name":"gae-lambda","param_value_internal":1,"distribution":"{\"name\": \"CategoricalDistribution\", \"attributes\": {\"choices\": [0.9, 0.95, 1.0]}}"}
{"op_code":5,"worker_id":"c9de2df7-2ff7-493d-acca-3246f1666c93-29260","trial_id":16,"param_name":"ent-coef","param_value_internal":0.0014322165281715612,"distribution":"{\"name\": \"FloatDistribution\", \"attributes\": {\"step\": null, \"low\": 0.0001, \"high\": 0.03, \"log\": true}}"}
{"op_code":8,"worker_id":"c9de2df7-2ff7-493d-acca-3246f1666c93-29260","trial_id":16,"user_attr":{"train_argv":"--option 4 --reward-mode objective --objectives tardiness_sq --lambda-late 1.0 --lambda-energy 1.0 --power-model linear --difficulty on_rho095 --timesteps 100000 --save-tag tune_on_rho095_o4nfm_a2c_t16 --n-envs 4 --vec-backend subproc --seed 0 --algo a2c --markov-obs --work-conserving --repair-placement --learning-rate 0.000712932 --rollout-size 80 --gamma 0.99 --gae-lambda 0.95 --ent-coef 0.00143222"}}
{"op_code":7,"worker_id":"c9de2df7-2ff7-493d-acca-3246f1666c93-29260","trial_id":16,"step":25000,"intermediate_value":346579.8}
{"op_code":6,"worker_id":"c9de2df7-2ff7-493d-acca-3246f1666c93-29260","trial_id":16,"state":2,"values":[346579.8],"datetime_complete":"2026-10-06T10:00:22.556894"}
{"op_code":4,"worker_id":"c9de2df7-2ff7-493d-acca-3246f1666c93-29260","study_id":0,"datetime_start":"2026-10-06T10:00:22.847238"}
{"op_code":5,"worker_id":"c9de2df7-2ff7-493d-acca-3246f1666c93-29260","trial_id":17,"param_name":"learning-rate","param_value_internal":0.0021196738348416887,"distribution":"{\"name\": \"FloatDistribution\", \"attributes\": {\"step\": null, \"low\": 0.0001, \"high\": 0.003, \"log\": true}}"}
{"op_code":5,"worker_id":"c9de2df7-2ff7-493d-acca-3246f1666c93-29260","trial_id":17,"param_name":"rollout-size","param_value_internal":1,"distribution":"{\"name\": \"CategoricalDistribution\", \"attributes\": {\"choices\": [20, 80, 320]}}"}
{"op_code":5,"worker_id":"c9de2df7-2ff7-493d-acca-3246f1666c93-29260","trial_id":17,"param_name":"gamma","param_value_internal":1,"distribution":"{\"name\": \"CategoricalDistribution\", \"attributes\": {\"choices\": [0.99, 0.995, 0.999]}}"}
{"op_code":5,"worker_id":"c9de2df7-2ff7-493d-acca-3246f1666c93-29260","trial_id":17,"param_name":"gae-lambda","param_value_internal":1,"distribution":"{\"name\": \"CategoricalDistribution\", \"attributes\": {\"choices\": [0.9, 0.95, 1.0]}}"}
{"op_code":5,"worker_id":"c9de2df7-2ff7-493d-acca-3246f1666c93-29260","trial_id":17,"param_name":"ent-coef","param_value_internal":0.008450576575358859,"distribution":"{\"name\": \"FloatDistribution\", \"attributes\": {\"step\": null, \"low\": 0.0001, \"high\": 0.03, \"log\": true}}"}
{"op_code":8,"worker_id":"c9de2df7-2ff7-493d-acca-3246f1666c93-29260","trial_id":17,"user_attr":{"train_argv":"--option 4 --reward-mode objective --objectives tardiness_sq --lambda-late 1.0 --lambda-energy 1.0 --power-model linear --difficulty on_rho095 --timesteps 100000 --save-tag tune_on_rho095_o4nfm_a2c_t17 --n-envs 4 --vec-backend subproc --seed 0 --algo a2c --markov-obs --work-conserving --repair-placement --learning-rate 0.00211967 --rollout-size 80 --gamma 0.995 --gae-lambda 0.95 --ent-coef 0.00845058"}}
{"op_code":7,"worker_id":"c9de2df7-2ff7-493d-acca-3246f1666c93-29260","trial_id":17,"step":25000,"intermediate_value":302995.4}
{"op_code":6,"worker_id":"c9de2df7-2ff7-493d-acca-3246f1666c93-29260","trial_id":17,"state":2,"values":[302995.4],"datetime_complete":"2026-10-06T10:03:00.175440"}
{"op_code":4,"worker_id":"c9de2df7-2ff7-493d-acca-3246f1666c93-29260","study_id":0,"datetime_start":"2026-10-06T10:03:00.471897"}
{"op_code":5,"worker_id":"c9de2df7-2ff7-493d-acca-3246f1666c93-29260","trial_id":18,"param_name":"learning-rate","param_value_internal":0.00022232269034490361,"distribution":"{\"name\": \"FloatDistribution\", \"attributes\": {\"step\": null, \"low\": 0.0001, \"high\": 0.003, \"log\": true}}"}
{"op_code":5,"worker_id":"c9de2df7-2ff7-493d-acca-3246f1666c93-29260","trial_id":18,"param_name":"rollout-size","param_value_internal":0,"distribution":"{\"name\": \"CategoricalDistribution\", \"attributes\": {\"choices\": [20, 80, 320]}}"}
{"op_code":5,"worker_id":"c9de2df7-2ff7-493d-acca-3246f1666c93-29260","trial_id":18,"param_name":"gamma","param_value_internal":1,"distribution":"{\"name\": \"CategoricalDistribution\", \"attributes\": {\"choices\": [0.99, 0.995, 0.999]}}"}
{"op_code":5,"worker_id":"c9de2df7-2ff7-493d-acca-3246f1666c93-29260","trial_id":18,"param_name":"gae-lambda","param_value_internal":2,"distribution":"{\"name\": \"CategoricalDistribution\", \"attributes\": {\"choices\": [0.9, 0.95, 1.0]}}"}
{"op_code":5,"worker_id":"c9de2df7-2ff7-493d-acca-3246f1666c93-29260","trial_id":18,"param_name":"ent-coef","param_value_internal":0.00010661985546376552,"distribution":"{\"name\": \"FloatDistribution\", \"attributes\": {\"step\": null, \"low\": 0.0001, \"high\": 0.03, \"log\": true}}"}
{"op_code":8,"worker_id":"c9de2df7-2ff7-493d-acca-3246f1666c93-29260","trial_id":18,"user_attr":{"train_argv":"--option 4 --reward-mode objective --objectives tardiness_sq --lambda-late 1.0 --lambda-energy 1.0 --power-model linear --difficulty on_rho095 --timesteps 100000 --save-tag tune_on_rho095_o4nfm_a2c_t18 --n-envs 4 --vec-backend subproc --seed 0 --algo a2c --markov-obs --work-conserving --repair-placement --learning-rate 0.000222323 --rollout-size 20 --gamma 0.995 --gae-lambda 1 --ent-coef 0.00010662"}}
{"op_code":7,"worker_id":"c9de2df7-2ff7-493d-acca-3246f1666c93-29260","trial_id":18,"step":25000,"intermediate_value":112828.4}
{"op_code":7,"worker_id":"c9de2df7-2ff7-493d-acca-3246f1666c93-29260","trial_id":18,"step":50000,"intermediate_value":435244.8}
{"op_code":7,"worker_id":"c9de2df7-2ff7-493d-acca-3246f1666c93-29260","trial_id":18,"step":75000,"intermediate_value":426196.4}
{"op_code":6,"worker_id":"c9de2df7-2ff7-493d-acca-3246f1666c93-29260","trial_id":18,"state":1,"values":[497686.05],"datetime_complete":"2026-10-06T10:14:20.191010"}
{"op_code":4,"worker_id":"c9de2df7-2ff7-493d-acca-3246f1666c93-29260","study_id":0,"datetime_start":"2026-10-06T10:14:20.503153"}
{"op_code":5,"worker_id":"c9de2df7-2ff7-493d-acca-3246f1666c93-29260","trial_id":19,"param_name":"learning-rate","param_value_internal":0.0004995571947099126,"distribution":"{\"name\": \"FloatDistribution\", \"attributes\": {\"step\": null, \"low\": 0.0001, \"high\": 0.003, \"log\": true}}"}
{"op_code":5,"worker_id":"c9de2df7-2ff7-493d-acca-3246f1666c93-29260","trial_id":19,"param_name":"rollout-size","param_value_internal":2,"distribution":"{\"name\": \"CategoricalDistribution\", \"attributes\": {\"choices\": [20, 80, 320]}}"}
{"op_code":5,"worker_id":"c9de2df7-2ff7-493d-acca-3246f1666c93-29260","trial_id":19,"param_name":"gamma","param_value_internal":0,"distribution":"{\"name\": \"CategoricalDistribution\", \"attributes\": {\"choices\": [0.99, 0.995, 0.999]}}"}
{"op_code":5,"worker_id":"c9de2df7-2ff7-493d-acca-3246f1666c93-29260","trial_id":19,"param_name":"gae-lambda","param_value_internal":0,"distribution":"{\"name\": \"CategoricalDistribution\", \"attributes\": {\"choices\": [0.9, 0.95, 1.0]}}"}
{"op_code":5,"worker_id":"c9de2df7-2ff7-493d-acca-3246f1666c93-29260","trial_id":19,"param_name":"ent-coef","param_value_internal":0.00023526807780679756,"distribution":"{\"name\": \"FloatDistribution\", \"attributes\": {\"step\": null, \"low\": 0.0001, \"high\": 0.03, \"log\": true}}"}
{"op_code":8,"worker_id":"c9de2df7-2ff7-493d-acca-3246f1666c93-29260","trial_id":19,"user_attr":{"train_argv":"--option 4 --reward-mode objective --objectives tardiness_sq --lambda-late 1.0 --lambda-energy 1.0 --power-model linear --difficulty on_rho095 --timesteps 100000 --save-tag tune_on_rho095_o4nfm_a2c_t19 --n-envs 4 --vec-backend subproc --seed 0 --algo a2c --markov-obs --work-conserving --repair-placement --learning-rate 0.000499557 --rollout-size 320 --gamma 0.99 --gae-lambda 0.9 --ent-coef 0.000235268"}}
{"op_code":7,"worker_id":"c9de2df7-2ff7-493d-acca-3246f1666c93-29260","trial_id":19,"step":25000,"intermediate_value":216033.8}
{"op_code":6,"worker_id":"c9de2df7-2ff7-493d-acca-3246f1666c93-29260","trial_id":19,"state":2,"values":[216033.8],"datetime_complete":"2026-10-06T10:16:56.565609"}
{"op_code":0,"worker_id":"b6b58cf6-c1b1-4172-b7b3-f4550c63e414-34464","study_name":"on_rho095_o4nfm_a2c","directions":[1]}
{"op_code":0,"worker_id":"c8e862ae-10c6-48bc-85c3-347179a22aed-7220","study_name":"on_rho095_o4nfm_a2c","directions":[1]}
{"op_code":0,"worker_id":"d6e97b23-fc25-43ed-b2a6-1de700a9203d-4620","study_name":"on_rho095_o4nfm_a2c","directions":[1]}
{"op_code":0,"worker_id":"870b7122-79fd-4e4c-864f-6302ad519cc7-17656","study_name":"on_rho095_o4nfm_a2c","directions":[1]}
{"op_code":0,"worker_id":"2757b919-7da8-485e-91fb-3c405941d69f-12252","study_name":"on_rho095_o4nfm_a2c","directions":[1]}
{"op_code":0,"worker_id":"e9ebe45e-cc89-4361-aae8-b3c3de64cbba-4492","study_name":"on_rho095_o4nfm_a2c","directions":[1]}
