{"op_code":0,"worker_id":"28c08225-87d2-448c-8db7-14f5db4f683c-18048","study_name":"off_tf05_o3wmlubrze","directions":[1]}
{"op_code":4,"worker_id":"28c08225-87d2-448c-8db7-14f5db4f683c-18048","study_id":0,"datetime_start":null,"state":4,"value":null,"values":null,"distributions":{},"params":{},"user_attrs":{"defaults":true},"system_attrs":{"fixed_params":{}},"intermediate_values":{}}
{"op_code":6,"worker_id":"28c08225-87d2-448c-8db7-14f5db4f683c-18048","trial_id":0,"state":0,"values":null,"datetime_start":"2026-10-08T22:01:42.524331"}
{"op_code":8,"worker_id":"28c08225-87d2-448c-8db7-14f5db4f683c-18048","trial_id":0,"user_attr":{"train_argv":"--option 3 --reward-mode objective --objectives tardiness_sq --lambda-late 1.0 --lambda-energy 1.0 --power-model linear --difficulty off_tf05 --timesteps 300000 --save-tag tune_off_tf05_o3wmlubrze_t0 --n-envs 4 --vec-backend subproc --seed 0 --algo ppo --markov-obs --lookahead --fixed-scaling --critic-arrivals --lateness-shaping --normalize-reward --event-idle --window-size 20"}}
{"op_code":7,"worker_id":"28c08225-87d2-448c-8db7-14f5db4f683c-18048","trial_id":0,"step":75000,"intermediate_value":25240.0}
{"op_code":7,"worker_id":"28c08225-87d2-448c-8db7-14f5db4f683c-18048","trial_id":0,"step":150000,"intermediate_value":25550.4}
{"op_code":7,"worker_id":"28c08225-87d2-448c-8db7-14f5db4f683c-18048","trial_id":0,"step":225000,"intermediate_value":24444.6}
{"op_code":6,"worker_id":"28c08225-87d2-448c-8db7-14f5db4f683c-18048","trial_id":0,"state":1,"values":[26578.0],"datetime_complete":"2026-10-08T22:11:46.358209"}
{"op_code":4,"worker_id":"28c08225-87d2-448c-8db7-14f5db4f683c-18048","study_id":0,"datetime_start":"2026-10-08T22:11:46.506081"}
{"op_code":5,"worker_id":"28c08225-87d2-448c-8db7-14f5db4f683c-18048","trial_id":1,"param_name":"learning-rate","param_value_internal":0.00020554062603827,"distribution":"{\"name\": \"FloatDistribution\", \"attributes\": {\"step\": null, \"low\": 3e-05, \"high\": 0.001, \"log\": true}}"}
{"op_code":5,"worker_id":"28c08225-87d2-448c-8db7-14f5db4f683c-18048","trial_id":1,"param_name":"rollout-size","param_value_internal":0,"distribution":"{\"name\": \"CategoricalDistribution\", \"attributes\": {\"choices\": [2048, 4096, 8192, 16384]}}"}
{"op_code":5,"worker_id":"28c08225-87d2-448c-8db7-14f5db4f683c-18048","trial_id":1,"param_name":"batch-size","param_value_internal":2,"distribution":"{\"name\": \"CategoricalDistribution\", \"attributes\": {\"choices\": [64, 256, 1024]}}"}
{"op_code":5,"worker_id":"28c08225-87d2-448c-8db7-14f5db4f683c-18048","trial_id":1,"param_name":"n-epochs","param_value_internal":0,"distribution":"{\"name\": \"CategoricalDistribution\", \"attributes\": {\"choices\": [3, 5, 10]}}"}
{"op_code":5,"worker_id":"28c08225-87d2-448c-8db7-14f5db4f683c-18048","trial_id":1,"param_name":"gamma","param_value_internal":2,"distribution":"{\"name\": \"CategoricalDistribution\", \"attributes\": {\"choices\": [0.99, 0.995, 0.999]}}"}
{"op_code":5,"worker_id":"28c08225-87d2-448c-8db7-14f5db4f683c-18048","trial_id":1,"param_name":"gae-lambda","param_value_internal":1,"distribution":"{\"name\": \"CategoricalDistribution\", \"attributes\": {\"choices\": [0.9, 0.95, 0.98]}}"}
{"op_code":5,"worker_id":"28c08225-87d2-448c-8db7-14f5db4f683c-18048","trial_id":1,"param_name":"clip-range","param_value_internal":2,"distribution":"{\"name\": \"CategoricalDistribution\", \"attributes\": {\"choices\": [0.1, 0.2, 0.3]}}"}
{"op_code":5,"worker_id":"28c08225-87d2-448c-8db7-14f5db4f683c-18048","trial_id":1,"param_name":"ent-coef","param_value_internal":0.02655561084998941,"distribution":"{\"name\": \"FloatDistribution\", \"attributes\": {\"step\": null, \"low\": 0.0001, \"high\": 0.03, \"log\": true}}"}
{"op_code":8,"worker_id":"28c08225-87d2-448c-8db7-14f5db4f683c-18048","trial_id":1,"user_attr":{"train_argv":"--option 3 --reward-mode objective --objectives tardiness_sq --lambda-late 1.0 --lambda-energy 1.0 --power-model linear --difficulty off_tf05 --timesteps 300000 --save-tag tune_off_tf05_o3wmlubrze_t1 --n-envs 4 --vec-backend subproc --seed 0 --algo ppo --markov-obs --lookahead --fixed-scaling --critic-arrivals --lateness-shaping --normalize-reward --event-idle --window-size 20 --learning-rate 0.000205541 --rollout-size 2048 --batch-size 1024 --n-epochs 3 --gamma 0.999 --gae-lambda 0.95 --clip-range 0.3 --ent-coef 0.0265556"}}
{"op_code":7,"worker_id":"28c08225-87d2-448c-8db7-14f5db4f683c-18048","trial_id":1,"step":75000,"intermediate_value":47277.0}
{"op_code":7,"worker_id":"28c08225-87d2-448c-8db7-14f5db4f683c-18048","trial_id":1,"step":150000,"intermediate_value":34831.8}
{"op_code":7,"worker_id":"28c08225-87d2-448c-8db7-14f5db4f683c-18048","trial_id":1,"step":225000,"intermediate_value":33601.0}
{"op_code":6,"worker_id":"28c08225-87d2-448c-8db7-14f5db4f683c-18048","trial_id":1,"state":1,"values":[30126.0],"datetime_complete":"2026-10-08T22:16:34.843005"}
{"op_code":4,"worker_id":"28c08225-87d2-448c-8db7-14f5db4f683c-18048","study_id":0,"datetime_start":"2026-10-08T22:16:35.054585"}
{"op_code":5,"worker_id":"28c08225-87d2-448c-8db7-14f5db4f683c-18048","trial_id":2,"param_name":"learning-rate","param_value_internal":0.0004944733002746453,"distribution":"{\"name\": \"FloatDistribution\", \"attributes\": {\"step\": null, \"low\": 3e-05, \"high\": 0.001, \"log\": true}}"}
{"op_code":5,"worker_id":"28c08225-87d2-448c-8db7-14f5db4f683c-18048","trial_id":2,"param_name":"rollout-size","param_value_internal":1,"distribution":"{\"name\": \"CategoricalDistribution\", \"attributes\": {\"choices\": [2048, 4096, 8192, 16384]}}"}
{"op_code":5,"worker_id":"28c08225-87d2-448c-8db7-14f5db4f683c-18048","trial_id":2,"param_name":"batch-size","param_value_internal":1,"distribution":"{\"name\": \"CategoricalDistribution\", \"attributes\": {\"choices\": [64, 256, 1024]}}"}
{"op_code":5,"worker_id":"28c08225-87d2-448c-8db7-14f5db4f683c-18048","trial_id":2,"param_name":"n-epochs","param_value_internal":2,"distribution":"{\"name\": \"CategoricalDistribution\", \"attributes\": {\"choices\": [3, 5, 10]}}"}
{"op_code":5,"worker_id":"28c08225-87d2-448c-8db7-14f5db4f683c-18048","trial_id":2,"param_name":"gamma","param_value_internal":1,"distribution":"{\"name\": \"CategoricalDistribution\", \"attributes\": {\"choices\": [0.99, 0.995, 0.999]}}"}
{"op_code":5,"worker_id":"28c08225-87d2-448c-8db7-14f5db4f683c-18048","trial_id":2,"param_name":"gae-lambda","param_value_internal":0,"distribution":"{\"name\": \"CategoricalDistribution\", \"attributes\": {\"choices\": [0.9, 0.95, 0.98]}}"}
{"op_code":5,"worker_id":"28c08225-87d2-448c-8db7-14f5db4f683c-18048","trial_id":2,"param_name":"clip-range","param_value_internal":0,"distribution":"{\"name\": \"CategoricalDistribution\", \"attributes\": {\"choices\": [0.1, 0.2, 0.3]}}"}
{"op_code":5,"worker_id":"28c08225-87d2-448c-8db7-14f5db4f683c-18048","trial_id":2,"param_name":"ent-coef","param_value_internal":0.0012094311268425492,"distribution":"{\"name\": \"FloatDistribution\", \"attributes\": {\"step\": null, \"low\": 0.0001, \"high\": 0.03, \"log\": true}}"}
{"op_code":8,"worker_id":"28c08225-87d2-448c-8db7-14f5db4f683c-18048","trial_id":2,"user_attr":{"train_argv":"--option 3 --reward-mode objective --objectives tardiness_sq --lambda-late 1.0 --lambda-energy 1.0 --power-model linear --difficulty off_tf05 --timesteps 300000 --save-tag tune_off_tf05_o3wmlubrze_t2 --n-envs 4 --vec-backend subproc --seed 0 --algo ppo --markov-obs --lookahead --fixed-scaling --critic-arrivals --lateness-shaping --normalize-reward --event-idle --window-size 20 --learning-rate 0.000494473 --rollout-size 4096 --batch-size 256 --n-epochs 10 --gamma 0.995 --gae-lambda 0.9 --clip-range 0.1 --ent-coef 0.00120943"}}
{"op_code":7,"worker_id":"28c08225-87d2-448c-8db7-14f5db4f683c-18048","trial_id":2,"step":75000,"intermediate_value":31207.4}
{"op_code":7,"worker_id":"28c08225-87d2-448c-8db7-14f5db4f683c-18048","trial_id":2,"step":150000,"intermediate_value":27387.6}
{"op_code":7,"worker_id":"28c08225-87d2-448c-8db7-14f5db4f683c-18048","trial_id":2,"step":225000,"intermediate_value":26329.0}
{"op_code":6,"worker_id":"28c08225-87d2-448c-8db7-14f5db4f683c-18048","trial_id":2,"state":1,"values":[27972.2],"datetime_complete":"2026-10-08T22:23:37.824850"}
{"op_code":4,"worker_id":"28c08225-87d2-448c-8db7-14f5db4f683c-18048","study_id":0,"datetime_start":"2026-10-08T22:23:37.968100"}
{"op_code":5,"worker_id":"28c08225-87d2-448c-8db7-14f5db4f683c-18048","trial_id":3,"param_name":"learning-rate","param_value_internal":0.0003463609921766881,"distribution":"{\"name\": \"FloatDistribution\", \"attributes\": {\"step\": null, \"low\": 3e-05, \"high\": 0.001, \"log\": true}}"}
{"op_code":5,"worker_id":"28c08225-87d2-448c-8db7-14f5db4f683c-18048","trial_id":3,"param_name":"rollout-size","param_value_internal":2,"distribution":"{\"name\": \"CategoricalDistribution\", \"attributes\": {\"choices\": [2048, 4096, 8192, 16384]}}"}
{"op_code":5,"worker_id":"28c08225-87d2-448c-8db7-14f5db4f683c-18048","trial_id":3,"param_name":"batch-size","param_value_internal":2,"distribution":"{\"name\": \"CategoricalDistribution\", \"attributes\": {\"choices\": [64, 256, 1024]}}"}
{"op_code":5,"worker_id":"28c08225-87d2-448c-8db7-14f5db4f683c-18048","trial_id":3,"param_name":"n-epochs","param_value_internal":2,"distribution":"{\"name\": \"CategoricalDistribution\", \"attributes\": {\"choices\": [3, 5, 10]}}"}
{"op_code":5,"worker_id":"28c08225-87d2-448c-8db7-14f5db4f683c-18048","trial_id":3,"param_name":"gamma","param_value_internal":1,"distribution":"{\"name\": \"CategoricalDistribution\", \"attributes\": {\"choices\": [0.99, 0.995, 0.999]}}"}
{"op_code":5,"worker_id":"28c08225-87d2-448c-8db7-14f5db4f683c-18048","trial_id":3,"param_name":"gae-lambda","param_value_internal":0,"distribution":"{\"name\": \"CategoricalDistribution\", \"attributes\": {\"choices\": [0.9, 0.95, 0.98]}}"}
{"op_code":5,"worker_id":"28c08225-87d2-448c-8db7-14f5db4f683c-18048","trial_id":3,"param_name":"clip-range","param_value_internal":0,"distribution":"{\"name\": \"CategoricalDistribution\", \"attributes\": {\"choices\": [0.1, 0.2, 0.3]}}"}
{"op_code":5,"worker_id":"28c08225-87d2-448c-8db7-14f5db4f683c-18048","trial_id":3,"param_name":"ent-coef","param_value_internal":0.0042248177213228075,"distribution":"{\"name\": \"FloatDistribution\", \"attributes\": {\"step\": null, \"low\": 0.0001, \"high\": 0.03, \"log\": true}}"}
{"op_code":8,"worker_id":"28c08225-87d2-448c-8db7-14f5db4f683c-18048","trial_id":3,"user_attr":{"train_argv":"--option 3 --reward-mode objective --objectives tardiness_sq --lambda-late 1.0 --lambda-energy 1.0 --power-model linear --difficulty off_tf05 --timesteps 300000 --save-tag tune_off_tf05_o3wmlubrze_t3 --n-envs 4 --vec-backend subproc --seed 0 --algo ppo --markov-obs --lookahead --fixed-scaling --critic-arrivals --lateness-shaping --normalize-reward --event-idle --window-size 20 --learning-rate 0.000346361 --rollout-size 8192 --batch-size 1024 --n-epochs 10 --gamma 0.995 --gae-lambda 0.9 --clip-range 0.1 --ent-coef 0.00422482"}}
{"op_code":0,"worker_id":"2f521eb6-d075-4358-b7b4-2728613c4850-29012","study_name":"off_tf05_o3wmlubrze","directions":[1]}
{"op_code":4,"worker_id":"2f521eb6-d075-4358-b7b4-2728613c4850-29012","study_id":0,"datetime_start":"2026-10-08T22:24:57.724462"}
{"op_code":5,"worker_id":"2f521eb6-d075-4358-b7b4-2728613c4850-29012","trial_id":4,"param_name":"learning-rate","param_value_internal":0.00012947776733736072,"distribution":"{\"name\": \"FloatDistribution\", \"attributes\": {\"step\": null, \"low\": 3e-05, \"high\": 0.001, \"log\": true}}"}
{"op_code":5,"worker_id":"2f521eb6-d075-4358-b7b4-2728613c4850-29012","trial_id":4,"param_name":"rollout-size","param_value_internal":0,"distribution":"{\"name\": \"CategoricalDistribution\", \"attributes\": {\"choices\": [2048, 4096, 8192, 16384]}}"}
{"op_code":5,"worker_id":"2f521eb6-d075-4358-b7b4-2728613c4850-29012","trial_id":4,"param_name":"batch-size","param_value_internal":2,"distribution":"{\"name\": \"CategoricalDistribution\", \"attributes\": {\"choices\": [64, 256, 1024]}}"}
{"op_code":5,"worker_id":"2f521eb6-d075-4358-b7b4-2728613c4850-29012","trial_id":4,"param_name":"n-epochs","param_value_internal":1,"distribution":"{\"name\": \"CategoricalDistribution\", \"attributes\": {\"choices\": [3, 5, 10]}}"}
{"op_code":5,"worker_id":"2f521eb6-d075-4358-b7b4-2728613c4850-29012","trial_id":4,"param_name":"gamma","param_value_internal":2,"distribution":"{\"name\": \"CategoricalDistribution\", \"attributes\": {\"choices\": [0.99, 0.995, 0.999]}}"}
{"op_code":5,"worker_id":"2f521eb6-d075-4358-b7b4-2728613c4850-29012","trial_id":4,"param_name":"gae-lambda","param_value_internal":1,"distribution":"{\"name\": \"CategoricalDistribution\", \"attributes\": {\"choices\": [0.9, 0.95, 0.98]}}"}
{"op_code":5,"worker_id":"2f521eb6-d075-4358-b7b4-2728613c4850-29012","trial_id":4,"param_name":"clip-range","param_value_internal":0,"distribution":"{\"name\": \"CategoricalDistribution\", \"attributes\": {\"choices\": [0.1, 0.2, 0.3]}}"}
{"op_code":5,"worker_id":"2f521eb6-d075-4358-b7b4-2728613c4850-29012","trial_id":4,"param_name":"ent-coef","param_value_internal":0.009628117698906266,"distribution":"{\"name\": \"FloatDistribution\", \"attributes\": {\"step\": null, \"low\": 0.0001, \"high\": 0.03, \"log\": true}}"}
{"op_code":8,"worker_id":"2f521eb6-d075-4358-b7b4-2728613c4850-29012","trial_id":4,"user_attr":{"train_argv":"--option 3 --reward-mode objective --objectives tardiness_sq --lambda-late 1.0 --lambda-energy 1.0 --power-model linear --difficulty off_tf05 --timesteps 300000 --save-tag tune_off_tf05_o3wmlubrze_t4 --n-envs 4 --vec-backend subproc --seed 0 --algo ppo --markov-obs --lookahead --fixed-scaling --critic-arrivals --lateness-shaping --normalize-reward --event-idle --window-size 20 --learning-rate 0.000129478 --rollout-size 2048 --batch-size 1024 --n-epochs 5 --gamma 0.999 --gae-lambda 0.95 --clip-range 0.1 --ent-coef 0.00962812"}}
{"op_code":7,"worker_id":"28c08225-87d2-448c-8db7-14f5db4f683c-18048","trial_id":3,"step":75000,"intermediate_value":46309.4}
{"op_code":7,"worker_id":"2f521eb6-d075-4358-b7b4-2728613c4850-29012","trial_id":4,"step":75000,"intermediate_value":46326.6}
{"op_code":7,"worker_id":"28c08225-87d2-448c-8db7-14f5db4f683c-18048","trial_id":3,"step":150000,"intermediate_value":35679.0}
{"op_code":7,"worker_id":"2f521eb6-d075-4358-b7b4-2728613c4850-29012","trial_id":4,"step":150000,"intermediate_value":36876.0}
{"op_code":7,"worker_id":"28c08225-87d2-448c-8db7-14f5db4f683c-18048","trial_id":3,"step":225000,"intermediate_value":32526.4}
{"op_code":7,"worker_id":"2f521eb6-d075-4358-b7b4-2728613c4850-29012","trial_id":4,"step":225000,"intermediate_value":32619.0}
{"op_code":6,"worker_id":"2f521eb6-d075-4358-b7b4-2728613c4850-29012","trial_id":4,"state":1,"values":[31181.0],"datetime_complete":"2026-10-08T22:31:32.359748"}
{"op_code":4,"worker_id":"2f521eb6-d075-4358-b7b4-2728613c4850-29012","study_id":0,"datetime_start":"2026-10-08T22:31:32.553895"}
{"op_code":5,"worker_id":"2f521eb6-d075-4358-b7b4-2728613c4850-29012","trial_id":5,"param_name":"learning-rate","param_value_internal":0.0008946769081974223,"distribution":"{\"name\": \"FloatDistribution\", \"attributes\": {\"step\": null, \"low\": 3e-05, \"high\": 0.001, \"log\": true}}"}
{"op_code":5,"worker_id":"2f521eb6-d075-4358-b7b4-2728613c4850-29012","trial_id":5,"param_name":"rollout-size","param_value_internal":3,"distribution":"{\"name\": \"CategoricalDistribution\", \"attributes\": {\"choices\": [2048, 4096, 8192, 16384]}}"}
{"op_code":5,"worker_id":"2f521eb6-d075-4358-b7b4-2728613c4850-29012","trial_id":5,"param_name":"batch-size","param_value_internal":2,"distribution":"{\"name\": \"CategoricalDistribution\", \"attributes\": {\"choices\": [64, 256, 1024]}}"}
{"op_code":5,"worker_id":"2f521eb6-d075-4358-b7b4-2728613c4850-29012","trial_id":5,"param_name":"n-epochs","param_value_internal":0,"distribution":"{\"name\": \"CategoricalDistribution\", \"attributes\": {\"choices\": [3, 5, 10]}}"}
{"op_code":5,"worker_id":"2f521eb6-d075-4358-b7b4-2728613c4850-29012","trial_id":5,"param_name":"gamma","param_value_internal":0,"distribution":"{\"name\": \"CategoricalDistribution\", \"attributes\": {\"choices\": [0.99, 0.995, 0.999]}}"}
{"op_code":5,"worker_id":"2f521eb6-d075-4358-b7b4-2728613c4850-29012","trial_id":5,"param_name":"gae-lambda","param_value_internal":2,"distribution":"{\"name\": \"CategoricalDistribution\", \"attributes\": {\"choices\": [0.9, 0.95, 0.98]}}"}
{"op_code":5,"worker_id":"2f521eb6-d075-4358-b7b4-2728613c4850-29012","trial_id":5,"param_name":"clip-range","param_value_internal":2,"distribution":"{\"name\": \"CategoricalDistribution\", \"attributes\": {\"choices\": [0.1, 0.2, 0.3]}}"}
{"op_code":5,"worker_id":"2f521eb6-d075-4358-b7b4-2728613c4850-29012","trial_id":5,"param_name":"ent-coef","param_value_internal":0.007133407671882763,"distribution":"{\"name\": \"FloatDistribution\", \"attributes\": {\"step\": null, \"low\": 0.0001, \"high\": 0.03, \"log\": true}}"}
{"op_code":8,"worker_id":"2f521eb6-d075-4358-b7b4-2728613c4850-29012","trial_id":5,"user_attr":{"train_argv":"--option 3 --reward-mode objective --objectives tardiness_sq --lambda-late 1.0 --lambda-energy 1.0 --power-model linear --difficulty off_tf05 --timesteps 300000 --save-tag tune_off_tf05_o3wmlubrze_t5 --n-envs 4 --vec-backend subproc --seed 0 --algo ppo --markov-obs --lookahead --fixed-scaling --critic-arrivals --lateness-shaping --normalize-reward --event-idle --window-size 20 --learning-rate 0.000894677 --rollout-size 16384 --batch-size 1024 --n-epochs 3 --gamma 0.99 --gae-lambda 0.98 --clip-range 0.3 --ent-coef 0.00713341"}}
{"op_code":6,"worker_id":"28c08225-87d2-448c-8db7-14f5db4f683c-18048","trial_id":3,"state":1,"values":[31776.95],"datetime_complete":"2026-10-08T22:31:47.114355"}
{"op_code":4,"worker_id":"28c08225-87d2-448c-8db7-14f5db4f683c-18048","study_id":0,"datetime_start":"2026-10-08T22:31:47.314730"}
{"op_code":5,"worker_id":"28c08225-87d2-448c-8db7-14f5db4f683c-18048","trial_id":6,"param_name":"learning-rate","param_value_internal":4.8703159315306354e-05,"distribution":"{\"name\": \"FloatDistribution\", \"attributes\": {\"step\": null, \"low\": 3e-05, \"high\": 0.001, \"log\": true}}"}
{"op_code":5,"worker_id":"28c08225-87d2-448c-8db7-14f5db4f683c-18048","trial_id":6,"param_name":"rollout-size","param_value_internal":2,"distribution":"{\"name\": \"CategoricalDistribution\", \"attributes\": {\"choices\": [2048, 4096, 8192, 16384]}}"}
{"op_code":5,"worker_id":"28c08225-87d2-448c-8db7-14f5db4f683c-18048","trial_id":6,"param_name":"batch-size","param_value_internal":2,"distribution":"{\"name\": \"CategoricalDistribution\", \"attributes\": {\"choices\": [64, 256, 1024]}}"}
{"op_code":5,"worker_id":"28c08225-87d2-448c-8db7-14f5db4f683c-18048","trial_id":6,"param_name":"n-epochs","param_value_internal":1,"distribution":"{\"name\": \"CategoricalDistribution\", \"attributes\": {\"choices\": [3, 5, 10]}}"}
{"op_code":5,"worker_id":"28c08225-87d2-448c-8db7-14f5db4f683c-18048","trial_id":6,"param_name":"gamma","param_value_internal":0,"distribution":"{\"name\": \"CategoricalDistribution\", \"attributes\": {\"choices\": [0.99, 0.995, 0.999]}}"}
{"op_code":5,"worker_id":"28c08225-87d2-448c-8db7-14f5db4f683c-18048","trial_id":6,"param_name":"gae-lambda","param_value_internal":1,"distribution":"{\"name\": \"CategoricalDistribution\", \"attributes\": {\"choices\": [0.9, 0.95, 0.98]}}"}
{"op_code":5,"worker_id":"28c08225-87d2-448c-8db7-14f5db4f683c-18048","trial_id":6,"param_name":"clip-range","param_value_internal":1,"distribution":"{\"name\": \"CategoricalDistribution\", \"attributes\": {\"choices\": [0.1, 0.2, 0.3]}}"}
{"op_code":5,"worker_id":"28c08225-87d2-448c-8db7-14f5db4f683c-18048","trial_id":6,"param_name":"ent-coef","param_value_internal":0.005192032534497486,"distribution":"{\"name\": \"FloatDistribution\", \"attributes\": {\"step\": null, \"low\": 0.0001, \"high\": 0.03, \"log\": true}}"}
{"op_code":8,"worker_id":"28c08225-87d2-448c-8db7-14f5db4f683c-18048","trial_id":6,"user_attr":{"train_argv":"--option 3 --reward-mode objective --objectives tardiness_sq --lambda-late 1.0 --lambda-energy 1.0 --power-model linear --difficulty off_tf05 --timesteps 300000 --save-tag tune_off_tf05_o3wmlubrze_t6 --n-envs 4 --vec-backend subproc --seed 0 --algo ppo --markov-obs --lookahead --fixed-scaling --critic-arrivals --lateness-shaping --normalize-reward --event-idle --window-size 20 --learning-rate 4.87032e-05 --rollout-size 8192 --batch-size 1024 --n-epochs 5 --gamma 0.99 --gae-lambda 0.95 --clip-range 0.2 --ent-coef 0.00519203"}}
{"op_code":7,"worker_id":"2f521eb6-d075-4358-b7b4-2728613c4850-29012","trial_id":5,"step":75000,"intermediate_value":40060.2}
{"op_code":7,"worker_id":"28c08225-87d2-448c-8db7-14f5db4f683c-18048","trial_id":6,"step":75000,"intermediate_value":62682.8}
{"op_code":6,"worker_id":"28c08225-87d2-448c-8db7-14f5db4f683c-18048","trial_id":6,"state":2,"values":[62682.8],"datetime_complete":"2026-10-08T22:33:30.350608"}
{"op_code":4,"worker_id":"28c08225-87d2-448c-8db7-14f5db4f683c-18048","study_id":0,"datetime_start":"2026-10-08T22:33:30.561428"}
{"op_code":5,"worker_id":"28c08225-87d2-448c-8db7-14f5db4f683c-18048","trial_id":7,"param_name":"learning-rate","param_value_internal":0.00021876939530160837,"distribution":"{\"name\": \"FloatDistribution\", \"attributes\": {\"step\": null, \"low\": 3e-05, \"high\": 0.001, \"log\": true}}"}
{"op_code":5,"worker_id":"28c08225-87d2-448c-8db7-14f5db4f683c-18048","trial_id":7,"param_name":"rollout-size","param_value_internal":3,"distribution":"{\"name\": \"CategoricalDistribution\", \"attributes\": {\"choices\": [2048, 4096, 8192, 16384]}}"}
{"op_code":5,"worker_id":"28c08225-87d2-448c-8db7-14f5db4f683c-18048","trial_id":7,"param_name":"batch-size","param_value_internal":0,"distribution":"{\"name\": \"CategoricalDistribution\", \"attributes\": {\"choices\": [64, 256, 1024]}}"}
{"op_code":5,"worker_id":"28c08225-87d2-448c-8db7-14f5db4f683c-18048","trial_id":7,"param_name":"n-epochs","param_value_internal":1,"distribution":"{\"name\": \"CategoricalDistribution\", \"attributes\": {\"choices\": [3, 5, 10]}}"}
{"op_code":5,"worker_id":"28c08225-87d2-448c-8db7-14f5db4f683c-18048","trial_id":7,"param_name":"gamma","param_value_internal":1,"distribution":"{\"name\": \"CategoricalDistribution\", \"attributes\": {\"choices\": [0.99, 0.995, 0.999]}}"}
{"op_code":5,"worker_id":"28c08225-87d2-448c-8db7-14f5db4f683c-18048","trial_id":7,"param_name":"gae-lambda","param_value_internal":0,"distribution":"{\"name\": \"CategoricalDistribution\", \"attributes\": {\"choices\": [0.9, 0.95, 0.98]}}"}
{"op_code":5,"worker_id":"28c08225-87d2-448c-8db7-14f5db4f683c-18048","trial_id":7,"param_name":"clip-range","param_value_internal":2,"distribution":"{\"name\": \"CategoricalDistribution\", \"attributes\": {\"choices\": [0.1, 0.2, 0.3]}}"}
{"op_code":5,"worker_id":"28c08225-87d2-448c-8db7-14f5db4f683c-18048","trial_id":7,"param_name":"ent-coef","param_value_internal":0.000413229862740349,"distribution":"{\"name\": \"FloatDistribution\", \"attributes\": {\"step\": null, \"low\": 0.0001, \"high\": 0.03, \"log\": true}}"}
{"op_code":8,"worker_id":"28c08225-87d2-448c-8db7-14f5db4f683c-18048","trial_id":7,"user_attr":{"train_argv":"--option 3 --reward-mode objective --objectives tardiness_sq --lambda-late 1.0 --lambda-energy 1.0 --power-model linear --difficulty off_tf05 --timesteps 300000 --save-tag tune_off_tf05_o3wmlubrze_t7 --n-envs 4 --vec-backend subproc --seed 0 --algo ppo --markov-obs --lookahead --fixed-scaling --critic-arrivals --lateness-shaping --normalize-reward --event-idle --window-size 20 --learning-rate 0.000218769 --rollout-size 16384 --batch-size 64 --n-epochs 5 --gamma 0.995 --gae-lambda 0.9 --clip-range 0.3 --ent-coef 0.00041323"}}
{"op_code":7,"worker_id":"2f521eb6-d075-4358-b7b4-2728613c4850-29012","trial_id":5,"step":150000,"intermediate_value":32462.4}
{"op_code":7,"worker_id":"28c08225-87d2-448c-8db7-14f5db4f683c-18048","trial_id":7,"step":75000,"intermediate_value":42228.2}
{"op_code":7,"worker_id":"2f521eb6-d075-4358-b7b4-2728613c4850-29012","trial_id":5,"step":225000,"intermediate_value":29907.6}
{"op_code":7,"worker_id":"28c08225-87d2-448c-8db7-14f5db4f683c-18048","trial_id":7,"step":150000,"intermediate_value":35619.4}
{"op_code":6,"worker_id":"28c08225-87d2-448c-8db7-14f5db4f683c-18048","trial_id":7,"state":2,"values":[35619.4],"datetime_complete":"2026-10-08T22:37:19.728964"}
{"op_code":4,"worker_id":"28c08225-87d2-448c-8db7-14f5db4f683c-18048","study_id":0,"datetime_start":"2026-10-08T22:37:19.909171"}
{"op_code":5,"worker_id":"28c08225-87d2-448c-8db7-14f5db4f683c-18048","trial_id":8,"param_name":"learning-rate","param_value_internal":0.00022622417507807115,"distribution":"{\"name\": \"FloatDistribution\", \"attributes\": {\"step\": null, \"low\": 3e-05, \"high\": 0.001, \"log\": true}}"}
{"op_code":5,"worker_id":"28c08225-87d2-448c-8db7-14f5db4f683c-18048","trial_id":8,"param_name":"rollout-size","param_value_internal":3,"distribution":"{\"name\": \"CategoricalDistribution\", \"attributes\": {\"choices\": [2048, 4096, 8192, 16384]}}"}
{"op_code":5,"worker_id":"28c08225-87d2-448c-8db7-14f5db4f683c-18048","trial_id":8,"param_name":"batch-size","param_value_internal":1,"distribution":"{\"name\": \"CategoricalDistribution\", \"attributes\": {\"choices\": [64, 256, 1024]}}"}
{"op_code":5,"worker_id":"28c08225-87d2-448c-8db7-14f5db4f683c-18048","trial_id":8,"param_name":"n-epochs","param_value_internal":1,"distribution":"{\"name\": \"CategoricalDistribution\", \"attributes\": {\"choices\": [3, 5, 10]}}"}
{"op_code":5,"worker_id":"28c08225-87d2-448c-8db7-14f5db4f683c-18048","trial_id":8,"param_name":"gamma","param_value_internal":2,"distribution":"{\"name\": \"CategoricalDistribution\", \"attributes\": {\"choices\": [0.99, 0.995, 0.999]}}"}
{"op_code":5,"worker_id":"28c08225-87d2-448c-8db7-14f5db4f683c-18048","trial_id":8,"param_name":"gae-lambda","param_value_internal":1,"distribution":"{\"name\": \"CategoricalDistribution\", \"attributes\": {\"choices\": [0.9, 0.95, 0.98]}}"}
{"op_code":5,"worker_id":"28c08225-87d2-448c-8db7-14f5db4f683c-18048","trial_id":8,"param_name":"clip-range","param_value_internal":0,"distribution":"{\"name\": \"CategoricalDistribution\", \"attributes\": {\"choices\": [0.1, 0.2, 0.3]}}"}
{"op_code":5,"worker_id":"28c08225-87d2-448c-8db7-14f5db4f683c-18048","trial_id":8,"param_name":"ent-coef","param_value_internal":0.0031776753088383902,"distribution":"{\"name\": \"FloatDistribution\", \"attributes\": {\"step\": null, \"low\": 0.0001, \"high\": 0.03, \"log\": true}}"}
{"op_code":8,"worker_id":"28c08225-87d2-448c-8db7-14f5db4f683c-18048","trial_id":8,"user_attr":{"train_argv":"--option 3 --reward-mode objective --objectives tardiness_sq --lambda-late 1.0 --lambda-energy 1.0 --power-model linear --difficulty off_tf05 --timesteps 300000 --save-tag tune_off_tf05_o3wmlubrze_t8 --n-envs 4 --vec-backend subproc --seed 0 --algo ppo --markov-obs --lookahead --fixed-scaling --critic-arrivals --lateness-shaping --normalize-reward --event-idle --window-size 20 --learning-rate 0.000226224 --rollout-size 16384 --batch-size 256 --n-epochs 5 --gamma 0.999 --gae-lambda 0.95 --clip-range 0.1 --ent-coef 0.00317768"}}
{"op_code":6,"worker_id":"2f521eb6-d075-4358-b7b4-2728613c4850-29012","trial_id":5,"state":1,"values":[29596.85],"datetime_complete":"2026-10-08T22:37:21.532784"}
{"op_code":4,"worker_id":"2f521eb6-d075-4358-b7b4-2728613c4850-29012","study_id":0,"datetime_start":"2026-10-08T22:37:21.774716"}
{"op_code":5,"worker_id":"2f521eb6-d075-4358-b7b4-2728613c4850-29012","trial_id":9,"param_name":"learning-rate","param_value_internal":8.020537052571766e-05,"distribution":"{\"name\": \"FloatDistribution\", \"attributes\": {\"step\": null, \"low\": 3e-05, \"high\": 0.001, \"log\": true}}"}
{"op_code":5,"worker_id":"2f521eb6-d075-4358-b7b4-2728613c4850-29012","trial_id":9,"param_name":"rollout-size","param_value_internal":3,"distribution":"{\"name\": \"CategoricalDistribution\", \"attributes\": {\"choices\": [2048, 4096, 8192, 16384]}}"}
{"op_code":5,"worker_id":"2f521eb6-d075-4358-b7b4-2728613c4850-29012","trial_id":9,"param_name":"batch-size","param_value_internal":0,"distribution":"{\"name\": \"CategoricalDistribution\", \"attributes\": {\"choices\": [64, 256, 1024]}}"}
{"op_code":5,"worker_id":"2f521eb6-d075-4358-b7b4-2728613c4850-29012","trial_id":9,"param_name":"n-epochs","param_value_internal":1,"distribution":"{\"name\": \"CategoricalDistribution\", \"attributes\": {\"choices\": [3, 5, 10]}}"}
{"op_code":5,"worker_id":"2f521eb6-d075-4358-b7b4-2728613c4850-29012","trial_id":9,"param_name":"gamma","param_value_internal":1,"distribution":"{\"name\": \"CategoricalDistribution\", \"attributes\": {\"choices\": [0.99, 0.995, 0.999]}}"}
{"op_code":5,"worker_id":"2f521eb6-d075-4358-b7b4-2728613c4850-29012","trial_id":9,"param_name":"gae-lambda","param_value_internal":2,"distribution":"{\"name\": \"CategoricalDistribution\", \"attributes\": {\"choices\": [0.9, 0.95, 0.98]}}"}
{"op_code":5,"worker_id":"2f521eb6-d075-4358-b7b4-2728613c4850-29012","trial_id":9,"param_name":"clip-range","param_value_internal":0,"distribution":"{\"name\": \"CategoricalDistribution\", \"attributes\": {\"choices\": [0.1, 0.2, 0.3]}}"}
{"op_code":5,"worker_id":"2f521eb6-d075-4358-b7b4-2728613c4850-29012","trial_id":9,"param_name":"ent-coef","param_value_internal":0.005249445001691897,"distribution":"{\"name\": \"FloatDistribution\", \"attributes\": {\"step\": null, \"low\": 0.0001, \"high\": 0.03, \"log\": true}}"}
{"op_code":8,"worker_id":"2f521eb6-d075-4358-b7b4-2728613c4850-29012","trial_id":9,"user_attr":{"train_argv":"--option 3 --reward-mode objective --objectives tardiness_sq --lambda-late 1.0 --lambda-energy 1.0 --power-model linear --difficulty off_tf05 --timesteps 300000 --save-tag tune_off_tf05_o3wmlubrze_t9 --n-envs 4 --vec-backend subproc --seed 0 --algo ppo --markov-obs --lookahead --fixed-scaling --critic-arrivals --lateness-shaping --normalize-reward --event-idle --window-size 20 --learning-rate 8.02054e-05 --rollout-size 16384 --batch-size 64 --n-epochs 5 --gamma 0.995 --gae-lambda 0.98 --clip-range 0.1 --ent-coef 0.00524945"}}
{"op_code":7,"worker_id":"28c08225-87d2-448c-8db7-14f5db4f683c-18048","trial_id":8,"step":75000,"intermediate_value":44722.8}
{"op_code":6,"worker_id":"28c08225-87d2-448c-8db7-14f5db4f683c-18048","trial_id":8,"state":2,"values":[44722.8],"datetime_complete":"2026-10-08T22:38:53.674913"}
{"op_code":4,"worker_id":"28c08225-87d2-448c-8db7-14f5db4f683c-18048","study_id":0,"datetime_start":"2026-10-08T22:38:53.902914"}
{"op_code":5,"worker_id":"28c08225-87d2-448c-8db7-14f5db4f683c-18048","trial_id":10,"param_name":"learning-rate","param_value_internal":3.208855558609467e-05,"distribution":"{\"name\": \"FloatDistribution\", \"attributes\": {\"step\": null, \"low\": 3e-05, \"high\": 0.001, \"log\": true}}"}
{"op_code":5,"worker_id":"28c08225-87d2-448c-8db7-14f5db4f683c-18048","trial_id":10,"param_name":"rollout-size","param_value_internal":1,"distribution":"{\"name\": \"CategoricalDistribution\", \"attributes\": {\"choices\": [2048, 4096, 8192, 16384]}}"}
{"op_code":5,"worker_id":"28c08225-87d2-448c-8db7-14f5db4f683c-18048","trial_id":10,"param_name":"batch-size","param_value_internal":0,"distribution":"{\"name\": \"CategoricalDistribution\", \"attributes\": {\"choices\": [64, 256, 1024]}}"}
{"op_code":5,"worker_id":"28c08225-87d2-448c-8db7-14f5db4f683c-18048","trial_id":10,"param_name":"n-epochs","param_value_internal":1,"distribution":"{\"name\": \"CategoricalDistribution\", \"attributes\": {\"choices\": [3, 5, 10]}}"}
{"op_code":5,"worker_id":"28c08225-87d2-448c-8db7-14f5db4f683c-18048","trial_id":10,"param_name":"gamma","param_value_internal":0,"distribution":"{\"name\": \"CategoricalDistribution\", \"attributes\": {\"choices\": [0.99, 0.995, 0.999]}}"}
{"op_code":5,"worker_id":"28c08225-87d2-448c-8db7-14f5db4f683c-18048","trial_id":10,"param_name":"gae-lambda","param_value_internal":0,"distribution":"{\"name\": \"CategoricalDistribution\", \"attributes\": {\"choices\": [0.9, 0.95, 0.98]}}"}
{"op_code":5,"worker_id":"28c08225-87d2-448c-8db7-14f5db4f683c-18048","trial_id":10,"param_name":"clip-range","param_value_internal":0,"distribution":"{\"name\": \"CategoricalDistribution\", \"attributes\": {\"choices\": [0.1, 0.2, 0.3]}}"}
{"op_code":5,"worker_id":"28c08225-87d2-448c-8db7-14f5db4f683c-18048","trial_id":10,"param_name":"ent-coef","param_value_internal":0.00017712267105509928,"distribution":"{\"name\": \"FloatDistribution\", \"attributes\": {\"step\": null, \"low\": 0.0001, \"high\": 0.03, \"log\": true}}"}
{"op_code":8,"worker_id":"28c08225-87d2-448c-8db7-14f5db4f683c-18048","trial_id":10,"user_attr":{"train_argv":"--option 3 --reward-mode objective --objectives tardiness_sq --lambda-late 1.0 --lambda-energy 1.0 --power-model linear --difficulty off_tf05 --timesteps 300000 --save-tag tune_off_tf05_o3wmlubrze_t10 --n-envs 4 --vec-backend subproc --seed 0 --algo ppo --markov-obs --lookahead --fixed-scaling --critic-arrivals --lateness-shaping --normalize-reward --event-idle --window-size 20 --learning-rate 3.20886e-05 --rollout-size 4096 --batch-size 64 --n-epochs 5 --gamma 0.99 --gae-lambda 0.9 --clip-range 0.1 --ent-coef 0.000177123"}}
{"op_code":7,"worker_id":"2f521eb6-d075-4358-b7b4-2728613c4850-29012","trial_id":9,"step":75000,"intermediate_value":40685.4}
{"op_code":7,"worker_id":"28c08225-87d2-448c-8db7-14f5db4f683c-18048","trial_id":10,"step":75000,"intermediate_value":48499.8}
{"op_code":6,"worker_id":"28c08225-87d2-448c-8db7-14f5db4f683c-18048","trial_id":10,"state":2,"values":[48499.8],"datetime_complete":"2026-10-08T22:40:46.538550"}
{"op_code":4,"worker_id":"28c08225-87d2-448c-8db7-14f5db4f683c-18048","study_id":0,"datetime_start":"2026-10-08T22:40:46.786351"}
{"op_code":5,"worker_id":"28c08225-87d2-448c-8db7-14f5db4f683c-18048","trial_id":11,"param_name":"learning-rate","param_value_internal":7.787895315616462e-05,"distribution":"{\"name\": \"FloatDistribution\", \"attributes\": {\"step\": null, \"low\": 3e-05, \"high\": 0.001, \"log\": true}}"}
{"op_code":5,"worker_id":"28c08225-87d2-448c-8db7-14f5db4f683c-18048","trial_id":11,"param_name":"rollout-size","param_value_internal":2,"distribution":"{\"name\": \"CategoricalDistribution\", \"attributes\": {\"choices\": [2048, 4096, 8192, 16384]}}"}
{"op_code":5,"worker_id":"28c08225-87d2-448c-8db7-14f5db4f683c-18048","trial_id":11,"param_name":"batch-size","param_value_internal":1,"distribution":"{\"name\": \"CategoricalDistribution\", \"attributes\": {\"choices\": [64, 256, 1024]}}"}
{"op_code":5,"worker_id":"28c08225-87d2-448c-8db7-14f5db4f683c-18048","trial_id":11,"param_name":"n-epochs","param_value_internal":0,"distribution":"{\"name\": \"CategoricalDistribution\", \"attributes\": {\"choices\": [3, 5, 10]}}"}
{"op_code":5,"worker_id":"28c08225-87d2-448c-8db7-14f5db4f683c-18048","trial_id":11,"param_name":"gamma","param_value_internal":0,"distribution":"{\"name\": \"CategoricalDistribution\", \"attributes\": {\"choices\": [0.99, 0.995, 0.999]}}"}
{"op_code":5,"worker_id":"28c08225-87d2-448c-8db7-14f5db4f683c-18048","trial_id":11,"param_name":"gae-lambda","param_value_internal":2,"distribution":"{\"name\": \"CategoricalDistribution\", \"attributes\": {\"choices\": [0.9, 0.95, 0.98]}}"}
{"op_code":5,"worker_id":"28c08225-87d2-448c-8db7-14f5db4f683c-18048","trial_id":11,"param_name":"clip-range","param_value_internal":1,"distribution":"{\"name\": \"CategoricalDistribution\", \"attributes\": {\"choices\": [0.1, 0.2, 0.3]}}"}
{"op_code":5,"worker_id":"28c08225-87d2-448c-8db7-14f5db4f683c-18048","trial_id":11,"param_name":"ent-coef","param_value_internal":0.000995633405047485,"distribution":"{\"name\": \"FloatDistribution\", \"attributes\": {\"step\": null, \"low\": 0.0001, \"high\": 0.03, \"log\": true}}"}
{"op_code":8,"worker_id":"28c08225-87d2-448c-8db7-14f5db4f683c-18048","trial_id":11,"user_attr":{"train_argv":"--option 3 --reward-mode objective --objectives tardiness_sq --lambda-late 1.0 --lambda-energy 1.0 --power-model linear --difficulty off_tf05 --timesteps 300000 --save-tag tune_off_tf05_o3wmlubrze_t11 --n-envs 4 --vec-backend subproc --seed 0 --algo ppo --markov-obs --lookahead --fixed-scaling --critic-arrivals --lateness-shaping --normalize-reward --event-idle --window-size 20 --learning-rate 7.7879e-05 --rollout-size 8192 --batch-size 256 --n-epochs 3 --gamma 0.99 --gae-lambda 0.98 --clip-range 0.2 --ent-coef 0.000995633"}}
{"op_code":7,"worker_id":"2f521eb6-d075-4358-b7b4-2728613c4850-29012","trial_id":9,"step":150000,"intermediate_value":32913.8}
{"op_code":7,"worker_id":"28c08225-87d2-448c-8db7-14f5db4f683c-18048","trial_id":11,"step":75000,"intermediate_value":48189.4}
{"op_code":6,"worker_id":"28c08225-87d2-448c-8db7-14f5db4f683c-18048","trial_id":11,"state":2,"values":[48189.4],"datetime_complete":"2026-10-08T22:42:09.719542"}
{"op_code":7,"worker_id":"2f521eb6-d075-4358-b7b4-2728613c4850-29012","trial_id":9,"step":225000,"intermediate_value":31598.4}
{"op_code":6,"worker_id":"2f521eb6-d075-4358-b7b4-2728613c4850-29012","trial_id":9,"state":2,"values":[31598.4],"datetime_complete":"2026-10-08T22:42:40.085388"}
{"op_code":0,"worker_id":"aacf1c5d-d330-4df9-8e5c-72e46a176167-36512","study_name":"off_tf05_o3wmlubrze","directions":[1]}
{"op_code":0,"worker_id":"09def765-8cc8-4812-bb64-86b43c130749-14944","study_name":"off_tf05_o3wmlubrze","directions":[1]}
