{"op_code":0,"worker_id":"170e4f07-e691-4310-a3bc-ee13ba80c6c2-1088","study_name":"off_tf05_o4nfm_a2c","directions":[1]}
{"op_code":4,"worker_id":"170e4f07-e691-4310-a3bc-ee13ba80c6c2-1088","study_id":0,"datetime_start":"2026-10-06T13:02:30.935094"}
{"op_code":5,"worker_id":"170e4f07-e691-4310-a3bc-ee13ba80c6c2-1088","trial_id":0,"param_name":"learning-rate","param_value_internal":0.0006466422717414558,"distribution":"{\"name\": \"FloatDistribution\", \"attributes\": {\"step\": null, \"low\": 0.0001, \"high\": 0.003, \"log\": true}}"}
{"op_code":5,"worker_id":"170e4f07-e691-4310-a3bc-ee13ba80c6c2-1088","trial_id":0,"param_name":"rollout-size","param_value_internal":0,"distribution":"{\"name\": \"CategoricalDistribution\", \"attributes\": {\"choices\": [20, 80, 320]}}"}
{"op_code":5,"worker_id":"170e4f07-e691-4310-a3bc-ee13ba80c6c2-1088","trial_id":0,"param_name":"gamma","param_value_internal":1,"distribution":"{\"name\": \"CategoricalDistribution\", \"attributes\": {\"choices\": [0.99, 0.995, 0.999]}}"}
{"op_code":5,"worker_id":"170e4f07-e691-4310-a3bc-ee13ba80c6c2-1088","trial_id":0,"param_name":"gae-lambda","param_value_internal":1,"distribution":"{\"name\": \"CategoricalDistribution\", \"attributes\": {\"choices\": [0.9, 0.95, 1.0]}}"}
{"op_code":5,"worker_id":"170e4f07-e691-4310-a3bc-ee13ba80c6c2-1088","trial_id":0,"param_name":"ent-coef","param_value_internal":0.009145320282946534,"distribution":"{\"name\": \"FloatDistribution\", \"attributes\": {\"step\": null, \"low\": 0.0001, \"high\": 0.03, \"log\": true}}"}
{"op_code":8,"worker_id":"170e4f07-e691-4310-a3bc-ee13ba80c6c2-1088","trial_id":0,"user_attr":{"train_argv":"--option 4 --reward-mode objective --objectives tardiness_sq --lambda-late 1.0 --lambda-energy 1.0 --power-model linear --difficulty off_tf05 --timesteps 100000 --save-tag tune_off_tf05_o4nfm_a2c_t0 --n-envs 4 --vec-backend subproc --seed 0 --algo a2c --markov-obs --work-conserving --repair-placement --learning-rate 0.000646642 --rollout-size 20 --gamma 0.995 --gae-lambda 0.95 --ent-coef 0.00914532"}}
{"op_code":7,"worker_id":"170e4f07-e691-4310-a3bc-ee13ba80c6c2-1088","trial_id":0,"step":25000,"intermediate_value":241378.6}
{"op_code":7,"worker_id":"170e4f07-e691-4310-a3bc-ee13ba80c6c2-1088","trial_id":0,"step":50000,"intermediate_value":295528.4}
{"op_code":7,"worker_id":"170e4f07-e691-4310-a3bc-ee13ba80c6c2-1088","trial_id":0,"step":75000,"intermediate_value":116378.2}
{"op_code":6,"worker_id":"170e4f07-e691-4310-a3bc-ee13ba80c6c2-1088","trial_id":0,"state":1,"values":[139244.55],"datetime_complete":"2026-10-06T13:04:40.245772"}
{"op_code":4,"worker_id":"170e4f07-e691-4310-a3bc-ee13ba80c6c2-1088","study_id":0,"datetime_start":"2026-10-06T13:04:40.443669"}
{"op_code":5,"worker_id":"170e4f07-e691-4310-a3bc-ee13ba80c6c2-1088","trial_id":1,"param_name":"learning-rate","param_value_internal":0.0006042851578845063,"distribution":"{\"name\": \"FloatDistribution\", \"attributes\": {\"step\": null, \"low\": 0.0001, \"high\": 0.003, \"log\": true}}"}
{"op_code":5,"worker_id":"170e4f07-e691-4310-a3bc-ee13ba80c6c2-1088","trial_id":1,"param_name":"rollout-size","param_value_internal":1,"distribution":"{\"name\": \"CategoricalDistribution\", \"attributes\": {\"choices\": [20, 80, 320]}}"}
{"op_code":5,"worker_id":"170e4f07-e691-4310-a3bc-ee13ba80c6c2-1088","trial_id":1,"param_name":"gamma","param_value_internal":2,"distribution":"{\"name\": \"CategoricalDistribution\", \"attributes\": {\"choices\": [0.99, 0.995, 0.999]}}"}
{"op_code":5,"worker_id":"170e4f07-e691-4310-a3bc-ee13ba80c6c2-1088","trial_id":1,"param_name":"gae-lambda","param_value_internal":2,"distribution":"{\"name\": \"CategoricalDistribution\", \"attributes\": {\"choices\": [0.9, 0.95, 1.0]}}"}
{"op_code":5,"worker_id":"170e4f07-e691-4310-a3bc-ee13ba80c6c2-1088","trial_id":1,"param_name":"ent-coef","param_value_internal":0.009541412354586892,"distribution":"{\"name\": \"FloatDistribution\", \"attributes\": {\"step\": null, \"low\": 0.0001, \"high\": 0.03, \"log\": true}}"}
{"op_code":8,"worker_id":"170e4f07-e691-4310-a3bc-ee13ba80c6c2-1088","trial_id":1,"user_attr":{"train_argv":"--option 4 --reward-mode objective --objectives tardiness_sq --lambda-late 1.0 --lambda-energy 1.0 --power-model linear --difficulty off_tf05 --timesteps 100000 --save-tag tune_off_tf05_o4nfm_a2c_t1 --n-envs 4 --vec-backend subproc --seed 0 --algo a2c --markov-obs --work-conserving --repair-placement --learning-rate 0.000604285 --rollout-size 80 --gamma 0.999 --gae-lambda 1 --ent-coef 0.00954141"}}
{"op_code":7,"worker_id":"170e4f07-e691-4310-a3bc-ee13ba80c6c2-1088","trial_id":1,"step":25000,"intermediate_value":166027.4}
{"op_code":7,"worker_id":"170e4f07-e691-4310-a3bc-ee13ba80c6c2-1088","trial_id":1,"step":50000,"intermediate_value":99472.0}
{"op_code":7,"worker_id":"170e4f07-e691-4310-a3bc-ee13ba80c6c2-1088","trial_id":1,"step":75000,"intermediate_value":74925.2}
{"op_code":6,"worker_id":"170e4f07-e691-4310-a3bc-ee13ba80c6c2-1088","trial_id":1,"state":1,"values":[92494.5],"datetime_complete":"2026-10-06T13:06:21.386350"}
{"op_code":4,"worker_id":"170e4f07-e691-4310-a3bc-ee13ba80c6c2-1088","study_id":0,"datetime_start":"2026-10-06T13:06:21.654311"}
{"op_code":5,"worker_id":"170e4f07-e691-4310-a3bc-ee13ba80c6c2-1088","trial_id":2,"param_name":"learning-rate","param_value_internal":0.0004804641349751479,"distribution":"{\"name\": \"FloatDistribution\", \"attributes\": {\"step\": null, \"low\": 0.0001, \"high\": 0.003, \"log\": true}}"}
{"op_code":5,"worker_id":"170e4f07-e691-4310-a3bc-ee13ba80c6c2-1088","trial_id":2,"param_name":"rollout-size","param_value_internal":0,"distribution":"{\"name\": \"CategoricalDistribution\", \"attributes\": {\"choices\": [20, 80, 320]}}"}
{"op_code":5,"worker_id":"170e4f07-e691-4310-a3bc-ee13ba80c6c2-1088","trial_id":2,"param_name":"gamma","param_value_internal":1,"distribution":"{\"name\": \"CategoricalDistribution\", \"attributes\": {\"choices\": [0.99, 0.995, 0.999]}}"}
{"op_code":5,"worker_id":"170e4f07-e691-4310-a3bc-ee13ba80c6c2-1088","trial_id":2,"param_name":"gae-lambda","param_value_internal":2,"distribution":"{\"name\": \"CategoricalDistribution\", \"attributes\": {\"choices\": [0.9, 0.95, 1.0]}}"}
{"op_code":5,"worker_id":"170e4f07-e691-4310-a3bc-ee13ba80c6c2-1088","trial_id":2,"param_name":"ent-coef","param_value_internal":0.001348775545730254,"distribution":"{\"name\": \"FloatDistribution\", \"attributes\": {\"step\": null, \"low\": 0.0001, \"high\": 0.03, \"log\": true}}"}
{"op_code":8,"worker_id":"170e4f07-e691-4310-a3bc-ee13ba80c6c2-1088","trial_id":2,"user_attr":{"train_argv":"--option 4 --reward-mode objective --objectives tardiness_sq --lambda-late 1.0 --lambda-energy 1.0 --power-model linear --difficulty off_tf05 --timesteps 100000 --save-tag tune_off_tf05_o4nfm_a2c_t2 --n-envs 4 --vec-backend subproc --seed 0 --algo a2c --markov-obs --work-conserving --repair-placement --learning-rate 0.000480464 --rollout-size 20 --gamma 0.995 --gae-lambda 1 --ent-coef 0.00134878"}}
{"op_code":7,"worker_id":"170e4f07-e691-4310-a3bc-ee13ba80c6c2-1088","trial_id":2,"step":25000,"intermediate_value":234601.4}
{"op_code":7,"worker_id":"170e4f07-e691-4310-a3bc-ee13ba80c6c2-1088","trial_id":2,"step":50000,"intermediate_value":256672.0}
{"op_code":7,"worker_id":"170e4f07-e691-4310-a3bc-ee13ba80c6c2-1088","trial_id":2,"step":75000,"intermediate_value":156243.0}
{"op_code":6,"worker_id":"170e4f07-e691-4310-a3bc-ee13ba80c6c2-1088","trial_id":2,"state":1,"values":[230848.45],"datetime_complete":"2026-10-06T13:08:30.799366"}
{"op_code":4,"worker_id":"170e4f07-e691-4310-a3bc-ee13ba80c6c2-1088","study_id":0,"datetime_start":"2026-10-06T13:08:31.077792"}
{"op_code":5,"worker_id":"170e4f07-e691-4310-a3bc-ee13ba80c6c2-1088","trial_id":3,"param_name":"learning-rate","param_value_internal":0.0006912670683424538,"distribution":"{\"name\": \"FloatDistribution\", \"attributes\": {\"step\": null, \"low\": 0.0001, \"high\": 0.003, \"log\": true}}"}
{"op_code":5,"worker_id":"170e4f07-e691-4310-a3bc-ee13ba80c6c2-1088","trial_id":3,"param_name":"rollout-size","param_value_internal":1,"distribution":"{\"name\": \"CategoricalDistribution\", \"attributes\": {\"choices\": [20, 80, 320]}}"}
{"op_code":5,"worker_id":"170e4f07-e691-4310-a3bc-ee13ba80c6c2-1088","trial_id":3,"param_name":"gamma","param_value_internal":1,"distribution":"{\"name\": \"CategoricalDistribution\", \"attributes\": {\"choices\": [0.99, 0.995, 0.999]}}"}
{"op_code":5,"worker_id":"170e4f07-e691-4310-a3bc-ee13ba80c6c2-1088","trial_id":3,"param_name":"gae-lambda","param_value_internal":2,"distribution":"{\"name\": \"CategoricalDistribution\", \"attributes\": {\"choices\": [0.9, 0.95, 1.0]}}"}
{"op_code":5,"worker_id":"170e4f07-e691-4310-a3bc-ee13ba80c6c2-1088","trial_id":3,"param_name":"ent-coef","param_value_internal":0.00014098918363046996,"distribution":"{\"name\": \"FloatDistribution\", \"attributes\": {\"step\": null, \"low\": 0.0001, \"high\": 0.03, \"log\": true}}"}
{"op_code":8,"worker_id":"170e4f07-e691-4310-a3bc-ee13ba80c6c2-1088","trial_id":3,"user_attr":{"train_argv":"--option 4 --reward-mode objective --objectives tardiness_sq --lambda-late 1.0 --lambda-energy 1.0 --power-model linear --difficulty off_tf05 --timesteps 100000 --save-tag tune_off_tf05_o4nfm_a2c_t3 --n-envs 4 --vec-backend subproc --seed 0 --algo a2c --markov-obs --work-conserving --repair-placement --learning-rate 0.000691267 --rollout-size 80 --gamma 0.995 --gae-lambda 1 --ent-coef 0.000140989"}}
{"op_code":7,"worker_id":"170e4f07-e691-4310-a3bc-ee13ba80c6c2-1088","trial_id":3,"step":25000,"intermediate_value":188754.0}
{"op_code":7,"worker_id":"170e4f07-e691-4310-a3bc-ee13ba80c6c2-1088","trial_id":3,"step":50000,"intermediate_value":86986.6}
{"op_code":7,"worker_id":"170e4f07-e691-4310-a3bc-ee13ba80c6c2-1088","trial_id":3,"step":75000,"intermediate_value":85931.2}
{"op_code":6,"worker_id":"170e4f07-e691-4310-a3bc-ee13ba80c6c2-1088","trial_id":3,"state":1,"values":[67917.05],"datetime_complete":"2026-10-06T13:10:16.816333"}
{"op_code":4,"worker_id":"170e4f07-e691-4310-a3bc-ee13ba80c6c2-1088","study_id":0,"datetime_start":"2026-10-06T13:10:17.087138"}
{"op_code":5,"worker_id":"170e4f07-e691-4310-a3bc-ee13ba80c6c2-1088","trial_id":4,"param_name":"learning-rate","param_value_internal":0.0009658179826892162,"distribution":"{\"name\": \"FloatDistribution\", \"attributes\": {\"step\": null, \"low\": 0.0001, \"high\": 0.003, \"log\": true}}"}
{"op_code":5,"worker_id":"170e4f07-e691-4310-a3bc-ee13ba80c6c2-1088","trial_id":4,"param_name":"rollout-size","param_value_internal":0,"distribution":"{\"name\": \"CategoricalDistribution\", \"attributes\": {\"choices\": [20, 80, 320]}}"}
{"op_code":5,"worker_id":"170e4f07-e691-4310-a3bc-ee13ba80c6c2-1088","trial_id":4,"param_name":"gamma","param_value_internal":2,"distribution":"{\"name\": \"CategoricalDistribution\", \"attributes\": {\"choices\": [0.99, 0.995, 0.999]}}"}
{"op_code":5,"worker_id":"170e4f07-e691-4310-a3bc-ee13ba80c6c2-1088","trial_id":4,"param_name":"gae-lambda","param_value_internal":1,"distribution":"{\"name\": \"CategoricalDistribution\", \"attributes\": {\"choices\": [0.9, 0.95, 1.0]}}"}
{"op_code":5,"worker_id":"170e4f07-e691-4310-a3bc-ee13ba80c6c2-1088","trial_id":4,"param_name":"ent-coef","param_value_internal":0.00032916454639831516,"distribution":"{\"name\": \"FloatDistribution\", \"attributes\": {\"step\": null, \"low\": 0.0001, \"high\": 0.03, \"log\": true}}"}
{"op_code":8,"worker_id":"170e4f07-e691-4310-a3bc-ee13ba80c6c2-1088","trial_id":4,"user_attr":{"train_argv":"--option 4 --reward-mode objective --objectives tardiness_sq --lambda-late 1.0 --lambda-energy 1.0 --power-model linear --difficulty off_tf05 --timesteps 100000 --save-tag tune_off_tf05_o4nfm_a2c_t4 --n-envs 4 --vec-backend subproc --seed 0 --algo a2c --markov-obs --work-conserving --repair-placement --learning-rate 0.000965818 --rollout-size 20 --gamma 0.999 --gae-lambda 0.95 --ent-coef 0.000329165"}}
{"op_code":7,"worker_id":"170e4f07-e691-4310-a3bc-ee13ba80c6c2-1088","trial_id":4,"step":25000,"intermediate_value":241318.8}
{"op_code":7,"worker_id":"170e4f07-e691-4310-a3bc-ee13ba80c6c2-1088","trial_id":4,"step":50000,"intermediate_value":139735.2}
{"op_code":7,"worker_id":"170e4f07-e691-4310-a3bc-ee13ba80c6c2-1088","trial_id":4,"step":75000,"intermediate_value":131122.6}
{"op_code":6,"worker_id":"170e4f07-e691-4310-a3bc-ee13ba80c6c2-1088","trial_id":4,"state":1,"values":[132115.5],"datetime_complete":"2026-10-06T13:12:23.544739"}
{"op_code":4,"worker_id":"170e4f07-e691-4310-a3bc-ee13ba80c6c2-1088","study_id":0,"datetime_start":"2026-10-06T13:12:23.815463"}
{"op_code":5,"worker_id":"170e4f07-e691-4310-a3bc-ee13ba80c6c2-1088","trial_id":5,"param_name":"learning-rate","param_value_internal":0.00017309069329908935,"distribution":"{\"name\": \"FloatDistribution\", \"attributes\": {\"step\": null, \"low\": 0.0001, \"high\": 0.003, \"log\": true}}"}
{"op_code":5,"worker_id":"170e4f07-e691-4310-a3bc-ee13ba80c6c2-1088","trial_id":5,"param_name":"rollout-size","param_value_internal":0,"distribution":"{\"name\": \"CategoricalDistribution\", \"attributes\": {\"choices\": [20, 80, 320]}}"}
{"op_code":5,"worker_id":"170e4f07-e691-4310-a3bc-ee13ba80c6c2-1088","trial_id":5,"param_name":"gamma","param_value_internal":0,"distribution":"{\"name\": \"CategoricalDistribution\", \"attributes\": {\"choices\": [0.99, 0.995, 0.999]}}"}
{"op_code":5,"worker_id":"170e4f07-e691-4310-a3bc-ee13ba80c6c2-1088","trial_id":5,"param_name":"gae-lambda","param_value_internal":0,"distribution":"{\"name\": \"CategoricalDistribution\", \"attributes\": {\"choices\": [0.9, 0.95, 1.0]}}"}
{"op_code":5,"worker_id":"170e4f07-e691-4310-a3bc-ee13ba80c6c2-1088","trial_id":5,"param_name":"ent-coef","param_value_internal":0.0008191755047162099,"distribution":"{\"name\": \"FloatDistribution\", \"attributes\": {\"step\": null, \"low\": 0.0001, \"high\": 0.03, \"log\": true}}"}
{"op_code":8,"worker_id":"170e4f07-e691-4310-a3bc-ee13ba80c6c2-1088","trial_id":5,"user_attr":{"train_argv":"--option 4 --reward-mode objective --objectives tardiness_sq --lambda-late 1.0 --lambda-energy 1.0 --power-model linear --difficulty off_tf05 --timesteps 100000 --save-tag tune_off_tf05_o4nfm_a2c_t5 --n-envs 4 --vec-backend subproc --seed 0 --algo a2c --markov-obs --work-conserving --repair-placement --learning-rate 0.000173091 --rollout-size 20 --gamma 0.99 --gae-lambda 0.9 --ent-coef 0.000819176"}}
{"op_code":7,"worker_id":"170e4f07-e691-4310-a3bc-ee13ba80c6c2-1088","trial_id":5,"step":25000,"intermediate_value":218461.6}
{"op_code":7,"worker_id":"170e4f07-e691-4310-a3bc-ee13ba80c6c2-1088","trial_id":5,"step":50000,"intermediate_value":161762.8}
{"op_code":6,"worker_id":"170e4f07-e691-4310-a3bc-ee13ba80c6c2-1088","trial_id":5,"state":2,"values":[161762.8],"datetime_complete":"2026-10-06T13:13:31.906257"}
{"op_code":4,"worker_id":"170e4f07-e691-4310-a3bc-ee13ba80c6c2-1088","study_id":0,"datetime_start":"2026-10-06T13:13:32.160212"}
{"op_code":5,"worker_id":"170e4f07-e691-4310-a3bc-ee13ba80c6c2-1088","trial_id":6,"param_name":"learning-rate","param_value_internal":0.0016319488770709706,"distribution":"{\"name\": \"FloatDistribution\", \"attributes\": {\"step\": null, \"low\": 0.0001, \"high\": 0.003, \"log\": true}}"}
{"op_code":5,"worker_id":"170e4f07-e691-4310-a3bc-ee13ba80c6c2-1088","trial_id":6,"param_name":"rollout-size","param_value_internal":1,"distribution":"{\"name\": \"CategoricalDistribution\", \"attributes\": {\"choices\": [20, 80, 320]}}"}
{"op_code":5,"worker_id":"170e4f07-e691-4310-a3bc-ee13ba80c6c2-1088","trial_id":6,"param_name":"gamma","param_value_internal":2,"distribution":"{\"name\": \"CategoricalDistribution\", \"attributes\": {\"choices\": [0.99, 0.995, 0.999]}}"}
{"op_code":5,"worker_id":"170e4f07-e691-4310-a3bc-ee13ba80c6c2-1088","trial_id":6,"param_name":"gae-lambda","param_value_internal":1,"distribution":"{\"name\": \"CategoricalDistribution\", \"attributes\": {\"choices\": [0.9, 0.95, 1.0]}}"}
{"op_code":5,"worker_id":"170e4f07-e691-4310-a3bc-ee13ba80c6c2-1088","trial_id":6,"param_name":"ent-coef","param_value_internal":0.000501819043124292,"distribution":"{\"name\": \"FloatDistribution\", \"attributes\": {\"step\": null, \"low\": 0.0001, \"high\": 0.03, \"log\": true}}"}
{"op_code":8,"worker_id":"170e4f07-e691-4310-a3bc-ee13ba80c6c2-1088","trial_id":6,"user_attr":{"train_argv":"--option 4 --reward-mode objective --objectives tardiness_sq --lambda-late 1.0 --lambda-energy 1.0 --power-model linear --difficulty off_tf05 --timesteps 100000 --save-tag tune_off_tf05_o4nfm_a2c_t6 --n-envs 4 --vec-backend subproc --seed 0 --algo a2c --markov-obs --work-conserving --repair-placement --learning-rate 0.00163195 --rollout-size 80 --gamma 0.999 --gae-lambda 0.95 --ent-coef 0.000501819"}}
{"op_code":7,"worker_id":"170e4f07-e691-4310-a3bc-ee13ba80c6c2-1088","trial_id":6,"step":25000,"intermediate_value":180469.2}
{"op_code":7,"worker_id":"170e4f07-e691-4310-a3bc-ee13ba80c6c2-1088","trial_id":6,"step":50000,"intermediate_value":125733.6}
{"op_code":7,"worker_id":"170e4f07-e691-4310-a3bc-ee13ba80c6c2-1088","trial_id":6,"step":75000,"intermediate_value":109391.8}
{"op_code":6,"worker_id":"170e4f07-e691-4310-a3bc-ee13ba80c6c2-1088","trial_id":6,"state":1,"values":[112483.8],"datetime_complete":"2026-10-06T13:15:20.619996"}
{"op_code":4,"worker_id":"170e4f07-e691-4310-a3bc-ee13ba80c6c2-1088","study_id":0,"datetime_start":"2026-10-06T13:15:20.925032"}
{"op_code":5,"worker_id":"170e4f07-e691-4310-a3bc-ee13ba80c6c2-1088","trial_id":7,"param_name":"learning-rate","param_value_internal":0.00015050290935598963,"distribution":"{\"name\": \"FloatDistribution\", \"attributes\": {\"step\": null, \"low\": 0.0001, \"high\": 0.003, \"log\": true}}"}
{"op_code":5,"worker_id":"170e4f07-e691-4310-a3bc-ee13ba80c6c2-1088","trial_id":7,"param_name":"rollout-size","param_value_internal":2,"distribution":"{\"name\": \"CategoricalDistribution\", \"attributes\": {\"choices\": [20, 80, 320]}}"}
{"op_code":5,"worker_id":"170e4f07-e691-4310-a3bc-ee13ba80c6c2-1088","trial_id":7,"param_name":"gamma","param_value_internal":2,"distribution":"{\"name\": \"CategoricalDistribution\", \"attributes\": {\"choices\": [0.99, 0.995, 0.999]}}"}
{"op_code":5,"worker_id":"170e4f07-e691-4310-a3bc-ee13ba80c6c2-1088","trial_id":7,"param_name":"gae-lambda","param_value_internal":0,"distribution":"{\"name\": \"CategoricalDistribution\", \"attributes\": {\"choices\": [0.9, 0.95, 1.0]}}"}
{"op_code":5,"worker_id":"170e4f07-e691-4310-a3bc-ee13ba80c6c2-1088","trial_id":7,"param_name":"ent-coef","param_value_internal":0.00017088424969157387,"distribution":"{\"name\": \"FloatDistribution\", \"attributes\": {\"step\": null, \"low\": 0.0001, \"high\": 0.03, \"log\": true}}"}
{"op_code":8,"worker_id":"170e4f07-e691-4310-a3bc-ee13ba80c6c2-1088","trial_id":7,"user_attr":{"train_argv":"--option 4 --reward-mode objective --objectives tardiness_sq --lambda-late 1.0 --lambda-energy 1.0 --power-model linear --difficulty off_tf05 --timesteps 100000 --save-tag tune_off_tf05_o4nfm_a2c_t7 --n-envs 4 --vec-backend subproc --seed 0 --algo a2c --markov-obs --work-conserving --repair-placement --learning-rate 0.000150503 --rollout-size 320 --gamma 0.999 --gae-lambda 0.9 --ent-coef 0.000170884"}}
{"op_code":7,"worker_id":"170e4f07-e691-4310-a3bc-ee13ba80c6c2-1088","trial_id":7,"step":25000,"intermediate_value":196388.2}
{"op_code":7,"worker_id":"170e4f07-e691-4310-a3bc-ee13ba80c6c2-1088","trial_id":7,"step":50000,"intermediate_value":168274.8}
{"op_code":6,"worker_id":"170e4f07-e691-4310-a3bc-ee13ba80c6c2-1088","trial_id":7,"state":2,"values":[168274.8],"datetime_complete":"2026-10-06T13:16:20.954969"}
{"op_code":4,"worker_id":"170e4f07-e691-4310-a3bc-ee13ba80c6c2-1088","study_id":0,"datetime_start":"2026-10-06T13:16:21.217348"}
{"op_code":5,"worker_id":"170e4f07-e691-4310-a3bc-ee13ba80c6c2-1088","trial_id":8,"param_name":"learning-rate","param_value_internal":0.0007091576793635641,"distribution":"{\"name\": \"FloatDistribution\", \"attributes\": {\"step\": null, \"low\": 0.0001, \"high\": 0.003, \"log\": true}}"}
{"op_code":5,"worker_id":"170e4f07-e691-4310-a3bc-ee13ba80c6c2-1088","trial_id":8,"param_name":"rollout-size","param_value_internal":0,"distribution":"{\"name\": \"CategoricalDistribution\", \"attributes\": {\"choices\": [20, 80, 320]}}"}
{"op_code":5,"worker_id":"170e4f07-e691-4310-a3bc-ee13ba80c6c2-1088","trial_id":8,"param_name":"gamma","param_value_internal":1,"distribution":"{\"name\": \"CategoricalDistribution\", \"attributes\": {\"choices\": [0.99, 0.995, 0.999]}}"}
{"op_code":5,"worker_id":"170e4f07-e691-4310-a3bc-ee13ba80c6c2-1088","trial_id":8,"param_name":"gae-lambda","param_value_internal":1,"distribution":"{\"name\": \"CategoricalDistribution\", \"attributes\": {\"choices\": [0.9, 0.95, 1.0]}}"}
{"op_code":5,"worker_id":"170e4f07-e691-4310-a3bc-ee13ba80c6c2-1088","trial_id":8,"param_name":"ent-coef","param_value_internal":0.011307978270179144,"distribution":"{\"name\": \"FloatDistribution\", \"attributes\": {\"step\": null, \"low\": 0.0001, \"high\": 0.03, \"log\": true}}"}
{"op_code":8,"worker_id":"170e4f07-e691-4310-a3bc-ee13ba80c6c2-1088","trial_id":8,"user_attr":{"train_argv":"--option 4 --reward-mode objective --objectives tardiness_sq --lambda-late 1.0 --lambda-energy 1.0 --power-model linear --difficulty off_tf05 --timesteps 100000 --save-tag tune_off_tf05_o4nfm_a2c_t8 --n-envs 4 --vec-backend subproc --seed 0 --algo a2c --markov-obs --work-conserving --repair-placement --learning-rate 0.000709158 --rollout-size 20 --gamma 0.995 --gae-lambda 0.95 --ent-coef 0.011308"}}
{"op_code":7,"worker_id":"170e4f07-e691-4310-a3bc-ee13ba80c6c2-1088","trial_id":8,"step":25000,"intermediate_value":238610.4}
{"op_code":6,"worker_id":"170e4f07-e691-4310-a3bc-ee13ba80c6c2-1088","trial_id":8,"state":2,"values":[238610.4],"datetime_complete":"2026-10-06T13:16:59.352383"}
{"op_code":4,"worker_id":"170e4f07-e691-4310-a3bc-ee13ba80c6c2-1088","study_id":0,"datetime_start":"2026-10-06T13:16:59.727631"}
{"op_code":5,"worker_id":"170e4f07-e691-4310-a3bc-ee13ba80c6c2-1088","trial_id":9,"param_name":"learning-rate","param_value_internal":0.00010160984472195724,"distribution":"{\"name\": \"FloatDistribution\", \"attributes\": {\"step\": null, \"low\": 0.0001, \"high\": 0.003, \"log\": true}}"}
{"op_code":5,"worker_id":"170e4f07-e691-4310-a3bc-ee13ba80c6c2-1088","trial_id":9,"param_name":"rollout-size","param_value_internal":2,"distribution":"{\"name\": \"CategoricalDistribution\", \"attributes\": {\"choices\": [20, 80, 320]}}"}
{"op_code":5,"worker_id":"170e4f07-e691-4310-a3bc-ee13ba80c6c2-1088","trial_id":9,"param_name":"gamma","param_value_internal":0,"distribution":"{\"name\": \"CategoricalDistribution\", \"attributes\": {\"choices\": [0.99, 0.995, 0.999]}}"}
{"op_code":5,"worker_id":"170e4f07-e691-4310-a3bc-ee13ba80c6c2-1088","trial_id":9,"param_name":"gae-lambda","param_value_internal":0,"distribution":"{\"name\": \"CategoricalDistribution\", \"attributes\": {\"choices\": [0.9, 0.95, 1.0]}}"}
{"op_code":5,"worker_id":"170e4f07-e691-4310-a3bc-ee13ba80c6c2-1088","trial_id":9,"param_name":"ent-coef","param_value_internal":0.02291262392205817,"distribution":"{\"name\": \"FloatDistribution\", \"attributes\": {\"step\": null, \"low\": 0.0001, \"high\": 0.03, \"log\": true}}"}
{"op_code":8,"worker_id":"170e4f07-e691-4310-a3bc-ee13ba80c6c2-1088","trial_id":9,"user_attr":{"train_argv":"--option 4 --reward-mode objective --objectives tardiness_sq --lambda-late 1.0 --lambda-energy 1.0 --power-model linear --difficulty off_tf05 --timesteps 100000 --save-tag tune_off_tf05_o4nfm_a2c_t9 --n-envs 4 --vec-backend subproc --seed 0 --algo a2c --markov-obs --work-conserving --repair-placement --learning-rate 0.00010161 --rollout-size 320 --gamma 0.99 --gae-lambda 0.9 --ent-coef 0.0229126"}}
{"op_code":7,"worker_id":"170e4f07-e691-4310-a3bc-ee13ba80c6c2-1088","trial_id":9,"step":25000,"intermediate_value":189354.4}
{"op_code":7,"worker_id":"170e4f07-e691-4310-a3bc-ee13ba80c6c2-1088","trial_id":9,"step":50000,"intermediate_value":171532.2}
{"op_code":6,"worker_id":"170e4f07-e691-4310-a3bc-ee13ba80c6c2-1088","trial_id":9,"state":2,"values":[171532.2],"datetime_complete":"2026-10-06T13:17:58.829765"}
{"op_code":4,"worker_id":"170e4f07-e691-4310-a3bc-ee13ba80c6c2-1088","study_id":0,"datetime_start":"2026-10-06T13:17:59.090730"}
{"op_code":5,"worker_id":"170e4f07-e691-4310-a3bc-ee13ba80c6c2-1088","trial_id":10,"param_name":"learning-rate","param_value_internal":0.0024518098818580836,"distribution":"{\"name\": \"FloatDistribution\", \"attributes\": {\"step\": null, \"low\": 0.0001, \"high\": 0.003, \"log\": true}}"}
{"op_code":5,"worker_id":"170e4f07-e691-4310-a3bc-ee13ba80c6c2-1088","trial_id":10,"param_name":"rollout-size","param_value_internal":1,"distribution":"{\"name\": \"CategoricalDistribution\", \"attributes\": {\"choices\": [20, 80, 320]}}"}
{"op_code":5,"worker_id":"170e4f07-e691-4310-a3bc-ee13ba80c6c2-1088","trial_id":10,"param_name":"gamma","param_value_internal":1,"distribution":"{\"name\": \"CategoricalDistribution\", \"attributes\": {\"choices\": [0.99, 0.995, 0.999]}}"}
{"op_code":5,"worker_id":"170e4f07-e691-4310-a3bc-ee13ba80c6c2-1088","trial_id":10,"param_name":"gae-lambda","param_value_internal":2,"distribution":"{\"name\": \"CategoricalDistribution\", \"attributes\": {\"choices\": [0.9, 0.95, 1.0]}}"}
{"op_code":5,"worker_id":"170e4f07-e691-4310-a3bc-ee13ba80c6c2-1088","trial_id":10,"param_name":"ent-coef","param_value_internal":0.0025412649825898824,"distribution":"{\"name\": \"FloatDistribution\", \"attributes\": {\"step\": null, \"low\": 0.0001, \"high\": 0.03, \"log\": true}}"}
{"op_code":8,"worker_id":"170e4f07-e691-4310-a3bc-ee13ba80c6c2-1088","trial_id":10,"user_attr":{"train_argv":"--option 4 --reward-mode objective --objectives tardiness_sq --lambda-late 1.0 --lambda-energy 1.0 --power-model linear --difficulty off_tf05 --timesteps 100000 --save-tag tune_off_tf05_o4nfm_a2c_t10 --n-envs 4 --vec-backend subproc --seed 0 --algo a2c --markov-obs --work-conserving --repair-placement --learning-rate 0.00245181 --rollout-size 80 --gamma 0.995 --gae-lambda 1 --ent-coef 0.00254126"}}
{"op_code":7,"worker_id":"170e4f07-e691-4310-a3bc-ee13ba80c6c2-1088","trial_id":10,"step":25000,"intermediate_value":161806.2}
{"op_code":7,"worker_id":"170e4f07-e691-4310-a3bc-ee13ba80c6c2-1088","trial_id":10,"step":50000,"intermediate_value":75207.0}
{"op_code":7,"worker_id":"170e4f07-e691-4310-a3bc-ee13ba80c6c2-1088","trial_id":10,"step":75000,"intermediate_value":155979.2}
{"op_code":6,"worker_id":"170e4f07-e691-4310-a3bc-ee13ba80c6c2-1088","trial_id":10,"state":1,"values":[138032.5],"datetime_complete":"2026-10-06T13:19:53.447908"}
{"op_code":4,"worker_id":"170e4f07-e691-4310-a3bc-ee13ba80c6c2-1088","study_id":0,"datetime_start":"2026-10-06T13:19:53.695447"}
{"op_code":5,"worker_id":"170e4f07-e691-4310-a3bc-ee13ba80c6c2-1088","trial_id":11,"param_name":"learning-rate","param_value_internal":0.00036960037674982886,"distribution":"{\"name\": \"FloatDistribution\", \"attributes\": {\"step\": null, \"low\": 0.0001, \"high\": 0.003, \"log\": true}}"}
{"op_code":5,"worker_id":"170e4f07-e691-4310-a3bc-ee13ba80c6c2-1088","trial_id":11,"param_name":"rollout-size","param_value_internal":1,"distribution":"{\"name\": \"CategoricalDistribution\", \"attributes\": {\"choices\": [20, 80, 320]}}"}
{"op_code":5,"worker_id":"170e4f07-e691-4310-a3bc-ee13ba80c6c2-1088","trial_id":11,"param_name":"gamma","param_value_internal":2,"distribution":"{\"name\": \"CategoricalDistribution\", \"attributes\": {\"choices\": [0.99, 0.995, 0.999]}}"}
{"op_code":5,"worker_id":"170e4f07-e691-4310-a3bc-ee13ba80c6c2-1088","trial_id":11,"param_name":"gae-lambda","param_value_internal":2,"distribution":"{\"name\": \"CategoricalDistribution\", \"attributes\": {\"choices\": [0.9, 0.95, 1.0]}}"}
{"op_code":5,"worker_id":"170e4f07-e691-4310-a3bc-ee13ba80c6c2-1088","trial_id":11,"param_name":"ent-coef","param_value_internal":0.0036144808012684793,"distribution":"{\"name\": \"FloatDistribution\", \"attributes\": {\"step\": null, \"low\": 0.0001, \"high\": 0.03, \"log\": true}}"}
{"op_code":8,"worker_id":"170e4f07-e691-4310-a3bc-ee13ba80c6c2-1088","trial_id":11,"user_attr":{"train_argv":"--option 4 --reward-mode objective --objectives tardiness_sq --lambda-late 1.0 --lambda-energy 1.0 --power-model linear --difficulty off_tf05 --timesteps 100000 --save-tag tune_off_tf05_o4nfm_a2c_t11 --n-envs 4 --vec-backend subproc --seed 0 --algo a2c --markov-obs --work-conserving --repair-placement --learning-rate 0.0003696 --rollout-size 80 --gamma 0.999 --gae-lambda 1 --ent-coef 0.00361448"}}
{"op_code":7,"worker_id":"170e4f07-e691-4310-a3bc-ee13ba80c6c2-1088","trial_id":11,"step":25000,"intermediate_value":159288.6}
{"op_code":7,"worker_id":"170e4f07-e691-4310-a3bc-ee13ba80c6c2-1088","trial_id":11,"step":50000,"intermediate_value":101399.6}
{"op_code":7,"worker_id":"170e4f07-e691-4310-a3bc-ee13ba80c6c2-1088","trial_id":11,"step":75000,"intermediate_value":93267.8}
{"op_code":6,"worker_id":"170e4f07-e691-4310-a3bc-ee13ba80c6c2-1088","trial_id":11,"state":1,"values":[88610.85],"datetime_complete":"2026-10-06T13:21:46.417127"}
{"op_code":4,"worker_id":"170e4f07-e691-4310-a3bc-ee13ba80c6c2-1088","study_id":0,"datetime_start":"2026-10-06T13:21:46.751294"}
{"op_code":5,"worker_id":"170e4f07-e691-4310-a3bc-ee13ba80c6c2-1088","trial_id":12,"param_name":"learning-rate","param_value_internal":0.0003039589733940462,"distribution":"{\"name\": \"FloatDistribution\", \"attributes\": {\"step\": null, \"low\": 0.0001, \"high\": 0.003, \"log\": true}}"}
{"op_code":5,"worker_id":"170e4f07-e691-4310-a3bc-ee13ba80c6c2-1088","trial_id":12,"param_name":"rollout-size","param_value_internal":1,"distribution":"{\"name\": \"CategoricalDistribution\", \"attributes\": {\"choices\": [20, 80, 320]}}"}
{"op_code":5,"worker_id":"170e4f07-e691-4310-a3bc-ee13ba80c6c2-1088","trial_id":12,"param_name":"gamma","param_value_internal":2,"distribution":"{\"name\": \"CategoricalDistribution\", \"attributes\": {\"choices\": [0.99, 0.995, 0.999]}}"}
{"op_code":5,"worker_id":"170e4f07-e691-4310-a3bc-ee13ba80c6c2-1088","trial_id":12,"param_name":"gae-lambda","param_value_internal":2,"distribution":"{\"name\": \"CategoricalDistribution\", \"attributes\": {\"choices\": [0.9, 0.95, 1.0]}}"}
{"op_code":5,"worker_id":"170e4f07-e691-4310-a3bc-ee13ba80c6c2-1088","trial_id":12,"param_name":"ent-coef","param_value_internal":0.00010800335409957415,"distribution":"{\"name\": \"FloatDistribution\", \"attributes\": {\"step\": null, \"low\": 0.0001, \"high\": 0.03, \"log\": true}}"}
{"op_code":8,"worker_id":"170e4f07-e691-4310-a3bc-ee13ba80c6c2-1088","trial_id":12,"user_attr":{"train_argv":"--option 4 --reward-mode objective --objectives tardiness_sq --lambda-late 1.0 --lambda-energy 1.0 --power-model linear --difficulty off_tf05 --timesteps 100000 --save-tag tune_off_tf05_o4nfm_a2c_t12 --n-envs 4 --vec-backend subproc --seed 0 --algo a2c --markov-obs --work-conserving --repair-placement --learning-rate 0.000303959 --rollout-size 80 --gamma 0.999 --gae-lambda 1 --ent-coef 0.000108003"}}
{"op_code":7,"worker_id":"170e4f07-e691-4310-a3bc-ee13ba80c6c2-1088","trial_id":12,"step":25000,"intermediate_value":175150.2}
{"op_code":7,"worker_id":"170e4f07-e691-4310-a3bc-ee13ba80c6c2-1088","trial_id":12,"step":50000,"intermediate_value":111516.8}
{"op_code":7,"worker_id":"170e4f07-e691-4310-a3bc-ee13ba80c6c2-1088","trial_id":12,"step":75000,"intermediate_value":108733.8}
{"op_code":6,"worker_id":"170e4f07-e691-4310-a3bc-ee13ba80c6c2-1088","trial_id":12,"state":1,"values":[79822.55],"datetime_complete":"2026-10-06T13:23:41.234478"}
{"op_code":4,"worker_id":"170e4f07-e691-4310-a3bc-ee13ba80c6c2-1088","study_id":0,"datetime_start":"2026-10-06T13:23:41.539143"}
{"op_code":5,"worker_id":"170e4f07-e691-4310-a3bc-ee13ba80c6c2-1088","trial_id":13,"param_name":"learning-rate","param_value_internal":0.0002843257132350525,"distribution":"{\"name\": \"FloatDistribution\", \"attributes\": {\"step\": null, \"low\": 0.0001, \"high\": 0.003, \"log\": true}}"}
{"op_code":5,"worker_id":"170e4f07-e691-4310-a3bc-ee13ba80c6c2-1088","trial_id":13,"param_name":"rollout-size","param_value_internal":1,"distribution":"{\"name\": \"CategoricalDistribution\", \"attributes\": {\"choices\": [20, 80, 320]}}"}
{"op_code":5,"worker_id":"170e4f07-e691-4310-a3bc-ee13ba80c6c2-1088","trial_id":13,"param_name":"gamma","param_value_internal":1,"distribution":"{\"name\": \"CategoricalDistribution\", \"attributes\": {\"choices\": [0.99, 0.995, 0.999]}}"}
{"op_code":5,"worker_id":"170e4f07-e691-4310-a3bc-ee13ba80c6c2-1088","trial_id":13,"param_name":"gae-lambda","param_value_internal":2,"distribution":"{\"name\": \"CategoricalDistribution\", \"attributes\": {\"choices\": [0.9, 0.95, 1.0]}}"}
{"op_code":5,"worker_id":"170e4f07-e691-4310-a3bc-ee13ba80c6c2-1088","trial_id":13,"param_name":"ent-coef","param_value_internal":0.0001299823665615682,"distribution":"{\"name\": \"FloatDistribution\", \"attributes\": {\"step\": null, \"low\": 0.0001, \"high\": 0.03, \"log\": true}}"}
{"op_code":8,"worker_id":"170e4f07-e691-4310-a3bc-ee13ba80c6c2-1088","trial_id":13,"user_attr":{"train_argv":"--option 4 --reward-mode objective --objectives tardiness_sq --lambda-late 1.0 --lambda-energy 1.0 --power-model linear --difficulty off_tf05 --timesteps 100000 --save-tag tune_off_tf05_o4nfm_a2c_t13 --n-envs 4 --vec-backend subproc --seed 0 --algo a2c --markov-obs --work-conserving --repair-placement --learning-rate 0.000284326 --rollout-size 80 --gamma 0.995 --gae-lambda 1 --ent-coef 0.000129982"}}
{"op_code":7,"worker_id":"170e4f07-e691-4310-a3bc-ee13ba80c6c2-1088","trial_id":13,"step":25000,"intermediate_value":157833.0}
{"op_code":7,"worker_id":"170e4f07-e691-4310-a3bc-ee13ba80c6c2-1088","trial_id":13,"step":50000,"intermediate_value":90030.6}
{"op_code":7,"worker_id":"170e4f07-e691-4310-a3bc-ee13ba80c6c2-1088","trial_id":13,"step":75000,"intermediate_value":78729.0}
{"op_code":6,"worker_id":"170e4f07-e691-4310-a3bc-ee13ba80c6c2-1088","trial_id":13,"state":1,"values":[91394.05],"datetime_complete":"2026-10-06T13:25:35.870949"}
{"op_code":4,"worker_id":"170e4f07-e691-4310-a3bc-ee13ba80c6c2-1088","study_id":0,"datetime_start":"2026-10-06T13:25:36.149007"}
{"op_code":5,"worker_id":"170e4f07-e691-4310-a3bc-ee13ba80c6c2-1088","trial_id":14,"param_name":"learning-rate","param_value_internal":0.0011481107769136885,"distribution":"{\"name\": \"FloatDistribution\", \"attributes\": {\"step\": null, \"low\": 0.0001, \"high\": 0.003, \"log\": true}}"}
{"op_code":5,"worker_id":"170e4f07-e691-4310-a3bc-ee13ba80c6c2-1088","trial_id":14,"param_name":"rollout-size","param_value_internal":1,"distribution":"{\"name\": \"CategoricalDistribution\", \"attributes\": {\"choices\": [20, 80, 320]}}"}
{"op_code":5,"worker_id":"170e4f07-e691-4310-a3bc-ee13ba80c6c2-1088","trial_id":14,"param_name":"gamma","param_value_internal":0,"distribution":"{\"name\": \"CategoricalDistribution\", \"attributes\": {\"choices\": [0.99, 0.995, 0.999]}}"}
{"op_code":5,"worker_id":"170e4f07-e691-4310-a3bc-ee13ba80c6c2-1088","trial_id":14,"param_name":"gae-lambda","param_value_internal":2,"distribution":"{\"name\": \"CategoricalDistribution\", \"attributes\": {\"choices\": [0.9, 0.95, 1.0]}}"}
{"op_code":5,"worker_id":"170e4f07-e691-4310-a3bc-ee13ba80c6c2-1088","trial_id":14,"param_name":"ent-coef","param_value_internal":0.00011276258155728852,"distribution":"{\"name\": \"FloatDistribution\", \"attributes\": {\"step\": null, \"low\": 0.0001, \"high\": 0.03, \"log\": true}}"}
{"op_code":8,"worker_id":"170e4f07-e691-4310-a3bc-ee13ba80c6c2-1088","trial_id":14,"user_attr":{"train_argv":"--option 4 --reward-mode objective --objectives tardiness_sq --lambda-late 1.0 --lambda-energy 1.0 --power-model linear --difficulty off_tf05 --timesteps 100000 --save-tag tune_off_tf05_o4nfm_a2c_t14 --n-envs 4 --vec-backend subproc --seed 0 --algo a2c --markov-obs --work-conserving --repair-placement --learning-rate 0.00114811 --rollout-size 80 --gamma 0.99 --gae-lambda 1 --ent-coef 0.000112763"}}
{"op_code":7,"worker_id":"170e4f07-e691-4310-a3bc-ee13ba80c6c2-1088","trial_id":14,"step":25000,"intermediate_value":217050.4}
{"op_code":6,"worker_id":"170e4f07-e691-4310-a3bc-ee13ba80c6c2-1088","trial_id":14,"state":2,"values":[217050.4],"datetime_complete":"2026-10-06T13:26:08.072270"}
{"op_code":4,"worker_id":"170e4f07-e691-4310-a3bc-ee13ba80c6c2-1088","study_id":0,"datetime_start":"2026-10-06T13:26:08.345518"}
{"op_code":5,"worker_id":"170e4f07-e691-4310-a3bc-ee13ba80c6c2-1088","trial_id":15,"param_name":"learning-rate","param_value_internal":0.0002564760359330858,"distribution":"{\"name\": \"FloatDistribution\", \"attributes\": {\"step\": null, \"low\": 0.0001, \"high\": 0.003, \"log\": true}}"}
{"op_code":5,"worker_id":"170e4f07-e691-4310-a3bc-ee13ba80c6c2-1088","trial_id":15,"param_name":"rollout-size","param_value_internal":1,"distribution":"{\"name\": \"CategoricalDistribution\", \"attributes\": {\"choices\": [20, 80, 320]}}"}
{"op_code":5,"worker_id":"170e4f07-e691-4310-a3bc-ee13ba80c6c2-1088","trial_id":15,"param_name":"gamma","param_value_internal":2,"distribution":"{\"name\": \"CategoricalDistribution\", \"attributes\": {\"choices\": [0.99, 0.995, 0.999]}}"}
{"op_code":5,"worker_id":"170e4f07-e691-4310-a3bc-ee13ba80c6c2-1088","trial_id":15,"param_name":"gae-lambda","param_value_internal":2,"distribution":"{\"name\": \"CategoricalDistribution\", \"attributes\": {\"choices\": [0.9, 0.95, 1.0]}}"}
{"op_code":5,"worker_id":"170e4f07-e691-4310-a3bc-ee13ba80c6c2-1088","trial_id":15,"param_name":"ent-coef","param_value_internal":0.000295913209578205,"distribution":"{\"name\": \"FloatDistribution\", \"attributes\": {\"step\": null, \"low\": 0.0001, \"high\": 0.03, \"log\": true}}"}
{"op_code":8,"worker_id":"170e4f07-e691-4310-a3bc-ee13ba80c6c2-1088","trial_id":15,"user_attr":{"train_argv":"--option 4 --reward-mode objective --objectives tardiness_sq --lambda-late 1.0 --lambda-energy 1.0 --power-model linear --difficulty off_tf05 --timesteps 100000 --save-tag tune_off_tf05_o4nfm_a2c_t15 --n-envs 4 --vec-backend subproc --seed 0 --algo a2c --markov-obs --work-conserving --repair-placement --learning-rate 0.000256476 --rollout-size 80 --gamma 0.999 --gae-lambda 1 --ent-coef 0.000295913"}}
{"op_code":7,"worker_id":"170e4f07-e691-4310-a3bc-ee13ba80c6c2-1088","trial_id":15,"step":25000,"intermediate_value":183572.2}
{"op_code":6,"worker_id":"170e4f07-e691-4310-a3bc-ee13ba80c6c2-1088","trial_id":15,"state":2,"values":[183572.2],"datetime_complete":"2026-10-06T13:26:38.960540"}
{"op_code":4,"worker_id":"170e4f07-e691-4310-a3bc-ee13ba80c6c2-1088","study_id":0,"datetime_start":"2026-10-06T13:26:39.346706"}
{"op_code":5,"worker_id":"170e4f07-e691-4310-a3bc-ee13ba80c6c2-1088","trial_id":16,"param_name":"learning-rate","param_value_internal":0.00035649684235877993,"distribution":"{\"name\": \"FloatDistribution\", \"attributes\": {\"step\": null, \"low\": 0.0001, \"high\": 0.003, \"log\": true}}"}
{"op_code":5,"worker_id":"170e4f07-e691-4310-a3bc-ee13ba80c6c2-1088","trial_id":16,"param_name":"rollout-size","param_value_internal":1,"distribution":"{\"name\": \"CategoricalDistribution\", \"attributes\": {\"choices\": [20, 80, 320]}}"}
{"op_code":5,"worker_id":"170e4f07-e691-4310-a3bc-ee13ba80c6c2-1088","trial_id":16,"param_name":"gamma","param_value_internal":1,"distribution":"{\"name\": \"CategoricalDistribution\", \"attributes\": {\"choices\": [0.99, 0.995, 0.999]}}"}
{"op_code":5,"worker_id":"170e4f07-e691-4310-a3bc-ee13ba80c6c2-1088","trial_id":16,"param_name":"gae-lambda","param_value_internal":2,"distribution":"{\"name\": \"CategoricalDistribution\", \"attributes\": {\"choices\": [0.9, 0.95, 1.0]}}"}
{"op_code":5,"worker_id":"170e4f07-e691-4310-a3bc-ee13ba80c6c2-1088","trial_id":16,"param_name":"ent-coef","param_value_internal":0.0002313130946259678,"distribution":"{\"name\": \"FloatDistribution\", \"attributes\": {\"step\": null, \"low\": 0.0001, \"high\": 0.03, \"log\": true}}"}
{"op_code":8,"worker_id":"170e4f07-e691-4310-a3bc-ee13ba80c6c2-1088","trial_id":16,"user_attr":{"train_argv":"--option 4 --reward-mode objective --objectives tardiness_sq --lambda-late 1.0 --lambda-energy 1.0 --power-model linear --difficulty off_tf05 --timesteps 100000 --save-tag tune_off_tf05_o4nfm_a2c_t16 --n-envs 4 --vec-backend subproc --seed 0 --algo a2c --markov-obs --work-conserving --repair-placement --learning-rate 0.000356497 --rollout-size 80 --gamma 0.995 --gae-lambda 1 --ent-coef 0.000231313"}}
{"op_code":7,"worker_id":"170e4f07-e691-4310-a3bc-ee13ba80c6c2-1088","trial_id":16,"step":25000,"intermediate_value":170627.6}
{"op_code":7,"worker_id":"170e4f07-e691-4310-a3bc-ee13ba80c6c2-1088","trial_id":16,"step":50000,"intermediate_value":129682.8}
{"op_code":0,"worker_id":"ea243f95-bb76-4f30-a535-59d73e20e53b-4620","study_name":"off_tf05_o4nfm_a2c","directions":[1]}
{"op_code":6,"worker_id":"170e4f07-e691-4310-a3bc-ee13ba80c6c2-1088","trial_id":16,"state":2,"values":[129682.8],"datetime_complete":"2026-10-06T13:27:38.414136"}
{"op_code":4,"worker_id":"170e4f07-e691-4310-a3bc-ee13ba80c6c2-1088","study_id":0,"datetime_start":"2026-10-06T13:27:38.675017"}
{"op_code":5,"worker_id":"170e4f07-e691-4310-a3bc-ee13ba80c6c2-1088","trial_id":17,"param_name":"learning-rate","param_value_internal":0.001070887733344957,"distribution":"{\"name\": \"FloatDistribution\", \"attributes\": {\"step\": null, \"low\": 0.0001, \"high\": 0.003, \"log\": true}}"}
{"op_code":5,"worker_id":"170e4f07-e691-4310-a3bc-ee13ba80c6c2-1088","trial_id":17,"param_name":"rollout-size","param_value_internal":2,"distribution":"{\"name\": \"CategoricalDistribution\", \"attributes\": {\"choices\": [20, 80, 320]}}"}
{"op_code":5,"worker_id":"170e4f07-e691-4310-a3bc-ee13ba80c6c2-1088","trial_id":17,"param_name":"gamma","param_value_internal":2,"distribution":"{\"name\": \"CategoricalDistribution\", \"attributes\": {\"choices\": [0.99, 0.995, 0.999]}}"}
{"op_code":5,"worker_id":"170e4f07-e691-4310-a3bc-ee13ba80c6c2-1088","trial_id":17,"param_name":"gae-lambda","param_value_internal":2,"distribution":"{\"name\": \"CategoricalDistribution\", \"attributes\": {\"choices\": [0.9, 0.95, 1.0]}}"}
{"op_code":5,"worker_id":"170e4f07-e691-4310-a3bc-ee13ba80c6c2-1088","trial_id":17,"param_name":"ent-coef","param_value_internal":0.00010503230739887405,"distribution":"{\"name\": \"FloatDistribution\", \"attributes\": {\"step\": null, \"low\": 0.0001, \"high\": 0.03, \"log\": true}}"}
{"op_code":8,"worker_id":"170e4f07-e691-4310-a3bc-ee13ba80c6c2-1088","trial_id":17,"user_attr":{"train_argv":"--option 4 --reward-mode objective --objectives tardiness_sq --lambda-late 1.0 --lambda-energy 1.0 --power-model linear --difficulty off_tf05 --timesteps 100000 --save-tag tune_off_tf05_o4nfm_a2c_t17 --n-envs 4 --vec-backend subproc --seed 0 --algo a2c --markov-obs --work-conserving --repair-placement --learning-rate 0.00107089 --rollout-size 320 --gamma 0.999 --gae-lambda 1 --ent-coef 0.000105032"}}
{"op_code":7,"worker_id":"170e4f07-e691-4310-a3bc-ee13ba80c6c2-1088","trial_id":17,"step":25000,"intermediate_value":202178.8}
{"op_code":6,"worker_id":"170e4f07-e691-4310-a3bc-ee13ba80c6c2-1088","trial_id":17,"state":2,"values":[202178.8],"datetime_complete":"2026-10-06T13:28:11.768545"}
{"op_code":4,"worker_id":"170e4f07-e691-4310-a3bc-ee13ba80c6c2-1088","study_id":0,"datetime_start":"2026-10-06T13:28:12.093814"}
{"op_code":5,"worker_id":"170e4f07-e691-4310-a3bc-ee13ba80c6c2-1088","trial_id":18,"param_name":"learning-rate","param_value_internal":0.00022232269034490361,"distribution":"{\"name\": \"FloatDistribution\", \"attributes\": {\"step\": null, \"low\": 0.0001, \"high\": 0.003, \"log\": true}}"}
{"op_code":5,"worker_id":"170e4f07-e691-4310-a3bc-ee13ba80c6c2-1088","trial_id":18,"param_name":"rollout-size","param_value_internal":1,"distribution":"{\"name\": \"CategoricalDistribution\", \"attributes\": {\"choices\": [20, 80, 320]}}"}
{"op_code":5,"worker_id":"170e4f07-e691-4310-a3bc-ee13ba80c6c2-1088","trial_id":18,"param_name":"gamma","param_value_internal":1,"distribution":"{\"name\": \"CategoricalDistribution\", \"attributes\": {\"choices\": [0.99, 0.995, 0.999]}}"}
{"op_code":5,"worker_id":"170e4f07-e691-4310-a3bc-ee13ba80c6c2-1088","trial_id":18,"param_name":"gae-lambda","param_value_internal":2,"distribution":"{\"name\": \"CategoricalDistribution\", \"attributes\": {\"choices\": [0.9, 0.95, 1.0]}}"}
{"op_code":5,"worker_id":"170e4f07-e691-4310-a3bc-ee13ba80c6c2-1088","trial_id":18,"param_name":"ent-coef","param_value_internal":0.0005473837070925657,"distribution":"{\"name\": \"FloatDistribution\", \"attributes\": {\"step\": null, \"low\": 0.0001, \"high\": 0.03, \"log\": true}}"}
{"op_code":8,"worker_id":"170e4f07-e691-4310-a3bc-ee13ba80c6c2-1088","trial_id":18,"user_attr":{"train_argv":"--option 4 --reward-mode objective --objectives tardiness_sq --lambda-late 1.0 --lambda-energy 1.0 --power-model linear --difficulty off_tf05 --timesteps 100000 --save-tag tune_off_tf05_o4nfm_a2c_t18 --n-envs 4 --vec-backend subproc --seed 0 --algo a2c --markov-obs --work-conserving --repair-placement --learning-rate 0.000222323 --rollout-size 80 --gamma 0.995 --gae-lambda 1 --ent-coef 0.000547384"}}
{"op_code":7,"worker_id":"170e4f07-e691-4310-a3bc-ee13ba80c6c2-1088","trial_id":18,"step":25000,"intermediate_value":177782.2}
{"op_code":7,"worker_id":"170e4f07-e691-4310-a3bc-ee13ba80c6c2-1088","trial_id":18,"step":50000,"intermediate_value":90817.2}
{"op_code":7,"worker_id":"170e4f07-e691-4310-a3bc-ee13ba80c6c2-1088","trial_id":18,"step":75000,"intermediate_value":90063.8}
{"op_code":6,"worker_id":"170e4f07-e691-4310-a3bc-ee13ba80c6c2-1088","trial_id":18,"state":1,"values":[90037.4],"datetime_complete":"2026-10-06T13:30:06.178288"}
{"op_code":4,"worker_id":"170e4f07-e691-4310-a3bc-ee13ba80c6c2-1088","study_id":0,"datetime_start":"2026-10-06T13:30:06.499005"}
{"op_code":5,"worker_id":"170e4f07-e691-4310-a3bc-ee13ba80c6c2-1088","trial_id":19,"param_name":"learning-rate","param_value_internal":0.0003964275089823835,"distribution":"{\"name\": \"FloatDistribution\", \"attributes\": {\"step\": null, \"low\": 0.0001, \"high\": 0.003, \"log\": true}}"}
{"op_code":5,"worker_id":"170e4f07-e691-4310-a3bc-ee13ba80c6c2-1088","trial_id":19,"param_name":"rollout-size","param_value_internal":1,"distribution":"{\"name\": \"CategoricalDistribution\", \"attributes\": {\"choices\": [20, 80, 320]}}"}
{"op_code":5,"worker_id":"170e4f07-e691-4310-a3bc-ee13ba80c6c2-1088","trial_id":19,"param_name":"gamma","param_value_internal":0,"distribution":"{\"name\": \"CategoricalDistribution\", \"attributes\": {\"choices\": [0.99, 0.995, 0.999]}}"}
{"op_code":5,"worker_id":"170e4f07-e691-4310-a3bc-ee13ba80c6c2-1088","trial_id":19,"param_name":"gae-lambda","param_value_internal":0,"distribution":"{\"name\": \"CategoricalDistribution\", \"attributes\": {\"choices\": [0.9, 0.95, 1.0]}}"}
{"op_code":5,"worker_id":"170e4f07-e691-4310-a3bc-ee13ba80c6c2-1088","trial_id":19,"param_name":"ent-coef","param_value_internal":0.00020995417190694982,"distribution":"{\"name\": \"FloatDistribution\", \"attributes\": {\"step\": null, \"low\": 0.0001, \"high\": 0.03, \"log\": true}}"}
{"op_code":8,"worker_id":"170e4f07-e691-4310-a3bc-ee13ba80c6c2-1088","trial_id":19,"user_attr":{"train_argv":"--option 4 --reward-mode objective --objectives tardiness_sq --lambda-late 1.0 --lambda-energy 1.0 --power-model linear --difficulty off_tf05 --timesteps 100000 --save-tag tune_off_tf05_o4nfm_a2c_t19 --n-envs 4 --vec-backend subproc --seed 0 --algo a2c --markov-obs --work-conserving --repair-placement --learning-rate 0.000396428 --rollout-size 80 --gamma 0.99 --gae-lambda 0.9 --ent-coef 0.000209954"}}
{"op_code":7,"worker_id":"170e4f07-e691-4310-a3bc-ee13ba80c6c2-1088","trial_id":19,"step":25000,"intermediate_value":190526.8}
{"op_code":6,"worker_id":"170e4f07-e691-4310-a3bc-ee13ba80c6c2-1088","trial_id":19,"state":2,"values":[190526.8],"datetime_complete":"2026-10-06T13:30:38.555777"}
{"op_code":0,"worker_id":"b68f1e63-fc08-480c-ba5c-b8fcd3102bac-17656","study_name":"off_tf05_o4nfm_a2c","directions":[1]}
{"op_code":0,"worker_id":"ea13c9c3-1697-48f5-8bf3-1abf9f1d5b33-34348","study_name":"off_tf05_o4nfm_a2c","directions":[1]}
{"op_code":0,"worker_id":"1c5da8dc-2ba6-47a7-ab69-69d36b88d718-4492","study_name":"off_tf05_o4nfm_a2c","directions":[1]}
