{"op_code":0,"worker_id":"a7ba934f-16f4-4798-bf71-a65422a36032-40312","study_name":"off_tf05_o2mlubrze_a2c","directions":[1]}
{"op_code":4,"worker_id":"a7ba934f-16f4-4798-bf71-a65422a36032-40312","study_id":0,"datetime_start":null,"state":4,"value":null,"values":null,"distributions":{},"params":{},"user_attrs":{"defaults":true},"system_attrs":{"fixed_params":{}},"intermediate_values":{}}
{"op_code":6,"worker_id":"a7ba934f-16f4-4798-bf71-a65422a36032-40312","trial_id":0,"state":0,"values":null,"datetime_start":"2026-10-09T02:35:58.906939"}
{"op_code":8,"worker_id":"a7ba934f-16f4-4798-bf71-a65422a36032-40312","trial_id":0,"user_attr":{"train_argv":"--option 2 --reward-mode objective --objectives tardiness_sq --lambda-late 1.0 --lambda-energy 1.0 --power-model linear --difficulty off_tf05 --timesteps 300000 --save-tag tune_off_tf05_o2mlubrze_a2c_t0 --n-envs 4 --vec-backend subproc --seed 0 --algo a2c --markov-obs --lookahead --fixed-scaling --critic-arrivals --lateness-shaping --normalize-reward --event-idle"}}
{"op_code":7,"worker_id":"a7ba934f-16f4-4798-bf71-a65422a36032-40312","trial_id":0,"step":75000,"intermediate_value":33870.8}
{"op_code":7,"worker_id":"a7ba934f-16f4-4798-bf71-a65422a36032-40312","trial_id":0,"step":150000,"intermediate_value":28829.2}
{"op_code":7,"worker_id":"a7ba934f-16f4-4798-bf71-a65422a36032-40312","trial_id":0,"step":225000,"intermediate_value":26127.8}
{"op_code":6,"worker_id":"a7ba934f-16f4-4798-bf71-a65422a36032-40312","trial_id":0,"state":1,"values":[34630.55],"datetime_complete":"2026-10-09T02:42:09.346035"}
{"op_code":4,"worker_id":"a7ba934f-16f4-4798-bf71-a65422a36032-40312","study_id":0,"datetime_start":"2026-10-09T02:42:09.536670"}
{"op_code":5,"worker_id":"a7ba934f-16f4-4798-bf71-a65422a36032-40312","trial_id":1,"param_name":"learning-rate","param_value_internal":0.0006466422717414558,"distribution":"{\"name\": \"FloatDistribution\", \"attributes\": {\"step\": null, \"low\": 0.0001, \"high\": 0.003, \"log\": true}}"}
{"op_code":5,"worker_id":"a7ba934f-16f4-4798-bf71-a65422a36032-40312","trial_id":1,"param_name":"rollout-size","param_value_internal":0,"distribution":"{\"name\": \"CategoricalDistribution\", \"attributes\": {\"choices\": [20, 80, 320]}}"}
{"op_code":5,"worker_id":"a7ba934f-16f4-4798-bf71-a65422a36032-40312","trial_id":1,"param_name":"gamma","param_value_internal":1,"distribution":"{\"name\": \"CategoricalDistribution\", \"attributes\": {\"choices\": [0.99, 0.995, 0.999]}}"}
{"op_code":5,"worker_id":"a7ba934f-16f4-4798-bf71-a65422a36032-40312","trial_id":1,"param_name":"gae-lambda","param_value_internal":1,"distribution":"{\"name\": \"CategoricalDistribution\", \"attributes\": {\"choices\": [0.9, 0.95, 1.0]}}"}
{"op_code":5,"worker_id":"a7ba934f-16f4-4798-bf71-a65422a36032-40312","trial_id":1,"param_name":"ent-coef","param_value_internal":0.009145320282946534,"distribution":"{\"name\": \"FloatDistribution\", \"attributes\": {\"step\": null, \"low\": 0.0001, \"high\": 0.03, \"log\": true}}"}
{"op_code":8,"worker_id":"a7ba934f-16f4-4798-bf71-a65422a36032-40312","trial_id":1,"user_attr":{"train_argv":"--option 2 --reward-mode objective --objectives tardiness_sq --lambda-late 1.0 --lambda-energy 1.0 --power-model linear --difficulty off_tf05 --timesteps 300000 --save-tag tune_off_tf05_o2mlubrze_a2c_t1 --n-envs 4 --vec-backend subproc --seed 0 --algo a2c --markov-obs --lookahead --fixed-scaling --critic-arrivals --lateness-shaping --normalize-reward --event-idle --learning-rate 0.000646642 --rollout-size 20 --gamma 0.995 --gae-lambda 0.95 --ent-coef 0.00914532"}}
{"op_code":7,"worker_id":"a7ba934f-16f4-4798-bf71-a65422a36032-40312","trial_id":1,"step":75000,"intermediate_value":40580.4}
{"op_code":7,"worker_id":"a7ba934f-16f4-4798-bf71-a65422a36032-40312","trial_id":1,"step":150000,"intermediate_value":45179.6}
{"op_code":7,"worker_id":"a7ba934f-16f4-4798-bf71-a65422a36032-40312","trial_id":1,"step":225000,"intermediate_value":36376.2}
{"op_code":6,"worker_id":"a7ba934f-16f4-4798-bf71-a65422a36032-40312","trial_id":1,"state":1,"values":[39058.45],"datetime_complete":"2026-10-09T02:48:10.305608"}
{"op_code":4,"worker_id":"a7ba934f-16f4-4798-bf71-a65422a36032-40312","study_id":0,"datetime_start":"2026-10-09T02:48:10.502817"}
{"op_code":5,"worker_id":"a7ba934f-16f4-4798-bf71-a65422a36032-40312","trial_id":2,"param_name":"learning-rate","param_value_internal":0.0006042851578845063,"distribution":"{\"name\": \"FloatDistribution\", \"attributes\": {\"step\": null, \"low\": 0.0001, \"high\": 0.003, \"log\": true}}"}
{"op_code":5,"worker_id":"a7ba934f-16f4-4798-bf71-a65422a36032-40312","trial_id":2,"param_name":"rollout-size","param_value_internal":1,"distribution":"{\"name\": \"CategoricalDistribution\", \"attributes\": {\"choices\": [20, 80, 320]}}"}
{"op_code":5,"worker_id":"a7ba934f-16f4-4798-bf71-a65422a36032-40312","trial_id":2,"param_name":"gamma","param_value_internal":2,"distribution":"{\"name\": \"CategoricalDistribution\", \"attributes\": {\"choices\": [0.99, 0.995, 0.999]}}"}
{"op_code":5,"worker_id":"a7ba934f-16f4-4798-bf71-a65422a36032-40312","trial_id":2,"param_name":"gae-lambda","param_value_internal":2,"distribution":"{\"name\": \"CategoricalDistribution\", \"attributes\": {\"choices\": [0.9, 0.95, 1.0]}}"}
{"op_code":5,"worker_id":"a7ba934f-16f4-4798-bf71-a65422a36032-40312","trial_id":2,"param_name":"ent-coef","param_value_internal":0.009541412354586892,"distribution":"{\"name\": \"FloatDistribution\", \"attributes\": {\"step\": null, \"low\": 0.0001, \"high\": 0.03, \"log\": true}}"}
{"op_code":8,"worker_id":"a7ba934f-16f4-4798-bf71-a65422a36032-40312","trial_id":2,"user_attr":{"train_argv":"--option 2 --reward-mode objective --objectives tardiness_sq --lambda-late 1.0 --lambda-energy 1.0 --power-model linear --difficulty off_tf05 --timesteps 300000 --save-tag tune_off_tf05_o2mlubrze_a2c_t2 --n-envs 4 --vec-backend subproc --seed 0 --algo a2c --markov-obs --lookahead --fixed-scaling --critic-arrivals --lateness-shaping --normalize-reward --event-idle --learning-rate 0.000604285 --rollout-size 80 --gamma 0.999 --gae-lambda 1 --ent-coef 0.00954141"}}
{"op_code":7,"worker_id":"a7ba934f-16f4-4798-bf71-a65422a36032-40312","trial_id":2,"step":75000,"intermediate_value":39836.2}
{"op_code":7,"worker_id":"a7ba934f-16f4-4798-bf71-a65422a36032-40312","trial_id":2,"step":150000,"intermediate_value":47559.0}
{"op_code":7,"worker_id":"a7ba934f-16f4-4798-bf71-a65422a36032-40312","trial_id":2,"step":225000,"intermediate_value":37393.4}
{"op_code":6,"worker_id":"a7ba934f-16f4-4798-bf71-a65422a36032-40312","trial_id":2,"state":1,"values":[47340.8],"datetime_complete":"2026-10-09T02:52:53.165432"}
{"op_code":4,"worker_id":"a7ba934f-16f4-4798-bf71-a65422a36032-40312","study_id":0,"datetime_start":"2026-10-09T02:52:53.354659"}
{"op_code":5,"worker_id":"a7ba934f-16f4-4798-bf71-a65422a36032-40312","trial_id":3,"param_name":"learning-rate","param_value_internal":0.0004804641349751479,"distribution":"{\"name\": \"FloatDistribution\", \"attributes\": {\"step\": null, \"low\": 0.0001, \"high\": 0.003, \"log\": true}}"}
{"op_code":5,"worker_id":"a7ba934f-16f4-4798-bf71-a65422a36032-40312","trial_id":3,"param_name":"rollout-size","param_value_internal":0,"distribution":"{\"name\": \"CategoricalDistribution\", \"attributes\": {\"choices\": [20, 80, 320]}}"}
{"op_code":5,"worker_id":"a7ba934f-16f4-4798-bf71-a65422a36032-40312","trial_id":3,"param_name":"gamma","param_value_internal":1,"distribution":"{\"name\": \"CategoricalDistribution\", \"attributes\": {\"choices\": [0.99, 0.995, 0.999]}}"}
{"op_code":5,"worker_id":"a7ba934f-16f4-4798-bf71-a65422a36032-40312","trial_id":3,"param_name":"gae-lambda","param_value_internal":2,"distribution":"{\"name\": \"CategoricalDistribution\", \"attributes\": {\"choices\": [0.9, 0.95, 1.0]}}"}
{"op_code":5,"worker_id":"a7ba934f-16f4-4798-bf71-a65422a36032-40312","trial_id":3,"param_name":"ent-coef","param_value_internal":0.001348775545730254,"distribution":"{\"name\": \"FloatDistribution\", \"attributes\": {\"step\": null, \"low\": 0.0001, \"high\": 0.03, \"log\": true}}"}
{"op_code":8,"worker_id":"a7ba934f-16f4-4798-bf71-a65422a36032-40312","trial_id":3,"user_attr":{"train_argv":"--option 2 --reward-mode objective --objectives tardiness_sq --lambda-late 1.0 --lambda-energy 1.0 --power-model linear --difficulty off_tf05 --timesteps 300000 --save-tag tune_off_tf05_o2mlubrze_a2c_t3 --n-envs 4 --vec-backend subproc --seed 0 --algo a2c --markov-obs --lookahead --fixed-scaling --critic-arrivals --lateness-shaping --normalize-reward --event-idle --learning-rate 0.000480464 --rollout-size 20 --gamma 0.995 --gae-lambda 1 --ent-coef 0.00134878"}}
{"op_code":7,"worker_id":"a7ba934f-16f4-4798-bf71-a65422a36032-40312","trial_id":3,"step":75000,"intermediate_value":35546.6}
{"op_code":7,"worker_id":"a7ba934f-16f4-4798-bf71-a65422a36032-40312","trial_id":3,"step":150000,"intermediate_value":34031.2}
{"op_code":7,"worker_id":"a7ba934f-16f4-4798-bf71-a65422a36032-40312","trial_id":3,"step":225000,"intermediate_value":30357.2}
{"op_code":6,"worker_id":"a7ba934f-16f4-4798-bf71-a65422a36032-40312","trial_id":3,"state":1,"values":[33700.35],"datetime_complete":"2026-10-09T02:58:50.666910"}
{"op_code":4,"worker_id":"a7ba934f-16f4-4798-bf71-a65422a36032-40312","study_id":0,"datetime_start":"2026-10-09T02:58:50.834882"}
{"op_code":5,"worker_id":"a7ba934f-16f4-4798-bf71-a65422a36032-40312","trial_id":4,"param_name":"learning-rate","param_value_internal":0.0006912670683424538,"distribution":"{\"name\": \"FloatDistribution\", \"attributes\": {\"step\": null, \"low\": 0.0001, \"high\": 0.003, \"log\": true}}"}
{"op_code":5,"worker_id":"a7ba934f-16f4-4798-bf71-a65422a36032-40312","trial_id":4,"param_name":"rollout-size","param_value_internal":1,"distribution":"{\"name\": \"CategoricalDistribution\", \"attributes\": {\"choices\": [20, 80, 320]}}"}
{"op_code":5,"worker_id":"a7ba934f-16f4-4798-bf71-a65422a36032-40312","trial_id":4,"param_name":"gamma","param_value_internal":1,"distribution":"{\"name\": \"CategoricalDistribution\", \"attributes\": {\"choices\": [0.99, 0.995, 0.999]}}"}
{"op_code":5,"worker_id":"a7ba934f-16f4-4798-bf71-a65422a36032-40312","trial_id":4,"param_name":"gae-lambda","param_value_internal":2,"distribution":"{\"name\": \"CategoricalDistribution\", \"attributes\": {\"choices\": [0.9, 0.95, 1.0]}}"}
{"op_code":5,"worker_id":"a7ba934f-16f4-4798-bf71-a65422a36032-40312","trial_id":4,"param_name":"ent-coef","param_value_internal":0.00014098918363046996,"distribution":"{\"name\": \"FloatDistribution\", \"attributes\": {\"step\": null, \"low\": 0.0001, \"high\": 0.03, \"log\": true}}"}
{"op_code":8,"worker_id":"a7ba934f-16f4-4798-bf71-a65422a36032-40312","trial_id":4,"user_attr":{"train_argv":"--option 2 --reward-mode objective --objectives tardiness_sq --lambda-late 1.0 --lambda-energy 1.0 --power-model linear --difficulty off_tf05 --timesteps 300000 --save-tag tune_off_tf05_o2mlubrze_a2c_t4 --n-envs 4 --vec-backend subproc --seed 0 --algo a2c --markov-obs --lookahead --fixed-scaling --critic-arrivals --lateness-shaping --normalize-reward --event-idle --learning-rate 0.000691267 --rollout-size 80 --gamma 0.995 --gae-lambda 1 --ent-coef 0.000140989"}}
{"op_code":7,"worker_id":"a7ba934f-16f4-4798-bf71-a65422a36032-40312","trial_id":4,"step":75000,"intermediate_value":38721.0}
{"op_code":7,"worker_id":"a7ba934f-16f4-4798-bf71-a65422a36032-40312","trial_id":4,"step":150000,"intermediate_value":31615.2}
{"op_code":7,"worker_id":"a7ba934f-16f4-4798-bf71-a65422a36032-40312","trial_id":4,"step":225000,"intermediate_value":30981.4}
{"op_code":6,"worker_id":"a7ba934f-16f4-4798-bf71-a65422a36032-40312","trial_id":4,"state":1,"values":[27038.4],"datetime_complete":"2026-10-09T03:03:42.438513"}
{"op_code":4,"worker_id":"a7ba934f-16f4-4798-bf71-a65422a36032-40312","study_id":0,"datetime_start":"2026-10-09T03:03:42.612235"}
{"op_code":5,"worker_id":"a7ba934f-16f4-4798-bf71-a65422a36032-40312","trial_id":5,"param_name":"learning-rate","param_value_internal":0.0009658179826892162,"distribution":"{\"name\": \"FloatDistribution\", \"attributes\": {\"step\": null, \"low\": 0.0001, \"high\": 0.003, \"log\": true}}"}
{"op_code":5,"worker_id":"a7ba934f-16f4-4798-bf71-a65422a36032-40312","trial_id":5,"param_name":"rollout-size","param_value_internal":0,"distribution":"{\"name\": \"CategoricalDistribution\", \"attributes\": {\"choices\": [20, 80, 320]}}"}
{"op_code":5,"worker_id":"a7ba934f-16f4-4798-bf71-a65422a36032-40312","trial_id":5,"param_name":"gamma","param_value_internal":2,"distribution":"{\"name\": \"CategoricalDistribution\", \"attributes\": {\"choices\": [0.99, 0.995, 0.999]}}"}
{"op_code":5,"worker_id":"a7ba934f-16f4-4798-bf71-a65422a36032-40312","trial_id":5,"param_name":"gae-lambda","param_value_internal":1,"distribution":"{\"name\": \"CategoricalDistribution\", \"attributes\": {\"choices\": [0.9, 0.95, 1.0]}}"}
{"op_code":5,"worker_id":"a7ba934f-16f4-4798-bf71-a65422a36032-40312","trial_id":5,"param_name":"ent-coef","param_value_internal":0.00032916454639831516,"distribution":"{\"name\": \"FloatDistribution\", \"attributes\": {\"step\": null, \"low\": 0.0001, \"high\": 0.03, \"log\": true}}"}
{"op_code":8,"worker_id":"a7ba934f-16f4-4798-bf71-a65422a36032-40312","trial_id":5,"user_attr":{"train_argv":"--option 2 --reward-mode objective --objectives tardiness_sq --lambda-late 1.0 --lambda-energy 1.0 --power-model linear --difficulty off_tf05 --timesteps 300000 --save-tag tune_off_tf05_o2mlubrze_a2c_t5 --n-envs 4 --vec-backend subproc --seed 0 --algo a2c --markov-obs --lookahead --fixed-scaling --critic-arrivals --lateness-shaping --normalize-reward --event-idle --learning-rate 0.000965818 --rollout-size 20 --gamma 0.999 --gae-lambda 0.95 --ent-coef 0.000329165"}}
{"op_code":7,"worker_id":"a7ba934f-16f4-4798-bf71-a65422a36032-40312","trial_id":5,"step":75000,"intermediate_value":84888.2}
{"op_code":6,"worker_id":"a7ba934f-16f4-4798-bf71-a65422a36032-40312","trial_id":5,"state":2,"values":[84888.2],"datetime_complete":"2026-10-09T03:05:16.764512"}
{"op_code":4,"worker_id":"a7ba934f-16f4-4798-bf71-a65422a36032-40312","study_id":0,"datetime_start":"2026-10-09T03:05:16.950811"}
{"op_code":5,"worker_id":"a7ba934f-16f4-4798-bf71-a65422a36032-40312","trial_id":6,"param_name":"learning-rate","param_value_internal":0.00017309069329908935,"distribution":"{\"name\": \"FloatDistribution\", \"attributes\": {\"step\": null, \"low\": 0.0001, \"high\": 0.003, \"log\": true}}"}
{"op_code":5,"worker_id":"a7ba934f-16f4-4798-bf71-a65422a36032-40312","trial_id":6,"param_name":"rollout-size","param_value_internal":0,"distribution":"{\"name\": \"CategoricalDistribution\", \"attributes\": {\"choices\": [20, 80, 320]}}"}
{"op_code":5,"worker_id":"a7ba934f-16f4-4798-bf71-a65422a36032-40312","trial_id":6,"param_name":"gamma","param_value_internal":0,"distribution":"{\"name\": \"CategoricalDistribution\", \"attributes\": {\"choices\": [0.99, 0.995, 0.999]}}"}
{"op_code":5,"worker_id":"a7ba934f-16f4-4798-bf71-a65422a36032-40312","trial_id":6,"param_name":"gae-lambda","param_value_internal":0,"distribution":"{\"name\": \"CategoricalDistribution\", \"attributes\": {\"choices\": [0.9, 0.95, 1.0]}}"}
{"op_code":5,"worker_id":"a7ba934f-16f4-4798-bf71-a65422a36032-40312","trial_id":6,"param_name":"ent-coef","param_value_internal":0.0008191755047162099,"distribution":"{\"name\": \"FloatDistribution\", \"attributes\": {\"step\": null, \"low\": 0.0001, \"high\": 0.03, \"log\": true}}"}
{"op_code":8,"worker_id":"a7ba934f-16f4-4798-bf71-a65422a36032-40312","trial_id":6,"user_attr":{"train_argv":"--option 2 --reward-mode objective --objectives tardiness_sq --lambda-late 1.0 --lambda-energy 1.0 --power-model linear --difficulty off_tf05 --timesteps 300000 --save-tag tune_off_tf05_o2mlubrze_a2c_t6 --n-envs 4 --vec-backend subproc --seed 0 --algo a2c --markov-obs --lookahead --fixed-scaling --critic-arrivals --lateness-shaping --normalize-reward --event-idle --learning-rate 0.000173091 --rollout-size 20 --gamma 0.99 --gae-lambda 0.9 --ent-coef 0.000819176"}}
{"op_code":7,"worker_id":"a7ba934f-16f4-4798-bf71-a65422a36032-40312","trial_id":6,"step":75000,"intermediate_value":42130.2}
{"op_code":6,"worker_id":"a7ba934f-16f4-4798-bf71-a65422a36032-40312","trial_id":6,"state":2,"values":[42130.2],"datetime_complete":"2026-10-09T03:06:51.775809"}
{"op_code":4,"worker_id":"a7ba934f-16f4-4798-bf71-a65422a36032-40312","study_id":0,"datetime_start":"2026-10-09T03:06:51.982108"}
{"op_code":5,"worker_id":"a7ba934f-16f4-4798-bf71-a65422a36032-40312","trial_id":7,"param_name":"learning-rate","param_value_internal":0.0016319488770709706,"distribution":"{\"name\": \"FloatDistribution\", \"attributes\": {\"step\": null, \"low\": 0.0001, \"high\": 0.003, \"log\": true}}"}
{"op_code":5,"worker_id":"a7ba934f-16f4-4798-bf71-a65422a36032-40312","trial_id":7,"param_name":"rollout-size","param_value_internal":1,"distribution":"{\"name\": \"CategoricalDistribution\", \"attributes\": {\"choices\": [20, 80, 320]}}"}
{"op_code":5,"worker_id":"a7ba934f-16f4-4798-bf71-a65422a36032-40312","trial_id":7,"param_name":"gamma","param_value_internal":2,"distribution":"{\"name\": \"CategoricalDistribution\", \"attributes\": {\"choices\": [0.99, 0.995, 0.999]}}"}
{"op_code":5,"worker_id":"a7ba934f-16f4-4798-bf71-a65422a36032-40312","trial_id":7,"param_name":"gae-lambda","param_value_internal":1,"distribution":"{\"name\": \"CategoricalDistribution\", \"attributes\": {\"choices\": [0.9, 0.95, 1.0]}}"}
{"op_code":5,"worker_id":"a7ba934f-16f4-4798-bf71-a65422a36032-40312","trial_id":7,"param_name":"ent-coef","param_value_internal":0.000501819043124292,"distribution":"{\"name\": \"FloatDistribution\", \"attributes\": {\"step\": null, \"low\": 0.0001, \"high\": 0.03, \"log\": true}}"}
{"op_code":8,"worker_id":"a7ba934f-16f4-4798-bf71-a65422a36032-40312","trial_id":7,"user_attr":{"train_argv":"--option 2 --reward-mode objective --objectives tardiness_sq --lambda-late 1.0 --lambda-energy 1.0 --power-model linear --difficulty off_tf05 --timesteps 300000 --save-tag tune_off_tf05_o2mlubrze_a2c_t7 --n-envs 4 --vec-backend subproc --seed 0 --algo a2c --markov-obs --lookahead --fixed-scaling --critic-arrivals --lateness-shaping --normalize-reward --event-idle --learning-rate 0.00163195 --rollout-size 80 --gamma 0.999 --gae-lambda 0.95 --ent-coef 0.000501819"}}
{"op_code":7,"worker_id":"a7ba934f-16f4-4798-bf71-a65422a36032-40312","trial_id":7,"step":75000,"intermediate_value":33693.8}
{"op_code":7,"worker_id":"a7ba934f-16f4-4798-bf71-a65422a36032-40312","trial_id":7,"step":150000,"intermediate_value":30722.2}
{"op_code":7,"worker_id":"a7ba934f-16f4-4798-bf71-a65422a36032-40312","trial_id":7,"step":225000,"intermediate_value":34814.8}
{"op_code":6,"worker_id":"a7ba934f-16f4-4798-bf71-a65422a36032-40312","trial_id":7,"state":1,"values":[27273.05],"datetime_complete":"2026-10-09T03:11:41.462453"}
{"op_code":4,"worker_id":"a7ba934f-16f4-4798-bf71-a65422a36032-40312","study_id":0,"datetime_start":"2026-10-09T03:11:41.644224"}
{"op_code":5,"worker_id":"a7ba934f-16f4-4798-bf71-a65422a36032-40312","trial_id":8,"param_name":"learning-rate","param_value_internal":0.00015050290935598963,"distribution":"{\"name\": \"FloatDistribution\", \"attributes\": {\"step\": null, \"low\": 0.0001, \"high\": 0.003, \"log\": true}}"}
{"op_code":5,"worker_id":"a7ba934f-16f4-4798-bf71-a65422a36032-40312","trial_id":8,"param_name":"rollout-size","param_value_internal":2,"distribution":"{\"name\": \"CategoricalDistribution\", \"attributes\": {\"choices\": [20, 80, 320]}}"}
{"op_code":5,"worker_id":"a7ba934f-16f4-4798-bf71-a65422a36032-40312","trial_id":8,"param_name":"gamma","param_value_internal":2,"distribution":"{\"name\": \"CategoricalDistribution\", \"attributes\": {\"choices\": [0.99, 0.995, 0.999]}}"}
{"op_code":5,"worker_id":"a7ba934f-16f4-4798-bf71-a65422a36032-40312","trial_id":8,"param_name":"gae-lambda","param_value_internal":0,"distribution":"{\"name\": \"CategoricalDistribution\", \"attributes\": {\"choices\": [0.9, 0.95, 1.0]}}"}
{"op_code":5,"worker_id":"a7ba934f-16f4-4798-bf71-a65422a36032-40312","trial_id":8,"param_name":"ent-coef","param_value_internal":0.00017088424969157387,"distribution":"{\"name\": \"FloatDistribution\", \"attributes\": {\"step\": null, \"low\": 0.0001, \"high\": 0.03, \"log\": true}}"}
{"op_code":8,"worker_id":"a7ba934f-16f4-4798-bf71-a65422a36032-40312","trial_id":8,"user_attr":{"train_argv":"--option 2 --reward-mode objective --objectives tardiness_sq --lambda-late 1.0 --lambda-energy 1.0 --power-model linear --difficulty off_tf05 --timesteps 300000 --save-tag tune_off_tf05_o2mlubrze_a2c_t8 --n-envs 4 --vec-backend subproc --seed 0 --algo a2c --markov-obs --lookahead --fixed-scaling --critic-arrivals --lateness-shaping --normalize-reward --event-idle --learning-rate 0.000150503 --rollout-size 320 --gamma 0.999 --gae-lambda 0.9 --ent-coef 0.000170884"}}
{"op_code":7,"worker_id":"a7ba934f-16f4-4798-bf71-a65422a36032-40312","trial_id":8,"step":75000,"intermediate_value":108143.0}
{"op_code":6,"worker_id":"a7ba934f-16f4-4798-bf71-a65422a36032-40312","trial_id":8,"state":2,"values":[108143.0],"datetime_complete":"2026-10-09T03:12:51.955661"}
{"op_code":4,"worker_id":"a7ba934f-16f4-4798-bf71-a65422a36032-40312","study_id":0,"datetime_start":"2026-10-09T03:12:52.138966"}
{"op_code":5,"worker_id":"a7ba934f-16f4-4798-bf71-a65422a36032-40312","trial_id":9,"param_name":"learning-rate","param_value_internal":0.0007091576793635641,"distribution":"{\"name\": \"FloatDistribution\", \"attributes\": {\"step\": null, \"low\": 0.0001, \"high\": 0.003, \"log\": true}}"}
{"op_code":5,"worker_id":"a7ba934f-16f4-4798-bf71-a65422a36032-40312","trial_id":9,"param_name":"rollout-size","param_value_internal":0,"distribution":"{\"name\": \"CategoricalDistribution\", \"attributes\": {\"choices\": [20, 80, 320]}}"}
{"op_code":5,"worker_id":"a7ba934f-16f4-4798-bf71-a65422a36032-40312","trial_id":9,"param_name":"gamma","param_value_internal":1,"distribution":"{\"name\": \"CategoricalDistribution\", \"attributes\": {\"choices\": [0.99, 0.995, 0.999]}}"}
{"op_code":5,"worker_id":"a7ba934f-16f4-4798-bf71-a65422a36032-40312","trial_id":9,"param_name":"gae-lambda","param_value_internal":1,"distribution":"{\"name\": \"CategoricalDistribution\", \"attributes\": {\"choices\": [0.9, 0.95, 1.0]}}"}
{"op_code":5,"worker_id":"a7ba934f-16f4-4798-bf71-a65422a36032-40312","trial_id":9,"param_name":"ent-coef","param_value_internal":0.011307978270179144,"distribution":"{\"name\": \"FloatDistribution\", \"attributes\": {\"step\": null, \"low\": 0.0001, \"high\": 0.03, \"log\": true}}"}
{"op_code":8,"worker_id":"a7ba934f-16f4-4798-bf71-a65422a36032-40312","trial_id":9,"user_attr":{"train_argv":"--option 2 --reward-mode objective --objectives tardiness_sq --lambda-late 1.0 --lambda-energy 1.0 --power-model linear --difficulty off_tf05 --timesteps 300000 --save-tag tune_off_tf05_o2mlubrze_a2c_t9 --n-envs 4 --vec-backend subproc --seed 0 --algo a2c --markov-obs --lookahead --fixed-scaling --critic-arrivals --lateness-shaping --normalize-reward --event-idle --learning-rate 0.000709158 --rollout-size 20 --gamma 0.995 --gae-lambda 0.95 --ent-coef 0.011308"}}
{"op_code":7,"worker_id":"a7ba934f-16f4-4798-bf71-a65422a36032-40312","trial_id":9,"step":75000,"intermediate_value":37652.2}
{"op_code":6,"worker_id":"a7ba934f-16f4-4798-bf71-a65422a36032-40312","trial_id":9,"state":2,"values":[37652.2],"datetime_complete":"2026-10-09T03:14:24.875461"}
{"op_code":4,"worker_id":"a7ba934f-16f4-4798-bf71-a65422a36032-40312","study_id":0,"datetime_start":"2026-10-09T03:14:25.050342"}
{"op_code":5,"worker_id":"a7ba934f-16f4-4798-bf71-a65422a36032-40312","trial_id":10,"param_name":"learning-rate","param_value_internal":0.0024518098818580836,"distribution":"{\"name\": \"FloatDistribution\", \"attributes\": {\"step\": null, \"low\": 0.0001, \"high\": 0.003, \"log\": true}}"}
{"op_code":5,"worker_id":"a7ba934f-16f4-4798-bf71-a65422a36032-40312","trial_id":10,"param_name":"rollout-size","param_value_internal":1,"distribution":"{\"name\": \"CategoricalDistribution\", \"attributes\": {\"choices\": [20, 80, 320]}}"}
{"op_code":5,"worker_id":"a7ba934f-16f4-4798-bf71-a65422a36032-40312","trial_id":10,"param_name":"gamma","param_value_internal":0,"distribution":"{\"name\": \"CategoricalDistribution\", \"attributes\": {\"choices\": [0.99, 0.995, 0.999]}}"}
{"op_code":5,"worker_id":"a7ba934f-16f4-4798-bf71-a65422a36032-40312","trial_id":10,"param_name":"gae-lambda","param_value_internal":2,"distribution":"{\"name\": \"CategoricalDistribution\", \"attributes\": {\"choices\": [0.9, 0.95, 1.0]}}"}
{"op_code":5,"worker_id":"a7ba934f-16f4-4798-bf71-a65422a36032-40312","trial_id":10,"param_name":"ent-coef","param_value_internal":0.0025412649825898824,"distribution":"{\"name\": \"FloatDistribution\", \"attributes\": {\"step\": null, \"low\": 0.0001, \"high\": 0.03, \"log\": true}}"}
{"op_code":8,"worker_id":"a7ba934f-16f4-4798-bf71-a65422a36032-40312","trial_id":10,"user_attr":{"train_argv":"--option 2 --reward-mode objective --objectives tardiness_sq --lambda-late 1.0 --lambda-energy 1.0 --power-model linear --difficulty off_tf05 --timesteps 300000 --save-tag tune_off_tf05_o2mlubrze_a2c_t10 --n-envs 4 --vec-backend subproc --seed 0 --algo a2c --markov-obs --lookahead --fixed-scaling --critic-arrivals --lateness-shaping --normalize-reward --event-idle --learning-rate 0.00245181 --rollout-size 80 --gamma 0.99 --gae-lambda 1 --ent-coef 0.00254126"}}
{"op_code":7,"worker_id":"a7ba934f-16f4-4798-bf71-a65422a36032-40312","trial_id":10,"step":75000,"intermediate_value":29635.4}
{"op_code":7,"worker_id":"a7ba934f-16f4-4798-bf71-a65422a36032-40312","trial_id":10,"step":150000,"intermediate_value":30224.8}
{"op_code":7,"worker_id":"a7ba934f-16f4-4798-bf71-a65422a36032-40312","trial_id":10,"step":225000,"intermediate_value":28745.8}
{"op_code":6,"worker_id":"a7ba934f-16f4-4798-bf71-a65422a36032-40312","trial_id":10,"state":1,"values":[110860.1],"datetime_complete":"2026-10-09T03:20:58.484206"}
{"op_code":4,"worker_id":"a7ba934f-16f4-4798-bf71-a65422a36032-40312","study_id":0,"datetime_start":"2026-10-09T03:20:58.708725"}
{"op_code":5,"worker_id":"a7ba934f-16f4-4798-bf71-a65422a36032-40312","trial_id":11,"param_name":"learning-rate","param_value_internal":0.0022509654231608776,"distribution":"{\"name\": \"FloatDistribution\", \"attributes\": {\"step\": null, \"low\": 0.0001, \"high\": 0.003, \"log\": true}}"}
{"op_code":5,"worker_id":"a7ba934f-16f4-4798-bf71-a65422a36032-40312","trial_id":11,"param_name":"rollout-size","param_value_internal":1,"distribution":"{\"name\": \"CategoricalDistribution\", \"attributes\": {\"choices\": [20, 80, 320]}}"}
{"op_code":5,"worker_id":"a7ba934f-16f4-4798-bf71-a65422a36032-40312","trial_id":11,"param_name":"gamma","param_value_internal":1,"distribution":"{\"name\": \"CategoricalDistribution\", \"attributes\": {\"choices\": [0.99, 0.995, 0.999]}}"}
{"op_code":5,"worker_id":"a7ba934f-16f4-4798-bf71-a65422a36032-40312","trial_id":11,"param_name":"gae-lambda","param_value_internal":1,"distribution":"{\"name\": \"CategoricalDistribution\", \"attributes\": {\"choices\": [0.9, 0.95, 1.0]}}"}
{"op_code":5,"worker_id":"a7ba934f-16f4-4798-bf71-a65422a36032-40312","trial_id":11,"param_name":"ent-coef","param_value_internal":0.00013581416083284015,"distribution":"{\"name\": \"FloatDistribution\", \"attributes\": {\"step\": null, \"low\": 0.0001, \"high\": 0.03, \"log\": true}}"}
{"op_code":8,"worker_id":"a7ba934f-16f4-4798-bf71-a65422a36032-40312","trial_id":11,"user_attr":{"train_argv":"--option 2 --reward-mode objective --objectives tardiness_sq --lambda-late 1.0 --lambda-energy 1.0 --power-model linear --difficulty off_tf05 --timesteps 300000 --save-tag tune_off_tf05_o2mlubrze_a2c_t11 --n-envs 4 --vec-backend subproc --seed 0 --algo a2c --markov-obs --lookahead --fixed-scaling --critic-arrivals --lateness-shaping --normalize-reward --event-idle --learning-rate 0.00225097 --rollout-size 80 --gamma 0.995 --gae-lambda 0.95 --ent-coef 0.000135814"}}
{"op_code":7,"worker_id":"a7ba934f-16f4-4798-bf71-a65422a36032-40312","trial_id":11,"step":75000,"intermediate_value":32560.4}
{"op_code":7,"worker_id":"a7ba934f-16f4-4798-bf71-a65422a36032-40312","trial_id":11,"step":150000,"intermediate_value":33546.8}
{"op_code":6,"worker_id":"a7ba934f-16f4-4798-bf71-a65422a36032-40312","trial_id":11,"state":2,"values":[33546.8],"datetime_complete":"2026-10-09T03:23:46.036525"}
{"op_code":0,"worker_id":"9f34b1b8-b073-4f81-bdea-41731f0b5201-33108","study_name":"off_tf05_o2mlubrze_a2c","directions":[1]}
