{"op_code":0,"worker_id":"0c114892-9fdf-4495-a1c0-f5fa7b1631d4-36396","study_name":"off_tf05_o3mlubrze_a2c","directions":[1]}
{"op_code":4,"worker_id":"0c114892-9fdf-4495-a1c0-f5fa7b1631d4-36396","study_id":0,"datetime_start":null,"state":4,"value":null,"values":null,"distributions":{},"params":{},"user_attrs":{"defaults":true},"system_attrs":{"fixed_params":{}},"intermediate_values":{}}
{"op_code":6,"worker_id":"0c114892-9fdf-4495-a1c0-f5fa7b1631d4-36396","trial_id":0,"state":0,"values":null,"datetime_start":"2026-10-09T02:50:58.872144"}
{"op_code":8,"worker_id":"0c114892-9fdf-4495-a1c0-f5fa7b1631d4-36396","trial_id":0,"user_attr":{"train_argv":"--option 3 --reward-mode objective --objectives tardiness_sq --lambda-late 1.0 --lambda-energy 1.0 --power-model linear --difficulty off_tf05 --timesteps 300000 --save-tag tune_off_tf05_o3mlubrze_a2c_t0 --n-envs 4 --vec-backend subproc --seed 0 --algo a2c --markov-obs --lookahead --fixed-scaling --critic-arrivals --lateness-shaping --normalize-reward --event-idle"}}
{"op_code":7,"worker_id":"0c114892-9fdf-4495-a1c0-f5fa7b1631d4-36396","trial_id":0,"step":75000,"intermediate_value":69334.6}
{"op_code":7,"worker_id":"0c114892-9fdf-4495-a1c0-f5fa7b1631d4-36396","trial_id":0,"step":150000,"intermediate_value":54434.8}
{"op_code":7,"worker_id":"0c114892-9fdf-4495-a1c0-f5fa7b1631d4-36396","trial_id":0,"step":225000,"intermediate_value":40118.8}
{"op_code":6,"worker_id":"0c114892-9fdf-4495-a1c0-f5fa7b1631d4-36396","trial_id":0,"state":1,"values":[38480.35],"datetime_complete":"2026-10-09T02:57:03.174854"}
{"op_code":4,"worker_id":"0c114892-9fdf-4495-a1c0-f5fa7b1631d4-36396","study_id":0,"datetime_start":"2026-10-09T02:57:03.369471"}
{"op_code":5,"worker_id":"0c114892-9fdf-4495-a1c0-f5fa7b1631d4-36396","trial_id":1,"param_name":"learning-rate","param_value_internal":0.0006466422717414558,"distribution":"{\"name\": \"FloatDistribution\", \"attributes\": {\"step\": null, \"low\": 0.0001, \"high\": 0.003, \"log\": true}}"}
{"op_code":5,"worker_id":"0c114892-9fdf-4495-a1c0-f5fa7b1631d4-36396","trial_id":1,"param_name":"rollout-size","param_value_internal":0,"distribution":"{\"name\": \"CategoricalDistribution\", \"attributes\": {\"choices\": [20, 80, 320]}}"}
{"op_code":5,"worker_id":"0c114892-9fdf-4495-a1c0-f5fa7b1631d4-36396","trial_id":1,"param_name":"gamma","param_value_internal":1,"distribution":"{\"name\": \"CategoricalDistribution\", \"attributes\": {\"choices\": [0.99, 0.995, 0.999]}}"}
{"op_code":5,"worker_id":"0c114892-9fdf-4495-a1c0-f5fa7b1631d4-36396","trial_id":1,"param_name":"gae-lambda","param_value_internal":1,"distribution":"{\"name\": \"CategoricalDistribution\", \"attributes\": {\"choices\": [0.9, 0.95, 1.0]}}"}
{"op_code":5,"worker_id":"0c114892-9fdf-4495-a1c0-f5fa7b1631d4-36396","trial_id":1,"param_name":"ent-coef","param_value_internal":0.009145320282946534,"distribution":"{\"name\": \"FloatDistribution\", \"attributes\": {\"step\": null, \"low\": 0.0001, \"high\": 0.03, \"log\": true}}"}
{"op_code":8,"worker_id":"0c114892-9fdf-4495-a1c0-f5fa7b1631d4-36396","trial_id":1,"user_attr":{"train_argv":"--option 3 --reward-mode objective --objectives tardiness_sq --lambda-late 1.0 --lambda-energy 1.0 --power-model linear --difficulty off_tf05 --timesteps 300000 --save-tag tune_off_tf05_o3mlubrze_a2c_t1 --n-envs 4 --vec-backend subproc --seed 0 --algo a2c --markov-obs --lookahead --fixed-scaling --critic-arrivals --lateness-shaping --normalize-reward --event-idle --learning-rate 0.000646642 --rollout-size 20 --gamma 0.995 --gae-lambda 0.95 --ent-coef 0.00914532"}}
{"op_code":7,"worker_id":"0c114892-9fdf-4495-a1c0-f5fa7b1631d4-36396","trial_id":1,"step":75000,"intermediate_value":71290.8}
{"op_code":7,"worker_id":"0c114892-9fdf-4495-a1c0-f5fa7b1631d4-36396","trial_id":1,"step":150000,"intermediate_value":64692.8}
{"op_code":7,"worker_id":"0c114892-9fdf-4495-a1c0-f5fa7b1631d4-36396","trial_id":1,"step":225000,"intermediate_value":57237.6}
{"op_code":6,"worker_id":"0c114892-9fdf-4495-a1c0-f5fa7b1631d4-36396","trial_id":1,"state":1,"values":[46185.4],"datetime_complete":"2026-10-09T03:03:12.190617"}
{"op_code":4,"worker_id":"0c114892-9fdf-4495-a1c0-f5fa7b1631d4-36396","study_id":0,"datetime_start":"2026-10-09T03:03:12.365374"}
{"op_code":5,"worker_id":"0c114892-9fdf-4495-a1c0-f5fa7b1631d4-36396","trial_id":2,"param_name":"learning-rate","param_value_internal":0.0006042851578845063,"distribution":"{\"name\": \"FloatDistribution\", \"attributes\": {\"step\": null, \"low\": 0.0001, \"high\": 0.003, \"log\": true}}"}
{"op_code":5,"worker_id":"0c114892-9fdf-4495-a1c0-f5fa7b1631d4-36396","trial_id":2,"param_name":"rollout-size","param_value_internal":1,"distribution":"{\"name\": \"CategoricalDistribution\", \"attributes\": {\"choices\": [20, 80, 320]}}"}
{"op_code":5,"worker_id":"0c114892-9fdf-4495-a1c0-f5fa7b1631d4-36396","trial_id":2,"param_name":"gamma","param_value_internal":2,"distribution":"{\"name\": \"CategoricalDistribution\", \"attributes\": {\"choices\": [0.99, 0.995, 0.999]}}"}
{"op_code":5,"worker_id":"0c114892-9fdf-4495-a1c0-f5fa7b1631d4-36396","trial_id":2,"param_name":"gae-lambda","param_value_internal":2,"distribution":"{\"name\": \"CategoricalDistribution\", \"attributes\": {\"choices\": [0.9, 0.95, 1.0]}}"}
{"op_code":5,"worker_id":"0c114892-9fdf-4495-a1c0-f5fa7b1631d4-36396","trial_id":2,"param_name":"ent-coef","param_value_internal":0.009541412354586892,"distribution":"{\"name\": \"FloatDistribution\", \"attributes\": {\"step\": null, \"low\": 0.0001, \"high\": 0.03, \"log\": true}}"}
{"op_code":8,"worker_id":"0c114892-9fdf-4495-a1c0-f5fa7b1631d4-36396","trial_id":2,"user_attr":{"train_argv":"--option 3 --reward-mode objective --objectives tardiness_sq --lambda-late 1.0 --lambda-energy 1.0 --power-model linear --difficulty off_tf05 --timesteps 300000 --save-tag tune_off_tf05_o3mlubrze_a2c_t2 --n-envs 4 --vec-backend subproc --seed 0 --algo a2c --markov-obs --lookahead --fixed-scaling --critic-arrivals --lateness-shaping --normalize-reward --event-idle --learning-rate 0.000604285 --rollout-size 80 --gamma 0.999 --gae-lambda 1 --ent-coef 0.00954141"}}
{"op_code":7,"worker_id":"0c114892-9fdf-4495-a1c0-f5fa7b1631d4-36396","trial_id":2,"step":75000,"intermediate_value":38634.4}
{"op_code":7,"worker_id":"0c114892-9fdf-4495-a1c0-f5fa7b1631d4-36396","trial_id":2,"step":150000,"intermediate_value":33717.8}
{"op_code":7,"worker_id":"0c114892-9fdf-4495-a1c0-f5fa7b1631d4-36396","trial_id":2,"step":225000,"intermediate_value":35283.6}
{"op_code":6,"worker_id":"0c114892-9fdf-4495-a1c0-f5fa7b1631d4-36396","trial_id":2,"state":1,"values":[31539.3],"datetime_complete":"2026-10-09T03:08:10.739827"}
{"op_code":4,"worker_id":"0c114892-9fdf-4495-a1c0-f5fa7b1631d4-36396","study_id":0,"datetime_start":"2026-10-09T03:08:10.928121"}
{"op_code":5,"worker_id":"0c114892-9fdf-4495-a1c0-f5fa7b1631d4-36396","trial_id":3,"param_name":"learning-rate","param_value_internal":0.0004804641349751479,"distribution":"{\"name\": \"FloatDistribution\", \"attributes\": {\"step\": null, \"low\": 0.0001, \"high\": 0.003, \"log\": true}}"}
{"op_code":5,"worker_id":"0c114892-9fdf-4495-a1c0-f5fa7b1631d4-36396","trial_id":3,"param_name":"rollout-size","param_value_internal":0,"distribution":"{\"name\": \"CategoricalDistribution\", \"attributes\": {\"choices\": [20, 80, 320]}}"}
{"op_code":5,"worker_id":"0c114892-9fdf-4495-a1c0-f5fa7b1631d4-36396","trial_id":3,"param_name":"gamma","param_value_internal":1,"distribution":"{\"name\": \"CategoricalDistribution\", \"attributes\": {\"choices\": [0.99, 0.995, 0.999]}}"}
{"op_code":5,"worker_id":"0c114892-9fdf-4495-a1c0-f5fa7b1631d4-36396","trial_id":3,"param_name":"gae-lambda","param_value_internal":2,"distribution":"{\"name\": \"CategoricalDistribution\", \"attributes\": {\"choices\": [0.9, 0.95, 1.0]}}"}
{"op_code":5,"worker_id":"0c114892-9fdf-4495-a1c0-f5fa7b1631d4-36396","trial_id":3,"param_name":"ent-coef","param_value_internal":0.001348775545730254,"distribution":"{\"name\": \"FloatDistribution\", \"attributes\": {\"step\": null, \"low\": 0.0001, \"high\": 0.03, \"log\": true}}"}
{"op_code":8,"worker_id":"0c114892-9fdf-4495-a1c0-f5fa7b1631d4-36396","trial_id":3,"user_attr":{"train_argv":"--option 3 --reward-mode objective --objectives tardiness_sq --lambda-late 1.0 --lambda-energy 1.0 --power-model linear --difficulty off_tf05 --timesteps 300000 --save-tag tune_off_tf05_o3mlubrze_a2c_t3 --n-envs 4 --vec-backend subproc --seed 0 --algo a2c --markov-obs --lookahead --fixed-scaling --critic-arrivals --lateness-shaping --normalize-reward --event-idle --learning-rate 0.000480464 --rollout-size 20 --gamma 0.995 --gae-lambda 1 --ent-coef 0.00134878"}}
{"op_code":7,"worker_id":"0c114892-9fdf-4495-a1c0-f5fa7b1631d4-36396","trial_id":3,"step":75000,"intermediate_value":87961.2}
{"op_code":7,"worker_id":"0c114892-9fdf-4495-a1c0-f5fa7b1631d4-36396","trial_id":3,"step":150000,"intermediate_value":56772.8}
{"op_code":7,"worker_id":"0c114892-9fdf-4495-a1c0-f5fa7b1631d4-36396","trial_id":3,"step":225000,"intermediate_value":51503.6}
{"op_code":6,"worker_id":"0c114892-9fdf-4495-a1c0-f5fa7b1631d4-36396","trial_id":3,"state":1,"values":[42199.6],"datetime_complete":"2026-10-09T03:14:16.893610"}
{"op_code":4,"worker_id":"0c114892-9fdf-4495-a1c0-f5fa7b1631d4-36396","study_id":0,"datetime_start":"2026-10-09T03:14:17.082088"}
{"op_code":5,"worker_id":"0c114892-9fdf-4495-a1c0-f5fa7b1631d4-36396","trial_id":4,"param_name":"learning-rate","param_value_internal":0.0006912670683424538,"distribution":"{\"name\": \"FloatDistribution\", \"attributes\": {\"step\": null, \"low\": 0.0001, \"high\": 0.003, \"log\": true}}"}
{"op_code":5,"worker_id":"0c114892-9fdf-4495-a1c0-f5fa7b1631d4-36396","trial_id":4,"param_name":"rollout-size","param_value_internal":1,"distribution":"{\"name\": \"CategoricalDistribution\", \"attributes\": {\"choices\": [20, 80, 320]}}"}
{"op_code":5,"worker_id":"0c114892-9fdf-4495-a1c0-f5fa7b1631d4-36396","trial_id":4,"param_name":"gamma","param_value_internal":1,"distribution":"{\"name\": \"CategoricalDistribution\", \"attributes\": {\"choices\": [0.99, 0.995, 0.999]}}"}
{"op_code":5,"worker_id":"0c114892-9fdf-4495-a1c0-f5fa7b1631d4-36396","trial_id":4,"param_name":"gae-lambda","param_value_internal":2,"distribution":"{\"name\": \"CategoricalDistribution\", \"attributes\": {\"choices\": [0.9, 0.95, 1.0]}}"}
{"op_code":5,"worker_id":"0c114892-9fdf-4495-a1c0-f5fa7b1631d4-36396","trial_id":4,"param_name":"ent-coef","param_value_internal":0.00014098918363046996,"distribution":"{\"name\": \"FloatDistribution\", \"attributes\": {\"step\": null, \"low\": 0.0001, \"high\": 0.03, \"log\": true}}"}
{"op_code":8,"worker_id":"0c114892-9fdf-4495-a1c0-f5fa7b1631d4-36396","trial_id":4,"user_attr":{"train_argv":"--option 3 --reward-mode objective --objectives tardiness_sq --lambda-late 1.0 --lambda-energy 1.0 --power-model linear --difficulty off_tf05 --timesteps 300000 --save-tag tune_off_tf05_o3mlubrze_a2c_t4 --n-envs 4 --vec-backend subproc --seed 0 --algo a2c --markov-obs --lookahead --fixed-scaling --critic-arrivals --lateness-shaping --normalize-reward --event-idle --learning-rate 0.000691267 --rollout-size 80 --gamma 0.995 --gae-lambda 1 --ent-coef 0.000140989"}}
{"op_code":7,"worker_id":"0c114892-9fdf-4495-a1c0-f5fa7b1631d4-36396","trial_id":4,"step":75000,"intermediate_value":65814.8}
{"op_code":7,"worker_id":"0c114892-9fdf-4495-a1c0-f5fa7b1631d4-36396","trial_id":4,"step":150000,"intermediate_value":57247.4}
{"op_code":7,"worker_id":"0c114892-9fdf-4495-a1c0-f5fa7b1631d4-36396","trial_id":4,"step":225000,"intermediate_value":49459.8}
{"op_code":6,"worker_id":"0c114892-9fdf-4495-a1c0-f5fa7b1631d4-36396","trial_id":4,"state":1,"values":[47367.1],"datetime_complete":"2026-10-09T03:20:53.406870"}
{"op_code":4,"worker_id":"0c114892-9fdf-4495-a1c0-f5fa7b1631d4-36396","study_id":0,"datetime_start":"2026-10-09T03:20:53.643544"}
{"op_code":5,"worker_id":"0c114892-9fdf-4495-a1c0-f5fa7b1631d4-36396","trial_id":5,"param_name":"learning-rate","param_value_internal":0.0009658179826892162,"distribution":"{\"name\": \"FloatDistribution\", \"attributes\": {\"step\": null, \"low\": 0.0001, \"high\": 0.003, \"log\": true}}"}
{"op_code":5,"worker_id":"0c114892-9fdf-4495-a1c0-f5fa7b1631d4-36396","trial_id":5,"param_name":"rollout-size","param_value_internal":0,"distribution":"{\"name\": \"CategoricalDistribution\", \"attributes\": {\"choices\": [20, 80, 320]}}"}
{"op_code":5,"worker_id":"0c114892-9fdf-4495-a1c0-f5fa7b1631d4-36396","trial_id":5,"param_name":"gamma","param_value_internal":2,"distribution":"{\"name\": \"CategoricalDistribution\", \"attributes\": {\"choices\": [0.99, 0.995, 0.999]}}"}
{"op_code":5,"worker_id":"0c114892-9fdf-4495-a1c0-f5fa7b1631d4-36396","trial_id":5,"param_name":"gae-lambda","param_value_internal":1,"distribution":"{\"name\": \"CategoricalDistribution\", \"attributes\": {\"choices\": [0.9, 0.95, 1.0]}}"}
{"op_code":5,"worker_id":"0c114892-9fdf-4495-a1c0-f5fa7b1631d4-36396","trial_id":5,"param_name":"ent-coef","param_value_internal":0.00032916454639831516,"distribution":"{\"name\": \"FloatDistribution\", \"attributes\": {\"step\": null, \"low\": 0.0001, \"high\": 0.03, \"log\": true}}"}
{"op_code":8,"worker_id":"0c114892-9fdf-4495-a1c0-f5fa7b1631d4-36396","trial_id":5,"user_attr":{"train_argv":"--option 3 --reward-mode objective --objectives tardiness_sq --lambda-late 1.0 --lambda-energy 1.0 --power-model linear --difficulty off_tf05 --timesteps 300000 --save-tag tune_off_tf05_o3mlubrze_a2c_t5 --n-envs 4 --vec-backend subproc --seed 0 --algo a2c --markov-obs --lookahead --fixed-scaling --critic-arrivals --lateness-shaping --normalize-reward --event-idle --learning-rate 0.000965818 --rollout-size 20 --gamma 0.999 --gae-lambda 0.95 --ent-coef 0.000329165"}}
{"op_code":7,"worker_id":"0c114892-9fdf-4495-a1c0-f5fa7b1631d4-36396","trial_id":5,"step":75000,"intermediate_value":58028.0}
{"op_code":7,"worker_id":"0c114892-9fdf-4495-a1c0-f5fa7b1631d4-36396","trial_id":5,"step":150000,"intermediate_value":39983.4}
{"op_code":7,"worker_id":"0c114892-9fdf-4495-a1c0-f5fa7b1631d4-36396","trial_id":5,"step":225000,"intermediate_value":41479.6}
{"op_code":6,"worker_id":"0c114892-9fdf-4495-a1c0-f5fa7b1631d4-36396","trial_id":5,"state":1,"values":[37131.7],"datetime_complete":"2026-10-09T05:02:10.889504"}
{"op_code":4,"worker_id":"0c114892-9fdf-4495-a1c0-f5fa7b1631d4-36396","study_id":0,"datetime_start":"2026-10-09T05:02:11.274104"}
{"op_code":5,"worker_id":"0c114892-9fdf-4495-a1c0-f5fa7b1631d4-36396","trial_id":6,"param_name":"learning-rate","param_value_internal":0.00017309069329908935,"distribution":"{\"name\": \"FloatDistribution\", \"attributes\": {\"step\": null, \"low\": 0.0001, \"high\": 0.003, \"log\": true}}"}
{"op_code":5,"worker_id":"0c114892-9fdf-4495-a1c0-f5fa7b1631d4-36396","trial_id":6,"param_name":"rollout-size","param_value_internal":0,"distribution":"{\"name\": \"CategoricalDistribution\", \"attributes\": {\"choices\": [20, 80, 320]}}"}
{"op_code":5,"worker_id":"0c114892-9fdf-4495-a1c0-f5fa7b1631d4-36396","trial_id":6,"param_name":"gamma","param_value_internal":0,"distribution":"{\"name\": \"CategoricalDistribution\", \"attributes\": {\"choices\": [0.99, 0.995, 0.999]}}"}
{"op_code":5,"worker_id":"0c114892-9fdf-4495-a1c0-f5fa7b1631d4-36396","trial_id":6,"param_name":"gae-lambda","param_value_internal":0,"distribution":"{\"name\": \"CategoricalDistribution\", \"attributes\": {\"choices\": [0.9, 0.95, 1.0]}}"}
{"op_code":5,"worker_id":"0c114892-9fdf-4495-a1c0-f5fa7b1631d4-36396","trial_id":6,"param_name":"ent-coef","param_value_internal":0.0008191755047162099,"distribution":"{\"name\": \"FloatDistribution\", \"attributes\": {\"step\": null, \"low\": 0.0001, \"high\": 0.03, \"log\": true}}"}
{"op_code":8,"worker_id":"0c114892-9fdf-4495-a1c0-f5fa7b1631d4-36396","trial_id":6,"user_attr":{"train_argv":"--option 3 --reward-mode objective --objectives tardiness_sq --lambda-late 1.0 --lambda-energy 1.0 --power-model linear --difficulty off_tf05 --timesteps 300000 --save-tag tune_off_tf05_o3mlubrze_a2c_t6 --n-envs 4 --vec-backend subproc --seed 0 --algo a2c --markov-obs --lookahead --fixed-scaling --critic-arrivals --lateness-shaping --normalize-reward --event-idle --learning-rate 0.000173091 --rollout-size 20 --gamma 0.99 --gae-lambda 0.9 --ent-coef 0.000819176"}}
{"op_code":7,"worker_id":"0c114892-9fdf-4495-a1c0-f5fa7b1631d4-36396","trial_id":6,"step":75000,"intermediate_value":88288.6}
{"op_code":6,"worker_id":"0c114892-9fdf-4495-a1c0-f5fa7b1631d4-36396","trial_id":6,"state":2,"values":[88288.6],"datetime_complete":"2026-10-09T05:04:04.551880"}
{"op_code":4,"worker_id":"0c114892-9fdf-4495-a1c0-f5fa7b1631d4-36396","study_id":0,"datetime_start":"2026-10-09T05:04:04.850558"}
{"op_code":5,"worker_id":"0c114892-9fdf-4495-a1c0-f5fa7b1631d4-36396","trial_id":7,"param_name":"learning-rate","param_value_internal":0.0016319488770709706,"distribution":"{\"name\": \"FloatDistribution\", \"attributes\": {\"step\": null, \"low\": 0.0001, \"high\": 0.003, \"log\": true}}"}
{"op_code":5,"worker_id":"0c114892-9fdf-4495-a1c0-f5fa7b1631d4-36396","trial_id":7,"param_name":"rollout-size","param_value_internal":1,"distribution":"{\"name\": \"CategoricalDistribution\", \"attributes\": {\"choices\": [20, 80, 320]}}"}
{"op_code":5,"worker_id":"0c114892-9fdf-4495-a1c0-f5fa7b1631d4-36396","trial_id":7,"param_name":"gamma","param_value_internal":2,"distribution":"{\"name\": \"CategoricalDistribution\", \"attributes\": {\"choices\": [0.99, 0.995, 0.999]}}"}
{"op_code":5,"worker_id":"0c114892-9fdf-4495-a1c0-f5fa7b1631d4-36396","trial_id":7,"param_name":"gae-lambda","param_value_internal":1,"distribution":"{\"name\": \"CategoricalDistribution\", \"attributes\": {\"choices\": [0.9, 0.95, 1.0]}}"}
{"op_code":5,"worker_id":"0c114892-9fdf-4495-a1c0-f5fa7b1631d4-36396","trial_id":7,"param_name":"ent-coef","param_value_internal":0.000501819043124292,"distribution":"{\"name\": \"FloatDistribution\", \"attributes\": {\"step\": null, \"low\": 0.0001, \"high\": 0.03, \"log\": true}}"}
{"op_code":8,"worker_id":"0c114892-9fdf-4495-a1c0-f5fa7b1631d4-36396","trial_id":7,"user_attr":{"train_argv":"--option 3 --reward-mode objective --objectives tardiness_sq --lambda-late 1.0 --lambda-energy 1.0 --power-model linear --difficulty off_tf05 --timesteps 300000 --save-tag tune_off_tf05_o3mlubrze_a2c_t7 --n-envs 4 --vec-backend subproc --seed 0 --algo a2c --markov-obs --lookahead --fixed-scaling --critic-arrivals --lateness-shaping --normalize-reward --event-idle --learning-rate 0.00163195 --rollout-size 80 --gamma 0.999 --gae-lambda 0.95 --ent-coef 0.000501819"}}
{"op_code":7,"worker_id":"0c114892-9fdf-4495-a1c0-f5fa7b1631d4-36396","trial_id":7,"step":75000,"intermediate_value":55042.6}
{"op_code":7,"worker_id":"0c114892-9fdf-4495-a1c0-f5fa7b1631d4-36396","trial_id":7,"step":150000,"intermediate_value":64090.6}
{"op_code":7,"worker_id":"0c114892-9fdf-4495-a1c0-f5fa7b1631d4-36396","trial_id":7,"step":225000,"intermediate_value":47284.2}
{"op_code":6,"worker_id":"0c114892-9fdf-4495-a1c0-f5fa7b1631d4-36396","trial_id":7,"state":2,"values":[47284.2],"datetime_complete":"2026-10-09T05:14:18.982621"}
{"op_code":4,"worker_id":"0c114892-9fdf-4495-a1c0-f5fa7b1631d4-36396","study_id":0,"datetime_start":"2026-10-09T05:14:19.246527"}
{"op_code":5,"worker_id":"0c114892-9fdf-4495-a1c0-f5fa7b1631d4-36396","trial_id":8,"param_name":"learning-rate","param_value_internal":0.00015050290935598963,"distribution":"{\"name\": \"FloatDistribution\", \"attributes\": {\"step\": null, \"low\": 0.0001, \"high\": 0.003, \"log\": true}}"}
{"op_code":5,"worker_id":"0c114892-9fdf-4495-a1c0-f5fa7b1631d4-36396","trial_id":8,"param_name":"rollout-size","param_value_internal":2,"distribution":"{\"name\": \"CategoricalDistribution\", \"attributes\": {\"choices\": [20, 80, 320]}}"}
{"op_code":5,"worker_id":"0c114892-9fdf-4495-a1c0-f5fa7b1631d4-36396","trial_id":8,"param_name":"gamma","param_value_internal":2,"distribution":"{\"name\": \"CategoricalDistribution\", \"attributes\": {\"choices\": [0.99, 0.995, 0.999]}}"}
{"op_code":5,"worker_id":"0c114892-9fdf-4495-a1c0-f5fa7b1631d4-36396","trial_id":8,"param_name":"gae-lambda","param_value_internal":0,"distribution":"{\"name\": \"CategoricalDistribution\", \"attributes\": {\"choices\": [0.9, 0.95, 1.0]}}"}
{"op_code":5,"worker_id":"0c114892-9fdf-4495-a1c0-f5fa7b1631d4-36396","trial_id":8,"param_name":"ent-coef","param_value_internal":0.00017088424969157387,"distribution":"{\"name\": \"FloatDistribution\", \"attributes\": {\"step\": null, \"low\": 0.0001, \"high\": 0.03, \"log\": true}}"}
{"op_code":8,"worker_id":"0c114892-9fdf-4495-a1c0-f5fa7b1631d4-36396","trial_id":8,"user_attr":{"train_argv":"--option 3 --reward-mode objective --objectives tardiness_sq --lambda-late 1.0 --lambda-energy 1.0 --power-model linear --difficulty off_tf05 --timesteps 300000 --save-tag tune_off_tf05_o3mlubrze_a2c_t8 --n-envs 4 --vec-backend subproc --seed 0 --algo a2c --markov-obs --lookahead --fixed-scaling --critic-arrivals --lateness-shaping --normalize-reward --event-idle --learning-rate 0.000150503 --rollout-size 320 --gamma 0.999 --gae-lambda 0.9 --ent-coef 0.000170884"}}
{"op_code":7,"worker_id":"0c114892-9fdf-4495-a1c0-f5fa7b1631d4-36396","trial_id":8,"step":75000,"intermediate_value":104082.2}
{"op_code":6,"worker_id":"0c114892-9fdf-4495-a1c0-f5fa7b1631d4-36396","trial_id":8,"state":2,"values":[104082.2],"datetime_complete":"2026-10-09T05:15:48.977680"}
{"op_code":4,"worker_id":"0c114892-9fdf-4495-a1c0-f5fa7b1631d4-36396","study_id":0,"datetime_start":"2026-10-09T05:15:49.240275"}
{"op_code":5,"worker_id":"0c114892-9fdf-4495-a1c0-f5fa7b1631d4-36396","trial_id":9,"param_name":"learning-rate","param_value_internal":0.0007091576793635641,"distribution":"{\"name\": \"FloatDistribution\", \"attributes\": {\"step\": null, \"low\": 0.0001, \"high\": 0.003, \"log\": true}}"}
{"op_code":5,"worker_id":"0c114892-9fdf-4495-a1c0-f5fa7b1631d4-36396","trial_id":9,"param_name":"rollout-size","param_value_internal":0,"distribution":"{\"name\": \"CategoricalDistribution\", \"attributes\": {\"choices\": [20, 80, 320]}}"}
{"op_code":5,"worker_id":"0c114892-9fdf-4495-a1c0-f5fa7b1631d4-36396","trial_id":9,"param_name":"gamma","param_value_internal":1,"distribution":"{\"name\": \"CategoricalDistribution\", \"attributes\": {\"choices\": [0.99, 0.995, 0.999]}}"}
{"op_code":5,"worker_id":"0c114892-9fdf-4495-a1c0-f5fa7b1631d4-36396","trial_id":9,"param_name":"gae-lambda","param_value_internal":1,"distribution":"{\"name\": \"CategoricalDistribution\", \"attributes\": {\"choices\": [0.9, 0.95, 1.0]}}"}
{"op_code":5,"worker_id":"0c114892-9fdf-4495-a1c0-f5fa7b1631d4-36396","trial_id":9,"param_name":"ent-coef","param_value_internal":0.011307978270179144,"distribution":"{\"name\": \"FloatDistribution\", \"attributes\": {\"step\": null, \"low\": 0.0001, \"high\": 0.03, \"log\": true}}"}
{"op_code":8,"worker_id":"0c114892-9fdf-4495-a1c0-f5fa7b1631d4-36396","trial_id":9,"user_attr":{"train_argv":"--option 3 --reward-mode objective --objectives tardiness_sq --lambda-late 1.0 --lambda-energy 1.0 --power-model linear --difficulty off_tf05 --timesteps 300000 --save-tag tune_off_tf05_o3mlubrze_a2c_t9 --n-envs 4 --vec-backend subproc --seed 0 --algo a2c --markov-obs --lookahead --fixed-scaling --critic-arrivals --lateness-shaping --normalize-reward --event-idle --learning-rate 0.000709158 --rollout-size 20 --gamma 0.995 --gae-lambda 0.95 --ent-coef 0.011308"}}
{"op_code":7,"worker_id":"0c114892-9fdf-4495-a1c0-f5fa7b1631d4-36396","trial_id":9,"step":75000,"intermediate_value":77014.6}
{"op_code":6,"worker_id":"0c114892-9fdf-4495-a1c0-f5fa7b1631d4-36396","trial_id":9,"state":2,"values":[77014.6],"datetime_complete":"2026-10-09T05:20:39.286227"}
{"op_code":4,"worker_id":"0c114892-9fdf-4495-a1c0-f5fa7b1631d4-36396","study_id":0,"datetime_start":"2026-10-09T05:20:39.516619"}
{"op_code":5,"worker_id":"0c114892-9fdf-4495-a1c0-f5fa7b1631d4-36396","trial_id":10,"param_name":"learning-rate","param_value_internal":0.0024518098818580836,"distribution":"{\"name\": \"FloatDistribution\", \"attributes\": {\"step\": null, \"low\": 0.0001, \"high\": 0.003, \"log\": true}}"}
{"op_code":5,"worker_id":"0c114892-9fdf-4495-a1c0-f5fa7b1631d4-36396","trial_id":10,"param_name":"rollout-size","param_value_internal":1,"distribution":"{\"name\": \"CategoricalDistribution\", \"attributes\": {\"choices\": [20, 80, 320]}}"}
{"op_code":5,"worker_id":"0c114892-9fdf-4495-a1c0-f5fa7b1631d4-36396","trial_id":10,"param_name":"gamma","param_value_internal":0,"distribution":"{\"name\": \"CategoricalDistribution\", \"attributes\": {\"choices\": [0.99, 0.995, 0.999]}}"}
{"op_code":5,"worker_id":"0c114892-9fdf-4495-a1c0-f5fa7b1631d4-36396","trial_id":10,"param_name":"gae-lambda","param_value_internal":2,"distribution":"{\"name\": \"CategoricalDistribution\", \"attributes\": {\"choices\": [0.9, 0.95, 1.0]}}"}
{"op_code":5,"worker_id":"0c114892-9fdf-4495-a1c0-f5fa7b1631d4-36396","trial_id":10,"param_name":"ent-coef","param_value_internal":0.002810614969269114,"distribution":"{\"name\": \"FloatDistribution\", \"attributes\": {\"step\": null, \"low\": 0.0001, \"high\": 0.03, \"log\": true}}"}
{"op_code":8,"worker_id":"0c114892-9fdf-4495-a1c0-f5fa7b1631d4-36396","trial_id":10,"user_attr":{"train_argv":"--option 3 --reward-mode objective --objectives tardiness_sq --lambda-late 1.0 --lambda-energy 1.0 --power-model linear --difficulty off_tf05 --timesteps 300000 --save-tag tune_off_tf05_o3mlubrze_a2c_t10 --n-envs 4 --vec-backend subproc --seed 0 --algo a2c --markov-obs --lookahead --fixed-scaling --critic-arrivals --lateness-shaping --normalize-reward --event-idle --learning-rate 0.00245181 --rollout-size 80 --gamma 0.99 --gae-lambda 1 --ent-coef 0.00281061"}}
{"op_code":7,"worker_id":"0c114892-9fdf-4495-a1c0-f5fa7b1631d4-36396","trial_id":10,"step":75000,"intermediate_value":52377.8}
{"op_code":7,"worker_id":"0c114892-9fdf-4495-a1c0-f5fa7b1631d4-36396","trial_id":10,"step":150000,"intermediate_value":53933.6}
{"op_code":7,"worker_id":"0c114892-9fdf-4495-a1c0-f5fa7b1631d4-36396","trial_id":10,"step":225000,"intermediate_value":67497.4}
{"op_code":6,"worker_id":"0c114892-9fdf-4495-a1c0-f5fa7b1631d4-36396","trial_id":10,"state":2,"values":[67497.4],"datetime_complete":"2026-10-09T05:27:49.933315"}
{"op_code":4,"worker_id":"0c114892-9fdf-4495-a1c0-f5fa7b1631d4-36396","study_id":0,"datetime_start":"2026-10-09T05:27:50.158855"}
{"op_code":5,"worker_id":"0c114892-9fdf-4495-a1c0-f5fa7b1631d4-36396","trial_id":11,"param_name":"learning-rate","param_value_internal":0.001118463993823278,"distribution":"{\"name\": \"FloatDistribution\", \"attributes\": {\"step\": null, \"low\": 0.0001, \"high\": 0.003, \"log\": true}}"}
{"op_code":5,"worker_id":"0c114892-9fdf-4495-a1c0-f5fa7b1631d4-36396","trial_id":11,"param_name":"rollout-size","param_value_internal":2,"distribution":"{\"name\": \"CategoricalDistribution\", \"attributes\": {\"choices\": [20, 80, 320]}}"}
{"op_code":5,"worker_id":"0c114892-9fdf-4495-a1c0-f5fa7b1631d4-36396","trial_id":11,"param_name":"gamma","param_value_internal":2,"distribution":"{\"name\": \"CategoricalDistribution\", \"attributes\": {\"choices\": [0.99, 0.995, 0.999]}}"}
{"op_code":5,"worker_id":"0c114892-9fdf-4495-a1c0-f5fa7b1631d4-36396","trial_id":11,"param_name":"gae-lambda","param_value_internal":1,"distribution":"{\"name\": \"CategoricalDistribution\", \"attributes\": {\"choices\": [0.9, 0.95, 1.0]}}"}
{"op_code":5,"worker_id":"0c114892-9fdf-4495-a1c0-f5fa7b1631d4-36396","trial_id":11,"param_name":"ent-coef","param_value_internal":0.028977333525414532,"distribution":"{\"name\": \"FloatDistribution\", \"attributes\": {\"step\": null, \"low\": 0.0001, \"high\": 0.03, \"log\": true}}"}
{"op_code":8,"worker_id":"0c114892-9fdf-4495-a1c0-f5fa7b1631d4-36396","trial_id":11,"user_attr":{"train_argv":"--option 3 --reward-mode objective --objectives tardiness_sq --lambda-late 1.0 --lambda-energy 1.0 --power-model linear --difficulty off_tf05 --timesteps 300000 --save-tag tune_off_tf05_o3mlubrze_a2c_t11 --n-envs 4 --vec-backend subproc --seed 0 --algo a2c --markov-obs --lookahead --fixed-scaling --critic-arrivals --lateness-shaping --normalize-reward --event-idle --learning-rate 0.00111846 --rollout-size 320 --gamma 0.999 --gae-lambda 0.95 --ent-coef 0.0289773"}}
{"op_code":7,"worker_id":"0c114892-9fdf-4495-a1c0-f5fa7b1631d4-36396","trial_id":11,"step":75000,"intermediate_value":118708.4}
{"op_code":6,"worker_id":"0c114892-9fdf-4495-a1c0-f5fa7b1631d4-36396","trial_id":11,"state":2,"values":[118708.4],"datetime_complete":"2026-10-09T05:29:14.508307"}
{"op_code":0,"worker_id":"0e944c12-c63d-4042-85de-4e2dafc16d15-3336","study_name":"off_tf05_o3mlubrze_a2c","directions":[1]}
{"op_code":0,"worker_id":"3276eb18-fec4-4e2f-a31d-508cdcffc389-39076","study_name":"off_tf05_o3mlubrze_a2c","directions":[1]}
