{"op_code":0,"worker_id":"34519fab-a584-47db-9a87-122c0bd28c78-36008","study_name":"off_tf05_o0pmlubr","directions":[1]}
{"op_code":4,"worker_id":"34519fab-a584-47db-9a87-122c0bd28c78-36008","study_id":0,"datetime_start":null,"state":4,"value":null,"values":null,"distributions":{},"params":{},"user_attrs":{"defaults":true},"system_attrs":{"fixed_params":{}},"intermediate_values":{}}
{"op_code":6,"worker_id":"34519fab-a584-47db-9a87-122c0bd28c78-36008","trial_id":0,"state":0,"values":null,"datetime_start":"2026-10-07T00:45:51.262386"}
{"op_code":8,"worker_id":"34519fab-a584-47db-9a87-122c0bd28c78-36008","trial_id":0,"user_attr":{"train_argv":"--option 0 --reward-mode objective --objectives tardiness_sq --lambda-late 1.0 --lambda-energy 1.0 --power-model linear --difficulty off_tf05 --timesteps 300000 --save-tag tune_off_tf05_o0pmlubr_t0 --n-envs 4 --vec-backend subproc --seed 0 --algo ppo --markov-obs --lookahead --fixed-scaling --critic-arrivals --lateness-shaping --policy-arch pointer"}}
{"op_code":7,"worker_id":"34519fab-a584-47db-9a87-122c0bd28c78-36008","trial_id":0,"step":75000,"intermediate_value":72125.8}
{"op_code":7,"worker_id":"34519fab-a584-47db-9a87-122c0bd28c78-36008","trial_id":0,"step":150000,"intermediate_value":288339.2}
{"op_code":7,"worker_id":"34519fab-a584-47db-9a87-122c0bd28c78-36008","trial_id":0,"step":225000,"intermediate_value":4148229.0}
{"op_code":6,"worker_id":"34519fab-a584-47db-9a87-122c0bd28c78-36008","trial_id":0,"state":1,"values":[1091091.0],"datetime_complete":"2026-10-07T01:10:56.343817"}
{"op_code":4,"worker_id":"34519fab-a584-47db-9a87-122c0bd28c78-36008","study_id":0,"datetime_start":"2026-10-07T01:10:56.616998"}
{"op_code":5,"worker_id":"34519fab-a584-47db-9a87-122c0bd28c78-36008","trial_id":1,"param_name":"learning-rate","param_value_internal":0.00020554062603827,"distribution":"{\"name\": \"FloatDistribution\", \"attributes\": {\"step\": null, \"low\": 3e-05, \"high\": 0.001, \"log\": true}}"}
{"op_code":5,"worker_id":"34519fab-a584-47db-9a87-122c0bd28c78-36008","trial_id":1,"param_name":"rollout-size","param_value_internal":0,"distribution":"{\"name\": \"CategoricalDistribution\", \"attributes\": {\"choices\": [2048, 4096, 8192, 16384]}}"}
{"op_code":5,"worker_id":"34519fab-a584-47db-9a87-122c0bd28c78-36008","trial_id":1,"param_name":"batch-size","param_value_internal":2,"distribution":"{\"name\": \"CategoricalDistribution\", \"attributes\": {\"choices\": [64, 256, 1024]}}"}
{"op_code":5,"worker_id":"34519fab-a584-47db-9a87-122c0bd28c78-36008","trial_id":1,"param_name":"n-epochs","param_value_internal":0,"distribution":"{\"name\": \"CategoricalDistribution\", \"attributes\": {\"choices\": [3, 5, 10]}}"}
{"op_code":5,"worker_id":"34519fab-a584-47db-9a87-122c0bd28c78-36008","trial_id":1,"param_name":"gamma","param_value_internal":2,"distribution":"{\"name\": \"CategoricalDistribution\", \"attributes\": {\"choices\": [0.99, 0.995, 0.999]}}"}
{"op_code":5,"worker_id":"34519fab-a584-47db-9a87-122c0bd28c78-36008","trial_id":1,"param_name":"gae-lambda","param_value_internal":1,"distribution":"{\"name\": \"CategoricalDistribution\", \"attributes\": {\"choices\": [0.9, 0.95, 0.98]}}"}
{"op_code":5,"worker_id":"34519fab-a584-47db-9a87-122c0bd28c78-36008","trial_id":1,"param_name":"clip-range","param_value_internal":2,"distribution":"{\"name\": \"CategoricalDistribution\", \"attributes\": {\"choices\": [0.1, 0.2, 0.3]}}"}
{"op_code":5,"worker_id":"34519fab-a584-47db-9a87-122c0bd28c78-36008","trial_id":1,"param_name":"ent-coef","param_value_internal":0.02655561084998941,"distribution":"{\"name\": \"FloatDistribution\", \"attributes\": {\"step\": null, \"low\": 0.0001, \"high\": 0.03, \"log\": true}}"}
{"op_code":8,"worker_id":"34519fab-a584-47db-9a87-122c0bd28c78-36008","trial_id":1,"user_attr":{"train_argv":"--option 0 --reward-mode objective --objectives tardiness_sq --lambda-late 1.0 --lambda-energy 1.0 --power-model linear --difficulty off_tf05 --timesteps 300000 --save-tag tune_off_tf05_o0pmlubr_t1 --n-envs 4 --vec-backend subproc --seed 0 --algo ppo --markov-obs --lookahead --fixed-scaling --critic-arrivals --lateness-shaping --policy-arch pointer --learning-rate 0.000205541 --rollout-size 2048 --batch-size 1024 --n-epochs 3 --gamma 0.999 --gae-lambda 0.95 --clip-range 0.3 --ent-coef 0.0265556"}}
{"op_code":7,"worker_id":"34519fab-a584-47db-9a87-122c0bd28c78-36008","trial_id":1,"step":75000,"intermediate_value":130944992.6}
{"op_code":7,"worker_id":"34519fab-a584-47db-9a87-122c0bd28c78-36008","trial_id":1,"step":150000,"intermediate_value":58898.8}
{"op_code":7,"worker_id":"34519fab-a584-47db-9a87-122c0bd28c78-36008","trial_id":1,"step":225000,"intermediate_value":1056184.2}
{"op_code":6,"worker_id":"34519fab-a584-47db-9a87-122c0bd28c78-36008","trial_id":1,"state":1,"values":[264478.4],"datetime_complete":"2026-10-07T01:20:24.747694"}
{"op_code":4,"worker_id":"34519fab-a584-47db-9a87-122c0bd28c78-36008","study_id":0,"datetime_start":"2026-10-07T01:20:24.978845"}
{"op_code":5,"worker_id":"34519fab-a584-47db-9a87-122c0bd28c78-36008","trial_id":2,"param_name":"learning-rate","param_value_internal":0.0004944733002746453,"distribution":"{\"name\": \"FloatDistribution\", \"attributes\": {\"step\": null, \"low\": 3e-05, \"high\": 0.001, \"log\": true}}"}
{"op_code":5,"worker_id":"34519fab-a584-47db-9a87-122c0bd28c78-36008","trial_id":2,"param_name":"rollout-size","param_value_internal":1,"distribution":"{\"name\": \"CategoricalDistribution\", \"attributes\": {\"choices\": [2048, 4096, 8192, 16384]}}"}
{"op_code":5,"worker_id":"34519fab-a584-47db-9a87-122c0bd28c78-36008","trial_id":2,"param_name":"batch-size","param_value_internal":1,"distribution":"{\"name\": \"CategoricalDistribution\", \"attributes\": {\"choices\": [64, 256, 1024]}}"}
{"op_code":5,"worker_id":"34519fab-a584-47db-9a87-122c0bd28c78-36008","trial_id":2,"param_name":"n-epochs","param_value_internal":2,"distribution":"{\"name\": \"CategoricalDistribution\", \"attributes\": {\"choices\": [3, 5, 10]}}"}
{"op_code":5,"worker_id":"34519fab-a584-47db-9a87-122c0bd28c78-36008","trial_id":2,"param_name":"gamma","param_value_internal":1,"distribution":"{\"name\": \"CategoricalDistribution\", \"attributes\": {\"choices\": [0.99, 0.995, 0.999]}}"}
{"op_code":5,"worker_id":"34519fab-a584-47db-9a87-122c0bd28c78-36008","trial_id":2,"param_name":"gae-lambda","param_value_internal":0,"distribution":"{\"name\": \"CategoricalDistribution\", \"attributes\": {\"choices\": [0.9, 0.95, 0.98]}}"}
{"op_code":5,"worker_id":"34519fab-a584-47db-9a87-122c0bd28c78-36008","trial_id":2,"param_name":"clip-range","param_value_internal":0,"distribution":"{\"name\": \"CategoricalDistribution\", \"attributes\": {\"choices\": [0.1, 0.2, 0.3]}}"}
{"op_code":5,"worker_id":"34519fab-a584-47db-9a87-122c0bd28c78-36008","trial_id":2,"param_name":"ent-coef","param_value_internal":0.0012094311268425492,"distribution":"{\"name\": \"FloatDistribution\", \"attributes\": {\"step\": null, \"low\": 0.0001, \"high\": 0.03, \"log\": true}}"}
{"op_code":8,"worker_id":"34519fab-a584-47db-9a87-122c0bd28c78-36008","trial_id":2,"user_attr":{"train_argv":"--option 0 --reward-mode objective --objectives tardiness_sq --lambda-late 1.0 --lambda-energy 1.0 --power-model linear --difficulty off_tf05 --timesteps 300000 --save-tag tune_off_tf05_o0pmlubr_t2 --n-envs 4 --vec-backend subproc --seed 0 --algo ppo --markov-obs --lookahead --fixed-scaling --critic-arrivals --lateness-shaping --policy-arch pointer --learning-rate 0.000494473 --rollout-size 4096 --batch-size 256 --n-epochs 10 --gamma 0.995 --gae-lambda 0.9 --clip-range 0.1 --ent-coef 0.00120943"}}
{"op_code":7,"worker_id":"34519fab-a584-47db-9a87-122c0bd28c78-36008","trial_id":2,"step":75000,"intermediate_value":44375.4}
{"op_code":7,"worker_id":"34519fab-a584-47db-9a87-122c0bd28c78-36008","trial_id":2,"step":150000,"intermediate_value":45315.0}
{"op_code":7,"worker_id":"34519fab-a584-47db-9a87-122c0bd28c78-36008","trial_id":2,"step":225000,"intermediate_value":38046.8}
{"op_code":0,"worker_id":"c31298ff-902c-4fff-8cb7-e835688d7d82-28376","study_name":"off_tf05_o0pmlubr","directions":[1]}
{"op_code":6,"worker_id":"34519fab-a584-47db-9a87-122c0bd28c78-36008","trial_id":2,"state":1,"values":[107707.2],"datetime_complete":"2026-10-07T01:43:28.718829"}
{"op_code":4,"worker_id":"34519fab-a584-47db-9a87-122c0bd28c78-36008","study_id":0,"datetime_start":"2026-10-07T01:43:28.957644"}
{"op_code":5,"worker_id":"34519fab-a584-47db-9a87-122c0bd28c78-36008","trial_id":3,"param_name":"learning-rate","param_value_internal":0.0003463609921766881,"distribution":"{\"name\": \"FloatDistribution\", \"attributes\": {\"step\": null, \"low\": 3e-05, \"high\": 0.001, \"log\": true}}"}
{"op_code":5,"worker_id":"34519fab-a584-47db-9a87-122c0bd28c78-36008","trial_id":3,"param_name":"rollout-size","param_value_internal":2,"distribution":"{\"name\": \"CategoricalDistribution\", \"attributes\": {\"choices\": [2048, 4096, 8192, 16384]}}"}
{"op_code":5,"worker_id":"34519fab-a584-47db-9a87-122c0bd28c78-36008","trial_id":3,"param_name":"batch-size","param_value_internal":2,"distribution":"{\"name\": \"CategoricalDistribution\", \"attributes\": {\"choices\": [64, 256, 1024]}}"}
{"op_code":5,"worker_id":"34519fab-a584-47db-9a87-122c0bd28c78-36008","trial_id":3,"param_name":"n-epochs","param_value_internal":2,"distribution":"{\"name\": \"CategoricalDistribution\", \"attributes\": {\"choices\": [3, 5, 10]}}"}
{"op_code":5,"worker_id":"34519fab-a584-47db-9a87-122c0bd28c78-36008","trial_id":3,"param_name":"gamma","param_value_internal":1,"distribution":"{\"name\": \"CategoricalDistribution\", \"attributes\": {\"choices\": [0.99, 0.995, 0.999]}}"}
{"op_code":5,"worker_id":"34519fab-a584-47db-9a87-122c0bd28c78-36008","trial_id":3,"param_name":"gae-lambda","param_value_internal":0,"distribution":"{\"name\": \"CategoricalDistribution\", \"attributes\": {\"choices\": [0.9, 0.95, 0.98]}}"}
{"op_code":5,"worker_id":"34519fab-a584-47db-9a87-122c0bd28c78-36008","trial_id":3,"param_name":"clip-range","param_value_internal":0,"distribution":"{\"name\": \"CategoricalDistribution\", \"attributes\": {\"choices\": [0.1, 0.2, 0.3]}}"}
{"op_code":5,"worker_id":"34519fab-a584-47db-9a87-122c0bd28c78-36008","trial_id":3,"param_name":"ent-coef","param_value_internal":0.0042248177213228075,"distribution":"{\"name\": \"FloatDistribution\", \"attributes\": {\"step\": null, \"low\": 0.0001, \"high\": 0.03, \"log\": true}}"}
{"op_code":8,"worker_id":"34519fab-a584-47db-9a87-122c0bd28c78-36008","trial_id":3,"user_attr":{"train_argv":"--option 0 --reward-mode objective --objectives tardiness_sq --lambda-late 1.0 --lambda-energy 1.0 --power-model linear --difficulty off_tf05 --timesteps 300000 --save-tag tune_off_tf05_o0pmlubr_t3 --n-envs 4 --vec-backend subproc --seed 0 --algo ppo --markov-obs --lookahead --fixed-scaling --critic-arrivals --lateness-shaping --policy-arch pointer --learning-rate 0.000346361 --rollout-size 8192 --batch-size 1024 --n-epochs 10 --gamma 0.995 --gae-lambda 0.9 --clip-range 0.1 --ent-coef 0.00422482"}}
{"op_code":7,"worker_id":"34519fab-a584-47db-9a87-122c0bd28c78-36008","trial_id":3,"step":75000,"intermediate_value":37237.4}
{"op_code":7,"worker_id":"34519fab-a584-47db-9a87-122c0bd28c78-36008","trial_id":3,"step":150000,"intermediate_value":33096.0}
{"op_code":7,"worker_id":"34519fab-a584-47db-9a87-122c0bd28c78-36008","trial_id":3,"step":225000,"intermediate_value":31642.2}
{"op_code":6,"worker_id":"34519fab-a584-47db-9a87-122c0bd28c78-36008","trial_id":3,"state":1,"values":[32748.6],"datetime_complete":"2026-10-07T02:06:09.111157"}
{"op_code":4,"worker_id":"34519fab-a584-47db-9a87-122c0bd28c78-36008","study_id":0,"datetime_start":"2026-10-07T02:06:09.324241"}
{"op_code":5,"worker_id":"34519fab-a584-47db-9a87-122c0bd28c78-36008","trial_id":4,"param_name":"learning-rate","param_value_internal":4.8703159315306354e-05,"distribution":"{\"name\": \"FloatDistribution\", \"attributes\": {\"step\": null, \"low\": 3e-05, \"high\": 0.001, \"log\": true}}"}
{"op_code":5,"worker_id":"34519fab-a584-47db-9a87-122c0bd28c78-36008","trial_id":4,"param_name":"rollout-size","param_value_internal":2,"distribution":"{\"name\": \"CategoricalDistribution\", \"attributes\": {\"choices\": [2048, 4096, 8192, 16384]}}"}
{"op_code":5,"worker_id":"34519fab-a584-47db-9a87-122c0bd28c78-36008","trial_id":4,"param_name":"batch-size","param_value_internal":2,"distribution":"{\"name\": \"CategoricalDistribution\", \"attributes\": {\"choices\": [64, 256, 1024]}}"}
{"op_code":5,"worker_id":"34519fab-a584-47db-9a87-122c0bd28c78-36008","trial_id":4,"param_name":"n-epochs","param_value_internal":1,"distribution":"{\"name\": \"CategoricalDistribution\", \"attributes\": {\"choices\": [3, 5, 10]}}"}
{"op_code":5,"worker_id":"34519fab-a584-47db-9a87-122c0bd28c78-36008","trial_id":4,"param_name":"gamma","param_value_internal":0,"distribution":"{\"name\": \"CategoricalDistribution\", \"attributes\": {\"choices\": [0.99, 0.995, 0.999]}}"}
{"op_code":5,"worker_id":"34519fab-a584-47db-9a87-122c0bd28c78-36008","trial_id":4,"param_name":"gae-lambda","param_value_internal":1,"distribution":"{\"name\": \"CategoricalDistribution\", \"attributes\": {\"choices\": [0.9, 0.95, 0.98]}}"}
{"op_code":5,"worker_id":"34519fab-a584-47db-9a87-122c0bd28c78-36008","trial_id":4,"param_name":"clip-range","param_value_internal":1,"distribution":"{\"name\": \"CategoricalDistribution\", \"attributes\": {\"choices\": [0.1, 0.2, 0.3]}}"}
{"op_code":5,"worker_id":"34519fab-a584-47db-9a87-122c0bd28c78-36008","trial_id":4,"param_name":"ent-coef","param_value_internal":0.005192032534497486,"distribution":"{\"name\": \"FloatDistribution\", \"attributes\": {\"step\": null, \"low\": 0.0001, \"high\": 0.03, \"log\": true}}"}
{"op_code":8,"worker_id":"34519fab-a584-47db-9a87-122c0bd28c78-36008","trial_id":4,"user_attr":{"train_argv":"--option 0 --reward-mode objective --objectives tardiness_sq --lambda-late 1.0 --lambda-energy 1.0 --power-model linear --difficulty off_tf05 --timesteps 300000 --save-tag tune_off_tf05_o0pmlubr_t4 --n-envs 4 --vec-backend subproc --seed 0 --algo ppo --markov-obs --lookahead --fixed-scaling --critic-arrivals --lateness-shaping --policy-arch pointer --learning-rate 4.87032e-05 --rollout-size 8192 --batch-size 1024 --n-epochs 5 --gamma 0.99 --gae-lambda 0.95 --clip-range 0.2 --ent-coef 0.00519203"}}
{"op_code":7,"worker_id":"34519fab-a584-47db-9a87-122c0bd28c78-36008","trial_id":4,"step":75000,"intermediate_value":130944992.6}
{"op_code":7,"worker_id":"34519fab-a584-47db-9a87-122c0bd28c78-36008","trial_id":4,"step":150000,"intermediate_value":130944992.6}
{"op_code":7,"worker_id":"34519fab-a584-47db-9a87-122c0bd28c78-36008","trial_id":4,"step":225000,"intermediate_value":65671.0}
{"op_code":6,"worker_id":"34519fab-a584-47db-9a87-122c0bd28c78-36008","trial_id":4,"state":1,"values":[54935.15],"datetime_complete":"2026-10-07T02:19:04.228476"}
{"op_code":4,"worker_id":"34519fab-a584-47db-9a87-122c0bd28c78-36008","study_id":0,"datetime_start":"2026-10-07T02:19:04.410960"}
{"op_code":5,"worker_id":"34519fab-a584-47db-9a87-122c0bd28c78-36008","trial_id":5,"param_name":"learning-rate","param_value_internal":0.00021876939530160837,"distribution":"{\"name\": \"FloatDistribution\", \"attributes\": {\"step\": null, \"low\": 3e-05, \"high\": 0.001, \"log\": true}}"}
{"op_code":5,"worker_id":"34519fab-a584-47db-9a87-122c0bd28c78-36008","trial_id":5,"param_name":"rollout-size","param_value_internal":3,"distribution":"{\"name\": \"CategoricalDistribution\", \"attributes\": {\"choices\": [2048, 4096, 8192, 16384]}}"}
{"op_code":5,"worker_id":"34519fab-a584-47db-9a87-122c0bd28c78-36008","trial_id":5,"param_name":"batch-size","param_value_internal":0,"distribution":"{\"name\": \"CategoricalDistribution\", \"attributes\": {\"choices\": [64, 256, 1024]}}"}
{"op_code":5,"worker_id":"34519fab-a584-47db-9a87-122c0bd28c78-36008","trial_id":5,"param_name":"n-epochs","param_value_internal":1,"distribution":"{\"name\": \"CategoricalDistribution\", \"attributes\": {\"choices\": [3, 5, 10]}}"}
{"op_code":5,"worker_id":"34519fab-a584-47db-9a87-122c0bd28c78-36008","trial_id":5,"param_name":"gamma","param_value_internal":1,"distribution":"{\"name\": \"CategoricalDistribution\", \"attributes\": {\"choices\": [0.99, 0.995, 0.999]}}"}
{"op_code":5,"worker_id":"34519fab-a584-47db-9a87-122c0bd28c78-36008","trial_id":5,"param_name":"gae-lambda","param_value_internal":0,"distribution":"{\"name\": \"CategoricalDistribution\", \"attributes\": {\"choices\": [0.9, 0.95, 0.98]}}"}
{"op_code":5,"worker_id":"34519fab-a584-47db-9a87-122c0bd28c78-36008","trial_id":5,"param_name":"clip-range","param_value_internal":2,"distribution":"{\"name\": \"CategoricalDistribution\", \"attributes\": {\"choices\": [0.1, 0.2, 0.3]}}"}
{"op_code":5,"worker_id":"34519fab-a584-47db-9a87-122c0bd28c78-36008","trial_id":5,"param_name":"ent-coef","param_value_internal":0.000413229862740349,"distribution":"{\"name\": \"FloatDistribution\", \"attributes\": {\"step\": null, \"low\": 0.0001, \"high\": 0.03, \"log\": true}}"}
{"op_code":8,"worker_id":"34519fab-a584-47db-9a87-122c0bd28c78-36008","trial_id":5,"user_attr":{"train_argv":"--option 0 --reward-mode objective --objectives tardiness_sq --lambda-late 1.0 --lambda-energy 1.0 --power-model linear --difficulty off_tf05 --timesteps 300000 --save-tag tune_off_tf05_o0pmlubr_t5 --n-envs 4 --vec-backend subproc --seed 0 --algo ppo --markov-obs --lookahead --fixed-scaling --critic-arrivals --lateness-shaping --policy-arch pointer --learning-rate 0.000218769 --rollout-size 16384 --batch-size 64 --n-epochs 5 --gamma 0.995 --gae-lambda 0.9 --clip-range 0.3 --ent-coef 0.00041323"}}
{"op_code":7,"worker_id":"34519fab-a584-47db-9a87-122c0bd28c78-36008","trial_id":5,"step":75000,"intermediate_value":31601.6}
{"op_code":7,"worker_id":"34519fab-a584-47db-9a87-122c0bd28c78-36008","trial_id":5,"step":150000,"intermediate_value":33743.2}
{"op_code":7,"worker_id":"34519fab-a584-47db-9a87-122c0bd28c78-36008","trial_id":5,"step":225000,"intermediate_value":32303.8}
{"op_code":6,"worker_id":"34519fab-a584-47db-9a87-122c0bd28c78-36008","trial_id":5,"state":1,"values":[42700.1],"datetime_complete":"2026-10-07T02:31:40.764020"}
{"op_code":4,"worker_id":"34519fab-a584-47db-9a87-122c0bd28c78-36008","study_id":0,"datetime_start":"2026-10-07T02:31:41.006395"}
{"op_code":5,"worker_id":"34519fab-a584-47db-9a87-122c0bd28c78-36008","trial_id":6,"param_name":"learning-rate","param_value_internal":0.00022622417507807115,"distribution":"{\"name\": \"FloatDistribution\", \"attributes\": {\"step\": null, \"low\": 3e-05, \"high\": 0.001, \"log\": true}}"}
{"op_code":5,"worker_id":"34519fab-a584-47db-9a87-122c0bd28c78-36008","trial_id":6,"param_name":"rollout-size","param_value_internal":3,"distribution":"{\"name\": \"CategoricalDistribution\", \"attributes\": {\"choices\": [2048, 4096, 8192, 16384]}}"}
{"op_code":5,"worker_id":"34519fab-a584-47db-9a87-122c0bd28c78-36008","trial_id":6,"param_name":"batch-size","param_value_internal":1,"distribution":"{\"name\": \"CategoricalDistribution\", \"attributes\": {\"choices\": [64, 256, 1024]}}"}
{"op_code":5,"worker_id":"34519fab-a584-47db-9a87-122c0bd28c78-36008","trial_id":6,"param_name":"n-epochs","param_value_internal":1,"distribution":"{\"name\": \"CategoricalDistribution\", \"attributes\": {\"choices\": [3, 5, 10]}}"}
{"op_code":5,"worker_id":"34519fab-a584-47db-9a87-122c0bd28c78-36008","trial_id":6,"param_name":"gamma","param_value_internal":2,"distribution":"{\"name\": \"CategoricalDistribution\", \"attributes\": {\"choices\": [0.99, 0.995, 0.999]}}"}
{"op_code":5,"worker_id":"34519fab-a584-47db-9a87-122c0bd28c78-36008","trial_id":6,"param_name":"gae-lambda","param_value_internal":1,"distribution":"{\"name\": \"CategoricalDistribution\", \"attributes\": {\"choices\": [0.9, 0.95, 0.98]}}"}
{"op_code":5,"worker_id":"34519fab-a584-47db-9a87-122c0bd28c78-36008","trial_id":6,"param_name":"clip-range","param_value_internal":0,"distribution":"{\"name\": \"CategoricalDistribution\", \"attributes\": {\"choices\": [0.1, 0.2, 0.3]}}"}
{"op_code":5,"worker_id":"34519fab-a584-47db-9a87-122c0bd28c78-36008","trial_id":6,"param_name":"ent-coef","param_value_internal":0.0031776753088383902,"distribution":"{\"name\": \"FloatDistribution\", \"attributes\": {\"step\": null, \"low\": 0.0001, \"high\": 0.03, \"log\": true}}"}
{"op_code":8,"worker_id":"34519fab-a584-47db-9a87-122c0bd28c78-36008","trial_id":6,"user_attr":{"train_argv":"--option 0 --reward-mode objective --objectives tardiness_sq --lambda-late 1.0 --lambda-energy 1.0 --power-model linear --difficulty off_tf05 --timesteps 300000 --save-tag tune_off_tf05_o0pmlubr_t6 --n-envs 4 --vec-backend subproc --seed 0 --algo ppo --markov-obs --lookahead --fixed-scaling --critic-arrivals --lateness-shaping --policy-arch pointer --learning-rate 0.000226224 --rollout-size 16384 --batch-size 256 --n-epochs 5 --gamma 0.999 --gae-lambda 0.95 --clip-range 0.1 --ent-coef 0.00317768"}}
{"op_code":7,"worker_id":"34519fab-a584-47db-9a87-122c0bd28c78-36008","trial_id":6,"step":75000,"intermediate_value":41732.0}
{"op_code":7,"worker_id":"34519fab-a584-47db-9a87-122c0bd28c78-36008","trial_id":6,"step":150000,"intermediate_value":30119.6}
{"op_code":7,"worker_id":"34519fab-a584-47db-9a87-122c0bd28c78-36008","trial_id":6,"step":225000,"intermediate_value":30024.2}
{"op_code":6,"worker_id":"34519fab-a584-47db-9a87-122c0bd28c78-36008","trial_id":6,"state":1,"values":[32599.55],"datetime_complete":"2026-10-07T02:45:08.011562"}
{"op_code":4,"worker_id":"34519fab-a584-47db-9a87-122c0bd28c78-36008","study_id":0,"datetime_start":"2026-10-07T02:45:08.274239"}
{"op_code":5,"worker_id":"34519fab-a584-47db-9a87-122c0bd28c78-36008","trial_id":7,"param_name":"learning-rate","param_value_internal":3.208855558609467e-05,"distribution":"{\"name\": \"FloatDistribution\", \"attributes\": {\"step\": null, \"low\": 3e-05, \"high\": 0.001, \"log\": true}}"}
{"op_code":5,"worker_id":"34519fab-a584-47db-9a87-122c0bd28c78-36008","trial_id":7,"param_name":"rollout-size","param_value_internal":1,"distribution":"{\"name\": \"CategoricalDistribution\", \"attributes\": {\"choices\": [2048, 4096, 8192, 16384]}}"}
{"op_code":5,"worker_id":"34519fab-a584-47db-9a87-122c0bd28c78-36008","trial_id":7,"param_name":"batch-size","param_value_internal":0,"distribution":"{\"name\": \"CategoricalDistribution\", \"attributes\": {\"choices\": [64, 256, 1024]}}"}
{"op_code":5,"worker_id":"34519fab-a584-47db-9a87-122c0bd28c78-36008","trial_id":7,"param_name":"n-epochs","param_value_internal":1,"distribution":"{\"name\": \"CategoricalDistribution\", \"attributes\": {\"choices\": [3, 5, 10]}}"}
{"op_code":5,"worker_id":"34519fab-a584-47db-9a87-122c0bd28c78-36008","trial_id":7,"param_name":"gamma","param_value_internal":0,"distribution":"{\"name\": \"CategoricalDistribution\", \"attributes\": {\"choices\": [0.99, 0.995, 0.999]}}"}
{"op_code":5,"worker_id":"34519fab-a584-47db-9a87-122c0bd28c78-36008","trial_id":7,"param_name":"gae-lambda","param_value_internal":0,"distribution":"{\"name\": \"CategoricalDistribution\", \"attributes\": {\"choices\": [0.9, 0.95, 0.98]}}"}
{"op_code":5,"worker_id":"34519fab-a584-47db-9a87-122c0bd28c78-36008","trial_id":7,"param_name":"clip-range","param_value_internal":0,"distribution":"{\"name\": \"CategoricalDistribution\", \"attributes\": {\"choices\": [0.1, 0.2, 0.3]}}"}
{"op_code":5,"worker_id":"34519fab-a584-47db-9a87-122c0bd28c78-36008","trial_id":7,"param_name":"ent-coef","param_value_internal":0.00017712267105509928,"distribution":"{\"name\": \"FloatDistribution\", \"attributes\": {\"step\": null, \"low\": 0.0001, \"high\": 0.03, \"log\": true}}"}
{"op_code":8,"worker_id":"34519fab-a584-47db-9a87-122c0bd28c78-36008","trial_id":7,"user_attr":{"train_argv":"--option 0 --reward-mode objective --objectives tardiness_sq --lambda-late 1.0 --lambda-energy 1.0 --power-model linear --difficulty off_tf05 --timesteps 300000 --save-tag tune_off_tf05_o0pmlubr_t7 --n-envs 4 --vec-backend subproc --seed 0 --algo ppo --markov-obs --lookahead --fixed-scaling --critic-arrivals --lateness-shaping --policy-arch pointer --learning-rate 3.20886e-05 --rollout-size 4096 --batch-size 64 --n-epochs 5 --gamma 0.99 --gae-lambda 0.9 --clip-range 0.1 --ent-coef 0.000177123"}}
{"op_code":7,"worker_id":"34519fab-a584-47db-9a87-122c0bd28c78-36008","trial_id":7,"step":75000,"intermediate_value":32682.6}
{"op_code":7,"worker_id":"34519fab-a584-47db-9a87-122c0bd28c78-36008","trial_id":7,"step":150000,"intermediate_value":32919.4}
{"op_code":7,"worker_id":"34519fab-a584-47db-9a87-122c0bd28c78-36008","trial_id":7,"step":225000,"intermediate_value":29901.2}
{"op_code":6,"worker_id":"34519fab-a584-47db-9a87-122c0bd28c78-36008","trial_id":7,"state":1,"values":[32534.9],"datetime_complete":"2026-10-07T02:57:18.178442"}
{"op_code":4,"worker_id":"34519fab-a584-47db-9a87-122c0bd28c78-36008","study_id":0,"datetime_start":"2026-10-07T02:57:18.393206"}
{"op_code":5,"worker_id":"34519fab-a584-47db-9a87-122c0bd28c78-36008","trial_id":8,"param_name":"learning-rate","param_value_internal":0.0007540181221018431,"distribution":"{\"name\": \"FloatDistribution\", \"attributes\": {\"step\": null, \"low\": 3e-05, \"high\": 0.001, \"log\": true}}"}
{"op_code":5,"worker_id":"34519fab-a584-47db-9a87-122c0bd28c78-36008","trial_id":8,"param_name":"rollout-size","param_value_internal":1,"distribution":"{\"name\": \"CategoricalDistribution\", \"attributes\": {\"choices\": [2048, 4096, 8192, 16384]}}"}
{"op_code":5,"worker_id":"34519fab-a584-47db-9a87-122c0bd28c78-36008","trial_id":8,"param_name":"batch-size","param_value_internal":1,"distribution":"{\"name\": \"CategoricalDistribution\", \"attributes\": {\"choices\": [64, 256, 1024]}}"}
{"op_code":5,"worker_id":"34519fab-a584-47db-9a87-122c0bd28c78-36008","trial_id":8,"param_name":"n-epochs","param_value_internal":0,"distribution":"{\"name\": \"CategoricalDistribution\", \"attributes\": {\"choices\": [3, 5, 10]}}"}
{"op_code":5,"worker_id":"34519fab-a584-47db-9a87-122c0bd28c78-36008","trial_id":8,"param_name":"gamma","param_value_internal":2,"distribution":"{\"name\": \"CategoricalDistribution\", \"attributes\": {\"choices\": [0.99, 0.995, 0.999]}}"}
{"op_code":5,"worker_id":"34519fab-a584-47db-9a87-122c0bd28c78-36008","trial_id":8,"param_name":"gae-lambda","param_value_internal":2,"distribution":"{\"name\": \"CategoricalDistribution\", \"attributes\": {\"choices\": [0.9, 0.95, 0.98]}}"}
{"op_code":5,"worker_id":"34519fab-a584-47db-9a87-122c0bd28c78-36008","trial_id":8,"param_name":"clip-range","param_value_internal":0,"distribution":"{\"name\": \"CategoricalDistribution\", \"attributes\": {\"choices\": [0.1, 0.2, 0.3]}}"}
{"op_code":5,"worker_id":"34519fab-a584-47db-9a87-122c0bd28c78-36008","trial_id":8,"param_name":"ent-coef","param_value_internal":0.000779308323413374,"distribution":"{\"name\": \"FloatDistribution\", \"attributes\": {\"step\": null, \"low\": 0.0001, \"high\": 0.03, \"log\": true}}"}
{"op_code":8,"worker_id":"34519fab-a584-47db-9a87-122c0bd28c78-36008","trial_id":8,"user_attr":{"train_argv":"--option 0 --reward-mode objective --objectives tardiness_sq --lambda-late 1.0 --lambda-energy 1.0 --power-model linear --difficulty off_tf05 --timesteps 300000 --save-tag tune_off_tf05_o0pmlubr_t8 --n-envs 4 --vec-backend subproc --seed 0 --algo ppo --markov-obs --lookahead --fixed-scaling --critic-arrivals --lateness-shaping --policy-arch pointer --learning-rate 0.000754018 --rollout-size 4096 --batch-size 256 --n-epochs 3 --gamma 0.999 --gae-lambda 0.98 --clip-range 0.1 --ent-coef 0.000779308"}}
{"op_code":7,"worker_id":"34519fab-a584-47db-9a87-122c0bd28c78-36008","trial_id":8,"step":75000,"intermediate_value":42560.4}
{"op_code":7,"worker_id":"34519fab-a584-47db-9a87-122c0bd28c78-36008","trial_id":8,"step":150000,"intermediate_value":44812.4}
{"op_code":6,"worker_id":"34519fab-a584-47db-9a87-122c0bd28c78-36008","trial_id":8,"state":2,"values":[44812.4],"datetime_complete":"2026-10-07T03:01:46.700013"}
{"op_code":4,"worker_id":"34519fab-a584-47db-9a87-122c0bd28c78-36008","study_id":0,"datetime_start":"2026-10-07T03:01:46.948267"}
{"op_code":5,"worker_id":"34519fab-a584-47db-9a87-122c0bd28c78-36008","trial_id":9,"param_name":"learning-rate","param_value_internal":0.0003879791314675207,"distribution":"{\"name\": \"FloatDistribution\", \"attributes\": {\"step\": null, \"low\": 3e-05, \"high\": 0.001, \"log\": true}}"}
{"op_code":5,"worker_id":"34519fab-a584-47db-9a87-122c0bd28c78-36008","trial_id":9,"param_name":"rollout-size","param_value_internal":1,"distribution":"{\"name\": \"CategoricalDistribution\", \"attributes\": {\"choices\": [2048, 4096, 8192, 16384]}}"}
{"op_code":5,"worker_id":"34519fab-a584-47db-9a87-122c0bd28c78-36008","trial_id":9,"param_name":"batch-size","param_value_internal":1,"distribution":"{\"name\": \"CategoricalDistribution\", \"attributes\": {\"choices\": [64, 256, 1024]}}"}
{"op_code":5,"worker_id":"34519fab-a584-47db-9a87-122c0bd28c78-36008","trial_id":9,"param_name":"n-epochs","param_value_internal":1,"distribution":"{\"name\": \"CategoricalDistribution\", \"attributes\": {\"choices\": [3, 5, 10]}}"}
{"op_code":5,"worker_id":"34519fab-a584-47db-9a87-122c0bd28c78-36008","trial_id":9,"param_name":"gamma","param_value_internal":2,"distribution":"{\"name\": \"CategoricalDistribution\", \"attributes\": {\"choices\": [0.99, 0.995, 0.999]}}"}
{"op_code":5,"worker_id":"34519fab-a584-47db-9a87-122c0bd28c78-36008","trial_id":9,"param_name":"gae-lambda","param_value_internal":2,"distribution":"{\"name\": \"CategoricalDistribution\", \"attributes\": {\"choices\": [0.9, 0.95, 0.98]}}"}
{"op_code":5,"worker_id":"34519fab-a584-47db-9a87-122c0bd28c78-36008","trial_id":9,"param_name":"clip-range","param_value_internal":0,"distribution":"{\"name\": \"CategoricalDistribution\", \"attributes\": {\"choices\": [0.1, 0.2, 0.3]}}"}
{"op_code":5,"worker_id":"34519fab-a584-47db-9a87-122c0bd28c78-36008","trial_id":9,"param_name":"ent-coef","param_value_internal":0.006435774191713849,"distribution":"{\"name\": \"FloatDistribution\", \"attributes\": {\"step\": null, \"low\": 0.0001, \"high\": 0.03, \"log\": true}}"}
{"op_code":8,"worker_id":"34519fab-a584-47db-9a87-122c0bd28c78-36008","trial_id":9,"user_attr":{"train_argv":"--option 0 --reward-mode objective --objectives tardiness_sq --lambda-late 1.0 --lambda-energy 1.0 --power-model linear --difficulty off_tf05 --timesteps 300000 --save-tag tune_off_tf05_o0pmlubr_t9 --n-envs 4 --vec-backend subproc --seed 0 --algo ppo --markov-obs --lookahead --fixed-scaling --critic-arrivals --lateness-shaping --policy-arch pointer --learning-rate 0.000387979 --rollout-size 4096 --batch-size 256 --n-epochs 5 --gamma 0.999 --gae-lambda 0.98 --clip-range 0.1 --ent-coef 0.00643577"}}
{"op_code":7,"worker_id":"34519fab-a584-47db-9a87-122c0bd28c78-36008","trial_id":9,"step":75000,"intermediate_value":43327.0}
{"op_code":6,"worker_id":"34519fab-a584-47db-9a87-122c0bd28c78-36008","trial_id":9,"state":2,"values":[43327.0],"datetime_complete":"2026-10-07T03:04:48.806806"}
{"op_code":4,"worker_id":"34519fab-a584-47db-9a87-122c0bd28c78-36008","study_id":0,"datetime_start":"2026-10-07T03:04:49.013277"}
{"op_code":5,"worker_id":"34519fab-a584-47db-9a87-122c0bd28c78-36008","trial_id":10,"param_name":"learning-rate","param_value_internal":3.221722939172648e-05,"distribution":"{\"name\": \"FloatDistribution\", \"attributes\": {\"step\": null, \"low\": 3e-05, \"high\": 0.001, \"log\": true}}"}
{"op_code":5,"worker_id":"34519fab-a584-47db-9a87-122c0bd28c78-36008","trial_id":10,"param_name":"rollout-size","param_value_internal":0,"distribution":"{\"name\": \"CategoricalDistribution\", \"attributes\": {\"choices\": [2048, 4096, 8192, 16384]}}"}
{"op_code":5,"worker_id":"34519fab-a584-47db-9a87-122c0bd28c78-36008","trial_id":10,"param_name":"batch-size","param_value_internal":0,"distribution":"{\"name\": \"CategoricalDistribution\", \"attributes\": {\"choices\": [64, 256, 1024]}}"}
{"op_code":5,"worker_id":"34519fab-a584-47db-9a87-122c0bd28c78-36008","trial_id":10,"param_name":"n-epochs","param_value_internal":1,"distribution":"{\"name\": \"CategoricalDistribution\", \"attributes\": {\"choices\": [3, 5, 10]}}"}
{"op_code":5,"worker_id":"34519fab-a584-47db-9a87-122c0bd28c78-36008","trial_id":10,"param_name":"gamma","param_value_internal":0,"distribution":"{\"name\": \"CategoricalDistribution\", \"attributes\": {\"choices\": [0.99, 0.995, 0.999]}}"}
{"op_code":5,"worker_id":"34519fab-a584-47db-9a87-122c0bd28c78-36008","trial_id":10,"param_name":"gae-lambda","param_value_internal":0,"distribution":"{\"name\": \"CategoricalDistribution\", \"attributes\": {\"choices\": [0.9, 0.95, 0.98]}}"}
{"op_code":5,"worker_id":"34519fab-a584-47db-9a87-122c0bd28c78-36008","trial_id":10,"param_name":"clip-range","param_value_internal":1,"distribution":"{\"name\": \"CategoricalDistribution\", \"attributes\": {\"choices\": [0.1, 0.2, 0.3]}}"}
{"op_code":5,"worker_id":"34519fab-a584-47db-9a87-122c0bd28c78-36008","trial_id":10,"param_name":"ent-coef","param_value_internal":0.0002220629598828265,"distribution":"{\"name\": \"FloatDistribution\", \"attributes\": {\"step\": null, \"low\": 0.0001, \"high\": 0.03, \"log\": true}}"}
{"op_code":8,"worker_id":"34519fab-a584-47db-9a87-122c0bd28c78-36008","trial_id":10,"user_attr":{"train_argv":"--option 0 --reward-mode objective --objectives tardiness_sq --lambda-late 1.0 --lambda-energy 1.0 --power-model linear --difficulty off_tf05 --timesteps 300000 --save-tag tune_off_tf05_o0pmlubr_t10 --n-envs 4 --vec-backend subproc --seed 0 --algo ppo --markov-obs --lookahead --fixed-scaling --critic-arrivals --lateness-shaping --policy-arch pointer --learning-rate 3.22172e-05 --rollout-size 2048 --batch-size 64 --n-epochs 5 --gamma 0.99 --gae-lambda 0.9 --clip-range 0.2 --ent-coef 0.000222063"}}
{"op_code":7,"worker_id":"34519fab-a584-47db-9a87-122c0bd28c78-36008","trial_id":10,"step":75000,"intermediate_value":1263276.6}
{"op_code":6,"worker_id":"34519fab-a584-47db-9a87-122c0bd28c78-36008","trial_id":10,"state":2,"values":[1263276.6],"datetime_complete":"2026-10-07T03:07:49.778815"}
{"op_code":4,"worker_id":"34519fab-a584-47db-9a87-122c0bd28c78-36008","study_id":0,"datetime_start":"2026-10-07T03:07:49.972880"}
{"op_code":5,"worker_id":"34519fab-a584-47db-9a87-122c0bd28c78-36008","trial_id":11,"param_name":"learning-rate","param_value_internal":8.198618751999935e-05,"distribution":"{\"name\": \"FloatDistribution\", \"attributes\": {\"step\": null, \"low\": 3e-05, \"high\": 0.001, \"log\": true}}"}
{"op_code":5,"worker_id":"34519fab-a584-47db-9a87-122c0bd28c78-36008","trial_id":11,"param_name":"rollout-size","param_value_internal":3,"distribution":"{\"name\": \"CategoricalDistribution\", \"attributes\": {\"choices\": [2048, 4096, 8192, 16384]}}"}
{"op_code":5,"worker_id":"34519fab-a584-47db-9a87-122c0bd28c78-36008","trial_id":11,"param_name":"batch-size","param_value_internal":0,"distribution":"{\"name\": \"CategoricalDistribution\", \"attributes\": {\"choices\": [64, 256, 1024]}}"}
{"op_code":5,"worker_id":"34519fab-a584-47db-9a87-122c0bd28c78-36008","trial_id":11,"param_name":"n-epochs","param_value_internal":1,"distribution":"{\"name\": \"CategoricalDistribution\", \"attributes\": {\"choices\": [3, 5, 10]}}"}
{"op_code":5,"worker_id":"34519fab-a584-47db-9a87-122c0bd28c78-36008","trial_id":11,"param_name":"gamma","param_value_internal":0,"distribution":"{\"name\": \"CategoricalDistribution\", \"attributes\": {\"choices\": [0.99, 0.995, 0.999]}}"}
{"op_code":5,"worker_id":"34519fab-a584-47db-9a87-122c0bd28c78-36008","trial_id":11,"param_name":"gae-lambda","param_value_internal":1,"distribution":"{\"name\": \"CategoricalDistribution\", \"attributes\": {\"choices\": [0.9, 0.95, 0.98]}}"}
{"op_code":5,"worker_id":"34519fab-a584-47db-9a87-122c0bd28c78-36008","trial_id":11,"param_name":"clip-range","param_value_internal":0,"distribution":"{\"name\": \"CategoricalDistribution\", \"attributes\": {\"choices\": [0.1, 0.2, 0.3]}}"}
{"op_code":5,"worker_id":"34519fab-a584-47db-9a87-122c0bd28c78-36008","trial_id":11,"param_name":"ent-coef","param_value_internal":0.00010137227674119245,"distribution":"{\"name\": \"FloatDistribution\", \"attributes\": {\"step\": null, \"low\": 0.0001, \"high\": 0.03, \"log\": true}}"}
{"op_code":8,"worker_id":"34519fab-a584-47db-9a87-122c0bd28c78-36008","trial_id":11,"user_attr":{"train_argv":"--option 0 --reward-mode objective --objectives tardiness_sq --lambda-late 1.0 --lambda-energy 1.0 --power-model linear --difficulty off_tf05 --timesteps 300000 --save-tag tune_off_tf05_o0pmlubr_t11 --n-envs 4 --vec-backend subproc --seed 0 --algo ppo --markov-obs --lookahead --fixed-scaling --critic-arrivals --lateness-shaping --policy-arch pointer --learning-rate 8.19862e-05 --rollout-size 16384 --batch-size 64 --n-epochs 5 --gamma 0.99 --gae-lambda 0.95 --clip-range 0.1 --ent-coef 0.000101372"}}
{"op_code":7,"worker_id":"34519fab-a584-47db-9a87-122c0bd28c78-36008","trial_id":11,"step":75000,"intermediate_value":49200.0}
{"op_code":6,"worker_id":"34519fab-a584-47db-9a87-122c0bd28c78-36008","trial_id":11,"state":2,"values":[49200.0],"datetime_complete":"2026-10-07T03:10:36.402040"}
{"op_code":0,"worker_id":"692fcbb4-dfd1-46f6-b94a-a945928e0859-38892","study_name":"off_tf05_o0pmlubr","directions":[1]}
{"op_code":0,"worker_id":"a2bfb173-815a-41dd-8791-7d606dbf4cf0-32432","study_name":"off_tf05_o0pmlubr","directions":[1]}
