{"op_code":0,"worker_id":"528f6b05-7acf-4f0b-afec-1269f3b4d66c-12016","study_name":"on_rho095_o3wmlubrze","directions":[1]}
{"op_code":4,"worker_id":"528f6b05-7acf-4f0b-afec-1269f3b4d66c-12016","study_id":0,"datetime_start":null,"state":4,"value":null,"values":null,"distributions":{},"params":{},"user_attrs":{"defaults":true},"system_attrs":{"fixed_params":{}},"intermediate_values":{}}
{"op_code":6,"worker_id":"528f6b05-7acf-4f0b-afec-1269f3b4d66c-12016","trial_id":0,"state":0,"values":null,"datetime_start":"2026-10-08T16:29:59.559353"}
{"op_code":8,"worker_id":"528f6b05-7acf-4f0b-afec-1269f3b4d66c-12016","trial_id":0,"user_attr":{"train_argv":"--option 3 --reward-mode objective --objectives tardiness_sq --lambda-late 1.0 --lambda-energy 1.0 --power-model linear --difficulty on_rho095 --timesteps 300000 --save-tag tune_on_rho095_o3wmlubrze_t0 --n-envs 4 --vec-backend subproc --seed 0 --algo ppo --markov-obs --lookahead --fixed-scaling --critic-arrivals --lateness-shaping --normalize-reward --event-idle --window-size 20"}}
{"op_code":7,"worker_id":"528f6b05-7acf-4f0b-afec-1269f3b4d66c-12016","trial_id":0,"step":75000,"intermediate_value":144910.8}
{"op_code":7,"worker_id":"528f6b05-7acf-4f0b-afec-1269f3b4d66c-12016","trial_id":0,"step":150000,"intermediate_value":73416.0}
{"op_code":7,"worker_id":"528f6b05-7acf-4f0b-afec-1269f3b4d66c-12016","trial_id":0,"step":225000,"intermediate_value":90897.8}
{"op_code":0,"worker_id":"0c2e3524-34db-424c-8497-5f83bf2fae94-36448","study_name":"on_rho095_o3wmlubrze","directions":[1]}
{"op_code":0,"worker_id":"cab536cf-fb71-4820-86bd-28960d52e44d-38104","study_name":"on_rho095_o3wmlubrze","directions":[1]}
{"op_code":0,"worker_id":"0703ace2-fa81-4db1-a22b-dbcbd84c5efa-32800","study_name":"on_rho095_o3wmlubrze","directions":[1]}
{"op_code":4,"worker_id":"0703ace2-fa81-4db1-a22b-dbcbd84c5efa-32800","study_id":0,"datetime_start":"2026-10-08T22:09:57.334438"}
{"op_code":5,"worker_id":"0703ace2-fa81-4db1-a22b-dbcbd84c5efa-32800","trial_id":1,"param_name":"learning-rate","param_value_internal":0.00012947776733736072,"distribution":"{\"name\": \"FloatDistribution\", \"attributes\": {\"step\": null, \"low\": 3e-05, \"high\": 0.001, \"log\": true}}"}
{"op_code":5,"worker_id":"0703ace2-fa81-4db1-a22b-dbcbd84c5efa-32800","trial_id":1,"param_name":"rollout-size","param_value_internal":0,"distribution":"{\"name\": \"CategoricalDistribution\", \"attributes\": {\"choices\": [2048, 4096, 8192, 16384]}}"}
{"op_code":5,"worker_id":"0703ace2-fa81-4db1-a22b-dbcbd84c5efa-32800","trial_id":1,"param_name":"batch-size","param_value_internal":2,"distribution":"{\"name\": \"CategoricalDistribution\", \"attributes\": {\"choices\": [64, 256, 1024]}}"}
{"op_code":5,"worker_id":"0703ace2-fa81-4db1-a22b-dbcbd84c5efa-32800","trial_id":1,"param_name":"n-epochs","param_value_internal":1,"distribution":"{\"name\": \"CategoricalDistribution\", \"attributes\": {\"choices\": [3, 5, 10]}}"}
{"op_code":5,"worker_id":"0703ace2-fa81-4db1-a22b-dbcbd84c5efa-32800","trial_id":1,"param_name":"gamma","param_value_internal":2,"distribution":"{\"name\": \"CategoricalDistribution\", \"attributes\": {\"choices\": [0.99, 0.995, 0.999]}}"}
{"op_code":5,"worker_id":"0703ace2-fa81-4db1-a22b-dbcbd84c5efa-32800","trial_id":1,"param_name":"gae-lambda","param_value_internal":1,"distribution":"{\"name\": \"CategoricalDistribution\", \"attributes\": {\"choices\": [0.9, 0.95, 0.98]}}"}
{"op_code":5,"worker_id":"0703ace2-fa81-4db1-a22b-dbcbd84c5efa-32800","trial_id":1,"param_name":"clip-range","param_value_internal":0,"distribution":"{\"name\": \"CategoricalDistribution\", \"attributes\": {\"choices\": [0.1, 0.2, 0.3]}}"}
{"op_code":5,"worker_id":"0703ace2-fa81-4db1-a22b-dbcbd84c5efa-32800","trial_id":1,"param_name":"ent-coef","param_value_internal":0.009628117698906266,"distribution":"{\"name\": \"FloatDistribution\", \"attributes\": {\"step\": null, \"low\": 0.0001, \"high\": 0.03, \"log\": true}}"}
{"op_code":8,"worker_id":"0703ace2-fa81-4db1-a22b-dbcbd84c5efa-32800","trial_id":1,"user_attr":{"train_argv":"--option 3 --reward-mode objective --objectives tardiness_sq --lambda-late 1.0 --lambda-energy 1.0 --power-model linear --difficulty on_rho095 --timesteps 300000 --save-tag tune_on_rho095_o3wmlubrze_t1 --n-envs 4 --vec-backend subproc --seed 0 --algo ppo --markov-obs --lookahead --fixed-scaling --critic-arrivals --lateness-shaping --normalize-reward --event-idle --window-size 20 --learning-rate 0.000129478 --rollout-size 2048 --batch-size 1024 --n-epochs 5 --gamma 0.999 --gae-lambda 0.95 --clip-range 0.1 --ent-coef 0.00962812"}}
{"op_code":7,"worker_id":"0703ace2-fa81-4db1-a22b-dbcbd84c5efa-32800","trial_id":1,"step":75000,"intermediate_value":156309.6}
{"op_code":7,"worker_id":"0703ace2-fa81-4db1-a22b-dbcbd84c5efa-32800","trial_id":1,"step":150000,"intermediate_value":157754.6}
{"op_code":7,"worker_id":"0703ace2-fa81-4db1-a22b-dbcbd84c5efa-32800","trial_id":1,"step":225000,"intermediate_value":178507.4}
{"op_code":6,"worker_id":"0703ace2-fa81-4db1-a22b-dbcbd84c5efa-32800","trial_id":1,"state":1,"values":[368499.9],"datetime_complete":"2026-10-08T22:19:21.937199"}
{"op_code":4,"worker_id":"0703ace2-fa81-4db1-a22b-dbcbd84c5efa-32800","study_id":0,"datetime_start":"2026-10-08T22:19:22.117583"}
{"op_code":5,"worker_id":"0703ace2-fa81-4db1-a22b-dbcbd84c5efa-32800","trial_id":2,"param_name":"learning-rate","param_value_internal":0.0008946769081974223,"distribution":"{\"name\": \"FloatDistribution\", \"attributes\": {\"step\": null, \"low\": 3e-05, \"high\": 0.001, \"log\": true}}"}
{"op_code":5,"worker_id":"0703ace2-fa81-4db1-a22b-dbcbd84c5efa-32800","trial_id":2,"param_name":"rollout-size","param_value_internal":3,"distribution":"{\"name\": \"CategoricalDistribution\", \"attributes\": {\"choices\": [2048, 4096, 8192, 16384]}}"}
{"op_code":5,"worker_id":"0703ace2-fa81-4db1-a22b-dbcbd84c5efa-32800","trial_id":2,"param_name":"batch-size","param_value_internal":2,"distribution":"{\"name\": \"CategoricalDistribution\", \"attributes\": {\"choices\": [64, 256, 1024]}}"}
{"op_code":5,"worker_id":"0703ace2-fa81-4db1-a22b-dbcbd84c5efa-32800","trial_id":2,"param_name":"n-epochs","param_value_internal":0,"distribution":"{\"name\": \"CategoricalDistribution\", \"attributes\": {\"choices\": [3, 5, 10]}}"}
{"op_code":5,"worker_id":"0703ace2-fa81-4db1-a22b-dbcbd84c5efa-32800","trial_id":2,"param_name":"gamma","param_value_internal":0,"distribution":"{\"name\": \"CategoricalDistribution\", \"attributes\": {\"choices\": [0.99, 0.995, 0.999]}}"}
{"op_code":5,"worker_id":"0703ace2-fa81-4db1-a22b-dbcbd84c5efa-32800","trial_id":2,"param_name":"gae-lambda","param_value_internal":2,"distribution":"{\"name\": \"CategoricalDistribution\", \"attributes\": {\"choices\": [0.9, 0.95, 0.98]}}"}
{"op_code":5,"worker_id":"0703ace2-fa81-4db1-a22b-dbcbd84c5efa-32800","trial_id":2,"param_name":"clip-range","param_value_internal":2,"distribution":"{\"name\": \"CategoricalDistribution\", \"attributes\": {\"choices\": [0.1, 0.2, 0.3]}}"}
{"op_code":5,"worker_id":"0703ace2-fa81-4db1-a22b-dbcbd84c5efa-32800","trial_id":2,"param_name":"ent-coef","param_value_internal":0.007133407671882763,"distribution":"{\"name\": \"FloatDistribution\", \"attributes\": {\"step\": null, \"low\": 0.0001, \"high\": 0.03, \"log\": true}}"}
{"op_code":8,"worker_id":"0703ace2-fa81-4db1-a22b-dbcbd84c5efa-32800","trial_id":2,"user_attr":{"train_argv":"--option 3 --reward-mode objective --objectives tardiness_sq --lambda-late 1.0 --lambda-energy 1.0 --power-model linear --difficulty on_rho095 --timesteps 300000 --save-tag tune_on_rho095_o3wmlubrze_t2 --n-envs 4 --vec-backend subproc --seed 0 --algo ppo --markov-obs --lookahead --fixed-scaling --critic-arrivals --lateness-shaping --normalize-reward --event-idle --window-size 20 --learning-rate 0.000894677 --rollout-size 16384 --batch-size 1024 --n-epochs 3 --gamma 0.99 --gae-lambda 0.98 --clip-range 0.3 --ent-coef 0.00713341"}}
{"op_code":6,"worker_id":"528f6b05-7acf-4f0b-afec-1269f3b4d66c-12016","trial_id":0,"state":1,"values":[114427.75],"datetime_complete":"2026-10-08T22:20:18.427164"}
{"op_code":4,"worker_id":"528f6b05-7acf-4f0b-afec-1269f3b4d66c-12016","study_id":0,"datetime_start":"2026-10-08T22:20:18.698780"}
{"op_code":5,"worker_id":"528f6b05-7acf-4f0b-afec-1269f3b4d66c-12016","trial_id":3,"param_name":"learning-rate","param_value_internal":0.00020554062603827,"distribution":"{\"name\": \"FloatDistribution\", \"attributes\": {\"step\": null, \"low\": 3e-05, \"high\": 0.001, \"log\": true}}"}
{"op_code":5,"worker_id":"528f6b05-7acf-4f0b-afec-1269f3b4d66c-12016","trial_id":3,"param_name":"rollout-size","param_value_internal":0,"distribution":"{\"name\": \"CategoricalDistribution\", \"attributes\": {\"choices\": [2048, 4096, 8192, 16384]}}"}
{"op_code":5,"worker_id":"528f6b05-7acf-4f0b-afec-1269f3b4d66c-12016","trial_id":3,"param_name":"batch-size","param_value_internal":2,"distribution":"{\"name\": \"CategoricalDistribution\", \"attributes\": {\"choices\": [64, 256, 1024]}}"}
{"op_code":5,"worker_id":"528f6b05-7acf-4f0b-afec-1269f3b4d66c-12016","trial_id":3,"param_name":"n-epochs","param_value_internal":0,"distribution":"{\"name\": \"CategoricalDistribution\", \"attributes\": {\"choices\": [3, 5, 10]}}"}
{"op_code":5,"worker_id":"528f6b05-7acf-4f0b-afec-1269f3b4d66c-12016","trial_id":3,"param_name":"gamma","param_value_internal":2,"distribution":"{\"name\": \"CategoricalDistribution\", \"attributes\": {\"choices\": [0.99, 0.995, 0.999]}}"}
{"op_code":5,"worker_id":"528f6b05-7acf-4f0b-afec-1269f3b4d66c-12016","trial_id":3,"param_name":"gae-lambda","param_value_internal":1,"distribution":"{\"name\": \"CategoricalDistribution\", \"attributes\": {\"choices\": [0.9, 0.95, 0.98]}}"}
{"op_code":5,"worker_id":"528f6b05-7acf-4f0b-afec-1269f3b4d66c-12016","trial_id":3,"param_name":"clip-range","param_value_internal":2,"distribution":"{\"name\": \"CategoricalDistribution\", \"attributes\": {\"choices\": [0.1, 0.2, 0.3]}}"}
{"op_code":5,"worker_id":"528f6b05-7acf-4f0b-afec-1269f3b4d66c-12016","trial_id":3,"param_name":"ent-coef","param_value_internal":0.02655561084998941,"distribution":"{\"name\": \"FloatDistribution\", \"attributes\": {\"step\": null, \"low\": 0.0001, \"high\": 0.03, \"log\": true}}"}
{"op_code":8,"worker_id":"528f6b05-7acf-4f0b-afec-1269f3b4d66c-12016","trial_id":3,"user_attr":{"train_argv":"--option 3 --reward-mode objective --objectives tardiness_sq --lambda-late 1.0 --lambda-energy 1.0 --power-model linear --difficulty on_rho095 --timesteps 300000 --save-tag tune_on_rho095_o3wmlubrze_t3 --n-envs 4 --vec-backend subproc --seed 0 --algo ppo --markov-obs --lookahead --fixed-scaling --critic-arrivals --lateness-shaping --normalize-reward --event-idle --window-size 20 --learning-rate 0.000205541 --rollout-size 2048 --batch-size 1024 --n-epochs 3 --gamma 0.999 --gae-lambda 0.95 --clip-range 0.3 --ent-coef 0.0265556"}}
{"op_code":7,"worker_id":"0703ace2-fa81-4db1-a22b-dbcbd84c5efa-32800","trial_id":2,"step":75000,"intermediate_value":65239.0}
{"op_code":7,"worker_id":"528f6b05-7acf-4f0b-afec-1269f3b4d66c-12016","trial_id":3,"step":75000,"intermediate_value":204238.4}
{"op_code":7,"worker_id":"0703ace2-fa81-4db1-a22b-dbcbd84c5efa-32800","trial_id":2,"step":150000,"intermediate_value":63088.0}
{"op_code":7,"worker_id":"528f6b05-7acf-4f0b-afec-1269f3b4d66c-12016","trial_id":3,"step":150000,"intermediate_value":282253.4}
{"op_code":7,"worker_id":"0703ace2-fa81-4db1-a22b-dbcbd84c5efa-32800","trial_id":2,"step":225000,"intermediate_value":69662.8}
{"op_code":7,"worker_id":"528f6b05-7acf-4f0b-afec-1269f3b4d66c-12016","trial_id":3,"step":225000,"intermediate_value":274374.8}
{"op_code":6,"worker_id":"0703ace2-fa81-4db1-a22b-dbcbd84c5efa-32800","trial_id":2,"state":1,"values":[53572.35],"datetime_complete":"2026-10-08T22:28:22.628854"}
{"op_code":4,"worker_id":"0703ace2-fa81-4db1-a22b-dbcbd84c5efa-32800","study_id":0,"datetime_start":"2026-10-08T22:28:22.867597"}
{"op_code":5,"worker_id":"0703ace2-fa81-4db1-a22b-dbcbd84c5efa-32800","trial_id":4,"param_name":"learning-rate","param_value_internal":8.020537052571766e-05,"distribution":"{\"name\": \"FloatDistribution\", \"attributes\": {\"step\": null, \"low\": 3e-05, \"high\": 0.001, \"log\": true}}"}
{"op_code":5,"worker_id":"0703ace2-fa81-4db1-a22b-dbcbd84c5efa-32800","trial_id":4,"param_name":"rollout-size","param_value_internal":3,"distribution":"{\"name\": \"CategoricalDistribution\", \"attributes\": {\"choices\": [2048, 4096, 8192, 16384]}}"}
{"op_code":5,"worker_id":"0703ace2-fa81-4db1-a22b-dbcbd84c5efa-32800","trial_id":4,"param_name":"batch-size","param_value_internal":0,"distribution":"{\"name\": \"CategoricalDistribution\", \"attributes\": {\"choices\": [64, 256, 1024]}}"}
{"op_code":5,"worker_id":"0703ace2-fa81-4db1-a22b-dbcbd84c5efa-32800","trial_id":4,"param_name":"n-epochs","param_value_internal":1,"distribution":"{\"name\": \"CategoricalDistribution\", \"attributes\": {\"choices\": [3, 5, 10]}}"}
{"op_code":5,"worker_id":"0703ace2-fa81-4db1-a22b-dbcbd84c5efa-32800","trial_id":4,"param_name":"gamma","param_value_internal":1,"distribution":"{\"name\": \"CategoricalDistribution\", \"attributes\": {\"choices\": [0.99, 0.995, 0.999]}}"}
{"op_code":5,"worker_id":"0703ace2-fa81-4db1-a22b-dbcbd84c5efa-32800","trial_id":4,"param_name":"gae-lambda","param_value_internal":2,"distribution":"{\"name\": \"CategoricalDistribution\", \"attributes\": {\"choices\": [0.9, 0.95, 0.98]}}"}
{"op_code":5,"worker_id":"0703ace2-fa81-4db1-a22b-dbcbd84c5efa-32800","trial_id":4,"param_name":"clip-range","param_value_internal":0,"distribution":"{\"name\": \"CategoricalDistribution\", \"attributes\": {\"choices\": [0.1, 0.2, 0.3]}}"}
{"op_code":5,"worker_id":"0703ace2-fa81-4db1-a22b-dbcbd84c5efa-32800","trial_id":4,"param_name":"ent-coef","param_value_internal":0.005249445001691897,"distribution":"{\"name\": \"FloatDistribution\", \"attributes\": {\"step\": null, \"low\": 0.0001, \"high\": 0.03, \"log\": true}}"}
{"op_code":8,"worker_id":"0703ace2-fa81-4db1-a22b-dbcbd84c5efa-32800","trial_id":4,"user_attr":{"train_argv":"--option 3 --reward-mode objective --objectives tardiness_sq --lambda-late 1.0 --lambda-energy 1.0 --power-model linear --difficulty on_rho095 --timesteps 300000 --save-tag tune_on_rho095_o3wmlubrze_t4 --n-envs 4 --vec-backend subproc --seed 0 --algo ppo --markov-obs --lookahead --fixed-scaling --critic-arrivals --lateness-shaping --normalize-reward --event-idle --window-size 20 --learning-rate 8.02054e-05 --rollout-size 16384 --batch-size 64 --n-epochs 5 --gamma 0.995 --gae-lambda 0.98 --clip-range 0.1 --ent-coef 0.00524945"}}
{"op_code":6,"worker_id":"528f6b05-7acf-4f0b-afec-1269f3b4d66c-12016","trial_id":3,"state":1,"values":[105426.0],"datetime_complete":"2026-10-08T22:29:13.972608"}
{"op_code":4,"worker_id":"528f6b05-7acf-4f0b-afec-1269f3b4d66c-12016","study_id":0,"datetime_start":"2026-10-08T22:29:14.165990"}
{"op_code":5,"worker_id":"528f6b05-7acf-4f0b-afec-1269f3b4d66c-12016","trial_id":5,"param_name":"learning-rate","param_value_internal":0.0004944733002746453,"distribution":"{\"name\": \"FloatDistribution\", \"attributes\": {\"step\": null, \"low\": 3e-05, \"high\": 0.001, \"log\": true}}"}
{"op_code":5,"worker_id":"528f6b05-7acf-4f0b-afec-1269f3b4d66c-12016","trial_id":5,"param_name":"rollout-size","param_value_internal":1,"distribution":"{\"name\": \"CategoricalDistribution\", \"attributes\": {\"choices\": [2048, 4096, 8192, 16384]}}"}
{"op_code":5,"worker_id":"528f6b05-7acf-4f0b-afec-1269f3b4d66c-12016","trial_id":5,"param_name":"batch-size","param_value_internal":1,"distribution":"{\"name\": \"CategoricalDistribution\", \"attributes\": {\"choices\": [64, 256, 1024]}}"}
{"op_code":5,"worker_id":"528f6b05-7acf-4f0b-afec-1269f3b4d66c-12016","trial_id":5,"param_name":"n-epochs","param_value_internal":2,"distribution":"{\"name\": \"CategoricalDistribution\", \"attributes\": {\"choices\": [3, 5, 10]}}"}
{"op_code":5,"worker_id":"528f6b05-7acf-4f0b-afec-1269f3b4d66c-12016","trial_id":5,"param_name":"gamma","param_value_internal":1,"distribution":"{\"name\": \"CategoricalDistribution\", \"attributes\": {\"choices\": [0.99, 0.995, 0.999]}}"}
{"op_code":5,"worker_id":"528f6b05-7acf-4f0b-afec-1269f3b4d66c-12016","trial_id":5,"param_name":"gae-lambda","param_value_internal":0,"distribution":"{\"name\": \"CategoricalDistribution\", \"attributes\": {\"choices\": [0.9, 0.95, 0.98]}}"}
{"op_code":5,"worker_id":"528f6b05-7acf-4f0b-afec-1269f3b4d66c-12016","trial_id":5,"param_name":"clip-range","param_value_internal":0,"distribution":"{\"name\": \"CategoricalDistribution\", \"attributes\": {\"choices\": [0.1, 0.2, 0.3]}}"}
{"op_code":5,"worker_id":"528f6b05-7acf-4f0b-afec-1269f3b4d66c-12016","trial_id":5,"param_name":"ent-coef","param_value_internal":0.0012094311268425492,"distribution":"{\"name\": \"FloatDistribution\", \"attributes\": {\"step\": null, \"low\": 0.0001, \"high\": 0.03, \"log\": true}}"}
{"op_code":8,"worker_id":"528f6b05-7acf-4f0b-afec-1269f3b4d66c-12016","trial_id":5,"user_attr":{"train_argv":"--option 3 --reward-mode objective --objectives tardiness_sq --lambda-late 1.0 --lambda-energy 1.0 --power-model linear --difficulty on_rho095 --timesteps 300000 --save-tag tune_on_rho095_o3wmlubrze_t5 --n-envs 4 --vec-backend subproc --seed 0 --algo ppo --markov-obs --lookahead --fixed-scaling --critic-arrivals --lateness-shaping --normalize-reward --event-idle --window-size 20 --learning-rate 0.000494473 --rollout-size 4096 --batch-size 256 --n-epochs 10 --gamma 0.995 --gae-lambda 0.9 --clip-range 0.1 --ent-coef 0.00120943"}}
{"op_code":7,"worker_id":"0703ace2-fa81-4db1-a22b-dbcbd84c5efa-32800","trial_id":4,"step":75000,"intermediate_value":66335.4}
{"op_code":7,"worker_id":"528f6b05-7acf-4f0b-afec-1269f3b4d66c-12016","trial_id":5,"step":75000,"intermediate_value":101604.6}
{"op_code":7,"worker_id":"0703ace2-fa81-4db1-a22b-dbcbd84c5efa-32800","trial_id":4,"step":150000,"intermediate_value":53342.2}
{"op_code":7,"worker_id":"528f6b05-7acf-4f0b-afec-1269f3b4d66c-12016","trial_id":5,"step":150000,"intermediate_value":155279.4}
{"op_code":7,"worker_id":"0703ace2-fa81-4db1-a22b-dbcbd84c5efa-32800","trial_id":4,"step":225000,"intermediate_value":51424.4}
{"op_code":7,"worker_id":"528f6b05-7acf-4f0b-afec-1269f3b4d66c-12016","trial_id":5,"step":225000,"intermediate_value":106403.6}
{"op_code":6,"worker_id":"0703ace2-fa81-4db1-a22b-dbcbd84c5efa-32800","trial_id":4,"state":1,"values":[67696.7],"datetime_complete":"2026-10-08T22:40:45.015304"}
{"op_code":4,"worker_id":"0703ace2-fa81-4db1-a22b-dbcbd84c5efa-32800","study_id":0,"datetime_start":"2026-10-08T22:40:45.249455"}
{"op_code":5,"worker_id":"0703ace2-fa81-4db1-a22b-dbcbd84c5efa-32800","trial_id":6,"param_name":"learning-rate","param_value_internal":0.00012819351653117325,"distribution":"{\"name\": \"FloatDistribution\", \"attributes\": {\"step\": null, \"low\": 3e-05, \"high\": 0.001, \"log\": true}}"}
{"op_code":5,"worker_id":"0703ace2-fa81-4db1-a22b-dbcbd84c5efa-32800","trial_id":6,"param_name":"rollout-size","param_value_internal":2,"distribution":"{\"name\": \"CategoricalDistribution\", \"attributes\": {\"choices\": [2048, 4096, 8192, 16384]}}"}
{"op_code":5,"worker_id":"0703ace2-fa81-4db1-a22b-dbcbd84c5efa-32800","trial_id":6,"param_name":"batch-size","param_value_internal":0,"distribution":"{\"name\": \"CategoricalDistribution\", \"attributes\": {\"choices\": [64, 256, 1024]}}"}
{"op_code":5,"worker_id":"0703ace2-fa81-4db1-a22b-dbcbd84c5efa-32800","trial_id":6,"param_name":"n-epochs","param_value_internal":2,"distribution":"{\"name\": \"CategoricalDistribution\", \"attributes\": {\"choices\": [3, 5, 10]}}"}
{"op_code":5,"worker_id":"0703ace2-fa81-4db1-a22b-dbcbd84c5efa-32800","trial_id":6,"param_name":"gamma","param_value_internal":2,"distribution":"{\"name\": \"CategoricalDistribution\", \"attributes\": {\"choices\": [0.99, 0.995, 0.999]}}"}
{"op_code":5,"worker_id":"0703ace2-fa81-4db1-a22b-dbcbd84c5efa-32800","trial_id":6,"param_name":"gae-lambda","param_value_internal":1,"distribution":"{\"name\": \"CategoricalDistribution\", \"attributes\": {\"choices\": [0.9, 0.95, 0.98]}}"}
{"op_code":5,"worker_id":"0703ace2-fa81-4db1-a22b-dbcbd84c5efa-32800","trial_id":6,"param_name":"clip-range","param_value_internal":0,"distribution":"{\"name\": \"CategoricalDistribution\", \"attributes\": {\"choices\": [0.1, 0.2, 0.3]}}"}
{"op_code":5,"worker_id":"0703ace2-fa81-4db1-a22b-dbcbd84c5efa-32800","trial_id":6,"param_name":"ent-coef","param_value_internal":0.0007315828206835942,"distribution":"{\"name\": \"FloatDistribution\", \"attributes\": {\"step\": null, \"low\": 0.0001, \"high\": 0.03, \"log\": true}}"}
{"op_code":8,"worker_id":"0703ace2-fa81-4db1-a22b-dbcbd84c5efa-32800","trial_id":6,"user_attr":{"train_argv":"--option 3 --reward-mode objective --objectives tardiness_sq --lambda-late 1.0 --lambda-energy 1.0 --power-model linear --difficulty on_rho095 --timesteps 300000 --save-tag tune_on_rho095_o3wmlubrze_t6 --n-envs 4 --vec-backend subproc --seed 0 --algo ppo --markov-obs --lookahead --fixed-scaling --critic-arrivals --lateness-shaping --normalize-reward --event-idle --window-size 20 --learning-rate 0.000128194 --rollout-size 8192 --batch-size 64 --n-epochs 10 --gamma 0.999 --gae-lambda 0.95 --clip-range 0.1 --ent-coef 0.000731583"}}
{"op_code":6,"worker_id":"528f6b05-7acf-4f0b-afec-1269f3b4d66c-12016","trial_id":5,"state":1,"values":[115299.8],"datetime_complete":"2026-10-08T22:42:20.235850"}
{"op_code":4,"worker_id":"528f6b05-7acf-4f0b-afec-1269f3b4d66c-12016","study_id":0,"datetime_start":"2026-10-08T22:42:20.374262"}
{"op_code":5,"worker_id":"528f6b05-7acf-4f0b-afec-1269f3b4d66c-12016","trial_id":7,"param_name":"learning-rate","param_value_internal":0.0003463609921766881,"distribution":"{\"name\": \"FloatDistribution\", \"attributes\": {\"step\": null, \"low\": 3e-05, \"high\": 0.001, \"log\": true}}"}
{"op_code":5,"worker_id":"528f6b05-7acf-4f0b-afec-1269f3b4d66c-12016","trial_id":7,"param_name":"rollout-size","param_value_internal":2,"distribution":"{\"name\": \"CategoricalDistribution\", \"attributes\": {\"choices\": [2048, 4096, 8192, 16384]}}"}
{"op_code":5,"worker_id":"528f6b05-7acf-4f0b-afec-1269f3b4d66c-12016","trial_id":7,"param_name":"batch-size","param_value_internal":2,"distribution":"{\"name\": \"CategoricalDistribution\", \"attributes\": {\"choices\": [64, 256, 1024]}}"}
{"op_code":5,"worker_id":"528f6b05-7acf-4f0b-afec-1269f3b4d66c-12016","trial_id":7,"param_name":"n-epochs","param_value_internal":2,"distribution":"{\"name\": \"CategoricalDistribution\", \"attributes\": {\"choices\": [3, 5, 10]}}"}
{"op_code":5,"worker_id":"528f6b05-7acf-4f0b-afec-1269f3b4d66c-12016","trial_id":7,"param_name":"gamma","param_value_internal":1,"distribution":"{\"name\": \"CategoricalDistribution\", \"attributes\": {\"choices\": [0.99, 0.995, 0.999]}}"}
{"op_code":5,"worker_id":"528f6b05-7acf-4f0b-afec-1269f3b4d66c-12016","trial_id":7,"param_name":"gae-lambda","param_value_internal":0,"distribution":"{\"name\": \"CategoricalDistribution\", \"attributes\": {\"choices\": [0.9, 0.95, 0.98]}}"}
{"op_code":5,"worker_id":"528f6b05-7acf-4f0b-afec-1269f3b4d66c-12016","trial_id":7,"param_name":"clip-range","param_value_internal":0,"distribution":"{\"name\": \"CategoricalDistribution\", \"attributes\": {\"choices\": [0.1, 0.2, 0.3]}}"}
{"op_code":5,"worker_id":"528f6b05-7acf-4f0b-afec-1269f3b4d66c-12016","trial_id":7,"param_name":"ent-coef","param_value_internal":0.0042248177213228075,"distribution":"{\"name\": \"FloatDistribution\", \"attributes\": {\"step\": null, \"low\": 0.0001, \"high\": 0.03, \"log\": true}}"}
{"op_code":8,"worker_id":"528f6b05-7acf-4f0b-afec-1269f3b4d66c-12016","trial_id":7,"user_attr":{"train_argv":"--option 3 --reward-mode objective --objectives tardiness_sq --lambda-late 1.0 --lambda-energy 1.0 --power-model linear --difficulty on_rho095 --timesteps 300000 --save-tag tune_on_rho095_o3wmlubrze_t7 --n-envs 4 --vec-backend subproc --seed 0 --algo ppo --markov-obs --lookahead --fixed-scaling --critic-arrivals --lateness-shaping --normalize-reward --event-idle --window-size 20 --learning-rate 0.000346361 --rollout-size 8192 --batch-size 1024 --n-epochs 10 --gamma 0.995 --gae-lambda 0.9 --clip-range 0.1 --ent-coef 0.00422482"}}
{"op_code":7,"worker_id":"0703ace2-fa81-4db1-a22b-dbcbd84c5efa-32800","trial_id":6,"step":75000,"intermediate_value":119777.0}
{"op_code":7,"worker_id":"528f6b05-7acf-4f0b-afec-1269f3b4d66c-12016","trial_id":7,"step":75000,"intermediate_value":57054.4}
{"op_code":7,"worker_id":"0703ace2-fa81-4db1-a22b-dbcbd84c5efa-32800","trial_id":6,"step":150000,"intermediate_value":179879.0}
{"op_code":6,"worker_id":"0703ace2-fa81-4db1-a22b-dbcbd84c5efa-32800","trial_id":6,"state":2,"values":[179879.0],"datetime_complete":"2026-10-08T22:47:43.453211"}
{"op_code":4,"worker_id":"0703ace2-fa81-4db1-a22b-dbcbd84c5efa-32800","study_id":0,"datetime_start":"2026-10-08T22:47:43.713237"}
{"op_code":5,"worker_id":"0703ace2-fa81-4db1-a22b-dbcbd84c5efa-32800","trial_id":8,"param_name":"learning-rate","param_value_internal":7.730163929099126e-05,"distribution":"{\"name\": \"FloatDistribution\", \"attributes\": {\"step\": null, \"low\": 3e-05, \"high\": 0.001, \"log\": true}}"}
{"op_code":5,"worker_id":"0703ace2-fa81-4db1-a22b-dbcbd84c5efa-32800","trial_id":8,"param_name":"rollout-size","param_value_internal":2,"distribution":"{\"name\": \"CategoricalDistribution\", \"attributes\": {\"choices\": [2048, 4096, 8192, 16384]}}"}
{"op_code":5,"worker_id":"0703ace2-fa81-4db1-a22b-dbcbd84c5efa-32800","trial_id":8,"param_name":"batch-size","param_value_internal":2,"distribution":"{\"name\": \"CategoricalDistribution\", \"attributes\": {\"choices\": [64, 256, 1024]}}"}
{"op_code":5,"worker_id":"0703ace2-fa81-4db1-a22b-dbcbd84c5efa-32800","trial_id":8,"param_name":"n-epochs","param_value_internal":1,"distribution":"{\"name\": \"CategoricalDistribution\", \"attributes\": {\"choices\": [3, 5, 10]}}"}
{"op_code":5,"worker_id":"0703ace2-fa81-4db1-a22b-dbcbd84c5efa-32800","trial_id":8,"param_name":"gamma","param_value_internal":1,"distribution":"{\"name\": \"CategoricalDistribution\", \"attributes\": {\"choices\": [0.99, 0.995, 0.999]}}"}
{"op_code":5,"worker_id":"0703ace2-fa81-4db1-a22b-dbcbd84c5efa-32800","trial_id":8,"param_name":"gae-lambda","param_value_internal":1,"distribution":"{\"name\": \"CategoricalDistribution\", \"attributes\": {\"choices\": [0.9, 0.95, 0.98]}}"}
{"op_code":5,"worker_id":"0703ace2-fa81-4db1-a22b-dbcbd84c5efa-32800","trial_id":8,"param_name":"clip-range","param_value_internal":1,"distribution":"{\"name\": \"CategoricalDistribution\", \"attributes\": {\"choices\": [0.1, 0.2, 0.3]}}"}
{"op_code":5,"worker_id":"0703ace2-fa81-4db1-a22b-dbcbd84c5efa-32800","trial_id":8,"param_name":"ent-coef","param_value_internal":0.0178053999350902,"distribution":"{\"name\": \"FloatDistribution\", \"attributes\": {\"step\": null, \"low\": 0.0001, \"high\": 0.03, \"log\": true}}"}
{"op_code":8,"worker_id":"0703ace2-fa81-4db1-a22b-dbcbd84c5efa-32800","trial_id":8,"user_attr":{"train_argv":"--option 3 --reward-mode objective --objectives tardiness_sq --lambda-late 1.0 --lambda-energy 1.0 --power-model linear --difficulty on_rho095 --timesteps 300000 --save-tag tune_on_rho095_o3wmlubrze_t8 --n-envs 4 --vec-backend subproc --seed 0 --algo ppo --markov-obs --lookahead --fixed-scaling --critic-arrivals --lateness-shaping --normalize-reward --event-idle --window-size 20 --learning-rate 7.73016e-05 --rollout-size 8192 --batch-size 1024 --n-epochs 5 --gamma 0.995 --gae-lambda 0.95 --clip-range 0.2 --ent-coef 0.0178054"}}
{"op_code":7,"worker_id":"528f6b05-7acf-4f0b-afec-1269f3b4d66c-12016","trial_id":7,"step":150000,"intermediate_value":129382.4}
{"op_code":7,"worker_id":"0703ace2-fa81-4db1-a22b-dbcbd84c5efa-32800","trial_id":8,"step":75000,"intermediate_value":77902.8}
{"op_code":7,"worker_id":"528f6b05-7acf-4f0b-afec-1269f3b4d66c-12016","trial_id":7,"step":225000,"intermediate_value":123200.4}
{"op_code":7,"worker_id":"0703ace2-fa81-4db1-a22b-dbcbd84c5efa-32800","trial_id":8,"step":150000,"intermediate_value":83665.8}
{"op_code":7,"worker_id":"0703ace2-fa81-4db1-a22b-dbcbd84c5efa-32800","trial_id":8,"step":225000,"intermediate_value":69266.2}
{"op_code":6,"worker_id":"528f6b05-7acf-4f0b-afec-1269f3b4d66c-12016","trial_id":7,"state":1,"values":[160509.7],"datetime_complete":"2026-10-08T22:55:13.917214"}
{"op_code":4,"worker_id":"528f6b05-7acf-4f0b-afec-1269f3b4d66c-12016","study_id":0,"datetime_start":"2026-10-08T22:55:14.150858"}
{"op_code":5,"worker_id":"528f6b05-7acf-4f0b-afec-1269f3b4d66c-12016","trial_id":9,"param_name":"learning-rate","param_value_internal":4.8703159315306354e-05,"distribution":"{\"name\": \"FloatDistribution\", \"attributes\": {\"step\": null, \"low\": 3e-05, \"high\": 0.001, \"log\": true}}"}
{"op_code":5,"worker_id":"528f6b05-7acf-4f0b-afec-1269f3b4d66c-12016","trial_id":9,"param_name":"rollout-size","param_value_internal":2,"distribution":"{\"name\": \"CategoricalDistribution\", \"attributes\": {\"choices\": [2048, 4096, 8192, 16384]}}"}
{"op_code":5,"worker_id":"528f6b05-7acf-4f0b-afec-1269f3b4d66c-12016","trial_id":9,"param_name":"batch-size","param_value_internal":2,"distribution":"{\"name\": \"CategoricalDistribution\", \"attributes\": {\"choices\": [64, 256, 1024]}}"}
{"op_code":5,"worker_id":"528f6b05-7acf-4f0b-afec-1269f3b4d66c-12016","trial_id":9,"param_name":"n-epochs","param_value_internal":1,"distribution":"{\"name\": \"CategoricalDistribution\", \"attributes\": {\"choices\": [3, 5, 10]}}"}
{"op_code":5,"worker_id":"528f6b05-7acf-4f0b-afec-1269f3b4d66c-12016","trial_id":9,"param_name":"gamma","param_value_internal":0,"distribution":"{\"name\": \"CategoricalDistribution\", \"attributes\": {\"choices\": [0.99, 0.995, 0.999]}}"}
{"op_code":5,"worker_id":"528f6b05-7acf-4f0b-afec-1269f3b4d66c-12016","trial_id":9,"param_name":"gae-lambda","param_value_internal":1,"distribution":"{\"name\": \"CategoricalDistribution\", \"attributes\": {\"choices\": [0.9, 0.95, 0.98]}}"}
{"op_code":5,"worker_id":"528f6b05-7acf-4f0b-afec-1269f3b4d66c-12016","trial_id":9,"param_name":"clip-range","param_value_internal":1,"distribution":"{\"name\": \"CategoricalDistribution\", \"attributes\": {\"choices\": [0.1, 0.2, 0.3]}}"}
{"op_code":5,"worker_id":"528f6b05-7acf-4f0b-afec-1269f3b4d66c-12016","trial_id":9,"param_name":"ent-coef","param_value_internal":0.005192032534497486,"distribution":"{\"name\": \"FloatDistribution\", \"attributes\": {\"step\": null, \"low\": 0.0001, \"high\": 0.03, \"log\": true}}"}
{"op_code":8,"worker_id":"528f6b05-7acf-4f0b-afec-1269f3b4d66c-12016","trial_id":9,"user_attr":{"train_argv":"--option 3 --reward-mode objective --objectives tardiness_sq --lambda-late 1.0 --lambda-energy 1.0 --power-model linear --difficulty on_rho095 --timesteps 300000 --save-tag tune_on_rho095_o3wmlubrze_t9 --n-envs 4 --vec-backend subproc --seed 0 --algo ppo --markov-obs --lookahead --fixed-scaling --critic-arrivals --lateness-shaping --normalize-reward --event-idle --window-size 20 --learning-rate 4.87032e-05 --rollout-size 8192 --batch-size 1024 --n-epochs 5 --gamma 0.99 --gae-lambda 0.95 --clip-range 0.2 --ent-coef 0.00519203"}}
{"op_code":7,"worker_id":"528f6b05-7acf-4f0b-afec-1269f3b4d66c-12016","trial_id":9,"step":75000,"intermediate_value":104580.6}
{"op_code":6,"worker_id":"528f6b05-7acf-4f0b-afec-1269f3b4d66c-12016","trial_id":9,"state":2,"values":[104580.6],"datetime_complete":"2026-10-08T22:57:40.018499"}
{"op_code":4,"worker_id":"528f6b05-7acf-4f0b-afec-1269f3b4d66c-12016","study_id":0,"datetime_start":"2026-10-08T22:57:40.260755"}
{"op_code":5,"worker_id":"528f6b05-7acf-4f0b-afec-1269f3b4d66c-12016","trial_id":10,"param_name":"learning-rate","param_value_internal":0.00021876939530160837,"distribution":"{\"name\": \"FloatDistribution\", \"attributes\": {\"step\": null, \"low\": 3e-05, \"high\": 0.001, \"log\": true}}"}
{"op_code":5,"worker_id":"528f6b05-7acf-4f0b-afec-1269f3b4d66c-12016","trial_id":10,"param_name":"rollout-size","param_value_internal":3,"distribution":"{\"name\": \"CategoricalDistribution\", \"attributes\": {\"choices\": [2048, 4096, 8192, 16384]}}"}
{"op_code":5,"worker_id":"528f6b05-7acf-4f0b-afec-1269f3b4d66c-12016","trial_id":10,"param_name":"batch-size","param_value_internal":0,"distribution":"{\"name\": \"CategoricalDistribution\", \"attributes\": {\"choices\": [64, 256, 1024]}}"}
{"op_code":5,"worker_id":"528f6b05-7acf-4f0b-afec-1269f3b4d66c-12016","trial_id":10,"param_name":"n-epochs","param_value_internal":1,"distribution":"{\"name\": \"CategoricalDistribution\", \"attributes\": {\"choices\": [3, 5, 10]}}"}
{"op_code":5,"worker_id":"528f6b05-7acf-4f0b-afec-1269f3b4d66c-12016","trial_id":10,"param_name":"gamma","param_value_internal":1,"distribution":"{\"name\": \"CategoricalDistribution\", \"attributes\": {\"choices\": [0.99, 0.995, 0.999]}}"}
{"op_code":5,"worker_id":"528f6b05-7acf-4f0b-afec-1269f3b4d66c-12016","trial_id":10,"param_name":"gae-lambda","param_value_internal":0,"distribution":"{\"name\": \"CategoricalDistribution\", \"attributes\": {\"choices\": [0.9, 0.95, 0.98]}}"}
{"op_code":5,"worker_id":"528f6b05-7acf-4f0b-afec-1269f3b4d66c-12016","trial_id":10,"param_name":"clip-range","param_value_internal":2,"distribution":"{\"name\": \"CategoricalDistribution\", \"attributes\": {\"choices\": [0.1, 0.2, 0.3]}}"}
{"op_code":5,"worker_id":"528f6b05-7acf-4f0b-afec-1269f3b4d66c-12016","trial_id":10,"param_name":"ent-coef","param_value_internal":0.000413229862740349,"distribution":"{\"name\": \"FloatDistribution\", \"attributes\": {\"step\": null, \"low\": 0.0001, \"high\": 0.03, \"log\": true}}"}
{"op_code":8,"worker_id":"528f6b05-7acf-4f0b-afec-1269f3b4d66c-12016","trial_id":10,"user_attr":{"train_argv":"--option 3 --reward-mode objective --objectives tardiness_sq --lambda-late 1.0 --lambda-energy 1.0 --power-model linear --difficulty on_rho095 --timesteps 300000 --save-tag tune_on_rho095_o3wmlubrze_t10 --n-envs 4 --vec-backend subproc --seed 0 --algo ppo --markov-obs --lookahead --fixed-scaling --critic-arrivals --lateness-shaping --normalize-reward --event-idle --window-size 20 --learning-rate 0.000218769 --rollout-size 16384 --batch-size 64 --n-epochs 5 --gamma 0.995 --gae-lambda 0.9 --clip-range 0.3 --ent-coef 0.00041323"}}
{"op_code":6,"worker_id":"0703ace2-fa81-4db1-a22b-dbcbd84c5efa-32800","trial_id":8,"state":1,"values":[102249.5],"datetime_complete":"2026-10-08T22:57:43.872269"}
{"op_code":4,"worker_id":"0703ace2-fa81-4db1-a22b-dbcbd84c5efa-32800","study_id":0,"datetime_start":"2026-10-08T22:57:44.116887"}
{"op_code":5,"worker_id":"0703ace2-fa81-4db1-a22b-dbcbd84c5efa-32800","trial_id":11,"param_name":"learning-rate","param_value_internal":0.0009669466622870477,"distribution":"{\"name\": \"FloatDistribution\", \"attributes\": {\"step\": null, \"low\": 3e-05, \"high\": 0.001, \"log\": true}}"}
{"op_code":5,"worker_id":"0703ace2-fa81-4db1-a22b-dbcbd84c5efa-32800","trial_id":11,"param_name":"rollout-size","param_value_internal":3,"distribution":"{\"name\": \"CategoricalDistribution\", \"attributes\": {\"choices\": [2048, 4096, 8192, 16384]}}"}
{"op_code":5,"worker_id":"0703ace2-fa81-4db1-a22b-dbcbd84c5efa-32800","trial_id":11,"param_name":"batch-size","param_value_internal":1,"distribution":"{\"name\": \"CategoricalDistribution\", \"attributes\": {\"choices\": [64, 256, 1024]}}"}
{"op_code":5,"worker_id":"0703ace2-fa81-4db1-a22b-dbcbd84c5efa-32800","trial_id":11,"param_name":"n-epochs","param_value_internal":0,"distribution":"{\"name\": \"CategoricalDistribution\", \"attributes\": {\"choices\": [3, 5, 10]}}"}
{"op_code":5,"worker_id":"0703ace2-fa81-4db1-a22b-dbcbd84c5efa-32800","trial_id":11,"param_name":"gamma","param_value_internal":0,"distribution":"{\"name\": \"CategoricalDistribution\", \"attributes\": {\"choices\": [0.99, 0.995, 0.999]}}"}
{"op_code":5,"worker_id":"0703ace2-fa81-4db1-a22b-dbcbd84c5efa-32800","trial_id":11,"param_name":"gae-lambda","param_value_internal":2,"distribution":"{\"name\": \"CategoricalDistribution\", \"attributes\": {\"choices\": [0.9, 0.95, 0.98]}}"}
{"op_code":5,"worker_id":"0703ace2-fa81-4db1-a22b-dbcbd84c5efa-32800","trial_id":11,"param_name":"clip-range","param_value_internal":2,"distribution":"{\"name\": \"CategoricalDistribution\", \"attributes\": {\"choices\": [0.1, 0.2, 0.3]}}"}
{"op_code":5,"worker_id":"0703ace2-fa81-4db1-a22b-dbcbd84c5efa-32800","trial_id":11,"param_name":"ent-coef","param_value_internal":0.00011753029137799356,"distribution":"{\"name\": \"FloatDistribution\", \"attributes\": {\"step\": null, \"low\": 0.0001, \"high\": 0.03, \"log\": true}}"}
{"op_code":8,"worker_id":"0703ace2-fa81-4db1-a22b-dbcbd84c5efa-32800","trial_id":11,"user_attr":{"train_argv":"--option 3 --reward-mode objective --objectives tardiness_sq --lambda-late 1.0 --lambda-energy 1.0 --power-model linear --difficulty on_rho095 --timesteps 300000 --save-tag tune_on_rho095_o3wmlubrze_t11 --n-envs 4 --vec-backend subproc --seed 0 --algo ppo --markov-obs --lookahead --fixed-scaling --critic-arrivals --lateness-shaping --normalize-reward --event-idle --window-size 20 --learning-rate 0.000966947 --rollout-size 16384 --batch-size 256 --n-epochs 3 --gamma 0.99 --gae-lambda 0.98 --clip-range 0.3 --ent-coef 0.00011753"}}
{"op_code":7,"worker_id":"0703ace2-fa81-4db1-a22b-dbcbd84c5efa-32800","trial_id":11,"step":75000,"intermediate_value":39085.0}
{"op_code":7,"worker_id":"528f6b05-7acf-4f0b-afec-1269f3b4d66c-12016","trial_id":10,"step":75000,"intermediate_value":81847.8}
{"op_code":7,"worker_id":"0703ace2-fa81-4db1-a22b-dbcbd84c5efa-32800","trial_id":11,"step":150000,"intermediate_value":73783.6}
{"op_code":7,"worker_id":"528f6b05-7acf-4f0b-afec-1269f3b4d66c-12016","trial_id":10,"step":150000,"intermediate_value":72255.6}
{"op_code":7,"worker_id":"0703ace2-fa81-4db1-a22b-dbcbd84c5efa-32800","trial_id":11,"step":225000,"intermediate_value":62213.6}
{"op_code":7,"worker_id":"528f6b05-7acf-4f0b-afec-1269f3b4d66c-12016","trial_id":10,"step":225000,"intermediate_value":154803.8}
{"op_code":6,"worker_id":"0703ace2-fa81-4db1-a22b-dbcbd84c5efa-32800","trial_id":11,"state":1,"values":[88788.5],"datetime_complete":"2026-10-08T23:07:18.956792"}
{"op_code":6,"worker_id":"528f6b05-7acf-4f0b-afec-1269f3b4d66c-12016","trial_id":10,"state":1,"values":[75532.65],"datetime_complete":"2026-10-08T23:10:03.377422"}
{"op_code":0,"worker_id":"1d2d3fff-89d0-44a6-862b-c2b51c204b35-36512","study_name":"on_rho095_o3wmlubrze","directions":[1]}
{"op_code":0,"worker_id":"07aadea1-2e07-4961-8407-6d6da652dafc-14944","study_name":"on_rho095_o3wmlubrze","directions":[1]}
{"op_code":0,"worker_id":"1058ba2b-85da-4334-abf7-513a4797671c-39076","study_name":"on_rho095_o3wmlubrze","directions":[1]}
