{"op_code":0,"worker_id":"95414770-f03f-4807-9809-3fd431a5c3c9-33376","study_name":"off_tf05_o4fmlubrze","directions":[1]}
{"op_code":4,"worker_id":"95414770-f03f-4807-9809-3fd431a5c3c9-33376","study_id":0,"datetime_start":null,"state":4,"value":null,"values":null,"distributions":{},"params":{},"user_attrs":{"defaults":true},"system_attrs":{"fixed_params":{}},"intermediate_values":{}}
{"op_code":6,"worker_id":"95414770-f03f-4807-9809-3fd431a5c3c9-33376","trial_id":0,"state":0,"values":null,"datetime_start":"2026-10-08T22:07:42.306410"}
{"op_code":8,"worker_id":"95414770-f03f-4807-9809-3fd431a5c3c9-33376","trial_id":0,"user_attr":{"train_argv":"--option 4 --reward-mode objective --objectives tardiness_sq --lambda-late 1.0 --lambda-energy 1.0 --power-model linear --difficulty off_tf05 --timesteps 300000 --save-tag tune_off_tf05_o4fmlubrze_t0 --n-envs 4 --vec-backend subproc --seed 0 --algo ppo --markov-obs --lookahead --fixed-scaling --critic-arrivals --lateness-shaping --normalize-reward --event-idle --repair-placement"}}
{"op_code":7,"worker_id":"95414770-f03f-4807-9809-3fd431a5c3c9-33376","trial_id":0,"step":75000,"intermediate_value":28794.0}
{"op_code":7,"worker_id":"95414770-f03f-4807-9809-3fd431a5c3c9-33376","trial_id":0,"step":150000,"intermediate_value":27532.6}
{"op_code":7,"worker_id":"95414770-f03f-4807-9809-3fd431a5c3c9-33376","trial_id":0,"step":225000,"intermediate_value":27928.2}
{"op_code":6,"worker_id":"95414770-f03f-4807-9809-3fd431a5c3c9-33376","trial_id":0,"state":1,"values":[29568.6],"datetime_complete":"2026-10-08T22:26:09.223231"}
{"op_code":4,"worker_id":"95414770-f03f-4807-9809-3fd431a5c3c9-33376","study_id":0,"datetime_start":"2026-10-08T22:26:09.441482"}
{"op_code":5,"worker_id":"95414770-f03f-4807-9809-3fd431a5c3c9-33376","trial_id":1,"param_name":"learning-rate","param_value_internal":0.00020554062603827,"distribution":"{\"name\": \"FloatDistribution\", \"attributes\": {\"step\": null, \"low\": 3e-05, \"high\": 0.001, \"log\": true}}"}
{"op_code":5,"worker_id":"95414770-f03f-4807-9809-3fd431a5c3c9-33376","trial_id":1,"param_name":"rollout-size","param_value_internal":0,"distribution":"{\"name\": \"CategoricalDistribution\", \"attributes\": {\"choices\": [2048, 4096, 8192, 16384]}}"}
{"op_code":5,"worker_id":"95414770-f03f-4807-9809-3fd431a5c3c9-33376","trial_id":1,"param_name":"batch-size","param_value_internal":2,"distribution":"{\"name\": \"CategoricalDistribution\", \"attributes\": {\"choices\": [64, 256, 1024]}}"}
{"op_code":5,"worker_id":"95414770-f03f-4807-9809-3fd431a5c3c9-33376","trial_id":1,"param_name":"n-epochs","param_value_internal":0,"distribution":"{\"name\": \"CategoricalDistribution\", \"attributes\": {\"choices\": [3, 5, 10]}}"}
{"op_code":5,"worker_id":"95414770-f03f-4807-9809-3fd431a5c3c9-33376","trial_id":1,"param_name":"gamma","param_value_internal":2,"distribution":"{\"name\": \"CategoricalDistribution\", \"attributes\": {\"choices\": [0.99, 0.995, 0.999]}}"}
{"op_code":5,"worker_id":"95414770-f03f-4807-9809-3fd431a5c3c9-33376","trial_id":1,"param_name":"gae-lambda","param_value_internal":1,"distribution":"{\"name\": \"CategoricalDistribution\", \"attributes\": {\"choices\": [0.9, 0.95, 0.98]}}"}
{"op_code":5,"worker_id":"95414770-f03f-4807-9809-3fd431a5c3c9-33376","trial_id":1,"param_name":"clip-range","param_value_internal":2,"distribution":"{\"name\": \"CategoricalDistribution\", \"attributes\": {\"choices\": [0.1, 0.2, 0.3]}}"}
{"op_code":5,"worker_id":"95414770-f03f-4807-9809-3fd431a5c3c9-33376","trial_id":1,"param_name":"ent-coef","param_value_internal":0.02655561084998941,"distribution":"{\"name\": \"FloatDistribution\", \"attributes\": {\"step\": null, \"low\": 0.0001, \"high\": 0.03, \"log\": true}}"}
{"op_code":8,"worker_id":"95414770-f03f-4807-9809-3fd431a5c3c9-33376","trial_id":1,"user_attr":{"train_argv":"--option 4 --reward-mode objective --objectives tardiness_sq --lambda-late 1.0 --lambda-energy 1.0 --power-model linear --difficulty off_tf05 --timesteps 300000 --save-tag tune_off_tf05_o4fmlubrze_t1 --n-envs 4 --vec-backend subproc --seed 0 --algo ppo --markov-obs --lookahead --fixed-scaling --critic-arrivals --lateness-shaping --normalize-reward --event-idle --repair-placement --learning-rate 0.000205541 --rollout-size 2048 --batch-size 1024 --n-epochs 3 --gamma 0.999 --gae-lambda 0.95 --clip-range 0.3 --ent-coef 0.0265556"}}
{"op_code":7,"worker_id":"95414770-f03f-4807-9809-3fd431a5c3c9-33376","trial_id":1,"step":75000,"intermediate_value":76058.8}
{"op_code":7,"worker_id":"95414770-f03f-4807-9809-3fd431a5c3c9-33376","trial_id":1,"step":150000,"intermediate_value":50930.0}
{"op_code":7,"worker_id":"95414770-f03f-4807-9809-3fd431a5c3c9-33376","trial_id":1,"step":225000,"intermediate_value":43850.6}
{"op_code":6,"worker_id":"95414770-f03f-4807-9809-3fd431a5c3c9-33376","trial_id":1,"state":1,"values":[37393.8],"datetime_complete":"2026-10-08T22:35:44.559018"}
{"op_code":4,"worker_id":"95414770-f03f-4807-9809-3fd431a5c3c9-33376","study_id":0,"datetime_start":"2026-10-08T22:35:44.766198"}
{"op_code":5,"worker_id":"95414770-f03f-4807-9809-3fd431a5c3c9-33376","trial_id":2,"param_name":"learning-rate","param_value_internal":0.0004944733002746453,"distribution":"{\"name\": \"FloatDistribution\", \"attributes\": {\"step\": null, \"low\": 3e-05, \"high\": 0.001, \"log\": true}}"}
{"op_code":5,"worker_id":"95414770-f03f-4807-9809-3fd431a5c3c9-33376","trial_id":2,"param_name":"rollout-size","param_value_internal":1,"distribution":"{\"name\": \"CategoricalDistribution\", \"attributes\": {\"choices\": [2048, 4096, 8192, 16384]}}"}
{"op_code":5,"worker_id":"95414770-f03f-4807-9809-3fd431a5c3c9-33376","trial_id":2,"param_name":"batch-size","param_value_internal":1,"distribution":"{\"name\": \"CategoricalDistribution\", \"attributes\": {\"choices\": [64, 256, 1024]}}"}
{"op_code":5,"worker_id":"95414770-f03f-4807-9809-3fd431a5c3c9-33376","trial_id":2,"param_name":"n-epochs","param_value_internal":2,"distribution":"{\"name\": \"CategoricalDistribution\", \"attributes\": {\"choices\": [3, 5, 10]}}"}
{"op_code":5,"worker_id":"95414770-f03f-4807-9809-3fd431a5c3c9-33376","trial_id":2,"param_name":"gamma","param_value_internal":1,"distribution":"{\"name\": \"CategoricalDistribution\", \"attributes\": {\"choices\": [0.99, 0.995, 0.999]}}"}
{"op_code":5,"worker_id":"95414770-f03f-4807-9809-3fd431a5c3c9-33376","trial_id":2,"param_name":"gae-lambda","param_value_internal":0,"distribution":"{\"name\": \"CategoricalDistribution\", \"attributes\": {\"choices\": [0.9, 0.95, 0.98]}}"}
{"op_code":5,"worker_id":"95414770-f03f-4807-9809-3fd431a5c3c9-33376","trial_id":2,"param_name":"clip-range","param_value_internal":0,"distribution":"{\"name\": \"CategoricalDistribution\", \"attributes\": {\"choices\": [0.1, 0.2, 0.3]}}"}
{"op_code":5,"worker_id":"95414770-f03f-4807-9809-3fd431a5c3c9-33376","trial_id":2,"param_name":"ent-coef","param_value_internal":0.0012094311268425492,"distribution":"{\"name\": \"FloatDistribution\", \"attributes\": {\"step\": null, \"low\": 0.0001, \"high\": 0.03, \"log\": true}}"}
{"op_code":8,"worker_id":"95414770-f03f-4807-9809-3fd431a5c3c9-33376","trial_id":2,"user_attr":{"train_argv":"--option 4 --reward-mode objective --objectives tardiness_sq --lambda-late 1.0 --lambda-energy 1.0 --power-model linear --difficulty off_tf05 --timesteps 300000 --save-tag tune_off_tf05_o4fmlubrze_t2 --n-envs 4 --vec-backend subproc --seed 0 --algo ppo --markov-obs --lookahead --fixed-scaling --critic-arrivals --lateness-shaping --normalize-reward --event-idle --repair-placement --learning-rate 0.000494473 --rollout-size 4096 --batch-size 256 --n-epochs 10 --gamma 0.995 --gae-lambda 0.9 --clip-range 0.1 --ent-coef 0.00120943"}}
{"op_code":7,"worker_id":"95414770-f03f-4807-9809-3fd431a5c3c9-33376","trial_id":2,"step":75000,"intermediate_value":42042.0}
{"op_code":7,"worker_id":"95414770-f03f-4807-9809-3fd431a5c3c9-33376","trial_id":2,"step":150000,"intermediate_value":31821.4}
{"op_code":7,"worker_id":"95414770-f03f-4807-9809-3fd431a5c3c9-33376","trial_id":2,"step":225000,"intermediate_value":29970.6}
{"op_code":6,"worker_id":"95414770-f03f-4807-9809-3fd431a5c3c9-33376","trial_id":2,"state":1,"values":[30965.6],"datetime_complete":"2026-10-08T22:55:17.106742"}
{"op_code":4,"worker_id":"95414770-f03f-4807-9809-3fd431a5c3c9-33376","study_id":0,"datetime_start":"2026-10-08T22:55:17.314438"}
{"op_code":5,"worker_id":"95414770-f03f-4807-9809-3fd431a5c3c9-33376","trial_id":3,"param_name":"learning-rate","param_value_internal":0.0003463609921766881,"distribution":"{\"name\": \"FloatDistribution\", \"attributes\": {\"step\": null, \"low\": 3e-05, \"high\": 0.001, \"log\": true}}"}
{"op_code":5,"worker_id":"95414770-f03f-4807-9809-3fd431a5c3c9-33376","trial_id":3,"param_name":"rollout-size","param_value_internal":2,"distribution":"{\"name\": \"CategoricalDistribution\", \"attributes\": {\"choices\": [2048, 4096, 8192, 16384]}}"}
{"op_code":5,"worker_id":"95414770-f03f-4807-9809-3fd431a5c3c9-33376","trial_id":3,"param_name":"batch-size","param_value_internal":2,"distribution":"{\"name\": \"CategoricalDistribution\", \"attributes\": {\"choices\": [64, 256, 1024]}}"}
{"op_code":5,"worker_id":"95414770-f03f-4807-9809-3fd431a5c3c9-33376","trial_id":3,"param_name":"n-epochs","param_value_internal":2,"distribution":"{\"name\": \"CategoricalDistribution\", \"attributes\": {\"choices\": [3, 5, 10]}}"}
{"op_code":5,"worker_id":"95414770-f03f-4807-9809-3fd431a5c3c9-33376","trial_id":3,"param_name":"gamma","param_value_internal":1,"distribution":"{\"name\": \"CategoricalDistribution\", \"attributes\": {\"choices\": [0.99, 0.995, 0.999]}}"}
{"op_code":5,"worker_id":"95414770-f03f-4807-9809-3fd431a5c3c9-33376","trial_id":3,"param_name":"gae-lambda","param_value_internal":0,"distribution":"{\"name\": \"CategoricalDistribution\", \"attributes\": {\"choices\": [0.9, 0.95, 0.98]}}"}
{"op_code":5,"worker_id":"95414770-f03f-4807-9809-3fd431a5c3c9-33376","trial_id":3,"param_name":"clip-range","param_value_internal":0,"distribution":"{\"name\": \"CategoricalDistribution\", \"attributes\": {\"choices\": [0.1, 0.2, 0.3]}}"}
{"op_code":5,"worker_id":"95414770-f03f-4807-9809-3fd431a5c3c9-33376","trial_id":3,"param_name":"ent-coef","param_value_internal":0.0042248177213228075,"distribution":"{\"name\": \"FloatDistribution\", \"attributes\": {\"step\": null, \"low\": 0.0001, \"high\": 0.03, \"log\": true}}"}
{"op_code":8,"worker_id":"95414770-f03f-4807-9809-3fd431a5c3c9-33376","trial_id":3,"user_attr":{"train_argv":"--option 4 --reward-mode objective --objectives tardiness_sq --lambda-late 1.0 --lambda-energy 1.0 --power-model linear --difficulty off_tf05 --timesteps 300000 --save-tag tune_off_tf05_o4fmlubrze_t3 --n-envs 4 --vec-backend subproc --seed 0 --algo ppo --markov-obs --lookahead --fixed-scaling --critic-arrivals --lateness-shaping --normalize-reward --event-idle --repair-placement --learning-rate 0.000346361 --rollout-size 8192 --batch-size 1024 --n-epochs 10 --gamma 0.995 --gae-lambda 0.9 --clip-range 0.1 --ent-coef 0.00422482"}}
{"op_code":7,"worker_id":"95414770-f03f-4807-9809-3fd431a5c3c9-33376","trial_id":3,"step":75000,"intermediate_value":55182.4}
{"op_code":7,"worker_id":"95414770-f03f-4807-9809-3fd431a5c3c9-33376","trial_id":3,"step":150000,"intermediate_value":51567.6}
{"op_code":7,"worker_id":"95414770-f03f-4807-9809-3fd431a5c3c9-33376","trial_id":3,"step":225000,"intermediate_value":45720.6}
{"op_code":6,"worker_id":"95414770-f03f-4807-9809-3fd431a5c3c9-33376","trial_id":3,"state":1,"values":[44552.05],"datetime_complete":"2026-10-08T23:14:27.602124"}
{"op_code":4,"worker_id":"95414770-f03f-4807-9809-3fd431a5c3c9-33376","study_id":0,"datetime_start":"2026-10-08T23:14:27.826259"}
{"op_code":5,"worker_id":"95414770-f03f-4807-9809-3fd431a5c3c9-33376","trial_id":4,"param_name":"learning-rate","param_value_internal":4.8703159315306354e-05,"distribution":"{\"name\": \"FloatDistribution\", \"attributes\": {\"step\": null, \"low\": 3e-05, \"high\": 0.001, \"log\": true}}"}
{"op_code":5,"worker_id":"95414770-f03f-4807-9809-3fd431a5c3c9-33376","trial_id":4,"param_name":"rollout-size","param_value_internal":2,"distribution":"{\"name\": \"CategoricalDistribution\", \"attributes\": {\"choices\": [2048, 4096, 8192, 16384]}}"}
{"op_code":5,"worker_id":"95414770-f03f-4807-9809-3fd431a5c3c9-33376","trial_id":4,"param_name":"batch-size","param_value_internal":2,"distribution":"{\"name\": \"CategoricalDistribution\", \"attributes\": {\"choices\": [64, 256, 1024]}}"}
{"op_code":5,"worker_id":"95414770-f03f-4807-9809-3fd431a5c3c9-33376","trial_id":4,"param_name":"n-epochs","param_value_internal":1,"distribution":"{\"name\": \"CategoricalDistribution\", \"attributes\": {\"choices\": [3, 5, 10]}}"}
{"op_code":5,"worker_id":"95414770-f03f-4807-9809-3fd431a5c3c9-33376","trial_id":4,"param_name":"gamma","param_value_internal":0,"distribution":"{\"name\": \"CategoricalDistribution\", \"attributes\": {\"choices\": [0.99, 0.995, 0.999]}}"}
{"op_code":5,"worker_id":"95414770-f03f-4807-9809-3fd431a5c3c9-33376","trial_id":4,"param_name":"gae-lambda","param_value_internal":1,"distribution":"{\"name\": \"CategoricalDistribution\", \"attributes\": {\"choices\": [0.9, 0.95, 0.98]}}"}
{"op_code":5,"worker_id":"95414770-f03f-4807-9809-3fd431a5c3c9-33376","trial_id":4,"param_name":"clip-range","param_value_internal":1,"distribution":"{\"name\": \"CategoricalDistribution\", \"attributes\": {\"choices\": [0.1, 0.2, 0.3]}}"}
{"op_code":5,"worker_id":"95414770-f03f-4807-9809-3fd431a5c3c9-33376","trial_id":4,"param_name":"ent-coef","param_value_internal":0.005192032534497486,"distribution":"{\"name\": \"FloatDistribution\", \"attributes\": {\"step\": null, \"low\": 0.0001, \"high\": 0.03, \"log\": true}}"}
{"op_code":8,"worker_id":"95414770-f03f-4807-9809-3fd431a5c3c9-33376","trial_id":4,"user_attr":{"train_argv":"--option 4 --reward-mode objective --objectives tardiness_sq --lambda-late 1.0 --lambda-energy 1.0 --power-model linear --difficulty off_tf05 --timesteps 300000 --save-tag tune_off_tf05_o4fmlubrze_t4 --n-envs 4 --vec-backend subproc --seed 0 --algo ppo --markov-obs --lookahead --fixed-scaling --critic-arrivals --lateness-shaping --normalize-reward --event-idle --repair-placement --learning-rate 4.87032e-05 --rollout-size 8192 --batch-size 1024 --n-epochs 5 --gamma 0.99 --gae-lambda 0.95 --clip-range 0.2 --ent-coef 0.00519203"}}
{"op_code":7,"worker_id":"95414770-f03f-4807-9809-3fd431a5c3c9-33376","trial_id":4,"step":75000,"intermediate_value":80903.8}
{"op_code":7,"worker_id":"95414770-f03f-4807-9809-3fd431a5c3c9-33376","trial_id":4,"step":150000,"intermediate_value":69246.0}
{"op_code":7,"worker_id":"95414770-f03f-4807-9809-3fd431a5c3c9-33376","trial_id":4,"step":225000,"intermediate_value":54657.2}
{"op_code":6,"worker_id":"95414770-f03f-4807-9809-3fd431a5c3c9-33376","trial_id":4,"state":1,"values":[51558.15],"datetime_complete":"2026-10-08T23:25:54.197641"}
{"op_code":4,"worker_id":"95414770-f03f-4807-9809-3fd431a5c3c9-33376","study_id":0,"datetime_start":"2026-10-08T23:25:54.393252"}
{"op_code":5,"worker_id":"95414770-f03f-4807-9809-3fd431a5c3c9-33376","trial_id":5,"param_name":"learning-rate","param_value_internal":0.00021876939530160837,"distribution":"{\"name\": \"FloatDistribution\", \"attributes\": {\"step\": null, \"low\": 3e-05, \"high\": 0.001, \"log\": true}}"}
{"op_code":5,"worker_id":"95414770-f03f-4807-9809-3fd431a5c3c9-33376","trial_id":5,"param_name":"rollout-size","param_value_internal":3,"distribution":"{\"name\": \"CategoricalDistribution\", \"attributes\": {\"choices\": [2048, 4096, 8192, 16384]}}"}
{"op_code":5,"worker_id":"95414770-f03f-4807-9809-3fd431a5c3c9-33376","trial_id":5,"param_name":"batch-size","param_value_internal":0,"distribution":"{\"name\": \"CategoricalDistribution\", \"attributes\": {\"choices\": [64, 256, 1024]}}"}
{"op_code":5,"worker_id":"95414770-f03f-4807-9809-3fd431a5c3c9-33376","trial_id":5,"param_name":"n-epochs","param_value_internal":1,"distribution":"{\"name\": \"CategoricalDistribution\", \"attributes\": {\"choices\": [3, 5, 10]}}"}
{"op_code":5,"worker_id":"95414770-f03f-4807-9809-3fd431a5c3c9-33376","trial_id":5,"param_name":"gamma","param_value_internal":1,"distribution":"{\"name\": \"CategoricalDistribution\", \"attributes\": {\"choices\": [0.99, 0.995, 0.999]}}"}
{"op_code":5,"worker_id":"95414770-f03f-4807-9809-3fd431a5c3c9-33376","trial_id":5,"param_name":"gae-lambda","param_value_internal":0,"distribution":"{\"name\": \"CategoricalDistribution\", \"attributes\": {\"choices\": [0.9, 0.95, 0.98]}}"}
{"op_code":5,"worker_id":"95414770-f03f-4807-9809-3fd431a5c3c9-33376","trial_id":5,"param_name":"clip-range","param_value_internal":2,"distribution":"{\"name\": \"CategoricalDistribution\", \"attributes\": {\"choices\": [0.1, 0.2, 0.3]}}"}
{"op_code":5,"worker_id":"95414770-f03f-4807-9809-3fd431a5c3c9-33376","trial_id":5,"param_name":"ent-coef","param_value_internal":0.000413229862740349,"distribution":"{\"name\": \"FloatDistribution\", \"attributes\": {\"step\": null, \"low\": 0.0001, \"high\": 0.03, \"log\": true}}"}
{"op_code":8,"worker_id":"95414770-f03f-4807-9809-3fd431a5c3c9-33376","trial_id":5,"user_attr":{"train_argv":"--option 4 --reward-mode objective --objectives tardiness_sq --lambda-late 1.0 --lambda-energy 1.0 --power-model linear --difficulty off_tf05 --timesteps 300000 --save-tag tune_off_tf05_o4fmlubrze_t5 --n-envs 4 --vec-backend subproc --seed 0 --algo ppo --markov-obs --lookahead --fixed-scaling --critic-arrivals --lateness-shaping --normalize-reward --event-idle --repair-placement --learning-rate 0.000218769 --rollout-size 16384 --batch-size 64 --n-epochs 5 --gamma 0.995 --gae-lambda 0.9 --clip-range 0.3 --ent-coef 0.00041323"}}
{"op_code":7,"worker_id":"95414770-f03f-4807-9809-3fd431a5c3c9-33376","trial_id":5,"step":75000,"intermediate_value":41919.8}
{"op_code":7,"worker_id":"95414770-f03f-4807-9809-3fd431a5c3c9-33376","trial_id":5,"step":150000,"intermediate_value":34249.0}
{"op_code":7,"worker_id":"95414770-f03f-4807-9809-3fd431a5c3c9-33376","trial_id":5,"step":225000,"intermediate_value":30136.4}
{"op_code":6,"worker_id":"95414770-f03f-4807-9809-3fd431a5c3c9-33376","trial_id":5,"state":1,"values":[31488.6],"datetime_complete":"2026-10-08T23:37:50.771601"}
{"op_code":4,"worker_id":"95414770-f03f-4807-9809-3fd431a5c3c9-33376","study_id":0,"datetime_start":"2026-10-08T23:37:50.934496"}
{"op_code":5,"worker_id":"95414770-f03f-4807-9809-3fd431a5c3c9-33376","trial_id":6,"param_name":"learning-rate","param_value_internal":0.00022622417507807115,"distribution":"{\"name\": \"FloatDistribution\", \"attributes\": {\"step\": null, \"low\": 3e-05, \"high\": 0.001, \"log\": true}}"}
{"op_code":5,"worker_id":"95414770-f03f-4807-9809-3fd431a5c3c9-33376","trial_id":6,"param_name":"rollout-size","param_value_internal":3,"distribution":"{\"name\": \"CategoricalDistribution\", \"attributes\": {\"choices\": [2048, 4096, 8192, 16384]}}"}
{"op_code":5,"worker_id":"95414770-f03f-4807-9809-3fd431a5c3c9-33376","trial_id":6,"param_name":"batch-size","param_value_internal":1,"distribution":"{\"name\": \"CategoricalDistribution\", \"attributes\": {\"choices\": [64, 256, 1024]}}"}
{"op_code":5,"worker_id":"95414770-f03f-4807-9809-3fd431a5c3c9-33376","trial_id":6,"param_name":"n-epochs","param_value_internal":1,"distribution":"{\"name\": \"CategoricalDistribution\", \"attributes\": {\"choices\": [3, 5, 10]}}"}
{"op_code":5,"worker_id":"95414770-f03f-4807-9809-3fd431a5c3c9-33376","trial_id":6,"param_name":"gamma","param_value_internal":2,"distribution":"{\"name\": \"CategoricalDistribution\", \"attributes\": {\"choices\": [0.99, 0.995, 0.999]}}"}
{"op_code":5,"worker_id":"95414770-f03f-4807-9809-3fd431a5c3c9-33376","trial_id":6,"param_name":"gae-lambda","param_value_internal":1,"distribution":"{\"name\": \"CategoricalDistribution\", \"attributes\": {\"choices\": [0.9, 0.95, 0.98]}}"}
{"op_code":5,"worker_id":"95414770-f03f-4807-9809-3fd431a5c3c9-33376","trial_id":6,"param_name":"clip-range","param_value_internal":0,"distribution":"{\"name\": \"CategoricalDistribution\", \"attributes\": {\"choices\": [0.1, 0.2, 0.3]}}"}
{"op_code":5,"worker_id":"95414770-f03f-4807-9809-3fd431a5c3c9-33376","trial_id":6,"param_name":"ent-coef","param_value_internal":0.0031776753088383902,"distribution":"{\"name\": \"FloatDistribution\", \"attributes\": {\"step\": null, \"low\": 0.0001, \"high\": 0.03, \"log\": true}}"}
{"op_code":8,"worker_id":"95414770-f03f-4807-9809-3fd431a5c3c9-33376","trial_id":6,"user_attr":{"train_argv":"--option 4 --reward-mode objective --objectives tardiness_sq --lambda-late 1.0 --lambda-energy 1.0 --power-model linear --difficulty off_tf05 --timesteps 300000 --save-tag tune_off_tf05_o4fmlubrze_t6 --n-envs 4 --vec-backend subproc --seed 0 --algo ppo --markov-obs --lookahead --fixed-scaling --critic-arrivals --lateness-shaping --normalize-reward --event-idle --repair-placement --learning-rate 0.000226224 --rollout-size 16384 --batch-size 256 --n-epochs 5 --gamma 0.999 --gae-lambda 0.95 --clip-range 0.1 --ent-coef 0.00317768"}}
{"op_code":7,"worker_id":"95414770-f03f-4807-9809-3fd431a5c3c9-33376","trial_id":6,"step":75000,"intermediate_value":46909.8}
{"op_code":0,"worker_id":"a94e08aa-d659-476c-8cc8-fe727eb66516-27168","study_name":"off_tf05_o4fmlubrze","directions":[1]}
{"op_code":4,"worker_id":"a94e08aa-d659-476c-8cc8-fe727eb66516-27168","study_id":0,"datetime_start":"2026-10-08T23:42:39.597905"}
{"op_code":5,"worker_id":"a94e08aa-d659-476c-8cc8-fe727eb66516-27168","trial_id":7,"param_name":"learning-rate","param_value_internal":0.00012947776733736072,"distribution":"{\"name\": \"FloatDistribution\", \"attributes\": {\"step\": null, \"low\": 3e-05, \"high\": 0.001, \"log\": true}}"}
{"op_code":5,"worker_id":"a94e08aa-d659-476c-8cc8-fe727eb66516-27168","trial_id":7,"param_name":"rollout-size","param_value_internal":0,"distribution":"{\"name\": \"CategoricalDistribution\", \"attributes\": {\"choices\": [2048, 4096, 8192, 16384]}}"}
{"op_code":5,"worker_id":"a94e08aa-d659-476c-8cc8-fe727eb66516-27168","trial_id":7,"param_name":"batch-size","param_value_internal":2,"distribution":"{\"name\": \"CategoricalDistribution\", \"attributes\": {\"choices\": [64, 256, 1024]}}"}
{"op_code":5,"worker_id":"a94e08aa-d659-476c-8cc8-fe727eb66516-27168","trial_id":7,"param_name":"n-epochs","param_value_internal":1,"distribution":"{\"name\": \"CategoricalDistribution\", \"attributes\": {\"choices\": [3, 5, 10]}}"}
{"op_code":5,"worker_id":"a94e08aa-d659-476c-8cc8-fe727eb66516-27168","trial_id":7,"param_name":"gamma","param_value_internal":2,"distribution":"{\"name\": \"CategoricalDistribution\", \"attributes\": {\"choices\": [0.99, 0.995, 0.999]}}"}
{"op_code":5,"worker_id":"a94e08aa-d659-476c-8cc8-fe727eb66516-27168","trial_id":7,"param_name":"gae-lambda","param_value_internal":1,"distribution":"{\"name\": \"CategoricalDistribution\", \"attributes\": {\"choices\": [0.9, 0.95, 0.98]}}"}
{"op_code":5,"worker_id":"a94e08aa-d659-476c-8cc8-fe727eb66516-27168","trial_id":7,"param_name":"clip-range","param_value_internal":0,"distribution":"{\"name\": \"CategoricalDistribution\", \"attributes\": {\"choices\": [0.1, 0.2, 0.3]}}"}
{"op_code":5,"worker_id":"a94e08aa-d659-476c-8cc8-fe727eb66516-27168","trial_id":7,"param_name":"ent-coef","param_value_internal":0.009628117698906266,"distribution":"{\"name\": \"FloatDistribution\", \"attributes\": {\"step\": null, \"low\": 0.0001, \"high\": 0.03, \"log\": true}}"}
{"op_code":8,"worker_id":"a94e08aa-d659-476c-8cc8-fe727eb66516-27168","trial_id":7,"user_attr":{"train_argv":"--option 4 --reward-mode objective --objectives tardiness_sq --lambda-late 1.0 --lambda-energy 1.0 --power-model linear --difficulty off_tf05 --timesteps 300000 --save-tag tune_off_tf05_o4fmlubrze_t7 --n-envs 4 --vec-backend subproc --seed 0 --algo ppo --markov-obs --lookahead --fixed-scaling --critic-arrivals --lateness-shaping --normalize-reward --event-idle --repair-placement --learning-rate 0.000129478 --rollout-size 2048 --batch-size 1024 --n-epochs 5 --gamma 0.999 --gae-lambda 0.95 --clip-range 0.1 --ent-coef 0.00962812"}}
{"op_code":7,"worker_id":"95414770-f03f-4807-9809-3fd431a5c3c9-33376","trial_id":6,"step":150000,"intermediate_value":43294.4}
{"op_code":6,"worker_id":"95414770-f03f-4807-9809-3fd431a5c3c9-33376","trial_id":6,"state":2,"values":[43294.4],"datetime_complete":"2026-10-08T23:43:32.878305"}
{"op_code":4,"worker_id":"95414770-f03f-4807-9809-3fd431a5c3c9-33376","study_id":0,"datetime_start":"2026-10-08T23:43:33.114079"}
{"op_code":5,"worker_id":"95414770-f03f-4807-9809-3fd431a5c3c9-33376","trial_id":8,"param_name":"learning-rate","param_value_internal":3.208855558609467e-05,"distribution":"{\"name\": \"FloatDistribution\", \"attributes\": {\"step\": null, \"low\": 3e-05, \"high\": 0.001, \"log\": true}}"}
{"op_code":5,"worker_id":"95414770-f03f-4807-9809-3fd431a5c3c9-33376","trial_id":8,"param_name":"rollout-size","param_value_internal":1,"distribution":"{\"name\": \"CategoricalDistribution\", \"attributes\": {\"choices\": [2048, 4096, 8192, 16384]}}"}
{"op_code":5,"worker_id":"95414770-f03f-4807-9809-3fd431a5c3c9-33376","trial_id":8,"param_name":"batch-size","param_value_internal":0,"distribution":"{\"name\": \"CategoricalDistribution\", \"attributes\": {\"choices\": [64, 256, 1024]}}"}
{"op_code":5,"worker_id":"95414770-f03f-4807-9809-3fd431a5c3c9-33376","trial_id":8,"param_name":"n-epochs","param_value_internal":1,"distribution":"{\"name\": \"CategoricalDistribution\", \"attributes\": {\"choices\": [3, 5, 10]}}"}
{"op_code":5,"worker_id":"95414770-f03f-4807-9809-3fd431a5c3c9-33376","trial_id":8,"param_name":"gamma","param_value_internal":0,"distribution":"{\"name\": \"CategoricalDistribution\", \"attributes\": {\"choices\": [0.99, 0.995, 0.999]}}"}
{"op_code":5,"worker_id":"95414770-f03f-4807-9809-3fd431a5c3c9-33376","trial_id":8,"param_name":"gae-lambda","param_value_internal":0,"distribution":"{\"name\": \"CategoricalDistribution\", \"attributes\": {\"choices\": [0.9, 0.95, 0.98]}}"}
{"op_code":5,"worker_id":"95414770-f03f-4807-9809-3fd431a5c3c9-33376","trial_id":8,"param_name":"clip-range","param_value_internal":0,"distribution":"{\"name\": \"CategoricalDistribution\", \"attributes\": {\"choices\": [0.1, 0.2, 0.3]}}"}
{"op_code":5,"worker_id":"95414770-f03f-4807-9809-3fd431a5c3c9-33376","trial_id":8,"param_name":"ent-coef","param_value_internal":0.00017712267105509928,"distribution":"{\"name\": \"FloatDistribution\", \"attributes\": {\"step\": null, \"low\": 0.0001, \"high\": 0.03, \"log\": true}}"}
{"op_code":8,"worker_id":"95414770-f03f-4807-9809-3fd431a5c3c9-33376","trial_id":8,"user_attr":{"train_argv":"--option 4 --reward-mode objective --objectives tardiness_sq --lambda-late 1.0 --lambda-energy 1.0 --power-model linear --difficulty off_tf05 --timesteps 300000 --save-tag tune_off_tf05_o4fmlubrze_t8 --n-envs 4 --vec-backend subproc --seed 0 --algo ppo --markov-obs --lookahead --fixed-scaling --critic-arrivals --lateness-shaping --normalize-reward --event-idle --repair-placement --learning-rate 3.20886e-05 --rollout-size 4096 --batch-size 64 --n-epochs 5 --gamma 0.99 --gae-lambda 0.9 --clip-range 0.1 --ent-coef 0.000177123"}}
{"op_code":7,"worker_id":"a94e08aa-d659-476c-8cc8-fe727eb66516-27168","trial_id":7,"step":75000,"intermediate_value":74206.4}
{"op_code":6,"worker_id":"a94e08aa-d659-476c-8cc8-fe727eb66516-27168","trial_id":7,"state":2,"values":[74206.4],"datetime_complete":"2026-10-08T23:45:38.544141"}
{"op_code":4,"worker_id":"a94e08aa-d659-476c-8cc8-fe727eb66516-27168","study_id":0,"datetime_start":"2026-10-08T23:45:38.759336"}
{"op_code":5,"worker_id":"a94e08aa-d659-476c-8cc8-fe727eb66516-27168","trial_id":9,"param_name":"learning-rate","param_value_internal":0.0008946769081974223,"distribution":"{\"name\": \"FloatDistribution\", \"attributes\": {\"step\": null, \"low\": 3e-05, \"high\": 0.001, \"log\": true}}"}
{"op_code":5,"worker_id":"a94e08aa-d659-476c-8cc8-fe727eb66516-27168","trial_id":9,"param_name":"rollout-size","param_value_internal":3,"distribution":"{\"name\": \"CategoricalDistribution\", \"attributes\": {\"choices\": [2048, 4096, 8192, 16384]}}"}
{"op_code":5,"worker_id":"a94e08aa-d659-476c-8cc8-fe727eb66516-27168","trial_id":9,"param_name":"batch-size","param_value_internal":2,"distribution":"{\"name\": \"CategoricalDistribution\", \"attributes\": {\"choices\": [64, 256, 1024]}}"}
{"op_code":5,"worker_id":"a94e08aa-d659-476c-8cc8-fe727eb66516-27168","trial_id":9,"param_name":"n-epochs","param_value_internal":0,"distribution":"{\"name\": \"CategoricalDistribution\", \"attributes\": {\"choices\": [3, 5, 10]}}"}
{"op_code":5,"worker_id":"a94e08aa-d659-476c-8cc8-fe727eb66516-27168","trial_id":9,"param_name":"gamma","param_value_internal":0,"distribution":"{\"name\": \"CategoricalDistribution\", \"attributes\": {\"choices\": [0.99, 0.995, 0.999]}}"}
{"op_code":5,"worker_id":"a94e08aa-d659-476c-8cc8-fe727eb66516-27168","trial_id":9,"param_name":"gae-lambda","param_value_internal":2,"distribution":"{\"name\": \"CategoricalDistribution\", \"attributes\": {\"choices\": [0.9, 0.95, 0.98]}}"}
{"op_code":5,"worker_id":"a94e08aa-d659-476c-8cc8-fe727eb66516-27168","trial_id":9,"param_name":"clip-range","param_value_internal":2,"distribution":"{\"name\": \"CategoricalDistribution\", \"attributes\": {\"choices\": [0.1, 0.2, 0.3]}}"}
{"op_code":5,"worker_id":"a94e08aa-d659-476c-8cc8-fe727eb66516-27168","trial_id":9,"param_name":"ent-coef","param_value_internal":0.007133407671882763,"distribution":"{\"name\": \"FloatDistribution\", \"attributes\": {\"step\": null, \"low\": 0.0001, \"high\": 0.03, \"log\": true}}"}
{"op_code":8,"worker_id":"a94e08aa-d659-476c-8cc8-fe727eb66516-27168","trial_id":9,"user_attr":{"train_argv":"--option 4 --reward-mode objective --objectives tardiness_sq --lambda-late 1.0 --lambda-energy 1.0 --power-model linear --difficulty off_tf05 --timesteps 300000 --save-tag tune_off_tf05_o4fmlubrze_t9 --n-envs 4 --vec-backend subproc --seed 0 --algo ppo --markov-obs --lookahead --fixed-scaling --critic-arrivals --lateness-shaping --normalize-reward --event-idle --repair-placement --learning-rate 0.000894677 --rollout-size 16384 --batch-size 1024 --n-epochs 3 --gamma 0.99 --gae-lambda 0.98 --clip-range 0.3 --ent-coef 0.00713341"}}
{"op_code":7,"worker_id":"95414770-f03f-4807-9809-3fd431a5c3c9-33376","trial_id":8,"step":75000,"intermediate_value":62328.0}
{"op_code":6,"worker_id":"95414770-f03f-4807-9809-3fd431a5c3c9-33376","trial_id":8,"state":2,"values":[62328.0],"datetime_complete":"2026-10-08T23:46:34.450965"}
{"op_code":4,"worker_id":"95414770-f03f-4807-9809-3fd431a5c3c9-33376","study_id":0,"datetime_start":"2026-10-08T23:46:34.685873"}
{"op_code":5,"worker_id":"95414770-f03f-4807-9809-3fd431a5c3c9-33376","trial_id":10,"param_name":"learning-rate","param_value_internal":0.0007540181221018431,"distribution":"{\"name\": \"FloatDistribution\", \"attributes\": {\"step\": null, \"low\": 3e-05, \"high\": 0.001, \"log\": true}}"}
{"op_code":5,"worker_id":"95414770-f03f-4807-9809-3fd431a5c3c9-33376","trial_id":10,"param_name":"rollout-size","param_value_internal":1,"distribution":"{\"name\": \"CategoricalDistribution\", \"attributes\": {\"choices\": [2048, 4096, 8192, 16384]}}"}
{"op_code":5,"worker_id":"95414770-f03f-4807-9809-3fd431a5c3c9-33376","trial_id":10,"param_name":"batch-size","param_value_internal":1,"distribution":"{\"name\": \"CategoricalDistribution\", \"attributes\": {\"choices\": [64, 256, 1024]}}"}
{"op_code":5,"worker_id":"95414770-f03f-4807-9809-3fd431a5c3c9-33376","trial_id":10,"param_name":"n-epochs","param_value_internal":0,"distribution":"{\"name\": \"CategoricalDistribution\", \"attributes\": {\"choices\": [3, 5, 10]}}"}
{"op_code":5,"worker_id":"95414770-f03f-4807-9809-3fd431a5c3c9-33376","trial_id":10,"param_name":"gamma","param_value_internal":2,"distribution":"{\"name\": \"CategoricalDistribution\", \"attributes\": {\"choices\": [0.99, 0.995, 0.999]}}"}
{"op_code":5,"worker_id":"95414770-f03f-4807-9809-3fd431a5c3c9-33376","trial_id":10,"param_name":"gae-lambda","param_value_internal":2,"distribution":"{\"name\": \"CategoricalDistribution\", \"attributes\": {\"choices\": [0.9, 0.95, 0.98]}}"}
{"op_code":5,"worker_id":"95414770-f03f-4807-9809-3fd431a5c3c9-33376","trial_id":10,"param_name":"clip-range","param_value_internal":0,"distribution":"{\"name\": \"CategoricalDistribution\", \"attributes\": {\"choices\": [0.1, 0.2, 0.3]}}"}
{"op_code":5,"worker_id":"95414770-f03f-4807-9809-3fd431a5c3c9-33376","trial_id":10,"param_name":"ent-coef","param_value_internal":0.000779308323413374,"distribution":"{\"name\": \"FloatDistribution\", \"attributes\": {\"step\": null, \"low\": 0.0001, \"high\": 0.03, \"log\": true}}"}
{"op_code":8,"worker_id":"95414770-f03f-4807-9809-3fd431a5c3c9-33376","trial_id":10,"user_attr":{"train_argv":"--option 4 --reward-mode objective --objectives tardiness_sq --lambda-late 1.0 --lambda-energy 1.0 --power-model linear --difficulty off_tf05 --timesteps 300000 --save-tag tune_off_tf05_o4fmlubrze_t10 --n-envs 4 --vec-backend subproc --seed 0 --algo ppo --markov-obs --lookahead --fixed-scaling --critic-arrivals --lateness-shaping --normalize-reward --event-idle --repair-placement --learning-rate 0.000754018 --rollout-size 4096 --batch-size 256 --n-epochs 3 --gamma 0.999 --gae-lambda 0.98 --clip-range 0.1 --ent-coef 0.000779308"}}
{"op_code":7,"worker_id":"a94e08aa-d659-476c-8cc8-fe727eb66516-27168","trial_id":9,"step":75000,"intermediate_value":36576.0}
{"op_code":7,"worker_id":"95414770-f03f-4807-9809-3fd431a5c3c9-33376","trial_id":10,"step":75000,"intermediate_value":34081.8}
{"op_code":7,"worker_id":"a94e08aa-d659-476c-8cc8-fe727eb66516-27168","trial_id":9,"step":150000,"intermediate_value":31094.8}
{"op_code":7,"worker_id":"95414770-f03f-4807-9809-3fd431a5c3c9-33376","trial_id":10,"step":150000,"intermediate_value":30091.2}
{"op_code":7,"worker_id":"a94e08aa-d659-476c-8cc8-fe727eb66516-27168","trial_id":9,"step":225000,"intermediate_value":30052.6}
{"op_code":7,"worker_id":"95414770-f03f-4807-9809-3fd431a5c3c9-33376","trial_id":10,"step":225000,"intermediate_value":27068.4}
{"op_code":6,"worker_id":"a94e08aa-d659-476c-8cc8-fe727eb66516-27168","trial_id":9,"state":1,"values":[31576.05],"datetime_complete":"2026-10-08T23:54:42.662282"}
{"op_code":4,"worker_id":"a94e08aa-d659-476c-8cc8-fe727eb66516-27168","study_id":0,"datetime_start":"2026-10-08T23:54:42.890977"}
{"op_code":5,"worker_id":"a94e08aa-d659-476c-8cc8-fe727eb66516-27168","trial_id":11,"param_name":"learning-rate","param_value_internal":8.22648979246715e-05,"distribution":"{\"name\": \"FloatDistribution\", \"attributes\": {\"step\": null, \"low\": 3e-05, \"high\": 0.001, \"log\": true}}"}
{"op_code":5,"worker_id":"a94e08aa-d659-476c-8cc8-fe727eb66516-27168","trial_id":11,"param_name":"rollout-size","param_value_internal":0,"distribution":"{\"name\": \"CategoricalDistribution\", \"attributes\": {\"choices\": [2048, 4096, 8192, 16384]}}"}
{"op_code":5,"worker_id":"a94e08aa-d659-476c-8cc8-fe727eb66516-27168","trial_id":11,"param_name":"batch-size","param_value_internal":0,"distribution":"{\"name\": \"CategoricalDistribution\", \"attributes\": {\"choices\": [64, 256, 1024]}}"}
{"op_code":5,"worker_id":"a94e08aa-d659-476c-8cc8-fe727eb66516-27168","trial_id":11,"param_name":"n-epochs","param_value_internal":0,"distribution":"{\"name\": \"CategoricalDistribution\", \"attributes\": {\"choices\": [3, 5, 10]}}"}
{"op_code":5,"worker_id":"a94e08aa-d659-476c-8cc8-fe727eb66516-27168","trial_id":11,"param_name":"gamma","param_value_internal":0,"distribution":"{\"name\": \"CategoricalDistribution\", \"attributes\": {\"choices\": [0.99, 0.995, 0.999]}}"}
{"op_code":5,"worker_id":"a94e08aa-d659-476c-8cc8-fe727eb66516-27168","trial_id":11,"param_name":"gae-lambda","param_value_internal":2,"distribution":"{\"name\": \"CategoricalDistribution\", \"attributes\": {\"choices\": [0.9, 0.95, 0.98]}}"}
{"op_code":5,"worker_id":"a94e08aa-d659-476c-8cc8-fe727eb66516-27168","trial_id":11,"param_name":"clip-range","param_value_internal":1,"distribution":"{\"name\": \"CategoricalDistribution\", \"attributes\": {\"choices\": [0.1, 0.2, 0.3]}}"}
{"op_code":5,"worker_id":"a94e08aa-d659-476c-8cc8-fe727eb66516-27168","trial_id":11,"param_name":"ent-coef","param_value_internal":0.00011753029137799356,"distribution":"{\"name\": \"FloatDistribution\", \"attributes\": {\"step\": null, \"low\": 0.0001, \"high\": 0.03, \"log\": true}}"}
{"op_code":8,"worker_id":"a94e08aa-d659-476c-8cc8-fe727eb66516-27168","trial_id":11,"user_attr":{"train_argv":"--option 4 --reward-mode objective --objectives tardiness_sq --lambda-late 1.0 --lambda-energy 1.0 --power-model linear --difficulty off_tf05 --timesteps 300000 --save-tag tune_off_tf05_o4fmlubrze_t11 --n-envs 4 --vec-backend subproc --seed 0 --algo ppo --markov-obs --lookahead --fixed-scaling --critic-arrivals --lateness-shaping --normalize-reward --event-idle --repair-placement --learning-rate 8.22649e-05 --rollout-size 2048 --batch-size 64 --n-epochs 3 --gamma 0.99 --gae-lambda 0.98 --clip-range 0.2 --ent-coef 0.00011753"}}
{"op_code":6,"worker_id":"95414770-f03f-4807-9809-3fd431a5c3c9-33376","trial_id":10,"state":1,"values":[29156.65],"datetime_complete":"2026-10-08T23:55:29.768743"}
{"op_code":7,"worker_id":"a94e08aa-d659-476c-8cc8-fe727eb66516-27168","trial_id":11,"step":75000,"intermediate_value":39836.8}
{"op_code":7,"worker_id":"a94e08aa-d659-476c-8cc8-fe727eb66516-27168","trial_id":11,"step":150000,"intermediate_value":31593.8}
{"op_code":7,"worker_id":"a94e08aa-d659-476c-8cc8-fe727eb66516-27168","trial_id":11,"step":225000,"intermediate_value":28262.2}
{"op_code":6,"worker_id":"a94e08aa-d659-476c-8cc8-fe727eb66516-27168","trial_id":11,"state":1,"values":[28220.45],"datetime_complete":"2026-10-09T00:03:12.284361"}
{"op_code":0,"worker_id":"a0fb2a16-13c8-43b8-b339-9b1347e993ee-36512","study_name":"off_tf05_o4fmlubrze","directions":[1]}
{"op_code":0,"worker_id":"fc8ecc6f-5781-4916-bea5-ca55239456f9-14944","study_name":"off_tf05_o4fmlubrze","directions":[1]}
