{"op_code":0,"worker_id":"4427af93-b7c5-4259-9ffb-5bdd750af25b-37012","study_name":"on_rho095_o1cnm","directions":[1]}
{"op_code":4,"worker_id":"4427af93-b7c5-4259-9ffb-5bdd750af25b-37012","study_id":0,"datetime_start":"2026-10-06T01:50:00.801873"}
{"op_code":5,"worker_id":"4427af93-b7c5-4259-9ffb-5bdd750af25b-37012","trial_id":0,"param_name":"learning-rate","param_value_internal":0.00020554062603827,"distribution":"{\"name\": \"FloatDistribution\", \"attributes\": {\"step\": null, \"low\": 3e-05, \"high\": 0.001, \"log\": true}}"}
{"op_code":5,"worker_id":"4427af93-b7c5-4259-9ffb-5bdd750af25b-37012","trial_id":0,"param_name":"rollout-size","param_value_internal":0,"distribution":"{\"name\": \"CategoricalDistribution\", \"attributes\": {\"choices\": [2048, 4096, 8192, 16384]}}"}
{"op_code":5,"worker_id":"4427af93-b7c5-4259-9ffb-5bdd750af25b-37012","trial_id":0,"param_name":"batch-size","param_value_internal":2,"distribution":"{\"name\": \"CategoricalDistribution\", \"attributes\": {\"choices\": [64, 256, 1024]}}"}
{"op_code":5,"worker_id":"4427af93-b7c5-4259-9ffb-5bdd750af25b-37012","trial_id":0,"param_name":"n-epochs","param_value_internal":0,"distribution":"{\"name\": \"CategoricalDistribution\", \"attributes\": {\"choices\": [3, 5, 10]}}"}
{"op_code":5,"worker_id":"4427af93-b7c5-4259-9ffb-5bdd750af25b-37012","trial_id":0,"param_name":"gamma","param_value_internal":2,"distribution":"{\"name\": \"CategoricalDistribution\", \"attributes\": {\"choices\": [0.99, 0.995, 0.999]}}"}
{"op_code":5,"worker_id":"4427af93-b7c5-4259-9ffb-5bdd750af25b-37012","trial_id":0,"param_name":"gae-lambda","param_value_internal":1,"distribution":"{\"name\": \"CategoricalDistribution\", \"attributes\": {\"choices\": [0.9, 0.95, 0.98]}}"}
{"op_code":5,"worker_id":"4427af93-b7c5-4259-9ffb-5bdd750af25b-37012","trial_id":0,"param_name":"clip-range","param_value_internal":2,"distribution":"{\"name\": \"CategoricalDistribution\", \"attributes\": {\"choices\": [0.1, 0.2, 0.3]}}"}
{"op_code":5,"worker_id":"4427af93-b7c5-4259-9ffb-5bdd750af25b-37012","trial_id":0,"param_name":"ent-coef","param_value_internal":0.02655561084998941,"distribution":"{\"name\": \"FloatDistribution\", \"attributes\": {\"step\": null, \"low\": 0.0001, \"high\": 0.03, \"log\": true}}"}
{"op_code":8,"worker_id":"4427af93-b7c5-4259-9ffb-5bdd750af25b-37012","trial_id":0,"user_attr":{"train_argv":"--option 1 --reward-mode objective --objectives tardiness_sq --lambda-late 1.0 --lambda-energy 1.0 --power-model linear --difficulty on_rho095 --timesteps 100000 --save-tag tune_on_rho095_o1cnm_t0 --n-envs 4 --vec-backend subproc --seed 0 --rule-placements FirstFit,Consolidate --algo ppo --markov-obs --work-conserving --learning-rate 0.000205541 --rollout-size 2048 --batch-size 1024 --n-epochs 3 --gamma 0.999 --gae-lambda 0.95 --clip-range 0.3 --ent-coef 0.0265556"}}
{"op_code":7,"worker_id":"4427af93-b7c5-4259-9ffb-5bdd750af25b-37012","trial_id":0,"step":25000,"intermediate_value":45660.0}
{"op_code":7,"worker_id":"4427af93-b7c5-4259-9ffb-5bdd750af25b-37012","trial_id":0,"step":50000,"intermediate_value":132795.8}
{"op_code":7,"worker_id":"4427af93-b7c5-4259-9ffb-5bdd750af25b-37012","trial_id":0,"step":75000,"intermediate_value":100738.0}
{"op_code":6,"worker_id":"4427af93-b7c5-4259-9ffb-5bdd750af25b-37012","trial_id":0,"state":1,"values":[143296.45],"datetime_complete":"2026-10-06T01:52:17.314150"}
{"op_code":4,"worker_id":"4427af93-b7c5-4259-9ffb-5bdd750af25b-37012","study_id":0,"datetime_start":"2026-10-06T01:52:17.511119"}
{"op_code":5,"worker_id":"4427af93-b7c5-4259-9ffb-5bdd750af25b-37012","trial_id":1,"param_name":"learning-rate","param_value_internal":0.0004944733002746453,"distribution":"{\"name\": \"FloatDistribution\", \"attributes\": {\"step\": null, \"low\": 3e-05, \"high\": 0.001, \"log\": true}}"}
{"op_code":5,"worker_id":"4427af93-b7c5-4259-9ffb-5bdd750af25b-37012","trial_id":1,"param_name":"rollout-size","param_value_internal":1,"distribution":"{\"name\": \"CategoricalDistribution\", \"attributes\": {\"choices\": [2048, 4096, 8192, 16384]}}"}
{"op_code":5,"worker_id":"4427af93-b7c5-4259-9ffb-5bdd750af25b-37012","trial_id":1,"param_name":"batch-size","param_value_internal":1,"distribution":"{\"name\": \"CategoricalDistribution\", \"attributes\": {\"choices\": [64, 256, 1024]}}"}
{"op_code":5,"worker_id":"4427af93-b7c5-4259-9ffb-5bdd750af25b-37012","trial_id":1,"param_name":"n-epochs","param_value_internal":2,"distribution":"{\"name\": \"CategoricalDistribution\", \"attributes\": {\"choices\": [3, 5, 10]}}"}
{"op_code":5,"worker_id":"4427af93-b7c5-4259-9ffb-5bdd750af25b-37012","trial_id":1,"param_name":"gamma","param_value_internal":1,"distribution":"{\"name\": \"CategoricalDistribution\", \"attributes\": {\"choices\": [0.99, 0.995, 0.999]}}"}
{"op_code":5,"worker_id":"4427af93-b7c5-4259-9ffb-5bdd750af25b-37012","trial_id":1,"param_name":"gae-lambda","param_value_internal":0,"distribution":"{\"name\": \"CategoricalDistribution\", \"attributes\": {\"choices\": [0.9, 0.95, 0.98]}}"}
{"op_code":5,"worker_id":"4427af93-b7c5-4259-9ffb-5bdd750af25b-37012","trial_id":1,"param_name":"clip-range","param_value_internal":0,"distribution":"{\"name\": \"CategoricalDistribution\", \"attributes\": {\"choices\": [0.1, 0.2, 0.3]}}"}
{"op_code":5,"worker_id":"4427af93-b7c5-4259-9ffb-5bdd750af25b-37012","trial_id":1,"param_name":"ent-coef","param_value_internal":0.0012094311268425492,"distribution":"{\"name\": \"FloatDistribution\", \"attributes\": {\"step\": null, \"low\": 0.0001, \"high\": 0.03, \"log\": true}}"}
{"op_code":8,"worker_id":"4427af93-b7c5-4259-9ffb-5bdd750af25b-37012","trial_id":1,"user_attr":{"train_argv":"--option 1 --reward-mode objective --objectives tardiness_sq --lambda-late 1.0 --lambda-energy 1.0 --power-model linear --difficulty on_rho095 --timesteps 100000 --save-tag tune_on_rho095_o1cnm_t1 --n-envs 4 --vec-backend subproc --seed 0 --rule-placements FirstFit,Consolidate --algo ppo --markov-obs --work-conserving --learning-rate 0.000494473 --rollout-size 4096 --batch-size 256 --n-epochs 10 --gamma 0.995 --gae-lambda 0.9 --clip-range 0.1 --ent-coef 0.00120943"}}
{"op_code":7,"worker_id":"4427af93-b7c5-4259-9ffb-5bdd750af25b-37012","trial_id":1,"step":25000,"intermediate_value":88594.2}
{"op_code":7,"worker_id":"4427af93-b7c5-4259-9ffb-5bdd750af25b-37012","trial_id":1,"step":50000,"intermediate_value":106227.4}
{"op_code":7,"worker_id":"4427af93-b7c5-4259-9ffb-5bdd750af25b-37012","trial_id":1,"step":75000,"intermediate_value":122844.4}
{"op_code":6,"worker_id":"4427af93-b7c5-4259-9ffb-5bdd750af25b-37012","trial_id":1,"state":1,"values":[53012.55],"datetime_complete":"2026-10-06T01:56:01.561057"}
{"op_code":4,"worker_id":"4427af93-b7c5-4259-9ffb-5bdd750af25b-37012","study_id":0,"datetime_start":"2026-10-06T01:56:01.783066"}
{"op_code":5,"worker_id":"4427af93-b7c5-4259-9ffb-5bdd750af25b-37012","trial_id":2,"param_name":"learning-rate","param_value_internal":0.0003463609921766881,"distribution":"{\"name\": \"FloatDistribution\", \"attributes\": {\"step\": null, \"low\": 3e-05, \"high\": 0.001, \"log\": true}}"}
{"op_code":5,"worker_id":"4427af93-b7c5-4259-9ffb-5bdd750af25b-37012","trial_id":2,"param_name":"rollout-size","param_value_internal":2,"distribution":"{\"name\": \"CategoricalDistribution\", \"attributes\": {\"choices\": [2048, 4096, 8192, 16384]}}"}
{"op_code":5,"worker_id":"4427af93-b7c5-4259-9ffb-5bdd750af25b-37012","trial_id":2,"param_name":"batch-size","param_value_internal":2,"distribution":"{\"name\": \"CategoricalDistribution\", \"attributes\": {\"choices\": [64, 256, 1024]}}"}
{"op_code":5,"worker_id":"4427af93-b7c5-4259-9ffb-5bdd750af25b-37012","trial_id":2,"param_name":"n-epochs","param_value_internal":2,"distribution":"{\"name\": \"CategoricalDistribution\", \"attributes\": {\"choices\": [3, 5, 10]}}"}
{"op_code":5,"worker_id":"4427af93-b7c5-4259-9ffb-5bdd750af25b-37012","trial_id":2,"param_name":"gamma","param_value_internal":1,"distribution":"{\"name\": \"CategoricalDistribution\", \"attributes\": {\"choices\": [0.99, 0.995, 0.999]}}"}
{"op_code":5,"worker_id":"4427af93-b7c5-4259-9ffb-5bdd750af25b-37012","trial_id":2,"param_name":"gae-lambda","param_value_internal":0,"distribution":"{\"name\": \"CategoricalDistribution\", \"attributes\": {\"choices\": [0.9, 0.95, 0.98]}}"}
{"op_code":5,"worker_id":"4427af93-b7c5-4259-9ffb-5bdd750af25b-37012","trial_id":2,"param_name":"clip-range","param_value_internal":0,"distribution":"{\"name\": \"CategoricalDistribution\", \"attributes\": {\"choices\": [0.1, 0.2, 0.3]}}"}
{"op_code":5,"worker_id":"4427af93-b7c5-4259-9ffb-5bdd750af25b-37012","trial_id":2,"param_name":"ent-coef","param_value_internal":0.0042248177213228075,"distribution":"{\"name\": \"FloatDistribution\", \"attributes\": {\"step\": null, \"low\": 0.0001, \"high\": 0.03, \"log\": true}}"}
{"op_code":8,"worker_id":"4427af93-b7c5-4259-9ffb-5bdd750af25b-37012","trial_id":2,"user_attr":{"train_argv":"--option 1 --reward-mode objective --objectives tardiness_sq --lambda-late 1.0 --lambda-energy 1.0 --power-model linear --difficulty on_rho095 --timesteps 100000 --save-tag tune_on_rho095_o1cnm_t2 --n-envs 4 --vec-backend subproc --seed 0 --rule-placements FirstFit,Consolidate --algo ppo --markov-obs --work-conserving --learning-rate 0.000346361 --rollout-size 8192 --batch-size 1024 --n-epochs 10 --gamma 0.995 --gae-lambda 0.9 --clip-range 0.1 --ent-coef 0.00422482"}}
{"op_code":7,"worker_id":"4427af93-b7c5-4259-9ffb-5bdd750af25b-37012","trial_id":2,"step":25000,"intermediate_value":101041.8}
{"op_code":7,"worker_id":"4427af93-b7c5-4259-9ffb-5bdd750af25b-37012","trial_id":2,"step":50000,"intermediate_value":78803.0}
{"op_code":7,"worker_id":"4427af93-b7c5-4259-9ffb-5bdd750af25b-37012","trial_id":2,"step":75000,"intermediate_value":59985.8}
{"op_code":6,"worker_id":"4427af93-b7c5-4259-9ffb-5bdd750af25b-37012","trial_id":2,"state":1,"values":[171392.1],"datetime_complete":"2026-10-06T01:59:26.818929"}
{"op_code":4,"worker_id":"4427af93-b7c5-4259-9ffb-5bdd750af25b-37012","study_id":0,"datetime_start":"2026-10-06T01:59:27.028160"}
{"op_code":5,"worker_id":"4427af93-b7c5-4259-9ffb-5bdd750af25b-37012","trial_id":3,"param_name":"learning-rate","param_value_internal":4.8703159315306354e-05,"distribution":"{\"name\": \"FloatDistribution\", \"attributes\": {\"step\": null, \"low\": 3e-05, \"high\": 0.001, \"log\": true}}"}
{"op_code":5,"worker_id":"4427af93-b7c5-4259-9ffb-5bdd750af25b-37012","trial_id":3,"param_name":"rollout-size","param_value_internal":2,"distribution":"{\"name\": \"CategoricalDistribution\", \"attributes\": {\"choices\": [2048, 4096, 8192, 16384]}}"}
{"op_code":5,"worker_id":"4427af93-b7c5-4259-9ffb-5bdd750af25b-37012","trial_id":3,"param_name":"batch-size","param_value_internal":2,"distribution":"{\"name\": \"CategoricalDistribution\", \"attributes\": {\"choices\": [64, 256, 1024]}}"}
{"op_code":5,"worker_id":"4427af93-b7c5-4259-9ffb-5bdd750af25b-37012","trial_id":3,"param_name":"n-epochs","param_value_internal":1,"distribution":"{\"name\": \"CategoricalDistribution\", \"attributes\": {\"choices\": [3, 5, 10]}}"}
{"op_code":5,"worker_id":"4427af93-b7c5-4259-9ffb-5bdd750af25b-37012","trial_id":3,"param_name":"gamma","param_value_internal":0,"distribution":"{\"name\": \"CategoricalDistribution\", \"attributes\": {\"choices\": [0.99, 0.995, 0.999]}}"}
{"op_code":5,"worker_id":"4427af93-b7c5-4259-9ffb-5bdd750af25b-37012","trial_id":3,"param_name":"gae-lambda","param_value_internal":1,"distribution":"{\"name\": \"CategoricalDistribution\", \"attributes\": {\"choices\": [0.9, 0.95, 0.98]}}"}
{"op_code":5,"worker_id":"4427af93-b7c5-4259-9ffb-5bdd750af25b-37012","trial_id":3,"param_name":"clip-range","param_value_internal":1,"distribution":"{\"name\": \"CategoricalDistribution\", \"attributes\": {\"choices\": [0.1, 0.2, 0.3]}}"}
{"op_code":5,"worker_id":"4427af93-b7c5-4259-9ffb-5bdd750af25b-37012","trial_id":3,"param_name":"ent-coef","param_value_internal":0.005192032534497486,"distribution":"{\"name\": \"FloatDistribution\", \"attributes\": {\"step\": null, \"low\": 0.0001, \"high\": 0.03, \"log\": true}}"}
{"op_code":8,"worker_id":"4427af93-b7c5-4259-9ffb-5bdd750af25b-37012","trial_id":3,"user_attr":{"train_argv":"--option 1 --reward-mode objective --objectives tardiness_sq --lambda-late 1.0 --lambda-energy 1.0 --power-model linear --difficulty on_rho095 --timesteps 100000 --save-tag tune_on_rho095_o1cnm_t3 --n-envs 4 --vec-backend subproc --seed 0 --rule-placements FirstFit,Consolidate --algo ppo --markov-obs --work-conserving --learning-rate 4.87032e-05 --rollout-size 8192 --batch-size 1024 --n-epochs 5 --gamma 0.99 --gae-lambda 0.95 --clip-range 0.2 --ent-coef 0.00519203"}}
{"op_code":7,"worker_id":"4427af93-b7c5-4259-9ffb-5bdd750af25b-37012","trial_id":3,"step":25000,"intermediate_value":234755.4}
{"op_code":7,"worker_id":"4427af93-b7c5-4259-9ffb-5bdd750af25b-37012","trial_id":3,"step":50000,"intermediate_value":132795.8}
{"op_code":7,"worker_id":"4427af93-b7c5-4259-9ffb-5bdd750af25b-37012","trial_id":3,"step":75000,"intermediate_value":166137.8}
{"op_code":6,"worker_id":"4427af93-b7c5-4259-9ffb-5bdd750af25b-37012","trial_id":3,"state":1,"values":[183589.45],"datetime_complete":"2026-10-06T02:01:59.158657"}
{"op_code":4,"worker_id":"4427af93-b7c5-4259-9ffb-5bdd750af25b-37012","study_id":0,"datetime_start":"2026-10-06T02:01:59.414736"}
{"op_code":5,"worker_id":"4427af93-b7c5-4259-9ffb-5bdd750af25b-37012","trial_id":4,"param_name":"learning-rate","param_value_internal":0.00021876939530160837,"distribution":"{\"name\": \"FloatDistribution\", \"attributes\": {\"step\": null, \"low\": 3e-05, \"high\": 0.001, \"log\": true}}"}
{"op_code":5,"worker_id":"4427af93-b7c5-4259-9ffb-5bdd750af25b-37012","trial_id":4,"param_name":"rollout-size","param_value_internal":3,"distribution":"{\"name\": \"CategoricalDistribution\", \"attributes\": {\"choices\": [2048, 4096, 8192, 16384]}}"}
{"op_code":5,"worker_id":"4427af93-b7c5-4259-9ffb-5bdd750af25b-37012","trial_id":4,"param_name":"batch-size","param_value_internal":0,"distribution":"{\"name\": \"CategoricalDistribution\", \"attributes\": {\"choices\": [64, 256, 1024]}}"}
{"op_code":5,"worker_id":"4427af93-b7c5-4259-9ffb-5bdd750af25b-37012","trial_id":4,"param_name":"n-epochs","param_value_internal":1,"distribution":"{\"name\": \"CategoricalDistribution\", \"attributes\": {\"choices\": [3, 5, 10]}}"}
{"op_code":5,"worker_id":"4427af93-b7c5-4259-9ffb-5bdd750af25b-37012","trial_id":4,"param_name":"gamma","param_value_internal":1,"distribution":"{\"name\": \"CategoricalDistribution\", \"attributes\": {\"choices\": [0.99, 0.995, 0.999]}}"}
{"op_code":5,"worker_id":"4427af93-b7c5-4259-9ffb-5bdd750af25b-37012","trial_id":4,"param_name":"gae-lambda","param_value_internal":0,"distribution":"{\"name\": \"CategoricalDistribution\", \"attributes\": {\"choices\": [0.9, 0.95, 0.98]}}"}
{"op_code":5,"worker_id":"4427af93-b7c5-4259-9ffb-5bdd750af25b-37012","trial_id":4,"param_name":"clip-range","param_value_internal":2,"distribution":"{\"name\": \"CategoricalDistribution\", \"attributes\": {\"choices\": [0.1, 0.2, 0.3]}}"}
{"op_code":5,"worker_id":"4427af93-b7c5-4259-9ffb-5bdd750af25b-37012","trial_id":4,"param_name":"ent-coef","param_value_internal":0.000413229862740349,"distribution":"{\"name\": \"FloatDistribution\", \"attributes\": {\"step\": null, \"low\": 0.0001, \"high\": 0.03, \"log\": true}}"}
{"op_code":8,"worker_id":"4427af93-b7c5-4259-9ffb-5bdd750af25b-37012","trial_id":4,"user_attr":{"train_argv":"--option 1 --reward-mode objective --objectives tardiness_sq --lambda-late 1.0 --lambda-energy 1.0 --power-model linear --difficulty on_rho095 --timesteps 100000 --save-tag tune_on_rho095_o1cnm_t4 --n-envs 4 --vec-backend subproc --seed 0 --rule-placements FirstFit,Consolidate --algo ppo --markov-obs --work-conserving --learning-rate 0.000218769 --rollout-size 16384 --batch-size 64 --n-epochs 5 --gamma 0.995 --gae-lambda 0.9 --clip-range 0.3 --ent-coef 0.00041323"}}
{"op_code":7,"worker_id":"4427af93-b7c5-4259-9ffb-5bdd750af25b-37012","trial_id":4,"step":25000,"intermediate_value":85201.8}
{"op_code":7,"worker_id":"4427af93-b7c5-4259-9ffb-5bdd750af25b-37012","trial_id":4,"step":50000,"intermediate_value":23590.0}
{"op_code":7,"worker_id":"4427af93-b7c5-4259-9ffb-5bdd750af25b-37012","trial_id":4,"step":75000,"intermediate_value":23590.0}
{"op_code":6,"worker_id":"4427af93-b7c5-4259-9ffb-5bdd750af25b-37012","trial_id":4,"state":1,"values":[139278.95],"datetime_complete":"2026-10-06T02:05:28.143833"}
{"op_code":4,"worker_id":"4427af93-b7c5-4259-9ffb-5bdd750af25b-37012","study_id":0,"datetime_start":"2026-10-06T02:05:28.406290"}
{"op_code":5,"worker_id":"4427af93-b7c5-4259-9ffb-5bdd750af25b-37012","trial_id":5,"param_name":"learning-rate","param_value_internal":0.00022622417507807115,"distribution":"{\"name\": \"FloatDistribution\", \"attributes\": {\"step\": null, \"low\": 3e-05, \"high\": 0.001, \"log\": true}}"}
{"op_code":5,"worker_id":"4427af93-b7c5-4259-9ffb-5bdd750af25b-37012","trial_id":5,"param_name":"rollout-size","param_value_internal":3,"distribution":"{\"name\": \"CategoricalDistribution\", \"attributes\": {\"choices\": [2048, 4096, 8192, 16384]}}"}
{"op_code":5,"worker_id":"4427af93-b7c5-4259-9ffb-5bdd750af25b-37012","trial_id":5,"param_name":"batch-size","param_value_internal":1,"distribution":"{\"name\": \"CategoricalDistribution\", \"attributes\": {\"choices\": [64, 256, 1024]}}"}
{"op_code":5,"worker_id":"4427af93-b7c5-4259-9ffb-5bdd750af25b-37012","trial_id":5,"param_name":"n-epochs","param_value_internal":1,"distribution":"{\"name\": \"CategoricalDistribution\", \"attributes\": {\"choices\": [3, 5, 10]}}"}
{"op_code":5,"worker_id":"4427af93-b7c5-4259-9ffb-5bdd750af25b-37012","trial_id":5,"param_name":"gamma","param_value_internal":2,"distribution":"{\"name\": \"CategoricalDistribution\", \"attributes\": {\"choices\": [0.99, 0.995, 0.999]}}"}
{"op_code":5,"worker_id":"4427af93-b7c5-4259-9ffb-5bdd750af25b-37012","trial_id":5,"param_name":"gae-lambda","param_value_internal":1,"distribution":"{\"name\": \"CategoricalDistribution\", \"attributes\": {\"choices\": [0.9, 0.95, 0.98]}}"}
{"op_code":5,"worker_id":"4427af93-b7c5-4259-9ffb-5bdd750af25b-37012","trial_id":5,"param_name":"clip-range","param_value_internal":0,"distribution":"{\"name\": \"CategoricalDistribution\", \"attributes\": {\"choices\": [0.1, 0.2, 0.3]}}"}
{"op_code":5,"worker_id":"4427af93-b7c5-4259-9ffb-5bdd750af25b-37012","trial_id":5,"param_name":"ent-coef","param_value_internal":0.0031776753088383902,"distribution":"{\"name\": \"FloatDistribution\", \"attributes\": {\"step\": null, \"low\": 0.0001, \"high\": 0.03, \"log\": true}}"}
{"op_code":8,"worker_id":"4427af93-b7c5-4259-9ffb-5bdd750af25b-37012","trial_id":5,"user_attr":{"train_argv":"--option 1 --reward-mode objective --objectives tardiness_sq --lambda-late 1.0 --lambda-energy 1.0 --power-model linear --difficulty on_rho095 --timesteps 100000 --save-tag tune_on_rho095_o1cnm_t5 --n-envs 4 --vec-backend subproc --seed 0 --rule-placements FirstFit,Consolidate --algo ppo --markov-obs --work-conserving --learning-rate 0.000226224 --rollout-size 16384 --batch-size 256 --n-epochs 5 --gamma 0.999 --gae-lambda 0.95 --clip-range 0.1 --ent-coef 0.00317768"}}
{"op_code":7,"worker_id":"4427af93-b7c5-4259-9ffb-5bdd750af25b-37012","trial_id":5,"step":25000,"intermediate_value":111293.6}
{"op_code":6,"worker_id":"4427af93-b7c5-4259-9ffb-5bdd750af25b-37012","trial_id":5,"state":2,"values":[111293.6],"datetime_complete":"2026-10-06T02:06:04.030913"}
{"op_code":4,"worker_id":"4427af93-b7c5-4259-9ffb-5bdd750af25b-37012","study_id":0,"datetime_start":"2026-10-06T02:06:04.290375"}
{"op_code":5,"worker_id":"4427af93-b7c5-4259-9ffb-5bdd750af25b-37012","trial_id":6,"param_name":"learning-rate","param_value_internal":3.208855558609467e-05,"distribution":"{\"name\": \"FloatDistribution\", \"attributes\": {\"step\": null, \"low\": 3e-05, \"high\": 0.001, \"log\": true}}"}
{"op_code":5,"worker_id":"4427af93-b7c5-4259-9ffb-5bdd750af25b-37012","trial_id":6,"param_name":"rollout-size","param_value_internal":1,"distribution":"{\"name\": \"CategoricalDistribution\", \"attributes\": {\"choices\": [2048, 4096, 8192, 16384]}}"}
{"op_code":5,"worker_id":"4427af93-b7c5-4259-9ffb-5bdd750af25b-37012","trial_id":6,"param_name":"batch-size","param_value_internal":0,"distribution":"{\"name\": \"CategoricalDistribution\", \"attributes\": {\"choices\": [64, 256, 1024]}}"}
{"op_code":5,"worker_id":"4427af93-b7c5-4259-9ffb-5bdd750af25b-37012","trial_id":6,"param_name":"n-epochs","param_value_internal":1,"distribution":"{\"name\": \"CategoricalDistribution\", \"attributes\": {\"choices\": [3, 5, 10]}}"}
{"op_code":5,"worker_id":"4427af93-b7c5-4259-9ffb-5bdd750af25b-37012","trial_id":6,"param_name":"gamma","param_value_internal":0,"distribution":"{\"name\": \"CategoricalDistribution\", \"attributes\": {\"choices\": [0.99, 0.995, 0.999]}}"}
{"op_code":5,"worker_id":"4427af93-b7c5-4259-9ffb-5bdd750af25b-37012","trial_id":6,"param_name":"gae-lambda","param_value_internal":0,"distribution":"{\"name\": \"CategoricalDistribution\", \"attributes\": {\"choices\": [0.9, 0.95, 0.98]}}"}
{"op_code":5,"worker_id":"4427af93-b7c5-4259-9ffb-5bdd750af25b-37012","trial_id":6,"param_name":"clip-range","param_value_internal":0,"distribution":"{\"name\": \"CategoricalDistribution\", \"attributes\": {\"choices\": [0.1, 0.2, 0.3]}}"}
{"op_code":5,"worker_id":"4427af93-b7c5-4259-9ffb-5bdd750af25b-37012","trial_id":6,"param_name":"ent-coef","param_value_internal":0.00017712267105509928,"distribution":"{\"name\": \"FloatDistribution\", \"attributes\": {\"step\": null, \"low\": 0.0001, \"high\": 0.03, \"log\": true}}"}
{"op_code":8,"worker_id":"4427af93-b7c5-4259-9ffb-5bdd750af25b-37012","trial_id":6,"user_attr":{"train_argv":"--option 1 --reward-mode objective --objectives tardiness_sq --lambda-late 1.0 --lambda-energy 1.0 --power-model linear --difficulty on_rho095 --timesteps 100000 --save-tag tune_on_rho095_o1cnm_t6 --n-envs 4 --vec-backend subproc --seed 0 --rule-placements FirstFit,Consolidate --algo ppo --markov-obs --work-conserving --learning-rate 3.20886e-05 --rollout-size 4096 --batch-size 64 --n-epochs 5 --gamma 0.99 --gae-lambda 0.9 --clip-range 0.1 --ent-coef 0.000177123"}}
{"op_code":7,"worker_id":"4427af93-b7c5-4259-9ffb-5bdd750af25b-37012","trial_id":6,"step":25000,"intermediate_value":192491.0}
{"op_code":6,"worker_id":"4427af93-b7c5-4259-9ffb-5bdd750af25b-37012","trial_id":6,"state":2,"values":[192491.0],"datetime_complete":"2026-10-06T02:06:52.383476"}
{"op_code":4,"worker_id":"4427af93-b7c5-4259-9ffb-5bdd750af25b-37012","study_id":0,"datetime_start":"2026-10-06T02:06:52.598406"}
{"op_code":5,"worker_id":"4427af93-b7c5-4259-9ffb-5bdd750af25b-37012","trial_id":7,"param_name":"learning-rate","param_value_internal":0.0007540181221018431,"distribution":"{\"name\": \"FloatDistribution\", \"attributes\": {\"step\": null, \"low\": 3e-05, \"high\": 0.001, \"log\": true}}"}
{"op_code":5,"worker_id":"4427af93-b7c5-4259-9ffb-5bdd750af25b-37012","trial_id":7,"param_name":"rollout-size","param_value_internal":1,"distribution":"{\"name\": \"CategoricalDistribution\", \"attributes\": {\"choices\": [2048, 4096, 8192, 16384]}}"}
{"op_code":5,"worker_id":"4427af93-b7c5-4259-9ffb-5bdd750af25b-37012","trial_id":7,"param_name":"batch-size","param_value_internal":1,"distribution":"{\"name\": \"CategoricalDistribution\", \"attributes\": {\"choices\": [64, 256, 1024]}}"}
{"op_code":5,"worker_id":"4427af93-b7c5-4259-9ffb-5bdd750af25b-37012","trial_id":7,"param_name":"n-epochs","param_value_internal":0,"distribution":"{\"name\": \"CategoricalDistribution\", \"attributes\": {\"choices\": [3, 5, 10]}}"}
{"op_code":5,"worker_id":"4427af93-b7c5-4259-9ffb-5bdd750af25b-37012","trial_id":7,"param_name":"gamma","param_value_internal":2,"distribution":"{\"name\": \"CategoricalDistribution\", \"attributes\": {\"choices\": [0.99, 0.995, 0.999]}}"}
{"op_code":5,"worker_id":"4427af93-b7c5-4259-9ffb-5bdd750af25b-37012","trial_id":7,"param_name":"gae-lambda","param_value_internal":2,"distribution":"{\"name\": \"CategoricalDistribution\", \"attributes\": {\"choices\": [0.9, 0.95, 0.98]}}"}
{"op_code":5,"worker_id":"4427af93-b7c5-4259-9ffb-5bdd750af25b-37012","trial_id":7,"param_name":"clip-range","param_value_internal":0,"distribution":"{\"name\": \"CategoricalDistribution\", \"attributes\": {\"choices\": [0.1, 0.2, 0.3]}}"}
{"op_code":5,"worker_id":"4427af93-b7c5-4259-9ffb-5bdd750af25b-37012","trial_id":7,"param_name":"ent-coef","param_value_internal":0.000779308323413374,"distribution":"{\"name\": \"FloatDistribution\", \"attributes\": {\"step\": null, \"low\": 0.0001, \"high\": 0.03, \"log\": true}}"}
{"op_code":8,"worker_id":"4427af93-b7c5-4259-9ffb-5bdd750af25b-37012","trial_id":7,"user_attr":{"train_argv":"--option 1 --reward-mode objective --objectives tardiness_sq --lambda-late 1.0 --lambda-energy 1.0 --power-model linear --difficulty on_rho095 --timesteps 100000 --save-tag tune_on_rho095_o1cnm_t7 --n-envs 4 --vec-backend subproc --seed 0 --rule-placements FirstFit,Consolidate --algo ppo --markov-obs --work-conserving --learning-rate 0.000754018 --rollout-size 4096 --batch-size 256 --n-epochs 3 --gamma 0.999 --gae-lambda 0.98 --clip-range 0.1 --ent-coef 0.000779308"}}
{"op_code":7,"worker_id":"4427af93-b7c5-4259-9ffb-5bdd750af25b-37012","trial_id":7,"step":25000,"intermediate_value":83585.8}
{"op_code":7,"worker_id":"4427af93-b7c5-4259-9ffb-5bdd750af25b-37012","trial_id":7,"step":50000,"intermediate_value":45660.0}
{"op_code":7,"worker_id":"4427af93-b7c5-4259-9ffb-5bdd750af25b-37012","trial_id":7,"step":75000,"intermediate_value":120838.8}
{"op_code":6,"worker_id":"4427af93-b7c5-4259-9ffb-5bdd750af25b-37012","trial_id":7,"state":1,"values":[40378.1],"datetime_complete":"2026-10-06T02:09:12.233964"}
{"op_code":4,"worker_id":"4427af93-b7c5-4259-9ffb-5bdd750af25b-37012","study_id":0,"datetime_start":"2026-10-06T02:09:12.458644"}
{"op_code":5,"worker_id":"4427af93-b7c5-4259-9ffb-5bdd750af25b-37012","trial_id":8,"param_name":"learning-rate","param_value_internal":0.0003879791314675207,"distribution":"{\"name\": \"FloatDistribution\", \"attributes\": {\"step\": null, \"low\": 3e-05, \"high\": 0.001, \"log\": true}}"}
{"op_code":5,"worker_id":"4427af93-b7c5-4259-9ffb-5bdd750af25b-37012","trial_id":8,"param_name":"rollout-size","param_value_internal":1,"distribution":"{\"name\": \"CategoricalDistribution\", \"attributes\": {\"choices\": [2048, 4096, 8192, 16384]}}"}
{"op_code":5,"worker_id":"4427af93-b7c5-4259-9ffb-5bdd750af25b-37012","trial_id":8,"param_name":"batch-size","param_value_internal":1,"distribution":"{\"name\": \"CategoricalDistribution\", \"attributes\": {\"choices\": [64, 256, 1024]}}"}
{"op_code":5,"worker_id":"4427af93-b7c5-4259-9ffb-5bdd750af25b-37012","trial_id":8,"param_name":"n-epochs","param_value_internal":1,"distribution":"{\"name\": \"CategoricalDistribution\", \"attributes\": {\"choices\": [3, 5, 10]}}"}
{"op_code":5,"worker_id":"4427af93-b7c5-4259-9ffb-5bdd750af25b-37012","trial_id":8,"param_name":"gamma","param_value_internal":2,"distribution":"{\"name\": \"CategoricalDistribution\", \"attributes\": {\"choices\": [0.99, 0.995, 0.999]}}"}
{"op_code":5,"worker_id":"4427af93-b7c5-4259-9ffb-5bdd750af25b-37012","trial_id":8,"param_name":"gae-lambda","param_value_internal":2,"distribution":"{\"name\": \"CategoricalDistribution\", \"attributes\": {\"choices\": [0.9, 0.95, 0.98]}}"}
{"op_code":5,"worker_id":"4427af93-b7c5-4259-9ffb-5bdd750af25b-37012","trial_id":8,"param_name":"clip-range","param_value_internal":0,"distribution":"{\"name\": \"CategoricalDistribution\", \"attributes\": {\"choices\": [0.1, 0.2, 0.3]}}"}
{"op_code":5,"worker_id":"4427af93-b7c5-4259-9ffb-5bdd750af25b-37012","trial_id":8,"param_name":"ent-coef","param_value_internal":0.006435774191713849,"distribution":"{\"name\": \"FloatDistribution\", \"attributes\": {\"step\": null, \"low\": 0.0001, \"high\": 0.03, \"log\": true}}"}
{"op_code":8,"worker_id":"4427af93-b7c5-4259-9ffb-5bdd750af25b-37012","trial_id":8,"user_attr":{"train_argv":"--option 1 --reward-mode objective --objectives tardiness_sq --lambda-late 1.0 --lambda-energy 1.0 --power-model linear --difficulty on_rho095 --timesteps 100000 --save-tag tune_on_rho095_o1cnm_t8 --n-envs 4 --vec-backend subproc --seed 0 --rule-placements FirstFit,Consolidate --algo ppo --markov-obs --work-conserving --learning-rate 0.000387979 --rollout-size 4096 --batch-size 256 --n-epochs 5 --gamma 0.999 --gae-lambda 0.98 --clip-range 0.1 --ent-coef 0.00643577"}}
{"op_code":7,"worker_id":"4427af93-b7c5-4259-9ffb-5bdd750af25b-37012","trial_id":8,"step":25000,"intermediate_value":27156.6}
{"op_code":7,"worker_id":"4427af93-b7c5-4259-9ffb-5bdd750af25b-37012","trial_id":8,"step":50000,"intermediate_value":40383.0}
{"op_code":7,"worker_id":"4427af93-b7c5-4259-9ffb-5bdd750af25b-37012","trial_id":8,"step":75000,"intermediate_value":45502.8}
{"op_code":6,"worker_id":"4427af93-b7c5-4259-9ffb-5bdd750af25b-37012","trial_id":8,"state":1,"values":[65657.35],"datetime_complete":"2026-10-06T02:11:57.959389"}
{"op_code":4,"worker_id":"4427af93-b7c5-4259-9ffb-5bdd750af25b-37012","study_id":0,"datetime_start":"2026-10-06T02:11:58.211480"}
{"op_code":5,"worker_id":"4427af93-b7c5-4259-9ffb-5bdd750af25b-37012","trial_id":9,"param_name":"learning-rate","param_value_internal":8.95726984805228e-05,"distribution":"{\"name\": \"FloatDistribution\", \"attributes\": {\"step\": null, \"low\": 3e-05, \"high\": 0.001, \"log\": true}}"}
{"op_code":5,"worker_id":"4427af93-b7c5-4259-9ffb-5bdd750af25b-37012","trial_id":9,"param_name":"rollout-size","param_value_internal":3,"distribution":"{\"name\": \"CategoricalDistribution\", \"attributes\": {\"choices\": [2048, 4096, 8192, 16384]}}"}
{"op_code":5,"worker_id":"4427af93-b7c5-4259-9ffb-5bdd750af25b-37012","trial_id":9,"param_name":"batch-size","param_value_internal":0,"distribution":"{\"name\": \"CategoricalDistribution\", \"attributes\": {\"choices\": [64, 256, 1024]}}"}
{"op_code":5,"worker_id":"4427af93-b7c5-4259-9ffb-5bdd750af25b-37012","trial_id":9,"param_name":"n-epochs","param_value_internal":2,"distribution":"{\"name\": \"CategoricalDistribution\", \"attributes\": {\"choices\": [3, 5, 10]}}"}
{"op_code":5,"worker_id":"4427af93-b7c5-4259-9ffb-5bdd750af25b-37012","trial_id":9,"param_name":"gamma","param_value_internal":1,"distribution":"{\"name\": \"CategoricalDistribution\", \"attributes\": {\"choices\": [0.99, 0.995, 0.999]}}"}
{"op_code":5,"worker_id":"4427af93-b7c5-4259-9ffb-5bdd750af25b-37012","trial_id":9,"param_name":"gae-lambda","param_value_internal":0,"distribution":"{\"name\": \"CategoricalDistribution\", \"attributes\": {\"choices\": [0.9, 0.95, 0.98]}}"}
{"op_code":5,"worker_id":"4427af93-b7c5-4259-9ffb-5bdd750af25b-37012","trial_id":9,"param_name":"clip-range","param_value_internal":0,"distribution":"{\"name\": \"CategoricalDistribution\", \"attributes\": {\"choices\": [0.1, 0.2, 0.3]}}"}
{"op_code":5,"worker_id":"4427af93-b7c5-4259-9ffb-5bdd750af25b-37012","trial_id":9,"param_name":"ent-coef","param_value_internal":0.016640390684891242,"distribution":"{\"name\": \"FloatDistribution\", \"attributes\": {\"step\": null, \"low\": 0.0001, \"high\": 0.03, \"log\": true}}"}
{"op_code":8,"worker_id":"4427af93-b7c5-4259-9ffb-5bdd750af25b-37012","trial_id":9,"user_attr":{"train_argv":"--option 1 --reward-mode objective --objectives tardiness_sq --lambda-late 1.0 --lambda-energy 1.0 --power-model linear --difficulty on_rho095 --timesteps 100000 --save-tag tune_on_rho095_o1cnm_t9 --n-envs 4 --vec-backend subproc --seed 0 --rule-placements FirstFit,Consolidate --algo ppo --markov-obs --work-conserving --learning-rate 8.95727e-05 --rollout-size 16384 --batch-size 64 --n-epochs 10 --gamma 0.995 --gae-lambda 0.9 --clip-range 0.1 --ent-coef 0.0166404"}}
{"op_code":7,"worker_id":"4427af93-b7c5-4259-9ffb-5bdd750af25b-37012","trial_id":9,"step":25000,"intermediate_value":109505.4}
{"op_code":6,"worker_id":"4427af93-b7c5-4259-9ffb-5bdd750af25b-37012","trial_id":9,"state":2,"values":[109505.4],"datetime_complete":"2026-10-06T02:12:54.474563"}
{"op_code":4,"worker_id":"4427af93-b7c5-4259-9ffb-5bdd750af25b-37012","study_id":0,"datetime_start":"2026-10-06T02:12:54.693000"}
{"op_code":5,"worker_id":"4427af93-b7c5-4259-9ffb-5bdd750af25b-37012","trial_id":10,"param_name":"learning-rate","param_value_internal":0.0008424982598478627,"distribution":"{\"name\": \"FloatDistribution\", \"attributes\": {\"step\": null, \"low\": 3e-05, \"high\": 0.001, \"log\": true}}"}
{"op_code":5,"worker_id":"4427af93-b7c5-4259-9ffb-5bdd750af25b-37012","trial_id":10,"param_name":"rollout-size","param_value_internal":0,"distribution":"{\"name\": \"CategoricalDistribution\", \"attributes\": {\"choices\": [2048, 4096, 8192, 16384]}}"}
{"op_code":5,"worker_id":"4427af93-b7c5-4259-9ffb-5bdd750af25b-37012","trial_id":10,"param_name":"batch-size","param_value_internal":1,"distribution":"{\"name\": \"CategoricalDistribution\", \"attributes\": {\"choices\": [64, 256, 1024]}}"}
{"op_code":5,"worker_id":"4427af93-b7c5-4259-9ffb-5bdd750af25b-37012","trial_id":10,"param_name":"n-epochs","param_value_internal":0,"distribution":"{\"name\": \"CategoricalDistribution\", \"attributes\": {\"choices\": [3, 5, 10]}}"}
{"op_code":5,"worker_id":"4427af93-b7c5-4259-9ffb-5bdd750af25b-37012","trial_id":10,"param_name":"gamma","param_value_internal":2,"distribution":"{\"name\": \"CategoricalDistribution\", \"attributes\": {\"choices\": [0.99, 0.995, 0.999]}}"}
{"op_code":5,"worker_id":"4427af93-b7c5-4259-9ffb-5bdd750af25b-37012","trial_id":10,"param_name":"gae-lambda","param_value_internal":2,"distribution":"{\"name\": \"CategoricalDistribution\", \"attributes\": {\"choices\": [0.9, 0.95, 0.98]}}"}
{"op_code":5,"worker_id":"4427af93-b7c5-4259-9ffb-5bdd750af25b-37012","trial_id":10,"param_name":"clip-range","param_value_internal":1,"distribution":"{\"name\": \"CategoricalDistribution\", \"attributes\": {\"choices\": [0.1, 0.2, 0.3]}}"}
{"op_code":5,"worker_id":"4427af93-b7c5-4259-9ffb-5bdd750af25b-37012","trial_id":10,"param_name":"ent-coef","param_value_internal":0.0008395845873669375,"distribution":"{\"name\": \"FloatDistribution\", \"attributes\": {\"step\": null, \"low\": 0.0001, \"high\": 0.03, \"log\": true}}"}
{"op_code":8,"worker_id":"4427af93-b7c5-4259-9ffb-5bdd750af25b-37012","trial_id":10,"user_attr":{"train_argv":"--option 1 --reward-mode objective --objectives tardiness_sq --lambda-late 1.0 --lambda-energy 1.0 --power-model linear --difficulty on_rho095 --timesteps 100000 --save-tag tune_on_rho095_o1cnm_t10 --n-envs 4 --vec-backend subproc --seed 0 --rule-placements FirstFit,Consolidate --algo ppo --markov-obs --work-conserving --learning-rate 0.000842498 --rollout-size 2048 --batch-size 256 --n-epochs 3 --gamma 0.999 --gae-lambda 0.98 --clip-range 0.2 --ent-coef 0.000839585"}}
{"op_code":7,"worker_id":"4427af93-b7c5-4259-9ffb-5bdd750af25b-37012","trial_id":10,"step":25000,"intermediate_value":45502.8}
{"op_code":7,"worker_id":"4427af93-b7c5-4259-9ffb-5bdd750af25b-37012","trial_id":10,"step":50000,"intermediate_value":132795.8}
{"op_code":7,"worker_id":"4427af93-b7c5-4259-9ffb-5bdd750af25b-37012","trial_id":10,"step":75000,"intermediate_value":45502.8}
{"op_code":6,"worker_id":"4427af93-b7c5-4259-9ffb-5bdd750af25b-37012","trial_id":10,"state":1,"values":[46770.2],"datetime_complete":"2026-10-06T02:15:12.996243"}
{"op_code":4,"worker_id":"4427af93-b7c5-4259-9ffb-5bdd750af25b-37012","study_id":0,"datetime_start":"2026-10-06T02:15:13.218622"}
{"op_code":5,"worker_id":"4427af93-b7c5-4259-9ffb-5bdd750af25b-37012","trial_id":11,"param_name":"learning-rate","param_value_internal":0.000987607285558256,"distribution":"{\"name\": \"FloatDistribution\", \"attributes\": {\"step\": null, \"low\": 3e-05, \"high\": 0.001, \"log\": true}}"}
{"op_code":5,"worker_id":"4427af93-b7c5-4259-9ffb-5bdd750af25b-37012","trial_id":11,"param_name":"rollout-size","param_value_internal":0,"distribution":"{\"name\": \"CategoricalDistribution\", \"attributes\": {\"choices\": [2048, 4096, 8192, 16384]}}"}
{"op_code":5,"worker_id":"4427af93-b7c5-4259-9ffb-5bdd750af25b-37012","trial_id":11,"param_name":"batch-size","param_value_internal":1,"distribution":"{\"name\": \"CategoricalDistribution\", \"attributes\": {\"choices\": [64, 256, 1024]}}"}
{"op_code":5,"worker_id":"4427af93-b7c5-4259-9ffb-5bdd750af25b-37012","trial_id":11,"param_name":"n-epochs","param_value_internal":0,"distribution":"{\"name\": \"CategoricalDistribution\", \"attributes\": {\"choices\": [3, 5, 10]}}"}
{"op_code":5,"worker_id":"4427af93-b7c5-4259-9ffb-5bdd750af25b-37012","trial_id":11,"param_name":"gamma","param_value_internal":2,"distribution":"{\"name\": \"CategoricalDistribution\", \"attributes\": {\"choices\": [0.99, 0.995, 0.999]}}"}
{"op_code":5,"worker_id":"4427af93-b7c5-4259-9ffb-5bdd750af25b-37012","trial_id":11,"param_name":"gae-lambda","param_value_internal":2,"distribution":"{\"name\": \"CategoricalDistribution\", \"attributes\": {\"choices\": [0.9, 0.95, 0.98]}}"}
{"op_code":5,"worker_id":"4427af93-b7c5-4259-9ffb-5bdd750af25b-37012","trial_id":11,"param_name":"clip-range","param_value_internal":1,"distribution":"{\"name\": \"CategoricalDistribution\", \"attributes\": {\"choices\": [0.1, 0.2, 0.3]}}"}
{"op_code":5,"worker_id":"4427af93-b7c5-4259-9ffb-5bdd750af25b-37012","trial_id":11,"param_name":"ent-coef","param_value_internal":0.0008172218278071616,"distribution":"{\"name\": \"FloatDistribution\", \"attributes\": {\"step\": null, \"low\": 0.0001, \"high\": 0.03, \"log\": true}}"}
{"op_code":8,"worker_id":"4427af93-b7c5-4259-9ffb-5bdd750af25b-37012","trial_id":11,"user_attr":{"train_argv":"--option 1 --reward-mode objective --objectives tardiness_sq --lambda-late 1.0 --lambda-energy 1.0 --power-model linear --difficulty on_rho095 --timesteps 100000 --save-tag tune_on_rho095_o1cnm_t11 --n-envs 4 --vec-backend subproc --seed 0 --rule-placements FirstFit,Consolidate --algo ppo --markov-obs --work-conserving --learning-rate 0.000987607 --rollout-size 2048 --batch-size 256 --n-epochs 3 --gamma 0.999 --gae-lambda 0.98 --clip-range 0.2 --ent-coef 0.000817222"}}
{"op_code":7,"worker_id":"4427af93-b7c5-4259-9ffb-5bdd750af25b-37012","trial_id":11,"step":25000,"intermediate_value":19906.4}
{"op_code":7,"worker_id":"4427af93-b7c5-4259-9ffb-5bdd750af25b-37012","trial_id":11,"step":50000,"intermediate_value":19906.4}
{"op_code":7,"worker_id":"4427af93-b7c5-4259-9ffb-5bdd750af25b-37012","trial_id":11,"step":75000,"intermediate_value":100738.0}
{"op_code":6,"worker_id":"4427af93-b7c5-4259-9ffb-5bdd750af25b-37012","trial_id":11,"state":1,"values":[43668.1],"datetime_complete":"2026-10-06T02:17:33.383875"}
{"op_code":4,"worker_id":"4427af93-b7c5-4259-9ffb-5bdd750af25b-37012","study_id":0,"datetime_start":"2026-10-06T02:17:33.586198"}
{"op_code":5,"worker_id":"4427af93-b7c5-4259-9ffb-5bdd750af25b-37012","trial_id":12,"param_name":"learning-rate","param_value_internal":0.0009126622950137365,"distribution":"{\"name\": \"FloatDistribution\", \"attributes\": {\"step\": null, \"low\": 3e-05, \"high\": 0.001, \"log\": true}}"}
{"op_code":5,"worker_id":"4427af93-b7c5-4259-9ffb-5bdd750af25b-37012","trial_id":12,"param_name":"rollout-size","param_value_internal":0,"distribution":"{\"name\": \"CategoricalDistribution\", \"attributes\": {\"choices\": [2048, 4096, 8192, 16384]}}"}
{"op_code":5,"worker_id":"4427af93-b7c5-4259-9ffb-5bdd750af25b-37012","trial_id":12,"param_name":"batch-size","param_value_internal":1,"distribution":"{\"name\": \"CategoricalDistribution\", \"attributes\": {\"choices\": [64, 256, 1024]}}"}
{"op_code":5,"worker_id":"4427af93-b7c5-4259-9ffb-5bdd750af25b-37012","trial_id":12,"param_name":"n-epochs","param_value_internal":0,"distribution":"{\"name\": \"CategoricalDistribution\", \"attributes\": {\"choices\": [3, 5, 10]}}"}
{"op_code":5,"worker_id":"4427af93-b7c5-4259-9ffb-5bdd750af25b-37012","trial_id":12,"param_name":"gamma","param_value_internal":2,"distribution":"{\"name\": \"CategoricalDistribution\", \"attributes\": {\"choices\": [0.99, 0.995, 0.999]}}"}
{"op_code":5,"worker_id":"4427af93-b7c5-4259-9ffb-5bdd750af25b-37012","trial_id":12,"param_name":"gae-lambda","param_value_internal":2,"distribution":"{\"name\": \"CategoricalDistribution\", \"attributes\": {\"choices\": [0.9, 0.95, 0.98]}}"}
{"op_code":5,"worker_id":"4427af93-b7c5-4259-9ffb-5bdd750af25b-37012","trial_id":12,"param_name":"clip-range","param_value_internal":1,"distribution":"{\"name\": \"CategoricalDistribution\", \"attributes\": {\"choices\": [0.1, 0.2, 0.3]}}"}
{"op_code":5,"worker_id":"4427af93-b7c5-4259-9ffb-5bdd750af25b-37012","trial_id":12,"param_name":"ent-coef","param_value_internal":0.00010201755886434557,"distribution":"{\"name\": \"FloatDistribution\", \"attributes\": {\"step\": null, \"low\": 0.0001, \"high\": 0.03, \"log\": true}}"}
{"op_code":8,"worker_id":"4427af93-b7c5-4259-9ffb-5bdd750af25b-37012","trial_id":12,"user_attr":{"train_argv":"--option 1 --reward-mode objective --objectives tardiness_sq --lambda-late 1.0 --lambda-energy 1.0 --power-model linear --difficulty on_rho095 --timesteps 100000 --save-tag tune_on_rho095_o1cnm_t12 --n-envs 4 --vec-backend subproc --seed 0 --rule-placements FirstFit,Consolidate --algo ppo --markov-obs --work-conserving --learning-rate 0.000912662 --rollout-size 2048 --batch-size 256 --n-epochs 3 --gamma 0.999 --gae-lambda 0.98 --clip-range 0.2 --ent-coef 0.000102018"}}
{"op_code":7,"worker_id":"4427af93-b7c5-4259-9ffb-5bdd750af25b-37012","trial_id":12,"step":25000,"intermediate_value":45502.8}
{"op_code":7,"worker_id":"4427af93-b7c5-4259-9ffb-5bdd750af25b-37012","trial_id":12,"step":50000,"intermediate_value":100738.0}
{"op_code":7,"worker_id":"4427af93-b7c5-4259-9ffb-5bdd750af25b-37012","trial_id":12,"step":75000,"intermediate_value":100738.0}
{"op_code":6,"worker_id":"4427af93-b7c5-4259-9ffb-5bdd750af25b-37012","trial_id":12,"state":1,"values":[143296.45],"datetime_complete":"2026-10-06T02:19:41.971428"}
{"op_code":4,"worker_id":"4427af93-b7c5-4259-9ffb-5bdd750af25b-37012","study_id":0,"datetime_start":"2026-10-06T02:19:42.175203"}
{"op_code":5,"worker_id":"4427af93-b7c5-4259-9ffb-5bdd750af25b-37012","trial_id":13,"param_name":"learning-rate","param_value_internal":0.0006265111034578205,"distribution":"{\"name\": \"FloatDistribution\", \"attributes\": {\"step\": null, \"low\": 3e-05, \"high\": 0.001, \"log\": true}}"}
{"op_code":5,"worker_id":"4427af93-b7c5-4259-9ffb-5bdd750af25b-37012","trial_id":13,"param_name":"rollout-size","param_value_internal":0,"distribution":"{\"name\": \"CategoricalDistribution\", \"attributes\": {\"choices\": [2048, 4096, 8192, 16384]}}"}
{"op_code":5,"worker_id":"4427af93-b7c5-4259-9ffb-5bdd750af25b-37012","trial_id":13,"param_name":"batch-size","param_value_internal":1,"distribution":"{\"name\": \"CategoricalDistribution\", \"attributes\": {\"choices\": [64, 256, 1024]}}"}
{"op_code":5,"worker_id":"4427af93-b7c5-4259-9ffb-5bdd750af25b-37012","trial_id":13,"param_name":"n-epochs","param_value_internal":0,"distribution":"{\"name\": \"CategoricalDistribution\", \"attributes\": {\"choices\": [3, 5, 10]}}"}
{"op_code":5,"worker_id":"4427af93-b7c5-4259-9ffb-5bdd750af25b-37012","trial_id":13,"param_name":"gamma","param_value_internal":2,"distribution":"{\"name\": \"CategoricalDistribution\", \"attributes\": {\"choices\": [0.99, 0.995, 0.999]}}"}
{"op_code":5,"worker_id":"4427af93-b7c5-4259-9ffb-5bdd750af25b-37012","trial_id":13,"param_name":"gae-lambda","param_value_internal":2,"distribution":"{\"name\": \"CategoricalDistribution\", \"attributes\": {\"choices\": [0.9, 0.95, 0.98]}}"}
{"op_code":5,"worker_id":"4427af93-b7c5-4259-9ffb-5bdd750af25b-37012","trial_id":13,"param_name":"clip-range","param_value_internal":1,"distribution":"{\"name\": \"CategoricalDistribution\", \"attributes\": {\"choices\": [0.1, 0.2, 0.3]}}"}
{"op_code":5,"worker_id":"4427af93-b7c5-4259-9ffb-5bdd750af25b-37012","trial_id":13,"param_name":"ent-coef","param_value_internal":0.001114592354089268,"distribution":"{\"name\": \"FloatDistribution\", \"attributes\": {\"step\": null, \"low\": 0.0001, \"high\": 0.03, \"log\": true}}"}
{"op_code":8,"worker_id":"4427af93-b7c5-4259-9ffb-5bdd750af25b-37012","trial_id":13,"user_attr":{"train_argv":"--option 1 --reward-mode objective --objectives tardiness_sq --lambda-late 1.0 --lambda-energy 1.0 --power-model linear --difficulty on_rho095 --timesteps 100000 --save-tag tune_on_rho095_o1cnm_t13 --n-envs 4 --vec-backend subproc --seed 0 --rule-placements FirstFit,Consolidate --algo ppo --markov-obs --work-conserving --learning-rate 0.000626511 --rollout-size 2048 --batch-size 256 --n-epochs 3 --gamma 0.999 --gae-lambda 0.98 --clip-range 0.2 --ent-coef 0.00111459"}}
{"op_code":7,"worker_id":"4427af93-b7c5-4259-9ffb-5bdd750af25b-37012","trial_id":13,"step":25000,"intermediate_value":45502.8}
{"op_code":7,"worker_id":"4427af93-b7c5-4259-9ffb-5bdd750af25b-37012","trial_id":13,"step":50000,"intermediate_value":100738.0}
{"op_code":7,"worker_id":"4427af93-b7c5-4259-9ffb-5bdd750af25b-37012","trial_id":13,"step":75000,"intermediate_value":100738.0}
{"op_code":6,"worker_id":"4427af93-b7c5-4259-9ffb-5bdd750af25b-37012","trial_id":13,"state":1,"values":[189647.55],"datetime_complete":"2026-10-06T02:21:51.672260"}
{"op_code":4,"worker_id":"4427af93-b7c5-4259-9ffb-5bdd750af25b-37012","study_id":0,"datetime_start":"2026-10-06T02:21:51.900674"}
{"op_code":5,"worker_id":"4427af93-b7c5-4259-9ffb-5bdd750af25b-37012","trial_id":14,"param_name":"learning-rate","param_value_internal":0.0009234819358400754,"distribution":"{\"name\": \"FloatDistribution\", \"attributes\": {\"step\": null, \"low\": 3e-05, \"high\": 0.001, \"log\": true}}"}
{"op_code":5,"worker_id":"4427af93-b7c5-4259-9ffb-5bdd750af25b-37012","trial_id":14,"param_name":"rollout-size","param_value_internal":1,"distribution":"{\"name\": \"CategoricalDistribution\", \"attributes\": {\"choices\": [2048, 4096, 8192, 16384]}}"}
{"op_code":5,"worker_id":"4427af93-b7c5-4259-9ffb-5bdd750af25b-37012","trial_id":14,"param_name":"batch-size","param_value_internal":1,"distribution":"{\"name\": \"CategoricalDistribution\", \"attributes\": {\"choices\": [64, 256, 1024]}}"}
{"op_code":5,"worker_id":"4427af93-b7c5-4259-9ffb-5bdd750af25b-37012","trial_id":14,"param_name":"n-epochs","param_value_internal":0,"distribution":"{\"name\": \"CategoricalDistribution\", \"attributes\": {\"choices\": [3, 5, 10]}}"}
{"op_code":5,"worker_id":"4427af93-b7c5-4259-9ffb-5bdd750af25b-37012","trial_id":14,"param_name":"gamma","param_value_internal":2,"distribution":"{\"name\": \"CategoricalDistribution\", \"attributes\": {\"choices\": [0.99, 0.995, 0.999]}}"}
{"op_code":5,"worker_id":"4427af93-b7c5-4259-9ffb-5bdd750af25b-37012","trial_id":14,"param_name":"gae-lambda","param_value_internal":2,"distribution":"{\"name\": \"CategoricalDistribution\", \"attributes\": {\"choices\": [0.9, 0.95, 0.98]}}"}
{"op_code":5,"worker_id":"4427af93-b7c5-4259-9ffb-5bdd750af25b-37012","trial_id":14,"param_name":"clip-range","param_value_internal":1,"distribution":"{\"name\": \"CategoricalDistribution\", \"attributes\": {\"choices\": [0.1, 0.2, 0.3]}}"}
{"op_code":5,"worker_id":"4427af93-b7c5-4259-9ffb-5bdd750af25b-37012","trial_id":14,"param_name":"ent-coef","param_value_internal":0.000403447011536041,"distribution":"{\"name\": \"FloatDistribution\", \"attributes\": {\"step\": null, \"low\": 0.0001, \"high\": 0.03, \"log\": true}}"}
{"op_code":8,"worker_id":"4427af93-b7c5-4259-9ffb-5bdd750af25b-37012","trial_id":14,"user_attr":{"train_argv":"--option 1 --reward-mode objective --objectives tardiness_sq --lambda-late 1.0 --lambda-energy 1.0 --power-model linear --difficulty on_rho095 --timesteps 100000 --save-tag tune_on_rho095_o1cnm_t14 --n-envs 4 --vec-backend subproc --seed 0 --rule-placements FirstFit,Consolidate --algo ppo --markov-obs --work-conserving --learning-rate 0.000923482 --rollout-size 4096 --batch-size 256 --n-epochs 3 --gamma 0.999 --gae-lambda 0.98 --clip-range 0.2 --ent-coef 0.000403447"}}
{"op_code":7,"worker_id":"4427af93-b7c5-4259-9ffb-5bdd750af25b-37012","trial_id":14,"step":25000,"intermediate_value":45660.0}
{"op_code":7,"worker_id":"4427af93-b7c5-4259-9ffb-5bdd750af25b-37012","trial_id":14,"step":50000,"intermediate_value":45660.0}
{"op_code":7,"worker_id":"4427af93-b7c5-4259-9ffb-5bdd750af25b-37012","trial_id":14,"step":75000,"intermediate_value":23590.0}
{"op_code":6,"worker_id":"4427af93-b7c5-4259-9ffb-5bdd750af25b-37012","trial_id":14,"state":1,"values":[46770.2],"datetime_complete":"2026-10-06T02:24:05.338785"}
{"op_code":4,"worker_id":"4427af93-b7c5-4259-9ffb-5bdd750af25b-37012","study_id":0,"datetime_start":"2026-10-06T02:24:05.566492"}
{"op_code":5,"worker_id":"4427af93-b7c5-4259-9ffb-5bdd750af25b-37012","trial_id":15,"param_name":"learning-rate","param_value_internal":0.0005788947755706485,"distribution":"{\"name\": \"FloatDistribution\", \"attributes\": {\"step\": null, \"low\": 3e-05, \"high\": 0.001, \"log\": true}}"}
{"op_code":5,"worker_id":"4427af93-b7c5-4259-9ffb-5bdd750af25b-37012","trial_id":15,"param_name":"rollout-size","param_value_internal":0,"distribution":"{\"name\": \"CategoricalDistribution\", \"attributes\": {\"choices\": [2048, 4096, 8192, 16384]}}"}
{"op_code":5,"worker_id":"4427af93-b7c5-4259-9ffb-5bdd750af25b-37012","trial_id":15,"param_name":"batch-size","param_value_internal":1,"distribution":"{\"name\": \"CategoricalDistribution\", \"attributes\": {\"choices\": [64, 256, 1024]}}"}
{"op_code":5,"worker_id":"4427af93-b7c5-4259-9ffb-5bdd750af25b-37012","trial_id":15,"param_name":"n-epochs","param_value_internal":0,"distribution":"{\"name\": \"CategoricalDistribution\", \"attributes\": {\"choices\": [3, 5, 10]}}"}
{"op_code":5,"worker_id":"4427af93-b7c5-4259-9ffb-5bdd750af25b-37012","trial_id":15,"param_name":"gamma","param_value_internal":2,"distribution":"{\"name\": \"CategoricalDistribution\", \"attributes\": {\"choices\": [0.99, 0.995, 0.999]}}"}
{"op_code":5,"worker_id":"4427af93-b7c5-4259-9ffb-5bdd750af25b-37012","trial_id":15,"param_name":"gae-lambda","param_value_internal":2,"distribution":"{\"name\": \"CategoricalDistribution\", \"attributes\": {\"choices\": [0.9, 0.95, 0.98]}}"}
{"op_code":5,"worker_id":"4427af93-b7c5-4259-9ffb-5bdd750af25b-37012","trial_id":15,"param_name":"clip-range","param_value_internal":2,"distribution":"{\"name\": \"CategoricalDistribution\", \"attributes\": {\"choices\": [0.1, 0.2, 0.3]}}"}
{"op_code":5,"worker_id":"4427af93-b7c5-4259-9ffb-5bdd750af25b-37012","trial_id":15,"param_name":"ent-coef","param_value_internal":0.001960746549653446,"distribution":"{\"name\": \"FloatDistribution\", \"attributes\": {\"step\": null, \"low\": 0.0001, \"high\": 0.03, \"log\": true}}"}
{"op_code":8,"worker_id":"4427af93-b7c5-4259-9ffb-5bdd750af25b-37012","trial_id":15,"user_attr":{"train_argv":"--option 1 --reward-mode objective --objectives tardiness_sq --lambda-late 1.0 --lambda-energy 1.0 --power-model linear --difficulty on_rho095 --timesteps 100000 --save-tag tune_on_rho095_o1cnm_t15 --n-envs 4 --vec-backend subproc --seed 0 --rule-placements FirstFit,Consolidate --algo ppo --markov-obs --work-conserving --learning-rate 0.000578895 --rollout-size 2048 --batch-size 256 --n-epochs 3 --gamma 0.999 --gae-lambda 0.98 --clip-range 0.3 --ent-coef 0.00196075"}}
{"op_code":7,"worker_id":"4427af93-b7c5-4259-9ffb-5bdd750af25b-37012","trial_id":15,"step":25000,"intermediate_value":45502.8}
{"op_code":7,"worker_id":"4427af93-b7c5-4259-9ffb-5bdd750af25b-37012","trial_id":15,"step":50000,"intermediate_value":19906.4}
{"op_code":7,"worker_id":"4427af93-b7c5-4259-9ffb-5bdd750af25b-37012","trial_id":15,"step":75000,"intermediate_value":45502.8}
{"op_code":6,"worker_id":"4427af93-b7c5-4259-9ffb-5bdd750af25b-37012","trial_id":15,"state":1,"values":[44416.0],"datetime_complete":"2026-10-06T02:26:19.494787"}
{"op_code":4,"worker_id":"4427af93-b7c5-4259-9ffb-5bdd750af25b-37012","study_id":0,"datetime_start":"2026-10-06T02:26:19.719685"}
{"op_code":5,"worker_id":"4427af93-b7c5-4259-9ffb-5bdd750af25b-37012","trial_id":16,"param_name":"learning-rate","param_value_internal":0.00034412307242425013,"distribution":"{\"name\": \"FloatDistribution\", \"attributes\": {\"step\": null, \"low\": 3e-05, \"high\": 0.001, \"log\": true}}"}
{"op_code":5,"worker_id":"4427af93-b7c5-4259-9ffb-5bdd750af25b-37012","trial_id":16,"param_name":"rollout-size","param_value_internal":1,"distribution":"{\"name\": \"CategoricalDistribution\", \"attributes\": {\"choices\": [2048, 4096, 8192, 16384]}}"}
{"op_code":5,"worker_id":"4427af93-b7c5-4259-9ffb-5bdd750af25b-37012","trial_id":16,"param_name":"batch-size","param_value_internal":1,"distribution":"{\"name\": \"CategoricalDistribution\", \"attributes\": {\"choices\": [64, 256, 1024]}}"}
{"op_code":5,"worker_id":"4427af93-b7c5-4259-9ffb-5bdd750af25b-37012","trial_id":16,"param_name":"n-epochs","param_value_internal":0,"distribution":"{\"name\": \"CategoricalDistribution\", \"attributes\": {\"choices\": [3, 5, 10]}}"}
{"op_code":5,"worker_id":"4427af93-b7c5-4259-9ffb-5bdd750af25b-37012","trial_id":16,"param_name":"gamma","param_value_internal":0,"distribution":"{\"name\": \"CategoricalDistribution\", \"attributes\": {\"choices\": [0.99, 0.995, 0.999]}}"}
{"op_code":5,"worker_id":"4427af93-b7c5-4259-9ffb-5bdd750af25b-37012","trial_id":16,"param_name":"gae-lambda","param_value_internal":2,"distribution":"{\"name\": \"CategoricalDistribution\", \"attributes\": {\"choices\": [0.9, 0.95, 0.98]}}"}
{"op_code":5,"worker_id":"4427af93-b7c5-4259-9ffb-5bdd750af25b-37012","trial_id":16,"param_name":"clip-range","param_value_internal":1,"distribution":"{\"name\": \"CategoricalDistribution\", \"attributes\": {\"choices\": [0.1, 0.2, 0.3]}}"}
{"op_code":5,"worker_id":"4427af93-b7c5-4259-9ffb-5bdd750af25b-37012","trial_id":16,"param_name":"ent-coef","param_value_internal":0.00045302416393351797,"distribution":"{\"name\": \"FloatDistribution\", \"attributes\": {\"step\": null, \"low\": 0.0001, \"high\": 0.03, \"log\": true}}"}
{"op_code":8,"worker_id":"4427af93-b7c5-4259-9ffb-5bdd750af25b-37012","trial_id":16,"user_attr":{"train_argv":"--option 1 --reward-mode objective --objectives tardiness_sq --lambda-late 1.0 --lambda-energy 1.0 --power-model linear --difficulty on_rho095 --timesteps 100000 --save-tag tune_on_rho095_o1cnm_t16 --n-envs 4 --vec-backend subproc --seed 0 --rule-placements FirstFit,Consolidate --algo ppo --markov-obs --work-conserving --learning-rate 0.000344123 --rollout-size 4096 --batch-size 256 --n-epochs 3 --gamma 0.99 --gae-lambda 0.98 --clip-range 0.2 --ent-coef 0.000453024"}}
{"op_code":7,"worker_id":"4427af93-b7c5-4259-9ffb-5bdd750af25b-37012","trial_id":16,"step":25000,"intermediate_value":132795.8}
{"op_code":6,"worker_id":"4427af93-b7c5-4259-9ffb-5bdd750af25b-37012","trial_id":16,"state":2,"values":[132795.8],"datetime_complete":"2026-10-06T02:26:54.286017"}
{"op_code":4,"worker_id":"4427af93-b7c5-4259-9ffb-5bdd750af25b-37012","study_id":0,"datetime_start":"2026-10-06T02:26:54.563312"}
{"op_code":5,"worker_id":"4427af93-b7c5-4259-9ffb-5bdd750af25b-37012","trial_id":17,"param_name":"learning-rate","param_value_internal":0.0006234078152013566,"distribution":"{\"name\": \"FloatDistribution\", \"attributes\": {\"step\": null, \"low\": 3e-05, \"high\": 0.001, \"log\": true}}"}
{"op_code":5,"worker_id":"4427af93-b7c5-4259-9ffb-5bdd750af25b-37012","trial_id":17,"param_name":"rollout-size","param_value_internal":2,"distribution":"{\"name\": \"CategoricalDistribution\", \"attributes\": {\"choices\": [2048, 4096, 8192, 16384]}}"}
{"op_code":5,"worker_id":"4427af93-b7c5-4259-9ffb-5bdd750af25b-37012","trial_id":17,"param_name":"batch-size","param_value_internal":1,"distribution":"{\"name\": \"CategoricalDistribution\", \"attributes\": {\"choices\": [64, 256, 1024]}}"}
{"op_code":5,"worker_id":"4427af93-b7c5-4259-9ffb-5bdd750af25b-37012","trial_id":17,"param_name":"n-epochs","param_value_internal":0,"distribution":"{\"name\": \"CategoricalDistribution\", \"attributes\": {\"choices\": [3, 5, 10]}}"}
{"op_code":5,"worker_id":"4427af93-b7c5-4259-9ffb-5bdd750af25b-37012","trial_id":17,"param_name":"gamma","param_value_internal":2,"distribution":"{\"name\": \"CategoricalDistribution\", \"attributes\": {\"choices\": [0.99, 0.995, 0.999]}}"}
{"op_code":5,"worker_id":"4427af93-b7c5-4259-9ffb-5bdd750af25b-37012","trial_id":17,"param_name":"gae-lambda","param_value_internal":2,"distribution":"{\"name\": \"CategoricalDistribution\", \"attributes\": {\"choices\": [0.9, 0.95, 0.98]}}"}
{"op_code":5,"worker_id":"4427af93-b7c5-4259-9ffb-5bdd750af25b-37012","trial_id":17,"param_name":"clip-range","param_value_internal":1,"distribution":"{\"name\": \"CategoricalDistribution\", \"attributes\": {\"choices\": [0.1, 0.2, 0.3]}}"}
{"op_code":5,"worker_id":"4427af93-b7c5-4259-9ffb-5bdd750af25b-37012","trial_id":17,"param_name":"ent-coef","param_value_internal":0.00023391677318558077,"distribution":"{\"name\": \"FloatDistribution\", \"attributes\": {\"step\": null, \"low\": 0.0001, \"high\": 0.03, \"log\": true}}"}
{"op_code":8,"worker_id":"4427af93-b7c5-4259-9ffb-5bdd750af25b-37012","trial_id":17,"user_attr":{"train_argv":"--option 1 --reward-mode objective --objectives tardiness_sq --lambda-late 1.0 --lambda-energy 1.0 --power-model linear --difficulty on_rho095 --timesteps 100000 --save-tag tune_on_rho095_o1cnm_t17 --n-envs 4 --vec-backend subproc --seed 0 --rule-placements FirstFit,Consolidate --algo ppo --markov-obs --work-conserving --learning-rate 0.000623408 --rollout-size 8192 --batch-size 256 --n-epochs 3 --gamma 0.999 --gae-lambda 0.98 --clip-range 0.2 --ent-coef 0.000233917"}}
{"op_code":7,"worker_id":"4427af93-b7c5-4259-9ffb-5bdd750af25b-37012","trial_id":17,"step":25000,"intermediate_value":24946.8}
{"op_code":7,"worker_id":"4427af93-b7c5-4259-9ffb-5bdd750af25b-37012","trial_id":17,"step":50000,"intermediate_value":132795.8}
{"op_code":7,"worker_id":"4427af93-b7c5-4259-9ffb-5bdd750af25b-37012","trial_id":17,"step":75000,"intermediate_value":166137.8}
{"op_code":6,"worker_id":"4427af93-b7c5-4259-9ffb-5bdd750af25b-37012","trial_id":17,"state":1,"values":[108863.85],"datetime_complete":"2026-10-06T02:29:10.133456"}
{"op_code":4,"worker_id":"4427af93-b7c5-4259-9ffb-5bdd750af25b-37012","study_id":0,"datetime_start":"2026-10-06T02:29:10.380609"}
{"op_code":5,"worker_id":"4427af93-b7c5-4259-9ffb-5bdd750af25b-37012","trial_id":18,"param_name":"learning-rate","param_value_internal":0.00012344048584879484,"distribution":"{\"name\": \"FloatDistribution\", \"attributes\": {\"step\": null, \"low\": 3e-05, \"high\": 0.001, \"log\": true}}"}
{"op_code":5,"worker_id":"4427af93-b7c5-4259-9ffb-5bdd750af25b-37012","trial_id":18,"param_name":"rollout-size","param_value_internal":1,"distribution":"{\"name\": \"CategoricalDistribution\", \"attributes\": {\"choices\": [2048, 4096, 8192, 16384]}}"}
{"op_code":5,"worker_id":"4427af93-b7c5-4259-9ffb-5bdd750af25b-37012","trial_id":18,"param_name":"batch-size","param_value_internal":2,"distribution":"{\"name\": \"CategoricalDistribution\", \"attributes\": {\"choices\": [64, 256, 1024]}}"}
{"op_code":5,"worker_id":"4427af93-b7c5-4259-9ffb-5bdd750af25b-37012","trial_id":18,"param_name":"n-epochs","param_value_internal":0,"distribution":"{\"name\": \"CategoricalDistribution\", \"attributes\": {\"choices\": [3, 5, 10]}}"}
{"op_code":5,"worker_id":"4427af93-b7c5-4259-9ffb-5bdd750af25b-37012","trial_id":18,"param_name":"gamma","param_value_internal":2,"distribution":"{\"name\": \"CategoricalDistribution\", \"attributes\": {\"choices\": [0.99, 0.995, 0.999]}}"}
{"op_code":5,"worker_id":"4427af93-b7c5-4259-9ffb-5bdd750af25b-37012","trial_id":18,"param_name":"gae-lambda","param_value_internal":2,"distribution":"{\"name\": \"CategoricalDistribution\", \"attributes\": {\"choices\": [0.9, 0.95, 0.98]}}"}
{"op_code":5,"worker_id":"4427af93-b7c5-4259-9ffb-5bdd750af25b-37012","trial_id":18,"param_name":"clip-range","param_value_internal":0,"distribution":"{\"name\": \"CategoricalDistribution\", \"attributes\": {\"choices\": [0.1, 0.2, 0.3]}}"}
{"op_code":5,"worker_id":"4427af93-b7c5-4259-9ffb-5bdd750af25b-37012","trial_id":18,"param_name":"ent-coef","param_value_internal":0.002328710011667179,"distribution":"{\"name\": \"FloatDistribution\", \"attributes\": {\"step\": null, \"low\": 0.0001, \"high\": 0.03, \"log\": true}}"}
{"op_code":8,"worker_id":"4427af93-b7c5-4259-9ffb-5bdd750af25b-37012","trial_id":18,"user_attr":{"train_argv":"--option 1 --reward-mode objective --objectives tardiness_sq --lambda-late 1.0 --lambda-energy 1.0 --power-model linear --difficulty on_rho095 --timesteps 100000 --save-tag tune_on_rho095_o1cnm_t18 --n-envs 4 --vec-backend subproc --seed 0 --rule-placements FirstFit,Consolidate --algo ppo --markov-obs --work-conserving --learning-rate 0.00012344 --rollout-size 4096 --batch-size 1024 --n-epochs 3 --gamma 0.999 --gae-lambda 0.98 --clip-range 0.1 --ent-coef 0.00232871"}}
{"op_code":7,"worker_id":"4427af93-b7c5-4259-9ffb-5bdd750af25b-37012","trial_id":18,"step":25000,"intermediate_value":133907.0}
{"op_code":6,"worker_id":"4427af93-b7c5-4259-9ffb-5bdd750af25b-37012","trial_id":18,"state":2,"values":[133907.0],"datetime_complete":"2026-10-06T02:29:43.998107"}
{"op_code":4,"worker_id":"4427af93-b7c5-4259-9ffb-5bdd750af25b-37012","study_id":0,"datetime_start":"2026-10-06T02:29:44.220506"}
{"op_code":5,"worker_id":"4427af93-b7c5-4259-9ffb-5bdd750af25b-37012","trial_id":19,"param_name":"learning-rate","param_value_internal":0.0009687124765085835,"distribution":"{\"name\": \"FloatDistribution\", \"attributes\": {\"step\": null, \"low\": 3e-05, \"high\": 0.001, \"log\": true}}"}
{"op_code":5,"worker_id":"4427af93-b7c5-4259-9ffb-5bdd750af25b-37012","trial_id":19,"param_name":"rollout-size","param_value_internal":0,"distribution":"{\"name\": \"CategoricalDistribution\", \"attributes\": {\"choices\": [2048, 4096, 8192, 16384]}}"}
{"op_code":5,"worker_id":"4427af93-b7c5-4259-9ffb-5bdd750af25b-37012","trial_id":19,"param_name":"batch-size","param_value_internal":0,"distribution":"{\"name\": \"CategoricalDistribution\", \"attributes\": {\"choices\": [64, 256, 1024]}}"}
{"op_code":5,"worker_id":"4427af93-b7c5-4259-9ffb-5bdd750af25b-37012","trial_id":19,"param_name":"n-epochs","param_value_internal":0,"distribution":"{\"name\": \"CategoricalDistribution\", \"attributes\": {\"choices\": [3, 5, 10]}}"}
{"op_code":5,"worker_id":"4427af93-b7c5-4259-9ffb-5bdd750af25b-37012","trial_id":19,"param_name":"gamma","param_value_internal":0,"distribution":"{\"name\": \"CategoricalDistribution\", \"attributes\": {\"choices\": [0.99, 0.995, 0.999]}}"}
{"op_code":5,"worker_id":"4427af93-b7c5-4259-9ffb-5bdd750af25b-37012","trial_id":19,"param_name":"gae-lambda","param_value_internal":2,"distribution":"{\"name\": \"CategoricalDistribution\", \"attributes\": {\"choices\": [0.9, 0.95, 0.98]}}"}
{"op_code":5,"worker_id":"4427af93-b7c5-4259-9ffb-5bdd750af25b-37012","trial_id":19,"param_name":"clip-range","param_value_internal":2,"distribution":"{\"name\": \"CategoricalDistribution\", \"attributes\": {\"choices\": [0.1, 0.2, 0.3]}}"}
{"op_code":5,"worker_id":"4427af93-b7c5-4259-9ffb-5bdd750af25b-37012","trial_id":19,"param_name":"ent-coef","param_value_internal":0.000706827047476125,"distribution":"{\"name\": \"FloatDistribution\", \"attributes\": {\"step\": null, \"low\": 0.0001, \"high\": 0.03, \"log\": true}}"}
{"op_code":8,"worker_id":"4427af93-b7c5-4259-9ffb-5bdd750af25b-37012","trial_id":19,"user_attr":{"train_argv":"--option 1 --reward-mode objective --objectives tardiness_sq --lambda-late 1.0 --lambda-energy 1.0 --power-model linear --difficulty on_rho095 --timesteps 100000 --save-tag tune_on_rho095_o1cnm_t19 --n-envs 4 --vec-backend subproc --seed 0 --rule-placements FirstFit,Consolidate --algo ppo --markov-obs --work-conserving --learning-rate 0.000968712 --rollout-size 2048 --batch-size 64 --n-epochs 3 --gamma 0.99 --gae-lambda 0.98 --clip-range 0.3 --ent-coef 0.000706827"}}
{"op_code":7,"worker_id":"4427af93-b7c5-4259-9ffb-5bdd750af25b-37012","trial_id":19,"step":25000,"intermediate_value":100738.0}
{"op_code":6,"worker_id":"4427af93-b7c5-4259-9ffb-5bdd750af25b-37012","trial_id":19,"state":2,"values":[100738.0],"datetime_complete":"2026-10-06T02:30:25.264230"}
{"op_code":0,"worker_id":"9e695751-7a1d-4aa3-945d-1d84bed6517e-31748","study_name":"on_rho095_o1cnm","directions":[1]}
{"op_code":0,"worker_id":"b3933c04-d51a-4351-ad7c-41031c8c355f-32928","study_name":"on_rho095_o1cnm","directions":[1]}
{"op_code":0,"worker_id":"f9f2203d-f599-4285-8c1b-f55124a76302-34464","study_name":"on_rho095_o1cnm","directions":[1]}
{"op_code":0,"worker_id":"4fb4d068-c618-42ab-9016-2389755d4087-7220","study_name":"on_rho095_o1cnm","directions":[1]}
{"op_code":0,"worker_id":"5e8a7b36-1019-455e-9e1c-c28859b2f802-4620","study_name":"on_rho095_o1cnm","directions":[1]}
{"op_code":0,"worker_id":"37d83f9a-0dc4-4e17-abbc-e8e7a304f2f4-34828","study_name":"on_rho095_o1cnm","directions":[1]}
{"op_code":0,"worker_id":"faa42b64-8279-4294-9fca-30a55150c419-17656","study_name":"on_rho095_o1cnm","directions":[1]}
{"op_code":0,"worker_id":"f17f7d50-7fc1-402f-ac57-dcf521945073-4492","study_name":"on_rho095_o1cnm","directions":[1]}
