{"op_code":0,"worker_id":"8aec5992-1f55-4311-b01e-5cb5a0afd109-31484","study_name":"off_tf05_o1cmlubrze_a2c","directions":[1]}
{"op_code":4,"worker_id":"8aec5992-1f55-4311-b01e-5cb5a0afd109-31484","study_id":0,"datetime_start":null,"state":4,"value":null,"values":null,"distributions":{},"params":{},"user_attrs":{"defaults":true},"system_attrs":{"fixed_params":{}},"intermediate_values":{}}
{"op_code":6,"worker_id":"8aec5992-1f55-4311-b01e-5cb5a0afd109-31484","trial_id":0,"state":0,"values":null,"datetime_start":"2026-10-09T02:30:44.073139"}
{"op_code":8,"worker_id":"8aec5992-1f55-4311-b01e-5cb5a0afd109-31484","trial_id":0,"user_attr":{"train_argv":"--option 1 --reward-mode objective --objectives tardiness_sq --lambda-late 1.0 --lambda-energy 1.0 --power-model linear --difficulty off_tf05 --timesteps 300000 --save-tag tune_off_tf05_o1cmlubrze_a2c_t0 --n-envs 4 --vec-backend subproc --seed 0 --rule-placements FirstFit,Consolidate --algo a2c --markov-obs --lookahead --fixed-scaling --critic-arrivals --lateness-shaping --normalize-reward --event-idle"}}
{"op_code":7,"worker_id":"8aec5992-1f55-4311-b01e-5cb5a0afd109-31484","trial_id":0,"step":75000,"intermediate_value":34650.0}
{"op_code":7,"worker_id":"8aec5992-1f55-4311-b01e-5cb5a0afd109-31484","trial_id":0,"step":150000,"intermediate_value":34650.0}
{"op_code":7,"worker_id":"8aec5992-1f55-4311-b01e-5cb5a0afd109-31484","trial_id":0,"step":225000,"intermediate_value":34650.0}
{"op_code":6,"worker_id":"8aec5992-1f55-4311-b01e-5cb5a0afd109-31484","trial_id":0,"state":1,"values":[37323.85],"datetime_complete":"2026-10-09T02:35:13.724236"}
{"op_code":4,"worker_id":"8aec5992-1f55-4311-b01e-5cb5a0afd109-31484","study_id":0,"datetime_start":"2026-10-09T02:35:13.902145"}
{"op_code":5,"worker_id":"8aec5992-1f55-4311-b01e-5cb5a0afd109-31484","trial_id":1,"param_name":"learning-rate","param_value_internal":0.0006466422717414558,"distribution":"{\"name\": \"FloatDistribution\", \"attributes\": {\"step\": null, \"low\": 0.0001, \"high\": 0.003, \"log\": true}}"}
{"op_code":5,"worker_id":"8aec5992-1f55-4311-b01e-5cb5a0afd109-31484","trial_id":1,"param_name":"rollout-size","param_value_internal":0,"distribution":"{\"name\": \"CategoricalDistribution\", \"attributes\": {\"choices\": [20, 80, 320]}}"}
{"op_code":5,"worker_id":"8aec5992-1f55-4311-b01e-5cb5a0afd109-31484","trial_id":1,"param_name":"gamma","param_value_internal":1,"distribution":"{\"name\": \"CategoricalDistribution\", \"attributes\": {\"choices\": [0.99, 0.995, 0.999]}}"}
{"op_code":5,"worker_id":"8aec5992-1f55-4311-b01e-5cb5a0afd109-31484","trial_id":1,"param_name":"gae-lambda","param_value_internal":1,"distribution":"{\"name\": \"CategoricalDistribution\", \"attributes\": {\"choices\": [0.9, 0.95, 1.0]}}"}
{"op_code":5,"worker_id":"8aec5992-1f55-4311-b01e-5cb5a0afd109-31484","trial_id":1,"param_name":"ent-coef","param_value_internal":0.009145320282946534,"distribution":"{\"name\": \"FloatDistribution\", \"attributes\": {\"step\": null, \"low\": 0.0001, \"high\": 0.03, \"log\": true}}"}
{"op_code":8,"worker_id":"8aec5992-1f55-4311-b01e-5cb5a0afd109-31484","trial_id":1,"user_attr":{"train_argv":"--option 1 --reward-mode objective --objectives tardiness_sq --lambda-late 1.0 --lambda-energy 1.0 --power-model linear --difficulty off_tf05 --timesteps 300000 --save-tag tune_off_tf05_o1cmlubrze_a2c_t1 --n-envs 4 --vec-backend subproc --seed 0 --rule-placements FirstFit,Consolidate --algo a2c --markov-obs --lookahead --fixed-scaling --critic-arrivals --lateness-shaping --normalize-reward --event-idle --learning-rate 0.000646642 --rollout-size 20 --gamma 0.995 --gae-lambda 0.95 --ent-coef 0.00914532"}}
{"op_code":7,"worker_id":"8aec5992-1f55-4311-b01e-5cb5a0afd109-31484","trial_id":1,"step":75000,"intermediate_value":36666.0}
{"op_code":7,"worker_id":"8aec5992-1f55-4311-b01e-5cb5a0afd109-31484","trial_id":1,"step":150000,"intermediate_value":34650.0}
{"op_code":7,"worker_id":"8aec5992-1f55-4311-b01e-5cb5a0afd109-31484","trial_id":1,"step":225000,"intermediate_value":34650.0}
{"op_code":6,"worker_id":"8aec5992-1f55-4311-b01e-5cb5a0afd109-31484","trial_id":1,"state":1,"values":[72159.3],"datetime_complete":"2026-10-09T02:39:36.022024"}
{"op_code":4,"worker_id":"8aec5992-1f55-4311-b01e-5cb5a0afd109-31484","study_id":0,"datetime_start":"2026-10-09T02:39:36.228176"}
{"op_code":5,"worker_id":"8aec5992-1f55-4311-b01e-5cb5a0afd109-31484","trial_id":2,"param_name":"learning-rate","param_value_internal":0.0006042851578845063,"distribution":"{\"name\": \"FloatDistribution\", \"attributes\": {\"step\": null, \"low\": 0.0001, \"high\": 0.003, \"log\": true}}"}
{"op_code":5,"worker_id":"8aec5992-1f55-4311-b01e-5cb5a0afd109-31484","trial_id":2,"param_name":"rollout-size","param_value_internal":1,"distribution":"{\"name\": \"CategoricalDistribution\", \"attributes\": {\"choices\": [20, 80, 320]}}"}
{"op_code":5,"worker_id":"8aec5992-1f55-4311-b01e-5cb5a0afd109-31484","trial_id":2,"param_name":"gamma","param_value_internal":2,"distribution":"{\"name\": \"CategoricalDistribution\", \"attributes\": {\"choices\": [0.99, 0.995, 0.999]}}"}
{"op_code":5,"worker_id":"8aec5992-1f55-4311-b01e-5cb5a0afd109-31484","trial_id":2,"param_name":"gae-lambda","param_value_internal":2,"distribution":"{\"name\": \"CategoricalDistribution\", \"attributes\": {\"choices\": [0.9, 0.95, 1.0]}}"}
{"op_code":5,"worker_id":"8aec5992-1f55-4311-b01e-5cb5a0afd109-31484","trial_id":2,"param_name":"ent-coef","param_value_internal":0.009541412354586892,"distribution":"{\"name\": \"FloatDistribution\", \"attributes\": {\"step\": null, \"low\": 0.0001, \"high\": 0.03, \"log\": true}}"}
{"op_code":8,"worker_id":"8aec5992-1f55-4311-b01e-5cb5a0afd109-31484","trial_id":2,"user_attr":{"train_argv":"--option 1 --reward-mode objective --objectives tardiness_sq --lambda-late 1.0 --lambda-energy 1.0 --power-model linear --difficulty off_tf05 --timesteps 300000 --save-tag tune_off_tf05_o1cmlubrze_a2c_t2 --n-envs 4 --vec-backend subproc --seed 0 --rule-placements FirstFit,Consolidate --algo a2c --markov-obs --lookahead --fixed-scaling --critic-arrivals --lateness-shaping --normalize-reward --event-idle --learning-rate 0.000604285 --rollout-size 80 --gamma 0.999 --gae-lambda 1 --ent-coef 0.00954141"}}
{"op_code":7,"worker_id":"8aec5992-1f55-4311-b01e-5cb5a0afd109-31484","trial_id":2,"step":75000,"intermediate_value":34650.0}
{"op_code":7,"worker_id":"8aec5992-1f55-4311-b01e-5cb5a0afd109-31484","trial_id":2,"step":150000,"intermediate_value":36666.0}
{"op_code":7,"worker_id":"8aec5992-1f55-4311-b01e-5cb5a0afd109-31484","trial_id":2,"step":225000,"intermediate_value":36666.0}
{"op_code":6,"worker_id":"8aec5992-1f55-4311-b01e-5cb5a0afd109-31484","trial_id":2,"state":1,"values":[39433.1],"datetime_complete":"2026-10-09T02:43:13.206877"}
{"op_code":4,"worker_id":"8aec5992-1f55-4311-b01e-5cb5a0afd109-31484","study_id":0,"datetime_start":"2026-10-09T02:43:13.398772"}
{"op_code":5,"worker_id":"8aec5992-1f55-4311-b01e-5cb5a0afd109-31484","trial_id":3,"param_name":"learning-rate","param_value_internal":0.0004804641349751479,"distribution":"{\"name\": \"FloatDistribution\", \"attributes\": {\"step\": null, \"low\": 0.0001, \"high\": 0.003, \"log\": true}}"}
{"op_code":5,"worker_id":"8aec5992-1f55-4311-b01e-5cb5a0afd109-31484","trial_id":3,"param_name":"rollout-size","param_value_internal":0,"distribution":"{\"name\": \"CategoricalDistribution\", \"attributes\": {\"choices\": [20, 80, 320]}}"}
{"op_code":5,"worker_id":"8aec5992-1f55-4311-b01e-5cb5a0afd109-31484","trial_id":3,"param_name":"gamma","param_value_internal":1,"distribution":"{\"name\": \"CategoricalDistribution\", \"attributes\": {\"choices\": [0.99, 0.995, 0.999]}}"}
{"op_code":5,"worker_id":"8aec5992-1f55-4311-b01e-5cb5a0afd109-31484","trial_id":3,"param_name":"gae-lambda","param_value_internal":2,"distribution":"{\"name\": \"CategoricalDistribution\", \"attributes\": {\"choices\": [0.9, 0.95, 1.0]}}"}
{"op_code":5,"worker_id":"8aec5992-1f55-4311-b01e-5cb5a0afd109-31484","trial_id":3,"param_name":"ent-coef","param_value_internal":0.001348775545730254,"distribution":"{\"name\": \"FloatDistribution\", \"attributes\": {\"step\": null, \"low\": 0.0001, \"high\": 0.03, \"log\": true}}"}
{"op_code":8,"worker_id":"8aec5992-1f55-4311-b01e-5cb5a0afd109-31484","trial_id":3,"user_attr":{"train_argv":"--option 1 --reward-mode objective --objectives tardiness_sq --lambda-late 1.0 --lambda-energy 1.0 --power-model linear --difficulty off_tf05 --timesteps 300000 --save-tag tune_off_tf05_o1cmlubrze_a2c_t3 --n-envs 4 --vec-backend subproc --seed 0 --rule-placements FirstFit,Consolidate --algo a2c --markov-obs --lookahead --fixed-scaling --critic-arrivals --lateness-shaping --normalize-reward --event-idle --learning-rate 0.000480464 --rollout-size 20 --gamma 0.995 --gae-lambda 1 --ent-coef 0.00134878"}}
{"op_code":7,"worker_id":"8aec5992-1f55-4311-b01e-5cb5a0afd109-31484","trial_id":3,"step":75000,"intermediate_value":34650.0}
{"op_code":7,"worker_id":"8aec5992-1f55-4311-b01e-5cb5a0afd109-31484","trial_id":3,"step":150000,"intermediate_value":36666.0}
{"op_code":7,"worker_id":"8aec5992-1f55-4311-b01e-5cb5a0afd109-31484","trial_id":3,"step":225000,"intermediate_value":36666.0}
{"op_code":6,"worker_id":"8aec5992-1f55-4311-b01e-5cb5a0afd109-31484","trial_id":3,"state":1,"values":[37323.85],"datetime_complete":"2026-10-09T02:47:29.698620"}
{"op_code":4,"worker_id":"8aec5992-1f55-4311-b01e-5cb5a0afd109-31484","study_id":0,"datetime_start":"2026-10-09T02:47:29.891870"}
{"op_code":5,"worker_id":"8aec5992-1f55-4311-b01e-5cb5a0afd109-31484","trial_id":4,"param_name":"learning-rate","param_value_internal":0.0006912670683424538,"distribution":"{\"name\": \"FloatDistribution\", \"attributes\": {\"step\": null, \"low\": 0.0001, \"high\": 0.003, \"log\": true}}"}
{"op_code":5,"worker_id":"8aec5992-1f55-4311-b01e-5cb5a0afd109-31484","trial_id":4,"param_name":"rollout-size","param_value_internal":1,"distribution":"{\"name\": \"CategoricalDistribution\", \"attributes\": {\"choices\": [20, 80, 320]}}"}
{"op_code":5,"worker_id":"8aec5992-1f55-4311-b01e-5cb5a0afd109-31484","trial_id":4,"param_name":"gamma","param_value_internal":1,"distribution":"{\"name\": \"CategoricalDistribution\", \"attributes\": {\"choices\": [0.99, 0.995, 0.999]}}"}
{"op_code":5,"worker_id":"8aec5992-1f55-4311-b01e-5cb5a0afd109-31484","trial_id":4,"param_name":"gae-lambda","param_value_internal":2,"distribution":"{\"name\": \"CategoricalDistribution\", \"attributes\": {\"choices\": [0.9, 0.95, 1.0]}}"}
{"op_code":5,"worker_id":"8aec5992-1f55-4311-b01e-5cb5a0afd109-31484","trial_id":4,"param_name":"ent-coef","param_value_internal":0.00014098918363046996,"distribution":"{\"name\": \"FloatDistribution\", \"attributes\": {\"step\": null, \"low\": 0.0001, \"high\": 0.03, \"log\": true}}"}
{"op_code":8,"worker_id":"8aec5992-1f55-4311-b01e-5cb5a0afd109-31484","trial_id":4,"user_attr":{"train_argv":"--option 1 --reward-mode objective --objectives tardiness_sq --lambda-late 1.0 --lambda-energy 1.0 --power-model linear --difficulty off_tf05 --timesteps 300000 --save-tag tune_off_tf05_o1cmlubrze_a2c_t4 --n-envs 4 --vec-backend subproc --seed 0 --rule-placements FirstFit,Consolidate --algo a2c --markov-obs --lookahead --fixed-scaling --critic-arrivals --lateness-shaping --normalize-reward --event-idle --learning-rate 0.000691267 --rollout-size 80 --gamma 0.995 --gae-lambda 1 --ent-coef 0.000140989"}}
{"op_code":7,"worker_id":"8aec5992-1f55-4311-b01e-5cb5a0afd109-31484","trial_id":4,"step":75000,"intermediate_value":34650.0}
{"op_code":7,"worker_id":"8aec5992-1f55-4311-b01e-5cb5a0afd109-31484","trial_id":4,"step":150000,"intermediate_value":34650.0}
{"op_code":7,"worker_id":"8aec5992-1f55-4311-b01e-5cb5a0afd109-31484","trial_id":4,"step":225000,"intermediate_value":34650.0}
{"op_code":6,"worker_id":"8aec5992-1f55-4311-b01e-5cb5a0afd109-31484","trial_id":4,"state":1,"values":[37323.85],"datetime_complete":"2026-10-09T02:50:52.856724"}
{"op_code":4,"worker_id":"8aec5992-1f55-4311-b01e-5cb5a0afd109-31484","study_id":0,"datetime_start":"2026-10-09T02:50:53.038377"}
{"op_code":5,"worker_id":"8aec5992-1f55-4311-b01e-5cb5a0afd109-31484","trial_id":5,"param_name":"learning-rate","param_value_internal":0.0009658179826892162,"distribution":"{\"name\": \"FloatDistribution\", \"attributes\": {\"step\": null, \"low\": 0.0001, \"high\": 0.003, \"log\": true}}"}
{"op_code":5,"worker_id":"8aec5992-1f55-4311-b01e-5cb5a0afd109-31484","trial_id":5,"param_name":"rollout-size","param_value_internal":0,"distribution":"{\"name\": \"CategoricalDistribution\", \"attributes\": {\"choices\": [20, 80, 320]}}"}
{"op_code":5,"worker_id":"8aec5992-1f55-4311-b01e-5cb5a0afd109-31484","trial_id":5,"param_name":"gamma","param_value_internal":2,"distribution":"{\"name\": \"CategoricalDistribution\", \"attributes\": {\"choices\": [0.99, 0.995, 0.999]}}"}
{"op_code":5,"worker_id":"8aec5992-1f55-4311-b01e-5cb5a0afd109-31484","trial_id":5,"param_name":"gae-lambda","param_value_internal":1,"distribution":"{\"name\": \"CategoricalDistribution\", \"attributes\": {\"choices\": [0.9, 0.95, 1.0]}}"}
{"op_code":5,"worker_id":"8aec5992-1f55-4311-b01e-5cb5a0afd109-31484","trial_id":5,"param_name":"ent-coef","param_value_internal":0.00032916454639831516,"distribution":"{\"name\": \"FloatDistribution\", \"attributes\": {\"step\": null, \"low\": 0.0001, \"high\": 0.03, \"log\": true}}"}
{"op_code":8,"worker_id":"8aec5992-1f55-4311-b01e-5cb5a0afd109-31484","trial_id":5,"user_attr":{"train_argv":"--option 1 --reward-mode objective --objectives tardiness_sq --lambda-late 1.0 --lambda-energy 1.0 --power-model linear --difficulty off_tf05 --timesteps 300000 --save-tag tune_off_tf05_o1cmlubrze_a2c_t5 --n-envs 4 --vec-backend subproc --seed 0 --rule-placements FirstFit,Consolidate --algo a2c --markov-obs --lookahead --fixed-scaling --critic-arrivals --lateness-shaping --normalize-reward --event-idle --learning-rate 0.000965818 --rollout-size 20 --gamma 0.999 --gae-lambda 0.95 --ent-coef 0.000329165"}}
{"op_code":7,"worker_id":"8aec5992-1f55-4311-b01e-5cb5a0afd109-31484","trial_id":5,"step":75000,"intermediate_value":34650.0}
{"op_code":7,"worker_id":"8aec5992-1f55-4311-b01e-5cb5a0afd109-31484","trial_id":5,"step":150000,"intermediate_value":34650.0}
{"op_code":7,"worker_id":"8aec5992-1f55-4311-b01e-5cb5a0afd109-31484","trial_id":5,"step":225000,"intermediate_value":34650.0}
{"op_code":6,"worker_id":"8aec5992-1f55-4311-b01e-5cb5a0afd109-31484","trial_id":5,"state":1,"values":[37323.85],"datetime_complete":"2026-10-09T02:54:58.639248"}
{"op_code":4,"worker_id":"8aec5992-1f55-4311-b01e-5cb5a0afd109-31484","study_id":0,"datetime_start":"2026-10-09T02:54:58.818585"}
{"op_code":5,"worker_id":"8aec5992-1f55-4311-b01e-5cb5a0afd109-31484","trial_id":6,"param_name":"learning-rate","param_value_internal":0.00017309069329908935,"distribution":"{\"name\": \"FloatDistribution\", \"attributes\": {\"step\": null, \"low\": 0.0001, \"high\": 0.003, \"log\": true}}"}
{"op_code":5,"worker_id":"8aec5992-1f55-4311-b01e-5cb5a0afd109-31484","trial_id":6,"param_name":"rollout-size","param_value_internal":0,"distribution":"{\"name\": \"CategoricalDistribution\", \"attributes\": {\"choices\": [20, 80, 320]}}"}
{"op_code":5,"worker_id":"8aec5992-1f55-4311-b01e-5cb5a0afd109-31484","trial_id":6,"param_name":"gamma","param_value_internal":0,"distribution":"{\"name\": \"CategoricalDistribution\", \"attributes\": {\"choices\": [0.99, 0.995, 0.999]}}"}
{"op_code":5,"worker_id":"8aec5992-1f55-4311-b01e-5cb5a0afd109-31484","trial_id":6,"param_name":"gae-lambda","param_value_internal":0,"distribution":"{\"name\": \"CategoricalDistribution\", \"attributes\": {\"choices\": [0.9, 0.95, 1.0]}}"}
{"op_code":5,"worker_id":"8aec5992-1f55-4311-b01e-5cb5a0afd109-31484","trial_id":6,"param_name":"ent-coef","param_value_internal":0.0008191755047162099,"distribution":"{\"name\": \"FloatDistribution\", \"attributes\": {\"step\": null, \"low\": 0.0001, \"high\": 0.03, \"log\": true}}"}
{"op_code":8,"worker_id":"8aec5992-1f55-4311-b01e-5cb5a0afd109-31484","trial_id":6,"user_attr":{"train_argv":"--option 1 --reward-mode objective --objectives tardiness_sq --lambda-late 1.0 --lambda-energy 1.0 --power-model linear --difficulty off_tf05 --timesteps 300000 --save-tag tune_off_tf05_o1cmlubrze_a2c_t6 --n-envs 4 --vec-backend subproc --seed 0 --rule-placements FirstFit,Consolidate --algo a2c --markov-obs --lookahead --fixed-scaling --critic-arrivals --lateness-shaping --normalize-reward --event-idle --learning-rate 0.000173091 --rollout-size 20 --gamma 0.99 --gae-lambda 0.9 --ent-coef 0.000819176"}}
{"op_code":7,"worker_id":"8aec5992-1f55-4311-b01e-5cb5a0afd109-31484","trial_id":6,"step":75000,"intermediate_value":34650.0}
{"op_code":7,"worker_id":"8aec5992-1f55-4311-b01e-5cb5a0afd109-31484","trial_id":6,"step":150000,"intermediate_value":34650.0}
{"op_code":7,"worker_id":"8aec5992-1f55-4311-b01e-5cb5a0afd109-31484","trial_id":6,"step":225000,"intermediate_value":34650.0}
{"op_code":6,"worker_id":"8aec5992-1f55-4311-b01e-5cb5a0afd109-31484","trial_id":6,"state":1,"values":[37323.85],"datetime_complete":"2026-10-09T02:59:13.285165"}
{"op_code":4,"worker_id":"8aec5992-1f55-4311-b01e-5cb5a0afd109-31484","study_id":0,"datetime_start":"2026-10-09T02:59:13.471604"}
{"op_code":5,"worker_id":"8aec5992-1f55-4311-b01e-5cb5a0afd109-31484","trial_id":7,"param_name":"learning-rate","param_value_internal":0.0016319488770709706,"distribution":"{\"name\": \"FloatDistribution\", \"attributes\": {\"step\": null, \"low\": 0.0001, \"high\": 0.003, \"log\": true}}"}
{"op_code":5,"worker_id":"8aec5992-1f55-4311-b01e-5cb5a0afd109-31484","trial_id":7,"param_name":"rollout-size","param_value_internal":1,"distribution":"{\"name\": \"CategoricalDistribution\", \"attributes\": {\"choices\": [20, 80, 320]}}"}
{"op_code":5,"worker_id":"8aec5992-1f55-4311-b01e-5cb5a0afd109-31484","trial_id":7,"param_name":"gamma","param_value_internal":2,"distribution":"{\"name\": \"CategoricalDistribution\", \"attributes\": {\"choices\": [0.99, 0.995, 0.999]}}"}
{"op_code":5,"worker_id":"8aec5992-1f55-4311-b01e-5cb5a0afd109-31484","trial_id":7,"param_name":"gae-lambda","param_value_internal":1,"distribution":"{\"name\": \"CategoricalDistribution\", \"attributes\": {\"choices\": [0.9, 0.95, 1.0]}}"}
{"op_code":5,"worker_id":"8aec5992-1f55-4311-b01e-5cb5a0afd109-31484","trial_id":7,"param_name":"ent-coef","param_value_internal":0.000501819043124292,"distribution":"{\"name\": \"FloatDistribution\", \"attributes\": {\"step\": null, \"low\": 0.0001, \"high\": 0.03, \"log\": true}}"}
{"op_code":8,"worker_id":"8aec5992-1f55-4311-b01e-5cb5a0afd109-31484","trial_id":7,"user_attr":{"train_argv":"--option 1 --reward-mode objective --objectives tardiness_sq --lambda-late 1.0 --lambda-energy 1.0 --power-model linear --difficulty off_tf05 --timesteps 300000 --save-tag tune_off_tf05_o1cmlubrze_a2c_t7 --n-envs 4 --vec-backend subproc --seed 0 --rule-placements FirstFit,Consolidate --algo a2c --markov-obs --lookahead --fixed-scaling --critic-arrivals --lateness-shaping --normalize-reward --event-idle --learning-rate 0.00163195 --rollout-size 80 --gamma 0.999 --gae-lambda 0.95 --ent-coef 0.000501819"}}
{"op_code":7,"worker_id":"8aec5992-1f55-4311-b01e-5cb5a0afd109-31484","trial_id":7,"step":75000,"intermediate_value":34650.0}
{"op_code":7,"worker_id":"8aec5992-1f55-4311-b01e-5cb5a0afd109-31484","trial_id":7,"step":150000,"intermediate_value":34650.0}
{"op_code":7,"worker_id":"8aec5992-1f55-4311-b01e-5cb5a0afd109-31484","trial_id":7,"step":225000,"intermediate_value":34650.0}
{"op_code":6,"worker_id":"8aec5992-1f55-4311-b01e-5cb5a0afd109-31484","trial_id":7,"state":1,"values":[37323.85],"datetime_complete":"2026-10-09T03:02:46.581446"}
{"op_code":4,"worker_id":"8aec5992-1f55-4311-b01e-5cb5a0afd109-31484","study_id":0,"datetime_start":"2026-10-09T03:02:46.770025"}
{"op_code":5,"worker_id":"8aec5992-1f55-4311-b01e-5cb5a0afd109-31484","trial_id":8,"param_name":"learning-rate","param_value_internal":0.00015050290935598963,"distribution":"{\"name\": \"FloatDistribution\", \"attributes\": {\"step\": null, \"low\": 0.0001, \"high\": 0.003, \"log\": true}}"}
{"op_code":5,"worker_id":"8aec5992-1f55-4311-b01e-5cb5a0afd109-31484","trial_id":8,"param_name":"rollout-size","param_value_internal":2,"distribution":"{\"name\": \"CategoricalDistribution\", \"attributes\": {\"choices\": [20, 80, 320]}}"}
{"op_code":5,"worker_id":"8aec5992-1f55-4311-b01e-5cb5a0afd109-31484","trial_id":8,"param_name":"gamma","param_value_internal":2,"distribution":"{\"name\": \"CategoricalDistribution\", \"attributes\": {\"choices\": [0.99, 0.995, 0.999]}}"}
{"op_code":5,"worker_id":"8aec5992-1f55-4311-b01e-5cb5a0afd109-31484","trial_id":8,"param_name":"gae-lambda","param_value_internal":0,"distribution":"{\"name\": \"CategoricalDistribution\", \"attributes\": {\"choices\": [0.9, 0.95, 1.0]}}"}
{"op_code":5,"worker_id":"8aec5992-1f55-4311-b01e-5cb5a0afd109-31484","trial_id":8,"param_name":"ent-coef","param_value_internal":0.00017088424969157387,"distribution":"{\"name\": \"FloatDistribution\", \"attributes\": {\"step\": null, \"low\": 0.0001, \"high\": 0.03, \"log\": true}}"}
{"op_code":8,"worker_id":"8aec5992-1f55-4311-b01e-5cb5a0afd109-31484","trial_id":8,"user_attr":{"train_argv":"--option 1 --reward-mode objective --objectives tardiness_sq --lambda-late 1.0 --lambda-energy 1.0 --power-model linear --difficulty off_tf05 --timesteps 300000 --save-tag tune_off_tf05_o1cmlubrze_a2c_t8 --n-envs 4 --vec-backend subproc --seed 0 --rule-placements FirstFit,Consolidate --algo a2c --markov-obs --lookahead --fixed-scaling --critic-arrivals --lateness-shaping --normalize-reward --event-idle --learning-rate 0.000150503 --rollout-size 320 --gamma 0.999 --gae-lambda 0.9 --ent-coef 0.000170884"}}
{"op_code":7,"worker_id":"8aec5992-1f55-4311-b01e-5cb5a0afd109-31484","trial_id":8,"step":75000,"intermediate_value":34650.0}
{"op_code":7,"worker_id":"8aec5992-1f55-4311-b01e-5cb5a0afd109-31484","trial_id":8,"step":150000,"intermediate_value":34650.0}
{"op_code":7,"worker_id":"8aec5992-1f55-4311-b01e-5cb5a0afd109-31484","trial_id":8,"step":225000,"intermediate_value":34650.0}
{"op_code":6,"worker_id":"8aec5992-1f55-4311-b01e-5cb5a0afd109-31484","trial_id":8,"state":1,"values":[37323.85],"datetime_complete":"2026-10-09T03:06:15.296684"}
{"op_code":4,"worker_id":"8aec5992-1f55-4311-b01e-5cb5a0afd109-31484","study_id":0,"datetime_start":"2026-10-09T03:06:15.483452"}
{"op_code":5,"worker_id":"8aec5992-1f55-4311-b01e-5cb5a0afd109-31484","trial_id":9,"param_name":"learning-rate","param_value_internal":0.0007091576793635641,"distribution":"{\"name\": \"FloatDistribution\", \"attributes\": {\"step\": null, \"low\": 0.0001, \"high\": 0.003, \"log\": true}}"}
{"op_code":5,"worker_id":"8aec5992-1f55-4311-b01e-5cb5a0afd109-31484","trial_id":9,"param_name":"rollout-size","param_value_internal":0,"distribution":"{\"name\": \"CategoricalDistribution\", \"attributes\": {\"choices\": [20, 80, 320]}}"}
{"op_code":5,"worker_id":"8aec5992-1f55-4311-b01e-5cb5a0afd109-31484","trial_id":9,"param_name":"gamma","param_value_internal":1,"distribution":"{\"name\": \"CategoricalDistribution\", \"attributes\": {\"choices\": [0.99, 0.995, 0.999]}}"}
{"op_code":5,"worker_id":"8aec5992-1f55-4311-b01e-5cb5a0afd109-31484","trial_id":9,"param_name":"gae-lambda","param_value_internal":1,"distribution":"{\"name\": \"CategoricalDistribution\", \"attributes\": {\"choices\": [0.9, 0.95, 1.0]}}"}
{"op_code":5,"worker_id":"8aec5992-1f55-4311-b01e-5cb5a0afd109-31484","trial_id":9,"param_name":"ent-coef","param_value_internal":0.011307978270179144,"distribution":"{\"name\": \"FloatDistribution\", \"attributes\": {\"step\": null, \"low\": 0.0001, \"high\": 0.03, \"log\": true}}"}
{"op_code":8,"worker_id":"8aec5992-1f55-4311-b01e-5cb5a0afd109-31484","trial_id":9,"user_attr":{"train_argv":"--option 1 --reward-mode objective --objectives tardiness_sq --lambda-late 1.0 --lambda-energy 1.0 --power-model linear --difficulty off_tf05 --timesteps 300000 --save-tag tune_off_tf05_o1cmlubrze_a2c_t9 --n-envs 4 --vec-backend subproc --seed 0 --rule-placements FirstFit,Consolidate --algo a2c --markov-obs --lookahead --fixed-scaling --critic-arrivals --lateness-shaping --normalize-reward --event-idle --learning-rate 0.000709158 --rollout-size 20 --gamma 0.995 --gae-lambda 0.95 --ent-coef 0.011308"}}
{"op_code":7,"worker_id":"8aec5992-1f55-4311-b01e-5cb5a0afd109-31484","trial_id":9,"step":75000,"intermediate_value":232135.2}
{"op_code":6,"worker_id":"8aec5992-1f55-4311-b01e-5cb5a0afd109-31484","trial_id":9,"state":2,"values":[232135.2],"datetime_complete":"2026-10-09T03:07:25.571087"}
{"op_code":4,"worker_id":"8aec5992-1f55-4311-b01e-5cb5a0afd109-31484","study_id":0,"datetime_start":"2026-10-09T03:07:25.766519"}
{"op_code":5,"worker_id":"8aec5992-1f55-4311-b01e-5cb5a0afd109-31484","trial_id":10,"param_name":"learning-rate","param_value_internal":0.0024518098818580836,"distribution":"{\"name\": \"FloatDistribution\", \"attributes\": {\"step\": null, \"low\": 0.0001, \"high\": 0.003, \"log\": true}}"}
{"op_code":5,"worker_id":"8aec5992-1f55-4311-b01e-5cb5a0afd109-31484","trial_id":10,"param_name":"rollout-size","param_value_internal":2,"distribution":"{\"name\": \"CategoricalDistribution\", \"attributes\": {\"choices\": [20, 80, 320]}}"}
{"op_code":5,"worker_id":"8aec5992-1f55-4311-b01e-5cb5a0afd109-31484","trial_id":10,"param_name":"gamma","param_value_internal":0,"distribution":"{\"name\": \"CategoricalDistribution\", \"attributes\": {\"choices\": [0.99, 0.995, 0.999]}}"}
{"op_code":5,"worker_id":"8aec5992-1f55-4311-b01e-5cb5a0afd109-31484","trial_id":10,"param_name":"gae-lambda","param_value_internal":0,"distribution":"{\"name\": \"CategoricalDistribution\", \"attributes\": {\"choices\": [0.9, 0.95, 1.0]}}"}
{"op_code":5,"worker_id":"8aec5992-1f55-4311-b01e-5cb5a0afd109-31484","trial_id":10,"param_name":"ent-coef","param_value_internal":0.0027870452822917,"distribution":"{\"name\": \"FloatDistribution\", \"attributes\": {\"step\": null, \"low\": 0.0001, \"high\": 0.03, \"log\": true}}"}
{"op_code":8,"worker_id":"8aec5992-1f55-4311-b01e-5cb5a0afd109-31484","trial_id":10,"user_attr":{"train_argv":"--option 1 --reward-mode objective --objectives tardiness_sq --lambda-late 1.0 --lambda-energy 1.0 --power-model linear --difficulty off_tf05 --timesteps 300000 --save-tag tune_off_tf05_o1cmlubrze_a2c_t10 --n-envs 4 --vec-backend subproc --seed 0 --rule-placements FirstFit,Consolidate --algo a2c --markov-obs --lookahead --fixed-scaling --critic-arrivals --lateness-shaping --normalize-reward --event-idle --learning-rate 0.00245181 --rollout-size 320 --gamma 0.99 --gae-lambda 0.9 --ent-coef 0.00278705"}}
{"op_code":7,"worker_id":"8aec5992-1f55-4311-b01e-5cb5a0afd109-31484","trial_id":10,"step":75000,"intermediate_value":34650.0}
{"op_code":7,"worker_id":"8aec5992-1f55-4311-b01e-5cb5a0afd109-31484","trial_id":10,"step":150000,"intermediate_value":34650.0}
{"op_code":7,"worker_id":"8aec5992-1f55-4311-b01e-5cb5a0afd109-31484","trial_id":10,"step":225000,"intermediate_value":34650.0}
{"op_code":6,"worker_id":"8aec5992-1f55-4311-b01e-5cb5a0afd109-31484","trial_id":10,"state":1,"values":[188827.9],"datetime_complete":"2026-10-09T03:10:47.384807"}
{"op_code":4,"worker_id":"8aec5992-1f55-4311-b01e-5cb5a0afd109-31484","study_id":0,"datetime_start":"2026-10-09T03:10:47.565526"}
{"op_code":5,"worker_id":"8aec5992-1f55-4311-b01e-5cb5a0afd109-31484","trial_id":11,"param_name":"learning-rate","param_value_internal":0.0002774239805879528,"distribution":"{\"name\": \"FloatDistribution\", \"attributes\": {\"step\": null, \"low\": 0.0001, \"high\": 0.003, \"log\": true}}"}
{"op_code":5,"worker_id":"8aec5992-1f55-4311-b01e-5cb5a0afd109-31484","trial_id":11,"param_name":"rollout-size","param_value_internal":0,"distribution":"{\"name\": \"CategoricalDistribution\", \"attributes\": {\"choices\": [20, 80, 320]}}"}
{"op_code":5,"worker_id":"8aec5992-1f55-4311-b01e-5cb5a0afd109-31484","trial_id":11,"param_name":"gamma","param_value_internal":1,"distribution":"{\"name\": \"CategoricalDistribution\", \"attributes\": {\"choices\": [0.99, 0.995, 0.999]}}"}
{"op_code":5,"worker_id":"8aec5992-1f55-4311-b01e-5cb5a0afd109-31484","trial_id":11,"param_name":"gae-lambda","param_value_internal":2,"distribution":"{\"name\": \"CategoricalDistribution\", \"attributes\": {\"choices\": [0.9, 0.95, 1.0]}}"}
{"op_code":5,"worker_id":"8aec5992-1f55-4311-b01e-5cb5a0afd109-31484","trial_id":11,"param_name":"ent-coef","param_value_internal":0.028977333525414532,"distribution":"{\"name\": \"FloatDistribution\", \"attributes\": {\"step\": null, \"low\": 0.0001, \"high\": 0.03, \"log\": true}}"}
{"op_code":8,"worker_id":"8aec5992-1f55-4311-b01e-5cb5a0afd109-31484","trial_id":11,"user_attr":{"train_argv":"--option 1 --reward-mode objective --objectives tardiness_sq --lambda-late 1.0 --lambda-energy 1.0 --power-model linear --difficulty off_tf05 --timesteps 300000 --save-tag tune_off_tf05_o1cmlubrze_a2c_t11 --n-envs 4 --vec-backend subproc --seed 0 --rule-placements FirstFit,Consolidate --algo a2c --markov-obs --lookahead --fixed-scaling --critic-arrivals --lateness-shaping --normalize-reward --event-idle --learning-rate 0.000277424 --rollout-size 20 --gamma 0.995 --gae-lambda 1 --ent-coef 0.0289773"}}
{"op_code":7,"worker_id":"8aec5992-1f55-4311-b01e-5cb5a0afd109-31484","trial_id":11,"step":75000,"intermediate_value":36666.0}
{"op_code":6,"worker_id":"8aec5992-1f55-4311-b01e-5cb5a0afd109-31484","trial_id":11,"state":2,"values":[36666.0],"datetime_complete":"2026-10-09T03:11:57.159537"}
{"op_code":0,"worker_id":"b2e16d74-2b63-4ef4-a4b4-82c53b3d7025-32340","study_name":"off_tf05_o1cmlubrze_a2c","directions":[1]}
{"op_code":0,"worker_id":"14e5698b-0e6d-4a03-9e9a-f3e926b2c2c1-39076","study_name":"off_tf05_o1cmlubrze_a2c","directions":[1]}
