{"op_code":0,"worker_id":"b0d0d181-d195-4461-bc1d-fcc6b0fad062-23748","study_name":"on_rho095_o1cmlubr_a2c","directions":[1]}
{"op_code":4,"worker_id":"b0d0d181-d195-4461-bc1d-fcc6b0fad062-23748","study_id":0,"datetime_start":null,"state":4,"value":null,"values":null,"distributions":{},"params":{},"user_attrs":{"defaults":true},"system_attrs":{"fixed_params":{}},"intermediate_values":{}}
{"op_code":6,"worker_id":"b0d0d181-d195-4461-bc1d-fcc6b0fad062-23748","trial_id":0,"state":0,"values":null,"datetime_start":"2026-10-07T04:56:30.898551"}
{"op_code":8,"worker_id":"b0d0d181-d195-4461-bc1d-fcc6b0fad062-23748","trial_id":0,"user_attr":{"train_argv":"--option 1 --reward-mode objective --objectives tardiness_sq --lambda-late 1.0 --lambda-energy 1.0 --power-model linear --difficulty on_rho095 --timesteps 300000 --save-tag tune_on_rho095_o1cmlubr_a2c_t0 --n-envs 4 --vec-backend subproc --seed 0 --rule-placements FirstFit,Consolidate --algo a2c --markov-obs --lookahead --fixed-scaling --critic-arrivals --lateness-shaping"}}
{"op_code":7,"worker_id":"b0d0d181-d195-4461-bc1d-fcc6b0fad062-23748","trial_id":0,"step":75000,"intermediate_value":100738.0}
{"op_code":7,"worker_id":"b0d0d181-d195-4461-bc1d-fcc6b0fad062-23748","trial_id":0,"step":150000,"intermediate_value":45502.8}
{"op_code":7,"worker_id":"b0d0d181-d195-4461-bc1d-fcc6b0fad062-23748","trial_id":0,"step":225000,"intermediate_value":45502.8}
{"op_code":6,"worker_id":"b0d0d181-d195-4461-bc1d-fcc6b0fad062-23748","trial_id":0,"state":1,"values":[303955.65],"datetime_complete":"2026-10-07T05:04:58.761038"}
{"op_code":4,"worker_id":"b0d0d181-d195-4461-bc1d-fcc6b0fad062-23748","study_id":0,"datetime_start":"2026-10-07T05:04:59.048685"}
{"op_code":5,"worker_id":"b0d0d181-d195-4461-bc1d-fcc6b0fad062-23748","trial_id":1,"param_name":"learning-rate","param_value_internal":0.0006466422717414558,"distribution":"{\"name\": \"FloatDistribution\", \"attributes\": {\"step\": null, \"low\": 0.0001, \"high\": 0.003, \"log\": true}}"}
{"op_code":5,"worker_id":"b0d0d181-d195-4461-bc1d-fcc6b0fad062-23748","trial_id":1,"param_name":"rollout-size","param_value_internal":0,"distribution":"{\"name\": \"CategoricalDistribution\", \"attributes\": {\"choices\": [20, 80, 320]}}"}
{"op_code":5,"worker_id":"b0d0d181-d195-4461-bc1d-fcc6b0fad062-23748","trial_id":1,"param_name":"gamma","param_value_internal":1,"distribution":"{\"name\": \"CategoricalDistribution\", \"attributes\": {\"choices\": [0.99, 0.995, 0.999]}}"}
{"op_code":5,"worker_id":"b0d0d181-d195-4461-bc1d-fcc6b0fad062-23748","trial_id":1,"param_name":"gae-lambda","param_value_internal":1,"distribution":"{\"name\": \"CategoricalDistribution\", \"attributes\": {\"choices\": [0.9, 0.95, 1.0]}}"}
{"op_code":5,"worker_id":"b0d0d181-d195-4461-bc1d-fcc6b0fad062-23748","trial_id":1,"param_name":"ent-coef","param_value_internal":0.009145320282946534,"distribution":"{\"name\": \"FloatDistribution\", \"attributes\": {\"step\": null, \"low\": 0.0001, \"high\": 0.03, \"log\": true}}"}
{"op_code":8,"worker_id":"b0d0d181-d195-4461-bc1d-fcc6b0fad062-23748","trial_id":1,"user_attr":{"train_argv":"--option 1 --reward-mode objective --objectives tardiness_sq --lambda-late 1.0 --lambda-energy 1.0 --power-model linear --difficulty on_rho095 --timesteps 300000 --save-tag tune_on_rho095_o1cmlubr_a2c_t1 --n-envs 4 --vec-backend subproc --seed 0 --rule-placements FirstFit,Consolidate --algo a2c --markov-obs --lookahead --fixed-scaling --critic-arrivals --lateness-shaping --learning-rate 0.000646642 --rollout-size 20 --gamma 0.995 --gae-lambda 0.95 --ent-coef 0.00914532"}}
{"op_code":7,"worker_id":"b0d0d181-d195-4461-bc1d-fcc6b0fad062-23748","trial_id":1,"step":75000,"intermediate_value":19906.4}
{"op_code":7,"worker_id":"b0d0d181-d195-4461-bc1d-fcc6b0fad062-23748","trial_id":1,"step":150000,"intermediate_value":19906.4}
{"op_code":7,"worker_id":"b0d0d181-d195-4461-bc1d-fcc6b0fad062-23748","trial_id":1,"step":225000,"intermediate_value":27277.0}
{"op_code":6,"worker_id":"b0d0d181-d195-4461-bc1d-fcc6b0fad062-23748","trial_id":1,"state":1,"values":[41763.25],"datetime_complete":"2026-10-07T05:13:31.484564"}
{"op_code":4,"worker_id":"b0d0d181-d195-4461-bc1d-fcc6b0fad062-23748","study_id":0,"datetime_start":"2026-10-07T05:13:31.651183"}
{"op_code":5,"worker_id":"b0d0d181-d195-4461-bc1d-fcc6b0fad062-23748","trial_id":2,"param_name":"learning-rate","param_value_internal":0.0006042851578845063,"distribution":"{\"name\": \"FloatDistribution\", \"attributes\": {\"step\": null, \"low\": 0.0001, \"high\": 0.003, \"log\": true}}"}
{"op_code":5,"worker_id":"b0d0d181-d195-4461-bc1d-fcc6b0fad062-23748","trial_id":2,"param_name":"rollout-size","param_value_internal":1,"distribution":"{\"name\": \"CategoricalDistribution\", \"attributes\": {\"choices\": [20, 80, 320]}}"}
{"op_code":5,"worker_id":"b0d0d181-d195-4461-bc1d-fcc6b0fad062-23748","trial_id":2,"param_name":"gamma","param_value_internal":2,"distribution":"{\"name\": \"CategoricalDistribution\", \"attributes\": {\"choices\": [0.99, 0.995, 0.999]}}"}
{"op_code":5,"worker_id":"b0d0d181-d195-4461-bc1d-fcc6b0fad062-23748","trial_id":2,"param_name":"gae-lambda","param_value_internal":2,"distribution":"{\"name\": \"CategoricalDistribution\", \"attributes\": {\"choices\": [0.9, 0.95, 1.0]}}"}
{"op_code":5,"worker_id":"b0d0d181-d195-4461-bc1d-fcc6b0fad062-23748","trial_id":2,"param_name":"ent-coef","param_value_internal":0.009541412354586892,"distribution":"{\"name\": \"FloatDistribution\", \"attributes\": {\"step\": null, \"low\": 0.0001, \"high\": 0.03, \"log\": true}}"}
{"op_code":8,"worker_id":"b0d0d181-d195-4461-bc1d-fcc6b0fad062-23748","trial_id":2,"user_attr":{"train_argv":"--option 1 --reward-mode objective --objectives tardiness_sq --lambda-late 1.0 --lambda-energy 1.0 --power-model linear --difficulty on_rho095 --timesteps 300000 --save-tag tune_on_rho095_o1cmlubr_a2c_t2 --n-envs 4 --vec-backend subproc --seed 0 --rule-placements FirstFit,Consolidate --algo a2c --markov-obs --lookahead --fixed-scaling --critic-arrivals --lateness-shaping --learning-rate 0.000604285 --rollout-size 80 --gamma 0.999 --gae-lambda 1 --ent-coef 0.00954141"}}
{"op_code":7,"worker_id":"b0d0d181-d195-4461-bc1d-fcc6b0fad062-23748","trial_id":2,"step":75000,"intermediate_value":166940.6}
{"op_code":7,"worker_id":"b0d0d181-d195-4461-bc1d-fcc6b0fad062-23748","trial_id":2,"step":150000,"intermediate_value":166940.6}
{"op_code":7,"worker_id":"b0d0d181-d195-4461-bc1d-fcc6b0fad062-23748","trial_id":2,"step":225000,"intermediate_value":19906.4}
{"op_code":6,"worker_id":"b0d0d181-d195-4461-bc1d-fcc6b0fad062-23748","trial_id":2,"state":1,"values":[189647.55],"datetime_complete":"2026-10-07T05:19:30.248923"}
{"op_code":4,"worker_id":"b0d0d181-d195-4461-bc1d-fcc6b0fad062-23748","study_id":0,"datetime_start":"2026-10-07T05:19:30.458945"}
{"op_code":5,"worker_id":"b0d0d181-d195-4461-bc1d-fcc6b0fad062-23748","trial_id":3,"param_name":"learning-rate","param_value_internal":0.0004804641349751479,"distribution":"{\"name\": \"FloatDistribution\", \"attributes\": {\"step\": null, \"low\": 0.0001, \"high\": 0.003, \"log\": true}}"}
{"op_code":5,"worker_id":"b0d0d181-d195-4461-bc1d-fcc6b0fad062-23748","trial_id":3,"param_name":"rollout-size","param_value_internal":0,"distribution":"{\"name\": \"CategoricalDistribution\", \"attributes\": {\"choices\": [20, 80, 320]}}"}
{"op_code":5,"worker_id":"b0d0d181-d195-4461-bc1d-fcc6b0fad062-23748","trial_id":3,"param_name":"gamma","param_value_internal":1,"distribution":"{\"name\": \"CategoricalDistribution\", \"attributes\": {\"choices\": [0.99, 0.995, 0.999]}}"}
{"op_code":5,"worker_id":"b0d0d181-d195-4461-bc1d-fcc6b0fad062-23748","trial_id":3,"param_name":"gae-lambda","param_value_internal":2,"distribution":"{\"name\": \"CategoricalDistribution\", \"attributes\": {\"choices\": [0.9, 0.95, 1.0]}}"}
{"op_code":5,"worker_id":"b0d0d181-d195-4461-bc1d-fcc6b0fad062-23748","trial_id":3,"param_name":"ent-coef","param_value_internal":0.001348775545730254,"distribution":"{\"name\": \"FloatDistribution\", \"attributes\": {\"step\": null, \"low\": 0.0001, \"high\": 0.03, \"log\": true}}"}
{"op_code":8,"worker_id":"b0d0d181-d195-4461-bc1d-fcc6b0fad062-23748","trial_id":3,"user_attr":{"train_argv":"--option 1 --reward-mode objective --objectives tardiness_sq --lambda-late 1.0 --lambda-energy 1.0 --power-model linear --difficulty on_rho095 --timesteps 300000 --save-tag tune_on_rho095_o1cmlubr_a2c_t3 --n-envs 4 --vec-backend subproc --seed 0 --rule-placements FirstFit,Consolidate --algo a2c --markov-obs --lookahead --fixed-scaling --critic-arrivals --lateness-shaping --learning-rate 0.000480464 --rollout-size 20 --gamma 0.995 --gae-lambda 1 --ent-coef 0.00134878"}}
{"op_code":7,"worker_id":"b0d0d181-d195-4461-bc1d-fcc6b0fad062-23748","trial_id":3,"step":75000,"intermediate_value":27277.0}
{"op_code":7,"worker_id":"b0d0d181-d195-4461-bc1d-fcc6b0fad062-23748","trial_id":3,"step":150000,"intermediate_value":27277.0}
{"op_code":7,"worker_id":"b0d0d181-d195-4461-bc1d-fcc6b0fad062-23748","trial_id":3,"step":225000,"intermediate_value":27277.0}
{"op_code":6,"worker_id":"b0d0d181-d195-4461-bc1d-fcc6b0fad062-23748","trial_id":3,"state":1,"values":[30856.9],"datetime_complete":"2026-10-07T05:27:48.406172"}
{"op_code":4,"worker_id":"b0d0d181-d195-4461-bc1d-fcc6b0fad062-23748","study_id":0,"datetime_start":"2026-10-07T05:27:48.657934"}
{"op_code":5,"worker_id":"b0d0d181-d195-4461-bc1d-fcc6b0fad062-23748","trial_id":4,"param_name":"learning-rate","param_value_internal":0.0006912670683424538,"distribution":"{\"name\": \"FloatDistribution\", \"attributes\": {\"step\": null, \"low\": 0.0001, \"high\": 0.003, \"log\": true}}"}
{"op_code":5,"worker_id":"b0d0d181-d195-4461-bc1d-fcc6b0fad062-23748","trial_id":4,"param_name":"rollout-size","param_value_internal":1,"distribution":"{\"name\": \"CategoricalDistribution\", \"attributes\": {\"choices\": [20, 80, 320]}}"}
{"op_code":5,"worker_id":"b0d0d181-d195-4461-bc1d-fcc6b0fad062-23748","trial_id":4,"param_name":"gamma","param_value_internal":1,"distribution":"{\"name\": \"CategoricalDistribution\", \"attributes\": {\"choices\": [0.99, 0.995, 0.999]}}"}
{"op_code":5,"worker_id":"b0d0d181-d195-4461-bc1d-fcc6b0fad062-23748","trial_id":4,"param_name":"gae-lambda","param_value_internal":2,"distribution":"{\"name\": \"CategoricalDistribution\", \"attributes\": {\"choices\": [0.9, 0.95, 1.0]}}"}
{"op_code":5,"worker_id":"b0d0d181-d195-4461-bc1d-fcc6b0fad062-23748","trial_id":4,"param_name":"ent-coef","param_value_internal":0.00014098918363046996,"distribution":"{\"name\": \"FloatDistribution\", \"attributes\": {\"step\": null, \"low\": 0.0001, \"high\": 0.03, \"log\": true}}"}
{"op_code":8,"worker_id":"b0d0d181-d195-4461-bc1d-fcc6b0fad062-23748","trial_id":4,"user_attr":{"train_argv":"--option 1 --reward-mode objective --objectives tardiness_sq --lambda-late 1.0 --lambda-energy 1.0 --power-model linear --difficulty on_rho095 --timesteps 300000 --save-tag tune_on_rho095_o1cmlubr_a2c_t4 --n-envs 4 --vec-backend subproc --seed 0 --rule-placements FirstFit,Consolidate --algo a2c --markov-obs --lookahead --fixed-scaling --critic-arrivals --lateness-shaping --learning-rate 0.000691267 --rollout-size 80 --gamma 0.995 --gae-lambda 1 --ent-coef 0.000140989"}}
{"op_code":7,"worker_id":"b0d0d181-d195-4461-bc1d-fcc6b0fad062-23748","trial_id":4,"step":75000,"intermediate_value":28159.4}
{"op_code":7,"worker_id":"b0d0d181-d195-4461-bc1d-fcc6b0fad062-23748","trial_id":4,"step":150000,"intermediate_value":28159.4}
{"op_code":7,"worker_id":"b0d0d181-d195-4461-bc1d-fcc6b0fad062-23748","trial_id":4,"step":225000,"intermediate_value":28159.4}
{"op_code":6,"worker_id":"b0d0d181-d195-4461-bc1d-fcc6b0fad062-23748","trial_id":4,"state":1,"values":[40378.1],"datetime_complete":"2026-10-07T05:34:01.938943"}
{"op_code":4,"worker_id":"b0d0d181-d195-4461-bc1d-fcc6b0fad062-23748","study_id":0,"datetime_start":"2026-10-07T05:34:02.141452"}
{"op_code":5,"worker_id":"b0d0d181-d195-4461-bc1d-fcc6b0fad062-23748","trial_id":5,"param_name":"learning-rate","param_value_internal":0.0009658179826892162,"distribution":"{\"name\": \"FloatDistribution\", \"attributes\": {\"step\": null, \"low\": 0.0001, \"high\": 0.003, \"log\": true}}"}
{"op_code":5,"worker_id":"b0d0d181-d195-4461-bc1d-fcc6b0fad062-23748","trial_id":5,"param_name":"rollout-size","param_value_internal":0,"distribution":"{\"name\": \"CategoricalDistribution\", \"attributes\": {\"choices\": [20, 80, 320]}}"}
{"op_code":5,"worker_id":"b0d0d181-d195-4461-bc1d-fcc6b0fad062-23748","trial_id":5,"param_name":"gamma","param_value_internal":2,"distribution":"{\"name\": \"CategoricalDistribution\", \"attributes\": {\"choices\": [0.99, 0.995, 0.999]}}"}
{"op_code":5,"worker_id":"b0d0d181-d195-4461-bc1d-fcc6b0fad062-23748","trial_id":5,"param_name":"gae-lambda","param_value_internal":1,"distribution":"{\"name\": \"CategoricalDistribution\", \"attributes\": {\"choices\": [0.9, 0.95, 1.0]}}"}
{"op_code":5,"worker_id":"b0d0d181-d195-4461-bc1d-fcc6b0fad062-23748","trial_id":5,"param_name":"ent-coef","param_value_internal":0.00032916454639831516,"distribution":"{\"name\": \"FloatDistribution\", \"attributes\": {\"step\": null, \"low\": 0.0001, \"high\": 0.03, \"log\": true}}"}
{"op_code":8,"worker_id":"b0d0d181-d195-4461-bc1d-fcc6b0fad062-23748","trial_id":5,"user_attr":{"train_argv":"--option 1 --reward-mode objective --objectives tardiness_sq --lambda-late 1.0 --lambda-energy 1.0 --power-model linear --difficulty on_rho095 --timesteps 300000 --save-tag tune_on_rho095_o1cmlubr_a2c_t5 --n-envs 4 --vec-backend subproc --seed 0 --rule-placements FirstFit,Consolidate --algo a2c --markov-obs --lookahead --fixed-scaling --critic-arrivals --lateness-shaping --learning-rate 0.000965818 --rollout-size 20 --gamma 0.999 --gae-lambda 0.95 --ent-coef 0.000329165"}}
{"op_code":7,"worker_id":"b0d0d181-d195-4461-bc1d-fcc6b0fad062-23748","trial_id":5,"step":75000,"intermediate_value":192491.0}
{"op_code":6,"worker_id":"b0d0d181-d195-4461-bc1d-fcc6b0fad062-23748","trial_id":5,"state":2,"values":[192491.0],"datetime_complete":"2026-10-07T05:35:57.204667"}
{"op_code":4,"worker_id":"b0d0d181-d195-4461-bc1d-fcc6b0fad062-23748","study_id":0,"datetime_start":"2026-10-07T05:35:57.412878"}
{"op_code":5,"worker_id":"b0d0d181-d195-4461-bc1d-fcc6b0fad062-23748","trial_id":6,"param_name":"learning-rate","param_value_internal":0.00017309069329908935,"distribution":"{\"name\": \"FloatDistribution\", \"attributes\": {\"step\": null, \"low\": 0.0001, \"high\": 0.003, \"log\": true}}"}
{"op_code":5,"worker_id":"b0d0d181-d195-4461-bc1d-fcc6b0fad062-23748","trial_id":6,"param_name":"rollout-size","param_value_internal":0,"distribution":"{\"name\": \"CategoricalDistribution\", \"attributes\": {\"choices\": [20, 80, 320]}}"}
{"op_code":5,"worker_id":"b0d0d181-d195-4461-bc1d-fcc6b0fad062-23748","trial_id":6,"param_name":"gamma","param_value_internal":0,"distribution":"{\"name\": \"CategoricalDistribution\", \"attributes\": {\"choices\": [0.99, 0.995, 0.999]}}"}
{"op_code":5,"worker_id":"b0d0d181-d195-4461-bc1d-fcc6b0fad062-23748","trial_id":6,"param_name":"gae-lambda","param_value_internal":0,"distribution":"{\"name\": \"CategoricalDistribution\", \"attributes\": {\"choices\": [0.9, 0.95, 1.0]}}"}
{"op_code":5,"worker_id":"b0d0d181-d195-4461-bc1d-fcc6b0fad062-23748","trial_id":6,"param_name":"ent-coef","param_value_internal":0.0008191755047162099,"distribution":"{\"name\": \"FloatDistribution\", \"attributes\": {\"step\": null, \"low\": 0.0001, \"high\": 0.03, \"log\": true}}"}
{"op_code":8,"worker_id":"b0d0d181-d195-4461-bc1d-fcc6b0fad062-23748","trial_id":6,"user_attr":{"train_argv":"--option 1 --reward-mode objective --objectives tardiness_sq --lambda-late 1.0 --lambda-energy 1.0 --power-model linear --difficulty on_rho095 --timesteps 300000 --save-tag tune_on_rho095_o1cmlubr_a2c_t6 --n-envs 4 --vec-backend subproc --seed 0 --rule-placements FirstFit,Consolidate --algo a2c --markov-obs --lookahead --fixed-scaling --critic-arrivals --lateness-shaping --learning-rate 0.000173091 --rollout-size 20 --gamma 0.99 --gae-lambda 0.9 --ent-coef 0.000819176"}}
{"op_code":7,"worker_id":"b0d0d181-d195-4461-bc1d-fcc6b0fad062-23748","trial_id":6,"step":75000,"intermediate_value":28159.4}
{"op_code":7,"worker_id":"b0d0d181-d195-4461-bc1d-fcc6b0fad062-23748","trial_id":6,"step":150000,"intermediate_value":23590.0}
{"op_code":7,"worker_id":"b0d0d181-d195-4461-bc1d-fcc6b0fad062-23748","trial_id":6,"step":225000,"intermediate_value":28159.4}
{"op_code":6,"worker_id":"b0d0d181-d195-4461-bc1d-fcc6b0fad062-23748","trial_id":6,"state":1,"values":[44416.0],"datetime_complete":"2026-10-07T05:43:39.757142"}
{"op_code":4,"worker_id":"b0d0d181-d195-4461-bc1d-fcc6b0fad062-23748","study_id":0,"datetime_start":"2026-10-07T05:43:39.947320"}
{"op_code":5,"worker_id":"b0d0d181-d195-4461-bc1d-fcc6b0fad062-23748","trial_id":7,"param_name":"learning-rate","param_value_internal":0.0016319488770709706,"distribution":"{\"name\": \"FloatDistribution\", \"attributes\": {\"step\": null, \"low\": 0.0001, \"high\": 0.003, \"log\": true}}"}
{"op_code":5,"worker_id":"b0d0d181-d195-4461-bc1d-fcc6b0fad062-23748","trial_id":7,"param_name":"rollout-size","param_value_internal":1,"distribution":"{\"name\": \"CategoricalDistribution\", \"attributes\": {\"choices\": [20, 80, 320]}}"}
{"op_code":5,"worker_id":"b0d0d181-d195-4461-bc1d-fcc6b0fad062-23748","trial_id":7,"param_name":"gamma","param_value_internal":2,"distribution":"{\"name\": \"CategoricalDistribution\", \"attributes\": {\"choices\": [0.99, 0.995, 0.999]}}"}
{"op_code":5,"worker_id":"b0d0d181-d195-4461-bc1d-fcc6b0fad062-23748","trial_id":7,"param_name":"gae-lambda","param_value_internal":1,"distribution":"{\"name\": \"CategoricalDistribution\", \"attributes\": {\"choices\": [0.9, 0.95, 1.0]}}"}
{"op_code":5,"worker_id":"b0d0d181-d195-4461-bc1d-fcc6b0fad062-23748","trial_id":7,"param_name":"ent-coef","param_value_internal":0.000501819043124292,"distribution":"{\"name\": \"FloatDistribution\", \"attributes\": {\"step\": null, \"low\": 0.0001, \"high\": 0.03, \"log\": true}}"}
{"op_code":8,"worker_id":"b0d0d181-d195-4461-bc1d-fcc6b0fad062-23748","trial_id":7,"user_attr":{"train_argv":"--option 1 --reward-mode objective --objectives tardiness_sq --lambda-late 1.0 --lambda-energy 1.0 --power-model linear --difficulty on_rho095 --timesteps 300000 --save-tag tune_on_rho095_o1cmlubr_a2c_t7 --n-envs 4 --vec-backend subproc --seed 0 --rule-placements FirstFit,Consolidate --algo a2c --markov-obs --lookahead --fixed-scaling --critic-arrivals --lateness-shaping --learning-rate 0.00163195 --rollout-size 80 --gamma 0.999 --gae-lambda 0.95 --ent-coef 0.000501819"}}
{"op_code":7,"worker_id":"b0d0d181-d195-4461-bc1d-fcc6b0fad062-23748","trial_id":7,"step":75000,"intermediate_value":38023.2}
{"op_code":6,"worker_id":"b0d0d181-d195-4461-bc1d-fcc6b0fad062-23748","trial_id":7,"state":2,"values":[38023.2],"datetime_complete":"2026-10-07T05:45:08.778812"}
{"op_code":4,"worker_id":"b0d0d181-d195-4461-bc1d-fcc6b0fad062-23748","study_id":0,"datetime_start":"2026-10-07T05:45:08.996788"}
{"op_code":5,"worker_id":"b0d0d181-d195-4461-bc1d-fcc6b0fad062-23748","trial_id":8,"param_name":"learning-rate","param_value_internal":0.00015050290935598963,"distribution":"{\"name\": \"FloatDistribution\", \"attributes\": {\"step\": null, \"low\": 0.0001, \"high\": 0.003, \"log\": true}}"}
{"op_code":5,"worker_id":"b0d0d181-d195-4461-bc1d-fcc6b0fad062-23748","trial_id":8,"param_name":"rollout-size","param_value_internal":2,"distribution":"{\"name\": \"CategoricalDistribution\", \"attributes\": {\"choices\": [20, 80, 320]}}"}
{"op_code":5,"worker_id":"b0d0d181-d195-4461-bc1d-fcc6b0fad062-23748","trial_id":8,"param_name":"gamma","param_value_internal":2,"distribution":"{\"name\": \"CategoricalDistribution\", \"attributes\": {\"choices\": [0.99, 0.995, 0.999]}}"}
{"op_code":5,"worker_id":"b0d0d181-d195-4461-bc1d-fcc6b0fad062-23748","trial_id":8,"param_name":"gae-lambda","param_value_internal":0,"distribution":"{\"name\": \"CategoricalDistribution\", \"attributes\": {\"choices\": [0.9, 0.95, 1.0]}}"}
{"op_code":5,"worker_id":"b0d0d181-d195-4461-bc1d-fcc6b0fad062-23748","trial_id":8,"param_name":"ent-coef","param_value_internal":0.00017088424969157387,"distribution":"{\"name\": \"FloatDistribution\", \"attributes\": {\"step\": null, \"low\": 0.0001, \"high\": 0.03, \"log\": true}}"}
{"op_code":8,"worker_id":"b0d0d181-d195-4461-bc1d-fcc6b0fad062-23748","trial_id":8,"user_attr":{"train_argv":"--option 1 --reward-mode objective --objectives tardiness_sq --lambda-late 1.0 --lambda-energy 1.0 --power-model linear --difficulty on_rho095 --timesteps 300000 --save-tag tune_on_rho095_o1cmlubr_a2c_t8 --n-envs 4 --vec-backend subproc --seed 0 --rule-placements FirstFit,Consolidate --algo a2c --markov-obs --lookahead --fixed-scaling --critic-arrivals --lateness-shaping --learning-rate 0.000150503 --rollout-size 320 --gamma 0.999 --gae-lambda 0.9 --ent-coef 0.000170884"}}
{"op_code":7,"worker_id":"b0d0d181-d195-4461-bc1d-fcc6b0fad062-23748","trial_id":8,"step":75000,"intermediate_value":166940.6}
{"op_code":6,"worker_id":"b0d0d181-d195-4461-bc1d-fcc6b0fad062-23748","trial_id":8,"state":2,"values":[166940.6],"datetime_complete":"2026-10-07T05:46:31.252242"}
{"op_code":4,"worker_id":"b0d0d181-d195-4461-bc1d-fcc6b0fad062-23748","study_id":0,"datetime_start":"2026-10-07T05:46:31.494228"}
{"op_code":5,"worker_id":"b0d0d181-d195-4461-bc1d-fcc6b0fad062-23748","trial_id":9,"param_name":"learning-rate","param_value_internal":0.0007091576793635641,"distribution":"{\"name\": \"FloatDistribution\", \"attributes\": {\"step\": null, \"low\": 0.0001, \"high\": 0.003, \"log\": true}}"}
{"op_code":5,"worker_id":"b0d0d181-d195-4461-bc1d-fcc6b0fad062-23748","trial_id":9,"param_name":"rollout-size","param_value_internal":0,"distribution":"{\"name\": \"CategoricalDistribution\", \"attributes\": {\"choices\": [20, 80, 320]}}"}
{"op_code":5,"worker_id":"b0d0d181-d195-4461-bc1d-fcc6b0fad062-23748","trial_id":9,"param_name":"gamma","param_value_internal":1,"distribution":"{\"name\": \"CategoricalDistribution\", \"attributes\": {\"choices\": [0.99, 0.995, 0.999]}}"}
{"op_code":5,"worker_id":"b0d0d181-d195-4461-bc1d-fcc6b0fad062-23748","trial_id":9,"param_name":"gae-lambda","param_value_internal":1,"distribution":"{\"name\": \"CategoricalDistribution\", \"attributes\": {\"choices\": [0.9, 0.95, 1.0]}}"}
{"op_code":5,"worker_id":"b0d0d181-d195-4461-bc1d-fcc6b0fad062-23748","trial_id":9,"param_name":"ent-coef","param_value_internal":0.011307978270179144,"distribution":"{\"name\": \"FloatDistribution\", \"attributes\": {\"step\": null, \"low\": 0.0001, \"high\": 0.03, \"log\": true}}"}
{"op_code":8,"worker_id":"b0d0d181-d195-4461-bc1d-fcc6b0fad062-23748","trial_id":9,"user_attr":{"train_argv":"--option 1 --reward-mode objective --objectives tardiness_sq --lambda-late 1.0 --lambda-energy 1.0 --power-model linear --difficulty on_rho095 --timesteps 300000 --save-tag tune_on_rho095_o1cmlubr_a2c_t9 --n-envs 4 --vec-backend subproc --seed 0 --rule-placements FirstFit,Consolidate --algo a2c --markov-obs --lookahead --fixed-scaling --critic-arrivals --lateness-shaping --learning-rate 0.000709158 --rollout-size 20 --gamma 0.995 --gae-lambda 0.95 --ent-coef 0.011308"}}
{"op_code":7,"worker_id":"b0d0d181-d195-4461-bc1d-fcc6b0fad062-23748","trial_id":9,"step":75000,"intermediate_value":100738.0}
{"op_code":6,"worker_id":"b0d0d181-d195-4461-bc1d-fcc6b0fad062-23748","trial_id":9,"state":2,"values":[100738.0],"datetime_complete":"2026-10-07T05:48:27.741025"}
{"op_code":4,"worker_id":"b0d0d181-d195-4461-bc1d-fcc6b0fad062-23748","study_id":0,"datetime_start":"2026-10-07T05:48:27.929016"}
{"op_code":5,"worker_id":"b0d0d181-d195-4461-bc1d-fcc6b0fad062-23748","trial_id":10,"param_name":"learning-rate","param_value_internal":0.000257264299188088,"distribution":"{\"name\": \"FloatDistribution\", \"attributes\": {\"step\": null, \"low\": 0.0001, \"high\": 0.003, \"log\": true}}"}
{"op_code":5,"worker_id":"b0d0d181-d195-4461-bc1d-fcc6b0fad062-23748","trial_id":10,"param_name":"rollout-size","param_value_internal":2,"distribution":"{\"name\": \"CategoricalDistribution\", \"attributes\": {\"choices\": [20, 80, 320]}}"}
{"op_code":5,"worker_id":"b0d0d181-d195-4461-bc1d-fcc6b0fad062-23748","trial_id":10,"param_name":"gamma","param_value_internal":0,"distribution":"{\"name\": \"CategoricalDistribution\", \"attributes\": {\"choices\": [0.99, 0.995, 0.999]}}"}
{"op_code":5,"worker_id":"b0d0d181-d195-4461-bc1d-fcc6b0fad062-23748","trial_id":10,"param_name":"gae-lambda","param_value_internal":2,"distribution":"{\"name\": \"CategoricalDistribution\", \"attributes\": {\"choices\": [0.9, 0.95, 1.0]}}"}
{"op_code":5,"worker_id":"b0d0d181-d195-4461-bc1d-fcc6b0fad062-23748","trial_id":10,"param_name":"ent-coef","param_value_internal":0.0019135422079335559,"distribution":"{\"name\": \"FloatDistribution\", \"attributes\": {\"step\": null, \"low\": 0.0001, \"high\": 0.03, \"log\": true}}"}
{"op_code":8,"worker_id":"b0d0d181-d195-4461-bc1d-fcc6b0fad062-23748","trial_id":10,"user_attr":{"train_argv":"--option 1 --reward-mode objective --objectives tardiness_sq --lambda-late 1.0 --lambda-energy 1.0 --power-model linear --difficulty on_rho095 --timesteps 300000 --save-tag tune_on_rho095_o1cmlubr_a2c_t10 --n-envs 4 --vec-backend subproc --seed 0 --rule-placements FirstFit,Consolidate --algo a2c --markov-obs --lookahead --fixed-scaling --critic-arrivals --lateness-shaping --learning-rate 0.000257264 --rollout-size 320 --gamma 0.99 --gae-lambda 1 --ent-coef 0.00191354"}}
{"op_code":7,"worker_id":"b0d0d181-d195-4461-bc1d-fcc6b0fad062-23748","trial_id":10,"step":75000,"intermediate_value":192491.0}
{"op_code":6,"worker_id":"b0d0d181-d195-4461-bc1d-fcc6b0fad062-23748","trial_id":10,"state":2,"values":[192491.0],"datetime_complete":"2026-10-07T05:49:51.717095"}
{"op_code":4,"worker_id":"b0d0d181-d195-4461-bc1d-fcc6b0fad062-23748","study_id":0,"datetime_start":"2026-10-07T05:49:51.928453"}
{"op_code":5,"worker_id":"b0d0d181-d195-4461-bc1d-fcc6b0fad062-23748","trial_id":11,"param_name":"learning-rate","param_value_internal":0.00034970589080539664,"distribution":"{\"name\": \"FloatDistribution\", \"attributes\": {\"step\": null, \"low\": 0.0001, \"high\": 0.003, \"log\": true}}"}
{"op_code":5,"worker_id":"b0d0d181-d195-4461-bc1d-fcc6b0fad062-23748","trial_id":11,"param_name":"rollout-size","param_value_internal":1,"distribution":"{\"name\": \"CategoricalDistribution\", \"attributes\": {\"choices\": [20, 80, 320]}}"}
{"op_code":5,"worker_id":"b0d0d181-d195-4461-bc1d-fcc6b0fad062-23748","trial_id":11,"param_name":"gamma","param_value_internal":1,"distribution":"{\"name\": \"CategoricalDistribution\", \"attributes\": {\"choices\": [0.99, 0.995, 0.999]}}"}
{"op_code":5,"worker_id":"b0d0d181-d195-4461-bc1d-fcc6b0fad062-23748","trial_id":11,"param_name":"gae-lambda","param_value_internal":2,"distribution":"{\"name\": \"CategoricalDistribution\", \"attributes\": {\"choices\": [0.9, 0.95, 1.0]}}"}
{"op_code":5,"worker_id":"b0d0d181-d195-4461-bc1d-fcc6b0fad062-23748","trial_id":11,"param_name":"ent-coef","param_value_internal":0.0017548579357497497,"distribution":"{\"name\": \"FloatDistribution\", \"attributes\": {\"step\": null, \"low\": 0.0001, \"high\": 0.03, \"log\": true}}"}
{"op_code":8,"worker_id":"b0d0d181-d195-4461-bc1d-fcc6b0fad062-23748","trial_id":11,"user_attr":{"train_argv":"--option 1 --reward-mode objective --objectives tardiness_sq --lambda-late 1.0 --lambda-energy 1.0 --power-model linear --difficulty on_rho095 --timesteps 300000 --save-tag tune_on_rho095_o1cmlubr_a2c_t11 --n-envs 4 --vec-backend subproc --seed 0 --rule-placements FirstFit,Consolidate --algo a2c --markov-obs --lookahead --fixed-scaling --critic-arrivals --lateness-shaping --learning-rate 0.000349706 --rollout-size 80 --gamma 0.995 --gae-lambda 1 --ent-coef 0.00175486"}}
{"op_code":7,"worker_id":"b0d0d181-d195-4461-bc1d-fcc6b0fad062-23748","trial_id":11,"step":75000,"intermediate_value":45660.0}
{"op_code":6,"worker_id":"b0d0d181-d195-4461-bc1d-fcc6b0fad062-23748","trial_id":11,"state":2,"values":[45660.0],"datetime_complete":"2026-10-07T05:51:20.313099"}
