{"op_code":0,"worker_id":"777a5514-d710-4f61-be0e-9e83a17bdf55-36320","study_name":"off_tf05_o1cnm","directions":[1]}
{"op_code":4,"worker_id":"777a5514-d710-4f61-be0e-9e83a17bdf55-36320","study_id":0,"datetime_start":"2026-10-06T01:53:35.995502"}
{"op_code":5,"worker_id":"777a5514-d710-4f61-be0e-9e83a17bdf55-36320","trial_id":0,"param_name":"learning-rate","param_value_internal":0.00020554062603827,"distribution":"{\"name\": \"FloatDistribution\", \"attributes\": {\"step\": null, \"low\": 3e-05, \"high\": 0.001, \"log\": true}}"}
{"op_code":5,"worker_id":"777a5514-d710-4f61-be0e-9e83a17bdf55-36320","trial_id":0,"param_name":"rollout-size","param_value_internal":0,"distribution":"{\"name\": \"CategoricalDistribution\", \"attributes\": {\"choices\": [2048, 4096, 8192, 16384]}}"}
{"op_code":5,"worker_id":"777a5514-d710-4f61-be0e-9e83a17bdf55-36320","trial_id":0,"param_name":"batch-size","param_value_internal":2,"distribution":"{\"name\": \"CategoricalDistribution\", \"attributes\": {\"choices\": [64, 256, 1024]}}"}
{"op_code":5,"worker_id":"777a5514-d710-4f61-be0e-9e83a17bdf55-36320","trial_id":0,"param_name":"n-epochs","param_value_internal":0,"distribution":"{\"name\": \"CategoricalDistribution\", \"attributes\": {\"choices\": [3, 5, 10]}}"}
{"op_code":5,"worker_id":"777a5514-d710-4f61-be0e-9e83a17bdf55-36320","trial_id":0,"param_name":"gamma","param_value_internal":2,"distribution":"{\"name\": \"CategoricalDistribution\", \"attributes\": {\"choices\": [0.99, 0.995, 0.999]}}"}
{"op_code":5,"worker_id":"777a5514-d710-4f61-be0e-9e83a17bdf55-36320","trial_id":0,"param_name":"gae-lambda","param_value_internal":1,"distribution":"{\"name\": \"CategoricalDistribution\", \"attributes\": {\"choices\": [0.9, 0.95, 0.98]}}"}
{"op_code":5,"worker_id":"777a5514-d710-4f61-be0e-9e83a17bdf55-36320","trial_id":0,"param_name":"clip-range","param_value_internal":2,"distribution":"{\"name\": \"CategoricalDistribution\", \"attributes\": {\"choices\": [0.1, 0.2, 0.3]}}"}
{"op_code":5,"worker_id":"777a5514-d710-4f61-be0e-9e83a17bdf55-36320","trial_id":0,"param_name":"ent-coef","param_value_internal":0.02655561084998941,"distribution":"{\"name\": \"FloatDistribution\", \"attributes\": {\"step\": null, \"low\": 0.0001, \"high\": 0.03, \"log\": true}}"}
{"op_code":8,"worker_id":"777a5514-d710-4f61-be0e-9e83a17bdf55-36320","trial_id":0,"user_attr":{"train_argv":"--option 1 --reward-mode objective --objectives tardiness_sq --lambda-late 1.0 --lambda-energy 1.0 --power-model linear --difficulty off_tf05 --timesteps 100000 --save-tag tune_off_tf05_o1cnm_t0 --n-envs 4 --vec-backend subproc --seed 0 --rule-placements FirstFit,Consolidate --algo ppo --markov-obs --work-conserving --learning-rate 0.000205541 --rollout-size 2048 --batch-size 1024 --n-epochs 3 --gamma 0.999 --gae-lambda 0.95 --clip-range 0.3 --ent-coef 0.0265556"}}
{"op_code":7,"worker_id":"777a5514-d710-4f61-be0e-9e83a17bdf55-36320","trial_id":0,"step":25000,"intermediate_value":46900.0}
{"op_code":7,"worker_id":"777a5514-d710-4f61-be0e-9e83a17bdf55-36320","trial_id":0,"step":50000,"intermediate_value":77306.8}
{"op_code":7,"worker_id":"777a5514-d710-4f61-be0e-9e83a17bdf55-36320","trial_id":0,"step":75000,"intermediate_value":36666.0}
{"op_code":6,"worker_id":"777a5514-d710-4f61-be0e-9e83a17bdf55-36320","trial_id":0,"state":1,"values":[39433.1],"datetime_complete":"2026-10-06T01:54:37.411375"}
{"op_code":4,"worker_id":"777a5514-d710-4f61-be0e-9e83a17bdf55-36320","study_id":0,"datetime_start":"2026-10-06T01:54:37.639212"}
{"op_code":5,"worker_id":"777a5514-d710-4f61-be0e-9e83a17bdf55-36320","trial_id":1,"param_name":"learning-rate","param_value_internal":0.0004944733002746453,"distribution":"{\"name\": \"FloatDistribution\", \"attributes\": {\"step\": null, \"low\": 3e-05, \"high\": 0.001, \"log\": true}}"}
{"op_code":5,"worker_id":"777a5514-d710-4f61-be0e-9e83a17bdf55-36320","trial_id":1,"param_name":"rollout-size","param_value_internal":1,"distribution":"{\"name\": \"CategoricalDistribution\", \"attributes\": {\"choices\": [2048, 4096, 8192, 16384]}}"}
{"op_code":5,"worker_id":"777a5514-d710-4f61-be0e-9e83a17bdf55-36320","trial_id":1,"param_name":"batch-size","param_value_internal":1,"distribution":"{\"name\": \"CategoricalDistribution\", \"attributes\": {\"choices\": [64, 256, 1024]}}"}
{"op_code":5,"worker_id":"777a5514-d710-4f61-be0e-9e83a17bdf55-36320","trial_id":1,"param_name":"n-epochs","param_value_internal":2,"distribution":"{\"name\": \"CategoricalDistribution\", \"attributes\": {\"choices\": [3, 5, 10]}}"}
{"op_code":5,"worker_id":"777a5514-d710-4f61-be0e-9e83a17bdf55-36320","trial_id":1,"param_name":"gamma","param_value_internal":1,"distribution":"{\"name\": \"CategoricalDistribution\", \"attributes\": {\"choices\": [0.99, 0.995, 0.999]}}"}
{"op_code":5,"worker_id":"777a5514-d710-4f61-be0e-9e83a17bdf55-36320","trial_id":1,"param_name":"gae-lambda","param_value_internal":0,"distribution":"{\"name\": \"CategoricalDistribution\", \"attributes\": {\"choices\": [0.9, 0.95, 0.98]}}"}
{"op_code":5,"worker_id":"777a5514-d710-4f61-be0e-9e83a17bdf55-36320","trial_id":1,"param_name":"clip-range","param_value_internal":0,"distribution":"{\"name\": \"CategoricalDistribution\", \"attributes\": {\"choices\": [0.1, 0.2, 0.3]}}"}
{"op_code":5,"worker_id":"777a5514-d710-4f61-be0e-9e83a17bdf55-36320","trial_id":1,"param_name":"ent-coef","param_value_internal":0.0012094311268425492,"distribution":"{\"name\": \"FloatDistribution\", \"attributes\": {\"step\": null, \"low\": 0.0001, \"high\": 0.03, \"log\": true}}"}
{"op_code":8,"worker_id":"777a5514-d710-4f61-be0e-9e83a17bdf55-36320","trial_id":1,"user_attr":{"train_argv":"--option 1 --reward-mode objective --objectives tardiness_sq --lambda-late 1.0 --lambda-energy 1.0 --power-model linear --difficulty off_tf05 --timesteps 100000 --save-tag tune_off_tf05_o1cnm_t1 --n-envs 4 --vec-backend subproc --seed 0 --rule-placements FirstFit,Consolidate --algo ppo --markov-obs --work-conserving --learning-rate 0.000494473 --rollout-size 4096 --batch-size 256 --n-epochs 10 --gamma 0.995 --gae-lambda 0.9 --clip-range 0.1 --ent-coef 0.00120943"}}
{"op_code":7,"worker_id":"777a5514-d710-4f61-be0e-9e83a17bdf55-36320","trial_id":1,"step":25000,"intermediate_value":86653.4}
{"op_code":7,"worker_id":"777a5514-d710-4f61-be0e-9e83a17bdf55-36320","trial_id":1,"step":50000,"intermediate_value":50307.8}
{"op_code":7,"worker_id":"777a5514-d710-4f61-be0e-9e83a17bdf55-36320","trial_id":1,"step":75000,"intermediate_value":36666.0}
{"op_code":6,"worker_id":"777a5514-d710-4f61-be0e-9e83a17bdf55-36320","trial_id":1,"state":1,"values":[79037.65],"datetime_complete":"2026-10-06T01:55:52.812701"}
{"op_code":4,"worker_id":"777a5514-d710-4f61-be0e-9e83a17bdf55-36320","study_id":0,"datetime_start":"2026-10-06T01:55:52.998482"}
{"op_code":5,"worker_id":"777a5514-d710-4f61-be0e-9e83a17bdf55-36320","trial_id":2,"param_name":"learning-rate","param_value_internal":0.0003463609921766881,"distribution":"{\"name\": \"FloatDistribution\", \"attributes\": {\"step\": null, \"low\": 3e-05, \"high\": 0.001, \"log\": true}}"}
{"op_code":5,"worker_id":"777a5514-d710-4f61-be0e-9e83a17bdf55-36320","trial_id":2,"param_name":"rollout-size","param_value_internal":2,"distribution":"{\"name\": \"CategoricalDistribution\", \"attributes\": {\"choices\": [2048, 4096, 8192, 16384]}}"}
{"op_code":5,"worker_id":"777a5514-d710-4f61-be0e-9e83a17bdf55-36320","trial_id":2,"param_name":"batch-size","param_value_internal":2,"distribution":"{\"name\": \"CategoricalDistribution\", \"attributes\": {\"choices\": [64, 256, 1024]}}"}
{"op_code":5,"worker_id":"777a5514-d710-4f61-be0e-9e83a17bdf55-36320","trial_id":2,"param_name":"n-epochs","param_value_internal":2,"distribution":"{\"name\": \"CategoricalDistribution\", \"attributes\": {\"choices\": [3, 5, 10]}}"}
{"op_code":5,"worker_id":"777a5514-d710-4f61-be0e-9e83a17bdf55-36320","trial_id":2,"param_name":"gamma","param_value_internal":1,"distribution":"{\"name\": \"CategoricalDistribution\", \"attributes\": {\"choices\": [0.99, 0.995, 0.999]}}"}
{"op_code":5,"worker_id":"777a5514-d710-4f61-be0e-9e83a17bdf55-36320","trial_id":2,"param_name":"gae-lambda","param_value_internal":0,"distribution":"{\"name\": \"CategoricalDistribution\", \"attributes\": {\"choices\": [0.9, 0.95, 0.98]}}"}
{"op_code":5,"worker_id":"777a5514-d710-4f61-be0e-9e83a17bdf55-36320","trial_id":2,"param_name":"clip-range","param_value_internal":0,"distribution":"{\"name\": \"CategoricalDistribution\", \"attributes\": {\"choices\": [0.1, 0.2, 0.3]}}"}
{"op_code":5,"worker_id":"777a5514-d710-4f61-be0e-9e83a17bdf55-36320","trial_id":2,"param_name":"ent-coef","param_value_internal":0.0042248177213228075,"distribution":"{\"name\": \"FloatDistribution\", \"attributes\": {\"step\": null, \"low\": 0.0001, \"high\": 0.03, \"log\": true}}"}
{"op_code":8,"worker_id":"777a5514-d710-4f61-be0e-9e83a17bdf55-36320","trial_id":2,"user_attr":{"train_argv":"--option 1 --reward-mode objective --objectives tardiness_sq --lambda-late 1.0 --lambda-energy 1.0 --power-model linear --difficulty off_tf05 --timesteps 100000 --save-tag tune_off_tf05_o1cnm_t2 --n-envs 4 --vec-backend subproc --seed 0 --rule-placements FirstFit,Consolidate --algo ppo --markov-obs --work-conserving --learning-rate 0.000346361 --rollout-size 8192 --batch-size 1024 --n-epochs 10 --gamma 0.995 --gae-lambda 0.9 --clip-range 0.1 --ent-coef 0.00422482"}}
{"op_code":7,"worker_id":"777a5514-d710-4f61-be0e-9e83a17bdf55-36320","trial_id":2,"step":25000,"intermediate_value":82531.2}
{"op_code":7,"worker_id":"777a5514-d710-4f61-be0e-9e83a17bdf55-36320","trial_id":2,"step":50000,"intermediate_value":36666.0}
{"op_code":7,"worker_id":"777a5514-d710-4f61-be0e-9e83a17bdf55-36320","trial_id":2,"step":75000,"intermediate_value":36666.0}
{"op_code":6,"worker_id":"777a5514-d710-4f61-be0e-9e83a17bdf55-36320","trial_id":2,"state":1,"values":[39433.1],"datetime_complete":"2026-10-06T01:57:03.301986"}
{"op_code":4,"worker_id":"777a5514-d710-4f61-be0e-9e83a17bdf55-36320","study_id":0,"datetime_start":"2026-10-06T01:57:03.527197"}
{"op_code":5,"worker_id":"777a5514-d710-4f61-be0e-9e83a17bdf55-36320","trial_id":3,"param_name":"learning-rate","param_value_internal":4.8703159315306354e-05,"distribution":"{\"name\": \"FloatDistribution\", \"attributes\": {\"step\": null, \"low\": 3e-05, \"high\": 0.001, \"log\": true}}"}
{"op_code":5,"worker_id":"777a5514-d710-4f61-be0e-9e83a17bdf55-36320","trial_id":3,"param_name":"rollout-size","param_value_internal":2,"distribution":"{\"name\": \"CategoricalDistribution\", \"attributes\": {\"choices\": [2048, 4096, 8192, 16384]}}"}
{"op_code":5,"worker_id":"777a5514-d710-4f61-be0e-9e83a17bdf55-36320","trial_id":3,"param_name":"batch-size","param_value_internal":2,"distribution":"{\"name\": \"CategoricalDistribution\", \"attributes\": {\"choices\": [64, 256, 1024]}}"}
{"op_code":5,"worker_id":"777a5514-d710-4f61-be0e-9e83a17bdf55-36320","trial_id":3,"param_name":"n-epochs","param_value_internal":1,"distribution":"{\"name\": \"CategoricalDistribution\", \"attributes\": {\"choices\": [3, 5, 10]}}"}
{"op_code":5,"worker_id":"777a5514-d710-4f61-be0e-9e83a17bdf55-36320","trial_id":3,"param_name":"gamma","param_value_internal":0,"distribution":"{\"name\": \"CategoricalDistribution\", \"attributes\": {\"choices\": [0.99, 0.995, 0.999]}}"}
{"op_code":5,"worker_id":"777a5514-d710-4f61-be0e-9e83a17bdf55-36320","trial_id":3,"param_name":"gae-lambda","param_value_internal":1,"distribution":"{\"name\": \"CategoricalDistribution\", \"attributes\": {\"choices\": [0.9, 0.95, 0.98]}}"}
{"op_code":5,"worker_id":"777a5514-d710-4f61-be0e-9e83a17bdf55-36320","trial_id":3,"param_name":"clip-range","param_value_internal":1,"distribution":"{\"name\": \"CategoricalDistribution\", \"attributes\": {\"choices\": [0.1, 0.2, 0.3]}}"}
{"op_code":5,"worker_id":"777a5514-d710-4f61-be0e-9e83a17bdf55-36320","trial_id":3,"param_name":"ent-coef","param_value_internal":0.005192032534497486,"distribution":"{\"name\": \"FloatDistribution\", \"attributes\": {\"step\": null, \"low\": 0.0001, \"high\": 0.03, \"log\": true}}"}
{"op_code":8,"worker_id":"777a5514-d710-4f61-be0e-9e83a17bdf55-36320","trial_id":3,"user_attr":{"train_argv":"--option 1 --reward-mode objective --objectives tardiness_sq --lambda-late 1.0 --lambda-energy 1.0 --power-model linear --difficulty off_tf05 --timesteps 100000 --save-tag tune_off_tf05_o1cnm_t3 --n-envs 4 --vec-backend subproc --seed 0 --rule-placements FirstFit,Consolidate --algo ppo --markov-obs --work-conserving --learning-rate 4.87032e-05 --rollout-size 8192 --batch-size 1024 --n-epochs 5 --gamma 0.99 --gae-lambda 0.95 --clip-range 0.2 --ent-coef 0.00519203"}}
{"op_code":7,"worker_id":"777a5514-d710-4f61-be0e-9e83a17bdf55-36320","trial_id":3,"step":25000,"intermediate_value":58702.0}
{"op_code":7,"worker_id":"777a5514-d710-4f61-be0e-9e83a17bdf55-36320","trial_id":3,"step":50000,"intermediate_value":70110.8}
{"op_code":7,"worker_id":"777a5514-d710-4f61-be0e-9e83a17bdf55-36320","trial_id":3,"step":75000,"intermediate_value":36666.0}
{"op_code":6,"worker_id":"777a5514-d710-4f61-be0e-9e83a17bdf55-36320","trial_id":3,"state":1,"values":[39433.1],"datetime_complete":"2026-10-06T01:58:08.347162"}
{"op_code":4,"worker_id":"777a5514-d710-4f61-be0e-9e83a17bdf55-36320","study_id":0,"datetime_start":"2026-10-06T01:58:08.601368"}
{"op_code":5,"worker_id":"777a5514-d710-4f61-be0e-9e83a17bdf55-36320","trial_id":4,"param_name":"learning-rate","param_value_internal":0.00021876939530160837,"distribution":"{\"name\": \"FloatDistribution\", \"attributes\": {\"step\": null, \"low\": 3e-05, \"high\": 0.001, \"log\": true}}"}
{"op_code":5,"worker_id":"777a5514-d710-4f61-be0e-9e83a17bdf55-36320","trial_id":4,"param_name":"rollout-size","param_value_internal":3,"distribution":"{\"name\": \"CategoricalDistribution\", \"attributes\": {\"choices\": [2048, 4096, 8192, 16384]}}"}
{"op_code":5,"worker_id":"777a5514-d710-4f61-be0e-9e83a17bdf55-36320","trial_id":4,"param_name":"batch-size","param_value_internal":0,"distribution":"{\"name\": \"CategoricalDistribution\", \"attributes\": {\"choices\": [64, 256, 1024]}}"}
{"op_code":5,"worker_id":"777a5514-d710-4f61-be0e-9e83a17bdf55-36320","trial_id":4,"param_name":"n-epochs","param_value_internal":1,"distribution":"{\"name\": \"CategoricalDistribution\", \"attributes\": {\"choices\": [3, 5, 10]}}"}
{"op_code":5,"worker_id":"777a5514-d710-4f61-be0e-9e83a17bdf55-36320","trial_id":4,"param_name":"gamma","param_value_internal":1,"distribution":"{\"name\": \"CategoricalDistribution\", \"attributes\": {\"choices\": [0.99, 0.995, 0.999]}}"}
{"op_code":5,"worker_id":"777a5514-d710-4f61-be0e-9e83a17bdf55-36320","trial_id":4,"param_name":"gae-lambda","param_value_internal":0,"distribution":"{\"name\": \"CategoricalDistribution\", \"attributes\": {\"choices\": [0.9, 0.95, 0.98]}}"}
{"op_code":5,"worker_id":"777a5514-d710-4f61-be0e-9e83a17bdf55-36320","trial_id":4,"param_name":"clip-range","param_value_internal":2,"distribution":"{\"name\": \"CategoricalDistribution\", \"attributes\": {\"choices\": [0.1, 0.2, 0.3]}}"}
{"op_code":5,"worker_id":"777a5514-d710-4f61-be0e-9e83a17bdf55-36320","trial_id":4,"param_name":"ent-coef","param_value_internal":0.000413229862740349,"distribution":"{\"name\": \"FloatDistribution\", \"attributes\": {\"step\": null, \"low\": 0.0001, \"high\": 0.03, \"log\": true}}"}
{"op_code":8,"worker_id":"777a5514-d710-4f61-be0e-9e83a17bdf55-36320","trial_id":4,"user_attr":{"train_argv":"--option 1 --reward-mode objective --objectives tardiness_sq --lambda-late 1.0 --lambda-energy 1.0 --power-model linear --difficulty off_tf05 --timesteps 100000 --save-tag tune_off_tf05_o1cnm_t4 --n-envs 4 --vec-backend subproc --seed 0 --rule-placements FirstFit,Consolidate --algo ppo --markov-obs --work-conserving --learning-rate 0.000218769 --rollout-size 16384 --batch-size 64 --n-epochs 5 --gamma 0.995 --gae-lambda 0.9 --clip-range 0.3 --ent-coef 0.00041323"}}
{"op_code":7,"worker_id":"777a5514-d710-4f61-be0e-9e83a17bdf55-36320","trial_id":4,"step":25000,"intermediate_value":119647.0}
{"op_code":7,"worker_id":"777a5514-d710-4f61-be0e-9e83a17bdf55-36320","trial_id":4,"step":50000,"intermediate_value":36666.0}
{"op_code":7,"worker_id":"777a5514-d710-4f61-be0e-9e83a17bdf55-36320","trial_id":4,"step":75000,"intermediate_value":36666.0}
{"op_code":6,"worker_id":"777a5514-d710-4f61-be0e-9e83a17bdf55-36320","trial_id":4,"state":1,"values":[39433.1],"datetime_complete":"2026-10-06T01:59:35.295395"}
{"op_code":4,"worker_id":"777a5514-d710-4f61-be0e-9e83a17bdf55-36320","study_id":0,"datetime_start":"2026-10-06T01:59:35.488192"}
{"op_code":5,"worker_id":"777a5514-d710-4f61-be0e-9e83a17bdf55-36320","trial_id":5,"param_name":"learning-rate","param_value_internal":0.00022622417507807115,"distribution":"{\"name\": \"FloatDistribution\", \"attributes\": {\"step\": null, \"low\": 3e-05, \"high\": 0.001, \"log\": true}}"}
{"op_code":5,"worker_id":"777a5514-d710-4f61-be0e-9e83a17bdf55-36320","trial_id":5,"param_name":"rollout-size","param_value_internal":3,"distribution":"{\"name\": \"CategoricalDistribution\", \"attributes\": {\"choices\": [2048, 4096, 8192, 16384]}}"}
{"op_code":5,"worker_id":"777a5514-d710-4f61-be0e-9e83a17bdf55-36320","trial_id":5,"param_name":"batch-size","param_value_internal":1,"distribution":"{\"name\": \"CategoricalDistribution\", \"attributes\": {\"choices\": [64, 256, 1024]}}"}
{"op_code":5,"worker_id":"777a5514-d710-4f61-be0e-9e83a17bdf55-36320","trial_id":5,"param_name":"n-epochs","param_value_internal":1,"distribution":"{\"name\": \"CategoricalDistribution\", \"attributes\": {\"choices\": [3, 5, 10]}}"}
{"op_code":5,"worker_id":"777a5514-d710-4f61-be0e-9e83a17bdf55-36320","trial_id":5,"param_name":"gamma","param_value_internal":2,"distribution":"{\"name\": \"CategoricalDistribution\", \"attributes\": {\"choices\": [0.99, 0.995, 0.999]}}"}
{"op_code":5,"worker_id":"777a5514-d710-4f61-be0e-9e83a17bdf55-36320","trial_id":5,"param_name":"gae-lambda","param_value_internal":1,"distribution":"{\"name\": \"CategoricalDistribution\", \"attributes\": {\"choices\": [0.9, 0.95, 0.98]}}"}
{"op_code":5,"worker_id":"777a5514-d710-4f61-be0e-9e83a17bdf55-36320","trial_id":5,"param_name":"clip-range","param_value_internal":0,"distribution":"{\"name\": \"CategoricalDistribution\", \"attributes\": {\"choices\": [0.1, 0.2, 0.3]}}"}
{"op_code":5,"worker_id":"777a5514-d710-4f61-be0e-9e83a17bdf55-36320","trial_id":5,"param_name":"ent-coef","param_value_internal":0.0031776753088383902,"distribution":"{\"name\": \"FloatDistribution\", \"attributes\": {\"step\": null, \"low\": 0.0001, \"high\": 0.03, \"log\": true}}"}
{"op_code":8,"worker_id":"777a5514-d710-4f61-be0e-9e83a17bdf55-36320","trial_id":5,"user_attr":{"train_argv":"--option 1 --reward-mode objective --objectives tardiness_sq --lambda-late 1.0 --lambda-energy 1.0 --power-model linear --difficulty off_tf05 --timesteps 100000 --save-tag tune_off_tf05_o1cnm_t5 --n-envs 4 --vec-backend subproc --seed 0 --rule-placements FirstFit,Consolidate --algo ppo --markov-obs --work-conserving --learning-rate 0.000226224 --rollout-size 16384 --batch-size 256 --n-epochs 5 --gamma 0.999 --gae-lambda 0.95 --clip-range 0.1 --ent-coef 0.00317768"}}
{"op_code":7,"worker_id":"777a5514-d710-4f61-be0e-9e83a17bdf55-36320","trial_id":5,"step":25000,"intermediate_value":139855.6}
{"op_code":6,"worker_id":"777a5514-d710-4f61-be0e-9e83a17bdf55-36320","trial_id":5,"state":2,"values":[139855.6],"datetime_complete":"2026-10-06T01:59:53.930186"}
{"op_code":4,"worker_id":"777a5514-d710-4f61-be0e-9e83a17bdf55-36320","study_id":0,"datetime_start":"2026-10-06T01:59:54.174403"}
{"op_code":5,"worker_id":"777a5514-d710-4f61-be0e-9e83a17bdf55-36320","trial_id":6,"param_name":"learning-rate","param_value_internal":3.208855558609467e-05,"distribution":"{\"name\": \"FloatDistribution\", \"attributes\": {\"step\": null, \"low\": 3e-05, \"high\": 0.001, \"log\": true}}"}
{"op_code":5,"worker_id":"777a5514-d710-4f61-be0e-9e83a17bdf55-36320","trial_id":6,"param_name":"rollout-size","param_value_internal":1,"distribution":"{\"name\": \"CategoricalDistribution\", \"attributes\": {\"choices\": [2048, 4096, 8192, 16384]}}"}
{"op_code":5,"worker_id":"777a5514-d710-4f61-be0e-9e83a17bdf55-36320","trial_id":6,"param_name":"batch-size","param_value_internal":0,"distribution":"{\"name\": \"CategoricalDistribution\", \"attributes\": {\"choices\": [64, 256, 1024]}}"}
{"op_code":5,"worker_id":"777a5514-d710-4f61-be0e-9e83a17bdf55-36320","trial_id":6,"param_name":"n-epochs","param_value_internal":1,"distribution":"{\"name\": \"CategoricalDistribution\", \"attributes\": {\"choices\": [3, 5, 10]}}"}
{"op_code":5,"worker_id":"777a5514-d710-4f61-be0e-9e83a17bdf55-36320","trial_id":6,"param_name":"gamma","param_value_internal":0,"distribution":"{\"name\": \"CategoricalDistribution\", \"attributes\": {\"choices\": [0.99, 0.995, 0.999]}}"}
{"op_code":5,"worker_id":"777a5514-d710-4f61-be0e-9e83a17bdf55-36320","trial_id":6,"param_name":"gae-lambda","param_value_internal":0,"distribution":"{\"name\": \"CategoricalDistribution\", \"attributes\": {\"choices\": [0.9, 0.95, 0.98]}}"}
{"op_code":5,"worker_id":"777a5514-d710-4f61-be0e-9e83a17bdf55-36320","trial_id":6,"param_name":"clip-range","param_value_internal":0,"distribution":"{\"name\": \"CategoricalDistribution\", \"attributes\": {\"choices\": [0.1, 0.2, 0.3]}}"}
{"op_code":5,"worker_id":"777a5514-d710-4f61-be0e-9e83a17bdf55-36320","trial_id":6,"param_name":"ent-coef","param_value_internal":0.00017712267105509928,"distribution":"{\"name\": \"FloatDistribution\", \"attributes\": {\"step\": null, \"low\": 0.0001, \"high\": 0.03, \"log\": true}}"}
{"op_code":8,"worker_id":"777a5514-d710-4f61-be0e-9e83a17bdf55-36320","trial_id":6,"user_attr":{"train_argv":"--option 1 --reward-mode objective --objectives tardiness_sq --lambda-late 1.0 --lambda-energy 1.0 --power-model linear --difficulty off_tf05 --timesteps 100000 --save-tag tune_off_tf05_o1cnm_t6 --n-envs 4 --vec-backend subproc --seed 0 --rule-placements FirstFit,Consolidate --algo ppo --markov-obs --work-conserving --learning-rate 3.20886e-05 --rollout-size 4096 --batch-size 64 --n-epochs 5 --gamma 0.99 --gae-lambda 0.9 --clip-range 0.1 --ent-coef 0.000177123"}}
{"op_code":7,"worker_id":"777a5514-d710-4f61-be0e-9e83a17bdf55-36320","trial_id":6,"step":25000,"intermediate_value":36666.0}
{"op_code":7,"worker_id":"777a5514-d710-4f61-be0e-9e83a17bdf55-36320","trial_id":6,"step":50000,"intermediate_value":36666.0}
{"op_code":7,"worker_id":"777a5514-d710-4f61-be0e-9e83a17bdf55-36320","trial_id":6,"step":75000,"intermediate_value":36666.0}
{"op_code":6,"worker_id":"777a5514-d710-4f61-be0e-9e83a17bdf55-36320","trial_id":6,"state":1,"values":[39433.1],"datetime_complete":"2026-10-06T02:01:13.240775"}
{"op_code":4,"worker_id":"777a5514-d710-4f61-be0e-9e83a17bdf55-36320","study_id":0,"datetime_start":"2026-10-06T02:01:13.410479"}
{"op_code":5,"worker_id":"777a5514-d710-4f61-be0e-9e83a17bdf55-36320","trial_id":7,"param_name":"learning-rate","param_value_internal":0.0007540181221018431,"distribution":"{\"name\": \"FloatDistribution\", \"attributes\": {\"step\": null, \"low\": 3e-05, \"high\": 0.001, \"log\": true}}"}
{"op_code":5,"worker_id":"777a5514-d710-4f61-be0e-9e83a17bdf55-36320","trial_id":7,"param_name":"rollout-size","param_value_internal":1,"distribution":"{\"name\": \"CategoricalDistribution\", \"attributes\": {\"choices\": [2048, 4096, 8192, 16384]}}"}
{"op_code":5,"worker_id":"777a5514-d710-4f61-be0e-9e83a17bdf55-36320","trial_id":7,"param_name":"batch-size","param_value_internal":1,"distribution":"{\"name\": \"CategoricalDistribution\", \"attributes\": {\"choices\": [64, 256, 1024]}}"}
{"op_code":5,"worker_id":"777a5514-d710-4f61-be0e-9e83a17bdf55-36320","trial_id":7,"param_name":"n-epochs","param_value_internal":0,"distribution":"{\"name\": \"CategoricalDistribution\", \"attributes\": {\"choices\": [3, 5, 10]}}"}
{"op_code":5,"worker_id":"777a5514-d710-4f61-be0e-9e83a17bdf55-36320","trial_id":7,"param_name":"gamma","param_value_internal":2,"distribution":"{\"name\": \"CategoricalDistribution\", \"attributes\": {\"choices\": [0.99, 0.995, 0.999]}}"}
{"op_code":5,"worker_id":"777a5514-d710-4f61-be0e-9e83a17bdf55-36320","trial_id":7,"param_name":"gae-lambda","param_value_internal":2,"distribution":"{\"name\": \"CategoricalDistribution\", \"attributes\": {\"choices\": [0.9, 0.95, 0.98]}}"}
{"op_code":5,"worker_id":"777a5514-d710-4f61-be0e-9e83a17bdf55-36320","trial_id":7,"param_name":"clip-range","param_value_internal":0,"distribution":"{\"name\": \"CategoricalDistribution\", \"attributes\": {\"choices\": [0.1, 0.2, 0.3]}}"}
{"op_code":5,"worker_id":"777a5514-d710-4f61-be0e-9e83a17bdf55-36320","trial_id":7,"param_name":"ent-coef","param_value_internal":0.000779308323413374,"distribution":"{\"name\": \"FloatDistribution\", \"attributes\": {\"step\": null, \"low\": 0.0001, \"high\": 0.03, \"log\": true}}"}
{"op_code":8,"worker_id":"777a5514-d710-4f61-be0e-9e83a17bdf55-36320","trial_id":7,"user_attr":{"train_argv":"--option 1 --reward-mode objective --objectives tardiness_sq --lambda-late 1.0 --lambda-energy 1.0 --power-model linear --difficulty off_tf05 --timesteps 100000 --save-tag tune_off_tf05_o1cnm_t7 --n-envs 4 --vec-backend subproc --seed 0 --rule-placements FirstFit,Consolidate --algo ppo --markov-obs --work-conserving --learning-rate 0.000754018 --rollout-size 4096 --batch-size 256 --n-epochs 3 --gamma 0.999 --gae-lambda 0.98 --clip-range 0.1 --ent-coef 0.000779308"}}
{"op_code":7,"worker_id":"777a5514-d710-4f61-be0e-9e83a17bdf55-36320","trial_id":7,"step":25000,"intermediate_value":131604.2}
{"op_code":6,"worker_id":"777a5514-d710-4f61-be0e-9e83a17bdf55-36320","trial_id":7,"state":2,"values":[131604.2],"datetime_complete":"2026-10-06T02:01:31.528640"}
{"op_code":4,"worker_id":"777a5514-d710-4f61-be0e-9e83a17bdf55-36320","study_id":0,"datetime_start":"2026-10-06T02:01:31.743103"}
{"op_code":5,"worker_id":"777a5514-d710-4f61-be0e-9e83a17bdf55-36320","trial_id":8,"param_name":"learning-rate","param_value_internal":0.0003879791314675207,"distribution":"{\"name\": \"FloatDistribution\", \"attributes\": {\"step\": null, \"low\": 3e-05, \"high\": 0.001, \"log\": true}}"}
{"op_code":5,"worker_id":"777a5514-d710-4f61-be0e-9e83a17bdf55-36320","trial_id":8,"param_name":"rollout-size","param_value_internal":1,"distribution":"{\"name\": \"CategoricalDistribution\", \"attributes\": {\"choices\": [2048, 4096, 8192, 16384]}}"}
{"op_code":5,"worker_id":"777a5514-d710-4f61-be0e-9e83a17bdf55-36320","trial_id":8,"param_name":"batch-size","param_value_internal":1,"distribution":"{\"name\": \"CategoricalDistribution\", \"attributes\": {\"choices\": [64, 256, 1024]}}"}
{"op_code":5,"worker_id":"777a5514-d710-4f61-be0e-9e83a17bdf55-36320","trial_id":8,"param_name":"n-epochs","param_value_internal":1,"distribution":"{\"name\": \"CategoricalDistribution\", \"attributes\": {\"choices\": [3, 5, 10]}}"}
{"op_code":5,"worker_id":"777a5514-d710-4f61-be0e-9e83a17bdf55-36320","trial_id":8,"param_name":"gamma","param_value_internal":2,"distribution":"{\"name\": \"CategoricalDistribution\", \"attributes\": {\"choices\": [0.99, 0.995, 0.999]}}"}
{"op_code":5,"worker_id":"777a5514-d710-4f61-be0e-9e83a17bdf55-36320","trial_id":8,"param_name":"gae-lambda","param_value_internal":2,"distribution":"{\"name\": \"CategoricalDistribution\", \"attributes\": {\"choices\": [0.9, 0.95, 0.98]}}"}
{"op_code":5,"worker_id":"777a5514-d710-4f61-be0e-9e83a17bdf55-36320","trial_id":8,"param_name":"clip-range","param_value_internal":0,"distribution":"{\"name\": \"CategoricalDistribution\", \"attributes\": {\"choices\": [0.1, 0.2, 0.3]}}"}
{"op_code":5,"worker_id":"777a5514-d710-4f61-be0e-9e83a17bdf55-36320","trial_id":8,"param_name":"ent-coef","param_value_internal":0.006435774191713849,"distribution":"{\"name\": \"FloatDistribution\", \"attributes\": {\"step\": null, \"low\": 0.0001, \"high\": 0.03, \"log\": true}}"}
{"op_code":8,"worker_id":"777a5514-d710-4f61-be0e-9e83a17bdf55-36320","trial_id":8,"user_attr":{"train_argv":"--option 1 --reward-mode objective --objectives tardiness_sq --lambda-late 1.0 --lambda-energy 1.0 --power-model linear --difficulty off_tf05 --timesteps 100000 --save-tag tune_off_tf05_o1cnm_t8 --n-envs 4 --vec-backend subproc --seed 0 --rule-placements FirstFit,Consolidate --algo ppo --markov-obs --work-conserving --learning-rate 0.000387979 --rollout-size 4096 --batch-size 256 --n-epochs 5 --gamma 0.999 --gae-lambda 0.98 --clip-range 0.1 --ent-coef 0.00643577"}}
{"op_code":7,"worker_id":"777a5514-d710-4f61-be0e-9e83a17bdf55-36320","trial_id":8,"step":25000,"intermediate_value":131604.2}
{"op_code":6,"worker_id":"777a5514-d710-4f61-be0e-9e83a17bdf55-36320","trial_id":8,"state":2,"values":[131604.2],"datetime_complete":"2026-10-06T02:01:50.108453"}
{"op_code":4,"worker_id":"777a5514-d710-4f61-be0e-9e83a17bdf55-36320","study_id":0,"datetime_start":"2026-10-06T02:01:50.333970"}
{"op_code":5,"worker_id":"777a5514-d710-4f61-be0e-9e83a17bdf55-36320","trial_id":9,"param_name":"learning-rate","param_value_internal":8.95726984805228e-05,"distribution":"{\"name\": \"FloatDistribution\", \"attributes\": {\"step\": null, \"low\": 3e-05, \"high\": 0.001, \"log\": true}}"}
{"op_code":5,"worker_id":"777a5514-d710-4f61-be0e-9e83a17bdf55-36320","trial_id":9,"param_name":"rollout-size","param_value_internal":3,"distribution":"{\"name\": \"CategoricalDistribution\", \"attributes\": {\"choices\": [2048, 4096, 8192, 16384]}}"}
{"op_code":5,"worker_id":"777a5514-d710-4f61-be0e-9e83a17bdf55-36320","trial_id":9,"param_name":"batch-size","param_value_internal":0,"distribution":"{\"name\": \"CategoricalDistribution\", \"attributes\": {\"choices\": [64, 256, 1024]}}"}
{"op_code":5,"worker_id":"777a5514-d710-4f61-be0e-9e83a17bdf55-36320","trial_id":9,"param_name":"n-epochs","param_value_internal":2,"distribution":"{\"name\": \"CategoricalDistribution\", \"attributes\": {\"choices\": [3, 5, 10]}}"}
{"op_code":5,"worker_id":"777a5514-d710-4f61-be0e-9e83a17bdf55-36320","trial_id":9,"param_name":"gamma","param_value_internal":1,"distribution":"{\"name\": \"CategoricalDistribution\", \"attributes\": {\"choices\": [0.99, 0.995, 0.999]}}"}
{"op_code":5,"worker_id":"777a5514-d710-4f61-be0e-9e83a17bdf55-36320","trial_id":9,"param_name":"gae-lambda","param_value_internal":0,"distribution":"{\"name\": \"CategoricalDistribution\", \"attributes\": {\"choices\": [0.9, 0.95, 0.98]}}"}
{"op_code":5,"worker_id":"777a5514-d710-4f61-be0e-9e83a17bdf55-36320","trial_id":9,"param_name":"clip-range","param_value_internal":0,"distribution":"{\"name\": \"CategoricalDistribution\", \"attributes\": {\"choices\": [0.1, 0.2, 0.3]}}"}
{"op_code":5,"worker_id":"777a5514-d710-4f61-be0e-9e83a17bdf55-36320","trial_id":9,"param_name":"ent-coef","param_value_internal":0.016640390684891242,"distribution":"{\"name\": \"FloatDistribution\", \"attributes\": {\"step\": null, \"low\": 0.0001, \"high\": 0.03, \"log\": true}}"}
{"op_code":8,"worker_id":"777a5514-d710-4f61-be0e-9e83a17bdf55-36320","trial_id":9,"user_attr":{"train_argv":"--option 1 --reward-mode objective --objectives tardiness_sq --lambda-late 1.0 --lambda-energy 1.0 --power-model linear --difficulty off_tf05 --timesteps 100000 --save-tag tune_off_tf05_o1cnm_t9 --n-envs 4 --vec-backend subproc --seed 0 --rule-placements FirstFit,Consolidate --algo ppo --markov-obs --work-conserving --learning-rate 8.95727e-05 --rollout-size 16384 --batch-size 64 --n-epochs 10 --gamma 0.995 --gae-lambda 0.9 --clip-range 0.1 --ent-coef 0.0166404"}}
{"op_code":7,"worker_id":"777a5514-d710-4f61-be0e-9e83a17bdf55-36320","trial_id":9,"step":25000,"intermediate_value":99698.0}
{"op_code":6,"worker_id":"777a5514-d710-4f61-be0e-9e83a17bdf55-36320","trial_id":9,"state":2,"values":[99698.0],"datetime_complete":"2026-10-06T02:02:14.393986"}
{"op_code":4,"worker_id":"777a5514-d710-4f61-be0e-9e83a17bdf55-36320","study_id":0,"datetime_start":"2026-10-06T02:02:14.650448"}
{"op_code":5,"worker_id":"777a5514-d710-4f61-be0e-9e83a17bdf55-36320","trial_id":10,"param_name":"learning-rate","param_value_internal":0.00011842413714973782,"distribution":"{\"name\": \"FloatDistribution\", \"attributes\": {\"step\": null, \"low\": 3e-05, \"high\": 0.001, \"log\": true}}"}
{"op_code":5,"worker_id":"777a5514-d710-4f61-be0e-9e83a17bdf55-36320","trial_id":10,"param_name":"rollout-size","param_value_internal":0,"distribution":"{\"name\": \"CategoricalDistribution\", \"attributes\": {\"choices\": [2048, 4096, 8192, 16384]}}"}
{"op_code":5,"worker_id":"777a5514-d710-4f61-be0e-9e83a17bdf55-36320","trial_id":10,"param_name":"batch-size","param_value_internal":2,"distribution":"{\"name\": \"CategoricalDistribution\", \"attributes\": {\"choices\": [64, 256, 1024]}}"}
{"op_code":5,"worker_id":"777a5514-d710-4f61-be0e-9e83a17bdf55-36320","trial_id":10,"param_name":"n-epochs","param_value_internal":0,"distribution":"{\"name\": \"CategoricalDistribution\", \"attributes\": {\"choices\": [3, 5, 10]}}"}
{"op_code":5,"worker_id":"777a5514-d710-4f61-be0e-9e83a17bdf55-36320","trial_id":10,"param_name":"gamma","param_value_internal":2,"distribution":"{\"name\": \"CategoricalDistribution\", \"attributes\": {\"choices\": [0.99, 0.995, 0.999]}}"}
{"op_code":5,"worker_id":"777a5514-d710-4f61-be0e-9e83a17bdf55-36320","trial_id":10,"param_name":"gae-lambda","param_value_internal":1,"distribution":"{\"name\": \"CategoricalDistribution\", \"attributes\": {\"choices\": [0.9, 0.95, 0.98]}}"}
{"op_code":5,"worker_id":"777a5514-d710-4f61-be0e-9e83a17bdf55-36320","trial_id":10,"param_name":"clip-range","param_value_internal":2,"distribution":"{\"name\": \"CategoricalDistribution\", \"attributes\": {\"choices\": [0.1, 0.2, 0.3]}}"}
{"op_code":5,"worker_id":"777a5514-d710-4f61-be0e-9e83a17bdf55-36320","trial_id":10,"param_name":"ent-coef","param_value_internal":0.023699788579966005,"distribution":"{\"name\": \"FloatDistribution\", \"attributes\": {\"step\": null, \"low\": 0.0001, \"high\": 0.03, \"log\": true}}"}
{"op_code":8,"worker_id":"777a5514-d710-4f61-be0e-9e83a17bdf55-36320","trial_id":10,"user_attr":{"train_argv":"--option 1 --reward-mode objective --objectives tardiness_sq --lambda-late 1.0 --lambda-energy 1.0 --power-model linear --difficulty off_tf05 --timesteps 100000 --save-tag tune_off_tf05_o1cnm_t10 --n-envs 4 --vec-backend subproc --seed 0 --rule-placements FirstFit,Consolidate --algo ppo --markov-obs --work-conserving --learning-rate 0.000118424 --rollout-size 2048 --batch-size 1024 --n-epochs 3 --gamma 0.999 --gae-lambda 0.95 --clip-range 0.3 --ent-coef 0.0236998"}}
{"op_code":7,"worker_id":"777a5514-d710-4f61-be0e-9e83a17bdf55-36320","trial_id":10,"step":25000,"intermediate_value":45708.6}
{"op_code":7,"worker_id":"777a5514-d710-4f61-be0e-9e83a17bdf55-36320","trial_id":10,"step":50000,"intermediate_value":106359.0}
{"op_code":6,"worker_id":"777a5514-d710-4f61-be0e-9e83a17bdf55-36320","trial_id":10,"state":2,"values":[106359.0],"datetime_complete":"2026-10-06T02:02:44.786881"}
{"op_code":4,"worker_id":"777a5514-d710-4f61-be0e-9e83a17bdf55-36320","study_id":0,"datetime_start":"2026-10-06T02:02:44.996847"}
{"op_code":5,"worker_id":"777a5514-d710-4f61-be0e-9e83a17bdf55-36320","trial_id":11,"param_name":"learning-rate","param_value_internal":0.000254809631353041,"distribution":"{\"name\": \"FloatDistribution\", \"attributes\": {\"step\": null, \"low\": 3e-05, \"high\": 0.001, \"log\": true}}"}
{"op_code":5,"worker_id":"777a5514-d710-4f61-be0e-9e83a17bdf55-36320","trial_id":11,"param_name":"rollout-size","param_value_internal":0,"distribution":"{\"name\": \"CategoricalDistribution\", \"attributes\": {\"choices\": [2048, 4096, 8192, 16384]}}"}
{"op_code":5,"worker_id":"777a5514-d710-4f61-be0e-9e83a17bdf55-36320","trial_id":11,"param_name":"batch-size","param_value_internal":2,"distribution":"{\"name\": \"CategoricalDistribution\", \"attributes\": {\"choices\": [64, 256, 1024]}}"}
{"op_code":5,"worker_id":"777a5514-d710-4f61-be0e-9e83a17bdf55-36320","trial_id":11,"param_name":"n-epochs","param_value_internal":0,"distribution":"{\"name\": \"CategoricalDistribution\", \"attributes\": {\"choices\": [3, 5, 10]}}"}
{"op_code":5,"worker_id":"777a5514-d710-4f61-be0e-9e83a17bdf55-36320","trial_id":11,"param_name":"gamma","param_value_internal":1,"distribution":"{\"name\": \"CategoricalDistribution\", \"attributes\": {\"choices\": [0.99, 0.995, 0.999]}}"}
{"op_code":5,"worker_id":"777a5514-d710-4f61-be0e-9e83a17bdf55-36320","trial_id":11,"param_name":"gae-lambda","param_value_internal":1,"distribution":"{\"name\": \"CategoricalDistribution\", \"attributes\": {\"choices\": [0.9, 0.95, 0.98]}}"}
{"op_code":5,"worker_id":"777a5514-d710-4f61-be0e-9e83a17bdf55-36320","trial_id":11,"param_name":"clip-range","param_value_internal":2,"distribution":"{\"name\": \"CategoricalDistribution\", \"attributes\": {\"choices\": [0.1, 0.2, 0.3]}}"}
{"op_code":5,"worker_id":"777a5514-d710-4f61-be0e-9e83a17bdf55-36320","trial_id":11,"param_name":"ent-coef","param_value_internal":0.029415834162172135,"distribution":"{\"name\": \"FloatDistribution\", \"attributes\": {\"step\": null, \"low\": 0.0001, \"high\": 0.03, \"log\": true}}"}
{"op_code":8,"worker_id":"777a5514-d710-4f61-be0e-9e83a17bdf55-36320","trial_id":11,"user_attr":{"train_argv":"--option 1 --reward-mode objective --objectives tardiness_sq --lambda-late 1.0 --lambda-energy 1.0 --power-model linear --difficulty off_tf05 --timesteps 100000 --save-tag tune_off_tf05_o1cnm_t11 --n-envs 4 --vec-backend subproc --seed 0 --rule-placements FirstFit,Consolidate --algo ppo --markov-obs --work-conserving --learning-rate 0.00025481 --rollout-size 2048 --batch-size 1024 --n-epochs 3 --gamma 0.995 --gae-lambda 0.95 --clip-range 0.3 --ent-coef 0.0294158"}}
{"op_code":7,"worker_id":"777a5514-d710-4f61-be0e-9e83a17bdf55-36320","trial_id":11,"step":25000,"intermediate_value":37684.8}
{"op_code":7,"worker_id":"777a5514-d710-4f61-be0e-9e83a17bdf55-36320","trial_id":11,"step":50000,"intermediate_value":36666.0}
{"op_code":7,"worker_id":"777a5514-d710-4f61-be0e-9e83a17bdf55-36320","trial_id":11,"step":75000,"intermediate_value":36666.0}
{"op_code":6,"worker_id":"777a5514-d710-4f61-be0e-9e83a17bdf55-36320","trial_id":11,"state":1,"values":[39433.1],"datetime_complete":"2026-10-06T02:03:43.144769"}
{"op_code":4,"worker_id":"777a5514-d710-4f61-be0e-9e83a17bdf55-36320","study_id":0,"datetime_start":"2026-10-06T02:03:43.369572"}
{"op_code":5,"worker_id":"777a5514-d710-4f61-be0e-9e83a17bdf55-36320","trial_id":12,"param_name":"learning-rate","param_value_internal":0.0001271598989762134,"distribution":"{\"name\": \"FloatDistribution\", \"attributes\": {\"step\": null, \"low\": 3e-05, \"high\": 0.001, \"log\": true}}"}
{"op_code":5,"worker_id":"777a5514-d710-4f61-be0e-9e83a17bdf55-36320","trial_id":12,"param_name":"rollout-size","param_value_internal":2,"distribution":"{\"name\": \"CategoricalDistribution\", \"attributes\": {\"choices\": [2048, 4096, 8192, 16384]}}"}
{"op_code":5,"worker_id":"777a5514-d710-4f61-be0e-9e83a17bdf55-36320","trial_id":12,"param_name":"batch-size","param_value_internal":2,"distribution":"{\"name\": \"CategoricalDistribution\", \"attributes\": {\"choices\": [64, 256, 1024]}}"}
{"op_code":5,"worker_id":"777a5514-d710-4f61-be0e-9e83a17bdf55-36320","trial_id":12,"param_name":"n-epochs","param_value_internal":2,"distribution":"{\"name\": \"CategoricalDistribution\", \"attributes\": {\"choices\": [3, 5, 10]}}"}
{"op_code":5,"worker_id":"777a5514-d710-4f61-be0e-9e83a17bdf55-36320","trial_id":12,"param_name":"gamma","param_value_internal":2,"distribution":"{\"name\": \"CategoricalDistribution\", \"attributes\": {\"choices\": [0.99, 0.995, 0.999]}}"}
{"op_code":5,"worker_id":"777a5514-d710-4f61-be0e-9e83a17bdf55-36320","trial_id":12,"param_name":"gae-lambda","param_value_internal":0,"distribution":"{\"name\": \"CategoricalDistribution\", \"attributes\": {\"choices\": [0.9, 0.95, 0.98]}}"}
{"op_code":5,"worker_id":"777a5514-d710-4f61-be0e-9e83a17bdf55-36320","trial_id":12,"param_name":"clip-range","param_value_internal":1,"distribution":"{\"name\": \"CategoricalDistribution\", \"attributes\": {\"choices\": [0.1, 0.2, 0.3]}}"}
{"op_code":5,"worker_id":"777a5514-d710-4f61-be0e-9e83a17bdf55-36320","trial_id":12,"param_name":"ent-coef","param_value_internal":0.008472817297878465,"distribution":"{\"name\": \"FloatDistribution\", \"attributes\": {\"step\": null, \"low\": 0.0001, \"high\": 0.03, \"log\": true}}"}
{"op_code":8,"worker_id":"777a5514-d710-4f61-be0e-9e83a17bdf55-36320","trial_id":12,"user_attr":{"train_argv":"--option 1 --reward-mode objective --objectives tardiness_sq --lambda-late 1.0 --lambda-energy 1.0 --power-model linear --difficulty off_tf05 --timesteps 100000 --save-tag tune_off_tf05_o1cnm_t12 --n-envs 4 --vec-backend subproc --seed 0 --rule-placements FirstFit,Consolidate --algo ppo --markov-obs --work-conserving --learning-rate 0.00012716 --rollout-size 8192 --batch-size 1024 --n-epochs 10 --gamma 0.999 --gae-lambda 0.9 --clip-range 0.2 --ent-coef 0.00847282"}}
{"op_code":7,"worker_id":"777a5514-d710-4f61-be0e-9e83a17bdf55-36320","trial_id":12,"step":25000,"intermediate_value":36666.0}
{"op_code":7,"worker_id":"777a5514-d710-4f61-be0e-9e83a17bdf55-36320","trial_id":12,"step":50000,"intermediate_value":36666.0}
{"op_code":7,"worker_id":"777a5514-d710-4f61-be0e-9e83a17bdf55-36320","trial_id":12,"step":75000,"intermediate_value":36666.0}
{"op_code":6,"worker_id":"777a5514-d710-4f61-be0e-9e83a17bdf55-36320","trial_id":12,"state":1,"values":[39433.1],"datetime_complete":"2026-10-06T02:04:49.042897"}
{"op_code":4,"worker_id":"777a5514-d710-4f61-be0e-9e83a17bdf55-36320","study_id":0,"datetime_start":"2026-10-06T02:04:49.229432"}
{"op_code":5,"worker_id":"777a5514-d710-4f61-be0e-9e83a17bdf55-36320","trial_id":13,"param_name":"learning-rate","param_value_internal":0.0008120471731010164,"distribution":"{\"name\": \"FloatDistribution\", \"attributes\": {\"step\": null, \"low\": 3e-05, \"high\": 0.001, \"log\": true}}"}
{"op_code":5,"worker_id":"777a5514-d710-4f61-be0e-9e83a17bdf55-36320","trial_id":13,"param_name":"rollout-size","param_value_internal":0,"distribution":"{\"name\": \"CategoricalDistribution\", \"attributes\": {\"choices\": [2048, 4096, 8192, 16384]}}"}
{"op_code":5,"worker_id":"777a5514-d710-4f61-be0e-9e83a17bdf55-36320","trial_id":13,"param_name":"batch-size","param_value_internal":2,"distribution":"{\"name\": \"CategoricalDistribution\", \"attributes\": {\"choices\": [64, 256, 1024]}}"}
{"op_code":5,"worker_id":"777a5514-d710-4f61-be0e-9e83a17bdf55-36320","trial_id":13,"param_name":"n-epochs","param_value_internal":0,"distribution":"{\"name\": \"CategoricalDistribution\", \"attributes\": {\"choices\": [3, 5, 10]}}"}
{"op_code":5,"worker_id":"777a5514-d710-4f61-be0e-9e83a17bdf55-36320","trial_id":13,"param_name":"gamma","param_value_internal":1,"distribution":"{\"name\": \"CategoricalDistribution\", \"attributes\": {\"choices\": [0.99, 0.995, 0.999]}}"}
{"op_code":5,"worker_id":"777a5514-d710-4f61-be0e-9e83a17bdf55-36320","trial_id":13,"param_name":"gae-lambda","param_value_internal":1,"distribution":"{\"name\": \"CategoricalDistribution\", \"attributes\": {\"choices\": [0.9, 0.95, 0.98]}}"}
{"op_code":5,"worker_id":"777a5514-d710-4f61-be0e-9e83a17bdf55-36320","trial_id":13,"param_name":"clip-range","param_value_internal":2,"distribution":"{\"name\": \"CategoricalDistribution\", \"attributes\": {\"choices\": [0.1, 0.2, 0.3]}}"}
{"op_code":5,"worker_id":"777a5514-d710-4f61-be0e-9e83a17bdf55-36320","trial_id":13,"param_name":"ent-coef","param_value_internal":0.002177851130194329,"distribution":"{\"name\": \"FloatDistribution\", \"attributes\": {\"step\": null, \"low\": 0.0001, \"high\": 0.03, \"log\": true}}"}
{"op_code":8,"worker_id":"777a5514-d710-4f61-be0e-9e83a17bdf55-36320","trial_id":13,"user_attr":{"train_argv":"--option 1 --reward-mode objective --objectives tardiness_sq --lambda-late 1.0 --lambda-energy 1.0 --power-model linear --difficulty off_tf05 --timesteps 100000 --save-tag tune_off_tf05_o1cnm_t13 --n-envs 4 --vec-backend subproc --seed 0 --rule-placements FirstFit,Consolidate --algo ppo --markov-obs --work-conserving --learning-rate 0.000812047 --rollout-size 2048 --batch-size 1024 --n-epochs 3 --gamma 0.995 --gae-lambda 0.95 --clip-range 0.3 --ent-coef 0.00217785"}}
{"op_code":7,"worker_id":"777a5514-d710-4f61-be0e-9e83a17bdf55-36320","trial_id":13,"step":25000,"intermediate_value":36666.0}
{"op_code":7,"worker_id":"777a5514-d710-4f61-be0e-9e83a17bdf55-36320","trial_id":13,"step":50000,"intermediate_value":36666.0}
{"op_code":7,"worker_id":"777a5514-d710-4f61-be0e-9e83a17bdf55-36320","trial_id":13,"step":75000,"intermediate_value":36666.0}
{"op_code":6,"worker_id":"777a5514-d710-4f61-be0e-9e83a17bdf55-36320","trial_id":13,"state":1,"values":[39433.1],"datetime_complete":"2026-10-06T02:05:45.767814"}
{"op_code":4,"worker_id":"777a5514-d710-4f61-be0e-9e83a17bdf55-36320","study_id":0,"datetime_start":"2026-10-06T02:05:46.030648"}
{"op_code":5,"worker_id":"777a5514-d710-4f61-be0e-9e83a17bdf55-36320","trial_id":14,"param_name":"learning-rate","param_value_internal":0.0003660407945603087,"distribution":"{\"name\": \"FloatDistribution\", \"attributes\": {\"step\": null, \"low\": 3e-05, \"high\": 0.001, \"log\": true}}"}
{"op_code":5,"worker_id":"777a5514-d710-4f61-be0e-9e83a17bdf55-36320","trial_id":14,"param_name":"rollout-size","param_value_internal":2,"distribution":"{\"name\": \"CategoricalDistribution\", \"attributes\": {\"choices\": [2048, 4096, 8192, 16384]}}"}
{"op_code":5,"worker_id":"777a5514-d710-4f61-be0e-9e83a17bdf55-36320","trial_id":14,"param_name":"batch-size","param_value_internal":2,"distribution":"{\"name\": \"CategoricalDistribution\", \"attributes\": {\"choices\": [64, 256, 1024]}}"}
{"op_code":5,"worker_id":"777a5514-d710-4f61-be0e-9e83a17bdf55-36320","trial_id":14,"param_name":"n-epochs","param_value_internal":2,"distribution":"{\"name\": \"CategoricalDistribution\", \"attributes\": {\"choices\": [3, 5, 10]}}"}
{"op_code":5,"worker_id":"777a5514-d710-4f61-be0e-9e83a17bdf55-36320","trial_id":14,"param_name":"gamma","param_value_internal":0,"distribution":"{\"name\": \"CategoricalDistribution\", \"attributes\": {\"choices\": [0.99, 0.995, 0.999]}}"}
{"op_code":5,"worker_id":"777a5514-d710-4f61-be0e-9e83a17bdf55-36320","trial_id":14,"param_name":"gae-lambda","param_value_internal":2,"distribution":"{\"name\": \"CategoricalDistribution\", \"attributes\": {\"choices\": [0.9, 0.95, 0.98]}}"}
{"op_code":5,"worker_id":"777a5514-d710-4f61-be0e-9e83a17bdf55-36320","trial_id":14,"param_name":"clip-range","param_value_internal":2,"distribution":"{\"name\": \"CategoricalDistribution\", \"attributes\": {\"choices\": [0.1, 0.2, 0.3]}}"}
{"op_code":5,"worker_id":"777a5514-d710-4f61-be0e-9e83a17bdf55-36320","trial_id":14,"param_name":"ent-coef","param_value_internal":0.011549162851211912,"distribution":"{\"name\": \"FloatDistribution\", \"attributes\": {\"step\": null, \"low\": 0.0001, \"high\": 0.03, \"log\": true}}"}
{"op_code":8,"worker_id":"777a5514-d710-4f61-be0e-9e83a17bdf55-36320","trial_id":14,"user_attr":{"train_argv":"--option 1 --reward-mode objective --objectives tardiness_sq --lambda-late 1.0 --lambda-energy 1.0 --power-model linear --difficulty off_tf05 --timesteps 100000 --save-tag tune_off_tf05_o1cnm_t14 --n-envs 4 --vec-backend subproc --seed 0 --rule-placements FirstFit,Consolidate --algo ppo --markov-obs --work-conserving --learning-rate 0.000366041 --rollout-size 8192 --batch-size 1024 --n-epochs 10 --gamma 0.99 --gae-lambda 0.98 --clip-range 0.3 --ent-coef 0.0115492"}}
{"op_code":7,"worker_id":"777a5514-d710-4f61-be0e-9e83a17bdf55-36320","trial_id":14,"step":25000,"intermediate_value":131604.2}
{"op_code":6,"worker_id":"777a5514-d710-4f61-be0e-9e83a17bdf55-36320","trial_id":14,"state":2,"values":[131604.2],"datetime_complete":"2026-10-06T02:06:05.766926"}
{"op_code":4,"worker_id":"777a5514-d710-4f61-be0e-9e83a17bdf55-36320","study_id":0,"datetime_start":"2026-10-06T02:06:06.011195"}
{"op_code":5,"worker_id":"777a5514-d710-4f61-be0e-9e83a17bdf55-36320","trial_id":15,"param_name":"learning-rate","param_value_internal":0.00016966549870016482,"distribution":"{\"name\": \"FloatDistribution\", \"attributes\": {\"step\": null, \"low\": 3e-05, \"high\": 0.001, \"log\": true}}"}
{"op_code":5,"worker_id":"777a5514-d710-4f61-be0e-9e83a17bdf55-36320","trial_id":15,"param_name":"rollout-size","param_value_internal":0,"distribution":"{\"name\": \"CategoricalDistribution\", \"attributes\": {\"choices\": [2048, 4096, 8192, 16384]}}"}
{"op_code":5,"worker_id":"777a5514-d710-4f61-be0e-9e83a17bdf55-36320","trial_id":15,"param_name":"batch-size","param_value_internal":2,"distribution":"{\"name\": \"CategoricalDistribution\", \"attributes\": {\"choices\": [64, 256, 1024]}}"}
{"op_code":5,"worker_id":"777a5514-d710-4f61-be0e-9e83a17bdf55-36320","trial_id":15,"param_name":"n-epochs","param_value_internal":0,"distribution":"{\"name\": \"CategoricalDistribution\", \"attributes\": {\"choices\": [3, 5, 10]}}"}
{"op_code":5,"worker_id":"777a5514-d710-4f61-be0e-9e83a17bdf55-36320","trial_id":15,"param_name":"gamma","param_value_internal":2,"distribution":"{\"name\": \"CategoricalDistribution\", \"attributes\": {\"choices\": [0.99, 0.995, 0.999]}}"}
{"op_code":5,"worker_id":"777a5514-d710-4f61-be0e-9e83a17bdf55-36320","trial_id":15,"param_name":"gae-lambda","param_value_internal":0,"distribution":"{\"name\": \"CategoricalDistribution\", \"attributes\": {\"choices\": [0.9, 0.95, 0.98]}}"}
{"op_code":5,"worker_id":"777a5514-d710-4f61-be0e-9e83a17bdf55-36320","trial_id":15,"param_name":"clip-range","param_value_internal":1,"distribution":"{\"name\": \"CategoricalDistribution\", \"attributes\": {\"choices\": [0.1, 0.2, 0.3]}}"}
{"op_code":5,"worker_id":"777a5514-d710-4f61-be0e-9e83a17bdf55-36320","trial_id":15,"param_name":"ent-coef","param_value_internal":0.002761513946261359,"distribution":"{\"name\": \"FloatDistribution\", \"attributes\": {\"step\": null, \"low\": 0.0001, \"high\": 0.03, \"log\": true}}"}
{"op_code":8,"worker_id":"777a5514-d710-4f61-be0e-9e83a17bdf55-36320","trial_id":15,"user_attr":{"train_argv":"--option 1 --reward-mode objective --objectives tardiness_sq --lambda-late 1.0 --lambda-energy 1.0 --power-model linear --difficulty off_tf05 --timesteps 100000 --save-tag tune_off_tf05_o1cnm_t15 --n-envs 4 --vec-backend subproc --seed 0 --rule-placements FirstFit,Consolidate --algo ppo --markov-obs --work-conserving --learning-rate 0.000169665 --rollout-size 2048 --batch-size 1024 --n-epochs 3 --gamma 0.999 --gae-lambda 0.9 --clip-range 0.2 --ent-coef 0.00276151"}}
{"op_code":7,"worker_id":"777a5514-d710-4f61-be0e-9e83a17bdf55-36320","trial_id":15,"step":25000,"intermediate_value":36666.0}
{"op_code":7,"worker_id":"777a5514-d710-4f61-be0e-9e83a17bdf55-36320","trial_id":15,"step":50000,"intermediate_value":36666.0}
{"op_code":7,"worker_id":"777a5514-d710-4f61-be0e-9e83a17bdf55-36320","trial_id":15,"step":75000,"intermediate_value":36666.0}
{"op_code":6,"worker_id":"777a5514-d710-4f61-be0e-9e83a17bdf55-36320","trial_id":15,"state":1,"values":[39433.1],"datetime_complete":"2026-10-06T02:07:04.300207"}
{"op_code":4,"worker_id":"777a5514-d710-4f61-be0e-9e83a17bdf55-36320","study_id":0,"datetime_start":"2026-10-06T02:07:04.494652"}
{"op_code":5,"worker_id":"777a5514-d710-4f61-be0e-9e83a17bdf55-36320","trial_id":16,"param_name":"learning-rate","param_value_internal":7.649653519642676e-05,"distribution":"{\"name\": \"FloatDistribution\", \"attributes\": {\"step\": null, \"low\": 3e-05, \"high\": 0.001, \"log\": true}}"}
{"op_code":5,"worker_id":"777a5514-d710-4f61-be0e-9e83a17bdf55-36320","trial_id":16,"param_name":"rollout-size","param_value_internal":2,"distribution":"{\"name\": \"CategoricalDistribution\", \"attributes\": {\"choices\": [2048, 4096, 8192, 16384]}}"}
{"op_code":5,"worker_id":"777a5514-d710-4f61-be0e-9e83a17bdf55-36320","trial_id":16,"param_name":"batch-size","param_value_internal":2,"distribution":"{\"name\": \"CategoricalDistribution\", \"attributes\": {\"choices\": [64, 256, 1024]}}"}
{"op_code":5,"worker_id":"777a5514-d710-4f61-be0e-9e83a17bdf55-36320","trial_id":16,"param_name":"n-epochs","param_value_internal":2,"distribution":"{\"name\": \"CategoricalDistribution\", \"attributes\": {\"choices\": [3, 5, 10]}}"}
{"op_code":5,"worker_id":"777a5514-d710-4f61-be0e-9e83a17bdf55-36320","trial_id":16,"param_name":"gamma","param_value_internal":1,"distribution":"{\"name\": \"CategoricalDistribution\", \"attributes\": {\"choices\": [0.99, 0.995, 0.999]}}"}
{"op_code":5,"worker_id":"777a5514-d710-4f61-be0e-9e83a17bdf55-36320","trial_id":16,"param_name":"gae-lambda","param_value_internal":1,"distribution":"{\"name\": \"CategoricalDistribution\", \"attributes\": {\"choices\": [0.9, 0.95, 0.98]}}"}
{"op_code":5,"worker_id":"777a5514-d710-4f61-be0e-9e83a17bdf55-36320","trial_id":16,"param_name":"clip-range","param_value_internal":2,"distribution":"{\"name\": \"CategoricalDistribution\", \"attributes\": {\"choices\": [0.1, 0.2, 0.3]}}"}
{"op_code":5,"worker_id":"777a5514-d710-4f61-be0e-9e83a17bdf55-36320","trial_id":16,"param_name":"ent-coef","param_value_internal":0.0134010456350869,"distribution":"{\"name\": \"FloatDistribution\", \"attributes\": {\"step\": null, \"low\": 0.0001, \"high\": 0.03, \"log\": true}}"}
{"op_code":8,"worker_id":"777a5514-d710-4f61-be0e-9e83a17bdf55-36320","trial_id":16,"user_attr":{"train_argv":"--option 1 --reward-mode objective --objectives tardiness_sq --lambda-late 1.0 --lambda-energy 1.0 --power-model linear --difficulty off_tf05 --timesteps 100000 --save-tag tune_off_tf05_o1cnm_t16 --n-envs 4 --vec-backend subproc --seed 0 --rule-placements FirstFit,Consolidate --algo ppo --markov-obs --work-conserving --learning-rate 7.64965e-05 --rollout-size 8192 --batch-size 1024 --n-epochs 10 --gamma 0.995 --gae-lambda 0.95 --clip-range 0.3 --ent-coef 0.013401"}}
{"op_code":7,"worker_id":"777a5514-d710-4f61-be0e-9e83a17bdf55-36320","trial_id":16,"step":25000,"intermediate_value":36932.0}
{"op_code":7,"worker_id":"777a5514-d710-4f61-be0e-9e83a17bdf55-36320","trial_id":16,"step":50000,"intermediate_value":36666.0}
{"op_code":7,"worker_id":"777a5514-d710-4f61-be0e-9e83a17bdf55-36320","trial_id":16,"step":75000,"intermediate_value":36666.0}
{"op_code":6,"worker_id":"777a5514-d710-4f61-be0e-9e83a17bdf55-36320","trial_id":16,"state":1,"values":[39433.1],"datetime_complete":"2026-10-06T02:08:15.083436"}
{"op_code":4,"worker_id":"777a5514-d710-4f61-be0e-9e83a17bdf55-36320","study_id":0,"datetime_start":"2026-10-06T02:08:15.314896"}
{"op_code":5,"worker_id":"777a5514-d710-4f61-be0e-9e83a17bdf55-36320","trial_id":17,"param_name":"learning-rate","param_value_internal":0.000511459716689866,"distribution":"{\"name\": \"FloatDistribution\", \"attributes\": {\"step\": null, \"low\": 3e-05, \"high\": 0.001, \"log\": true}}"}
{"op_code":5,"worker_id":"777a5514-d710-4f61-be0e-9e83a17bdf55-36320","trial_id":17,"param_name":"rollout-size","param_value_internal":2,"distribution":"{\"name\": \"CategoricalDistribution\", \"attributes\": {\"choices\": [2048, 4096, 8192, 16384]}}"}
{"op_code":5,"worker_id":"777a5514-d710-4f61-be0e-9e83a17bdf55-36320","trial_id":17,"param_name":"batch-size","param_value_internal":2,"distribution":"{\"name\": \"CategoricalDistribution\", \"attributes\": {\"choices\": [64, 256, 1024]}}"}
{"op_code":5,"worker_id":"777a5514-d710-4f61-be0e-9e83a17bdf55-36320","trial_id":17,"param_name":"n-epochs","param_value_internal":2,"distribution":"{\"name\": \"CategoricalDistribution\", \"attributes\": {\"choices\": [3, 5, 10]}}"}
{"op_code":5,"worker_id":"777a5514-d710-4f61-be0e-9e83a17bdf55-36320","trial_id":17,"param_name":"gamma","param_value_internal":2,"distribution":"{\"name\": \"CategoricalDistribution\", \"attributes\": {\"choices\": [0.99, 0.995, 0.999]}}"}
{"op_code":5,"worker_id":"777a5514-d710-4f61-be0e-9e83a17bdf55-36320","trial_id":17,"param_name":"gae-lambda","param_value_internal":1,"distribution":"{\"name\": \"CategoricalDistribution\", \"attributes\": {\"choices\": [0.9, 0.95, 0.98]}}"}
{"op_code":5,"worker_id":"777a5514-d710-4f61-be0e-9e83a17bdf55-36320","trial_id":17,"param_name":"clip-range","param_value_internal":0,"distribution":"{\"name\": \"CategoricalDistribution\", \"attributes\": {\"choices\": [0.1, 0.2, 0.3]}}"}
{"op_code":5,"worker_id":"777a5514-d710-4f61-be0e-9e83a17bdf55-36320","trial_id":17,"param_name":"ent-coef","param_value_internal":0.0010324805301802967,"distribution":"{\"name\": \"FloatDistribution\", \"attributes\": {\"step\": null, \"low\": 0.0001, \"high\": 0.03, \"log\": true}}"}
{"op_code":8,"worker_id":"777a5514-d710-4f61-be0e-9e83a17bdf55-36320","trial_id":17,"user_attr":{"train_argv":"--option 1 --reward-mode objective --objectives tardiness_sq --lambda-late 1.0 --lambda-energy 1.0 --power-model linear --difficulty off_tf05 --timesteps 100000 --save-tag tune_off_tf05_o1cnm_t17 --n-envs 4 --vec-backend subproc --seed 0 --rule-placements FirstFit,Consolidate --algo ppo --markov-obs --work-conserving --learning-rate 0.00051146 --rollout-size 8192 --batch-size 1024 --n-epochs 10 --gamma 0.999 --gae-lambda 0.95 --clip-range 0.1 --ent-coef 0.00103248"}}
{"op_code":7,"worker_id":"777a5514-d710-4f61-be0e-9e83a17bdf55-36320","trial_id":17,"step":25000,"intermediate_value":36666.0}
{"op_code":7,"worker_id":"777a5514-d710-4f61-be0e-9e83a17bdf55-36320","trial_id":17,"step":50000,"intermediate_value":36666.0}
{"op_code":7,"worker_id":"777a5514-d710-4f61-be0e-9e83a17bdf55-36320","trial_id":17,"step":75000,"intermediate_value":36666.0}
{"op_code":6,"worker_id":"777a5514-d710-4f61-be0e-9e83a17bdf55-36320","trial_id":17,"state":1,"values":[39433.1],"datetime_complete":"2026-10-06T02:09:25.430408"}
{"op_code":4,"worker_id":"777a5514-d710-4f61-be0e-9e83a17bdf55-36320","study_id":0,"datetime_start":"2026-10-06T02:09:25.699042"}
{"op_code":5,"worker_id":"777a5514-d710-4f61-be0e-9e83a17bdf55-36320","trial_id":18,"param_name":"learning-rate","param_value_internal":0.0003039928364913201,"distribution":"{\"name\": \"FloatDistribution\", \"attributes\": {\"step\": null, \"low\": 3e-05, \"high\": 0.001, \"log\": true}}"}
{"op_code":5,"worker_id":"777a5514-d710-4f61-be0e-9e83a17bdf55-36320","trial_id":18,"param_name":"rollout-size","param_value_internal":0,"distribution":"{\"name\": \"CategoricalDistribution\", \"attributes\": {\"choices\": [2048, 4096, 8192, 16384]}}"}
{"op_code":5,"worker_id":"777a5514-d710-4f61-be0e-9e83a17bdf55-36320","trial_id":18,"param_name":"batch-size","param_value_internal":2,"distribution":"{\"name\": \"CategoricalDistribution\", \"attributes\": {\"choices\": [64, 256, 1024]}}"}
{"op_code":5,"worker_id":"777a5514-d710-4f61-be0e-9e83a17bdf55-36320","trial_id":18,"param_name":"n-epochs","param_value_internal":0,"distribution":"{\"name\": \"CategoricalDistribution\", \"attributes\": {\"choices\": [3, 5, 10]}}"}
{"op_code":5,"worker_id":"777a5514-d710-4f61-be0e-9e83a17bdf55-36320","trial_id":18,"param_name":"gamma","param_value_internal":1,"distribution":"{\"name\": \"CategoricalDistribution\", \"attributes\": {\"choices\": [0.99, 0.995, 0.999]}}"}
{"op_code":5,"worker_id":"777a5514-d710-4f61-be0e-9e83a17bdf55-36320","trial_id":18,"param_name":"gae-lambda","param_value_internal":0,"distribution":"{\"name\": \"CategoricalDistribution\", \"attributes\": {\"choices\": [0.9, 0.95, 0.98]}}"}
{"op_code":5,"worker_id":"777a5514-d710-4f61-be0e-9e83a17bdf55-36320","trial_id":18,"param_name":"clip-range","param_value_internal":2,"distribution":"{\"name\": \"CategoricalDistribution\", \"attributes\": {\"choices\": [0.1, 0.2, 0.3]}}"}
{"op_code":5,"worker_id":"777a5514-d710-4f61-be0e-9e83a17bdf55-36320","trial_id":18,"param_name":"ent-coef","param_value_internal":0.0045973054163589745,"distribution":"{\"name\": \"FloatDistribution\", \"attributes\": {\"step\": null, \"low\": 0.0001, \"high\": 0.03, \"log\": true}}"}
{"op_code":8,"worker_id":"777a5514-d710-4f61-be0e-9e83a17bdf55-36320","trial_id":18,"user_attr":{"train_argv":"--option 1 --reward-mode objective --objectives tardiness_sq --lambda-late 1.0 --lambda-energy 1.0 --power-model linear --difficulty off_tf05 --timesteps 100000 --save-tag tune_off_tf05_o1cnm_t18 --n-envs 4 --vec-backend subproc --seed 0 --rule-placements FirstFit,Consolidate --algo ppo --markov-obs --work-conserving --learning-rate 0.000303993 --rollout-size 2048 --batch-size 1024 --n-epochs 3 --gamma 0.995 --gae-lambda 0.9 --clip-range 0.3 --ent-coef 0.00459731"}}
{"op_code":7,"worker_id":"777a5514-d710-4f61-be0e-9e83a17bdf55-36320","trial_id":18,"step":25000,"intermediate_value":36666.0}
{"op_code":7,"worker_id":"777a5514-d710-4f61-be0e-9e83a17bdf55-36320","trial_id":18,"step":50000,"intermediate_value":36666.0}
{"op_code":7,"worker_id":"777a5514-d710-4f61-be0e-9e83a17bdf55-36320","trial_id":18,"step":75000,"intermediate_value":36666.0}
{"op_code":6,"worker_id":"777a5514-d710-4f61-be0e-9e83a17bdf55-36320","trial_id":18,"state":1,"values":[39433.1],"datetime_complete":"2026-10-06T02:10:25.409387"}
{"op_code":4,"worker_id":"777a5514-d710-4f61-be0e-9e83a17bdf55-36320","study_id":0,"datetime_start":"2026-10-06T02:10:25.626025"}
{"op_code":5,"worker_id":"777a5514-d710-4f61-be0e-9e83a17bdf55-36320","trial_id":19,"param_name":"learning-rate","param_value_internal":0.00016010951421631696,"distribution":"{\"name\": \"FloatDistribution\", \"attributes\": {\"step\": null, \"low\": 3e-05, \"high\": 0.001, \"log\": true}}"}
{"op_code":5,"worker_id":"777a5514-d710-4f61-be0e-9e83a17bdf55-36320","trial_id":19,"param_name":"rollout-size","param_value_internal":2,"distribution":"{\"name\": \"CategoricalDistribution\", \"attributes\": {\"choices\": [2048, 4096, 8192, 16384]}}"}
{"op_code":5,"worker_id":"777a5514-d710-4f61-be0e-9e83a17bdf55-36320","trial_id":19,"param_name":"batch-size","param_value_internal":0,"distribution":"{\"name\": \"CategoricalDistribution\", \"attributes\": {\"choices\": [64, 256, 1024]}}"}
{"op_code":5,"worker_id":"777a5514-d710-4f61-be0e-9e83a17bdf55-36320","trial_id":19,"param_name":"n-epochs","param_value_internal":2,"distribution":"{\"name\": \"CategoricalDistribution\", \"attributes\": {\"choices\": [3, 5, 10]}}"}
{"op_code":5,"worker_id":"777a5514-d710-4f61-be0e-9e83a17bdf55-36320","trial_id":19,"param_name":"gamma","param_value_internal":0,"distribution":"{\"name\": \"CategoricalDistribution\", \"attributes\": {\"choices\": [0.99, 0.995, 0.999]}}"}
{"op_code":5,"worker_id":"777a5514-d710-4f61-be0e-9e83a17bdf55-36320","trial_id":19,"param_name":"gae-lambda","param_value_internal":0,"distribution":"{\"name\": \"CategoricalDistribution\", \"attributes\": {\"choices\": [0.9, 0.95, 0.98]}}"}
{"op_code":5,"worker_id":"777a5514-d710-4f61-be0e-9e83a17bdf55-36320","trial_id":19,"param_name":"clip-range","param_value_internal":1,"distribution":"{\"name\": \"CategoricalDistribution\", \"attributes\": {\"choices\": [0.1, 0.2, 0.3]}}"}
{"op_code":5,"worker_id":"777a5514-d710-4f61-be0e-9e83a17bdf55-36320","trial_id":19,"param_name":"ent-coef","param_value_internal":0.00018927079318735196,"distribution":"{\"name\": \"FloatDistribution\", \"attributes\": {\"step\": null, \"low\": 0.0001, \"high\": 0.03, \"log\": true}}"}
{"op_code":8,"worker_id":"777a5514-d710-4f61-be0e-9e83a17bdf55-36320","trial_id":19,"user_attr":{"train_argv":"--option 1 --reward-mode objective --objectives tardiness_sq --lambda-late 1.0 --lambda-energy 1.0 --power-model linear --difficulty off_tf05 --timesteps 100000 --save-tag tune_off_tf05_o1cnm_t19 --n-envs 4 --vec-backend subproc --seed 0 --rule-placements FirstFit,Consolidate --algo ppo --markov-obs --work-conserving --learning-rate 0.00016011 --rollout-size 8192 --batch-size 64 --n-epochs 10 --gamma 0.99 --gae-lambda 0.9 --clip-range 0.2 --ent-coef 0.000189271"}}
{"op_code":7,"worker_id":"777a5514-d710-4f61-be0e-9e83a17bdf55-36320","trial_id":19,"step":25000,"intermediate_value":44521.2}
{"op_code":6,"worker_id":"777a5514-d710-4f61-be0e-9e83a17bdf55-36320","trial_id":19,"state":2,"values":[44521.2],"datetime_complete":"2026-10-06T02:10:54.416548"}
{"op_code":0,"worker_id":"0914d2cb-24f9-48e0-9787-18e45f07f87a-31748","study_name":"off_tf05_o1cnm","directions":[1]}
{"op_code":0,"worker_id":"d0f18894-fe9c-4cd1-b5c7-05c16311bd61-32928","study_name":"off_tf05_o1cnm","directions":[1]}
{"op_code":0,"worker_id":"e3438fe8-c554-4733-a27a-fa85a68c4f02-34464","study_name":"off_tf05_o1cnm","directions":[1]}
{"op_code":0,"worker_id":"00a1d149-eb09-47e5-a53a-76789b47615d-7220","study_name":"off_tf05_o1cnm","directions":[1]}
{"op_code":0,"worker_id":"59c34c65-b457-4967-bd27-f09e6d278b97-4620","study_name":"off_tf05_o1cnm","directions":[1]}
{"op_code":0,"worker_id":"c3b349f0-0ba0-41c2-8c26-bf0c50c955d3-34408","study_name":"off_tf05_o1cnm","directions":[1]}
{"op_code":0,"worker_id":"53158085-05c1-4bd4-8e23-162c0e917a93-17656","study_name":"off_tf05_o1cnm","directions":[1]}
{"op_code":0,"worker_id":"08a085b4-550c-4d55-9097-c5c8b28b4bb5-4492","study_name":"off_tf05_o1cnm","directions":[1]}
