{"op_code":0,"worker_id":"d4fb07a6-b5dc-466b-a881-ed226407afae-39372","study_name":"on_rho095_o0pmlubr_a2c","directions":[1]}
{"op_code":4,"worker_id":"d4fb07a6-b5dc-466b-a881-ed226407afae-39372","study_id":0,"datetime_start":null,"state":4,"value":null,"values":null,"distributions":{},"params":{},"user_attrs":{"defaults":true},"system_attrs":{"fixed_params":{}},"intermediate_values":{}}
{"op_code":6,"worker_id":"d4fb07a6-b5dc-466b-a881-ed226407afae-39372","trial_id":0,"state":0,"values":null,"datetime_start":"2026-10-07T01:00:11.399339"}
{"op_code":8,"worker_id":"d4fb07a6-b5dc-466b-a881-ed226407afae-39372","trial_id":0,"user_attr":{"train_argv":"--option 0 --reward-mode objective --objectives tardiness_sq --lambda-late 1.0 --lambda-energy 1.0 --power-model linear --difficulty on_rho095 --timesteps 300000 --save-tag tune_on_rho095_o0pmlubr_a2c_t0 --n-envs 4 --vec-backend subproc --seed 0 --algo a2c --markov-obs --lookahead --fixed-scaling --critic-arrivals --lateness-shaping --policy-arch pointer"}}
{"op_code":7,"worker_id":"d4fb07a6-b5dc-466b-a881-ed226407afae-39372","trial_id":0,"step":75000,"intermediate_value":111843.8}
{"op_code":7,"worker_id":"d4fb07a6-b5dc-466b-a881-ed226407afae-39372","trial_id":0,"step":150000,"intermediate_value":69488.8}
{"op_code":7,"worker_id":"d4fb07a6-b5dc-466b-a881-ed226407afae-39372","trial_id":0,"step":225000,"intermediate_value":80230.6}
{"op_code":6,"worker_id":"d4fb07a6-b5dc-466b-a881-ed226407afae-39372","trial_id":0,"state":1,"values":[84410.5],"datetime_complete":"2026-10-07T01:40:27.790713"}
{"op_code":4,"worker_id":"d4fb07a6-b5dc-466b-a881-ed226407afae-39372","study_id":0,"datetime_start":"2026-10-07T01:40:28.015625"}
{"op_code":5,"worker_id":"d4fb07a6-b5dc-466b-a881-ed226407afae-39372","trial_id":1,"param_name":"learning-rate","param_value_internal":0.0006466422717414558,"distribution":"{\"name\": \"FloatDistribution\", \"attributes\": {\"step\": null, \"low\": 0.0001, \"high\": 0.003, \"log\": true}}"}
{"op_code":5,"worker_id":"d4fb07a6-b5dc-466b-a881-ed226407afae-39372","trial_id":1,"param_name":"rollout-size","param_value_internal":0,"distribution":"{\"name\": \"CategoricalDistribution\", \"attributes\": {\"choices\": [20, 80, 320]}}"}
{"op_code":5,"worker_id":"d4fb07a6-b5dc-466b-a881-ed226407afae-39372","trial_id":1,"param_name":"gamma","param_value_internal":1,"distribution":"{\"name\": \"CategoricalDistribution\", \"attributes\": {\"choices\": [0.99, 0.995, 0.999]}}"}
{"op_code":5,"worker_id":"d4fb07a6-b5dc-466b-a881-ed226407afae-39372","trial_id":1,"param_name":"gae-lambda","param_value_internal":1,"distribution":"{\"name\": \"CategoricalDistribution\", \"attributes\": {\"choices\": [0.9, 0.95, 1.0]}}"}
{"op_code":5,"worker_id":"d4fb07a6-b5dc-466b-a881-ed226407afae-39372","trial_id":1,"param_name":"ent-coef","param_value_internal":0.009145320282946534,"distribution":"{\"name\": \"FloatDistribution\", \"attributes\": {\"step\": null, \"low\": 0.0001, \"high\": 0.03, \"log\": true}}"}
{"op_code":8,"worker_id":"d4fb07a6-b5dc-466b-a881-ed226407afae-39372","trial_id":1,"user_attr":{"train_argv":"--option 0 --reward-mode objective --objectives tardiness_sq --lambda-late 1.0 --lambda-energy 1.0 --power-model linear --difficulty on_rho095 --timesteps 300000 --save-tag tune_on_rho095_o0pmlubr_a2c_t1 --n-envs 4 --vec-backend subproc --seed 0 --algo a2c --markov-obs --lookahead --fixed-scaling --critic-arrivals --lateness-shaping --policy-arch pointer --learning-rate 0.000646642 --rollout-size 20 --gamma 0.995 --gae-lambda 0.95 --ent-coef 0.00914532"}}
{"op_code":0,"worker_id":"8a0882f1-e37c-41e6-8b7a-840b0460cf53-28376","study_name":"on_rho095_o0pmlubr_a2c","directions":[1]}
{"op_code":7,"worker_id":"d4fb07a6-b5dc-466b-a881-ed226407afae-39372","trial_id":1,"step":75000,"intermediate_value":45660.0}
{"op_code":7,"worker_id":"d4fb07a6-b5dc-466b-a881-ed226407afae-39372","trial_id":1,"step":150000,"intermediate_value":1430349.4}
{"op_code":7,"worker_id":"d4fb07a6-b5dc-466b-a881-ed226407afae-39372","trial_id":1,"step":225000,"intermediate_value":359656.4}
{"op_code":6,"worker_id":"d4fb07a6-b5dc-466b-a881-ed226407afae-39372","trial_id":1,"state":1,"values":[413159.2],"datetime_complete":"2026-10-07T02:19:30.275800"}
{"op_code":4,"worker_id":"d4fb07a6-b5dc-466b-a881-ed226407afae-39372","study_id":0,"datetime_start":"2026-10-07T02:19:30.485897"}
{"op_code":5,"worker_id":"d4fb07a6-b5dc-466b-a881-ed226407afae-39372","trial_id":2,"param_name":"learning-rate","param_value_internal":0.0006042851578845063,"distribution":"{\"name\": \"FloatDistribution\", \"attributes\": {\"step\": null, \"low\": 0.0001, \"high\": 0.003, \"log\": true}}"}
{"op_code":5,"worker_id":"d4fb07a6-b5dc-466b-a881-ed226407afae-39372","trial_id":2,"param_name":"rollout-size","param_value_internal":1,"distribution":"{\"name\": \"CategoricalDistribution\", \"attributes\": {\"choices\": [20, 80, 320]}}"}
{"op_code":5,"worker_id":"d4fb07a6-b5dc-466b-a881-ed226407afae-39372","trial_id":2,"param_name":"gamma","param_value_internal":2,"distribution":"{\"name\": \"CategoricalDistribution\", \"attributes\": {\"choices\": [0.99, 0.995, 0.999]}}"}
{"op_code":5,"worker_id":"d4fb07a6-b5dc-466b-a881-ed226407afae-39372","trial_id":2,"param_name":"gae-lambda","param_value_internal":2,"distribution":"{\"name\": \"CategoricalDistribution\", \"attributes\": {\"choices\": [0.9, 0.95, 1.0]}}"}
{"op_code":5,"worker_id":"d4fb07a6-b5dc-466b-a881-ed226407afae-39372","trial_id":2,"param_name":"ent-coef","param_value_internal":0.009541412354586892,"distribution":"{\"name\": \"FloatDistribution\", \"attributes\": {\"step\": null, \"low\": 0.0001, \"high\": 0.03, \"log\": true}}"}
{"op_code":8,"worker_id":"d4fb07a6-b5dc-466b-a881-ed226407afae-39372","trial_id":2,"user_attr":{"train_argv":"--option 0 --reward-mode objective --objectives tardiness_sq --lambda-late 1.0 --lambda-energy 1.0 --power-model linear --difficulty on_rho095 --timesteps 300000 --save-tag tune_on_rho095_o0pmlubr_a2c_t2 --n-envs 4 --vec-backend subproc --seed 0 --algo a2c --markov-obs --lookahead --fixed-scaling --critic-arrivals --lateness-shaping --policy-arch pointer --learning-rate 0.000604285 --rollout-size 80 --gamma 0.999 --gae-lambda 1 --ent-coef 0.00954141"}}
{"op_code":7,"worker_id":"d4fb07a6-b5dc-466b-a881-ed226407afae-39372","trial_id":2,"step":75000,"intermediate_value":215704.6}
{"op_code":7,"worker_id":"d4fb07a6-b5dc-466b-a881-ed226407afae-39372","trial_id":2,"step":150000,"intermediate_value":144646.0}
{"op_code":7,"worker_id":"d4fb07a6-b5dc-466b-a881-ed226407afae-39372","trial_id":2,"step":225000,"intermediate_value":127394.2}
{"op_code":6,"worker_id":"d4fb07a6-b5dc-466b-a881-ed226407afae-39372","trial_id":2,"state":1,"values":[131399.15],"datetime_complete":"2026-10-07T02:53:21.155563"}
{"op_code":4,"worker_id":"d4fb07a6-b5dc-466b-a881-ed226407afae-39372","study_id":0,"datetime_start":"2026-10-07T02:53:21.359876"}
{"op_code":5,"worker_id":"d4fb07a6-b5dc-466b-a881-ed226407afae-39372","trial_id":3,"param_name":"learning-rate","param_value_internal":0.0004804641349751479,"distribution":"{\"name\": \"FloatDistribution\", \"attributes\": {\"step\": null, \"low\": 0.0001, \"high\": 0.003, \"log\": true}}"}
{"op_code":5,"worker_id":"d4fb07a6-b5dc-466b-a881-ed226407afae-39372","trial_id":3,"param_name":"rollout-size","param_value_internal":0,"distribution":"{\"name\": \"CategoricalDistribution\", \"attributes\": {\"choices\": [20, 80, 320]}}"}
{"op_code":5,"worker_id":"d4fb07a6-b5dc-466b-a881-ed226407afae-39372","trial_id":3,"param_name":"gamma","param_value_internal":1,"distribution":"{\"name\": \"CategoricalDistribution\", \"attributes\": {\"choices\": [0.99, 0.995, 0.999]}}"}
{"op_code":5,"worker_id":"d4fb07a6-b5dc-466b-a881-ed226407afae-39372","trial_id":3,"param_name":"gae-lambda","param_value_internal":2,"distribution":"{\"name\": \"CategoricalDistribution\", \"attributes\": {\"choices\": [0.9, 0.95, 1.0]}}"}
{"op_code":5,"worker_id":"d4fb07a6-b5dc-466b-a881-ed226407afae-39372","trial_id":3,"param_name":"ent-coef","param_value_internal":0.001348775545730254,"distribution":"{\"name\": \"FloatDistribution\", \"attributes\": {\"step\": null, \"low\": 0.0001, \"high\": 0.03, \"log\": true}}"}
{"op_code":8,"worker_id":"d4fb07a6-b5dc-466b-a881-ed226407afae-39372","trial_id":3,"user_attr":{"train_argv":"--option 0 --reward-mode objective --objectives tardiness_sq --lambda-late 1.0 --lambda-energy 1.0 --power-model linear --difficulty on_rho095 --timesteps 300000 --save-tag tune_on_rho095_o0pmlubr_a2c_t3 --n-envs 4 --vec-backend subproc --seed 0 --algo a2c --markov-obs --lookahead --fixed-scaling --critic-arrivals --lateness-shaping --policy-arch pointer --learning-rate 0.000480464 --rollout-size 20 --gamma 0.995 --gae-lambda 1 --ent-coef 0.00134878"}}
{"op_code":7,"worker_id":"d4fb07a6-b5dc-466b-a881-ed226407afae-39372","trial_id":3,"step":75000,"intermediate_value":56642.4}
{"op_code":7,"worker_id":"d4fb07a6-b5dc-466b-a881-ed226407afae-39372","trial_id":3,"step":150000,"intermediate_value":211993.2}
{"op_code":7,"worker_id":"d4fb07a6-b5dc-466b-a881-ed226407afae-39372","trial_id":3,"step":225000,"intermediate_value":36396703987.0}
{"op_code":6,"worker_id":"d4fb07a6-b5dc-466b-a881-ed226407afae-39372","trial_id":3,"state":1,"values":[3722546528.4],"datetime_complete":"2026-10-07T03:34:35.708713"}
{"op_code":4,"worker_id":"d4fb07a6-b5dc-466b-a881-ed226407afae-39372","study_id":0,"datetime_start":"2026-10-07T03:34:35.909355"}
{"op_code":5,"worker_id":"d4fb07a6-b5dc-466b-a881-ed226407afae-39372","trial_id":4,"param_name":"learning-rate","param_value_internal":0.0006912670683424538,"distribution":"{\"name\": \"FloatDistribution\", \"attributes\": {\"step\": null, \"low\": 0.0001, \"high\": 0.003, \"log\": true}}"}
{"op_code":5,"worker_id":"d4fb07a6-b5dc-466b-a881-ed226407afae-39372","trial_id":4,"param_name":"rollout-size","param_value_internal":1,"distribution":"{\"name\": \"CategoricalDistribution\", \"attributes\": {\"choices\": [20, 80, 320]}}"}
{"op_code":5,"worker_id":"d4fb07a6-b5dc-466b-a881-ed226407afae-39372","trial_id":4,"param_name":"gamma","param_value_internal":1,"distribution":"{\"name\": \"CategoricalDistribution\", \"attributes\": {\"choices\": [0.99, 0.995, 0.999]}}"}
{"op_code":5,"worker_id":"d4fb07a6-b5dc-466b-a881-ed226407afae-39372","trial_id":4,"param_name":"gae-lambda","param_value_internal":2,"distribution":"{\"name\": \"CategoricalDistribution\", \"attributes\": {\"choices\": [0.9, 0.95, 1.0]}}"}
{"op_code":5,"worker_id":"d4fb07a6-b5dc-466b-a881-ed226407afae-39372","trial_id":4,"param_name":"ent-coef","param_value_internal":0.00014098918363046996,"distribution":"{\"name\": \"FloatDistribution\", \"attributes\": {\"step\": null, \"low\": 0.0001, \"high\": 0.03, \"log\": true}}"}
{"op_code":8,"worker_id":"d4fb07a6-b5dc-466b-a881-ed226407afae-39372","trial_id":4,"user_attr":{"train_argv":"--option 0 --reward-mode objective --objectives tardiness_sq --lambda-late 1.0 --lambda-energy 1.0 --power-model linear --difficulty on_rho095 --timesteps 300000 --save-tag tune_on_rho095_o0pmlubr_a2c_t4 --n-envs 4 --vec-backend subproc --seed 0 --algo a2c --markov-obs --lookahead --fixed-scaling --critic-arrivals --lateness-shaping --policy-arch pointer --learning-rate 0.000691267 --rollout-size 80 --gamma 0.995 --gae-lambda 1 --ent-coef 0.000140989"}}
{"op_code":7,"worker_id":"d4fb07a6-b5dc-466b-a881-ed226407afae-39372","trial_id":4,"step":75000,"intermediate_value":248090.2}
{"op_code":7,"worker_id":"d4fb07a6-b5dc-466b-a881-ed226407afae-39372","trial_id":4,"step":150000,"intermediate_value":114355.4}
{"op_code":7,"worker_id":"d4fb07a6-b5dc-466b-a881-ed226407afae-39372","trial_id":4,"step":225000,"intermediate_value":315978.2}
{"op_code":6,"worker_id":"d4fb07a6-b5dc-466b-a881-ed226407afae-39372","trial_id":4,"state":1,"values":[96771.75],"datetime_complete":"2026-10-07T04:07:47.587178"}
{"op_code":4,"worker_id":"d4fb07a6-b5dc-466b-a881-ed226407afae-39372","study_id":0,"datetime_start":"2026-10-07T04:07:47.950325"}
{"op_code":5,"worker_id":"d4fb07a6-b5dc-466b-a881-ed226407afae-39372","trial_id":5,"param_name":"learning-rate","param_value_internal":0.0009658179826892162,"distribution":"{\"name\": \"FloatDistribution\", \"attributes\": {\"step\": null, \"low\": 0.0001, \"high\": 0.003, \"log\": true}}"}
{"op_code":5,"worker_id":"d4fb07a6-b5dc-466b-a881-ed226407afae-39372","trial_id":5,"param_name":"rollout-size","param_value_internal":0,"distribution":"{\"name\": \"CategoricalDistribution\", \"attributes\": {\"choices\": [20, 80, 320]}}"}
{"op_code":5,"worker_id":"d4fb07a6-b5dc-466b-a881-ed226407afae-39372","trial_id":5,"param_name":"gamma","param_value_internal":2,"distribution":"{\"name\": \"CategoricalDistribution\", \"attributes\": {\"choices\": [0.99, 0.995, 0.999]}}"}
{"op_code":5,"worker_id":"d4fb07a6-b5dc-466b-a881-ed226407afae-39372","trial_id":5,"param_name":"gae-lambda","param_value_internal":1,"distribution":"{\"name\": \"CategoricalDistribution\", \"attributes\": {\"choices\": [0.9, 0.95, 1.0]}}"}
{"op_code":5,"worker_id":"d4fb07a6-b5dc-466b-a881-ed226407afae-39372","trial_id":5,"param_name":"ent-coef","param_value_internal":0.00032916454639831516,"distribution":"{\"name\": \"FloatDistribution\", \"attributes\": {\"step\": null, \"low\": 0.0001, \"high\": 0.03, \"log\": true}}"}
{"op_code":8,"worker_id":"d4fb07a6-b5dc-466b-a881-ed226407afae-39372","trial_id":5,"user_attr":{"train_argv":"--option 0 --reward-mode objective --objectives tardiness_sq --lambda-late 1.0 --lambda-energy 1.0 --power-model linear --difficulty on_rho095 --timesteps 300000 --save-tag tune_on_rho095_o0pmlubr_a2c_t5 --n-envs 4 --vec-backend subproc --seed 0 --algo a2c --markov-obs --lookahead --fixed-scaling --critic-arrivals --lateness-shaping --policy-arch pointer --learning-rate 0.000965818 --rollout-size 20 --gamma 0.999 --gae-lambda 0.95 --ent-coef 0.000329165"}}
{"op_code":7,"worker_id":"d4fb07a6-b5dc-466b-a881-ed226407afae-39372","trial_id":5,"step":75000,"intermediate_value":45660.0}
{"op_code":7,"worker_id":"d4fb07a6-b5dc-466b-a881-ed226407afae-39372","trial_id":5,"step":150000,"intermediate_value":45660.0}
{"op_code":7,"worker_id":"d4fb07a6-b5dc-466b-a881-ed226407afae-39372","trial_id":5,"step":225000,"intermediate_value":45660.0}
{"op_code":0,"worker_id":"fbabd62c-c6a3-4b0e-9302-ed58d7fc9e8d-38892","study_name":"on_rho095_o0pmlubr_a2c","directions":[1]}
{"op_code":0,"worker_id":"cc7749b4-4ad2-446e-b85a-4658af545952-32432","study_name":"on_rho095_o0pmlubr_a2c","directions":[1]}
{"op_code":6,"worker_id":"d4fb07a6-b5dc-466b-a881-ed226407afae-39372","trial_id":5,"state":1,"values":[73551.6],"datetime_complete":"2026-10-07T04:44:13.432530"}
{"op_code":4,"worker_id":"d4fb07a6-b5dc-466b-a881-ed226407afae-39372","study_id":0,"datetime_start":"2026-10-07T04:44:13.675052"}
{"op_code":5,"worker_id":"d4fb07a6-b5dc-466b-a881-ed226407afae-39372","trial_id":6,"param_name":"learning-rate","param_value_internal":0.00017309069329908935,"distribution":"{\"name\": \"FloatDistribution\", \"attributes\": {\"step\": null, \"low\": 0.0001, \"high\": 0.003, \"log\": true}}"}
{"op_code":5,"worker_id":"d4fb07a6-b5dc-466b-a881-ed226407afae-39372","trial_id":6,"param_name":"rollout-size","param_value_internal":0,"distribution":"{\"name\": \"CategoricalDistribution\", \"attributes\": {\"choices\": [20, 80, 320]}}"}
{"op_code":5,"worker_id":"d4fb07a6-b5dc-466b-a881-ed226407afae-39372","trial_id":6,"param_name":"gamma","param_value_internal":0,"distribution":"{\"name\": \"CategoricalDistribution\", \"attributes\": {\"choices\": [0.99, 0.995, 0.999]}}"}
{"op_code":5,"worker_id":"d4fb07a6-b5dc-466b-a881-ed226407afae-39372","trial_id":6,"param_name":"gae-lambda","param_value_internal":0,"distribution":"{\"name\": \"CategoricalDistribution\", \"attributes\": {\"choices\": [0.9, 0.95, 1.0]}}"}
{"op_code":5,"worker_id":"d4fb07a6-b5dc-466b-a881-ed226407afae-39372","trial_id":6,"param_name":"ent-coef","param_value_internal":0.0008191755047162099,"distribution":"{\"name\": \"FloatDistribution\", \"attributes\": {\"step\": null, \"low\": 0.0001, \"high\": 0.03, \"log\": true}}"}
{"op_code":8,"worker_id":"d4fb07a6-b5dc-466b-a881-ed226407afae-39372","trial_id":6,"user_attr":{"train_argv":"--option 0 --reward-mode objective --objectives tardiness_sq --lambda-late 1.0 --lambda-energy 1.0 --power-model linear --difficulty on_rho095 --timesteps 300000 --save-tag tune_on_rho095_o0pmlubr_a2c_t6 --n-envs 4 --vec-backend subproc --seed 0 --algo a2c --markov-obs --lookahead --fixed-scaling --critic-arrivals --lateness-shaping --policy-arch pointer --learning-rate 0.000173091 --rollout-size 20 --gamma 0.99 --gae-lambda 0.9 --ent-coef 0.000819176"}}
{"op_code":7,"worker_id":"d4fb07a6-b5dc-466b-a881-ed226407afae-39372","trial_id":6,"step":75000,"intermediate_value":152126966.8}
{"op_code":6,"worker_id":"d4fb07a6-b5dc-466b-a881-ed226407afae-39372","trial_id":6,"state":2,"values":[152126966.8],"datetime_complete":"2026-10-07T04:54:03.633803"}
{"op_code":4,"worker_id":"d4fb07a6-b5dc-466b-a881-ed226407afae-39372","study_id":0,"datetime_start":"2026-10-07T04:54:03.866986"}
{"op_code":5,"worker_id":"d4fb07a6-b5dc-466b-a881-ed226407afae-39372","trial_id":7,"param_name":"learning-rate","param_value_internal":0.0016319488770709706,"distribution":"{\"name\": \"FloatDistribution\", \"attributes\": {\"step\": null, \"low\": 0.0001, \"high\": 0.003, \"log\": true}}"}
{"op_code":5,"worker_id":"d4fb07a6-b5dc-466b-a881-ed226407afae-39372","trial_id":7,"param_name":"rollout-size","param_value_internal":1,"distribution":"{\"name\": \"CategoricalDistribution\", \"attributes\": {\"choices\": [20, 80, 320]}}"}
{"op_code":5,"worker_id":"d4fb07a6-b5dc-466b-a881-ed226407afae-39372","trial_id":7,"param_name":"gamma","param_value_internal":2,"distribution":"{\"name\": \"CategoricalDistribution\", \"attributes\": {\"choices\": [0.99, 0.995, 0.999]}}"}
{"op_code":5,"worker_id":"d4fb07a6-b5dc-466b-a881-ed226407afae-39372","trial_id":7,"param_name":"gae-lambda","param_value_internal":1,"distribution":"{\"name\": \"CategoricalDistribution\", \"attributes\": {\"choices\": [0.9, 0.95, 1.0]}}"}
{"op_code":5,"worker_id":"d4fb07a6-b5dc-466b-a881-ed226407afae-39372","trial_id":7,"param_name":"ent-coef","param_value_internal":0.000501819043124292,"distribution":"{\"name\": \"FloatDistribution\", \"attributes\": {\"step\": null, \"low\": 0.0001, \"high\": 0.03, \"log\": true}}"}
{"op_code":8,"worker_id":"d4fb07a6-b5dc-466b-a881-ed226407afae-39372","trial_id":7,"user_attr":{"train_argv":"--option 0 --reward-mode objective --objectives tardiness_sq --lambda-late 1.0 --lambda-energy 1.0 --power-model linear --difficulty on_rho095 --timesteps 300000 --save-tag tune_on_rho095_o0pmlubr_a2c_t7 --n-envs 4 --vec-backend subproc --seed 0 --algo a2c --markov-obs --lookahead --fixed-scaling --critic-arrivals --lateness-shaping --policy-arch pointer --learning-rate 0.00163195 --rollout-size 80 --gamma 0.999 --gae-lambda 0.95 --ent-coef 0.000501819"}}
{"op_code":7,"worker_id":"d4fb07a6-b5dc-466b-a881-ed226407afae-39372","trial_id":7,"step":75000,"intermediate_value":74472.8}
{"op_code":7,"worker_id":"d4fb07a6-b5dc-466b-a881-ed226407afae-39372","trial_id":7,"step":150000,"intermediate_value":41941.2}
{"op_code":7,"worker_id":"d4fb07a6-b5dc-466b-a881-ed226407afae-39372","trial_id":7,"step":225000,"intermediate_value":61243.0}
{"op_code":6,"worker_id":"d4fb07a6-b5dc-466b-a881-ed226407afae-39372","trial_id":7,"state":1,"values":[155429.2],"datetime_complete":"2026-10-07T05:27:16.999408"}
{"op_code":4,"worker_id":"d4fb07a6-b5dc-466b-a881-ed226407afae-39372","study_id":0,"datetime_start":"2026-10-07T05:27:17.250264"}
{"op_code":5,"worker_id":"d4fb07a6-b5dc-466b-a881-ed226407afae-39372","trial_id":8,"param_name":"learning-rate","param_value_internal":0.00015050290935598963,"distribution":"{\"name\": \"FloatDistribution\", \"attributes\": {\"step\": null, \"low\": 0.0001, \"high\": 0.003, \"log\": true}}"}
{"op_code":5,"worker_id":"d4fb07a6-b5dc-466b-a881-ed226407afae-39372","trial_id":8,"param_name":"rollout-size","param_value_internal":2,"distribution":"{\"name\": \"CategoricalDistribution\", \"attributes\": {\"choices\": [20, 80, 320]}}"}
{"op_code":5,"worker_id":"d4fb07a6-b5dc-466b-a881-ed226407afae-39372","trial_id":8,"param_name":"gamma","param_value_internal":2,"distribution":"{\"name\": \"CategoricalDistribution\", \"attributes\": {\"choices\": [0.99, 0.995, 0.999]}}"}
{"op_code":5,"worker_id":"d4fb07a6-b5dc-466b-a881-ed226407afae-39372","trial_id":8,"param_name":"gae-lambda","param_value_internal":0,"distribution":"{\"name\": \"CategoricalDistribution\", \"attributes\": {\"choices\": [0.9, 0.95, 1.0]}}"}
{"op_code":5,"worker_id":"d4fb07a6-b5dc-466b-a881-ed226407afae-39372","trial_id":8,"param_name":"ent-coef","param_value_internal":0.00017088424969157387,"distribution":"{\"name\": \"FloatDistribution\", \"attributes\": {\"step\": null, \"low\": 0.0001, \"high\": 0.03, \"log\": true}}"}
{"op_code":8,"worker_id":"d4fb07a6-b5dc-466b-a881-ed226407afae-39372","trial_id":8,"user_attr":{"train_argv":"--option 0 --reward-mode objective --objectives tardiness_sq --lambda-late 1.0 --lambda-energy 1.0 --power-model linear --difficulty on_rho095 --timesteps 300000 --save-tag tune_on_rho095_o0pmlubr_a2c_t8 --n-envs 4 --vec-backend subproc --seed 0 --algo a2c --markov-obs --lookahead --fixed-scaling --critic-arrivals --lateness-shaping --policy-arch pointer --learning-rate 0.000150503 --rollout-size 320 --gamma 0.999 --gae-lambda 0.9 --ent-coef 0.000170884"}}
{"op_code":7,"worker_id":"d4fb07a6-b5dc-466b-a881-ed226407afae-39372","trial_id":8,"step":75000,"intermediate_value":385087.8}
{"op_code":6,"worker_id":"d4fb07a6-b5dc-466b-a881-ed226407afae-39372","trial_id":8,"state":2,"values":[385087.8],"datetime_complete":"2026-10-07T05:35:19.851956"}
{"op_code":4,"worker_id":"d4fb07a6-b5dc-466b-a881-ed226407afae-39372","study_id":0,"datetime_start":"2026-10-07T05:35:20.062222"}
{"op_code":5,"worker_id":"d4fb07a6-b5dc-466b-a881-ed226407afae-39372","trial_id":9,"param_name":"learning-rate","param_value_internal":0.0007091576793635641,"distribution":"{\"name\": \"FloatDistribution\", \"attributes\": {\"step\": null, \"low\": 0.0001, \"high\": 0.003, \"log\": true}}"}
{"op_code":5,"worker_id":"d4fb07a6-b5dc-466b-a881-ed226407afae-39372","trial_id":9,"param_name":"rollout-size","param_value_internal":0,"distribution":"{\"name\": \"CategoricalDistribution\", \"attributes\": {\"choices\": [20, 80, 320]}}"}
{"op_code":5,"worker_id":"d4fb07a6-b5dc-466b-a881-ed226407afae-39372","trial_id":9,"param_name":"gamma","param_value_internal":1,"distribution":"{\"name\": \"CategoricalDistribution\", \"attributes\": {\"choices\": [0.99, 0.995, 0.999]}}"}
{"op_code":5,"worker_id":"d4fb07a6-b5dc-466b-a881-ed226407afae-39372","trial_id":9,"param_name":"gae-lambda","param_value_internal":1,"distribution":"{\"name\": \"CategoricalDistribution\", \"attributes\": {\"choices\": [0.9, 0.95, 1.0]}}"}
{"op_code":5,"worker_id":"d4fb07a6-b5dc-466b-a881-ed226407afae-39372","trial_id":9,"param_name":"ent-coef","param_value_internal":0.011307978270179144,"distribution":"{\"name\": \"FloatDistribution\", \"attributes\": {\"step\": null, \"low\": 0.0001, \"high\": 0.03, \"log\": true}}"}
{"op_code":8,"worker_id":"d4fb07a6-b5dc-466b-a881-ed226407afae-39372","trial_id":9,"user_attr":{"train_argv":"--option 0 --reward-mode objective --objectives tardiness_sq --lambda-late 1.0 --lambda-energy 1.0 --power-model linear --difficulty on_rho095 --timesteps 300000 --save-tag tune_on_rho095_o0pmlubr_a2c_t9 --n-envs 4 --vec-backend subproc --seed 0 --algo a2c --markov-obs --lookahead --fixed-scaling --critic-arrivals --lateness-shaping --policy-arch pointer --learning-rate 0.000709158 --rollout-size 20 --gamma 0.995 --gae-lambda 0.95 --ent-coef 0.011308"}}
{"op_code":7,"worker_id":"d4fb07a6-b5dc-466b-a881-ed226407afae-39372","trial_id":9,"step":75000,"intermediate_value":47458.2}
{"op_code":7,"worker_id":"d4fb07a6-b5dc-466b-a881-ed226407afae-39372","trial_id":9,"step":150000,"intermediate_value":373333.2}
{"op_code":7,"worker_id":"d4fb07a6-b5dc-466b-a881-ed226407afae-39372","trial_id":9,"step":225000,"intermediate_value":64573.6}
{"op_code":6,"worker_id":"d4fb07a6-b5dc-466b-a881-ed226407afae-39372","trial_id":9,"state":1,"values":[137879.7],"datetime_complete":"2026-10-07T06:09:09.736318"}
{"op_code":4,"worker_id":"d4fb07a6-b5dc-466b-a881-ed226407afae-39372","study_id":0,"datetime_start":"2026-10-07T06:09:09.931591"}
{"op_code":5,"worker_id":"d4fb07a6-b5dc-466b-a881-ed226407afae-39372","trial_id":10,"param_name":"learning-rate","param_value_internal":0.0024827793806799356,"distribution":"{\"name\": \"FloatDistribution\", \"attributes\": {\"step\": null, \"low\": 0.0001, \"high\": 0.003, \"log\": true}}"}
{"op_code":5,"worker_id":"d4fb07a6-b5dc-466b-a881-ed226407afae-39372","trial_id":10,"param_name":"rollout-size","param_value_internal":2,"distribution":"{\"name\": \"CategoricalDistribution\", \"attributes\": {\"choices\": [20, 80, 320]}}"}
{"op_code":5,"worker_id":"d4fb07a6-b5dc-466b-a881-ed226407afae-39372","trial_id":10,"param_name":"gamma","param_value_internal":0,"distribution":"{\"name\": \"CategoricalDistribution\", \"attributes\": {\"choices\": [0.99, 0.995, 0.999]}}"}
{"op_code":5,"worker_id":"d4fb07a6-b5dc-466b-a881-ed226407afae-39372","trial_id":10,"param_name":"gae-lambda","param_value_internal":1,"distribution":"{\"name\": \"CategoricalDistribution\", \"attributes\": {\"choices\": [0.9, 0.95, 1.0]}}"}
{"op_code":5,"worker_id":"d4fb07a6-b5dc-466b-a881-ed226407afae-39372","trial_id":10,"param_name":"ent-coef","param_value_internal":0.0027870452822917,"distribution":"{\"name\": \"FloatDistribution\", \"attributes\": {\"step\": null, \"low\": 0.0001, \"high\": 0.03, \"log\": true}}"}
{"op_code":8,"worker_id":"d4fb07a6-b5dc-466b-a881-ed226407afae-39372","trial_id":10,"user_attr":{"train_argv":"--option 0 --reward-mode objective --objectives tardiness_sq --lambda-late 1.0 --lambda-energy 1.0 --power-model linear --difficulty on_rho095 --timesteps 300000 --save-tag tune_on_rho095_o0pmlubr_a2c_t10 --n-envs 4 --vec-backend subproc --seed 0 --algo a2c --markov-obs --lookahead --fixed-scaling --critic-arrivals --lateness-shaping --policy-arch pointer --learning-rate 0.00248278 --rollout-size 320 --gamma 0.99 --gae-lambda 0.95 --ent-coef 0.00278705"}}
{"op_code":7,"worker_id":"d4fb07a6-b5dc-466b-a881-ed226407afae-39372","trial_id":10,"step":75000,"intermediate_value":45660.0}
{"op_code":7,"worker_id":"d4fb07a6-b5dc-466b-a881-ed226407afae-39372","trial_id":10,"step":150000,"intermediate_value":45660.0}
{"op_code":7,"worker_id":"d4fb07a6-b5dc-466b-a881-ed226407afae-39372","trial_id":10,"step":225000,"intermediate_value":45660.0}
{"op_code":6,"worker_id":"d4fb07a6-b5dc-466b-a881-ed226407afae-39372","trial_id":10,"state":1,"values":[52716.9],"datetime_complete":"2026-10-07T06:40:33.227331"}
{"op_code":4,"worker_id":"d4fb07a6-b5dc-466b-a881-ed226407afae-39372","study_id":0,"datetime_start":"2026-10-07T06:40:33.458992"}
{"op_code":5,"worker_id":"d4fb07a6-b5dc-466b-a881-ed226407afae-39372","trial_id":11,"param_name":"learning-rate","param_value_internal":0.0029073507918321692,"distribution":"{\"name\": \"FloatDistribution\", \"attributes\": {\"step\": null, \"low\": 0.0001, \"high\": 0.003, \"log\": true}}"}
{"op_code":5,"worker_id":"d4fb07a6-b5dc-466b-a881-ed226407afae-39372","trial_id":11,"param_name":"rollout-size","param_value_internal":2,"distribution":"{\"name\": \"CategoricalDistribution\", \"attributes\": {\"choices\": [20, 80, 320]}}"}
{"op_code":5,"worker_id":"d4fb07a6-b5dc-466b-a881-ed226407afae-39372","trial_id":11,"param_name":"gamma","param_value_internal":0,"distribution":"{\"name\": \"CategoricalDistribution\", \"attributes\": {\"choices\": [0.99, 0.995, 0.999]}}"}
{"op_code":5,"worker_id":"d4fb07a6-b5dc-466b-a881-ed226407afae-39372","trial_id":11,"param_name":"gae-lambda","param_value_internal":1,"distribution":"{\"name\": \"CategoricalDistribution\", \"attributes\": {\"choices\": [0.9, 0.95, 1.0]}}"}
{"op_code":5,"worker_id":"d4fb07a6-b5dc-466b-a881-ed226407afae-39372","trial_id":11,"param_name":"ent-coef","param_value_internal":0.0036144808012684793,"distribution":"{\"name\": \"FloatDistribution\", \"attributes\": {\"step\": null, \"low\": 0.0001, \"high\": 0.03, \"log\": true}}"}
{"op_code":8,"worker_id":"d4fb07a6-b5dc-466b-a881-ed226407afae-39372","trial_id":11,"user_attr":{"train_argv":"--option 0 --reward-mode objective --objectives tardiness_sq --lambda-late 1.0 --lambda-energy 1.0 --power-model linear --difficulty on_rho095 --timesteps 300000 --save-tag tune_on_rho095_o0pmlubr_a2c_t11 --n-envs 4 --vec-backend subproc --seed 0 --algo a2c --markov-obs --lookahead --fixed-scaling --critic-arrivals --lateness-shaping --policy-arch pointer --learning-rate 0.00290735 --rollout-size 320 --gamma 0.99 --gae-lambda 0.95 --ent-coef 0.00361448"}}
{"op_code":7,"worker_id":"d4fb07a6-b5dc-466b-a881-ed226407afae-39372","trial_id":11,"step":75000,"intermediate_value":45660.0}
{"op_code":7,"worker_id":"d4fb07a6-b5dc-466b-a881-ed226407afae-39372","trial_id":11,"step":150000,"intermediate_value":45660.0}
{"op_code":7,"worker_id":"d4fb07a6-b5dc-466b-a881-ed226407afae-39372","trial_id":11,"step":225000,"intermediate_value":45660.0}
{"op_code":6,"worker_id":"d4fb07a6-b5dc-466b-a881-ed226407afae-39372","trial_id":11,"state":1,"values":[52716.9],"datetime_complete":"2026-10-07T07:12:37.386340"}
