{"op_code":0,"worker_id":"22b295fd-0148-4b7d-b75f-b1c3bfa35830-2776","study_name":"on_rho095_o0pmlubrze","directions":[1]}
{"op_code":4,"worker_id":"22b295fd-0148-4b7d-b75f-b1c3bfa35830-2776","study_id":0,"datetime_start":null,"state":4,"value":null,"values":null,"distributions":{},"params":{},"user_attrs":{"defaults":true},"system_attrs":{"fixed_params":{}},"intermediate_values":{}}
{"op_code":6,"worker_id":"22b295fd-0148-4b7d-b75f-b1c3bfa35830-2776","trial_id":0,"state":0,"values":null,"datetime_start":"2026-10-07T09:03:08.539900"}
{"op_code":8,"worker_id":"22b295fd-0148-4b7d-b75f-b1c3bfa35830-2776","trial_id":0,"user_attr":{"train_argv":"--option 0 --reward-mode objective --objectives tardiness_sq --lambda-late 1.0 --lambda-energy 1.0 --power-model linear --difficulty on_rho095 --timesteps 300000 --save-tag tune_on_rho095_o0pmlubrze_t0 --n-envs 4 --vec-backend subproc --seed 0 --algo ppo --markov-obs --lookahead --fixed-scaling --critic-arrivals --lateness-shaping --normalize-reward --event-idle --policy-arch pointer"}}
{"op_code":7,"worker_id":"22b295fd-0148-4b7d-b75f-b1c3bfa35830-2776","trial_id":0,"step":75000,"intermediate_value":94732.2}
{"op_code":7,"worker_id":"22b295fd-0148-4b7d-b75f-b1c3bfa35830-2776","trial_id":0,"step":150000,"intermediate_value":41710.6}
{"op_code":0,"worker_id":"b114ea1f-9082-4339-a7c0-fe6c190c1688-40468","study_name":"on_rho095_o0pmlubrze","directions":[1]}
{"op_code":7,"worker_id":"22b295fd-0148-4b7d-b75f-b1c3bfa35830-2776","trial_id":0,"step":225000,"intermediate_value":48603.2}
{"op_code":0,"worker_id":"a6549cd4-5f16-4e37-bc26-6f00c041b883-27808","study_name":"on_rho095_o0pmlubrze","directions":[1]}
{"op_code":4,"worker_id":"a6549cd4-5f16-4e37-bc26-6f00c041b883-27808","study_id":0,"datetime_start":"2026-10-07T20:57:21.750922"}
{"op_code":5,"worker_id":"a6549cd4-5f16-4e37-bc26-6f00c041b883-27808","trial_id":1,"param_name":"learning-rate","param_value_internal":0.00012947776733736072,"distribution":"{\"name\": \"FloatDistribution\", \"attributes\": {\"step\": null, \"low\": 3e-05, \"high\": 0.001, \"log\": true}}"}
{"op_code":5,"worker_id":"a6549cd4-5f16-4e37-bc26-6f00c041b883-27808","trial_id":1,"param_name":"rollout-size","param_value_internal":0,"distribution":"{\"name\": \"CategoricalDistribution\", \"attributes\": {\"choices\": [2048, 4096, 8192, 16384]}}"}
{"op_code":5,"worker_id":"a6549cd4-5f16-4e37-bc26-6f00c041b883-27808","trial_id":1,"param_name":"batch-size","param_value_internal":2,"distribution":"{\"name\": \"CategoricalDistribution\", \"attributes\": {\"choices\": [64, 256, 1024]}}"}
{"op_code":5,"worker_id":"a6549cd4-5f16-4e37-bc26-6f00c041b883-27808","trial_id":1,"param_name":"n-epochs","param_value_internal":1,"distribution":"{\"name\": \"CategoricalDistribution\", \"attributes\": {\"choices\": [3, 5, 10]}}"}
{"op_code":5,"worker_id":"a6549cd4-5f16-4e37-bc26-6f00c041b883-27808","trial_id":1,"param_name":"gamma","param_value_internal":2,"distribution":"{\"name\": \"CategoricalDistribution\", \"attributes\": {\"choices\": [0.99, 0.995, 0.999]}}"}
{"op_code":5,"worker_id":"a6549cd4-5f16-4e37-bc26-6f00c041b883-27808","trial_id":1,"param_name":"gae-lambda","param_value_internal":1,"distribution":"{\"name\": \"CategoricalDistribution\", \"attributes\": {\"choices\": [0.9, 0.95, 0.98]}}"}
{"op_code":5,"worker_id":"a6549cd4-5f16-4e37-bc26-6f00c041b883-27808","trial_id":1,"param_name":"clip-range","param_value_internal":0,"distribution":"{\"name\": \"CategoricalDistribution\", \"attributes\": {\"choices\": [0.1, 0.2, 0.3]}}"}
{"op_code":5,"worker_id":"a6549cd4-5f16-4e37-bc26-6f00c041b883-27808","trial_id":1,"param_name":"ent-coef","param_value_internal":0.009628117698906266,"distribution":"{\"name\": \"FloatDistribution\", \"attributes\": {\"step\": null, \"low\": 0.0001, \"high\": 0.03, \"log\": true}}"}
{"op_code":8,"worker_id":"a6549cd4-5f16-4e37-bc26-6f00c041b883-27808","trial_id":1,"user_attr":{"train_argv":"--option 0 --reward-mode objective --objectives tardiness_sq --lambda-late 1.0 --lambda-energy 1.0 --power-model linear --difficulty on_rho095 --timesteps 300000 --save-tag tune_on_rho095_o0pmlubrze_t1 --n-envs 4 --vec-backend subproc --seed 0 --algo ppo --markov-obs --lookahead --fixed-scaling --critic-arrivals --lateness-shaping --normalize-reward --event-idle --policy-arch pointer --learning-rate 0.000129478 --rollout-size 2048 --batch-size 1024 --n-epochs 5 --gamma 0.999 --gae-lambda 0.95 --clip-range 0.1 --ent-coef 0.00962812"}}
{"op_code":6,"worker_id":"22b295fd-0148-4b7d-b75f-b1c3bfa35830-2776","trial_id":0,"state":1,"values":[35669.15],"datetime_complete":"2026-10-07T21:03:27.891330"}
{"op_code":4,"worker_id":"22b295fd-0148-4b7d-b75f-b1c3bfa35830-2776","study_id":0,"datetime_start":"2026-10-07T21:03:28.522909"}
{"op_code":5,"worker_id":"22b295fd-0148-4b7d-b75f-b1c3bfa35830-2776","trial_id":2,"param_name":"learning-rate","param_value_internal":0.00020554062603827,"distribution":"{\"name\": \"FloatDistribution\", \"attributes\": {\"step\": null, \"low\": 3e-05, \"high\": 0.001, \"log\": true}}"}
{"op_code":5,"worker_id":"22b295fd-0148-4b7d-b75f-b1c3bfa35830-2776","trial_id":2,"param_name":"rollout-size","param_value_internal":0,"distribution":"{\"name\": \"CategoricalDistribution\", \"attributes\": {\"choices\": [2048, 4096, 8192, 16384]}}"}
{"op_code":5,"worker_id":"22b295fd-0148-4b7d-b75f-b1c3bfa35830-2776","trial_id":2,"param_name":"batch-size","param_value_internal":2,"distribution":"{\"name\": \"CategoricalDistribution\", \"attributes\": {\"choices\": [64, 256, 1024]}}"}
{"op_code":5,"worker_id":"22b295fd-0148-4b7d-b75f-b1c3bfa35830-2776","trial_id":2,"param_name":"n-epochs","param_value_internal":0,"distribution":"{\"name\": \"CategoricalDistribution\", \"attributes\": {\"choices\": [3, 5, 10]}}"}
{"op_code":5,"worker_id":"22b295fd-0148-4b7d-b75f-b1c3bfa35830-2776","trial_id":2,"param_name":"gamma","param_value_internal":2,"distribution":"{\"name\": \"CategoricalDistribution\", \"attributes\": {\"choices\": [0.99, 0.995, 0.999]}}"}
{"op_code":5,"worker_id":"22b295fd-0148-4b7d-b75f-b1c3bfa35830-2776","trial_id":2,"param_name":"gae-lambda","param_value_internal":1,"distribution":"{\"name\": \"CategoricalDistribution\", \"attributes\": {\"choices\": [0.9, 0.95, 0.98]}}"}
{"op_code":5,"worker_id":"22b295fd-0148-4b7d-b75f-b1c3bfa35830-2776","trial_id":2,"param_name":"clip-range","param_value_internal":2,"distribution":"{\"name\": \"CategoricalDistribution\", \"attributes\": {\"choices\": [0.1, 0.2, 0.3]}}"}
{"op_code":5,"worker_id":"22b295fd-0148-4b7d-b75f-b1c3bfa35830-2776","trial_id":2,"param_name":"ent-coef","param_value_internal":0.02655561084998941,"distribution":"{\"name\": \"FloatDistribution\", \"attributes\": {\"step\": null, \"low\": 0.0001, \"high\": 0.03, \"log\": true}}"}
{"op_code":8,"worker_id":"22b295fd-0148-4b7d-b75f-b1c3bfa35830-2776","trial_id":2,"user_attr":{"train_argv":"--option 0 --reward-mode objective --objectives tardiness_sq --lambda-late 1.0 --lambda-energy 1.0 --power-model linear --difficulty on_rho095 --timesteps 300000 --save-tag tune_on_rho095_o0pmlubrze_t2 --n-envs 4 --vec-backend subproc --seed 0 --algo ppo --markov-obs --lookahead --fixed-scaling --critic-arrivals --lateness-shaping --normalize-reward --event-idle --policy-arch pointer --learning-rate 0.000205541 --rollout-size 2048 --batch-size 1024 --n-epochs 3 --gamma 0.999 --gae-lambda 0.95 --clip-range 0.3 --ent-coef 0.0265556"}}
{"op_code":7,"worker_id":"22b295fd-0148-4b7d-b75f-b1c3bfa35830-2776","trial_id":2,"step":75000,"intermediate_value":299444.6}
{"op_code":7,"worker_id":"a6549cd4-5f16-4e37-bc26-6f00c041b883-27808","trial_id":1,"step":75000,"intermediate_value":206316.2}
{"op_code":7,"worker_id":"22b295fd-0148-4b7d-b75f-b1c3bfa35830-2776","trial_id":2,"step":150000,"intermediate_value":649335.6}
{"op_code":0,"worker_id":"f0ff8d45-32f0-4fb4-a118-ccb3b660c9ab-464","study_name":"on_rho095_o0pmlubrze","directions":[1]}
{"op_code":7,"worker_id":"a6549cd4-5f16-4e37-bc26-6f00c041b883-27808","trial_id":1,"step":150000,"intermediate_value":199068.8}
{"op_code":7,"worker_id":"22b295fd-0148-4b7d-b75f-b1c3bfa35830-2776","trial_id":2,"step":225000,"intermediate_value":814165.6}
{"op_code":6,"worker_id":"22b295fd-0148-4b7d-b75f-b1c3bfa35830-2776","trial_id":2,"state":1,"values":[990657.35],"datetime_complete":"2026-10-07T22:55:16.746974"}
{"op_code":4,"worker_id":"22b295fd-0148-4b7d-b75f-b1c3bfa35830-2776","study_id":0,"datetime_start":"2026-10-07T22:55:17.292335"}
{"op_code":5,"worker_id":"22b295fd-0148-4b7d-b75f-b1c3bfa35830-2776","trial_id":3,"param_name":"learning-rate","param_value_internal":0.0004944733002746453,"distribution":"{\"name\": \"FloatDistribution\", \"attributes\": {\"step\": null, \"low\": 3e-05, \"high\": 0.001, \"log\": true}}"}
{"op_code":5,"worker_id":"22b295fd-0148-4b7d-b75f-b1c3bfa35830-2776","trial_id":3,"param_name":"rollout-size","param_value_internal":1,"distribution":"{\"name\": \"CategoricalDistribution\", \"attributes\": {\"choices\": [2048, 4096, 8192, 16384]}}"}
{"op_code":5,"worker_id":"22b295fd-0148-4b7d-b75f-b1c3bfa35830-2776","trial_id":3,"param_name":"batch-size","param_value_internal":1,"distribution":"{\"name\": \"CategoricalDistribution\", \"attributes\": {\"choices\": [64, 256, 1024]}}"}
{"op_code":5,"worker_id":"22b295fd-0148-4b7d-b75f-b1c3bfa35830-2776","trial_id":3,"param_name":"n-epochs","param_value_internal":2,"distribution":"{\"name\": \"CategoricalDistribution\", \"attributes\": {\"choices\": [3, 5, 10]}}"}
{"op_code":5,"worker_id":"22b295fd-0148-4b7d-b75f-b1c3bfa35830-2776","trial_id":3,"param_name":"gamma","param_value_internal":1,"distribution":"{\"name\": \"CategoricalDistribution\", \"attributes\": {\"choices\": [0.99, 0.995, 0.999]}}"}
{"op_code":5,"worker_id":"22b295fd-0148-4b7d-b75f-b1c3bfa35830-2776","trial_id":3,"param_name":"gae-lambda","param_value_internal":0,"distribution":"{\"name\": \"CategoricalDistribution\", \"attributes\": {\"choices\": [0.9, 0.95, 0.98]}}"}
{"op_code":5,"worker_id":"22b295fd-0148-4b7d-b75f-b1c3bfa35830-2776","trial_id":3,"param_name":"clip-range","param_value_internal":0,"distribution":"{\"name\": \"CategoricalDistribution\", \"attributes\": {\"choices\": [0.1, 0.2, 0.3]}}"}
{"op_code":5,"worker_id":"22b295fd-0148-4b7d-b75f-b1c3bfa35830-2776","trial_id":3,"param_name":"ent-coef","param_value_internal":0.0012094311268425492,"distribution":"{\"name\": \"FloatDistribution\", \"attributes\": {\"step\": null, \"low\": 0.0001, \"high\": 0.03, \"log\": true}}"}
{"op_code":8,"worker_id":"22b295fd-0148-4b7d-b75f-b1c3bfa35830-2776","trial_id":3,"user_attr":{"train_argv":"--option 0 --reward-mode objective --objectives tardiness_sq --lambda-late 1.0 --lambda-energy 1.0 --power-model linear --difficulty on_rho095 --timesteps 300000 --save-tag tune_on_rho095_o0pmlubrze_t3 --n-envs 4 --vec-backend subproc --seed 0 --algo ppo --markov-obs --lookahead --fixed-scaling --critic-arrivals --lateness-shaping --normalize-reward --event-idle --policy-arch pointer --learning-rate 0.000494473 --rollout-size 4096 --batch-size 256 --n-epochs 10 --gamma 0.995 --gae-lambda 0.9 --clip-range 0.1 --ent-coef 0.00120943"}}
{"op_code":0,"worker_id":"8b361414-f6ed-4103-b75a-f7394023f4e8-31116","study_name":"on_rho095_o0pmlubrze","directions":[1]}
{"op_code":0,"worker_id":"f7b70418-a973-42ad-83ee-05a440981989-31800","study_name":"on_rho095_o0pmlubrze","directions":[1]}
{"op_code":8,"worker_id":"f7b70418-a973-42ad-83ee-05a440981989-31800","trial_id":1,"user_attr":{"interrupted":true}}
{"op_code":6,"worker_id":"f7b70418-a973-42ad-83ee-05a440981989-31800","trial_id":1,"state":3,"values":null,"datetime_complete":"2026-10-07T23:05:21.872312"}
{"op_code":4,"worker_id":"f7b70418-a973-42ad-83ee-05a440981989-31800","study_id":0,"datetime_start":null,"state":4,"value":null,"values":null,"distributions":{},"params":{},"user_attrs":{"rerun_of":1},"system_attrs":{"fixed_params":{"learning-rate":0.00012947776733736072,"rollout-size":2048,"batch-size":1024,"n-epochs":5,"gamma":0.999,"gae-lambda":0.95,"clip-range":0.1,"ent-coef":0.009628117698906266}},"intermediate_values":{}}
{"op_code":8,"worker_id":"f7b70418-a973-42ad-83ee-05a440981989-31800","trial_id":3,"user_attr":{"interrupted":true}}
{"op_code":6,"worker_id":"f7b70418-a973-42ad-83ee-05a440981989-31800","trial_id":3,"state":3,"values":null,"datetime_complete":"2026-10-07T23:05:21.889479"}
{"op_code":4,"worker_id":"f7b70418-a973-42ad-83ee-05a440981989-31800","study_id":0,"datetime_start":null,"state":4,"value":null,"values":null,"distributions":{},"params":{},"user_attrs":{"rerun_of":3},"system_attrs":{"fixed_params":{"learning-rate":0.0004944733002746453,"rollout-size":4096,"batch-size":256,"n-epochs":10,"gamma":0.995,"gae-lambda":0.9,"clip-range":0.1,"ent-coef":0.0012094311268425492}},"intermediate_values":{}}
{"op_code":0,"worker_id":"9a3e6ac9-3c7e-47c4-a4eb-1020e3d2622a-29584","study_name":"on_rho095_o0pmlubrze","directions":[1]}
{"op_code":6,"worker_id":"9a3e6ac9-3c7e-47c4-a4eb-1020e3d2622a-29584","trial_id":4,"state":0,"values":null,"datetime_start":"2026-10-07T23:06:40.589556"}
{"op_code":5,"worker_id":"9a3e6ac9-3c7e-47c4-a4eb-1020e3d2622a-29584","trial_id":4,"param_name":"learning-rate","param_value_internal":0.00012947776733736072,"distribution":"{\"name\": \"FloatDistribution\", \"attributes\": {\"step\": null, \"low\": 3e-05, \"high\": 0.001, \"log\": true}}"}
{"op_code":5,"worker_id":"9a3e6ac9-3c7e-47c4-a4eb-1020e3d2622a-29584","trial_id":4,"param_name":"rollout-size","param_value_internal":0,"distribution":"{\"name\": \"CategoricalDistribution\", \"attributes\": {\"choices\": [2048, 4096, 8192, 16384]}}"}
{"op_code":5,"worker_id":"9a3e6ac9-3c7e-47c4-a4eb-1020e3d2622a-29584","trial_id":4,"param_name":"batch-size","param_value_internal":2,"distribution":"{\"name\": \"CategoricalDistribution\", \"attributes\": {\"choices\": [64, 256, 1024]}}"}
{"op_code":5,"worker_id":"9a3e6ac9-3c7e-47c4-a4eb-1020e3d2622a-29584","trial_id":4,"param_name":"n-epochs","param_value_internal":1,"distribution":"{\"name\": \"CategoricalDistribution\", \"attributes\": {\"choices\": [3, 5, 10]}}"}
{"op_code":5,"worker_id":"9a3e6ac9-3c7e-47c4-a4eb-1020e3d2622a-29584","trial_id":4,"param_name":"gamma","param_value_internal":2,"distribution":"{\"name\": \"CategoricalDistribution\", \"attributes\": {\"choices\": [0.99, 0.995, 0.999]}}"}
{"op_code":5,"worker_id":"9a3e6ac9-3c7e-47c4-a4eb-1020e3d2622a-29584","trial_id":4,"param_name":"gae-lambda","param_value_internal":1,"distribution":"{\"name\": \"CategoricalDistribution\", \"attributes\": {\"choices\": [0.9, 0.95, 0.98]}}"}
{"op_code":5,"worker_id":"9a3e6ac9-3c7e-47c4-a4eb-1020e3d2622a-29584","trial_id":4,"param_name":"clip-range","param_value_internal":0,"distribution":"{\"name\": \"CategoricalDistribution\", \"attributes\": {\"choices\": [0.1, 0.2, 0.3]}}"}
{"op_code":5,"worker_id":"9a3e6ac9-3c7e-47c4-a4eb-1020e3d2622a-29584","trial_id":4,"param_name":"ent-coef","param_value_internal":0.009628117698906266,"distribution":"{\"name\": \"FloatDistribution\", \"attributes\": {\"step\": null, \"low\": 0.0001, \"high\": 0.03, \"log\": true}}"}
{"op_code":8,"worker_id":"9a3e6ac9-3c7e-47c4-a4eb-1020e3d2622a-29584","trial_id":4,"user_attr":{"train_argv":"--option 0 --reward-mode objective --objectives tardiness_sq --lambda-late 1.0 --lambda-energy 1.0 --power-model linear --difficulty on_rho095 --timesteps 300000 --save-tag tune_on_rho095_o0pmlubrze_t4 --n-envs 4 --vec-backend subproc --seed 0 --algo ppo --markov-obs --lookahead --fixed-scaling --critic-arrivals --lateness-shaping --normalize-reward --event-idle --policy-arch pointer --learning-rate 0.000129478 --rollout-size 2048 --batch-size 1024 --n-epochs 5 --gamma 0.999 --gae-lambda 0.95 --clip-range 0.1 --ent-coef 0.00962812"}}
{"op_code":0,"worker_id":"ad544d7e-fd0c-4ea1-bc19-8e44c27cd490-35296","study_name":"on_rho095_o0pmlubrze","directions":[1]}
{"op_code":6,"worker_id":"ad544d7e-fd0c-4ea1-bc19-8e44c27cd490-35296","trial_id":5,"state":0,"values":null,"datetime_start":"2026-10-07T23:10:40.201092"}
{"op_code":5,"worker_id":"ad544d7e-fd0c-4ea1-bc19-8e44c27cd490-35296","trial_id":5,"param_name":"learning-rate","param_value_internal":0.0004944733002746453,"distribution":"{\"name\": \"FloatDistribution\", \"attributes\": {\"step\": null, \"low\": 3e-05, \"high\": 0.001, \"log\": true}}"}
{"op_code":5,"worker_id":"ad544d7e-fd0c-4ea1-bc19-8e44c27cd490-35296","trial_id":5,"param_name":"rollout-size","param_value_internal":1,"distribution":"{\"name\": \"CategoricalDistribution\", \"attributes\": {\"choices\": [2048, 4096, 8192, 16384]}}"}
{"op_code":5,"worker_id":"ad544d7e-fd0c-4ea1-bc19-8e44c27cd490-35296","trial_id":5,"param_name":"batch-size","param_value_internal":1,"distribution":"{\"name\": \"CategoricalDistribution\", \"attributes\": {\"choices\": [64, 256, 1024]}}"}
{"op_code":5,"worker_id":"ad544d7e-fd0c-4ea1-bc19-8e44c27cd490-35296","trial_id":5,"param_name":"n-epochs","param_value_internal":2,"distribution":"{\"name\": \"CategoricalDistribution\", \"attributes\": {\"choices\": [3, 5, 10]}}"}
{"op_code":5,"worker_id":"ad544d7e-fd0c-4ea1-bc19-8e44c27cd490-35296","trial_id":5,"param_name":"gamma","param_value_internal":1,"distribution":"{\"name\": \"CategoricalDistribution\", \"attributes\": {\"choices\": [0.99, 0.995, 0.999]}}"}
{"op_code":5,"worker_id":"ad544d7e-fd0c-4ea1-bc19-8e44c27cd490-35296","trial_id":5,"param_name":"gae-lambda","param_value_internal":0,"distribution":"{\"name\": \"CategoricalDistribution\", \"attributes\": {\"choices\": [0.9, 0.95, 0.98]}}"}
{"op_code":5,"worker_id":"ad544d7e-fd0c-4ea1-bc19-8e44c27cd490-35296","trial_id":5,"param_name":"clip-range","param_value_internal":0,"distribution":"{\"name\": \"CategoricalDistribution\", \"attributes\": {\"choices\": [0.1, 0.2, 0.3]}}"}
{"op_code":5,"worker_id":"ad544d7e-fd0c-4ea1-bc19-8e44c27cd490-35296","trial_id":5,"param_name":"ent-coef","param_value_internal":0.0012094311268425492,"distribution":"{\"name\": \"FloatDistribution\", \"attributes\": {\"step\": null, \"low\": 0.0001, \"high\": 0.03, \"log\": true}}"}
{"op_code":8,"worker_id":"ad544d7e-fd0c-4ea1-bc19-8e44c27cd490-35296","trial_id":5,"user_attr":{"train_argv":"--option 0 --reward-mode objective --objectives tardiness_sq --lambda-late 1.0 --lambda-energy 1.0 --power-model linear --difficulty on_rho095 --timesteps 300000 --save-tag tune_on_rho095_o0pmlubrze_t5 --n-envs 4 --vec-backend subproc --seed 0 --algo ppo --markov-obs --lookahead --fixed-scaling --critic-arrivals --lateness-shaping --normalize-reward --event-idle --policy-arch pointer --learning-rate 0.000494473 --rollout-size 4096 --batch-size 256 --n-epochs 10 --gamma 0.995 --gae-lambda 0.9 --clip-range 0.1 --ent-coef 0.00120943"}}
{"op_code":0,"worker_id":"e77f8a05-cce0-4726-8204-7ac34fddc281-1916","study_name":"on_rho095_o0pmlubrze","directions":[1]}
{"op_code":7,"worker_id":"9a3e6ac9-3c7e-47c4-a4eb-1020e3d2622a-29584","trial_id":4,"step":75000,"intermediate_value":206316.2}
{"op_code":0,"worker_id":"a428aa60-57e7-4248-994d-436aac7b5ba1-37176","study_name":"on_rho095_o0pmlubrze","directions":[1]}
{"op_code":7,"worker_id":"9a3e6ac9-3c7e-47c4-a4eb-1020e3d2622a-29584","trial_id":4,"step":150000,"intermediate_value":199068.8}
{"op_code":0,"worker_id":"840ab39e-1ff7-4468-896b-dbdfe82bdbde-22496","study_name":"on_rho095_o0pmlubrze","directions":[1]}
{"op_code":4,"worker_id":"840ab39e-1ff7-4468-896b-dbdfe82bdbde-22496","study_id":0,"datetime_start":"2026-10-08T00:41:13.949389"}
{"op_code":5,"worker_id":"840ab39e-1ff7-4468-896b-dbdfe82bdbde-22496","trial_id":6,"param_name":"learning-rate","param_value_internal":0.00013838487450596167,"distribution":"{\"name\": \"FloatDistribution\", \"attributes\": {\"step\": null, \"low\": 3e-05, \"high\": 0.001, \"log\": true}}"}
{"op_code":5,"worker_id":"840ab39e-1ff7-4468-896b-dbdfe82bdbde-22496","trial_id":6,"param_name":"rollout-size","param_value_internal":1,"distribution":"{\"name\": \"CategoricalDistribution\", \"attributes\": {\"choices\": [2048, 4096, 8192, 16384]}}"}
{"op_code":5,"worker_id":"840ab39e-1ff7-4468-896b-dbdfe82bdbde-22496","trial_id":6,"param_name":"batch-size","param_value_internal":2,"distribution":"{\"name\": \"CategoricalDistribution\", \"attributes\": {\"choices\": [64, 256, 1024]}}"}
{"op_code":5,"worker_id":"840ab39e-1ff7-4468-896b-dbdfe82bdbde-22496","trial_id":6,"param_name":"n-epochs","param_value_internal":2,"distribution":"{\"name\": \"CategoricalDistribution\", \"attributes\": {\"choices\": [3, 5, 10]}}"}
{"op_code":5,"worker_id":"840ab39e-1ff7-4468-896b-dbdfe82bdbde-22496","trial_id":6,"param_name":"gamma","param_value_internal":0,"distribution":"{\"name\": \"CategoricalDistribution\", \"attributes\": {\"choices\": [0.99, 0.995, 0.999]}}"}
{"op_code":5,"worker_id":"840ab39e-1ff7-4468-896b-dbdfe82bdbde-22496","trial_id":6,"param_name":"gae-lambda","param_value_internal":2,"distribution":"{\"name\": \"CategoricalDistribution\", \"attributes\": {\"choices\": [0.9, 0.95, 0.98]}}"}
{"op_code":5,"worker_id":"840ab39e-1ff7-4468-896b-dbdfe82bdbde-22496","trial_id":6,"param_name":"clip-range","param_value_internal":1,"distribution":"{\"name\": \"CategoricalDistribution\", \"attributes\": {\"choices\": [0.1, 0.2, 0.3]}}"}
{"op_code":5,"worker_id":"840ab39e-1ff7-4468-896b-dbdfe82bdbde-22496","trial_id":6,"param_name":"ent-coef","param_value_internal":0.0017846613926286797,"distribution":"{\"name\": \"FloatDistribution\", \"attributes\": {\"step\": null, \"low\": 0.0001, \"high\": 0.03, \"log\": true}}"}
{"op_code":8,"worker_id":"840ab39e-1ff7-4468-896b-dbdfe82bdbde-22496","trial_id":6,"user_attr":{"train_argv":"--option 0 --reward-mode objective --objectives tardiness_sq --lambda-late 1.0 --lambda-energy 1.0 --power-model linear --difficulty on_rho095 --timesteps 300000 --save-tag tune_on_rho095_o0pmlubrze_t6 --n-envs 4 --vec-backend subproc --seed 0 --algo ppo --markov-obs --lookahead --fixed-scaling --critic-arrivals --lateness-shaping --normalize-reward --event-idle --policy-arch pointer --learning-rate 0.000138385 --rollout-size 4096 --batch-size 1024 --n-epochs 10 --gamma 0.99 --gae-lambda 0.98 --clip-range 0.2 --ent-coef 0.00178466"}}
{"op_code":7,"worker_id":"9a3e6ac9-3c7e-47c4-a4eb-1020e3d2622a-29584","trial_id":4,"step":225000,"intermediate_value":229852.2}
{"op_code":6,"worker_id":"9a3e6ac9-3c7e-47c4-a4eb-1020e3d2622a-29584","trial_id":4,"state":1,"values":[285471.15],"datetime_complete":"2026-10-08T02:05:32.190153"}
{"op_code":4,"worker_id":"9a3e6ac9-3c7e-47c4-a4eb-1020e3d2622a-29584","study_id":0,"datetime_start":"2026-10-08T02:05:32.822302"}
{"op_code":5,"worker_id":"9a3e6ac9-3c7e-47c4-a4eb-1020e3d2622a-29584","trial_id":7,"param_name":"learning-rate","param_value_internal":0.00020554062603827,"distribution":"{\"name\": \"FloatDistribution\", \"attributes\": {\"step\": null, \"low\": 3e-05, \"high\": 0.001, \"log\": true}}"}
{"op_code":5,"worker_id":"9a3e6ac9-3c7e-47c4-a4eb-1020e3d2622a-29584","trial_id":7,"param_name":"rollout-size","param_value_internal":0,"distribution":"{\"name\": \"CategoricalDistribution\", \"attributes\": {\"choices\": [2048, 4096, 8192, 16384]}}"}
{"op_code":5,"worker_id":"9a3e6ac9-3c7e-47c4-a4eb-1020e3d2622a-29584","trial_id":7,"param_name":"batch-size","param_value_internal":2,"distribution":"{\"name\": \"CategoricalDistribution\", \"attributes\": {\"choices\": [64, 256, 1024]}}"}
{"op_code":5,"worker_id":"9a3e6ac9-3c7e-47c4-a4eb-1020e3d2622a-29584","trial_id":7,"param_name":"n-epochs","param_value_internal":0,"distribution":"{\"name\": \"CategoricalDistribution\", \"attributes\": {\"choices\": [3, 5, 10]}}"}
{"op_code":5,"worker_id":"9a3e6ac9-3c7e-47c4-a4eb-1020e3d2622a-29584","trial_id":7,"param_name":"gamma","param_value_internal":2,"distribution":"{\"name\": \"CategoricalDistribution\", \"attributes\": {\"choices\": [0.99, 0.995, 0.999]}}"}
{"op_code":5,"worker_id":"9a3e6ac9-3c7e-47c4-a4eb-1020e3d2622a-29584","trial_id":7,"param_name":"gae-lambda","param_value_internal":1,"distribution":"{\"name\": \"CategoricalDistribution\", \"attributes\": {\"choices\": [0.9, 0.95, 0.98]}}"}
{"op_code":5,"worker_id":"9a3e6ac9-3c7e-47c4-a4eb-1020e3d2622a-29584","trial_id":7,"param_name":"clip-range","param_value_internal":2,"distribution":"{\"name\": \"CategoricalDistribution\", \"attributes\": {\"choices\": [0.1, 0.2, 0.3]}}"}
{"op_code":5,"worker_id":"9a3e6ac9-3c7e-47c4-a4eb-1020e3d2622a-29584","trial_id":7,"param_name":"ent-coef","param_value_internal":0.02655561084998941,"distribution":"{\"name\": \"FloatDistribution\", \"attributes\": {\"step\": null, \"low\": 0.0001, \"high\": 0.03, \"log\": true}}"}
{"op_code":8,"worker_id":"9a3e6ac9-3c7e-47c4-a4eb-1020e3d2622a-29584","trial_id":7,"user_attr":{"train_argv":"--option 0 --reward-mode objective --objectives tardiness_sq --lambda-late 1.0 --lambda-energy 1.0 --power-model linear --difficulty on_rho095 --timesteps 300000 --save-tag tune_on_rho095_o0pmlubrze_t7 --n-envs 4 --vec-backend subproc --seed 0 --algo ppo --markov-obs --lookahead --fixed-scaling --critic-arrivals --lateness-shaping --normalize-reward --event-idle --policy-arch pointer --learning-rate 0.000205541 --rollout-size 2048 --batch-size 1024 --n-epochs 3 --gamma 0.999 --gae-lambda 0.95 --clip-range 0.3 --ent-coef 0.0265556"}}
{"op_code":7,"worker_id":"840ab39e-1ff7-4468-896b-dbdfe82bdbde-22496","trial_id":6,"step":75000,"intermediate_value":252123.6}
{"op_code":7,"worker_id":"9a3e6ac9-3c7e-47c4-a4eb-1020e3d2622a-29584","trial_id":7,"step":75000,"intermediate_value":299444.6}
{"op_code":7,"worker_id":"9a3e6ac9-3c7e-47c4-a4eb-1020e3d2622a-29584","trial_id":7,"step":150000,"intermediate_value":649335.6}
{"op_code":7,"worker_id":"9a3e6ac9-3c7e-47c4-a4eb-1020e3d2622a-29584","trial_id":7,"step":225000,"intermediate_value":814165.6}
{"op_code":7,"worker_id":"840ab39e-1ff7-4468-896b-dbdfe82bdbde-22496","trial_id":6,"step":150000,"intermediate_value":154066.0}
{"op_code":6,"worker_id":"9a3e6ac9-3c7e-47c4-a4eb-1020e3d2622a-29584","trial_id":7,"state":1,"values":[990657.35],"datetime_complete":"2026-10-08T04:00:56.041514"}
{"op_code":4,"worker_id":"9a3e6ac9-3c7e-47c4-a4eb-1020e3d2622a-29584","study_id":0,"datetime_start":"2026-10-08T04:00:57.085392"}
{"op_code":5,"worker_id":"9a3e6ac9-3c7e-47c4-a4eb-1020e3d2622a-29584","trial_id":8,"param_name":"learning-rate","param_value_internal":0.0004944733002746453,"distribution":"{\"name\": \"FloatDistribution\", \"attributes\": {\"step\": null, \"low\": 3e-05, \"high\": 0.001, \"log\": true}}"}
{"op_code":5,"worker_id":"9a3e6ac9-3c7e-47c4-a4eb-1020e3d2622a-29584","trial_id":8,"param_name":"rollout-size","param_value_internal":1,"distribution":"{\"name\": \"CategoricalDistribution\", \"attributes\": {\"choices\": [2048, 4096, 8192, 16384]}}"}
{"op_code":5,"worker_id":"9a3e6ac9-3c7e-47c4-a4eb-1020e3d2622a-29584","trial_id":8,"param_name":"batch-size","param_value_internal":1,"distribution":"{\"name\": \"CategoricalDistribution\", \"attributes\": {\"choices\": [64, 256, 1024]}}"}
{"op_code":5,"worker_id":"9a3e6ac9-3c7e-47c4-a4eb-1020e3d2622a-29584","trial_id":8,"param_name":"n-epochs","param_value_internal":2,"distribution":"{\"name\": \"CategoricalDistribution\", \"attributes\": {\"choices\": [3, 5, 10]}}"}
{"op_code":5,"worker_id":"9a3e6ac9-3c7e-47c4-a4eb-1020e3d2622a-29584","trial_id":8,"param_name":"gamma","param_value_internal":1,"distribution":"{\"name\": \"CategoricalDistribution\", \"attributes\": {\"choices\": [0.99, 0.995, 0.999]}}"}
{"op_code":5,"worker_id":"9a3e6ac9-3c7e-47c4-a4eb-1020e3d2622a-29584","trial_id":8,"param_name":"gae-lambda","param_value_internal":0,"distribution":"{\"name\": \"CategoricalDistribution\", \"attributes\": {\"choices\": [0.9, 0.95, 0.98]}}"}
{"op_code":5,"worker_id":"9a3e6ac9-3c7e-47c4-a4eb-1020e3d2622a-29584","trial_id":8,"param_name":"clip-range","param_value_internal":0,"distribution":"{\"name\": \"CategoricalDistribution\", \"attributes\": {\"choices\": [0.1, 0.2, 0.3]}}"}
{"op_code":5,"worker_id":"9a3e6ac9-3c7e-47c4-a4eb-1020e3d2622a-29584","trial_id":8,"param_name":"ent-coef","param_value_internal":0.0012094311268425492,"distribution":"{\"name\": \"FloatDistribution\", \"attributes\": {\"step\": null, \"low\": 0.0001, \"high\": 0.03, \"log\": true}}"}
{"op_code":8,"worker_id":"9a3e6ac9-3c7e-47c4-a4eb-1020e3d2622a-29584","trial_id":8,"user_attr":{"train_argv":"--option 0 --reward-mode objective --objectives tardiness_sq --lambda-late 1.0 --lambda-energy 1.0 --power-model linear --difficulty on_rho095 --timesteps 300000 --save-tag tune_on_rho095_o0pmlubrze_t8 --n-envs 4 --vec-backend subproc --seed 0 --algo ppo --markov-obs --lookahead --fixed-scaling --critic-arrivals --lateness-shaping --normalize-reward --event-idle --policy-arch pointer --learning-rate 0.000494473 --rollout-size 4096 --batch-size 256 --n-epochs 10 --gamma 0.995 --gae-lambda 0.9 --clip-range 0.1 --ent-coef 0.00120943"}}
{"op_code":7,"worker_id":"840ab39e-1ff7-4468-896b-dbdfe82bdbde-22496","trial_id":6,"step":225000,"intermediate_value":92294.6}
{"op_code":0,"worker_id":"a87a9fd9-256d-46ba-9f75-39c662303249-17132","study_name":"on_rho095_o0pmlubrze","directions":[1]}
{"op_code":7,"worker_id":"9a3e6ac9-3c7e-47c4-a4eb-1020e3d2622a-29584","trial_id":8,"step":75000,"intermediate_value":475825.4}
{"op_code":7,"worker_id":"9a3e6ac9-3c7e-47c4-a4eb-1020e3d2622a-29584","trial_id":8,"step":150000,"intermediate_value":314420.6}
{"op_code":7,"worker_id":"9a3e6ac9-3c7e-47c4-a4eb-1020e3d2622a-29584","trial_id":8,"step":225000,"intermediate_value":245321.6}
{"op_code":0,"worker_id":"8a375b41-7c0f-4c5d-b1cb-dd23cc06b472-5576","study_name":"on_rho095_o0pmlubrze","directions":[1]}
{"op_code":6,"worker_id":"9a3e6ac9-3c7e-47c4-a4eb-1020e3d2622a-29584","trial_id":8,"state":1,"values":[165219.45],"datetime_complete":"2026-10-08T09:38:04.151068"}
{"op_code":4,"worker_id":"9a3e6ac9-3c7e-47c4-a4eb-1020e3d2622a-29584","study_id":0,"datetime_start":"2026-10-08T09:38:04.803939"}
{"op_code":5,"worker_id":"9a3e6ac9-3c7e-47c4-a4eb-1020e3d2622a-29584","trial_id":9,"param_name":"learning-rate","param_value_internal":0.0003463609921766881,"distribution":"{\"name\": \"FloatDistribution\", \"attributes\": {\"step\": null, \"low\": 3e-05, \"high\": 0.001, \"log\": true}}"}
{"op_code":5,"worker_id":"9a3e6ac9-3c7e-47c4-a4eb-1020e3d2622a-29584","trial_id":9,"param_name":"rollout-size","param_value_internal":2,"distribution":"{\"name\": \"CategoricalDistribution\", \"attributes\": {\"choices\": [2048, 4096, 8192, 16384]}}"}
{"op_code":5,"worker_id":"9a3e6ac9-3c7e-47c4-a4eb-1020e3d2622a-29584","trial_id":9,"param_name":"batch-size","param_value_internal":2,"distribution":"{\"name\": \"CategoricalDistribution\", \"attributes\": {\"choices\": [64, 256, 1024]}}"}
{"op_code":5,"worker_id":"9a3e6ac9-3c7e-47c4-a4eb-1020e3d2622a-29584","trial_id":9,"param_name":"n-epochs","param_value_internal":2,"distribution":"{\"name\": \"CategoricalDistribution\", \"attributes\": {\"choices\": [3, 5, 10]}}"}
{"op_code":5,"worker_id":"9a3e6ac9-3c7e-47c4-a4eb-1020e3d2622a-29584","trial_id":9,"param_name":"gamma","param_value_internal":1,"distribution":"{\"name\": \"CategoricalDistribution\", \"attributes\": {\"choices\": [0.99, 0.995, 0.999]}}"}
{"op_code":5,"worker_id":"9a3e6ac9-3c7e-47c4-a4eb-1020e3d2622a-29584","trial_id":9,"param_name":"gae-lambda","param_value_internal":0,"distribution":"{\"name\": \"CategoricalDistribution\", \"attributes\": {\"choices\": [0.9, 0.95, 0.98]}}"}
{"op_code":5,"worker_id":"9a3e6ac9-3c7e-47c4-a4eb-1020e3d2622a-29584","trial_id":9,"param_name":"clip-range","param_value_internal":0,"distribution":"{\"name\": \"CategoricalDistribution\", \"attributes\": {\"choices\": [0.1, 0.2, 0.3]}}"}
{"op_code":5,"worker_id":"9a3e6ac9-3c7e-47c4-a4eb-1020e3d2622a-29584","trial_id":9,"param_name":"ent-coef","param_value_internal":0.0042248177213228075,"distribution":"{\"name\": \"FloatDistribution\", \"attributes\": {\"step\": null, \"low\": 0.0001, \"high\": 0.03, \"log\": true}}"}
{"op_code":8,"worker_id":"9a3e6ac9-3c7e-47c4-a4eb-1020e3d2622a-29584","trial_id":9,"user_attr":{"train_argv":"--option 0 --reward-mode objective --objectives tardiness_sq --lambda-late 1.0 --lambda-energy 1.0 --power-model linear --difficulty on_rho095 --timesteps 300000 --save-tag tune_on_rho095_o0pmlubrze_t9 --n-envs 4 --vec-backend subproc --seed 0 --algo ppo --markov-obs --lookahead --fixed-scaling --critic-arrivals --lateness-shaping --normalize-reward --event-idle --policy-arch pointer --learning-rate 0.000346361 --rollout-size 8192 --batch-size 1024 --n-epochs 10 --gamma 0.995 --gae-lambda 0.9 --clip-range 0.1 --ent-coef 0.00422482"}}
{"op_code":7,"worker_id":"9a3e6ac9-3c7e-47c4-a4eb-1020e3d2622a-29584","trial_id":9,"step":75000,"intermediate_value":320980.8}
{"op_code":6,"worker_id":"9a3e6ac9-3c7e-47c4-a4eb-1020e3d2622a-29584","trial_id":9,"state":2,"values":[320980.8],"datetime_complete":"2026-10-08T10:55:27.371052"}
{"op_code":4,"worker_id":"9a3e6ac9-3c7e-47c4-a4eb-1020e3d2622a-29584","study_id":0,"datetime_start":"2026-10-08T10:55:27.796029"}
{"op_code":5,"worker_id":"9a3e6ac9-3c7e-47c4-a4eb-1020e3d2622a-29584","trial_id":10,"param_name":"learning-rate","param_value_internal":4.8703159315306354e-05,"distribution":"{\"name\": \"FloatDistribution\", \"attributes\": {\"step\": null, \"low\": 3e-05, \"high\": 0.001, \"log\": true}}"}
{"op_code":5,"worker_id":"9a3e6ac9-3c7e-47c4-a4eb-1020e3d2622a-29584","trial_id":10,"param_name":"rollout-size","param_value_internal":2,"distribution":"{\"name\": \"CategoricalDistribution\", \"attributes\": {\"choices\": [2048, 4096, 8192, 16384]}}"}
{"op_code":5,"worker_id":"9a3e6ac9-3c7e-47c4-a4eb-1020e3d2622a-29584","trial_id":10,"param_name":"batch-size","param_value_internal":2,"distribution":"{\"name\": \"CategoricalDistribution\", \"attributes\": {\"choices\": [64, 256, 1024]}}"}
{"op_code":5,"worker_id":"9a3e6ac9-3c7e-47c4-a4eb-1020e3d2622a-29584","trial_id":10,"param_name":"n-epochs","param_value_internal":1,"distribution":"{\"name\": \"CategoricalDistribution\", \"attributes\": {\"choices\": [3, 5, 10]}}"}
{"op_code":5,"worker_id":"9a3e6ac9-3c7e-47c4-a4eb-1020e3d2622a-29584","trial_id":10,"param_name":"gamma","param_value_internal":0,"distribution":"{\"name\": \"CategoricalDistribution\", \"attributes\": {\"choices\": [0.99, 0.995, 0.999]}}"}
{"op_code":5,"worker_id":"9a3e6ac9-3c7e-47c4-a4eb-1020e3d2622a-29584","trial_id":10,"param_name":"gae-lambda","param_value_internal":1,"distribution":"{\"name\": \"CategoricalDistribution\", \"attributes\": {\"choices\": [0.9, 0.95, 0.98]}}"}
{"op_code":5,"worker_id":"9a3e6ac9-3c7e-47c4-a4eb-1020e3d2622a-29584","trial_id":10,"param_name":"clip-range","param_value_internal":1,"distribution":"{\"name\": \"CategoricalDistribution\", \"attributes\": {\"choices\": [0.1, 0.2, 0.3]}}"}
{"op_code":5,"worker_id":"9a3e6ac9-3c7e-47c4-a4eb-1020e3d2622a-29584","trial_id":10,"param_name":"ent-coef","param_value_internal":0.005192032534497486,"distribution":"{\"name\": \"FloatDistribution\", \"attributes\": {\"step\": null, \"low\": 0.0001, \"high\": 0.03, \"log\": true}}"}
{"op_code":8,"worker_id":"9a3e6ac9-3c7e-47c4-a4eb-1020e3d2622a-29584","trial_id":10,"user_attr":{"train_argv":"--option 0 --reward-mode objective --objectives tardiness_sq --lambda-late 1.0 --lambda-energy 1.0 --power-model linear --difficulty on_rho095 --timesteps 300000 --save-tag tune_on_rho095_o0pmlubrze_t10 --n-envs 4 --vec-backend subproc --seed 0 --algo ppo --markov-obs --lookahead --fixed-scaling --critic-arrivals --lateness-shaping --normalize-reward --event-idle --policy-arch pointer --learning-rate 4.87032e-05 --rollout-size 8192 --batch-size 1024 --n-epochs 5 --gamma 0.99 --gae-lambda 0.95 --clip-range 0.2 --ent-coef 0.00519203"}}
{"op_code":7,"worker_id":"9a3e6ac9-3c7e-47c4-a4eb-1020e3d2622a-29584","trial_id":10,"step":75000,"intermediate_value":381158.8}
{"op_code":6,"worker_id":"9a3e6ac9-3c7e-47c4-a4eb-1020e3d2622a-29584","trial_id":10,"state":2,"values":[381158.8],"datetime_complete":"2026-10-08T11:34:41.381946"}
{"op_code":4,"worker_id":"9a3e6ac9-3c7e-47c4-a4eb-1020e3d2622a-29584","study_id":0,"datetime_start":"2026-10-08T11:34:41.762997"}
{"op_code":5,"worker_id":"9a3e6ac9-3c7e-47c4-a4eb-1020e3d2622a-29584","trial_id":11,"param_name":"learning-rate","param_value_internal":0.00021876939530160837,"distribution":"{\"name\": \"FloatDistribution\", \"attributes\": {\"step\": null, \"low\": 3e-05, \"high\": 0.001, \"log\": true}}"}
{"op_code":5,"worker_id":"9a3e6ac9-3c7e-47c4-a4eb-1020e3d2622a-29584","trial_id":11,"param_name":"rollout-size","param_value_internal":3,"distribution":"{\"name\": \"CategoricalDistribution\", \"attributes\": {\"choices\": [2048, 4096, 8192, 16384]}}"}
{"op_code":5,"worker_id":"9a3e6ac9-3c7e-47c4-a4eb-1020e3d2622a-29584","trial_id":11,"param_name":"batch-size","param_value_internal":0,"distribution":"{\"name\": \"CategoricalDistribution\", \"attributes\": {\"choices\": [64, 256, 1024]}}"}
{"op_code":5,"worker_id":"9a3e6ac9-3c7e-47c4-a4eb-1020e3d2622a-29584","trial_id":11,"param_name":"n-epochs","param_value_internal":1,"distribution":"{\"name\": \"CategoricalDistribution\", \"attributes\": {\"choices\": [3, 5, 10]}}"}
{"op_code":5,"worker_id":"9a3e6ac9-3c7e-47c4-a4eb-1020e3d2622a-29584","trial_id":11,"param_name":"gamma","param_value_internal":1,"distribution":"{\"name\": \"CategoricalDistribution\", \"attributes\": {\"choices\": [0.99, 0.995, 0.999]}}"}
{"op_code":5,"worker_id":"9a3e6ac9-3c7e-47c4-a4eb-1020e3d2622a-29584","trial_id":11,"param_name":"gae-lambda","param_value_internal":0,"distribution":"{\"name\": \"CategoricalDistribution\", \"attributes\": {\"choices\": [0.9, 0.95, 0.98]}}"}
{"op_code":5,"worker_id":"9a3e6ac9-3c7e-47c4-a4eb-1020e3d2622a-29584","trial_id":11,"param_name":"clip-range","param_value_internal":2,"distribution":"{\"name\": \"CategoricalDistribution\", \"attributes\": {\"choices\": [0.1, 0.2, 0.3]}}"}
{"op_code":5,"worker_id":"9a3e6ac9-3c7e-47c4-a4eb-1020e3d2622a-29584","trial_id":11,"param_name":"ent-coef","param_value_internal":0.000413229862740349,"distribution":"{\"name\": \"FloatDistribution\", \"attributes\": {\"step\": null, \"low\": 0.0001, \"high\": 0.03, \"log\": true}}"}
{"op_code":8,"worker_id":"9a3e6ac9-3c7e-47c4-a4eb-1020e3d2622a-29584","trial_id":11,"user_attr":{"train_argv":"--option 0 --reward-mode objective --objectives tardiness_sq --lambda-late 1.0 --lambda-energy 1.0 --power-model linear --difficulty on_rho095 --timesteps 300000 --save-tag tune_on_rho095_o0pmlubrze_t11 --n-envs 4 --vec-backend subproc --seed 0 --algo ppo --markov-obs --lookahead --fixed-scaling --critic-arrivals --lateness-shaping --normalize-reward --event-idle --policy-arch pointer --learning-rate 0.000218769 --rollout-size 16384 --batch-size 64 --n-epochs 5 --gamma 0.995 --gae-lambda 0.9 --clip-range 0.3 --ent-coef 0.00041323"}}
{"op_code":0,"worker_id":"29e2f0fe-d517-4208-9698-e162de7d96ca-22076","study_name":"on_rho095_o0pmlubrze","directions":[1]}
{"op_code":8,"worker_id":"29e2f0fe-d517-4208-9698-e162de7d96ca-22076","trial_id":5,"user_attr":{"stopped_early":true}}
{"op_code":6,"worker_id":"29e2f0fe-d517-4208-9698-e162de7d96ca-22076","trial_id":5,"state":3,"values":null,"datetime_complete":"2026-10-08T11:56:33.954034"}
{"op_code":8,"worker_id":"29e2f0fe-d517-4208-9698-e162de7d96ca-22076","trial_id":6,"user_attr":{"stopped_early":true}}
{"op_code":6,"worker_id":"29e2f0fe-d517-4208-9698-e162de7d96ca-22076","trial_id":6,"state":3,"values":null,"datetime_complete":"2026-10-08T11:56:33.971935"}
{"op_code":8,"worker_id":"29e2f0fe-d517-4208-9698-e162de7d96ca-22076","trial_id":11,"user_attr":{"stopped_early":true}}
{"op_code":6,"worker_id":"29e2f0fe-d517-4208-9698-e162de7d96ca-22076","trial_id":11,"state":3,"values":null,"datetime_complete":"2026-10-08T11:56:33.987291"}
{"op_code":0,"worker_id":"ddd094ab-a44a-48c9-9579-a21410dfb318-32732","study_name":"on_rho095_o0pmlubrze","directions":[1]}
{"op_code":0,"worker_id":"132683d9-a77a-40dd-8509-a3024437e0e3-36448","study_name":"on_rho095_o0pmlubrze","directions":[1]}
{"op_code":0,"worker_id":"82a96c0f-6deb-4925-b8e0-2ee49b952240-38104","study_name":"on_rho095_o0pmlubrze","directions":[1]}
{"op_code":0,"worker_id":"c61ed836-3f1f-4a2c-840f-b0a6a65f928d-36512","study_name":"on_rho095_o0pmlubrze","directions":[1]}
{"op_code":0,"worker_id":"244cbf8e-d2d5-444c-af4e-da612028f7df-14944","study_name":"on_rho095_o0pmlubrze","directions":[1]}
