{"op_code":0,"worker_id":"51859cb3-f3d8-487c-ae48-5c97a0550c0e-3144","study_name":"on_rho095_o1cmlubrze_a2c","directions":[1]}
{"op_code":4,"worker_id":"51859cb3-f3d8-487c-ae48-5c97a0550c0e-3144","study_id":0,"datetime_start":null,"state":4,"value":null,"values":null,"distributions":{},"params":{},"user_attrs":{"defaults":true},"system_attrs":{"fixed_params":{}},"intermediate_values":{}}
{"op_code":6,"worker_id":"51859cb3-f3d8-487c-ae48-5c97a0550c0e-3144","trial_id":0,"state":0,"values":null,"datetime_start":"2026-10-09T00:01:14.383669"}
{"op_code":8,"worker_id":"51859cb3-f3d8-487c-ae48-5c97a0550c0e-3144","trial_id":0,"user_attr":{"train_argv":"--option 1 --reward-mode objective --objectives tardiness_sq --lambda-late 1.0 --lambda-energy 1.0 --power-model linear --difficulty on_rho095 --timesteps 300000 --save-tag tune_on_rho095_o1cmlubrze_a2c_t0 --n-envs 4 --vec-backend subproc --seed 0 --rule-placements FirstFit,Consolidate --algo a2c --markov-obs --lookahead --fixed-scaling --critic-arrivals --lateness-shaping --normalize-reward --event-idle"}}
{"op_code":7,"worker_id":"51859cb3-f3d8-487c-ae48-5c97a0550c0e-3144","trial_id":0,"step":75000,"intermediate_value":45502.8}
{"op_code":7,"worker_id":"51859cb3-f3d8-487c-ae48-5c97a0550c0e-3144","trial_id":0,"step":150000,"intermediate_value":23590.0}
{"op_code":7,"worker_id":"51859cb3-f3d8-487c-ae48-5c97a0550c0e-3144","trial_id":0,"step":225000,"intermediate_value":19906.4}
{"op_code":0,"worker_id":"b4478078-9f07-4a68-bb86-4f5e722ea705-36512","study_name":"on_rho095_o1cmlubrze_a2c","directions":[1]}
{"op_code":6,"worker_id":"51859cb3-f3d8-487c-ae48-5c97a0550c0e-3144","trial_id":0,"state":1,"values":[43668.1],"datetime_complete":"2026-10-09T00:12:24.664167"}
{"op_code":4,"worker_id":"51859cb3-f3d8-487c-ae48-5c97a0550c0e-3144","study_id":0,"datetime_start":"2026-10-09T00:12:24.989938"}
{"op_code":5,"worker_id":"51859cb3-f3d8-487c-ae48-5c97a0550c0e-3144","trial_id":1,"param_name":"learning-rate","param_value_internal":0.0006466422717414558,"distribution":"{\"name\": \"FloatDistribution\", \"attributes\": {\"step\": null, \"low\": 0.0001, \"high\": 0.003, \"log\": true}}"}
{"op_code":5,"worker_id":"51859cb3-f3d8-487c-ae48-5c97a0550c0e-3144","trial_id":1,"param_name":"rollout-size","param_value_internal":0,"distribution":"{\"name\": \"CategoricalDistribution\", \"attributes\": {\"choices\": [20, 80, 320]}}"}
{"op_code":5,"worker_id":"51859cb3-f3d8-487c-ae48-5c97a0550c0e-3144","trial_id":1,"param_name":"gamma","param_value_internal":1,"distribution":"{\"name\": \"CategoricalDistribution\", \"attributes\": {\"choices\": [0.99, 0.995, 0.999]}}"}
{"op_code":5,"worker_id":"51859cb3-f3d8-487c-ae48-5c97a0550c0e-3144","trial_id":1,"param_name":"gae-lambda","param_value_internal":1,"distribution":"{\"name\": \"CategoricalDistribution\", \"attributes\": {\"choices\": [0.9, 0.95, 1.0]}}"}
{"op_code":5,"worker_id":"51859cb3-f3d8-487c-ae48-5c97a0550c0e-3144","trial_id":1,"param_name":"ent-coef","param_value_internal":0.009145320282946534,"distribution":"{\"name\": \"FloatDistribution\", \"attributes\": {\"step\": null, \"low\": 0.0001, \"high\": 0.03, \"log\": true}}"}
{"op_code":8,"worker_id":"51859cb3-f3d8-487c-ae48-5c97a0550c0e-3144","trial_id":1,"user_attr":{"train_argv":"--option 1 --reward-mode objective --objectives tardiness_sq --lambda-late 1.0 --lambda-energy 1.0 --power-model linear --difficulty on_rho095 --timesteps 300000 --save-tag tune_on_rho095_o1cmlubrze_a2c_t1 --n-envs 4 --vec-backend subproc --seed 0 --rule-placements FirstFit,Consolidate --algo a2c --markov-obs --lookahead --fixed-scaling --critic-arrivals --lateness-shaping --normalize-reward --event-idle --learning-rate 0.000646642 --rollout-size 20 --gamma 0.995 --gae-lambda 0.95 --ent-coef 0.00914532"}}
{"op_code":0,"worker_id":"98d6dbdd-b950-4c0f-bb1b-a5410f36dbf3-14944","study_name":"on_rho095_o1cmlubrze_a2c","directions":[1]}
{"op_code":7,"worker_id":"51859cb3-f3d8-487c-ae48-5c97a0550c0e-3144","trial_id":1,"step":75000,"intermediate_value":45502.8}
{"op_code":7,"worker_id":"51859cb3-f3d8-487c-ae48-5c97a0550c0e-3144","trial_id":1,"step":150000,"intermediate_value":38023.2}
{"op_code":7,"worker_id":"51859cb3-f3d8-487c-ae48-5c97a0550c0e-3144","trial_id":1,"step":225000,"intermediate_value":166137.8}
{"op_code":6,"worker_id":"51859cb3-f3d8-487c-ae48-5c97a0550c0e-3144","trial_id":1,"state":1,"values":[189647.55],"datetime_complete":"2026-10-09T00:24:04.402749"}
{"op_code":4,"worker_id":"51859cb3-f3d8-487c-ae48-5c97a0550c0e-3144","study_id":0,"datetime_start":"2026-10-09T00:24:04.682691"}
{"op_code":5,"worker_id":"51859cb3-f3d8-487c-ae48-5c97a0550c0e-3144","trial_id":2,"param_name":"learning-rate","param_value_internal":0.0006042851578845063,"distribution":"{\"name\": \"FloatDistribution\", \"attributes\": {\"step\": null, \"low\": 0.0001, \"high\": 0.003, \"log\": true}}"}
{"op_code":5,"worker_id":"51859cb3-f3d8-487c-ae48-5c97a0550c0e-3144","trial_id":2,"param_name":"rollout-size","param_value_internal":1,"distribution":"{\"name\": \"CategoricalDistribution\", \"attributes\": {\"choices\": [20, 80, 320]}}"}
{"op_code":5,"worker_id":"51859cb3-f3d8-487c-ae48-5c97a0550c0e-3144","trial_id":2,"param_name":"gamma","param_value_internal":2,"distribution":"{\"name\": \"CategoricalDistribution\", \"attributes\": {\"choices\": [0.99, 0.995, 0.999]}}"}
{"op_code":5,"worker_id":"51859cb3-f3d8-487c-ae48-5c97a0550c0e-3144","trial_id":2,"param_name":"gae-lambda","param_value_internal":2,"distribution":"{\"name\": \"CategoricalDistribution\", \"attributes\": {\"choices\": [0.9, 0.95, 1.0]}}"}
{"op_code":5,"worker_id":"51859cb3-f3d8-487c-ae48-5c97a0550c0e-3144","trial_id":2,"param_name":"ent-coef","param_value_internal":0.009541412354586892,"distribution":"{\"name\": \"FloatDistribution\", \"attributes\": {\"step\": null, \"low\": 0.0001, \"high\": 0.03, \"log\": true}}"}
{"op_code":8,"worker_id":"51859cb3-f3d8-487c-ae48-5c97a0550c0e-3144","trial_id":2,"user_attr":{"train_argv":"--option 1 --reward-mode objective --objectives tardiness_sq --lambda-late 1.0 --lambda-energy 1.0 --power-model linear --difficulty on_rho095 --timesteps 300000 --save-tag tune_on_rho095_o1cmlubrze_a2c_t2 --n-envs 4 --vec-backend subproc --seed 0 --rule-placements FirstFit,Consolidate --algo a2c --markov-obs --lookahead --fixed-scaling --critic-arrivals --lateness-shaping --normalize-reward --event-idle --learning-rate 0.000604285 --rollout-size 80 --gamma 0.999 --gae-lambda 1 --ent-coef 0.00954141"}}
{"op_code":7,"worker_id":"51859cb3-f3d8-487c-ae48-5c97a0550c0e-3144","trial_id":2,"step":75000,"intermediate_value":100738.0}
{"op_code":7,"worker_id":"51859cb3-f3d8-487c-ae48-5c97a0550c0e-3144","trial_id":2,"step":150000,"intermediate_value":132795.8}
{"op_code":7,"worker_id":"51859cb3-f3d8-487c-ae48-5c97a0550c0e-3144","trial_id":2,"step":225000,"intermediate_value":132795.8}
{"op_code":6,"worker_id":"51859cb3-f3d8-487c-ae48-5c97a0550c0e-3144","trial_id":2,"state":1,"values":[52716.9],"datetime_complete":"2026-10-09T00:32:16.662274"}
{"op_code":4,"worker_id":"51859cb3-f3d8-487c-ae48-5c97a0550c0e-3144","study_id":0,"datetime_start":"2026-10-09T00:32:16.950550"}
{"op_code":5,"worker_id":"51859cb3-f3d8-487c-ae48-5c97a0550c0e-3144","trial_id":3,"param_name":"learning-rate","param_value_internal":0.0004804641349751479,"distribution":"{\"name\": \"FloatDistribution\", \"attributes\": {\"step\": null, \"low\": 0.0001, \"high\": 0.003, \"log\": true}}"}
{"op_code":5,"worker_id":"51859cb3-f3d8-487c-ae48-5c97a0550c0e-3144","trial_id":3,"param_name":"rollout-size","param_value_internal":0,"distribution":"{\"name\": \"CategoricalDistribution\", \"attributes\": {\"choices\": [20, 80, 320]}}"}
{"op_code":5,"worker_id":"51859cb3-f3d8-487c-ae48-5c97a0550c0e-3144","trial_id":3,"param_name":"gamma","param_value_internal":1,"distribution":"{\"name\": \"CategoricalDistribution\", \"attributes\": {\"choices\": [0.99, 0.995, 0.999]}}"}
{"op_code":5,"worker_id":"51859cb3-f3d8-487c-ae48-5c97a0550c0e-3144","trial_id":3,"param_name":"gae-lambda","param_value_internal":2,"distribution":"{\"name\": \"CategoricalDistribution\", \"attributes\": {\"choices\": [0.9, 0.95, 1.0]}}"}
{"op_code":5,"worker_id":"51859cb3-f3d8-487c-ae48-5c97a0550c0e-3144","trial_id":3,"param_name":"ent-coef","param_value_internal":0.001348775545730254,"distribution":"{\"name\": \"FloatDistribution\", \"attributes\": {\"step\": null, \"low\": 0.0001, \"high\": 0.03, \"log\": true}}"}
{"op_code":8,"worker_id":"51859cb3-f3d8-487c-ae48-5c97a0550c0e-3144","trial_id":3,"user_attr":{"train_argv":"--option 1 --reward-mode objective --objectives tardiness_sq --lambda-late 1.0 --lambda-energy 1.0 --power-model linear --difficulty on_rho095 --timesteps 300000 --save-tag tune_on_rho095_o1cmlubrze_a2c_t3 --n-envs 4 --vec-backend subproc --seed 0 --rule-placements FirstFit,Consolidate --algo a2c --markov-obs --lookahead --fixed-scaling --critic-arrivals --lateness-shaping --normalize-reward --event-idle --learning-rate 0.000480464 --rollout-size 20 --gamma 0.995 --gae-lambda 1 --ent-coef 0.00134878"}}
{"op_code":7,"worker_id":"51859cb3-f3d8-487c-ae48-5c97a0550c0e-3144","trial_id":3,"step":75000,"intermediate_value":234755.4}
{"op_code":7,"worker_id":"51859cb3-f3d8-487c-ae48-5c97a0550c0e-3144","trial_id":3,"step":150000,"intermediate_value":27277.0}
{"op_code":7,"worker_id":"51859cb3-f3d8-487c-ae48-5c97a0550c0e-3144","trial_id":3,"step":225000,"intermediate_value":19906.4}
{"op_code":6,"worker_id":"51859cb3-f3d8-487c-ae48-5c97a0550c0e-3144","trial_id":3,"state":1,"values":[143296.45],"datetime_complete":"2026-10-09T00:42:51.300598"}
{"op_code":4,"worker_id":"51859cb3-f3d8-487c-ae48-5c97a0550c0e-3144","study_id":0,"datetime_start":"2026-10-09T00:42:51.512846"}
{"op_code":5,"worker_id":"51859cb3-f3d8-487c-ae48-5c97a0550c0e-3144","trial_id":4,"param_name":"learning-rate","param_value_internal":0.0006912670683424538,"distribution":"{\"name\": \"FloatDistribution\", \"attributes\": {\"step\": null, \"low\": 0.0001, \"high\": 0.003, \"log\": true}}"}
{"op_code":5,"worker_id":"51859cb3-f3d8-487c-ae48-5c97a0550c0e-3144","trial_id":4,"param_name":"rollout-size","param_value_internal":1,"distribution":"{\"name\": \"CategoricalDistribution\", \"attributes\": {\"choices\": [20, 80, 320]}}"}
{"op_code":5,"worker_id":"51859cb3-f3d8-487c-ae48-5c97a0550c0e-3144","trial_id":4,"param_name":"gamma","param_value_internal":1,"distribution":"{\"name\": \"CategoricalDistribution\", \"attributes\": {\"choices\": [0.99, 0.995, 0.999]}}"}
{"op_code":5,"worker_id":"51859cb3-f3d8-487c-ae48-5c97a0550c0e-3144","trial_id":4,"param_name":"gae-lambda","param_value_internal":2,"distribution":"{\"name\": \"CategoricalDistribution\", \"attributes\": {\"choices\": [0.9, 0.95, 1.0]}}"}
{"op_code":5,"worker_id":"51859cb3-f3d8-487c-ae48-5c97a0550c0e-3144","trial_id":4,"param_name":"ent-coef","param_value_internal":0.00014098918363046996,"distribution":"{\"name\": \"FloatDistribution\", \"attributes\": {\"step\": null, \"low\": 0.0001, \"high\": 0.03, \"log\": true}}"}
{"op_code":8,"worker_id":"51859cb3-f3d8-487c-ae48-5c97a0550c0e-3144","trial_id":4,"user_attr":{"train_argv":"--option 1 --reward-mode objective --objectives tardiness_sq --lambda-late 1.0 --lambda-energy 1.0 --power-model linear --difficulty on_rho095 --timesteps 300000 --save-tag tune_on_rho095_o1cmlubrze_a2c_t4 --n-envs 4 --vec-backend subproc --seed 0 --rule-placements FirstFit,Consolidate --algo a2c --markov-obs --lookahead --fixed-scaling --critic-arrivals --lateness-shaping --normalize-reward --event-idle --learning-rate 0.000691267 --rollout-size 80 --gamma 0.995 --gae-lambda 1 --ent-coef 0.000140989"}}
{"op_code":7,"worker_id":"51859cb3-f3d8-487c-ae48-5c97a0550c0e-3144","trial_id":4,"step":75000,"intermediate_value":45502.8}
{"op_code":7,"worker_id":"51859cb3-f3d8-487c-ae48-5c97a0550c0e-3144","trial_id":4,"step":150000,"intermediate_value":45502.8}
{"op_code":7,"worker_id":"51859cb3-f3d8-487c-ae48-5c97a0550c0e-3144","trial_id":4,"step":225000,"intermediate_value":19906.4}
{"op_code":6,"worker_id":"51859cb3-f3d8-487c-ae48-5c97a0550c0e-3144","trial_id":4,"state":1,"values":[43668.1],"datetime_complete":"2026-10-09T00:50:47.814073"}
{"op_code":4,"worker_id":"51859cb3-f3d8-487c-ae48-5c97a0550c0e-3144","study_id":0,"datetime_start":"2026-10-09T00:50:48.074295"}
{"op_code":5,"worker_id":"51859cb3-f3d8-487c-ae48-5c97a0550c0e-3144","trial_id":5,"param_name":"learning-rate","param_value_internal":0.0009658179826892162,"distribution":"{\"name\": \"FloatDistribution\", \"attributes\": {\"step\": null, \"low\": 0.0001, \"high\": 0.003, \"log\": true}}"}
{"op_code":5,"worker_id":"51859cb3-f3d8-487c-ae48-5c97a0550c0e-3144","trial_id":5,"param_name":"rollout-size","param_value_internal":0,"distribution":"{\"name\": \"CategoricalDistribution\", \"attributes\": {\"choices\": [20, 80, 320]}}"}
{"op_code":5,"worker_id":"51859cb3-f3d8-487c-ae48-5c97a0550c0e-3144","trial_id":5,"param_name":"gamma","param_value_internal":2,"distribution":"{\"name\": \"CategoricalDistribution\", \"attributes\": {\"choices\": [0.99, 0.995, 0.999]}}"}
{"op_code":5,"worker_id":"51859cb3-f3d8-487c-ae48-5c97a0550c0e-3144","trial_id":5,"param_name":"gae-lambda","param_value_internal":1,"distribution":"{\"name\": \"CategoricalDistribution\", \"attributes\": {\"choices\": [0.9, 0.95, 1.0]}}"}
{"op_code":5,"worker_id":"51859cb3-f3d8-487c-ae48-5c97a0550c0e-3144","trial_id":5,"param_name":"ent-coef","param_value_internal":0.00032916454639831516,"distribution":"{\"name\": \"FloatDistribution\", \"attributes\": {\"step\": null, \"low\": 0.0001, \"high\": 0.03, \"log\": true}}"}
{"op_code":8,"worker_id":"51859cb3-f3d8-487c-ae48-5c97a0550c0e-3144","trial_id":5,"user_attr":{"train_argv":"--option 1 --reward-mode objective --objectives tardiness_sq --lambda-late 1.0 --lambda-energy 1.0 --power-model linear --difficulty on_rho095 --timesteps 300000 --save-tag tune_on_rho095_o1cmlubrze_a2c_t5 --n-envs 4 --vec-backend subproc --seed 0 --rule-placements FirstFit,Consolidate --algo a2c --markov-obs --lookahead --fixed-scaling --critic-arrivals --lateness-shaping --normalize-reward --event-idle --learning-rate 0.000965818 --rollout-size 20 --gamma 0.999 --gae-lambda 0.95 --ent-coef 0.000329165"}}
{"op_code":7,"worker_id":"51859cb3-f3d8-487c-ae48-5c97a0550c0e-3144","trial_id":5,"step":75000,"intermediate_value":45502.8}
{"op_code":7,"worker_id":"51859cb3-f3d8-487c-ae48-5c97a0550c0e-3144","trial_id":5,"step":150000,"intermediate_value":38023.2}
{"op_code":7,"worker_id":"51859cb3-f3d8-487c-ae48-5c97a0550c0e-3144","trial_id":5,"step":225000,"intermediate_value":28159.4}
{"op_code":6,"worker_id":"51859cb3-f3d8-487c-ae48-5c97a0550c0e-3144","trial_id":5,"state":2,"values":[28159.4],"datetime_complete":"2026-10-09T00:58:13.965645"}
{"op_code":4,"worker_id":"51859cb3-f3d8-487c-ae48-5c97a0550c0e-3144","study_id":0,"datetime_start":"2026-10-09T00:58:14.230954"}
{"op_code":5,"worker_id":"51859cb3-f3d8-487c-ae48-5c97a0550c0e-3144","trial_id":6,"param_name":"learning-rate","param_value_internal":0.00017309069329908935,"distribution":"{\"name\": \"FloatDistribution\", \"attributes\": {\"step\": null, \"low\": 0.0001, \"high\": 0.003, \"log\": true}}"}
{"op_code":5,"worker_id":"51859cb3-f3d8-487c-ae48-5c97a0550c0e-3144","trial_id":6,"param_name":"rollout-size","param_value_internal":0,"distribution":"{\"name\": \"CategoricalDistribution\", \"attributes\": {\"choices\": [20, 80, 320]}}"}
{"op_code":5,"worker_id":"51859cb3-f3d8-487c-ae48-5c97a0550c0e-3144","trial_id":6,"param_name":"gamma","param_value_internal":0,"distribution":"{\"name\": \"CategoricalDistribution\", \"attributes\": {\"choices\": [0.99, 0.995, 0.999]}}"}
{"op_code":5,"worker_id":"51859cb3-f3d8-487c-ae48-5c97a0550c0e-3144","trial_id":6,"param_name":"gae-lambda","param_value_internal":0,"distribution":"{\"name\": \"CategoricalDistribution\", \"attributes\": {\"choices\": [0.9, 0.95, 1.0]}}"}
{"op_code":5,"worker_id":"51859cb3-f3d8-487c-ae48-5c97a0550c0e-3144","trial_id":6,"param_name":"ent-coef","param_value_internal":0.0008191755047162099,"distribution":"{\"name\": \"FloatDistribution\", \"attributes\": {\"step\": null, \"low\": 0.0001, \"high\": 0.03, \"log\": true}}"}
{"op_code":8,"worker_id":"51859cb3-f3d8-487c-ae48-5c97a0550c0e-3144","trial_id":6,"user_attr":{"train_argv":"--option 1 --reward-mode objective --objectives tardiness_sq --lambda-late 1.0 --lambda-energy 1.0 --power-model linear --difficulty on_rho095 --timesteps 300000 --save-tag tune_on_rho095_o1cmlubrze_a2c_t6 --n-envs 4 --vec-backend subproc --seed 0 --rule-placements FirstFit,Consolidate --algo a2c --markov-obs --lookahead --fixed-scaling --critic-arrivals --lateness-shaping --normalize-reward --event-idle --learning-rate 0.000173091 --rollout-size 20 --gamma 0.99 --gae-lambda 0.9 --ent-coef 0.000819176"}}
{"op_code":7,"worker_id":"51859cb3-f3d8-487c-ae48-5c97a0550c0e-3144","trial_id":6,"step":75000,"intermediate_value":27277.0}
{"op_code":7,"worker_id":"51859cb3-f3d8-487c-ae48-5c97a0550c0e-3144","trial_id":6,"step":150000,"intermediate_value":27277.0}
{"op_code":7,"worker_id":"51859cb3-f3d8-487c-ae48-5c97a0550c0e-3144","trial_id":6,"step":225000,"intermediate_value":100738.0}
{"op_code":6,"worker_id":"51859cb3-f3d8-487c-ae48-5c97a0550c0e-3144","trial_id":6,"state":2,"values":[100738.0],"datetime_complete":"2026-10-09T01:04:58.053954"}
{"op_code":4,"worker_id":"51859cb3-f3d8-487c-ae48-5c97a0550c0e-3144","study_id":0,"datetime_start":"2026-10-09T01:04:58.267531"}
{"op_code":5,"worker_id":"51859cb3-f3d8-487c-ae48-5c97a0550c0e-3144","trial_id":7,"param_name":"learning-rate","param_value_internal":0.0016319488770709706,"distribution":"{\"name\": \"FloatDistribution\", \"attributes\": {\"step\": null, \"low\": 0.0001, \"high\": 0.003, \"log\": true}}"}
{"op_code":5,"worker_id":"51859cb3-f3d8-487c-ae48-5c97a0550c0e-3144","trial_id":7,"param_name":"rollout-size","param_value_internal":1,"distribution":"{\"name\": \"CategoricalDistribution\", \"attributes\": {\"choices\": [20, 80, 320]}}"}
{"op_code":5,"worker_id":"51859cb3-f3d8-487c-ae48-5c97a0550c0e-3144","trial_id":7,"param_name":"gamma","param_value_internal":2,"distribution":"{\"name\": \"CategoricalDistribution\", \"attributes\": {\"choices\": [0.99, 0.995, 0.999]}}"}
{"op_code":5,"worker_id":"51859cb3-f3d8-487c-ae48-5c97a0550c0e-3144","trial_id":7,"param_name":"gae-lambda","param_value_internal":1,"distribution":"{\"name\": \"CategoricalDistribution\", \"attributes\": {\"choices\": [0.9, 0.95, 1.0]}}"}
{"op_code":5,"worker_id":"51859cb3-f3d8-487c-ae48-5c97a0550c0e-3144","trial_id":7,"param_name":"ent-coef","param_value_internal":0.000501819043124292,"distribution":"{\"name\": \"FloatDistribution\", \"attributes\": {\"step\": null, \"low\": 0.0001, \"high\": 0.03, \"log\": true}}"}
{"op_code":8,"worker_id":"51859cb3-f3d8-487c-ae48-5c97a0550c0e-3144","trial_id":7,"user_attr":{"train_argv":"--option 1 --reward-mode objective --objectives tardiness_sq --lambda-late 1.0 --lambda-energy 1.0 --power-model linear --difficulty on_rho095 --timesteps 300000 --save-tag tune_on_rho095_o1cmlubrze_a2c_t7 --n-envs 4 --vec-backend subproc --seed 0 --rule-placements FirstFit,Consolidate --algo a2c --markov-obs --lookahead --fixed-scaling --critic-arrivals --lateness-shaping --normalize-reward --event-idle --learning-rate 0.00163195 --rollout-size 80 --gamma 0.999 --gae-lambda 0.95 --ent-coef 0.000501819"}}
{"op_code":7,"worker_id":"51859cb3-f3d8-487c-ae48-5c97a0550c0e-3144","trial_id":7,"step":75000,"intermediate_value":234755.4}
{"op_code":6,"worker_id":"51859cb3-f3d8-487c-ae48-5c97a0550c0e-3144","trial_id":7,"state":2,"values":[234755.4],"datetime_complete":"2026-10-09T01:06:46.431044"}
{"op_code":4,"worker_id":"51859cb3-f3d8-487c-ae48-5c97a0550c0e-3144","study_id":0,"datetime_start":"2026-10-09T01:06:46.663897"}
{"op_code":5,"worker_id":"51859cb3-f3d8-487c-ae48-5c97a0550c0e-3144","trial_id":8,"param_name":"learning-rate","param_value_internal":0.00015050290935598963,"distribution":"{\"name\": \"FloatDistribution\", \"attributes\": {\"step\": null, \"low\": 0.0001, \"high\": 0.003, \"log\": true}}"}
{"op_code":5,"worker_id":"51859cb3-f3d8-487c-ae48-5c97a0550c0e-3144","trial_id":8,"param_name":"rollout-size","param_value_internal":2,"distribution":"{\"name\": \"CategoricalDistribution\", \"attributes\": {\"choices\": [20, 80, 320]}}"}
{"op_code":5,"worker_id":"51859cb3-f3d8-487c-ae48-5c97a0550c0e-3144","trial_id":8,"param_name":"gamma","param_value_internal":2,"distribution":"{\"name\": \"CategoricalDistribution\", \"attributes\": {\"choices\": [0.99, 0.995, 0.999]}}"}
{"op_code":5,"worker_id":"51859cb3-f3d8-487c-ae48-5c97a0550c0e-3144","trial_id":8,"param_name":"gae-lambda","param_value_internal":0,"distribution":"{\"name\": \"CategoricalDistribution\", \"attributes\": {\"choices\": [0.9, 0.95, 1.0]}}"}
{"op_code":5,"worker_id":"51859cb3-f3d8-487c-ae48-5c97a0550c0e-3144","trial_id":8,"param_name":"ent-coef","param_value_internal":0.00017088424969157387,"distribution":"{\"name\": \"FloatDistribution\", \"attributes\": {\"step\": null, \"low\": 0.0001, \"high\": 0.03, \"log\": true}}"}
{"op_code":8,"worker_id":"51859cb3-f3d8-487c-ae48-5c97a0550c0e-3144","trial_id":8,"user_attr":{"train_argv":"--option 1 --reward-mode objective --objectives tardiness_sq --lambda-late 1.0 --lambda-energy 1.0 --power-model linear --difficulty on_rho095 --timesteps 300000 --save-tag tune_on_rho095_o1cmlubrze_a2c_t8 --n-envs 4 --vec-backend subproc --seed 0 --rule-placements FirstFit,Consolidate --algo a2c --markov-obs --lookahead --fixed-scaling --critic-arrivals --lateness-shaping --normalize-reward --event-idle --learning-rate 0.000150503 --rollout-size 320 --gamma 0.999 --gae-lambda 0.9 --ent-coef 0.000170884"}}
{"op_code":7,"worker_id":"51859cb3-f3d8-487c-ae48-5c97a0550c0e-3144","trial_id":8,"step":75000,"intermediate_value":45660.0}
{"op_code":6,"worker_id":"51859cb3-f3d8-487c-ae48-5c97a0550c0e-3144","trial_id":8,"state":2,"values":[45660.0],"datetime_complete":"2026-10-09T01:08:28.319370"}
{"op_code":4,"worker_id":"51859cb3-f3d8-487c-ae48-5c97a0550c0e-3144","study_id":0,"datetime_start":"2026-10-09T01:08:28.584482"}
{"op_code":5,"worker_id":"51859cb3-f3d8-487c-ae48-5c97a0550c0e-3144","trial_id":9,"param_name":"learning-rate","param_value_internal":0.0007091576793635641,"distribution":"{\"name\": \"FloatDistribution\", \"attributes\": {\"step\": null, \"low\": 0.0001, \"high\": 0.003, \"log\": true}}"}
{"op_code":5,"worker_id":"51859cb3-f3d8-487c-ae48-5c97a0550c0e-3144","trial_id":9,"param_name":"rollout-size","param_value_internal":0,"distribution":"{\"name\": \"CategoricalDistribution\", \"attributes\": {\"choices\": [20, 80, 320]}}"}
{"op_code":5,"worker_id":"51859cb3-f3d8-487c-ae48-5c97a0550c0e-3144","trial_id":9,"param_name":"gamma","param_value_internal":1,"distribution":"{\"name\": \"CategoricalDistribution\", \"attributes\": {\"choices\": [0.99, 0.995, 0.999]}}"}
{"op_code":5,"worker_id":"51859cb3-f3d8-487c-ae48-5c97a0550c0e-3144","trial_id":9,"param_name":"gae-lambda","param_value_internal":1,"distribution":"{\"name\": \"CategoricalDistribution\", \"attributes\": {\"choices\": [0.9, 0.95, 1.0]}}"}
{"op_code":5,"worker_id":"51859cb3-f3d8-487c-ae48-5c97a0550c0e-3144","trial_id":9,"param_name":"ent-coef","param_value_internal":0.011307978270179144,"distribution":"{\"name\": \"FloatDistribution\", \"attributes\": {\"step\": null, \"low\": 0.0001, \"high\": 0.03, \"log\": true}}"}
{"op_code":8,"worker_id":"51859cb3-f3d8-487c-ae48-5c97a0550c0e-3144","trial_id":9,"user_attr":{"train_argv":"--option 1 --reward-mode objective --objectives tardiness_sq --lambda-late 1.0 --lambda-energy 1.0 --power-model linear --difficulty on_rho095 --timesteps 300000 --save-tag tune_on_rho095_o1cmlubrze_a2c_t9 --n-envs 4 --vec-backend subproc --seed 0 --rule-placements FirstFit,Consolidate --algo a2c --markov-obs --lookahead --fixed-scaling --critic-arrivals --lateness-shaping --normalize-reward --event-idle --learning-rate 0.000709158 --rollout-size 20 --gamma 0.995 --gae-lambda 0.95 --ent-coef 0.011308"}}
{"op_code":7,"worker_id":"51859cb3-f3d8-487c-ae48-5c97a0550c0e-3144","trial_id":9,"step":75000,"intermediate_value":166940.6}
{"op_code":6,"worker_id":"51859cb3-f3d8-487c-ae48-5c97a0550c0e-3144","trial_id":9,"state":2,"values":[166940.6],"datetime_complete":"2026-10-09T01:10:57.440277"}
{"op_code":4,"worker_id":"51859cb3-f3d8-487c-ae48-5c97a0550c0e-3144","study_id":0,"datetime_start":"2026-10-09T01:10:57.713944"}
{"op_code":5,"worker_id":"51859cb3-f3d8-487c-ae48-5c97a0550c0e-3144","trial_id":10,"param_name":"learning-rate","param_value_internal":0.0024518098818580836,"distribution":"{\"name\": \"FloatDistribution\", \"attributes\": {\"step\": null, \"low\": 0.0001, \"high\": 0.003, \"log\": true}}"}
{"op_code":5,"worker_id":"51859cb3-f3d8-487c-ae48-5c97a0550c0e-3144","trial_id":10,"param_name":"rollout-size","param_value_internal":2,"distribution":"{\"name\": \"CategoricalDistribution\", \"attributes\": {\"choices\": [20, 80, 320]}}"}
{"op_code":5,"worker_id":"51859cb3-f3d8-487c-ae48-5c97a0550c0e-3144","trial_id":10,"param_name":"gamma","param_value_internal":0,"distribution":"{\"name\": \"CategoricalDistribution\", \"attributes\": {\"choices\": [0.99, 0.995, 0.999]}}"}
{"op_code":5,"worker_id":"51859cb3-f3d8-487c-ae48-5c97a0550c0e-3144","trial_id":10,"param_name":"gae-lambda","param_value_internal":0,"distribution":"{\"name\": \"CategoricalDistribution\", \"attributes\": {\"choices\": [0.9, 0.95, 1.0]}}"}
{"op_code":5,"worker_id":"51859cb3-f3d8-487c-ae48-5c97a0550c0e-3144","trial_id":10,"param_name":"ent-coef","param_value_internal":0.0027870452822917,"distribution":"{\"name\": \"FloatDistribution\", \"attributes\": {\"step\": null, \"low\": 0.0001, \"high\": 0.03, \"log\": true}}"}
{"op_code":8,"worker_id":"51859cb3-f3d8-487c-ae48-5c97a0550c0e-3144","trial_id":10,"user_attr":{"train_argv":"--option 1 --reward-mode objective --objectives tardiness_sq --lambda-late 1.0 --lambda-energy 1.0 --power-model linear --difficulty on_rho095 --timesteps 300000 --save-tag tune_on_rho095_o1cmlubrze_a2c_t10 --n-envs 4 --vec-backend subproc --seed 0 --rule-placements FirstFit,Consolidate --algo a2c --markov-obs --lookahead --fixed-scaling --critic-arrivals --lateness-shaping --normalize-reward --event-idle --learning-rate 0.00245181 --rollout-size 320 --gamma 0.99 --gae-lambda 0.9 --ent-coef 0.00278705"}}
{"op_code":7,"worker_id":"51859cb3-f3d8-487c-ae48-5c97a0550c0e-3144","trial_id":10,"step":75000,"intermediate_value":23590.0}
{"op_code":7,"worker_id":"51859cb3-f3d8-487c-ae48-5c97a0550c0e-3144","trial_id":10,"step":150000,"intermediate_value":23590.0}
{"op_code":7,"worker_id":"51859cb3-f3d8-487c-ae48-5c97a0550c0e-3144","trial_id":10,"step":225000,"intermediate_value":132795.8}
{"op_code":6,"worker_id":"51859cb3-f3d8-487c-ae48-5c97a0550c0e-3144","trial_id":10,"state":2,"values":[132795.8],"datetime_complete":"2026-10-09T01:15:54.084233"}
{"op_code":4,"worker_id":"51859cb3-f3d8-487c-ae48-5c97a0550c0e-3144","study_id":0,"datetime_start":"2026-10-09T01:15:54.287749"}
{"op_code":5,"worker_id":"51859cb3-f3d8-487c-ae48-5c97a0550c0e-3144","trial_id":11,"param_name":"learning-rate","param_value_internal":0.0002774239805879528,"distribution":"{\"name\": \"FloatDistribution\", \"attributes\": {\"step\": null, \"low\": 0.0001, \"high\": 0.003, \"log\": true}}"}
{"op_code":5,"worker_id":"51859cb3-f3d8-487c-ae48-5c97a0550c0e-3144","trial_id":11,"param_name":"rollout-size","param_value_internal":1,"distribution":"{\"name\": \"CategoricalDistribution\", \"attributes\": {\"choices\": [20, 80, 320]}}"}
{"op_code":5,"worker_id":"51859cb3-f3d8-487c-ae48-5c97a0550c0e-3144","trial_id":11,"param_name":"gamma","param_value_internal":1,"distribution":"{\"name\": \"CategoricalDistribution\", \"attributes\": {\"choices\": [0.99, 0.995, 0.999]}}"}
{"op_code":5,"worker_id":"51859cb3-f3d8-487c-ae48-5c97a0550c0e-3144","trial_id":11,"param_name":"gae-lambda","param_value_internal":2,"distribution":"{\"name\": \"CategoricalDistribution\", \"attributes\": {\"choices\": [0.9, 0.95, 1.0]}}"}
{"op_code":5,"worker_id":"51859cb3-f3d8-487c-ae48-5c97a0550c0e-3144","trial_id":11,"param_name":"ent-coef","param_value_internal":0.028977333525414532,"distribution":"{\"name\": \"FloatDistribution\", \"attributes\": {\"step\": null, \"low\": 0.0001, \"high\": 0.03, \"log\": true}}"}
{"op_code":8,"worker_id":"51859cb3-f3d8-487c-ae48-5c97a0550c0e-3144","trial_id":11,"user_attr":{"train_argv":"--option 1 --reward-mode objective --objectives tardiness_sq --lambda-late 1.0 --lambda-energy 1.0 --power-model linear --difficulty on_rho095 --timesteps 300000 --save-tag tune_on_rho095_o1cmlubrze_a2c_t11 --n-envs 4 --vec-backend subproc --seed 0 --rule-placements FirstFit,Consolidate --algo a2c --markov-obs --lookahead --fixed-scaling --critic-arrivals --lateness-shaping --normalize-reward --event-idle --learning-rate 0.000277424 --rollout-size 80 --gamma 0.995 --gae-lambda 1 --ent-coef 0.0289773"}}
{"op_code":7,"worker_id":"51859cb3-f3d8-487c-ae48-5c97a0550c0e-3144","trial_id":11,"step":75000,"intermediate_value":28159.4}
{"op_code":7,"worker_id":"51859cb3-f3d8-487c-ae48-5c97a0550c0e-3144","trial_id":11,"step":150000,"intermediate_value":48042.4}
{"op_code":7,"worker_id":"51859cb3-f3d8-487c-ae48-5c97a0550c0e-3144","trial_id":11,"step":225000,"intermediate_value":132795.8}
{"op_code":6,"worker_id":"51859cb3-f3d8-487c-ae48-5c97a0550c0e-3144","trial_id":11,"state":2,"values":[132795.8],"datetime_complete":"2026-10-09T01:21:11.199571"}
{"op_code":0,"worker_id":"00b78145-a2ed-47ef-babf-2ae375d9a81c-34904","study_name":"on_rho095_o1cmlubrze_a2c","directions":[1]}
{"op_code":0,"worker_id":"b3963e46-47af-455e-8cc6-dede88d747a7-39076","study_name":"on_rho095_o1cmlubrze_a2c","directions":[1]}
