{"op_code":0,"worker_id":"1a6b8c75-8e30-4e31-a5f2-d78fc8dfd8a5-35524","study_name":"on_rho095_o1cmlubrze","directions":[1]}
{"op_code":4,"worker_id":"1a6b8c75-8e30-4e31-a5f2-d78fc8dfd8a5-35524","study_id":0,"datetime_start":null,"state":4,"value":null,"values":null,"distributions":{},"params":{},"user_attrs":{"defaults":true},"system_attrs":{"fixed_params":{}},"intermediate_values":{}}
{"op_code":6,"worker_id":"1a6b8c75-8e30-4e31-a5f2-d78fc8dfd8a5-35524","trial_id":0,"state":0,"values":null,"datetime_start":"2026-10-07T09:07:09.655708"}
{"op_code":8,"worker_id":"1a6b8c75-8e30-4e31-a5f2-d78fc8dfd8a5-35524","trial_id":0,"user_attr":{"train_argv":"--option 1 --reward-mode objective --objectives tardiness_sq --lambda-late 1.0 --lambda-energy 1.0 --power-model linear --difficulty on_rho095 --timesteps 300000 --save-tag tune_on_rho095_o1cmlubrze_t0 --n-envs 4 --vec-backend subproc --seed 0 --rule-placements FirstFit,Consolidate --algo ppo --markov-obs --lookahead --fixed-scaling --critic-arrivals --lateness-shaping --normalize-reward --event-idle"}}
{"op_code":7,"worker_id":"1a6b8c75-8e30-4e31-a5f2-d78fc8dfd8a5-35524","trial_id":0,"step":75000,"intermediate_value":45660.0}
{"op_code":7,"worker_id":"1a6b8c75-8e30-4e31-a5f2-d78fc8dfd8a5-35524","trial_id":0,"step":150000,"intermediate_value":166137.8}
{"op_code":7,"worker_id":"1a6b8c75-8e30-4e31-a5f2-d78fc8dfd8a5-35524","trial_id":0,"step":225000,"intermediate_value":166137.8}
{"op_code":6,"worker_id":"1a6b8c75-8e30-4e31-a5f2-d78fc8dfd8a5-35524","trial_id":0,"state":1,"values":[189647.55],"datetime_complete":"2026-10-07T09:24:09.139936"}
{"op_code":4,"worker_id":"1a6b8c75-8e30-4e31-a5f2-d78fc8dfd8a5-35524","study_id":0,"datetime_start":"2026-10-07T09:24:09.362901"}
{"op_code":5,"worker_id":"1a6b8c75-8e30-4e31-a5f2-d78fc8dfd8a5-35524","trial_id":1,"param_name":"learning-rate","param_value_internal":0.00020554062603827,"distribution":"{\"name\": \"FloatDistribution\", \"attributes\": {\"step\": null, \"low\": 3e-05, \"high\": 0.001, \"log\": true}}"}
{"op_code":5,"worker_id":"1a6b8c75-8e30-4e31-a5f2-d78fc8dfd8a5-35524","trial_id":1,"param_name":"rollout-size","param_value_internal":0,"distribution":"{\"name\": \"CategoricalDistribution\", \"attributes\": {\"choices\": [2048, 4096, 8192, 16384]}}"}
{"op_code":5,"worker_id":"1a6b8c75-8e30-4e31-a5f2-d78fc8dfd8a5-35524","trial_id":1,"param_name":"batch-size","param_value_internal":2,"distribution":"{\"name\": \"CategoricalDistribution\", \"attributes\": {\"choices\": [64, 256, 1024]}}"}
{"op_code":5,"worker_id":"1a6b8c75-8e30-4e31-a5f2-d78fc8dfd8a5-35524","trial_id":1,"param_name":"n-epochs","param_value_internal":0,"distribution":"{\"name\": \"CategoricalDistribution\", \"attributes\": {\"choices\": [3, 5, 10]}}"}
{"op_code":5,"worker_id":"1a6b8c75-8e30-4e31-a5f2-d78fc8dfd8a5-35524","trial_id":1,"param_name":"gamma","param_value_internal":2,"distribution":"{\"name\": \"CategoricalDistribution\", \"attributes\": {\"choices\": [0.99, 0.995, 0.999]}}"}
{"op_code":5,"worker_id":"1a6b8c75-8e30-4e31-a5f2-d78fc8dfd8a5-35524","trial_id":1,"param_name":"gae-lambda","param_value_internal":1,"distribution":"{\"name\": \"CategoricalDistribution\", \"attributes\": {\"choices\": [0.9, 0.95, 0.98]}}"}
{"op_code":5,"worker_id":"1a6b8c75-8e30-4e31-a5f2-d78fc8dfd8a5-35524","trial_id":1,"param_name":"clip-range","param_value_internal":2,"distribution":"{\"name\": \"CategoricalDistribution\", \"attributes\": {\"choices\": [0.1, 0.2, 0.3]}}"}
{"op_code":5,"worker_id":"1a6b8c75-8e30-4e31-a5f2-d78fc8dfd8a5-35524","trial_id":1,"param_name":"ent-coef","param_value_internal":0.02655561084998941,"distribution":"{\"name\": \"FloatDistribution\", \"attributes\": {\"step\": null, \"low\": 0.0001, \"high\": 0.03, \"log\": true}}"}
{"op_code":8,"worker_id":"1a6b8c75-8e30-4e31-a5f2-d78fc8dfd8a5-35524","trial_id":1,"user_attr":{"train_argv":"--option 1 --reward-mode objective --objectives tardiness_sq --lambda-late 1.0 --lambda-energy 1.0 --power-model linear --difficulty on_rho095 --timesteps 300000 --save-tag tune_on_rho095_o1cmlubrze_t1 --n-envs 4 --vec-backend subproc --seed 0 --rule-placements FirstFit,Consolidate --algo ppo --markov-obs --lookahead --fixed-scaling --critic-arrivals --lateness-shaping --normalize-reward --event-idle --learning-rate 0.000205541 --rollout-size 2048 --batch-size 1024 --n-epochs 3 --gamma 0.999 --gae-lambda 0.95 --clip-range 0.3 --ent-coef 0.0265556"}}
{"op_code":7,"worker_id":"1a6b8c75-8e30-4e31-a5f2-d78fc8dfd8a5-35524","trial_id":1,"step":75000,"intermediate_value":100738.0}
{"op_code":7,"worker_id":"1a6b8c75-8e30-4e31-a5f2-d78fc8dfd8a5-35524","trial_id":1,"step":150000,"intermediate_value":45502.8}
{"op_code":7,"worker_id":"1a6b8c75-8e30-4e31-a5f2-d78fc8dfd8a5-35524","trial_id":1,"step":225000,"intermediate_value":166137.8}
{"op_code":6,"worker_id":"1a6b8c75-8e30-4e31-a5f2-d78fc8dfd8a5-35524","trial_id":1,"state":1,"values":[68172.25],"datetime_complete":"2026-10-07T09:32:38.412416"}
{"op_code":4,"worker_id":"1a6b8c75-8e30-4e31-a5f2-d78fc8dfd8a5-35524","study_id":0,"datetime_start":"2026-10-07T09:32:38.665477"}
{"op_code":5,"worker_id":"1a6b8c75-8e30-4e31-a5f2-d78fc8dfd8a5-35524","trial_id":2,"param_name":"learning-rate","param_value_internal":0.0004944733002746453,"distribution":"{\"name\": \"FloatDistribution\", \"attributes\": {\"step\": null, \"low\": 3e-05, \"high\": 0.001, \"log\": true}}"}
{"op_code":5,"worker_id":"1a6b8c75-8e30-4e31-a5f2-d78fc8dfd8a5-35524","trial_id":2,"param_name":"rollout-size","param_value_internal":1,"distribution":"{\"name\": \"CategoricalDistribution\", \"attributes\": {\"choices\": [2048, 4096, 8192, 16384]}}"}
{"op_code":5,"worker_id":"1a6b8c75-8e30-4e31-a5f2-d78fc8dfd8a5-35524","trial_id":2,"param_name":"batch-size","param_value_internal":1,"distribution":"{\"name\": \"CategoricalDistribution\", \"attributes\": {\"choices\": [64, 256, 1024]}}"}
{"op_code":5,"worker_id":"1a6b8c75-8e30-4e31-a5f2-d78fc8dfd8a5-35524","trial_id":2,"param_name":"n-epochs","param_value_internal":2,"distribution":"{\"name\": \"CategoricalDistribution\", \"attributes\": {\"choices\": [3, 5, 10]}}"}
{"op_code":5,"worker_id":"1a6b8c75-8e30-4e31-a5f2-d78fc8dfd8a5-35524","trial_id":2,"param_name":"gamma","param_value_internal":1,"distribution":"{\"name\": \"CategoricalDistribution\", \"attributes\": {\"choices\": [0.99, 0.995, 0.999]}}"}
{"op_code":5,"worker_id":"1a6b8c75-8e30-4e31-a5f2-d78fc8dfd8a5-35524","trial_id":2,"param_name":"gae-lambda","param_value_internal":0,"distribution":"{\"name\": \"CategoricalDistribution\", \"attributes\": {\"choices\": [0.9, 0.95, 0.98]}}"}
{"op_code":5,"worker_id":"1a6b8c75-8e30-4e31-a5f2-d78fc8dfd8a5-35524","trial_id":2,"param_name":"clip-range","param_value_internal":0,"distribution":"{\"name\": \"CategoricalDistribution\", \"attributes\": {\"choices\": [0.1, 0.2, 0.3]}}"}
{"op_code":5,"worker_id":"1a6b8c75-8e30-4e31-a5f2-d78fc8dfd8a5-35524","trial_id":2,"param_name":"ent-coef","param_value_internal":0.0012094311268425492,"distribution":"{\"name\": \"FloatDistribution\", \"attributes\": {\"step\": null, \"low\": 0.0001, \"high\": 0.03, \"log\": true}}"}
{"op_code":8,"worker_id":"1a6b8c75-8e30-4e31-a5f2-d78fc8dfd8a5-35524","trial_id":2,"user_attr":{"train_argv":"--option 1 --reward-mode objective --objectives tardiness_sq --lambda-late 1.0 --lambda-energy 1.0 --power-model linear --difficulty on_rho095 --timesteps 300000 --save-tag tune_on_rho095_o1cmlubrze_t2 --n-envs 4 --vec-backend subproc --seed 0 --rule-placements FirstFit,Consolidate --algo ppo --markov-obs --lookahead --fixed-scaling --critic-arrivals --lateness-shaping --normalize-reward --event-idle --learning-rate 0.000494473 --rollout-size 4096 --batch-size 256 --n-epochs 10 --gamma 0.995 --gae-lambda 0.9 --clip-range 0.1 --ent-coef 0.00120943"}}
{"op_code":7,"worker_id":"1a6b8c75-8e30-4e31-a5f2-d78fc8dfd8a5-35524","trial_id":2,"step":75000,"intermediate_value":27599.0}
{"op_code":7,"worker_id":"1a6b8c75-8e30-4e31-a5f2-d78fc8dfd8a5-35524","trial_id":2,"step":150000,"intermediate_value":86218.4}
{"op_code":7,"worker_id":"1a6b8c75-8e30-4e31-a5f2-d78fc8dfd8a5-35524","trial_id":2,"step":225000,"intermediate_value":117546.6}
{"op_code":6,"worker_id":"1a6b8c75-8e30-4e31-a5f2-d78fc8dfd8a5-35524","trial_id":2,"state":1,"values":[127327.75],"datetime_complete":"2026-10-07T09:46:21.401692"}
{"op_code":4,"worker_id":"1a6b8c75-8e30-4e31-a5f2-d78fc8dfd8a5-35524","study_id":0,"datetime_start":"2026-10-07T09:46:21.626567"}
{"op_code":5,"worker_id":"1a6b8c75-8e30-4e31-a5f2-d78fc8dfd8a5-35524","trial_id":3,"param_name":"learning-rate","param_value_internal":0.0003463609921766881,"distribution":"{\"name\": \"FloatDistribution\", \"attributes\": {\"step\": null, \"low\": 3e-05, \"high\": 0.001, \"log\": true}}"}
{"op_code":5,"worker_id":"1a6b8c75-8e30-4e31-a5f2-d78fc8dfd8a5-35524","trial_id":3,"param_name":"rollout-size","param_value_internal":2,"distribution":"{\"name\": \"CategoricalDistribution\", \"attributes\": {\"choices\": [2048, 4096, 8192, 16384]}}"}
{"op_code":5,"worker_id":"1a6b8c75-8e30-4e31-a5f2-d78fc8dfd8a5-35524","trial_id":3,"param_name":"batch-size","param_value_internal":2,"distribution":"{\"name\": \"CategoricalDistribution\", \"attributes\": {\"choices\": [64, 256, 1024]}}"}
{"op_code":5,"worker_id":"1a6b8c75-8e30-4e31-a5f2-d78fc8dfd8a5-35524","trial_id":3,"param_name":"n-epochs","param_value_internal":2,"distribution":"{\"name\": \"CategoricalDistribution\", \"attributes\": {\"choices\": [3, 5, 10]}}"}
{"op_code":5,"worker_id":"1a6b8c75-8e30-4e31-a5f2-d78fc8dfd8a5-35524","trial_id":3,"param_name":"gamma","param_value_internal":1,"distribution":"{\"name\": \"CategoricalDistribution\", \"attributes\": {\"choices\": [0.99, 0.995, 0.999]}}"}
{"op_code":5,"worker_id":"1a6b8c75-8e30-4e31-a5f2-d78fc8dfd8a5-35524","trial_id":3,"param_name":"gae-lambda","param_value_internal":0,"distribution":"{\"name\": \"CategoricalDistribution\", \"attributes\": {\"choices\": [0.9, 0.95, 0.98]}}"}
{"op_code":5,"worker_id":"1a6b8c75-8e30-4e31-a5f2-d78fc8dfd8a5-35524","trial_id":3,"param_name":"clip-range","param_value_internal":0,"distribution":"{\"name\": \"CategoricalDistribution\", \"attributes\": {\"choices\": [0.1, 0.2, 0.3]}}"}
{"op_code":5,"worker_id":"1a6b8c75-8e30-4e31-a5f2-d78fc8dfd8a5-35524","trial_id":3,"param_name":"ent-coef","param_value_internal":0.0042248177213228075,"distribution":"{\"name\": \"FloatDistribution\", \"attributes\": {\"step\": null, \"low\": 0.0001, \"high\": 0.03, \"log\": true}}"}
{"op_code":8,"worker_id":"1a6b8c75-8e30-4e31-a5f2-d78fc8dfd8a5-35524","trial_id":3,"user_attr":{"train_argv":"--option 1 --reward-mode objective --objectives tardiness_sq --lambda-late 1.0 --lambda-energy 1.0 --power-model linear --difficulty on_rho095 --timesteps 300000 --save-tag tune_on_rho095_o1cmlubrze_t3 --n-envs 4 --vec-backend subproc --seed 0 --rule-placements FirstFit,Consolidate --algo ppo --markov-obs --lookahead --fixed-scaling --critic-arrivals --lateness-shaping --normalize-reward --event-idle --learning-rate 0.000346361 --rollout-size 8192 --batch-size 1024 --n-epochs 10 --gamma 0.995 --gae-lambda 0.9 --clip-range 0.1 --ent-coef 0.00422482"}}
{"op_code":7,"worker_id":"1a6b8c75-8e30-4e31-a5f2-d78fc8dfd8a5-35524","trial_id":3,"step":75000,"intermediate_value":64694.0}
{"op_code":7,"worker_id":"1a6b8c75-8e30-4e31-a5f2-d78fc8dfd8a5-35524","trial_id":3,"step":150000,"intermediate_value":132795.8}
{"op_code":7,"worker_id":"1a6b8c75-8e30-4e31-a5f2-d78fc8dfd8a5-35524","trial_id":3,"step":225000,"intermediate_value":132795.8}
{"op_code":6,"worker_id":"1a6b8c75-8e30-4e31-a5f2-d78fc8dfd8a5-35524","trial_id":3,"state":1,"values":[143296.45],"datetime_complete":"2026-10-07T09:58:54.059857"}
{"op_code":4,"worker_id":"1a6b8c75-8e30-4e31-a5f2-d78fc8dfd8a5-35524","study_id":0,"datetime_start":"2026-10-07T09:58:54.276876"}
{"op_code":5,"worker_id":"1a6b8c75-8e30-4e31-a5f2-d78fc8dfd8a5-35524","trial_id":4,"param_name":"learning-rate","param_value_internal":4.8703159315306354e-05,"distribution":"{\"name\": \"FloatDistribution\", \"attributes\": {\"step\": null, \"low\": 3e-05, \"high\": 0.001, \"log\": true}}"}
{"op_code":5,"worker_id":"1a6b8c75-8e30-4e31-a5f2-d78fc8dfd8a5-35524","trial_id":4,"param_name":"rollout-size","param_value_internal":2,"distribution":"{\"name\": \"CategoricalDistribution\", \"attributes\": {\"choices\": [2048, 4096, 8192, 16384]}}"}
{"op_code":5,"worker_id":"1a6b8c75-8e30-4e31-a5f2-d78fc8dfd8a5-35524","trial_id":4,"param_name":"batch-size","param_value_internal":2,"distribution":"{\"name\": \"CategoricalDistribution\", \"attributes\": {\"choices\": [64, 256, 1024]}}"}
{"op_code":5,"worker_id":"1a6b8c75-8e30-4e31-a5f2-d78fc8dfd8a5-35524","trial_id":4,"param_name":"n-epochs","param_value_internal":1,"distribution":"{\"name\": \"CategoricalDistribution\", \"attributes\": {\"choices\": [3, 5, 10]}}"}
{"op_code":5,"worker_id":"1a6b8c75-8e30-4e31-a5f2-d78fc8dfd8a5-35524","trial_id":4,"param_name":"gamma","param_value_internal":0,"distribution":"{\"name\": \"CategoricalDistribution\", \"attributes\": {\"choices\": [0.99, 0.995, 0.999]}}"}
{"op_code":5,"worker_id":"1a6b8c75-8e30-4e31-a5f2-d78fc8dfd8a5-35524","trial_id":4,"param_name":"gae-lambda","param_value_internal":1,"distribution":"{\"name\": \"CategoricalDistribution\", \"attributes\": {\"choices\": [0.9, 0.95, 0.98]}}"}
{"op_code":5,"worker_id":"1a6b8c75-8e30-4e31-a5f2-d78fc8dfd8a5-35524","trial_id":4,"param_name":"clip-range","param_value_internal":1,"distribution":"{\"name\": \"CategoricalDistribution\", \"attributes\": {\"choices\": [0.1, 0.2, 0.3]}}"}
{"op_code":5,"worker_id":"1a6b8c75-8e30-4e31-a5f2-d78fc8dfd8a5-35524","trial_id":4,"param_name":"ent-coef","param_value_internal":0.005192032534497486,"distribution":"{\"name\": \"FloatDistribution\", \"attributes\": {\"step\": null, \"low\": 0.0001, \"high\": 0.03, \"log\": true}}"}
{"op_code":8,"worker_id":"1a6b8c75-8e30-4e31-a5f2-d78fc8dfd8a5-35524","trial_id":4,"user_attr":{"train_argv":"--option 1 --reward-mode objective --objectives tardiness_sq --lambda-late 1.0 --lambda-energy 1.0 --power-model linear --difficulty on_rho095 --timesteps 300000 --save-tag tune_on_rho095_o1cmlubrze_t4 --n-envs 4 --vec-backend subproc --seed 0 --rule-placements FirstFit,Consolidate --algo ppo --markov-obs --lookahead --fixed-scaling --critic-arrivals --lateness-shaping --normalize-reward --event-idle --learning-rate 4.87032e-05 --rollout-size 8192 --batch-size 1024 --n-epochs 5 --gamma 0.99 --gae-lambda 0.95 --clip-range 0.2 --ent-coef 0.00519203"}}
{"op_code":7,"worker_id":"1a6b8c75-8e30-4e31-a5f2-d78fc8dfd8a5-35524","trial_id":4,"step":75000,"intermediate_value":23590.0}
{"op_code":7,"worker_id":"1a6b8c75-8e30-4e31-a5f2-d78fc8dfd8a5-35524","trial_id":4,"step":150000,"intermediate_value":166137.8}
{"op_code":7,"worker_id":"1a6b8c75-8e30-4e31-a5f2-d78fc8dfd8a5-35524","trial_id":4,"step":225000,"intermediate_value":166137.8}
{"op_code":6,"worker_id":"1a6b8c75-8e30-4e31-a5f2-d78fc8dfd8a5-35524","trial_id":4,"state":1,"values":[189647.55],"datetime_complete":"2026-10-07T10:08:43.033884"}
{"op_code":4,"worker_id":"1a6b8c75-8e30-4e31-a5f2-d78fc8dfd8a5-35524","study_id":0,"datetime_start":"2026-10-07T10:08:43.298483"}
{"op_code":5,"worker_id":"1a6b8c75-8e30-4e31-a5f2-d78fc8dfd8a5-35524","trial_id":5,"param_name":"learning-rate","param_value_internal":0.00021876939530160837,"distribution":"{\"name\": \"FloatDistribution\", \"attributes\": {\"step\": null, \"low\": 3e-05, \"high\": 0.001, \"log\": true}}"}
{"op_code":5,"worker_id":"1a6b8c75-8e30-4e31-a5f2-d78fc8dfd8a5-35524","trial_id":5,"param_name":"rollout-size","param_value_internal":3,"distribution":"{\"name\": \"CategoricalDistribution\", \"attributes\": {\"choices\": [2048, 4096, 8192, 16384]}}"}
{"op_code":5,"worker_id":"1a6b8c75-8e30-4e31-a5f2-d78fc8dfd8a5-35524","trial_id":5,"param_name":"batch-size","param_value_internal":0,"distribution":"{\"name\": \"CategoricalDistribution\", \"attributes\": {\"choices\": [64, 256, 1024]}}"}
{"op_code":5,"worker_id":"1a6b8c75-8e30-4e31-a5f2-d78fc8dfd8a5-35524","trial_id":5,"param_name":"n-epochs","param_value_internal":1,"distribution":"{\"name\": \"CategoricalDistribution\", \"attributes\": {\"choices\": [3, 5, 10]}}"}
{"op_code":5,"worker_id":"1a6b8c75-8e30-4e31-a5f2-d78fc8dfd8a5-35524","trial_id":5,"param_name":"gamma","param_value_internal":1,"distribution":"{\"name\": \"CategoricalDistribution\", \"attributes\": {\"choices\": [0.99, 0.995, 0.999]}}"}
{"op_code":5,"worker_id":"1a6b8c75-8e30-4e31-a5f2-d78fc8dfd8a5-35524","trial_id":5,"param_name":"gae-lambda","param_value_internal":0,"distribution":"{\"name\": \"CategoricalDistribution\", \"attributes\": {\"choices\": [0.9, 0.95, 0.98]}}"}
{"op_code":5,"worker_id":"1a6b8c75-8e30-4e31-a5f2-d78fc8dfd8a5-35524","trial_id":5,"param_name":"clip-range","param_value_internal":2,"distribution":"{\"name\": \"CategoricalDistribution\", \"attributes\": {\"choices\": [0.1, 0.2, 0.3]}}"}
{"op_code":5,"worker_id":"1a6b8c75-8e30-4e31-a5f2-d78fc8dfd8a5-35524","trial_id":5,"param_name":"ent-coef","param_value_internal":0.000413229862740349,"distribution":"{\"name\": \"FloatDistribution\", \"attributes\": {\"step\": null, \"low\": 0.0001, \"high\": 0.03, \"log\": true}}"}
{"op_code":8,"worker_id":"1a6b8c75-8e30-4e31-a5f2-d78fc8dfd8a5-35524","trial_id":5,"user_attr":{"train_argv":"--option 1 --reward-mode objective --objectives tardiness_sq --lambda-late 1.0 --lambda-energy 1.0 --power-model linear --difficulty on_rho095 --timesteps 300000 --save-tag tune_on_rho095_o1cmlubrze_t5 --n-envs 4 --vec-backend subproc --seed 0 --rule-placements FirstFit,Consolidate --algo ppo --markov-obs --lookahead --fixed-scaling --critic-arrivals --lateness-shaping --normalize-reward --event-idle --learning-rate 0.000218769 --rollout-size 16384 --batch-size 64 --n-epochs 5 --gamma 0.995 --gae-lambda 0.9 --clip-range 0.3 --ent-coef 0.00041323"}}
{"op_code":7,"worker_id":"1a6b8c75-8e30-4e31-a5f2-d78fc8dfd8a5-35524","trial_id":5,"step":75000,"intermediate_value":23590.0}
{"op_code":7,"worker_id":"1a6b8c75-8e30-4e31-a5f2-d78fc8dfd8a5-35524","trial_id":5,"step":150000,"intermediate_value":28159.4}
{"op_code":7,"worker_id":"1a6b8c75-8e30-4e31-a5f2-d78fc8dfd8a5-35524","trial_id":5,"step":225000,"intermediate_value":166137.8}
{"op_code":6,"worker_id":"1a6b8c75-8e30-4e31-a5f2-d78fc8dfd8a5-35524","trial_id":5,"state":1,"values":[189647.55],"datetime_complete":"2026-10-07T10:32:49.532200"}
{"op_code":4,"worker_id":"1a6b8c75-8e30-4e31-a5f2-d78fc8dfd8a5-35524","study_id":0,"datetime_start":"2026-10-07T10:32:49.854003"}
{"op_code":5,"worker_id":"1a6b8c75-8e30-4e31-a5f2-d78fc8dfd8a5-35524","trial_id":6,"param_name":"learning-rate","param_value_internal":0.00022622417507807115,"distribution":"{\"name\": \"FloatDistribution\", \"attributes\": {\"step\": null, \"low\": 3e-05, \"high\": 0.001, \"log\": true}}"}
{"op_code":5,"worker_id":"1a6b8c75-8e30-4e31-a5f2-d78fc8dfd8a5-35524","trial_id":6,"param_name":"rollout-size","param_value_internal":3,"distribution":"{\"name\": \"CategoricalDistribution\", \"attributes\": {\"choices\": [2048, 4096, 8192, 16384]}}"}
{"op_code":5,"worker_id":"1a6b8c75-8e30-4e31-a5f2-d78fc8dfd8a5-35524","trial_id":6,"param_name":"batch-size","param_value_internal":1,"distribution":"{\"name\": \"CategoricalDistribution\", \"attributes\": {\"choices\": [64, 256, 1024]}}"}
{"op_code":5,"worker_id":"1a6b8c75-8e30-4e31-a5f2-d78fc8dfd8a5-35524","trial_id":6,"param_name":"n-epochs","param_value_internal":1,"distribution":"{\"name\": \"CategoricalDistribution\", \"attributes\": {\"choices\": [3, 5, 10]}}"}
{"op_code":5,"worker_id":"1a6b8c75-8e30-4e31-a5f2-d78fc8dfd8a5-35524","trial_id":6,"param_name":"gamma","param_value_internal":2,"distribution":"{\"name\": \"CategoricalDistribution\", \"attributes\": {\"choices\": [0.99, 0.995, 0.999]}}"}
{"op_code":5,"worker_id":"1a6b8c75-8e30-4e31-a5f2-d78fc8dfd8a5-35524","trial_id":6,"param_name":"gae-lambda","param_value_internal":1,"distribution":"{\"name\": \"CategoricalDistribution\", \"attributes\": {\"choices\": [0.9, 0.95, 0.98]}}"}
{"op_code":5,"worker_id":"1a6b8c75-8e30-4e31-a5f2-d78fc8dfd8a5-35524","trial_id":6,"param_name":"clip-range","param_value_internal":0,"distribution":"{\"name\": \"CategoricalDistribution\", \"attributes\": {\"choices\": [0.1, 0.2, 0.3]}}"}
{"op_code":5,"worker_id":"1a6b8c75-8e30-4e31-a5f2-d78fc8dfd8a5-35524","trial_id":6,"param_name":"ent-coef","param_value_internal":0.0031776753088383902,"distribution":"{\"name\": \"FloatDistribution\", \"attributes\": {\"step\": null, \"low\": 0.0001, \"high\": 0.03, \"log\": true}}"}
{"op_code":8,"worker_id":"1a6b8c75-8e30-4e31-a5f2-d78fc8dfd8a5-35524","trial_id":6,"user_attr":{"train_argv":"--option 1 --reward-mode objective --objectives tardiness_sq --lambda-late 1.0 --lambda-energy 1.0 --power-model linear --difficulty on_rho095 --timesteps 300000 --save-tag tune_on_rho095_o1cmlubrze_t6 --n-envs 4 --vec-backend subproc --seed 0 --rule-placements FirstFit,Consolidate --algo ppo --markov-obs --lookahead --fixed-scaling --critic-arrivals --lateness-shaping --normalize-reward --event-idle --learning-rate 0.000226224 --rollout-size 16384 --batch-size 256 --n-epochs 5 --gamma 0.999 --gae-lambda 0.95 --clip-range 0.1 --ent-coef 0.00317768"}}
{"op_code":7,"worker_id":"1a6b8c75-8e30-4e31-a5f2-d78fc8dfd8a5-35524","trial_id":6,"step":75000,"intermediate_value":132795.8}
{"op_code":6,"worker_id":"1a6b8c75-8e30-4e31-a5f2-d78fc8dfd8a5-35524","trial_id":6,"state":2,"values":[132795.8],"datetime_complete":"2026-10-07T10:35:13.999853"}
{"op_code":4,"worker_id":"1a6b8c75-8e30-4e31-a5f2-d78fc8dfd8a5-35524","study_id":0,"datetime_start":"2026-10-07T10:35:14.287962"}
{"op_code":5,"worker_id":"1a6b8c75-8e30-4e31-a5f2-d78fc8dfd8a5-35524","trial_id":7,"param_name":"learning-rate","param_value_internal":3.208855558609467e-05,"distribution":"{\"name\": \"FloatDistribution\", \"attributes\": {\"step\": null, \"low\": 3e-05, \"high\": 0.001, \"log\": true}}"}
{"op_code":5,"worker_id":"1a6b8c75-8e30-4e31-a5f2-d78fc8dfd8a5-35524","trial_id":7,"param_name":"rollout-size","param_value_internal":1,"distribution":"{\"name\": \"CategoricalDistribution\", \"attributes\": {\"choices\": [2048, 4096, 8192, 16384]}}"}
{"op_code":5,"worker_id":"1a6b8c75-8e30-4e31-a5f2-d78fc8dfd8a5-35524","trial_id":7,"param_name":"batch-size","param_value_internal":0,"distribution":"{\"name\": \"CategoricalDistribution\", \"attributes\": {\"choices\": [64, 256, 1024]}}"}
{"op_code":5,"worker_id":"1a6b8c75-8e30-4e31-a5f2-d78fc8dfd8a5-35524","trial_id":7,"param_name":"n-epochs","param_value_internal":1,"distribution":"{\"name\": \"CategoricalDistribution\", \"attributes\": {\"choices\": [3, 5, 10]}}"}
{"op_code":5,"worker_id":"1a6b8c75-8e30-4e31-a5f2-d78fc8dfd8a5-35524","trial_id":7,"param_name":"gamma","param_value_internal":0,"distribution":"{\"name\": \"CategoricalDistribution\", \"attributes\": {\"choices\": [0.99, 0.995, 0.999]}}"}
{"op_code":5,"worker_id":"1a6b8c75-8e30-4e31-a5f2-d78fc8dfd8a5-35524","trial_id":7,"param_name":"gae-lambda","param_value_internal":0,"distribution":"{\"name\": \"CategoricalDistribution\", \"attributes\": {\"choices\": [0.9, 0.95, 0.98]}}"}
{"op_code":5,"worker_id":"1a6b8c75-8e30-4e31-a5f2-d78fc8dfd8a5-35524","trial_id":7,"param_name":"clip-range","param_value_internal":0,"distribution":"{\"name\": \"CategoricalDistribution\", \"attributes\": {\"choices\": [0.1, 0.2, 0.3]}}"}
{"op_code":5,"worker_id":"1a6b8c75-8e30-4e31-a5f2-d78fc8dfd8a5-35524","trial_id":7,"param_name":"ent-coef","param_value_internal":0.00017712267105509928,"distribution":"{\"name\": \"FloatDistribution\", \"attributes\": {\"step\": null, \"low\": 0.0001, \"high\": 0.03, \"log\": true}}"}
{"op_code":8,"worker_id":"1a6b8c75-8e30-4e31-a5f2-d78fc8dfd8a5-35524","trial_id":7,"user_attr":{"train_argv":"--option 1 --reward-mode objective --objectives tardiness_sq --lambda-late 1.0 --lambda-energy 1.0 --power-model linear --difficulty on_rho095 --timesteps 300000 --save-tag tune_on_rho095_o1cmlubrze_t7 --n-envs 4 --vec-backend subproc --seed 0 --rule-placements FirstFit,Consolidate --algo ppo --markov-obs --lookahead --fixed-scaling --critic-arrivals --lateness-shaping --normalize-reward --event-idle --learning-rate 3.20886e-05 --rollout-size 4096 --batch-size 64 --n-epochs 5 --gamma 0.99 --gae-lambda 0.9 --clip-range 0.1 --ent-coef 0.000177123"}}
{"op_code":7,"worker_id":"1a6b8c75-8e30-4e31-a5f2-d78fc8dfd8a5-35524","trial_id":7,"step":75000,"intermediate_value":187106.8}
{"op_code":6,"worker_id":"1a6b8c75-8e30-4e31-a5f2-d78fc8dfd8a5-35524","trial_id":7,"state":2,"values":[187106.8],"datetime_complete":"2026-10-07T10:38:07.978027"}
{"op_code":4,"worker_id":"1a6b8c75-8e30-4e31-a5f2-d78fc8dfd8a5-35524","study_id":0,"datetime_start":"2026-10-07T10:38:08.255753"}
{"op_code":5,"worker_id":"1a6b8c75-8e30-4e31-a5f2-d78fc8dfd8a5-35524","trial_id":8,"param_name":"learning-rate","param_value_internal":0.0007540181221018431,"distribution":"{\"name\": \"FloatDistribution\", \"attributes\": {\"step\": null, \"low\": 3e-05, \"high\": 0.001, \"log\": true}}"}
{"op_code":5,"worker_id":"1a6b8c75-8e30-4e31-a5f2-d78fc8dfd8a5-35524","trial_id":8,"param_name":"rollout-size","param_value_internal":1,"distribution":"{\"name\": \"CategoricalDistribution\", \"attributes\": {\"choices\": [2048, 4096, 8192, 16384]}}"}
{"op_code":5,"worker_id":"1a6b8c75-8e30-4e31-a5f2-d78fc8dfd8a5-35524","trial_id":8,"param_name":"batch-size","param_value_internal":1,"distribution":"{\"name\": \"CategoricalDistribution\", \"attributes\": {\"choices\": [64, 256, 1024]}}"}
{"op_code":5,"worker_id":"1a6b8c75-8e30-4e31-a5f2-d78fc8dfd8a5-35524","trial_id":8,"param_name":"n-epochs","param_value_internal":0,"distribution":"{\"name\": \"CategoricalDistribution\", \"attributes\": {\"choices\": [3, 5, 10]}}"}
{"op_code":5,"worker_id":"1a6b8c75-8e30-4e31-a5f2-d78fc8dfd8a5-35524","trial_id":8,"param_name":"gamma","param_value_internal":2,"distribution":"{\"name\": \"CategoricalDistribution\", \"attributes\": {\"choices\": [0.99, 0.995, 0.999]}}"}
{"op_code":5,"worker_id":"1a6b8c75-8e30-4e31-a5f2-d78fc8dfd8a5-35524","trial_id":8,"param_name":"gae-lambda","param_value_internal":2,"distribution":"{\"name\": \"CategoricalDistribution\", \"attributes\": {\"choices\": [0.9, 0.95, 0.98]}}"}
{"op_code":5,"worker_id":"1a6b8c75-8e30-4e31-a5f2-d78fc8dfd8a5-35524","trial_id":8,"param_name":"clip-range","param_value_internal":0,"distribution":"{\"name\": \"CategoricalDistribution\", \"attributes\": {\"choices\": [0.1, 0.2, 0.3]}}"}
{"op_code":5,"worker_id":"1a6b8c75-8e30-4e31-a5f2-d78fc8dfd8a5-35524","trial_id":8,"param_name":"ent-coef","param_value_internal":0.000779308323413374,"distribution":"{\"name\": \"FloatDistribution\", \"attributes\": {\"step\": null, \"low\": 0.0001, \"high\": 0.03, \"log\": true}}"}
{"op_code":8,"worker_id":"1a6b8c75-8e30-4e31-a5f2-d78fc8dfd8a5-35524","trial_id":8,"user_attr":{"train_argv":"--option 1 --reward-mode objective --objectives tardiness_sq --lambda-late 1.0 --lambda-energy 1.0 --power-model linear --difficulty on_rho095 --timesteps 300000 --save-tag tune_on_rho095_o1cmlubrze_t8 --n-envs 4 --vec-backend subproc --seed 0 --rule-placements FirstFit,Consolidate --algo ppo --markov-obs --lookahead --fixed-scaling --critic-arrivals --lateness-shaping --normalize-reward --event-idle --learning-rate 0.000754018 --rollout-size 4096 --batch-size 256 --n-epochs 3 --gamma 0.999 --gae-lambda 0.98 --clip-range 0.1 --ent-coef 0.000779308"}}
{"op_code":7,"worker_id":"1a6b8c75-8e30-4e31-a5f2-d78fc8dfd8a5-35524","trial_id":8,"step":75000,"intermediate_value":24946.8}
{"op_code":7,"worker_id":"1a6b8c75-8e30-4e31-a5f2-d78fc8dfd8a5-35524","trial_id":8,"step":150000,"intermediate_value":45502.8}
{"op_code":7,"worker_id":"1a6b8c75-8e30-4e31-a5f2-d78fc8dfd8a5-35524","trial_id":8,"step":225000,"intermediate_value":45502.8}
{"op_code":6,"worker_id":"1a6b8c75-8e30-4e31-a5f2-d78fc8dfd8a5-35524","trial_id":8,"state":1,"values":[68172.25],"datetime_complete":"2026-10-07T10:46:53.391498"}
{"op_code":4,"worker_id":"1a6b8c75-8e30-4e31-a5f2-d78fc8dfd8a5-35524","study_id":0,"datetime_start":"2026-10-07T10:46:53.662479"}
{"op_code":5,"worker_id":"1a6b8c75-8e30-4e31-a5f2-d78fc8dfd8a5-35524","trial_id":9,"param_name":"learning-rate","param_value_internal":0.0003879791314675207,"distribution":"{\"name\": \"FloatDistribution\", \"attributes\": {\"step\": null, \"low\": 3e-05, \"high\": 0.001, \"log\": true}}"}
{"op_code":5,"worker_id":"1a6b8c75-8e30-4e31-a5f2-d78fc8dfd8a5-35524","trial_id":9,"param_name":"rollout-size","param_value_internal":1,"distribution":"{\"name\": \"CategoricalDistribution\", \"attributes\": {\"choices\": [2048, 4096, 8192, 16384]}}"}
{"op_code":5,"worker_id":"1a6b8c75-8e30-4e31-a5f2-d78fc8dfd8a5-35524","trial_id":9,"param_name":"batch-size","param_value_internal":1,"distribution":"{\"name\": \"CategoricalDistribution\", \"attributes\": {\"choices\": [64, 256, 1024]}}"}
{"op_code":5,"worker_id":"1a6b8c75-8e30-4e31-a5f2-d78fc8dfd8a5-35524","trial_id":9,"param_name":"n-epochs","param_value_internal":1,"distribution":"{\"name\": \"CategoricalDistribution\", \"attributes\": {\"choices\": [3, 5, 10]}}"}
{"op_code":5,"worker_id":"1a6b8c75-8e30-4e31-a5f2-d78fc8dfd8a5-35524","trial_id":9,"param_name":"gamma","param_value_internal":2,"distribution":"{\"name\": \"CategoricalDistribution\", \"attributes\": {\"choices\": [0.99, 0.995, 0.999]}}"}
{"op_code":5,"worker_id":"1a6b8c75-8e30-4e31-a5f2-d78fc8dfd8a5-35524","trial_id":9,"param_name":"gae-lambda","param_value_internal":2,"distribution":"{\"name\": \"CategoricalDistribution\", \"attributes\": {\"choices\": [0.9, 0.95, 0.98]}}"}
{"op_code":5,"worker_id":"1a6b8c75-8e30-4e31-a5f2-d78fc8dfd8a5-35524","trial_id":9,"param_name":"clip-range","param_value_internal":0,"distribution":"{\"name\": \"CategoricalDistribution\", \"attributes\": {\"choices\": [0.1, 0.2, 0.3]}}"}
{"op_code":5,"worker_id":"1a6b8c75-8e30-4e31-a5f2-d78fc8dfd8a5-35524","trial_id":9,"param_name":"ent-coef","param_value_internal":0.006435774191713849,"distribution":"{\"name\": \"FloatDistribution\", \"attributes\": {\"step\": null, \"low\": 0.0001, \"high\": 0.03, \"log\": true}}"}
{"op_code":8,"worker_id":"1a6b8c75-8e30-4e31-a5f2-d78fc8dfd8a5-35524","trial_id":9,"user_attr":{"train_argv":"--option 1 --reward-mode objective --objectives tardiness_sq --lambda-late 1.0 --lambda-energy 1.0 --power-model linear --difficulty on_rho095 --timesteps 300000 --save-tag tune_on_rho095_o1cmlubrze_t9 --n-envs 4 --vec-backend subproc --seed 0 --rule-placements FirstFit,Consolidate --algo ppo --markov-obs --lookahead --fixed-scaling --critic-arrivals --lateness-shaping --normalize-reward --event-idle --learning-rate 0.000387979 --rollout-size 4096 --batch-size 256 --n-epochs 5 --gamma 0.999 --gae-lambda 0.98 --clip-range 0.1 --ent-coef 0.00643577"}}
{"op_code":7,"worker_id":"1a6b8c75-8e30-4e31-a5f2-d78fc8dfd8a5-35524","trial_id":9,"step":75000,"intermediate_value":131318.8}
{"op_code":6,"worker_id":"1a6b8c75-8e30-4e31-a5f2-d78fc8dfd8a5-35524","trial_id":9,"state":2,"values":[131318.8],"datetime_complete":"2026-10-07T10:49:20.362595"}
{"op_code":4,"worker_id":"1a6b8c75-8e30-4e31-a5f2-d78fc8dfd8a5-35524","study_id":0,"datetime_start":"2026-10-07T10:49:20.623243"}
{"op_code":5,"worker_id":"1a6b8c75-8e30-4e31-a5f2-d78fc8dfd8a5-35524","trial_id":10,"param_name":"learning-rate","param_value_internal":8.669437755251202e-05,"distribution":"{\"name\": \"FloatDistribution\", \"attributes\": {\"step\": null, \"low\": 3e-05, \"high\": 0.001, \"log\": true}}"}
{"op_code":5,"worker_id":"1a6b8c75-8e30-4e31-a5f2-d78fc8dfd8a5-35524","trial_id":10,"param_name":"rollout-size","param_value_internal":0,"distribution":"{\"name\": \"CategoricalDistribution\", \"attributes\": {\"choices\": [2048, 4096, 8192, 16384]}}"}
{"op_code":5,"worker_id":"1a6b8c75-8e30-4e31-a5f2-d78fc8dfd8a5-35524","trial_id":10,"param_name":"batch-size","param_value_internal":2,"distribution":"{\"name\": \"CategoricalDistribution\", \"attributes\": {\"choices\": [64, 256, 1024]}}"}
{"op_code":5,"worker_id":"1a6b8c75-8e30-4e31-a5f2-d78fc8dfd8a5-35524","trial_id":10,"param_name":"n-epochs","param_value_internal":0,"distribution":"{\"name\": \"CategoricalDistribution\", \"attributes\": {\"choices\": [3, 5, 10]}}"}
{"op_code":5,"worker_id":"1a6b8c75-8e30-4e31-a5f2-d78fc8dfd8a5-35524","trial_id":10,"param_name":"gamma","param_value_internal":2,"distribution":"{\"name\": \"CategoricalDistribution\", \"attributes\": {\"choices\": [0.99, 0.995, 0.999]}}"}
{"op_code":5,"worker_id":"1a6b8c75-8e30-4e31-a5f2-d78fc8dfd8a5-35524","trial_id":10,"param_name":"gae-lambda","param_value_internal":1,"distribution":"{\"name\": \"CategoricalDistribution\", \"attributes\": {\"choices\": [0.9, 0.95, 0.98]}}"}
{"op_code":5,"worker_id":"1a6b8c75-8e30-4e31-a5f2-d78fc8dfd8a5-35524","trial_id":10,"param_name":"clip-range","param_value_internal":2,"distribution":"{\"name\": \"CategoricalDistribution\", \"attributes\": {\"choices\": [0.1, 0.2, 0.3]}}"}
{"op_code":5,"worker_id":"1a6b8c75-8e30-4e31-a5f2-d78fc8dfd8a5-35524","trial_id":10,"param_name":"ent-coef","param_value_internal":0.023699788579966005,"distribution":"{\"name\": \"FloatDistribution\", \"attributes\": {\"step\": null, \"low\": 0.0001, \"high\": 0.03, \"log\": true}}"}
{"op_code":8,"worker_id":"1a6b8c75-8e30-4e31-a5f2-d78fc8dfd8a5-35524","trial_id":10,"user_attr":{"train_argv":"--option 1 --reward-mode objective --objectives tardiness_sq --lambda-late 1.0 --lambda-energy 1.0 --power-model linear --difficulty on_rho095 --timesteps 300000 --save-tag tune_on_rho095_o1cmlubrze_t10 --n-envs 4 --vec-backend subproc --seed 0 --rule-placements FirstFit,Consolidate --algo ppo --markov-obs --lookahead --fixed-scaling --critic-arrivals --lateness-shaping --normalize-reward --event-idle --learning-rate 8.66944e-05 --rollout-size 2048 --batch-size 1024 --n-epochs 3 --gamma 0.999 --gae-lambda 0.95 --clip-range 0.3 --ent-coef 0.0236998"}}
{"op_code":7,"worker_id":"1a6b8c75-8e30-4e31-a5f2-d78fc8dfd8a5-35524","trial_id":10,"step":75000,"intermediate_value":23590.0}
{"op_code":7,"worker_id":"1a6b8c75-8e30-4e31-a5f2-d78fc8dfd8a5-35524","trial_id":10,"step":150000,"intermediate_value":166137.8}
{"op_code":7,"worker_id":"1a6b8c75-8e30-4e31-a5f2-d78fc8dfd8a5-35524","trial_id":10,"step":225000,"intermediate_value":166137.8}
{"op_code":6,"worker_id":"1a6b8c75-8e30-4e31-a5f2-d78fc8dfd8a5-35524","trial_id":10,"state":1,"values":[189647.55],"datetime_complete":"2026-10-07T10:57:24.048539"}
{"op_code":4,"worker_id":"1a6b8c75-8e30-4e31-a5f2-d78fc8dfd8a5-35524","study_id":0,"datetime_start":"2026-10-07T10:57:24.302940"}
{"op_code":5,"worker_id":"1a6b8c75-8e30-4e31-a5f2-d78fc8dfd8a5-35524","trial_id":11,"param_name":"learning-rate","param_value_internal":0.0009815391822393198,"distribution":"{\"name\": \"FloatDistribution\", \"attributes\": {\"step\": null, \"low\": 3e-05, \"high\": 0.001, \"log\": true}}"}
{"op_code":5,"worker_id":"1a6b8c75-8e30-4e31-a5f2-d78fc8dfd8a5-35524","trial_id":11,"param_name":"rollout-size","param_value_internal":0,"distribution":"{\"name\": \"CategoricalDistribution\", \"attributes\": {\"choices\": [2048, 4096, 8192, 16384]}}"}
{"op_code":5,"worker_id":"1a6b8c75-8e30-4e31-a5f2-d78fc8dfd8a5-35524","trial_id":11,"param_name":"batch-size","param_value_internal":2,"distribution":"{\"name\": \"CategoricalDistribution\", \"attributes\": {\"choices\": [64, 256, 1024]}}"}
{"op_code":5,"worker_id":"1a6b8c75-8e30-4e31-a5f2-d78fc8dfd8a5-35524","trial_id":11,"param_name":"n-epochs","param_value_internal":0,"distribution":"{\"name\": \"CategoricalDistribution\", \"attributes\": {\"choices\": [3, 5, 10]}}"}
{"op_code":5,"worker_id":"1a6b8c75-8e30-4e31-a5f2-d78fc8dfd8a5-35524","trial_id":11,"param_name":"gamma","param_value_internal":2,"distribution":"{\"name\": \"CategoricalDistribution\", \"attributes\": {\"choices\": [0.99, 0.995, 0.999]}}"}
{"op_code":5,"worker_id":"1a6b8c75-8e30-4e31-a5f2-d78fc8dfd8a5-35524","trial_id":11,"param_name":"gae-lambda","param_value_internal":2,"distribution":"{\"name\": \"CategoricalDistribution\", \"attributes\": {\"choices\": [0.9, 0.95, 0.98]}}"}
{"op_code":5,"worker_id":"1a6b8c75-8e30-4e31-a5f2-d78fc8dfd8a5-35524","trial_id":11,"param_name":"clip-range","param_value_internal":2,"distribution":"{\"name\": \"CategoricalDistribution\", \"attributes\": {\"choices\": [0.1, 0.2, 0.3]}}"}
{"op_code":5,"worker_id":"1a6b8c75-8e30-4e31-a5f2-d78fc8dfd8a5-35524","trial_id":11,"param_name":"ent-coef","param_value_internal":0.029032219148150115,"distribution":"{\"name\": \"FloatDistribution\", \"attributes\": {\"step\": null, \"low\": 0.0001, \"high\": 0.03, \"log\": true}}"}
{"op_code":8,"worker_id":"1a6b8c75-8e30-4e31-a5f2-d78fc8dfd8a5-35524","trial_id":11,"user_attr":{"train_argv":"--option 1 --reward-mode objective --objectives tardiness_sq --lambda-late 1.0 --lambda-energy 1.0 --power-model linear --difficulty on_rho095 --timesteps 300000 --save-tag tune_on_rho095_o1cmlubrze_t11 --n-envs 4 --vec-backend subproc --seed 0 --rule-placements FirstFit,Consolidate --algo ppo --markov-obs --lookahead --fixed-scaling --critic-arrivals --lateness-shaping --normalize-reward --event-idle --learning-rate 0.000981539 --rollout-size 2048 --batch-size 1024 --n-epochs 3 --gamma 0.999 --gae-lambda 0.98 --clip-range 0.3 --ent-coef 0.0290322"}}
{"op_code":7,"worker_id":"1a6b8c75-8e30-4e31-a5f2-d78fc8dfd8a5-35524","trial_id":11,"step":75000,"intermediate_value":100738.0}
{"op_code":6,"worker_id":"1a6b8c75-8e30-4e31-a5f2-d78fc8dfd8a5-35524","trial_id":11,"state":2,"values":[100738.0],"datetime_complete":"2026-10-07T10:59:23.781865"}
{"op_code":0,"worker_id":"2a4a6f02-cda2-4379-9201-bebff2986ced-40468","study_name":"on_rho095_o1cmlubrze","directions":[1]}
{"op_code":0,"worker_id":"f62f4212-05e5-4040-8250-2dfbd87596c0-464","study_name":"on_rho095_o1cmlubrze","directions":[1]}
{"op_code":0,"worker_id":"e4c0d30d-f1c1-4f67-ba28-28244a8ff0ff-31116","study_name":"on_rho095_o1cmlubrze","directions":[1]}
{"op_code":0,"worker_id":"47af4bea-3974-41a5-9c57-ee0c057bde9c-31800","study_name":"on_rho095_o1cmlubrze","directions":[1]}
{"op_code":0,"worker_id":"3741c164-b405-4c5d-b66b-16a3f0b32406-37176","study_name":"on_rho095_o1cmlubrze","directions":[1]}
{"op_code":0,"worker_id":"578bea4f-c872-4397-ab27-5daeaf502643-17132","study_name":"on_rho095_o1cmlubrze","directions":[1]}
{"op_code":0,"worker_id":"314a7190-a709-4fe3-8532-c6af3b606bca-5576","study_name":"on_rho095_o1cmlubrze","directions":[1]}
{"op_code":0,"worker_id":"16e27706-3137-4501-ae54-10ad0cfb9fa8-32732","study_name":"on_rho095_o1cmlubrze","directions":[1]}
{"op_code":0,"worker_id":"4ca7dd00-631d-4401-94fe-19692299bfe1-36448","study_name":"on_rho095_o1cmlubrze","directions":[1]}
{"op_code":0,"worker_id":"df5ec9ef-81d0-43d9-a381-651b4c57e486-38104","study_name":"on_rho095_o1cmlubrze","directions":[1]}
{"op_code":0,"worker_id":"a518fdbf-c42c-4937-9381-a739b3799558-36512","study_name":"on_rho095_o1cmlubrze","directions":[1]}
{"op_code":0,"worker_id":"30147f62-f43f-417c-8e7e-b5d53bc45af0-14944","study_name":"on_rho095_o1cmlubrze","directions":[1]}
{"op_code":0,"worker_id":"8669b1c0-e99d-4f09-980a-6f796585e351-39076","study_name":"on_rho095_o1cmlubrze","directions":[1]}
