{"op_code":0,"worker_id":"9c55b9d7-6fd2-4e2b-99c8-03c559ef58b2-43228","study_name":"on_rho095_o4fmlubrze","directions":[1]}
{"op_code":4,"worker_id":"9c55b9d7-6fd2-4e2b-99c8-03c559ef58b2-43228","study_id":0,"datetime_start":null,"state":4,"value":null,"values":null,"distributions":{},"params":{},"user_attrs":{"defaults":true},"system_attrs":{"fixed_params":{}},"intermediate_values":{}}
{"op_code":6,"worker_id":"9c55b9d7-6fd2-4e2b-99c8-03c559ef58b2-43228","trial_id":0,"state":0,"values":null,"datetime_start":"2026-10-07T19:41:14.827726"}
{"op_code":8,"worker_id":"9c55b9d7-6fd2-4e2b-99c8-03c559ef58b2-43228","trial_id":0,"user_attr":{"train_argv":"--option 4 --reward-mode objective --objectives tardiness_sq --lambda-late 1.0 --lambda-energy 1.0 --power-model linear --difficulty on_rho095 --timesteps 300000 --save-tag tune_on_rho095_o4fmlubrze_t0 --n-envs 4 --vec-backend subproc --seed 0 --algo ppo --markov-obs --lookahead --fixed-scaling --critic-arrivals --lateness-shaping --normalize-reward --event-idle --repair-placement"}}
{"op_code":7,"worker_id":"9c55b9d7-6fd2-4e2b-99c8-03c559ef58b2-43228","trial_id":0,"step":75000,"intermediate_value":166219.0}
{"op_code":7,"worker_id":"9c55b9d7-6fd2-4e2b-99c8-03c559ef58b2-43228","trial_id":0,"step":150000,"intermediate_value":99421.8}
{"op_code":0,"worker_id":"ce38a487-c88c-4351-8422-4b25697fd0ec-464","study_name":"on_rho095_o4fmlubrze","directions":[1]}
{"op_code":7,"worker_id":"9c55b9d7-6fd2-4e2b-99c8-03c559ef58b2-43228","trial_id":0,"step":225000,"intermediate_value":117973.6}
{"op_code":0,"worker_id":"5c01c667-418e-4a3d-8a30-1e8260acaec5-31116","study_name":"on_rho095_o4fmlubrze","directions":[1]}
{"op_code":0,"worker_id":"7ecfe469-f145-4ce9-b552-cf406e4eb193-31800","study_name":"on_rho095_o4fmlubrze","directions":[1]}
{"op_code":8,"worker_id":"7ecfe469-f145-4ce9-b552-cf406e4eb193-31800","trial_id":0,"user_attr":{"interrupted":true}}
{"op_code":6,"worker_id":"7ecfe469-f145-4ce9-b552-cf406e4eb193-31800","trial_id":0,"state":3,"values":null,"datetime_complete":"2026-10-07T23:05:22.002510"}
{"op_code":4,"worker_id":"7ecfe469-f145-4ce9-b552-cf406e4eb193-31800","study_id":0,"datetime_start":null,"state":4,"value":null,"values":null,"distributions":{},"params":{},"user_attrs":{"rerun_of":0,"defaults":true},"system_attrs":{"fixed_params":{}},"intermediate_values":{}}
{"op_code":0,"worker_id":"0797fd1d-9106-46ba-a820-94379ff48c0b-29132","study_name":"on_rho095_o4fmlubrze","directions":[1]}
{"op_code":6,"worker_id":"0797fd1d-9106-46ba-a820-94379ff48c0b-29132","trial_id":1,"state":0,"values":null,"datetime_start":"2026-10-07T23:09:39.384672"}
{"op_code":8,"worker_id":"0797fd1d-9106-46ba-a820-94379ff48c0b-29132","trial_id":1,"user_attr":{"train_argv":"--option 4 --reward-mode objective --objectives tardiness_sq --lambda-late 1.0 --lambda-energy 1.0 --power-model linear --difficulty on_rho095 --timesteps 300000 --save-tag tune_on_rho095_o4fmlubrze_t1 --n-envs 4 --vec-backend subproc --seed 0 --algo ppo --markov-obs --lookahead --fixed-scaling --critic-arrivals --lateness-shaping --normalize-reward --event-idle --repair-placement"}}
{"op_code":0,"worker_id":"dc3da3b4-feef-4ed7-bfdf-b1794017e7b0-1916","study_name":"on_rho095_o4fmlubrze","directions":[1]}
{"op_code":0,"worker_id":"d5fdaab0-2188-451f-8e79-755ff9674090-30924","study_name":"on_rho095_o4fmlubrze","directions":[1]}
{"op_code":4,"worker_id":"d5fdaab0-2188-451f-8e79-755ff9674090-30924","study_id":0,"datetime_start":"2026-10-07T23:49:02.013718"}
{"op_code":5,"worker_id":"d5fdaab0-2188-451f-8e79-755ff9674090-30924","trial_id":2,"param_name":"learning-rate","param_value_internal":0.00012947776733736072,"distribution":"{\"name\": \"FloatDistribution\", \"attributes\": {\"step\": null, \"low\": 3e-05, \"high\": 0.001, \"log\": true}}"}
{"op_code":5,"worker_id":"d5fdaab0-2188-451f-8e79-755ff9674090-30924","trial_id":2,"param_name":"rollout-size","param_value_internal":0,"distribution":"{\"name\": \"CategoricalDistribution\", \"attributes\": {\"choices\": [2048, 4096, 8192, 16384]}}"}
{"op_code":5,"worker_id":"d5fdaab0-2188-451f-8e79-755ff9674090-30924","trial_id":2,"param_name":"batch-size","param_value_internal":2,"distribution":"{\"name\": \"CategoricalDistribution\", \"attributes\": {\"choices\": [64, 256, 1024]}}"}
{"op_code":5,"worker_id":"d5fdaab0-2188-451f-8e79-755ff9674090-30924","trial_id":2,"param_name":"n-epochs","param_value_internal":1,"distribution":"{\"name\": \"CategoricalDistribution\", \"attributes\": {\"choices\": [3, 5, 10]}}"}
{"op_code":5,"worker_id":"d5fdaab0-2188-451f-8e79-755ff9674090-30924","trial_id":2,"param_name":"gamma","param_value_internal":2,"distribution":"{\"name\": \"CategoricalDistribution\", \"attributes\": {\"choices\": [0.99, 0.995, 0.999]}}"}
{"op_code":5,"worker_id":"d5fdaab0-2188-451f-8e79-755ff9674090-30924","trial_id":2,"param_name":"gae-lambda","param_value_internal":1,"distribution":"{\"name\": \"CategoricalDistribution\", \"attributes\": {\"choices\": [0.9, 0.95, 0.98]}}"}
{"op_code":5,"worker_id":"d5fdaab0-2188-451f-8e79-755ff9674090-30924","trial_id":2,"param_name":"clip-range","param_value_internal":0,"distribution":"{\"name\": \"CategoricalDistribution\", \"attributes\": {\"choices\": [0.1, 0.2, 0.3]}}"}
{"op_code":5,"worker_id":"d5fdaab0-2188-451f-8e79-755ff9674090-30924","trial_id":2,"param_name":"ent-coef","param_value_internal":0.009628117698906266,"distribution":"{\"name\": \"FloatDistribution\", \"attributes\": {\"step\": null, \"low\": 0.0001, \"high\": 0.03, \"log\": true}}"}
{"op_code":8,"worker_id":"d5fdaab0-2188-451f-8e79-755ff9674090-30924","trial_id":2,"user_attr":{"train_argv":"--option 4 --reward-mode objective --objectives tardiness_sq --lambda-late 1.0 --lambda-energy 1.0 --power-model linear --difficulty on_rho095 --timesteps 300000 --save-tag tune_on_rho095_o4fmlubrze_t2 --n-envs 4 --vec-backend subproc --seed 0 --algo ppo --markov-obs --lookahead --fixed-scaling --critic-arrivals --lateness-shaping --normalize-reward --event-idle --repair-placement --learning-rate 0.000129478 --rollout-size 2048 --batch-size 1024 --n-epochs 5 --gamma 0.999 --gae-lambda 0.95 --clip-range 0.1 --ent-coef 0.00962812"}}
{"op_code":7,"worker_id":"0797fd1d-9106-46ba-a820-94379ff48c0b-29132","trial_id":1,"step":75000,"intermediate_value":166219.0}
{"op_code":0,"worker_id":"00dc87ab-a478-4237-91ca-608b7afa2bf4-37176","study_name":"on_rho095_o4fmlubrze","directions":[1]}
{"op_code":7,"worker_id":"0797fd1d-9106-46ba-a820-94379ff48c0b-29132","trial_id":1,"step":150000,"intermediate_value":99421.8}
{"op_code":7,"worker_id":"0797fd1d-9106-46ba-a820-94379ff48c0b-29132","trial_id":1,"step":225000,"intermediate_value":117973.6}
{"op_code":6,"worker_id":"0797fd1d-9106-46ba-a820-94379ff48c0b-29132","trial_id":1,"state":1,"values":[98837.3],"datetime_complete":"2026-10-08T03:32:18.753811"}
{"op_code":4,"worker_id":"0797fd1d-9106-46ba-a820-94379ff48c0b-29132","study_id":0,"datetime_start":"2026-10-08T03:32:19.231112"}
{"op_code":5,"worker_id":"0797fd1d-9106-46ba-a820-94379ff48c0b-29132","trial_id":3,"param_name":"learning-rate","param_value_internal":0.00020554062603827,"distribution":"{\"name\": \"FloatDistribution\", \"attributes\": {\"step\": null, \"low\": 3e-05, \"high\": 0.001, \"log\": true}}"}
{"op_code":5,"worker_id":"0797fd1d-9106-46ba-a820-94379ff48c0b-29132","trial_id":3,"param_name":"rollout-size","param_value_internal":0,"distribution":"{\"name\": \"CategoricalDistribution\", \"attributes\": {\"choices\": [2048, 4096, 8192, 16384]}}"}
{"op_code":5,"worker_id":"0797fd1d-9106-46ba-a820-94379ff48c0b-29132","trial_id":3,"param_name":"batch-size","param_value_internal":2,"distribution":"{\"name\": \"CategoricalDistribution\", \"attributes\": {\"choices\": [64, 256, 1024]}}"}
{"op_code":5,"worker_id":"0797fd1d-9106-46ba-a820-94379ff48c0b-29132","trial_id":3,"param_name":"n-epochs","param_value_internal":0,"distribution":"{\"name\": \"CategoricalDistribution\", \"attributes\": {\"choices\": [3, 5, 10]}}"}
{"op_code":5,"worker_id":"0797fd1d-9106-46ba-a820-94379ff48c0b-29132","trial_id":3,"param_name":"gamma","param_value_internal":2,"distribution":"{\"name\": \"CategoricalDistribution\", \"attributes\": {\"choices\": [0.99, 0.995, 0.999]}}"}
{"op_code":5,"worker_id":"0797fd1d-9106-46ba-a820-94379ff48c0b-29132","trial_id":3,"param_name":"gae-lambda","param_value_internal":1,"distribution":"{\"name\": \"CategoricalDistribution\", \"attributes\": {\"choices\": [0.9, 0.95, 0.98]}}"}
{"op_code":5,"worker_id":"0797fd1d-9106-46ba-a820-94379ff48c0b-29132","trial_id":3,"param_name":"clip-range","param_value_internal":2,"distribution":"{\"name\": \"CategoricalDistribution\", \"attributes\": {\"choices\": [0.1, 0.2, 0.3]}}"}
{"op_code":5,"worker_id":"0797fd1d-9106-46ba-a820-94379ff48c0b-29132","trial_id":3,"param_name":"ent-coef","param_value_internal":0.02655561084998941,"distribution":"{\"name\": \"FloatDistribution\", \"attributes\": {\"step\": null, \"low\": 0.0001, \"high\": 0.03, \"log\": true}}"}
{"op_code":8,"worker_id":"0797fd1d-9106-46ba-a820-94379ff48c0b-29132","trial_id":3,"user_attr":{"train_argv":"--option 4 --reward-mode objective --objectives tardiness_sq --lambda-late 1.0 --lambda-energy 1.0 --power-model linear --difficulty on_rho095 --timesteps 300000 --save-tag tune_on_rho095_o4fmlubrze_t3 --n-envs 4 --vec-backend subproc --seed 0 --algo ppo --markov-obs --lookahead --fixed-scaling --critic-arrivals --lateness-shaping --normalize-reward --event-idle --repair-placement --learning-rate 0.000205541 --rollout-size 2048 --batch-size 1024 --n-epochs 3 --gamma 0.999 --gae-lambda 0.95 --clip-range 0.3 --ent-coef 0.0265556"}}
{"op_code":7,"worker_id":"0797fd1d-9106-46ba-a820-94379ff48c0b-29132","trial_id":3,"step":75000,"intermediate_value":337946.6}
{"op_code":7,"worker_id":"0797fd1d-9106-46ba-a820-94379ff48c0b-29132","trial_id":3,"step":150000,"intermediate_value":517890.0}
{"op_code":7,"worker_id":"0797fd1d-9106-46ba-a820-94379ff48c0b-29132","trial_id":3,"step":225000,"intermediate_value":566184.6}
{"op_code":6,"worker_id":"0797fd1d-9106-46ba-a820-94379ff48c0b-29132","trial_id":3,"state":1,"values":[1809659.25],"datetime_complete":"2026-10-08T05:03:33.144451"}
{"op_code":4,"worker_id":"0797fd1d-9106-46ba-a820-94379ff48c0b-29132","study_id":0,"datetime_start":"2026-10-08T05:03:33.733019"}
{"op_code":5,"worker_id":"0797fd1d-9106-46ba-a820-94379ff48c0b-29132","trial_id":4,"param_name":"learning-rate","param_value_internal":0.0004944733002746453,"distribution":"{\"name\": \"FloatDistribution\", \"attributes\": {\"step\": null, \"low\": 3e-05, \"high\": 0.001, \"log\": true}}"}
{"op_code":5,"worker_id":"0797fd1d-9106-46ba-a820-94379ff48c0b-29132","trial_id":4,"param_name":"rollout-size","param_value_internal":1,"distribution":"{\"name\": \"CategoricalDistribution\", \"attributes\": {\"choices\": [2048, 4096, 8192, 16384]}}"}
{"op_code":5,"worker_id":"0797fd1d-9106-46ba-a820-94379ff48c0b-29132","trial_id":4,"param_name":"batch-size","param_value_internal":1,"distribution":"{\"name\": \"CategoricalDistribution\", \"attributes\": {\"choices\": [64, 256, 1024]}}"}
{"op_code":5,"worker_id":"0797fd1d-9106-46ba-a820-94379ff48c0b-29132","trial_id":4,"param_name":"n-epochs","param_value_internal":2,"distribution":"{\"name\": \"CategoricalDistribution\", \"attributes\": {\"choices\": [3, 5, 10]}}"}
{"op_code":5,"worker_id":"0797fd1d-9106-46ba-a820-94379ff48c0b-29132","trial_id":4,"param_name":"gamma","param_value_internal":1,"distribution":"{\"name\": \"CategoricalDistribution\", \"attributes\": {\"choices\": [0.99, 0.995, 0.999]}}"}
{"op_code":5,"worker_id":"0797fd1d-9106-46ba-a820-94379ff48c0b-29132","trial_id":4,"param_name":"gae-lambda","param_value_internal":0,"distribution":"{\"name\": \"CategoricalDistribution\", \"attributes\": {\"choices\": [0.9, 0.95, 0.98]}}"}
{"op_code":5,"worker_id":"0797fd1d-9106-46ba-a820-94379ff48c0b-29132","trial_id":4,"param_name":"clip-range","param_value_internal":0,"distribution":"{\"name\": \"CategoricalDistribution\", \"attributes\": {\"choices\": [0.1, 0.2, 0.3]}}"}
{"op_code":5,"worker_id":"0797fd1d-9106-46ba-a820-94379ff48c0b-29132","trial_id":4,"param_name":"ent-coef","param_value_internal":0.0012094311268425492,"distribution":"{\"name\": \"FloatDistribution\", \"attributes\": {\"step\": null, \"low\": 0.0001, \"high\": 0.03, \"log\": true}}"}
{"op_code":8,"worker_id":"0797fd1d-9106-46ba-a820-94379ff48c0b-29132","trial_id":4,"user_attr":{"train_argv":"--option 4 --reward-mode objective --objectives tardiness_sq --lambda-late 1.0 --lambda-energy 1.0 --power-model linear --difficulty on_rho095 --timesteps 300000 --save-tag tune_on_rho095_o4fmlubrze_t4 --n-envs 4 --vec-backend subproc --seed 0 --algo ppo --markov-obs --lookahead --fixed-scaling --critic-arrivals --lateness-shaping --normalize-reward --event-idle --repair-placement --learning-rate 0.000494473 --rollout-size 4096 --batch-size 256 --n-epochs 10 --gamma 0.995 --gae-lambda 0.9 --clip-range 0.1 --ent-coef 0.00120943"}}
{"op_code":0,"worker_id":"b820f104-578e-4ad8-916a-86e904391eb7-17132","study_name":"on_rho095_o4fmlubrze","directions":[1]}
{"op_code":7,"worker_id":"0797fd1d-9106-46ba-a820-94379ff48c0b-29132","trial_id":4,"step":75000,"intermediate_value":140341.4}
{"op_code":7,"worker_id":"0797fd1d-9106-46ba-a820-94379ff48c0b-29132","trial_id":4,"step":150000,"intermediate_value":115995.6}
{"op_code":7,"worker_id":"0797fd1d-9106-46ba-a820-94379ff48c0b-29132","trial_id":4,"step":225000,"intermediate_value":88018.2}
{"op_code":0,"worker_id":"1b6f7377-e1cf-448b-a10e-643180f143bc-5576","study_name":"on_rho095_o4fmlubrze","directions":[1]}
{"op_code":6,"worker_id":"0797fd1d-9106-46ba-a820-94379ff48c0b-29132","trial_id":4,"state":1,"values":[84997.85],"datetime_complete":"2026-10-08T09:24:23.621932"}
{"op_code":4,"worker_id":"0797fd1d-9106-46ba-a820-94379ff48c0b-29132","study_id":0,"datetime_start":"2026-10-08T09:24:24.136594"}
{"op_code":5,"worker_id":"0797fd1d-9106-46ba-a820-94379ff48c0b-29132","trial_id":5,"param_name":"learning-rate","param_value_internal":0.0003463609921766881,"distribution":"{\"name\": \"FloatDistribution\", \"attributes\": {\"step\": null, \"low\": 3e-05, \"high\": 0.001, \"log\": true}}"}
{"op_code":5,"worker_id":"0797fd1d-9106-46ba-a820-94379ff48c0b-29132","trial_id":5,"param_name":"rollout-size","param_value_internal":2,"distribution":"{\"name\": \"CategoricalDistribution\", \"attributes\": {\"choices\": [2048, 4096, 8192, 16384]}}"}
{"op_code":5,"worker_id":"0797fd1d-9106-46ba-a820-94379ff48c0b-29132","trial_id":5,"param_name":"batch-size","param_value_internal":2,"distribution":"{\"name\": \"CategoricalDistribution\", \"attributes\": {\"choices\": [64, 256, 1024]}}"}
{"op_code":5,"worker_id":"0797fd1d-9106-46ba-a820-94379ff48c0b-29132","trial_id":5,"param_name":"n-epochs","param_value_internal":2,"distribution":"{\"name\": \"CategoricalDistribution\", \"attributes\": {\"choices\": [3, 5, 10]}}"}
{"op_code":5,"worker_id":"0797fd1d-9106-46ba-a820-94379ff48c0b-29132","trial_id":5,"param_name":"gamma","param_value_internal":1,"distribution":"{\"name\": \"CategoricalDistribution\", \"attributes\": {\"choices\": [0.99, 0.995, 0.999]}}"}
{"op_code":5,"worker_id":"0797fd1d-9106-46ba-a820-94379ff48c0b-29132","trial_id":5,"param_name":"gae-lambda","param_value_internal":0,"distribution":"{\"name\": \"CategoricalDistribution\", \"attributes\": {\"choices\": [0.9, 0.95, 0.98]}}"}
{"op_code":5,"worker_id":"0797fd1d-9106-46ba-a820-94379ff48c0b-29132","trial_id":5,"param_name":"clip-range","param_value_internal":0,"distribution":"{\"name\": \"CategoricalDistribution\", \"attributes\": {\"choices\": [0.1, 0.2, 0.3]}}"}
{"op_code":5,"worker_id":"0797fd1d-9106-46ba-a820-94379ff48c0b-29132","trial_id":5,"param_name":"ent-coef","param_value_internal":0.0042248177213228075,"distribution":"{\"name\": \"FloatDistribution\", \"attributes\": {\"step\": null, \"low\": 0.0001, \"high\": 0.03, \"log\": true}}"}
{"op_code":8,"worker_id":"0797fd1d-9106-46ba-a820-94379ff48c0b-29132","trial_id":5,"user_attr":{"train_argv":"--option 4 --reward-mode objective --objectives tardiness_sq --lambda-late 1.0 --lambda-energy 1.0 --power-model linear --difficulty on_rho095 --timesteps 300000 --save-tag tune_on_rho095_o4fmlubrze_t5 --n-envs 4 --vec-backend subproc --seed 0 --algo ppo --markov-obs --lookahead --fixed-scaling --critic-arrivals --lateness-shaping --normalize-reward --event-idle --repair-placement --learning-rate 0.000346361 --rollout-size 8192 --batch-size 1024 --n-epochs 10 --gamma 0.995 --gae-lambda 0.9 --clip-range 0.1 --ent-coef 0.00422482"}}
{"op_code":7,"worker_id":"0797fd1d-9106-46ba-a820-94379ff48c0b-29132","trial_id":5,"step":75000,"intermediate_value":94428.0}
{"op_code":7,"worker_id":"0797fd1d-9106-46ba-a820-94379ff48c0b-29132","trial_id":5,"step":150000,"intermediate_value":141496.6}
{"op_code":0,"worker_id":"1e9d5333-7495-428a-8500-51c0c1de6334-28688","study_name":"on_rho095_o4fmlubrze","directions":[1]}
{"op_code":8,"worker_id":"1e9d5333-7495-428a-8500-51c0c1de6334-28688","trial_id":2,"user_attr":{"stopped_early":true}}
{"op_code":6,"worker_id":"1e9d5333-7495-428a-8500-51c0c1de6334-28688","trial_id":2,"state":3,"values":null,"datetime_complete":"2026-10-08T11:56:34.975109"}
{"op_code":8,"worker_id":"1e9d5333-7495-428a-8500-51c0c1de6334-28688","trial_id":5,"user_attr":{"stopped_early":true}}
{"op_code":6,"worker_id":"1e9d5333-7495-428a-8500-51c0c1de6334-28688","trial_id":5,"state":3,"values":null,"datetime_complete":"2026-10-08T11:56:34.990418"}
{"op_code":0,"worker_id":"80fdf6a8-dae0-4e19-928d-0acd079db3d9-32732","study_name":"on_rho095_o4fmlubrze","directions":[1]}
{"op_code":0,"worker_id":"b3f973b7-0a5f-44e1-b4cb-abbdbba6c254-36448","study_name":"on_rho095_o4fmlubrze","directions":[1]}
{"op_code":0,"worker_id":"86e727eb-7b9d-4bc4-b683-1be9d6932773-38104","study_name":"on_rho095_o4fmlubrze","directions":[1]}
{"op_code":0,"worker_id":"67900439-7003-4fa4-aa39-15928287b14f-36512","study_name":"on_rho095_o4fmlubrze","directions":[1]}
{"op_code":0,"worker_id":"2af8f3ce-eb90-4b8c-84f8-f58fb442471a-14944","study_name":"on_rho095_o4fmlubrze","directions":[1]}
