{"op_code":0,"worker_id":"646aadc8-6ac1-4586-bf5f-087b2267943b-33720","study_name":"off_tf05_o2nm_a2c","directions":[1]}
{"op_code":4,"worker_id":"646aadc8-6ac1-4586-bf5f-087b2267943b-33720","study_id":0,"datetime_start":"2026-10-06T04:22:19.675744"}
{"op_code":5,"worker_id":"646aadc8-6ac1-4586-bf5f-087b2267943b-33720","trial_id":0,"param_name":"learning-rate","param_value_internal":0.0006466422717414558,"distribution":"{\"name\": \"FloatDistribution\", \"attributes\": {\"step\": null, \"low\": 0.0001, \"high\": 0.003, \"log\": true}}"}
{"op_code":5,"worker_id":"646aadc8-6ac1-4586-bf5f-087b2267943b-33720","trial_id":0,"param_name":"rollout-size","param_value_internal":0,"distribution":"{\"name\": \"CategoricalDistribution\", \"attributes\": {\"choices\": [20, 80, 320]}}"}
{"op_code":5,"worker_id":"646aadc8-6ac1-4586-bf5f-087b2267943b-33720","trial_id":0,"param_name":"gamma","param_value_internal":1,"distribution":"{\"name\": \"CategoricalDistribution\", \"attributes\": {\"choices\": [0.99, 0.995, 0.999]}}"}
{"op_code":5,"worker_id":"646aadc8-6ac1-4586-bf5f-087b2267943b-33720","trial_id":0,"param_name":"gae-lambda","param_value_internal":1,"distribution":"{\"name\": \"CategoricalDistribution\", \"attributes\": {\"choices\": [0.9, 0.95, 1.0]}}"}
{"op_code":5,"worker_id":"646aadc8-6ac1-4586-bf5f-087b2267943b-33720","trial_id":0,"param_name":"ent-coef","param_value_internal":0.009145320282946534,"distribution":"{\"name\": \"FloatDistribution\", \"attributes\": {\"step\": null, \"low\": 0.0001, \"high\": 0.03, \"log\": true}}"}
{"op_code":8,"worker_id":"646aadc8-6ac1-4586-bf5f-087b2267943b-33720","trial_id":0,"user_attr":{"train_argv":"--option 2 --reward-mode objective --objectives tardiness_sq --lambda-late 1.0 --lambda-energy 1.0 --power-model linear --difficulty off_tf05 --timesteps 100000 --save-tag tune_off_tf05_o2nm_a2c_t0 --n-envs 4 --vec-backend subproc --seed 0 --algo a2c --markov-obs --work-conserving --learning-rate 0.000646642 --rollout-size 20 --gamma 0.995 --gae-lambda 0.95 --ent-coef 0.00914532"}}
{"op_code":7,"worker_id":"646aadc8-6ac1-4586-bf5f-087b2267943b-33720","trial_id":0,"step":25000,"intermediate_value":182085.8}
{"op_code":7,"worker_id":"646aadc8-6ac1-4586-bf5f-087b2267943b-33720","trial_id":0,"step":50000,"intermediate_value":173630.2}
{"op_code":7,"worker_id":"646aadc8-6ac1-4586-bf5f-087b2267943b-33720","trial_id":0,"step":75000,"intermediate_value":164462.8}
{"op_code":6,"worker_id":"646aadc8-6ac1-4586-bf5f-087b2267943b-33720","trial_id":0,"state":1,"values":[157614.45],"datetime_complete":"2026-10-06T04:24:11.979689"}
{"op_code":4,"worker_id":"646aadc8-6ac1-4586-bf5f-087b2267943b-33720","study_id":0,"datetime_start":"2026-10-06T04:24:12.192546"}
{"op_code":5,"worker_id":"646aadc8-6ac1-4586-bf5f-087b2267943b-33720","trial_id":1,"param_name":"learning-rate","param_value_internal":0.0006042851578845063,"distribution":"{\"name\": \"FloatDistribution\", \"attributes\": {\"step\": null, \"low\": 0.0001, \"high\": 0.003, \"log\": true}}"}
{"op_code":5,"worker_id":"646aadc8-6ac1-4586-bf5f-087b2267943b-33720","trial_id":1,"param_name":"rollout-size","param_value_internal":1,"distribution":"{\"name\": \"CategoricalDistribution\", \"attributes\": {\"choices\": [20, 80, 320]}}"}
{"op_code":5,"worker_id":"646aadc8-6ac1-4586-bf5f-087b2267943b-33720","trial_id":1,"param_name":"gamma","param_value_internal":2,"distribution":"{\"name\": \"CategoricalDistribution\", \"attributes\": {\"choices\": [0.99, 0.995, 0.999]}}"}
{"op_code":5,"worker_id":"646aadc8-6ac1-4586-bf5f-087b2267943b-33720","trial_id":1,"param_name":"gae-lambda","param_value_internal":2,"distribution":"{\"name\": \"CategoricalDistribution\", \"attributes\": {\"choices\": [0.9, 0.95, 1.0]}}"}
{"op_code":5,"worker_id":"646aadc8-6ac1-4586-bf5f-087b2267943b-33720","trial_id":1,"param_name":"ent-coef","param_value_internal":0.009541412354586892,"distribution":"{\"name\": \"FloatDistribution\", \"attributes\": {\"step\": null, \"low\": 0.0001, \"high\": 0.03, \"log\": true}}"}
{"op_code":8,"worker_id":"646aadc8-6ac1-4586-bf5f-087b2267943b-33720","trial_id":1,"user_attr":{"train_argv":"--option 2 --reward-mode objective --objectives tardiness_sq --lambda-late 1.0 --lambda-energy 1.0 --power-model linear --difficulty off_tf05 --timesteps 100000 --save-tag tune_off_tf05_o2nm_a2c_t1 --n-envs 4 --vec-backend subproc --seed 0 --algo a2c --markov-obs --work-conserving --learning-rate 0.000604285 --rollout-size 80 --gamma 0.999 --gae-lambda 1 --ent-coef 0.00954141"}}
{"op_code":7,"worker_id":"646aadc8-6ac1-4586-bf5f-087b2267943b-33720","trial_id":1,"step":25000,"intermediate_value":139097.2}
{"op_code":7,"worker_id":"646aadc8-6ac1-4586-bf5f-087b2267943b-33720","trial_id":1,"step":50000,"intermediate_value":110977.8}
{"op_code":0,"worker_id":"8245d6ef-e851-4ef2-9ebf-99a6235fde19-31748","study_name":"off_tf05_o2nm_a2c","directions":[1]}
{"op_code":7,"worker_id":"646aadc8-6ac1-4586-bf5f-087b2267943b-33720","trial_id":1,"step":75000,"intermediate_value":89554.4}
{"op_code":6,"worker_id":"646aadc8-6ac1-4586-bf5f-087b2267943b-33720","trial_id":1,"state":1,"values":[59481.95],"datetime_complete":"2026-10-06T04:25:40.301796"}
{"op_code":4,"worker_id":"646aadc8-6ac1-4586-bf5f-087b2267943b-33720","study_id":0,"datetime_start":"2026-10-06T04:25:40.622509"}
{"op_code":5,"worker_id":"646aadc8-6ac1-4586-bf5f-087b2267943b-33720","trial_id":2,"param_name":"learning-rate","param_value_internal":0.0004804641349751479,"distribution":"{\"name\": \"FloatDistribution\", \"attributes\": {\"step\": null, \"low\": 0.0001, \"high\": 0.003, \"log\": true}}"}
{"op_code":5,"worker_id":"646aadc8-6ac1-4586-bf5f-087b2267943b-33720","trial_id":2,"param_name":"rollout-size","param_value_internal":0,"distribution":"{\"name\": \"CategoricalDistribution\", \"attributes\": {\"choices\": [20, 80, 320]}}"}
{"op_code":5,"worker_id":"646aadc8-6ac1-4586-bf5f-087b2267943b-33720","trial_id":2,"param_name":"gamma","param_value_internal":1,"distribution":"{\"name\": \"CategoricalDistribution\", \"attributes\": {\"choices\": [0.99, 0.995, 0.999]}}"}
{"op_code":5,"worker_id":"646aadc8-6ac1-4586-bf5f-087b2267943b-33720","trial_id":2,"param_name":"gae-lambda","param_value_internal":2,"distribution":"{\"name\": \"CategoricalDistribution\", \"attributes\": {\"choices\": [0.9, 0.95, 1.0]}}"}
{"op_code":5,"worker_id":"646aadc8-6ac1-4586-bf5f-087b2267943b-33720","trial_id":2,"param_name":"ent-coef","param_value_internal":0.001348775545730254,"distribution":"{\"name\": \"FloatDistribution\", \"attributes\": {\"step\": null, \"low\": 0.0001, \"high\": 0.03, \"log\": true}}"}
{"op_code":8,"worker_id":"646aadc8-6ac1-4586-bf5f-087b2267943b-33720","trial_id":2,"user_attr":{"train_argv":"--option 2 --reward-mode objective --objectives tardiness_sq --lambda-late 1.0 --lambda-energy 1.0 --power-model linear --difficulty off_tf05 --timesteps 100000 --save-tag tune_off_tf05_o2nm_a2c_t2 --n-envs 4 --vec-backend subproc --seed 0 --algo a2c --markov-obs --work-conserving --learning-rate 0.000480464 --rollout-size 20 --gamma 0.995 --gae-lambda 1 --ent-coef 0.00134878"}}
{"op_code":7,"worker_id":"646aadc8-6ac1-4586-bf5f-087b2267943b-33720","trial_id":2,"step":25000,"intermediate_value":133422.0}
{"op_code":7,"worker_id":"646aadc8-6ac1-4586-bf5f-087b2267943b-33720","trial_id":2,"step":50000,"intermediate_value":82734.6}
{"op_code":7,"worker_id":"646aadc8-6ac1-4586-bf5f-087b2267943b-33720","trial_id":2,"step":75000,"intermediate_value":90338.8}
{"op_code":6,"worker_id":"646aadc8-6ac1-4586-bf5f-087b2267943b-33720","trial_id":2,"state":1,"values":[77706.1],"datetime_complete":"2026-10-06T04:27:30.819067"}
{"op_code":4,"worker_id":"646aadc8-6ac1-4586-bf5f-087b2267943b-33720","study_id":0,"datetime_start":"2026-10-06T04:27:31.135953"}
{"op_code":5,"worker_id":"646aadc8-6ac1-4586-bf5f-087b2267943b-33720","trial_id":3,"param_name":"learning-rate","param_value_internal":0.0006912670683424538,"distribution":"{\"name\": \"FloatDistribution\", \"attributes\": {\"step\": null, \"low\": 0.0001, \"high\": 0.003, \"log\": true}}"}
{"op_code":5,"worker_id":"646aadc8-6ac1-4586-bf5f-087b2267943b-33720","trial_id":3,"param_name":"rollout-size","param_value_internal":1,"distribution":"{\"name\": \"CategoricalDistribution\", \"attributes\": {\"choices\": [20, 80, 320]}}"}
{"op_code":5,"worker_id":"646aadc8-6ac1-4586-bf5f-087b2267943b-33720","trial_id":3,"param_name":"gamma","param_value_internal":1,"distribution":"{\"name\": \"CategoricalDistribution\", \"attributes\": {\"choices\": [0.99, 0.995, 0.999]}}"}
{"op_code":5,"worker_id":"646aadc8-6ac1-4586-bf5f-087b2267943b-33720","trial_id":3,"param_name":"gae-lambda","param_value_internal":2,"distribution":"{\"name\": \"CategoricalDistribution\", \"attributes\": {\"choices\": [0.9, 0.95, 1.0]}}"}
{"op_code":5,"worker_id":"646aadc8-6ac1-4586-bf5f-087b2267943b-33720","trial_id":3,"param_name":"ent-coef","param_value_internal":0.00014098918363046996,"distribution":"{\"name\": \"FloatDistribution\", \"attributes\": {\"step\": null, \"low\": 0.0001, \"high\": 0.03, \"log\": true}}"}
{"op_code":8,"worker_id":"646aadc8-6ac1-4586-bf5f-087b2267943b-33720","trial_id":3,"user_attr":{"train_argv":"--option 2 --reward-mode objective --objectives tardiness_sq --lambda-late 1.0 --lambda-energy 1.0 --power-model linear --difficulty off_tf05 --timesteps 100000 --save-tag tune_off_tf05_o2nm_a2c_t3 --n-envs 4 --vec-backend subproc --seed 0 --algo a2c --markov-obs --work-conserving --learning-rate 0.000691267 --rollout-size 80 --gamma 0.995 --gae-lambda 1 --ent-coef 0.000140989"}}
{"op_code":7,"worker_id":"646aadc8-6ac1-4586-bf5f-087b2267943b-33720","trial_id":3,"step":25000,"intermediate_value":156100.4}
{"op_code":7,"worker_id":"646aadc8-6ac1-4586-bf5f-087b2267943b-33720","trial_id":3,"step":50000,"intermediate_value":127685.2}
{"op_code":7,"worker_id":"646aadc8-6ac1-4586-bf5f-087b2267943b-33720","trial_id":3,"step":75000,"intermediate_value":130050.0}
{"op_code":6,"worker_id":"646aadc8-6ac1-4586-bf5f-087b2267943b-33720","trial_id":3,"state":1,"values":[129220.25],"datetime_complete":"2026-10-06T04:29:03.725799"}
{"op_code":4,"worker_id":"646aadc8-6ac1-4586-bf5f-087b2267943b-33720","study_id":0,"datetime_start":"2026-10-06T04:29:04.081254"}
{"op_code":5,"worker_id":"646aadc8-6ac1-4586-bf5f-087b2267943b-33720","trial_id":4,"param_name":"learning-rate","param_value_internal":0.0009658179826892162,"distribution":"{\"name\": \"FloatDistribution\", \"attributes\": {\"step\": null, \"low\": 0.0001, \"high\": 0.003, \"log\": true}}"}
{"op_code":5,"worker_id":"646aadc8-6ac1-4586-bf5f-087b2267943b-33720","trial_id":4,"param_name":"rollout-size","param_value_internal":0,"distribution":"{\"name\": \"CategoricalDistribution\", \"attributes\": {\"choices\": [20, 80, 320]}}"}
{"op_code":5,"worker_id":"646aadc8-6ac1-4586-bf5f-087b2267943b-33720","trial_id":4,"param_name":"gamma","param_value_internal":2,"distribution":"{\"name\": \"CategoricalDistribution\", \"attributes\": {\"choices\": [0.99, 0.995, 0.999]}}"}
{"op_code":5,"worker_id":"646aadc8-6ac1-4586-bf5f-087b2267943b-33720","trial_id":4,"param_name":"gae-lambda","param_value_internal":1,"distribution":"{\"name\": \"CategoricalDistribution\", \"attributes\": {\"choices\": [0.9, 0.95, 1.0]}}"}
{"op_code":5,"worker_id":"646aadc8-6ac1-4586-bf5f-087b2267943b-33720","trial_id":4,"param_name":"ent-coef","param_value_internal":0.00032916454639831516,"distribution":"{\"name\": \"FloatDistribution\", \"attributes\": {\"step\": null, \"low\": 0.0001, \"high\": 0.03, \"log\": true}}"}
{"op_code":8,"worker_id":"646aadc8-6ac1-4586-bf5f-087b2267943b-33720","trial_id":4,"user_attr":{"train_argv":"--option 2 --reward-mode objective --objectives tardiness_sq --lambda-late 1.0 --lambda-energy 1.0 --power-model linear --difficulty off_tf05 --timesteps 100000 --save-tag tune_off_tf05_o2nm_a2c_t4 --n-envs 4 --vec-backend subproc --seed 0 --algo a2c --markov-obs --work-conserving --learning-rate 0.000965818 --rollout-size 20 --gamma 0.999 --gae-lambda 0.95 --ent-coef 0.000329165"}}
{"op_code":7,"worker_id":"646aadc8-6ac1-4586-bf5f-087b2267943b-33720","trial_id":4,"step":25000,"intermediate_value":171134.0}
{"op_code":7,"worker_id":"646aadc8-6ac1-4586-bf5f-087b2267943b-33720","trial_id":4,"step":50000,"intermediate_value":161725.4}
{"op_code":7,"worker_id":"646aadc8-6ac1-4586-bf5f-087b2267943b-33720","trial_id":4,"step":75000,"intermediate_value":165053.0}
{"op_code":6,"worker_id":"646aadc8-6ac1-4586-bf5f-087b2267943b-33720","trial_id":4,"state":1,"values":[170350.3],"datetime_complete":"2026-10-06T04:30:53.006335"}
{"op_code":4,"worker_id":"646aadc8-6ac1-4586-bf5f-087b2267943b-33720","study_id":0,"datetime_start":"2026-10-06T04:30:53.391664"}
{"op_code":5,"worker_id":"646aadc8-6ac1-4586-bf5f-087b2267943b-33720","trial_id":5,"param_name":"learning-rate","param_value_internal":0.00017309069329908935,"distribution":"{\"name\": \"FloatDistribution\", \"attributes\": {\"step\": null, \"low\": 0.0001, \"high\": 0.003, \"log\": true}}"}
{"op_code":5,"worker_id":"646aadc8-6ac1-4586-bf5f-087b2267943b-33720","trial_id":5,"param_name":"rollout-size","param_value_internal":0,"distribution":"{\"name\": \"CategoricalDistribution\", \"attributes\": {\"choices\": [20, 80, 320]}}"}
{"op_code":5,"worker_id":"646aadc8-6ac1-4586-bf5f-087b2267943b-33720","trial_id":5,"param_name":"gamma","param_value_internal":0,"distribution":"{\"name\": \"CategoricalDistribution\", \"attributes\": {\"choices\": [0.99, 0.995, 0.999]}}"}
{"op_code":5,"worker_id":"646aadc8-6ac1-4586-bf5f-087b2267943b-33720","trial_id":5,"param_name":"gae-lambda","param_value_internal":0,"distribution":"{\"name\": \"CategoricalDistribution\", \"attributes\": {\"choices\": [0.9, 0.95, 1.0]}}"}
{"op_code":5,"worker_id":"646aadc8-6ac1-4586-bf5f-087b2267943b-33720","trial_id":5,"param_name":"ent-coef","param_value_internal":0.0008191755047162099,"distribution":"{\"name\": \"FloatDistribution\", \"attributes\": {\"step\": null, \"low\": 0.0001, \"high\": 0.03, \"log\": true}}"}
{"op_code":8,"worker_id":"646aadc8-6ac1-4586-bf5f-087b2267943b-33720","trial_id":5,"user_attr":{"train_argv":"--option 2 --reward-mode objective --objectives tardiness_sq --lambda-late 1.0 --lambda-energy 1.0 --power-model linear --difficulty off_tf05 --timesteps 100000 --save-tag tune_off_tf05_o2nm_a2c_t5 --n-envs 4 --vec-backend subproc --seed 0 --algo a2c --markov-obs --work-conserving --learning-rate 0.000173091 --rollout-size 20 --gamma 0.99 --gae-lambda 0.9 --ent-coef 0.000819176"}}
{"op_code":7,"worker_id":"646aadc8-6ac1-4586-bf5f-087b2267943b-33720","trial_id":5,"step":25000,"intermediate_value":154576.0}
{"op_code":7,"worker_id":"646aadc8-6ac1-4586-bf5f-087b2267943b-33720","trial_id":5,"step":50000,"intermediate_value":86623.6}
{"op_code":7,"worker_id":"646aadc8-6ac1-4586-bf5f-087b2267943b-33720","trial_id":5,"step":75000,"intermediate_value":93652.0}
{"op_code":6,"worker_id":"646aadc8-6ac1-4586-bf5f-087b2267943b-33720","trial_id":5,"state":1,"values":[103331.4],"datetime_complete":"2026-10-06T04:32:46.146824"}
{"op_code":4,"worker_id":"646aadc8-6ac1-4586-bf5f-087b2267943b-33720","study_id":0,"datetime_start":"2026-10-06T04:32:46.577593"}
{"op_code":5,"worker_id":"646aadc8-6ac1-4586-bf5f-087b2267943b-33720","trial_id":6,"param_name":"learning-rate","param_value_internal":0.0016319488770709706,"distribution":"{\"name\": \"FloatDistribution\", \"attributes\": {\"step\": null, \"low\": 0.0001, \"high\": 0.003, \"log\": true}}"}
{"op_code":5,"worker_id":"646aadc8-6ac1-4586-bf5f-087b2267943b-33720","trial_id":6,"param_name":"rollout-size","param_value_internal":1,"distribution":"{\"name\": \"CategoricalDistribution\", \"attributes\": {\"choices\": [20, 80, 320]}}"}
{"op_code":5,"worker_id":"646aadc8-6ac1-4586-bf5f-087b2267943b-33720","trial_id":6,"param_name":"gamma","param_value_internal":2,"distribution":"{\"name\": \"CategoricalDistribution\", \"attributes\": {\"choices\": [0.99, 0.995, 0.999]}}"}
{"op_code":5,"worker_id":"646aadc8-6ac1-4586-bf5f-087b2267943b-33720","trial_id":6,"param_name":"gae-lambda","param_value_internal":1,"distribution":"{\"name\": \"CategoricalDistribution\", \"attributes\": {\"choices\": [0.9, 0.95, 1.0]}}"}
{"op_code":5,"worker_id":"646aadc8-6ac1-4586-bf5f-087b2267943b-33720","trial_id":6,"param_name":"ent-coef","param_value_internal":0.000501819043124292,"distribution":"{\"name\": \"FloatDistribution\", \"attributes\": {\"step\": null, \"low\": 0.0001, \"high\": 0.03, \"log\": true}}"}
{"op_code":8,"worker_id":"646aadc8-6ac1-4586-bf5f-087b2267943b-33720","trial_id":6,"user_attr":{"train_argv":"--option 2 --reward-mode objective --objectives tardiness_sq --lambda-late 1.0 --lambda-energy 1.0 --power-model linear --difficulty off_tf05 --timesteps 100000 --save-tag tune_off_tf05_o2nm_a2c_t6 --n-envs 4 --vec-backend subproc --seed 0 --algo a2c --markov-obs --work-conserving --learning-rate 0.00163195 --rollout-size 80 --gamma 0.999 --gae-lambda 0.95 --ent-coef 0.000501819"}}
{"op_code":7,"worker_id":"646aadc8-6ac1-4586-bf5f-087b2267943b-33720","trial_id":6,"step":25000,"intermediate_value":105822.2}
{"op_code":7,"worker_id":"646aadc8-6ac1-4586-bf5f-087b2267943b-33720","trial_id":6,"step":50000,"intermediate_value":106713.0}
{"op_code":7,"worker_id":"646aadc8-6ac1-4586-bf5f-087b2267943b-33720","trial_id":6,"step":75000,"intermediate_value":116001.0}
{"op_code":6,"worker_id":"646aadc8-6ac1-4586-bf5f-087b2267943b-33720","trial_id":6,"state":1,"values":[109899.85],"datetime_complete":"2026-10-06T04:34:22.725746"}
{"op_code":4,"worker_id":"646aadc8-6ac1-4586-bf5f-087b2267943b-33720","study_id":0,"datetime_start":"2026-10-06T04:34:23.037315"}
{"op_code":5,"worker_id":"646aadc8-6ac1-4586-bf5f-087b2267943b-33720","trial_id":7,"param_name":"learning-rate","param_value_internal":0.00015050290935598963,"distribution":"{\"name\": \"FloatDistribution\", \"attributes\": {\"step\": null, \"low\": 0.0001, \"high\": 0.003, \"log\": true}}"}
{"op_code":5,"worker_id":"646aadc8-6ac1-4586-bf5f-087b2267943b-33720","trial_id":7,"param_name":"rollout-size","param_value_internal":2,"distribution":"{\"name\": \"CategoricalDistribution\", \"attributes\": {\"choices\": [20, 80, 320]}}"}
{"op_code":5,"worker_id":"646aadc8-6ac1-4586-bf5f-087b2267943b-33720","trial_id":7,"param_name":"gamma","param_value_internal":2,"distribution":"{\"name\": \"CategoricalDistribution\", \"attributes\": {\"choices\": [0.99, 0.995, 0.999]}}"}
{"op_code":5,"worker_id":"646aadc8-6ac1-4586-bf5f-087b2267943b-33720","trial_id":7,"param_name":"gae-lambda","param_value_internal":0,"distribution":"{\"name\": \"CategoricalDistribution\", \"attributes\": {\"choices\": [0.9, 0.95, 1.0]}}"}
{"op_code":5,"worker_id":"646aadc8-6ac1-4586-bf5f-087b2267943b-33720","trial_id":7,"param_name":"ent-coef","param_value_internal":0.00017088424969157387,"distribution":"{\"name\": \"FloatDistribution\", \"attributes\": {\"step\": null, \"low\": 0.0001, \"high\": 0.03, \"log\": true}}"}
{"op_code":8,"worker_id":"646aadc8-6ac1-4586-bf5f-087b2267943b-33720","trial_id":7,"user_attr":{"train_argv":"--option 2 --reward-mode objective --objectives tardiness_sq --lambda-late 1.0 --lambda-energy 1.0 --power-model linear --difficulty off_tf05 --timesteps 100000 --save-tag tune_off_tf05_o2nm_a2c_t7 --n-envs 4 --vec-backend subproc --seed 0 --algo a2c --markov-obs --work-conserving --learning-rate 0.000150503 --rollout-size 320 --gamma 0.999 --gae-lambda 0.9 --ent-coef 0.000170884"}}
{"op_code":7,"worker_id":"646aadc8-6ac1-4586-bf5f-087b2267943b-33720","trial_id":7,"step":25000,"intermediate_value":203753.4}
{"op_code":6,"worker_id":"646aadc8-6ac1-4586-bf5f-087b2267943b-33720","trial_id":7,"state":2,"values":[203753.4],"datetime_complete":"2026-10-06T04:34:50.470893"}
{"op_code":4,"worker_id":"646aadc8-6ac1-4586-bf5f-087b2267943b-33720","study_id":0,"datetime_start":"2026-10-06T04:34:50.677632"}
{"op_code":5,"worker_id":"646aadc8-6ac1-4586-bf5f-087b2267943b-33720","trial_id":8,"param_name":"learning-rate","param_value_internal":0.0007091576793635641,"distribution":"{\"name\": \"FloatDistribution\", \"attributes\": {\"step\": null, \"low\": 0.0001, \"high\": 0.003, \"log\": true}}"}
{"op_code":5,"worker_id":"646aadc8-6ac1-4586-bf5f-087b2267943b-33720","trial_id":8,"param_name":"rollout-size","param_value_internal":0,"distribution":"{\"name\": \"CategoricalDistribution\", \"attributes\": {\"choices\": [20, 80, 320]}}"}
{"op_code":5,"worker_id":"646aadc8-6ac1-4586-bf5f-087b2267943b-33720","trial_id":8,"param_name":"gamma","param_value_internal":1,"distribution":"{\"name\": \"CategoricalDistribution\", \"attributes\": {\"choices\": [0.99, 0.995, 0.999]}}"}
{"op_code":5,"worker_id":"646aadc8-6ac1-4586-bf5f-087b2267943b-33720","trial_id":8,"param_name":"gae-lambda","param_value_internal":1,"distribution":"{\"name\": \"CategoricalDistribution\", \"attributes\": {\"choices\": [0.9, 0.95, 1.0]}}"}
{"op_code":5,"worker_id":"646aadc8-6ac1-4586-bf5f-087b2267943b-33720","trial_id":8,"param_name":"ent-coef","param_value_internal":0.011307978270179144,"distribution":"{\"name\": \"FloatDistribution\", \"attributes\": {\"step\": null, \"low\": 0.0001, \"high\": 0.03, \"log\": true}}"}
{"op_code":8,"worker_id":"646aadc8-6ac1-4586-bf5f-087b2267943b-33720","trial_id":8,"user_attr":{"train_argv":"--option 2 --reward-mode objective --objectives tardiness_sq --lambda-late 1.0 --lambda-energy 1.0 --power-model linear --difficulty off_tf05 --timesteps 100000 --save-tag tune_off_tf05_o2nm_a2c_t8 --n-envs 4 --vec-backend subproc --seed 0 --algo a2c --markov-obs --work-conserving --learning-rate 0.000709158 --rollout-size 20 --gamma 0.995 --gae-lambda 0.95 --ent-coef 0.011308"}}
{"op_code":7,"worker_id":"646aadc8-6ac1-4586-bf5f-087b2267943b-33720","trial_id":8,"step":25000,"intermediate_value":196118.2}
{"op_code":6,"worker_id":"646aadc8-6ac1-4586-bf5f-087b2267943b-33720","trial_id":8,"state":2,"values":[196118.2],"datetime_complete":"2026-10-06T04:35:21.769285"}
{"op_code":4,"worker_id":"646aadc8-6ac1-4586-bf5f-087b2267943b-33720","study_id":0,"datetime_start":"2026-10-06T04:35:22.009750"}
{"op_code":5,"worker_id":"646aadc8-6ac1-4586-bf5f-087b2267943b-33720","trial_id":9,"param_name":"learning-rate","param_value_internal":0.00010160984472195724,"distribution":"{\"name\": \"FloatDistribution\", \"attributes\": {\"step\": null, \"low\": 0.0001, \"high\": 0.003, \"log\": true}}"}
{"op_code":5,"worker_id":"646aadc8-6ac1-4586-bf5f-087b2267943b-33720","trial_id":9,"param_name":"rollout-size","param_value_internal":2,"distribution":"{\"name\": \"CategoricalDistribution\", \"attributes\": {\"choices\": [20, 80, 320]}}"}
{"op_code":5,"worker_id":"646aadc8-6ac1-4586-bf5f-087b2267943b-33720","trial_id":9,"param_name":"gamma","param_value_internal":0,"distribution":"{\"name\": \"CategoricalDistribution\", \"attributes\": {\"choices\": [0.99, 0.995, 0.999]}}"}
{"op_code":5,"worker_id":"646aadc8-6ac1-4586-bf5f-087b2267943b-33720","trial_id":9,"param_name":"gae-lambda","param_value_internal":0,"distribution":"{\"name\": \"CategoricalDistribution\", \"attributes\": {\"choices\": [0.9, 0.95, 1.0]}}"}
{"op_code":5,"worker_id":"646aadc8-6ac1-4586-bf5f-087b2267943b-33720","trial_id":9,"param_name":"ent-coef","param_value_internal":0.02291262392205817,"distribution":"{\"name\": \"FloatDistribution\", \"attributes\": {\"step\": null, \"low\": 0.0001, \"high\": 0.03, \"log\": true}}"}
{"op_code":8,"worker_id":"646aadc8-6ac1-4586-bf5f-087b2267943b-33720","trial_id":9,"user_attr":{"train_argv":"--option 2 --reward-mode objective --objectives tardiness_sq --lambda-late 1.0 --lambda-energy 1.0 --power-model linear --difficulty off_tf05 --timesteps 100000 --save-tag tune_off_tf05_o2nm_a2c_t9 --n-envs 4 --vec-backend subproc --seed 0 --algo a2c --markov-obs --work-conserving --learning-rate 0.00010161 --rollout-size 320 --gamma 0.99 --gae-lambda 0.9 --ent-coef 0.0229126"}}
{"op_code":7,"worker_id":"646aadc8-6ac1-4586-bf5f-087b2267943b-33720","trial_id":9,"step":25000,"intermediate_value":187706.2}
{"op_code":6,"worker_id":"646aadc8-6ac1-4586-bf5f-087b2267943b-33720","trial_id":9,"state":2,"values":[187706.2],"datetime_complete":"2026-10-06T04:35:49.795028"}
{"op_code":4,"worker_id":"646aadc8-6ac1-4586-bf5f-087b2267943b-33720","study_id":0,"datetime_start":"2026-10-06T04:35:50.097147"}
{"op_code":5,"worker_id":"646aadc8-6ac1-4586-bf5f-087b2267943b-33720","trial_id":10,"param_name":"learning-rate","param_value_internal":0.0024518098818580836,"distribution":"{\"name\": \"FloatDistribution\", \"attributes\": {\"step\": null, \"low\": 0.0001, \"high\": 0.003, \"log\": true}}"}
{"op_code":5,"worker_id":"646aadc8-6ac1-4586-bf5f-087b2267943b-33720","trial_id":10,"param_name":"rollout-size","param_value_internal":1,"distribution":"{\"name\": \"CategoricalDistribution\", \"attributes\": {\"choices\": [20, 80, 320]}}"}
{"op_code":5,"worker_id":"646aadc8-6ac1-4586-bf5f-087b2267943b-33720","trial_id":10,"param_name":"gamma","param_value_internal":2,"distribution":"{\"name\": \"CategoricalDistribution\", \"attributes\": {\"choices\": [0.99, 0.995, 0.999]}}"}
{"op_code":5,"worker_id":"646aadc8-6ac1-4586-bf5f-087b2267943b-33720","trial_id":10,"param_name":"gae-lambda","param_value_internal":2,"distribution":"{\"name\": \"CategoricalDistribution\", \"attributes\": {\"choices\": [0.9, 0.95, 1.0]}}"}
{"op_code":5,"worker_id":"646aadc8-6ac1-4586-bf5f-087b2267943b-33720","trial_id":10,"param_name":"ent-coef","param_value_internal":0.0027870452822917,"distribution":"{\"name\": \"FloatDistribution\", \"attributes\": {\"step\": null, \"low\": 0.0001, \"high\": 0.03, \"log\": true}}"}
{"op_code":8,"worker_id":"646aadc8-6ac1-4586-bf5f-087b2267943b-33720","trial_id":10,"user_attr":{"train_argv":"--option 2 --reward-mode objective --objectives tardiness_sq --lambda-late 1.0 --lambda-energy 1.0 --power-model linear --difficulty off_tf05 --timesteps 100000 --save-tag tune_off_tf05_o2nm_a2c_t10 --n-envs 4 --vec-backend subproc --seed 0 --algo a2c --markov-obs --work-conserving --learning-rate 0.00245181 --rollout-size 80 --gamma 0.999 --gae-lambda 1 --ent-coef 0.00278705"}}
{"op_code":7,"worker_id":"646aadc8-6ac1-4586-bf5f-087b2267943b-33720","trial_id":10,"step":25000,"intermediate_value":141473.2}
{"op_code":7,"worker_id":"646aadc8-6ac1-4586-bf5f-087b2267943b-33720","trial_id":10,"step":50000,"intermediate_value":97189.6}
{"op_code":7,"worker_id":"646aadc8-6ac1-4586-bf5f-087b2267943b-33720","trial_id":10,"step":75000,"intermediate_value":72519.2}
{"op_code":6,"worker_id":"646aadc8-6ac1-4586-bf5f-087b2267943b-33720","trial_id":10,"state":1,"values":[78629.05],"datetime_complete":"2026-10-06T04:37:22.492712"}
{"op_code":4,"worker_id":"646aadc8-6ac1-4586-bf5f-087b2267943b-33720","study_id":0,"datetime_start":"2026-10-06T04:37:22.719598"}
{"op_code":5,"worker_id":"646aadc8-6ac1-4586-bf5f-087b2267943b-33720","trial_id":11,"param_name":"learning-rate","param_value_internal":0.00031623055085680166,"distribution":"{\"name\": \"FloatDistribution\", \"attributes\": {\"step\": null, \"low\": 0.0001, \"high\": 0.003, \"log\": true}}"}
{"op_code":5,"worker_id":"646aadc8-6ac1-4586-bf5f-087b2267943b-33720","trial_id":11,"param_name":"rollout-size","param_value_internal":1,"distribution":"{\"name\": \"CategoricalDistribution\", \"attributes\": {\"choices\": [20, 80, 320]}}"}
{"op_code":5,"worker_id":"646aadc8-6ac1-4586-bf5f-087b2267943b-33720","trial_id":11,"param_name":"gamma","param_value_internal":1,"distribution":"{\"name\": \"CategoricalDistribution\", \"attributes\": {\"choices\": [0.99, 0.995, 0.999]}}"}
{"op_code":5,"worker_id":"646aadc8-6ac1-4586-bf5f-087b2267943b-33720","trial_id":11,"param_name":"gae-lambda","param_value_internal":2,"distribution":"{\"name\": \"CategoricalDistribution\", \"attributes\": {\"choices\": [0.9, 0.95, 1.0]}}"}
{"op_code":5,"worker_id":"646aadc8-6ac1-4586-bf5f-087b2267943b-33720","trial_id":11,"param_name":"ent-coef","param_value_internal":0.002196183789662759,"distribution":"{\"name\": \"FloatDistribution\", \"attributes\": {\"step\": null, \"low\": 0.0001, \"high\": 0.03, \"log\": true}}"}
{"op_code":8,"worker_id":"646aadc8-6ac1-4586-bf5f-087b2267943b-33720","trial_id":11,"user_attr":{"train_argv":"--option 2 --reward-mode objective --objectives tardiness_sq --lambda-late 1.0 --lambda-energy 1.0 --power-model linear --difficulty off_tf05 --timesteps 100000 --save-tag tune_off_tf05_o2nm_a2c_t11 --n-envs 4 --vec-backend subproc --seed 0 --algo a2c --markov-obs --work-conserving --learning-rate 0.000316231 --rollout-size 80 --gamma 0.995 --gae-lambda 1 --ent-coef 0.00219618"}}
{"op_code":7,"worker_id":"646aadc8-6ac1-4586-bf5f-087b2267943b-33720","trial_id":11,"step":25000,"intermediate_value":174552.6}
{"op_code":6,"worker_id":"646aadc8-6ac1-4586-bf5f-087b2267943b-33720","trial_id":11,"state":2,"values":[174552.6],"datetime_complete":"2026-10-06T04:37:48.053820"}
{"op_code":4,"worker_id":"646aadc8-6ac1-4586-bf5f-087b2267943b-33720","study_id":0,"datetime_start":"2026-10-06T04:37:48.269066"}
{"op_code":5,"worker_id":"646aadc8-6ac1-4586-bf5f-087b2267943b-33720","trial_id":12,"param_name":"learning-rate","param_value_internal":0.0003524043750827987,"distribution":"{\"name\": \"FloatDistribution\", \"attributes\": {\"step\": null, \"low\": 0.0001, \"high\": 0.003, \"log\": true}}"}
{"op_code":5,"worker_id":"646aadc8-6ac1-4586-bf5f-087b2267943b-33720","trial_id":12,"param_name":"rollout-size","param_value_internal":0,"distribution":"{\"name\": \"CategoricalDistribution\", \"attributes\": {\"choices\": [20, 80, 320]}}"}
{"op_code":5,"worker_id":"646aadc8-6ac1-4586-bf5f-087b2267943b-33720","trial_id":12,"param_name":"gamma","param_value_internal":2,"distribution":"{\"name\": \"CategoricalDistribution\", \"attributes\": {\"choices\": [0.99, 0.995, 0.999]}}"}
{"op_code":5,"worker_id":"646aadc8-6ac1-4586-bf5f-087b2267943b-33720","trial_id":12,"param_name":"gae-lambda","param_value_internal":2,"distribution":"{\"name\": \"CategoricalDistribution\", \"attributes\": {\"choices\": [0.9, 0.95, 1.0]}}"}
{"op_code":5,"worker_id":"646aadc8-6ac1-4586-bf5f-087b2267943b-33720","trial_id":12,"param_name":"ent-coef","param_value_internal":0.0019130089600804096,"distribution":"{\"name\": \"FloatDistribution\", \"attributes\": {\"step\": null, \"low\": 0.0001, \"high\": 0.03, \"log\": true}}"}
{"op_code":8,"worker_id":"646aadc8-6ac1-4586-bf5f-087b2267943b-33720","trial_id":12,"user_attr":{"train_argv":"--option 2 --reward-mode objective --objectives tardiness_sq --lambda-late 1.0 --lambda-energy 1.0 --power-model linear --difficulty off_tf05 --timesteps 100000 --save-tag tune_off_tf05_o2nm_a2c_t12 --n-envs 4 --vec-backend subproc --seed 0 --algo a2c --markov-obs --work-conserving --learning-rate 0.000352404 --rollout-size 20 --gamma 0.999 --gae-lambda 1 --ent-coef 0.00191301"}}
{"op_code":7,"worker_id":"646aadc8-6ac1-4586-bf5f-087b2267943b-33720","trial_id":12,"step":25000,"intermediate_value":155949.8}
{"op_code":6,"worker_id":"646aadc8-6ac1-4586-bf5f-087b2267943b-33720","trial_id":12,"state":2,"values":[155949.8],"datetime_complete":"2026-10-06T04:38:19.123336"}
{"op_code":4,"worker_id":"646aadc8-6ac1-4586-bf5f-087b2267943b-33720","study_id":0,"datetime_start":"2026-10-06T04:38:19.450854"}
{"op_code":5,"worker_id":"646aadc8-6ac1-4586-bf5f-087b2267943b-33720","trial_id":13,"param_name":"learning-rate","param_value_internal":0.00037595364800363805,"distribution":"{\"name\": \"FloatDistribution\", \"attributes\": {\"step\": null, \"low\": 0.0001, \"high\": 0.003, \"log\": true}}"}
{"op_code":5,"worker_id":"646aadc8-6ac1-4586-bf5f-087b2267943b-33720","trial_id":13,"param_name":"rollout-size","param_value_internal":1,"distribution":"{\"name\": \"CategoricalDistribution\", \"attributes\": {\"choices\": [20, 80, 320]}}"}
{"op_code":5,"worker_id":"646aadc8-6ac1-4586-bf5f-087b2267943b-33720","trial_id":13,"param_name":"gamma","param_value_internal":1,"distribution":"{\"name\": \"CategoricalDistribution\", \"attributes\": {\"choices\": [0.99, 0.995, 0.999]}}"}
{"op_code":5,"worker_id":"646aadc8-6ac1-4586-bf5f-087b2267943b-33720","trial_id":13,"param_name":"gae-lambda","param_value_internal":2,"distribution":"{\"name\": \"CategoricalDistribution\", \"attributes\": {\"choices\": [0.9, 0.95, 1.0]}}"}
{"op_code":5,"worker_id":"646aadc8-6ac1-4586-bf5f-087b2267943b-33720","trial_id":13,"param_name":"ent-coef","param_value_internal":0.005280429214088118,"distribution":"{\"name\": \"FloatDistribution\", \"attributes\": {\"step\": null, \"low\": 0.0001, \"high\": 0.03, \"log\": true}}"}
{"op_code":8,"worker_id":"646aadc8-6ac1-4586-bf5f-087b2267943b-33720","trial_id":13,"user_attr":{"train_argv":"--option 2 --reward-mode objective --objectives tardiness_sq --lambda-late 1.0 --lambda-energy 1.0 --power-model linear --difficulty off_tf05 --timesteps 100000 --save-tag tune_off_tf05_o2nm_a2c_t13 --n-envs 4 --vec-backend subproc --seed 0 --algo a2c --markov-obs --work-conserving --learning-rate 0.000375954 --rollout-size 80 --gamma 0.995 --gae-lambda 1 --ent-coef 0.00528043"}}
{"op_code":7,"worker_id":"646aadc8-6ac1-4586-bf5f-087b2267943b-33720","trial_id":13,"step":25000,"intermediate_value":150859.8}
{"op_code":6,"worker_id":"646aadc8-6ac1-4586-bf5f-087b2267943b-33720","trial_id":13,"state":2,"values":[150859.8],"datetime_complete":"2026-10-06T04:38:45.110767"}
{"op_code":4,"worker_id":"646aadc8-6ac1-4586-bf5f-087b2267943b-33720","study_id":0,"datetime_start":"2026-10-06T04:38:45.376743"}
{"op_code":5,"worker_id":"646aadc8-6ac1-4586-bf5f-087b2267943b-33720","trial_id":14,"param_name":"learning-rate","param_value_internal":0.0011948709421970441,"distribution":"{\"name\": \"FloatDistribution\", \"attributes\": {\"step\": null, \"low\": 0.0001, \"high\": 0.003, \"log\": true}}"}
{"op_code":5,"worker_id":"646aadc8-6ac1-4586-bf5f-087b2267943b-33720","trial_id":14,"param_name":"rollout-size","param_value_internal":2,"distribution":"{\"name\": \"CategoricalDistribution\", \"attributes\": {\"choices\": [20, 80, 320]}}"}
{"op_code":5,"worker_id":"646aadc8-6ac1-4586-bf5f-087b2267943b-33720","trial_id":14,"param_name":"gamma","param_value_internal":0,"distribution":"{\"name\": \"CategoricalDistribution\", \"attributes\": {\"choices\": [0.99, 0.995, 0.999]}}"}
{"op_code":5,"worker_id":"646aadc8-6ac1-4586-bf5f-087b2267943b-33720","trial_id":14,"param_name":"gae-lambda","param_value_internal":2,"distribution":"{\"name\": \"CategoricalDistribution\", \"attributes\": {\"choices\": [0.9, 0.95, 1.0]}}"}
{"op_code":5,"worker_id":"646aadc8-6ac1-4586-bf5f-087b2267943b-33720","trial_id":14,"param_name":"ent-coef","param_value_internal":0.0010660013473621688,"distribution":"{\"name\": \"FloatDistribution\", \"attributes\": {\"step\": null, \"low\": 0.0001, \"high\": 0.03, \"log\": true}}"}
{"op_code":8,"worker_id":"646aadc8-6ac1-4586-bf5f-087b2267943b-33720","trial_id":14,"user_attr":{"train_argv":"--option 2 --reward-mode objective --objectives tardiness_sq --lambda-late 1.0 --lambda-energy 1.0 --power-model linear --difficulty off_tf05 --timesteps 100000 --save-tag tune_off_tf05_o2nm_a2c_t14 --n-envs 4 --vec-backend subproc --seed 0 --algo a2c --markov-obs --work-conserving --learning-rate 0.00119487 --rollout-size 320 --gamma 0.99 --gae-lambda 1 --ent-coef 0.001066"}}
{"op_code":7,"worker_id":"646aadc8-6ac1-4586-bf5f-087b2267943b-33720","trial_id":14,"step":25000,"intermediate_value":71813.2}
{"op_code":7,"worker_id":"646aadc8-6ac1-4586-bf5f-087b2267943b-33720","trial_id":14,"step":50000,"intermediate_value":80889.8}
{"op_code":7,"worker_id":"646aadc8-6ac1-4586-bf5f-087b2267943b-33720","trial_id":14,"step":75000,"intermediate_value":77265.4}
{"op_code":6,"worker_id":"646aadc8-6ac1-4586-bf5f-087b2267943b-33720","trial_id":14,"state":1,"values":[94052.2],"datetime_complete":"2026-10-06T04:40:16.565141"}
{"op_code":4,"worker_id":"646aadc8-6ac1-4586-bf5f-087b2267943b-33720","study_id":0,"datetime_start":"2026-10-06T04:40:16.767552"}
{"op_code":5,"worker_id":"646aadc8-6ac1-4586-bf5f-087b2267943b-33720","trial_id":15,"param_name":"learning-rate","param_value_internal":0.00047785642206296317,"distribution":"{\"name\": \"FloatDistribution\", \"attributes\": {\"step\": null, \"low\": 0.0001, \"high\": 0.003, \"log\": true}}"}
{"op_code":5,"worker_id":"646aadc8-6ac1-4586-bf5f-087b2267943b-33720","trial_id":15,"param_name":"rollout-size","param_value_internal":0,"distribution":"{\"name\": \"CategoricalDistribution\", \"attributes\": {\"choices\": [20, 80, 320]}}"}
{"op_code":5,"worker_id":"646aadc8-6ac1-4586-bf5f-087b2267943b-33720","trial_id":15,"param_name":"gamma","param_value_internal":2,"distribution":"{\"name\": \"CategoricalDistribution\", \"attributes\": {\"choices\": [0.99, 0.995, 0.999]}}"}
{"op_code":5,"worker_id":"646aadc8-6ac1-4586-bf5f-087b2267943b-33720","trial_id":15,"param_name":"gae-lambda","param_value_internal":2,"distribution":"{\"name\": \"CategoricalDistribution\", \"attributes\": {\"choices\": [0.9, 0.95, 1.0]}}"}
{"op_code":5,"worker_id":"646aadc8-6ac1-4586-bf5f-087b2267943b-33720","trial_id":15,"param_name":"ent-coef","param_value_internal":0.029151417560010984,"distribution":"{\"name\": \"FloatDistribution\", \"attributes\": {\"step\": null, \"low\": 0.0001, \"high\": 0.03, \"log\": true}}"}
{"op_code":8,"worker_id":"646aadc8-6ac1-4586-bf5f-087b2267943b-33720","trial_id":15,"user_attr":{"train_argv":"--option 2 --reward-mode objective --objectives tardiness_sq --lambda-late 1.0 --lambda-energy 1.0 --power-model linear --difficulty off_tf05 --timesteps 100000 --save-tag tune_off_tf05_o2nm_a2c_t15 --n-envs 4 --vec-backend subproc --seed 0 --algo a2c --markov-obs --work-conserving --learning-rate 0.000477856 --rollout-size 20 --gamma 0.999 --gae-lambda 1 --ent-coef 0.0291514"}}
{"op_code":7,"worker_id":"646aadc8-6ac1-4586-bf5f-087b2267943b-33720","trial_id":15,"step":25000,"intermediate_value":126449.2}
{"op_code":7,"worker_id":"646aadc8-6ac1-4586-bf5f-087b2267943b-33720","trial_id":15,"step":50000,"intermediate_value":89535.6}
{"op_code":7,"worker_id":"646aadc8-6ac1-4586-bf5f-087b2267943b-33720","trial_id":15,"step":75000,"intermediate_value":72252.6}
{"op_code":6,"worker_id":"646aadc8-6ac1-4586-bf5f-087b2267943b-33720","trial_id":15,"state":1,"values":[69669.8],"datetime_complete":"2026-10-06T04:42:01.566060"}
{"op_code":4,"worker_id":"646aadc8-6ac1-4586-bf5f-087b2267943b-33720","study_id":0,"datetime_start":"2026-10-06T04:42:01.728774"}
{"op_code":5,"worker_id":"646aadc8-6ac1-4586-bf5f-087b2267943b-33720","trial_id":16,"param_name":"learning-rate","param_value_internal":0.00020040431989283352,"distribution":"{\"name\": \"FloatDistribution\", \"attributes\": {\"step\": null, \"low\": 0.0001, \"high\": 0.003, \"log\": true}}"}
{"op_code":5,"worker_id":"646aadc8-6ac1-4586-bf5f-087b2267943b-33720","trial_id":16,"param_name":"rollout-size","param_value_internal":1,"distribution":"{\"name\": \"CategoricalDistribution\", \"attributes\": {\"choices\": [20, 80, 320]}}"}
{"op_code":5,"worker_id":"646aadc8-6ac1-4586-bf5f-087b2267943b-33720","trial_id":16,"param_name":"gamma","param_value_internal":2,"distribution":"{\"name\": \"CategoricalDistribution\", \"attributes\": {\"choices\": [0.99, 0.995, 0.999]}}"}
{"op_code":5,"worker_id":"646aadc8-6ac1-4586-bf5f-087b2267943b-33720","trial_id":16,"param_name":"gae-lambda","param_value_internal":2,"distribution":"{\"name\": \"CategoricalDistribution\", \"attributes\": {\"choices\": [0.9, 0.95, 1.0]}}"}
{"op_code":5,"worker_id":"646aadc8-6ac1-4586-bf5f-087b2267943b-33720","trial_id":16,"param_name":"ent-coef","param_value_internal":0.0258066567972351,"distribution":"{\"name\": \"FloatDistribution\", \"attributes\": {\"step\": null, \"low\": 0.0001, \"high\": 0.03, \"log\": true}}"}
{"op_code":8,"worker_id":"646aadc8-6ac1-4586-bf5f-087b2267943b-33720","trial_id":16,"user_attr":{"train_argv":"--option 2 --reward-mode objective --objectives tardiness_sq --lambda-late 1.0 --lambda-energy 1.0 --power-model linear --difficulty off_tf05 --timesteps 100000 --save-tag tune_off_tf05_o2nm_a2c_t16 --n-envs 4 --vec-backend subproc --seed 0 --algo a2c --markov-obs --work-conserving --learning-rate 0.000200404 --rollout-size 80 --gamma 0.999 --gae-lambda 1 --ent-coef 0.0258067"}}
{"op_code":7,"worker_id":"646aadc8-6ac1-4586-bf5f-087b2267943b-33720","trial_id":16,"step":25000,"intermediate_value":192182.8}
{"op_code":6,"worker_id":"646aadc8-6ac1-4586-bf5f-087b2267943b-33720","trial_id":16,"state":2,"values":[192182.8],"datetime_complete":"2026-10-06T04:42:27.128434"}
{"op_code":4,"worker_id":"646aadc8-6ac1-4586-bf5f-087b2267943b-33720","study_id":0,"datetime_start":"2026-10-06T04:42:27.360834"}
{"op_code":5,"worker_id":"646aadc8-6ac1-4586-bf5f-087b2267943b-33720","trial_id":17,"param_name":"learning-rate","param_value_internal":0.00024452115249830585,"distribution":"{\"name\": \"FloatDistribution\", \"attributes\": {\"step\": null, \"low\": 0.0001, \"high\": 0.003, \"log\": true}}"}
{"op_code":5,"worker_id":"646aadc8-6ac1-4586-bf5f-087b2267943b-33720","trial_id":17,"param_name":"rollout-size","param_value_internal":1,"distribution":"{\"name\": \"CategoricalDistribution\", \"attributes\": {\"choices\": [20, 80, 320]}}"}
{"op_code":5,"worker_id":"646aadc8-6ac1-4586-bf5f-087b2267943b-33720","trial_id":17,"param_name":"gamma","param_value_internal":2,"distribution":"{\"name\": \"CategoricalDistribution\", \"attributes\": {\"choices\": [0.99, 0.995, 0.999]}}"}
{"op_code":5,"worker_id":"646aadc8-6ac1-4586-bf5f-087b2267943b-33720","trial_id":17,"param_name":"gae-lambda","param_value_internal":2,"distribution":"{\"name\": \"CategoricalDistribution\", \"attributes\": {\"choices\": [0.9, 0.95, 1.0]}}"}
{"op_code":5,"worker_id":"646aadc8-6ac1-4586-bf5f-087b2267943b-33720","trial_id":17,"param_name":"ent-coef","param_value_internal":0.011674149419514562,"distribution":"{\"name\": \"FloatDistribution\", \"attributes\": {\"step\": null, \"low\": 0.0001, \"high\": 0.03, \"log\": true}}"}
{"op_code":8,"worker_id":"646aadc8-6ac1-4586-bf5f-087b2267943b-33720","trial_id":17,"user_attr":{"train_argv":"--option 2 --reward-mode objective --objectives tardiness_sq --lambda-late 1.0 --lambda-energy 1.0 --power-model linear --difficulty off_tf05 --timesteps 100000 --save-tag tune_off_tf05_o2nm_a2c_t17 --n-envs 4 --vec-backend subproc --seed 0 --algo a2c --markov-obs --work-conserving --learning-rate 0.000244521 --rollout-size 80 --gamma 0.999 --gae-lambda 1 --ent-coef 0.0116741"}}
{"op_code":7,"worker_id":"646aadc8-6ac1-4586-bf5f-087b2267943b-33720","trial_id":17,"step":25000,"intermediate_value":186494.0}
{"op_code":6,"worker_id":"646aadc8-6ac1-4586-bf5f-087b2267943b-33720","trial_id":17,"state":2,"values":[186494.0],"datetime_complete":"2026-10-06T04:42:53.039818"}
{"op_code":4,"worker_id":"646aadc8-6ac1-4586-bf5f-087b2267943b-33720","study_id":0,"datetime_start":"2026-10-06T04:42:53.297487"}
{"op_code":5,"worker_id":"646aadc8-6ac1-4586-bf5f-087b2267943b-33720","trial_id":18,"param_name":"learning-rate","param_value_internal":0.0005368623764394573,"distribution":"{\"name\": \"FloatDistribution\", \"attributes\": {\"step\": null, \"low\": 0.0001, \"high\": 0.003, \"log\": true}}"}
{"op_code":5,"worker_id":"646aadc8-6ac1-4586-bf5f-087b2267943b-33720","trial_id":18,"param_name":"rollout-size","param_value_internal":0,"distribution":"{\"name\": \"CategoricalDistribution\", \"attributes\": {\"choices\": [20, 80, 320]}}"}
{"op_code":5,"worker_id":"646aadc8-6ac1-4586-bf5f-087b2267943b-33720","trial_id":18,"param_name":"gamma","param_value_internal":2,"distribution":"{\"name\": \"CategoricalDistribution\", \"attributes\": {\"choices\": [0.99, 0.995, 0.999]}}"}
{"op_code":5,"worker_id":"646aadc8-6ac1-4586-bf5f-087b2267943b-33720","trial_id":18,"param_name":"gae-lambda","param_value_internal":2,"distribution":"{\"name\": \"CategoricalDistribution\", \"attributes\": {\"choices\": [0.9, 0.95, 1.0]}}"}
{"op_code":5,"worker_id":"646aadc8-6ac1-4586-bf5f-087b2267943b-33720","trial_id":18,"param_name":"ent-coef","param_value_internal":0.00523366122733489,"distribution":"{\"name\": \"FloatDistribution\", \"attributes\": {\"step\": null, \"low\": 0.0001, \"high\": 0.03, \"log\": true}}"}
{"op_code":8,"worker_id":"646aadc8-6ac1-4586-bf5f-087b2267943b-33720","trial_id":18,"user_attr":{"train_argv":"--option 2 --reward-mode objective --objectives tardiness_sq --lambda-late 1.0 --lambda-energy 1.0 --power-model linear --difficulty off_tf05 --timesteps 100000 --save-tag tune_off_tf05_o2nm_a2c_t18 --n-envs 4 --vec-backend subproc --seed 0 --algo a2c --markov-obs --work-conserving --learning-rate 0.000536862 --rollout-size 20 --gamma 0.999 --gae-lambda 1 --ent-coef 0.00523366"}}
{"op_code":7,"worker_id":"646aadc8-6ac1-4586-bf5f-087b2267943b-33720","trial_id":18,"step":25000,"intermediate_value":178161.2}
{"op_code":6,"worker_id":"646aadc8-6ac1-4586-bf5f-087b2267943b-33720","trial_id":18,"state":2,"values":[178161.2],"datetime_complete":"2026-10-06T04:43:24.521604"}
{"op_code":4,"worker_id":"646aadc8-6ac1-4586-bf5f-087b2267943b-33720","study_id":0,"datetime_start":"2026-10-06T04:43:24.741344"}
{"op_code":5,"worker_id":"646aadc8-6ac1-4586-bf5f-087b2267943b-33720","trial_id":19,"param_name":"learning-rate","param_value_internal":0.001040436836643125,"distribution":"{\"name\": \"FloatDistribution\", \"attributes\": {\"step\": null, \"low\": 0.0001, \"high\": 0.003, \"log\": true}}"}
{"op_code":5,"worker_id":"646aadc8-6ac1-4586-bf5f-087b2267943b-33720","trial_id":19,"param_name":"rollout-size","param_value_internal":2,"distribution":"{\"name\": \"CategoricalDistribution\", \"attributes\": {\"choices\": [20, 80, 320]}}"}
{"op_code":5,"worker_id":"646aadc8-6ac1-4586-bf5f-087b2267943b-33720","trial_id":19,"param_name":"gamma","param_value_internal":2,"distribution":"{\"name\": \"CategoricalDistribution\", \"attributes\": {\"choices\": [0.99, 0.995, 0.999]}}"}
{"op_code":5,"worker_id":"646aadc8-6ac1-4586-bf5f-087b2267943b-33720","trial_id":19,"param_name":"gae-lambda","param_value_internal":0,"distribution":"{\"name\": \"CategoricalDistribution\", \"attributes\": {\"choices\": [0.9, 0.95, 1.0]}}"}
{"op_code":5,"worker_id":"646aadc8-6ac1-4586-bf5f-087b2267943b-33720","trial_id":19,"param_name":"ent-coef","param_value_internal":0.01894251988095036,"distribution":"{\"name\": \"FloatDistribution\", \"attributes\": {\"step\": null, \"low\": 0.0001, \"high\": 0.03, \"log\": true}}"}
{"op_code":8,"worker_id":"646aadc8-6ac1-4586-bf5f-087b2267943b-33720","trial_id":19,"user_attr":{"train_argv":"--option 2 --reward-mode objective --objectives tardiness_sq --lambda-late 1.0 --lambda-energy 1.0 --power-model linear --difficulty off_tf05 --timesteps 100000 --save-tag tune_off_tf05_o2nm_a2c_t19 --n-envs 4 --vec-backend subproc --seed 0 --algo a2c --markov-obs --work-conserving --learning-rate 0.00104044 --rollout-size 320 --gamma 0.999 --gae-lambda 0.9 --ent-coef 0.0189425"}}
{"op_code":7,"worker_id":"646aadc8-6ac1-4586-bf5f-087b2267943b-33720","trial_id":19,"step":25000,"intermediate_value":149266.2}
{"op_code":6,"worker_id":"646aadc8-6ac1-4586-bf5f-087b2267943b-33720","trial_id":19,"state":2,"values":[149266.2],"datetime_complete":"2026-10-06T04:43:51.512994"}
{"op_code":0,"worker_id":"a499486e-9200-41e8-873b-3cfba76f2a92-32928","study_name":"off_tf05_o2nm_a2c","directions":[1]}
{"op_code":0,"worker_id":"007bf911-fc21-46e7-b14f-e22699e67b6a-34464","study_name":"off_tf05_o2nm_a2c","directions":[1]}
{"op_code":0,"worker_id":"d3066417-db24-44c5-98a2-8d8119e4e3a1-7220","study_name":"off_tf05_o2nm_a2c","directions":[1]}
{"op_code":0,"worker_id":"fe8cfb25-c399-486d-b414-088ab5848795-4620","study_name":"off_tf05_o2nm_a2c","directions":[1]}
{"op_code":0,"worker_id":"4b99c3cb-010b-4e94-94f8-49f4358c1583-17656","study_name":"off_tf05_o2nm_a2c","directions":[1]}
{"op_code":0,"worker_id":"5a426ea7-b2eb-49c8-a34c-1350c587bcaf-17508","study_name":"off_tf05_o2nm_a2c","directions":[1]}
{"op_code":0,"worker_id":"239dc2c7-0d8a-4dcd-ae5c-76666ff179d5-4492","study_name":"off_tf05_o2nm_a2c","directions":[1]}
