{"op_code":0,"worker_id":"ec7897db-3e78-4517-8c3b-233198a6d5d9-28472","study_name":"on_rho095_o0pmlubr","directions":[1]}
{"op_code":4,"worker_id":"ec7897db-3e78-4517-8c3b-233198a6d5d9-28472","study_id":0,"datetime_start":null,"state":4,"value":null,"values":null,"distributions":{},"params":{},"user_attrs":{"defaults":true},"system_attrs":{"fixed_params":{}},"intermediate_values":{}}
{"op_code":6,"worker_id":"ec7897db-3e78-4517-8c3b-233198a6d5d9-28472","trial_id":0,"state":0,"values":null,"datetime_start":"2026-10-07T00:01:40.511400"}
{"op_code":8,"worker_id":"ec7897db-3e78-4517-8c3b-233198a6d5d9-28472","trial_id":0,"user_attr":{"train_argv":"--option 0 --reward-mode objective --objectives tardiness_sq --lambda-late 1.0 --lambda-energy 1.0 --power-model linear --difficulty on_rho095 --timesteps 300000 --save-tag tune_on_rho095_o0pmlubr_t0 --n-envs 4 --vec-backend subproc --seed 0 --algo ppo --markov-obs --lookahead --fixed-scaling --critic-arrivals --lateness-shaping --policy-arch pointer"}}
{"op_code":7,"worker_id":"ec7897db-3e78-4517-8c3b-233198a6d5d9-28472","trial_id":0,"step":75000,"intermediate_value":472496.2}
{"op_code":0,"worker_id":"ed68a6a2-cc1e-45a1-85a6-e1499e8cf837-28376","study_name":"on_rho095_o0pmlubr","directions":[1]}
{"op_code":7,"worker_id":"ec7897db-3e78-4517-8c3b-233198a6d5d9-28472","trial_id":0,"step":150000,"intermediate_value":54481579.4}
{"op_code":7,"worker_id":"ec7897db-3e78-4517-8c3b-233198a6d5d9-28472","trial_id":0,"step":225000,"intermediate_value":276493.8}
{"op_code":6,"worker_id":"ec7897db-3e78-4517-8c3b-233198a6d5d9-28472","trial_id":0,"state":1,"values":[183716154.55],"datetime_complete":"2026-10-07T04:01:19.090183"}
{"op_code":4,"worker_id":"ec7897db-3e78-4517-8c3b-233198a6d5d9-28472","study_id":0,"datetime_start":"2026-10-07T04:01:19.470905"}
{"op_code":5,"worker_id":"ec7897db-3e78-4517-8c3b-233198a6d5d9-28472","trial_id":1,"param_name":"learning-rate","param_value_internal":0.00020554062603827,"distribution":"{\"name\": \"FloatDistribution\", \"attributes\": {\"step\": null, \"low\": 3e-05, \"high\": 0.001, \"log\": true}}"}
{"op_code":5,"worker_id":"ec7897db-3e78-4517-8c3b-233198a6d5d9-28472","trial_id":1,"param_name":"rollout-size","param_value_internal":0,"distribution":"{\"name\": \"CategoricalDistribution\", \"attributes\": {\"choices\": [2048, 4096, 8192, 16384]}}"}
{"op_code":5,"worker_id":"ec7897db-3e78-4517-8c3b-233198a6d5d9-28472","trial_id":1,"param_name":"batch-size","param_value_internal":2,"distribution":"{\"name\": \"CategoricalDistribution\", \"attributes\": {\"choices\": [64, 256, 1024]}}"}
{"op_code":5,"worker_id":"ec7897db-3e78-4517-8c3b-233198a6d5d9-28472","trial_id":1,"param_name":"n-epochs","param_value_internal":0,"distribution":"{\"name\": \"CategoricalDistribution\", \"attributes\": {\"choices\": [3, 5, 10]}}"}
{"op_code":5,"worker_id":"ec7897db-3e78-4517-8c3b-233198a6d5d9-28472","trial_id":1,"param_name":"gamma","param_value_internal":2,"distribution":"{\"name\": \"CategoricalDistribution\", \"attributes\": {\"choices\": [0.99, 0.995, 0.999]}}"}
{"op_code":5,"worker_id":"ec7897db-3e78-4517-8c3b-233198a6d5d9-28472","trial_id":1,"param_name":"gae-lambda","param_value_internal":1,"distribution":"{\"name\": \"CategoricalDistribution\", \"attributes\": {\"choices\": [0.9, 0.95, 0.98]}}"}
{"op_code":5,"worker_id":"ec7897db-3e78-4517-8c3b-233198a6d5d9-28472","trial_id":1,"param_name":"clip-range","param_value_internal":2,"distribution":"{\"name\": \"CategoricalDistribution\", \"attributes\": {\"choices\": [0.1, 0.2, 0.3]}}"}
{"op_code":5,"worker_id":"ec7897db-3e78-4517-8c3b-233198a6d5d9-28472","trial_id":1,"param_name":"ent-coef","param_value_internal":0.02655561084998941,"distribution":"{\"name\": \"FloatDistribution\", \"attributes\": {\"step\": null, \"low\": 0.0001, \"high\": 0.03, \"log\": true}}"}
{"op_code":8,"worker_id":"ec7897db-3e78-4517-8c3b-233198a6d5d9-28472","trial_id":1,"user_attr":{"train_argv":"--option 0 --reward-mode objective --objectives tardiness_sq --lambda-late 1.0 --lambda-energy 1.0 --power-model linear --difficulty on_rho095 --timesteps 300000 --save-tag tune_on_rho095_o0pmlubr_t1 --n-envs 4 --vec-backend subproc --seed 0 --algo ppo --markov-obs --lookahead --fixed-scaling --critic-arrivals --lateness-shaping --policy-arch pointer --learning-rate 0.000205541 --rollout-size 2048 --batch-size 1024 --n-epochs 3 --gamma 0.999 --gae-lambda 0.95 --clip-range 0.3 --ent-coef 0.0265556"}}
{"op_code":7,"worker_id":"ec7897db-3e78-4517-8c3b-233198a6d5d9-28472","trial_id":1,"step":75000,"intermediate_value":400517.0}
{"op_code":7,"worker_id":"ec7897db-3e78-4517-8c3b-233198a6d5d9-28472","trial_id":1,"step":150000,"intermediate_value":401178.4}
{"op_code":0,"worker_id":"87566cd9-b9e4-434b-ac75-7a926fe349b9-38892","study_name":"on_rho095_o0pmlubr","directions":[1]}
{"op_code":0,"worker_id":"465b8e37-0885-4cfc-9265-73ee4befaa47-32432","study_name":"on_rho095_o0pmlubr","directions":[1]}
{"op_code":7,"worker_id":"ec7897db-3e78-4517-8c3b-233198a6d5d9-28472","trial_id":1,"step":225000,"intermediate_value":396125.8}
{"op_code":6,"worker_id":"ec7897db-3e78-4517-8c3b-233198a6d5d9-28472","trial_id":1,"state":1,"values":[405392.4],"datetime_complete":"2026-10-07T05:13:34.080591"}
{"op_code":4,"worker_id":"ec7897db-3e78-4517-8c3b-233198a6d5d9-28472","study_id":0,"datetime_start":"2026-10-07T05:13:34.473306"}
{"op_code":5,"worker_id":"ec7897db-3e78-4517-8c3b-233198a6d5d9-28472","trial_id":2,"param_name":"learning-rate","param_value_internal":0.0004944733002746453,"distribution":"{\"name\": \"FloatDistribution\", \"attributes\": {\"step\": null, \"low\": 3e-05, \"high\": 0.001, \"log\": true}}"}
{"op_code":5,"worker_id":"ec7897db-3e78-4517-8c3b-233198a6d5d9-28472","trial_id":2,"param_name":"rollout-size","param_value_internal":1,"distribution":"{\"name\": \"CategoricalDistribution\", \"attributes\": {\"choices\": [2048, 4096, 8192, 16384]}}"}
{"op_code":5,"worker_id":"ec7897db-3e78-4517-8c3b-233198a6d5d9-28472","trial_id":2,"param_name":"batch-size","param_value_internal":1,"distribution":"{\"name\": \"CategoricalDistribution\", \"attributes\": {\"choices\": [64, 256, 1024]}}"}
{"op_code":5,"worker_id":"ec7897db-3e78-4517-8c3b-233198a6d5d9-28472","trial_id":2,"param_name":"n-epochs","param_value_internal":2,"distribution":"{\"name\": \"CategoricalDistribution\", \"attributes\": {\"choices\": [3, 5, 10]}}"}
{"op_code":5,"worker_id":"ec7897db-3e78-4517-8c3b-233198a6d5d9-28472","trial_id":2,"param_name":"gamma","param_value_internal":1,"distribution":"{\"name\": \"CategoricalDistribution\", \"attributes\": {\"choices\": [0.99, 0.995, 0.999]}}"}
{"op_code":5,"worker_id":"ec7897db-3e78-4517-8c3b-233198a6d5d9-28472","trial_id":2,"param_name":"gae-lambda","param_value_internal":0,"distribution":"{\"name\": \"CategoricalDistribution\", \"attributes\": {\"choices\": [0.9, 0.95, 0.98]}}"}
{"op_code":5,"worker_id":"ec7897db-3e78-4517-8c3b-233198a6d5d9-28472","trial_id":2,"param_name":"clip-range","param_value_internal":0,"distribution":"{\"name\": \"CategoricalDistribution\", \"attributes\": {\"choices\": [0.1, 0.2, 0.3]}}"}
{"op_code":5,"worker_id":"ec7897db-3e78-4517-8c3b-233198a6d5d9-28472","trial_id":2,"param_name":"ent-coef","param_value_internal":0.0012094311268425492,"distribution":"{\"name\": \"FloatDistribution\", \"attributes\": {\"step\": null, \"low\": 0.0001, \"high\": 0.03, \"log\": true}}"}
{"op_code":8,"worker_id":"ec7897db-3e78-4517-8c3b-233198a6d5d9-28472","trial_id":2,"user_attr":{"train_argv":"--option 0 --reward-mode objective --objectives tardiness_sq --lambda-late 1.0 --lambda-energy 1.0 --power-model linear --difficulty on_rho095 --timesteps 300000 --save-tag tune_on_rho095_o0pmlubr_t2 --n-envs 4 --vec-backend subproc --seed 0 --algo ppo --markov-obs --lookahead --fixed-scaling --critic-arrivals --lateness-shaping --policy-arch pointer --learning-rate 0.000494473 --rollout-size 4096 --batch-size 256 --n-epochs 10 --gamma 0.995 --gae-lambda 0.9 --clip-range 0.1 --ent-coef 0.00120943"}}
{"op_code":7,"worker_id":"ec7897db-3e78-4517-8c3b-233198a6d5d9-28472","trial_id":2,"step":75000,"intermediate_value":20999936.0}
{"op_code":7,"worker_id":"ec7897db-3e78-4517-8c3b-233198a6d5d9-28472","trial_id":2,"step":150000,"intermediate_value":847158160.2}
