{"op_code":0,"worker_id":"f1e3bfe0-1bc2-4758-99d5-9ead269fba06-25892","study_name":"on_rho095_o3wmlubrze_a2c","directions":[1]}
{"op_code":4,"worker_id":"f1e3bfe0-1bc2-4758-99d5-9ead269fba06-25892","study_id":0,"datetime_start":null,"state":4,"value":null,"values":null,"distributions":{},"params":{},"user_attrs":{"defaults":true},"system_attrs":{"fixed_params":{}},"intermediate_values":{}}
{"op_code":6,"worker_id":"f1e3bfe0-1bc2-4758-99d5-9ead269fba06-25892","trial_id":0,"state":0,"values":null,"datetime_start":"2026-10-09T02:23:33.111102"}
{"op_code":8,"worker_id":"f1e3bfe0-1bc2-4758-99d5-9ead269fba06-25892","trial_id":0,"user_attr":{"train_argv":"--option 3 --reward-mode objective --objectives tardiness_sq --lambda-late 1.0 --lambda-energy 1.0 --power-model linear --difficulty on_rho095 --timesteps 300000 --save-tag tune_on_rho095_o3wmlubrze_a2c_t0 --n-envs 4 --vec-backend subproc --seed 0 --algo a2c --markov-obs --lookahead --fixed-scaling --critic-arrivals --lateness-shaping --normalize-reward --event-idle --window-size 20"}}
{"op_code":7,"worker_id":"f1e3bfe0-1bc2-4758-99d5-9ead269fba06-25892","trial_id":0,"step":75000,"intermediate_value":248952.8}
{"op_code":7,"worker_id":"f1e3bfe0-1bc2-4758-99d5-9ead269fba06-25892","trial_id":0,"step":150000,"intermediate_value":234147.0}
{"op_code":7,"worker_id":"f1e3bfe0-1bc2-4758-99d5-9ead269fba06-25892","trial_id":0,"step":225000,"intermediate_value":191001.8}
{"op_code":6,"worker_id":"f1e3bfe0-1bc2-4758-99d5-9ead269fba06-25892","trial_id":0,"state":1,"values":[286517.75],"datetime_complete":"2026-10-09T02:33:27.526927"}
{"op_code":4,"worker_id":"f1e3bfe0-1bc2-4758-99d5-9ead269fba06-25892","study_id":0,"datetime_start":"2026-10-09T02:33:27.737660"}
{"op_code":5,"worker_id":"f1e3bfe0-1bc2-4758-99d5-9ead269fba06-25892","trial_id":1,"param_name":"learning-rate","param_value_internal":0.0006466422717414558,"distribution":"{\"name\": \"FloatDistribution\", \"attributes\": {\"step\": null, \"low\": 0.0001, \"high\": 0.003, \"log\": true}}"}
{"op_code":5,"worker_id":"f1e3bfe0-1bc2-4758-99d5-9ead269fba06-25892","trial_id":1,"param_name":"rollout-size","param_value_internal":0,"distribution":"{\"name\": \"CategoricalDistribution\", \"attributes\": {\"choices\": [20, 80, 320]}}"}
{"op_code":5,"worker_id":"f1e3bfe0-1bc2-4758-99d5-9ead269fba06-25892","trial_id":1,"param_name":"gamma","param_value_internal":1,"distribution":"{\"name\": \"CategoricalDistribution\", \"attributes\": {\"choices\": [0.99, 0.995, 0.999]}}"}
{"op_code":5,"worker_id":"f1e3bfe0-1bc2-4758-99d5-9ead269fba06-25892","trial_id":1,"param_name":"gae-lambda","param_value_internal":1,"distribution":"{\"name\": \"CategoricalDistribution\", \"attributes\": {\"choices\": [0.9, 0.95, 1.0]}}"}
{"op_code":5,"worker_id":"f1e3bfe0-1bc2-4758-99d5-9ead269fba06-25892","trial_id":1,"param_name":"ent-coef","param_value_internal":0.009145320282946534,"distribution":"{\"name\": \"FloatDistribution\", \"attributes\": {\"step\": null, \"low\": 0.0001, \"high\": 0.03, \"log\": true}}"}
{"op_code":8,"worker_id":"f1e3bfe0-1bc2-4758-99d5-9ead269fba06-25892","trial_id":1,"user_attr":{"train_argv":"--option 3 --reward-mode objective --objectives tardiness_sq --lambda-late 1.0 --lambda-energy 1.0 --power-model linear --difficulty on_rho095 --timesteps 300000 --save-tag tune_on_rho095_o3wmlubrze_a2c_t1 --n-envs 4 --vec-backend subproc --seed 0 --algo a2c --markov-obs --lookahead --fixed-scaling --critic-arrivals --lateness-shaping --normalize-reward --event-idle --window-size 20 --learning-rate 0.000646642 --rollout-size 20 --gamma 0.995 --gae-lambda 0.95 --ent-coef 0.00914532"}}
{"op_code":7,"worker_id":"f1e3bfe0-1bc2-4758-99d5-9ead269fba06-25892","trial_id":1,"step":75000,"intermediate_value":166294.4}
{"op_code":7,"worker_id":"f1e3bfe0-1bc2-4758-99d5-9ead269fba06-25892","trial_id":1,"step":150000,"intermediate_value":150371.0}
{"op_code":7,"worker_id":"f1e3bfe0-1bc2-4758-99d5-9ead269fba06-25892","trial_id":1,"step":225000,"intermediate_value":131283.8}
{"op_code":6,"worker_id":"f1e3bfe0-1bc2-4758-99d5-9ead269fba06-25892","trial_id":1,"state":1,"values":[141960.5],"datetime_complete":"2026-10-09T02:42:54.327284"}
{"op_code":4,"worker_id":"f1e3bfe0-1bc2-4758-99d5-9ead269fba06-25892","study_id":0,"datetime_start":"2026-10-09T02:42:54.509469"}
{"op_code":5,"worker_id":"f1e3bfe0-1bc2-4758-99d5-9ead269fba06-25892","trial_id":2,"param_name":"learning-rate","param_value_internal":0.0006042851578845063,"distribution":"{\"name\": \"FloatDistribution\", \"attributes\": {\"step\": null, \"low\": 0.0001, \"high\": 0.003, \"log\": true}}"}
{"op_code":5,"worker_id":"f1e3bfe0-1bc2-4758-99d5-9ead269fba06-25892","trial_id":2,"param_name":"rollout-size","param_value_internal":1,"distribution":"{\"name\": \"CategoricalDistribution\", \"attributes\": {\"choices\": [20, 80, 320]}}"}
{"op_code":5,"worker_id":"f1e3bfe0-1bc2-4758-99d5-9ead269fba06-25892","trial_id":2,"param_name":"gamma","param_value_internal":2,"distribution":"{\"name\": \"CategoricalDistribution\", \"attributes\": {\"choices\": [0.99, 0.995, 0.999]}}"}
{"op_code":5,"worker_id":"f1e3bfe0-1bc2-4758-99d5-9ead269fba06-25892","trial_id":2,"param_name":"gae-lambda","param_value_internal":2,"distribution":"{\"name\": \"CategoricalDistribution\", \"attributes\": {\"choices\": [0.9, 0.95, 1.0]}}"}
{"op_code":5,"worker_id":"f1e3bfe0-1bc2-4758-99d5-9ead269fba06-25892","trial_id":2,"param_name":"ent-coef","param_value_internal":0.009541412354586892,"distribution":"{\"name\": \"FloatDistribution\", \"attributes\": {\"step\": null, \"low\": 0.0001, \"high\": 0.03, \"log\": true}}"}
{"op_code":8,"worker_id":"f1e3bfe0-1bc2-4758-99d5-9ead269fba06-25892","trial_id":2,"user_attr":{"train_argv":"--option 3 --reward-mode objective --objectives tardiness_sq --lambda-late 1.0 --lambda-energy 1.0 --power-model linear --difficulty on_rho095 --timesteps 300000 --save-tag tune_on_rho095_o3wmlubrze_a2c_t2 --n-envs 4 --vec-backend subproc --seed 0 --algo a2c --markov-obs --lookahead --fixed-scaling --critic-arrivals --lateness-shaping --normalize-reward --event-idle --window-size 20 --learning-rate 0.000604285 --rollout-size 80 --gamma 0.999 --gae-lambda 1 --ent-coef 0.00954141"}}
{"op_code":7,"worker_id":"f1e3bfe0-1bc2-4758-99d5-9ead269fba06-25892","trial_id":2,"step":75000,"intermediate_value":110981.2}
{"op_code":7,"worker_id":"f1e3bfe0-1bc2-4758-99d5-9ead269fba06-25892","trial_id":2,"step":150000,"intermediate_value":131961.0}
{"op_code":7,"worker_id":"f1e3bfe0-1bc2-4758-99d5-9ead269fba06-25892","trial_id":2,"step":225000,"intermediate_value":108346.4}
{"op_code":6,"worker_id":"f1e3bfe0-1bc2-4758-99d5-9ead269fba06-25892","trial_id":2,"state":1,"values":[143961.75],"datetime_complete":"2026-10-09T02:51:07.815625"}
{"op_code":4,"worker_id":"f1e3bfe0-1bc2-4758-99d5-9ead269fba06-25892","study_id":0,"datetime_start":"2026-10-09T02:51:08.008251"}
{"op_code":5,"worker_id":"f1e3bfe0-1bc2-4758-99d5-9ead269fba06-25892","trial_id":3,"param_name":"learning-rate","param_value_internal":0.0004804641349751479,"distribution":"{\"name\": \"FloatDistribution\", \"attributes\": {\"step\": null, \"low\": 0.0001, \"high\": 0.003, \"log\": true}}"}
{"op_code":5,"worker_id":"f1e3bfe0-1bc2-4758-99d5-9ead269fba06-25892","trial_id":3,"param_name":"rollout-size","param_value_internal":0,"distribution":"{\"name\": \"CategoricalDistribution\", \"attributes\": {\"choices\": [20, 80, 320]}}"}
{"op_code":5,"worker_id":"f1e3bfe0-1bc2-4758-99d5-9ead269fba06-25892","trial_id":3,"param_name":"gamma","param_value_internal":1,"distribution":"{\"name\": \"CategoricalDistribution\", \"attributes\": {\"choices\": [0.99, 0.995, 0.999]}}"}
{"op_code":5,"worker_id":"f1e3bfe0-1bc2-4758-99d5-9ead269fba06-25892","trial_id":3,"param_name":"gae-lambda","param_value_internal":2,"distribution":"{\"name\": \"CategoricalDistribution\", \"attributes\": {\"choices\": [0.9, 0.95, 1.0]}}"}
{"op_code":5,"worker_id":"f1e3bfe0-1bc2-4758-99d5-9ead269fba06-25892","trial_id":3,"param_name":"ent-coef","param_value_internal":0.001348775545730254,"distribution":"{\"name\": \"FloatDistribution\", \"attributes\": {\"step\": null, \"low\": 0.0001, \"high\": 0.03, \"log\": true}}"}
{"op_code":8,"worker_id":"f1e3bfe0-1bc2-4758-99d5-9ead269fba06-25892","trial_id":3,"user_attr":{"train_argv":"--option 3 --reward-mode objective --objectives tardiness_sq --lambda-late 1.0 --lambda-energy 1.0 --power-model linear --difficulty on_rho095 --timesteps 300000 --save-tag tune_on_rho095_o3wmlubrze_a2c_t3 --n-envs 4 --vec-backend subproc --seed 0 --algo a2c --markov-obs --lookahead --fixed-scaling --critic-arrivals --lateness-shaping --normalize-reward --event-idle --window-size 20 --learning-rate 0.000480464 --rollout-size 20 --gamma 0.995 --gae-lambda 1 --ent-coef 0.00134878"}}
{"op_code":7,"worker_id":"f1e3bfe0-1bc2-4758-99d5-9ead269fba06-25892","trial_id":3,"step":75000,"intermediate_value":231967.2}
{"op_code":7,"worker_id":"f1e3bfe0-1bc2-4758-99d5-9ead269fba06-25892","trial_id":3,"step":150000,"intermediate_value":243961.6}
{"op_code":7,"worker_id":"f1e3bfe0-1bc2-4758-99d5-9ead269fba06-25892","trial_id":3,"step":225000,"intermediate_value":150734.4}
{"op_code":6,"worker_id":"f1e3bfe0-1bc2-4758-99d5-9ead269fba06-25892","trial_id":3,"state":1,"values":[224364.85],"datetime_complete":"2026-10-09T03:00:10.533601"}
{"op_code":4,"worker_id":"f1e3bfe0-1bc2-4758-99d5-9ead269fba06-25892","study_id":0,"datetime_start":"2026-10-09T03:00:10.724176"}
{"op_code":5,"worker_id":"f1e3bfe0-1bc2-4758-99d5-9ead269fba06-25892","trial_id":4,"param_name":"learning-rate","param_value_internal":0.0006912670683424538,"distribution":"{\"name\": \"FloatDistribution\", \"attributes\": {\"step\": null, \"low\": 0.0001, \"high\": 0.003, \"log\": true}}"}
{"op_code":5,"worker_id":"f1e3bfe0-1bc2-4758-99d5-9ead269fba06-25892","trial_id":4,"param_name":"rollout-size","param_value_internal":1,"distribution":"{\"name\": \"CategoricalDistribution\", \"attributes\": {\"choices\": [20, 80, 320]}}"}
{"op_code":5,"worker_id":"f1e3bfe0-1bc2-4758-99d5-9ead269fba06-25892","trial_id":4,"param_name":"gamma","param_value_internal":1,"distribution":"{\"name\": \"CategoricalDistribution\", \"attributes\": {\"choices\": [0.99, 0.995, 0.999]}}"}
{"op_code":5,"worker_id":"f1e3bfe0-1bc2-4758-99d5-9ead269fba06-25892","trial_id":4,"param_name":"gae-lambda","param_value_internal":2,"distribution":"{\"name\": \"CategoricalDistribution\", \"attributes\": {\"choices\": [0.9, 0.95, 1.0]}}"}
{"op_code":5,"worker_id":"f1e3bfe0-1bc2-4758-99d5-9ead269fba06-25892","trial_id":4,"param_name":"ent-coef","param_value_internal":0.00014098918363046996,"distribution":"{\"name\": \"FloatDistribution\", \"attributes\": {\"step\": null, \"low\": 0.0001, \"high\": 0.03, \"log\": true}}"}
{"op_code":8,"worker_id":"f1e3bfe0-1bc2-4758-99d5-9ead269fba06-25892","trial_id":4,"user_attr":{"train_argv":"--option 3 --reward-mode objective --objectives tardiness_sq --lambda-late 1.0 --lambda-energy 1.0 --power-model linear --difficulty on_rho095 --timesteps 300000 --save-tag tune_on_rho095_o3wmlubrze_a2c_t4 --n-envs 4 --vec-backend subproc --seed 0 --algo a2c --markov-obs --lookahead --fixed-scaling --critic-arrivals --lateness-shaping --normalize-reward --event-idle --window-size 20 --learning-rate 0.000691267 --rollout-size 80 --gamma 0.995 --gae-lambda 1 --ent-coef 0.000140989"}}
{"op_code":7,"worker_id":"f1e3bfe0-1bc2-4758-99d5-9ead269fba06-25892","trial_id":4,"step":75000,"intermediate_value":182319.4}
{"op_code":7,"worker_id":"f1e3bfe0-1bc2-4758-99d5-9ead269fba06-25892","trial_id":4,"step":150000,"intermediate_value":169689.8}
{"op_code":7,"worker_id":"f1e3bfe0-1bc2-4758-99d5-9ead269fba06-25892","trial_id":4,"step":225000,"intermediate_value":171106.0}
{"op_code":6,"worker_id":"f1e3bfe0-1bc2-4758-99d5-9ead269fba06-25892","trial_id":4,"state":1,"values":[187878.75],"datetime_complete":"2026-10-09T03:08:09.835916"}
{"op_code":4,"worker_id":"f1e3bfe0-1bc2-4758-99d5-9ead269fba06-25892","study_id":0,"datetime_start":"2026-10-09T03:08:10.022059"}
{"op_code":5,"worker_id":"f1e3bfe0-1bc2-4758-99d5-9ead269fba06-25892","trial_id":5,"param_name":"learning-rate","param_value_internal":0.0009658179826892162,"distribution":"{\"name\": \"FloatDistribution\", \"attributes\": {\"step\": null, \"low\": 0.0001, \"high\": 0.003, \"log\": true}}"}
{"op_code":5,"worker_id":"f1e3bfe0-1bc2-4758-99d5-9ead269fba06-25892","trial_id":5,"param_name":"rollout-size","param_value_internal":0,"distribution":"{\"name\": \"CategoricalDistribution\", \"attributes\": {\"choices\": [20, 80, 320]}}"}
{"op_code":5,"worker_id":"f1e3bfe0-1bc2-4758-99d5-9ead269fba06-25892","trial_id":5,"param_name":"gamma","param_value_internal":2,"distribution":"{\"name\": \"CategoricalDistribution\", \"attributes\": {\"choices\": [0.99, 0.995, 0.999]}}"}
{"op_code":5,"worker_id":"f1e3bfe0-1bc2-4758-99d5-9ead269fba06-25892","trial_id":5,"param_name":"gae-lambda","param_value_internal":1,"distribution":"{\"name\": \"CategoricalDistribution\", \"attributes\": {\"choices\": [0.9, 0.95, 1.0]}}"}
{"op_code":5,"worker_id":"f1e3bfe0-1bc2-4758-99d5-9ead269fba06-25892","trial_id":5,"param_name":"ent-coef","param_value_internal":0.00032916454639831516,"distribution":"{\"name\": \"FloatDistribution\", \"attributes\": {\"step\": null, \"low\": 0.0001, \"high\": 0.03, \"log\": true}}"}
{"op_code":8,"worker_id":"f1e3bfe0-1bc2-4758-99d5-9ead269fba06-25892","trial_id":5,"user_attr":{"train_argv":"--option 3 --reward-mode objective --objectives tardiness_sq --lambda-late 1.0 --lambda-energy 1.0 --power-model linear --difficulty on_rho095 --timesteps 300000 --save-tag tune_on_rho095_o3wmlubrze_a2c_t5 --n-envs 4 --vec-backend subproc --seed 0 --algo a2c --markov-obs --lookahead --fixed-scaling --critic-arrivals --lateness-shaping --normalize-reward --event-idle --window-size 20 --learning-rate 0.000965818 --rollout-size 20 --gamma 0.999 --gae-lambda 0.95 --ent-coef 0.000329165"}}
{"op_code":7,"worker_id":"f1e3bfe0-1bc2-4758-99d5-9ead269fba06-25892","trial_id":5,"step":75000,"intermediate_value":163004.6}
{"op_code":7,"worker_id":"f1e3bfe0-1bc2-4758-99d5-9ead269fba06-25892","trial_id":5,"step":150000,"intermediate_value":259444.4}
{"op_code":7,"worker_id":"f1e3bfe0-1bc2-4758-99d5-9ead269fba06-25892","trial_id":5,"step":225000,"intermediate_value":268010.4}
{"op_code":6,"worker_id":"f1e3bfe0-1bc2-4758-99d5-9ead269fba06-25892","trial_id":5,"state":2,"values":[268010.4],"datetime_complete":"2026-10-09T03:14:33.935638"}
{"op_code":4,"worker_id":"f1e3bfe0-1bc2-4758-99d5-9ead269fba06-25892","study_id":0,"datetime_start":"2026-10-09T03:14:34.134029"}
{"op_code":5,"worker_id":"f1e3bfe0-1bc2-4758-99d5-9ead269fba06-25892","trial_id":6,"param_name":"learning-rate","param_value_internal":0.00017309069329908935,"distribution":"{\"name\": \"FloatDistribution\", \"attributes\": {\"step\": null, \"low\": 0.0001, \"high\": 0.003, \"log\": true}}"}
{"op_code":5,"worker_id":"f1e3bfe0-1bc2-4758-99d5-9ead269fba06-25892","trial_id":6,"param_name":"rollout-size","param_value_internal":0,"distribution":"{\"name\": \"CategoricalDistribution\", \"attributes\": {\"choices\": [20, 80, 320]}}"}
{"op_code":5,"worker_id":"f1e3bfe0-1bc2-4758-99d5-9ead269fba06-25892","trial_id":6,"param_name":"gamma","param_value_internal":0,"distribution":"{\"name\": \"CategoricalDistribution\", \"attributes\": {\"choices\": [0.99, 0.995, 0.999]}}"}
{"op_code":5,"worker_id":"f1e3bfe0-1bc2-4758-99d5-9ead269fba06-25892","trial_id":6,"param_name":"gae-lambda","param_value_internal":0,"distribution":"{\"name\": \"CategoricalDistribution\", \"attributes\": {\"choices\": [0.9, 0.95, 1.0]}}"}
{"op_code":5,"worker_id":"f1e3bfe0-1bc2-4758-99d5-9ead269fba06-25892","trial_id":6,"param_name":"ent-coef","param_value_internal":0.0008191755047162099,"distribution":"{\"name\": \"FloatDistribution\", \"attributes\": {\"step\": null, \"low\": 0.0001, \"high\": 0.03, \"log\": true}}"}
{"op_code":8,"worker_id":"f1e3bfe0-1bc2-4758-99d5-9ead269fba06-25892","trial_id":6,"user_attr":{"train_argv":"--option 3 --reward-mode objective --objectives tardiness_sq --lambda-late 1.0 --lambda-energy 1.0 --power-model linear --difficulty on_rho095 --timesteps 300000 --save-tag tune_on_rho095_o3wmlubrze_a2c_t6 --n-envs 4 --vec-backend subproc --seed 0 --algo a2c --markov-obs --lookahead --fixed-scaling --critic-arrivals --lateness-shaping --normalize-reward --event-idle --window-size 20 --learning-rate 0.000173091 --rollout-size 20 --gamma 0.99 --gae-lambda 0.9 --ent-coef 0.000819176"}}
{"op_code":7,"worker_id":"f1e3bfe0-1bc2-4758-99d5-9ead269fba06-25892","trial_id":6,"step":75000,"intermediate_value":272575.2}
{"op_code":6,"worker_id":"f1e3bfe0-1bc2-4758-99d5-9ead269fba06-25892","trial_id":6,"state":2,"values":[272575.2],"datetime_complete":"2026-10-09T03:17:19.408489"}
{"op_code":4,"worker_id":"f1e3bfe0-1bc2-4758-99d5-9ead269fba06-25892","study_id":0,"datetime_start":"2026-10-09T03:17:19.602137"}
{"op_code":5,"worker_id":"f1e3bfe0-1bc2-4758-99d5-9ead269fba06-25892","trial_id":7,"param_name":"learning-rate","param_value_internal":0.0016319488770709706,"distribution":"{\"name\": \"FloatDistribution\", \"attributes\": {\"step\": null, \"low\": 0.0001, \"high\": 0.003, \"log\": true}}"}
{"op_code":5,"worker_id":"f1e3bfe0-1bc2-4758-99d5-9ead269fba06-25892","trial_id":7,"param_name":"rollout-size","param_value_internal":1,"distribution":"{\"name\": \"CategoricalDistribution\", \"attributes\": {\"choices\": [20, 80, 320]}}"}
{"op_code":5,"worker_id":"f1e3bfe0-1bc2-4758-99d5-9ead269fba06-25892","trial_id":7,"param_name":"gamma","param_value_internal":2,"distribution":"{\"name\": \"CategoricalDistribution\", \"attributes\": {\"choices\": [0.99, 0.995, 0.999]}}"}
{"op_code":5,"worker_id":"f1e3bfe0-1bc2-4758-99d5-9ead269fba06-25892","trial_id":7,"param_name":"gae-lambda","param_value_internal":1,"distribution":"{\"name\": \"CategoricalDistribution\", \"attributes\": {\"choices\": [0.9, 0.95, 1.0]}}"}
{"op_code":5,"worker_id":"f1e3bfe0-1bc2-4758-99d5-9ead269fba06-25892","trial_id":7,"param_name":"ent-coef","param_value_internal":0.000501819043124292,"distribution":"{\"name\": \"FloatDistribution\", \"attributes\": {\"step\": null, \"low\": 0.0001, \"high\": 0.03, \"log\": true}}"}
{"op_code":8,"worker_id":"f1e3bfe0-1bc2-4758-99d5-9ead269fba06-25892","trial_id":7,"user_attr":{"train_argv":"--option 3 --reward-mode objective --objectives tardiness_sq --lambda-late 1.0 --lambda-energy 1.0 --power-model linear --difficulty on_rho095 --timesteps 300000 --save-tag tune_on_rho095_o3wmlubrze_a2c_t7 --n-envs 4 --vec-backend subproc --seed 0 --algo a2c --markov-obs --lookahead --fixed-scaling --critic-arrivals --lateness-shaping --normalize-reward --event-idle --window-size 20 --learning-rate 0.00163195 --rollout-size 80 --gamma 0.999 --gae-lambda 0.95 --ent-coef 0.000501819"}}
{"op_code":7,"worker_id":"f1e3bfe0-1bc2-4758-99d5-9ead269fba06-25892","trial_id":7,"step":75000,"intermediate_value":180054.4}
{"op_code":7,"worker_id":"f1e3bfe0-1bc2-4758-99d5-9ead269fba06-25892","trial_id":7,"step":150000,"intermediate_value":102626.6}
{"op_code":7,"worker_id":"f1e3bfe0-1bc2-4758-99d5-9ead269fba06-25892","trial_id":7,"step":225000,"intermediate_value":102503.6}
{"op_code":6,"worker_id":"f1e3bfe0-1bc2-4758-99d5-9ead269fba06-25892","trial_id":7,"state":1,"values":[73433.8],"datetime_complete":"2026-10-09T03:26:08.875249"}
{"op_code":4,"worker_id":"f1e3bfe0-1bc2-4758-99d5-9ead269fba06-25892","study_id":0,"datetime_start":"2026-10-09T03:26:09.095608"}
{"op_code":5,"worker_id":"f1e3bfe0-1bc2-4758-99d5-9ead269fba06-25892","trial_id":8,"param_name":"learning-rate","param_value_internal":0.00015050290935598963,"distribution":"{\"name\": \"FloatDistribution\", \"attributes\": {\"step\": null, \"low\": 0.0001, \"high\": 0.003, \"log\": true}}"}
{"op_code":5,"worker_id":"f1e3bfe0-1bc2-4758-99d5-9ead269fba06-25892","trial_id":8,"param_name":"rollout-size","param_value_internal":2,"distribution":"{\"name\": \"CategoricalDistribution\", \"attributes\": {\"choices\": [20, 80, 320]}}"}
{"op_code":5,"worker_id":"f1e3bfe0-1bc2-4758-99d5-9ead269fba06-25892","trial_id":8,"param_name":"gamma","param_value_internal":2,"distribution":"{\"name\": \"CategoricalDistribution\", \"attributes\": {\"choices\": [0.99, 0.995, 0.999]}}"}
{"op_code":5,"worker_id":"f1e3bfe0-1bc2-4758-99d5-9ead269fba06-25892","trial_id":8,"param_name":"gae-lambda","param_value_internal":0,"distribution":"{\"name\": \"CategoricalDistribution\", \"attributes\": {\"choices\": [0.9, 0.95, 1.0]}}"}
{"op_code":5,"worker_id":"f1e3bfe0-1bc2-4758-99d5-9ead269fba06-25892","trial_id":8,"param_name":"ent-coef","param_value_internal":0.00017088424969157387,"distribution":"{\"name\": \"FloatDistribution\", \"attributes\": {\"step\": null, \"low\": 0.0001, \"high\": 0.03, \"log\": true}}"}
{"op_code":8,"worker_id":"f1e3bfe0-1bc2-4758-99d5-9ead269fba06-25892","trial_id":8,"user_attr":{"train_argv":"--option 3 --reward-mode objective --objectives tardiness_sq --lambda-late 1.0 --lambda-energy 1.0 --power-model linear --difficulty on_rho095 --timesteps 300000 --save-tag tune_on_rho095_o3wmlubrze_a2c_t8 --n-envs 4 --vec-backend subproc --seed 0 --algo a2c --markov-obs --lookahead --fixed-scaling --critic-arrivals --lateness-shaping --normalize-reward --event-idle --window-size 20 --learning-rate 0.000150503 --rollout-size 320 --gamma 0.999 --gae-lambda 0.9 --ent-coef 0.000170884"}}
{"op_code":7,"worker_id":"f1e3bfe0-1bc2-4758-99d5-9ead269fba06-25892","trial_id":8,"step":75000,"intermediate_value":140730.4}
{"op_code":7,"worker_id":"f1e3bfe0-1bc2-4758-99d5-9ead269fba06-25892","trial_id":8,"step":150000,"intermediate_value":89452.6}
{"op_code":7,"worker_id":"f1e3bfe0-1bc2-4758-99d5-9ead269fba06-25892","trial_id":8,"step":225000,"intermediate_value":98594.0}
{"op_code":6,"worker_id":"f1e3bfe0-1bc2-4758-99d5-9ead269fba06-25892","trial_id":8,"state":1,"values":[109227.35],"datetime_complete":"2026-10-09T03:35:22.877278"}
{"op_code":4,"worker_id":"f1e3bfe0-1bc2-4758-99d5-9ead269fba06-25892","study_id":0,"datetime_start":"2026-10-09T03:35:23.173543"}
{"op_code":5,"worker_id":"f1e3bfe0-1bc2-4758-99d5-9ead269fba06-25892","trial_id":9,"param_name":"learning-rate","param_value_internal":0.0007091576793635641,"distribution":"{\"name\": \"FloatDistribution\", \"attributes\": {\"step\": null, \"low\": 0.0001, \"high\": 0.003, \"log\": true}}"}
{"op_code":5,"worker_id":"f1e3bfe0-1bc2-4758-99d5-9ead269fba06-25892","trial_id":9,"param_name":"rollout-size","param_value_internal":0,"distribution":"{\"name\": \"CategoricalDistribution\", \"attributes\": {\"choices\": [20, 80, 320]}}"}
{"op_code":5,"worker_id":"f1e3bfe0-1bc2-4758-99d5-9ead269fba06-25892","trial_id":9,"param_name":"gamma","param_value_internal":1,"distribution":"{\"name\": \"CategoricalDistribution\", \"attributes\": {\"choices\": [0.99, 0.995, 0.999]}}"}
{"op_code":5,"worker_id":"f1e3bfe0-1bc2-4758-99d5-9ead269fba06-25892","trial_id":9,"param_name":"gae-lambda","param_value_internal":1,"distribution":"{\"name\": \"CategoricalDistribution\", \"attributes\": {\"choices\": [0.9, 0.95, 1.0]}}"}
{"op_code":5,"worker_id":"f1e3bfe0-1bc2-4758-99d5-9ead269fba06-25892","trial_id":9,"param_name":"ent-coef","param_value_internal":0.011307978270179144,"distribution":"{\"name\": \"FloatDistribution\", \"attributes\": {\"step\": null, \"low\": 0.0001, \"high\": 0.03, \"log\": true}}"}
{"op_code":8,"worker_id":"f1e3bfe0-1bc2-4758-99d5-9ead269fba06-25892","trial_id":9,"user_attr":{"train_argv":"--option 3 --reward-mode objective --objectives tardiness_sq --lambda-late 1.0 --lambda-energy 1.0 --power-model linear --difficulty on_rho095 --timesteps 300000 --save-tag tune_on_rho095_o3wmlubrze_a2c_t9 --n-envs 4 --vec-backend subproc --seed 0 --algo a2c --markov-obs --lookahead --fixed-scaling --critic-arrivals --lateness-shaping --normalize-reward --event-idle --window-size 20 --learning-rate 0.000709158 --rollout-size 20 --gamma 0.995 --gae-lambda 0.95 --ent-coef 0.011308"}}
{"op_code":7,"worker_id":"f1e3bfe0-1bc2-4758-99d5-9ead269fba06-25892","trial_id":9,"step":75000,"intermediate_value":229798.0}
{"op_code":6,"worker_id":"f1e3bfe0-1bc2-4758-99d5-9ead269fba06-25892","trial_id":9,"state":2,"values":[229798.0],"datetime_complete":"2026-10-09T03:38:08.604831"}
{"op_code":4,"worker_id":"f1e3bfe0-1bc2-4758-99d5-9ead269fba06-25892","study_id":0,"datetime_start":"2026-10-09T03:38:08.856923"}
{"op_code":5,"worker_id":"f1e3bfe0-1bc2-4758-99d5-9ead269fba06-25892","trial_id":10,"param_name":"learning-rate","param_value_internal":0.0025274950534431243,"distribution":"{\"name\": \"FloatDistribution\", \"attributes\": {\"step\": null, \"low\": 0.0001, \"high\": 0.003, \"log\": true}}"}
{"op_code":5,"worker_id":"f1e3bfe0-1bc2-4758-99d5-9ead269fba06-25892","trial_id":10,"param_name":"rollout-size","param_value_internal":1,"distribution":"{\"name\": \"CategoricalDistribution\", \"attributes\": {\"choices\": [20, 80, 320]}}"}
{"op_code":5,"worker_id":"f1e3bfe0-1bc2-4758-99d5-9ead269fba06-25892","trial_id":10,"param_name":"gamma","param_value_internal":0,"distribution":"{\"name\": \"CategoricalDistribution\", \"attributes\": {\"choices\": [0.99, 0.995, 0.999]}}"}
{"op_code":5,"worker_id":"f1e3bfe0-1bc2-4758-99d5-9ead269fba06-25892","trial_id":10,"param_name":"gae-lambda","param_value_internal":1,"distribution":"{\"name\": \"CategoricalDistribution\", \"attributes\": {\"choices\": [0.9, 0.95, 1.0]}}"}
{"op_code":5,"worker_id":"f1e3bfe0-1bc2-4758-99d5-9ead269fba06-25892","trial_id":10,"param_name":"ent-coef","param_value_internal":0.0026468001040324076,"distribution":"{\"name\": \"FloatDistribution\", \"attributes\": {\"step\": null, \"low\": 0.0001, \"high\": 0.03, \"log\": true}}"}
{"op_code":8,"worker_id":"f1e3bfe0-1bc2-4758-99d5-9ead269fba06-25892","trial_id":10,"user_attr":{"train_argv":"--option 3 --reward-mode objective --objectives tardiness_sq --lambda-late 1.0 --lambda-energy 1.0 --power-model linear --difficulty on_rho095 --timesteps 300000 --save-tag tune_on_rho095_o3wmlubrze_a2c_t10 --n-envs 4 --vec-backend subproc --seed 0 --algo a2c --markov-obs --lookahead --fixed-scaling --critic-arrivals --lateness-shaping --normalize-reward --event-idle --window-size 20 --learning-rate 0.0025275 --rollout-size 80 --gamma 0.99 --gae-lambda 0.95 --ent-coef 0.0026468"}}
{"op_code":7,"worker_id":"f1e3bfe0-1bc2-4758-99d5-9ead269fba06-25892","trial_id":10,"step":75000,"intermediate_value":190535.6}
{"op_code":6,"worker_id":"f1e3bfe0-1bc2-4758-99d5-9ead269fba06-25892","trial_id":10,"state":2,"values":[190535.6],"datetime_complete":"2026-10-09T03:40:14.793918"}
{"op_code":4,"worker_id":"f1e3bfe0-1bc2-4758-99d5-9ead269fba06-25892","study_id":0,"datetime_start":"2026-10-09T03:40:15.077299"}
{"op_code":5,"worker_id":"f1e3bfe0-1bc2-4758-99d5-9ead269fba06-25892","trial_id":11,"param_name":"learning-rate","param_value_internal":0.00010768751066513346,"distribution":"{\"name\": \"FloatDistribution\", \"attributes\": {\"step\": null, \"low\": 0.0001, \"high\": 0.003, \"log\": true}}"}
{"op_code":5,"worker_id":"f1e3bfe0-1bc2-4758-99d5-9ead269fba06-25892","trial_id":11,"param_name":"rollout-size","param_value_internal":2,"distribution":"{\"name\": \"CategoricalDistribution\", \"attributes\": {\"choices\": [20, 80, 320]}}"}
{"op_code":5,"worker_id":"f1e3bfe0-1bc2-4758-99d5-9ead269fba06-25892","trial_id":11,"param_name":"gamma","param_value_internal":2,"distribution":"{\"name\": \"CategoricalDistribution\", \"attributes\": {\"choices\": [0.99, 0.995, 0.999]}}"}
{"op_code":5,"worker_id":"f1e3bfe0-1bc2-4758-99d5-9ead269fba06-25892","trial_id":11,"param_name":"gae-lambda","param_value_internal":0,"distribution":"{\"name\": \"CategoricalDistribution\", \"attributes\": {\"choices\": [0.9, 0.95, 1.0]}}"}
{"op_code":5,"worker_id":"f1e3bfe0-1bc2-4758-99d5-9ead269fba06-25892","trial_id":11,"param_name":"ent-coef","param_value_internal":0.00011528240652979118,"distribution":"{\"name\": \"FloatDistribution\", \"attributes\": {\"step\": null, \"low\": 0.0001, \"high\": 0.03, \"log\": true}}"}
{"op_code":8,"worker_id":"f1e3bfe0-1bc2-4758-99d5-9ead269fba06-25892","trial_id":11,"user_attr":{"train_argv":"--option 3 --reward-mode objective --objectives tardiness_sq --lambda-late 1.0 --lambda-energy 1.0 --power-model linear --difficulty on_rho095 --timesteps 300000 --save-tag tune_on_rho095_o3wmlubrze_a2c_t11 --n-envs 4 --vec-backend subproc --seed 0 --algo a2c --markov-obs --lookahead --fixed-scaling --critic-arrivals --lateness-shaping --normalize-reward --event-idle --window-size 20 --learning-rate 0.000107688 --rollout-size 320 --gamma 0.999 --gae-lambda 0.9 --ent-coef 0.000115282"}}
{"op_code":7,"worker_id":"f1e3bfe0-1bc2-4758-99d5-9ead269fba06-25892","trial_id":11,"step":75000,"intermediate_value":134653.0}
{"op_code":7,"worker_id":"f1e3bfe0-1bc2-4758-99d5-9ead269fba06-25892","trial_id":11,"step":150000,"intermediate_value":136699.2}
{"op_code":7,"worker_id":"f1e3bfe0-1bc2-4758-99d5-9ead269fba06-25892","trial_id":11,"step":225000,"intermediate_value":130277.4}
{"op_code":6,"worker_id":"f1e3bfe0-1bc2-4758-99d5-9ead269fba06-25892","trial_id":11,"state":1,"values":[130038.45],"datetime_complete":"2026-10-09T03:48:23.781285"}
{"op_code":0,"worker_id":"31d77240-d454-4144-91ab-ed16e2aadb04-22056","study_name":"on_rho095_o3wmlubrze_a2c","directions":[1]}
{"op_code":0,"worker_id":"7df1bd70-a7f1-4b25-9cc8-6ff39dff2836-39076","study_name":"on_rho095_o3wmlubrze_a2c","directions":[1]}
