{"op_code":0,"worker_id":"21d12de3-abd5-4cd3-8ec1-cdcffa4c5bca-5808","study_name":"off_tf05_o2nm","directions":[1]}
{"op_code":4,"worker_id":"21d12de3-abd5-4cd3-8ec1-cdcffa4c5bca-5808","study_id":0,"datetime_start":"2026-10-06T04:18:19.099467"}
{"op_code":5,"worker_id":"21d12de3-abd5-4cd3-8ec1-cdcffa4c5bca-5808","trial_id":0,"param_name":"learning-rate","param_value_internal":0.00020554062603827,"distribution":"{\"name\": \"FloatDistribution\", \"attributes\": {\"step\": null, \"low\": 3e-05, \"high\": 0.001, \"log\": true}}"}
{"op_code":5,"worker_id":"21d12de3-abd5-4cd3-8ec1-cdcffa4c5bca-5808","trial_id":0,"param_name":"rollout-size","param_value_internal":0,"distribution":"{\"name\": \"CategoricalDistribution\", \"attributes\": {\"choices\": [2048, 4096, 8192, 16384]}}"}
{"op_code":5,"worker_id":"21d12de3-abd5-4cd3-8ec1-cdcffa4c5bca-5808","trial_id":0,"param_name":"batch-size","param_value_internal":2,"distribution":"{\"name\": \"CategoricalDistribution\", \"attributes\": {\"choices\": [64, 256, 1024]}}"}
{"op_code":5,"worker_id":"21d12de3-abd5-4cd3-8ec1-cdcffa4c5bca-5808","trial_id":0,"param_name":"n-epochs","param_value_internal":0,"distribution":"{\"name\": \"CategoricalDistribution\", \"attributes\": {\"choices\": [3, 5, 10]}}"}
{"op_code":5,"worker_id":"21d12de3-abd5-4cd3-8ec1-cdcffa4c5bca-5808","trial_id":0,"param_name":"gamma","param_value_internal":2,"distribution":"{\"name\": \"CategoricalDistribution\", \"attributes\": {\"choices\": [0.99, 0.995, 0.999]}}"}
{"op_code":5,"worker_id":"21d12de3-abd5-4cd3-8ec1-cdcffa4c5bca-5808","trial_id":0,"param_name":"gae-lambda","param_value_internal":1,"distribution":"{\"name\": \"CategoricalDistribution\", \"attributes\": {\"choices\": [0.9, 0.95, 0.98]}}"}
{"op_code":5,"worker_id":"21d12de3-abd5-4cd3-8ec1-cdcffa4c5bca-5808","trial_id":0,"param_name":"clip-range","param_value_internal":2,"distribution":"{\"name\": \"CategoricalDistribution\", \"attributes\": {\"choices\": [0.1, 0.2, 0.3]}}"}
{"op_code":5,"worker_id":"21d12de3-abd5-4cd3-8ec1-cdcffa4c5bca-5808","trial_id":0,"param_name":"ent-coef","param_value_internal":0.02655561084998941,"distribution":"{\"name\": \"FloatDistribution\", \"attributes\": {\"step\": null, \"low\": 0.0001, \"high\": 0.03, \"log\": true}}"}
{"op_code":8,"worker_id":"21d12de3-abd5-4cd3-8ec1-cdcffa4c5bca-5808","trial_id":0,"user_attr":{"train_argv":"--option 2 --reward-mode objective --objectives tardiness_sq --lambda-late 1.0 --lambda-energy 1.0 --power-model linear --difficulty off_tf05 --timesteps 100000 --save-tag tune_off_tf05_o2nm_t0 --n-envs 4 --vec-backend subproc --seed 0 --algo ppo --markov-obs --work-conserving --learning-rate 0.000205541 --rollout-size 2048 --batch-size 1024 --n-epochs 3 --gamma 0.999 --gae-lambda 0.95 --clip-range 0.3 --ent-coef 0.0265556"}}
{"op_code":7,"worker_id":"21d12de3-abd5-4cd3-8ec1-cdcffa4c5bca-5808","trial_id":0,"step":25000,"intermediate_value":182390.6}
{"op_code":7,"worker_id":"21d12de3-abd5-4cd3-8ec1-cdcffa4c5bca-5808","trial_id":0,"step":50000,"intermediate_value":183631.8}
{"op_code":7,"worker_id":"21d12de3-abd5-4cd3-8ec1-cdcffa4c5bca-5808","trial_id":0,"step":75000,"intermediate_value":183470.6}
{"op_code":6,"worker_id":"21d12de3-abd5-4cd3-8ec1-cdcffa4c5bca-5808","trial_id":0,"state":1,"values":[184704.5],"datetime_complete":"2026-10-06T04:20:36.714928"}
{"op_code":4,"worker_id":"21d12de3-abd5-4cd3-8ec1-cdcffa4c5bca-5808","study_id":0,"datetime_start":"2026-10-06T04:20:37.031792"}
{"op_code":5,"worker_id":"21d12de3-abd5-4cd3-8ec1-cdcffa4c5bca-5808","trial_id":1,"param_name":"learning-rate","param_value_internal":0.0004944733002746453,"distribution":"{\"name\": \"FloatDistribution\", \"attributes\": {\"step\": null, \"low\": 3e-05, \"high\": 0.001, \"log\": true}}"}
{"op_code":5,"worker_id":"21d12de3-abd5-4cd3-8ec1-cdcffa4c5bca-5808","trial_id":1,"param_name":"rollout-size","param_value_internal":1,"distribution":"{\"name\": \"CategoricalDistribution\", \"attributes\": {\"choices\": [2048, 4096, 8192, 16384]}}"}
{"op_code":5,"worker_id":"21d12de3-abd5-4cd3-8ec1-cdcffa4c5bca-5808","trial_id":1,"param_name":"batch-size","param_value_internal":1,"distribution":"{\"name\": \"CategoricalDistribution\", \"attributes\": {\"choices\": [64, 256, 1024]}}"}
{"op_code":5,"worker_id":"21d12de3-abd5-4cd3-8ec1-cdcffa4c5bca-5808","trial_id":1,"param_name":"n-epochs","param_value_internal":2,"distribution":"{\"name\": \"CategoricalDistribution\", \"attributes\": {\"choices\": [3, 5, 10]}}"}
{"op_code":5,"worker_id":"21d12de3-abd5-4cd3-8ec1-cdcffa4c5bca-5808","trial_id":1,"param_name":"gamma","param_value_internal":1,"distribution":"{\"name\": \"CategoricalDistribution\", \"attributes\": {\"choices\": [0.99, 0.995, 0.999]}}"}
{"op_code":5,"worker_id":"21d12de3-abd5-4cd3-8ec1-cdcffa4c5bca-5808","trial_id":1,"param_name":"gae-lambda","param_value_internal":0,"distribution":"{\"name\": \"CategoricalDistribution\", \"attributes\": {\"choices\": [0.9, 0.95, 0.98]}}"}
{"op_code":5,"worker_id":"21d12de3-abd5-4cd3-8ec1-cdcffa4c5bca-5808","trial_id":1,"param_name":"clip-range","param_value_internal":0,"distribution":"{\"name\": \"CategoricalDistribution\", \"attributes\": {\"choices\": [0.1, 0.2, 0.3]}}"}
{"op_code":5,"worker_id":"21d12de3-abd5-4cd3-8ec1-cdcffa4c5bca-5808","trial_id":1,"param_name":"ent-coef","param_value_internal":0.0012094311268425492,"distribution":"{\"name\": \"FloatDistribution\", \"attributes\": {\"step\": null, \"low\": 0.0001, \"high\": 0.03, \"log\": true}}"}
{"op_code":8,"worker_id":"21d12de3-abd5-4cd3-8ec1-cdcffa4c5bca-5808","trial_id":1,"user_attr":{"train_argv":"--option 2 --reward-mode objective --objectives tardiness_sq --lambda-late 1.0 --lambda-energy 1.0 --power-model linear --difficulty off_tf05 --timesteps 100000 --save-tag tune_off_tf05_o2nm_t1 --n-envs 4 --vec-backend subproc --seed 0 --algo ppo --markov-obs --work-conserving --learning-rate 0.000494473 --rollout-size 4096 --batch-size 256 --n-epochs 10 --gamma 0.995 --gae-lambda 0.9 --clip-range 0.1 --ent-coef 0.00120943"}}
{"op_code":7,"worker_id":"21d12de3-abd5-4cd3-8ec1-cdcffa4c5bca-5808","trial_id":1,"step":25000,"intermediate_value":171906.8}
{"op_code":7,"worker_id":"21d12de3-abd5-4cd3-8ec1-cdcffa4c5bca-5808","trial_id":1,"step":50000,"intermediate_value":125415.8}
{"op_code":7,"worker_id":"21d12de3-abd5-4cd3-8ec1-cdcffa4c5bca-5808","trial_id":1,"step":75000,"intermediate_value":95302.8}
{"op_code":0,"worker_id":"ac8bd6c1-4bff-4b28-abe6-9698d4e587fe-31748","study_name":"off_tf05_o2nm","directions":[1]}
{"op_code":6,"worker_id":"21d12de3-abd5-4cd3-8ec1-cdcffa4c5bca-5808","trial_id":1,"state":1,"values":[123483.95],"datetime_complete":"2026-10-06T04:26:38.347709"}
{"op_code":4,"worker_id":"21d12de3-abd5-4cd3-8ec1-cdcffa4c5bca-5808","study_id":0,"datetime_start":"2026-10-06T04:26:38.541986"}
{"op_code":5,"worker_id":"21d12de3-abd5-4cd3-8ec1-cdcffa4c5bca-5808","trial_id":2,"param_name":"learning-rate","param_value_internal":0.0003463609921766881,"distribution":"{\"name\": \"FloatDistribution\", \"attributes\": {\"step\": null, \"low\": 3e-05, \"high\": 0.001, \"log\": true}}"}
{"op_code":5,"worker_id":"21d12de3-abd5-4cd3-8ec1-cdcffa4c5bca-5808","trial_id":2,"param_name":"rollout-size","param_value_internal":2,"distribution":"{\"name\": \"CategoricalDistribution\", \"attributes\": {\"choices\": [2048, 4096, 8192, 16384]}}"}
{"op_code":5,"worker_id":"21d12de3-abd5-4cd3-8ec1-cdcffa4c5bca-5808","trial_id":2,"param_name":"batch-size","param_value_internal":2,"distribution":"{\"name\": \"CategoricalDistribution\", \"attributes\": {\"choices\": [64, 256, 1024]}}"}
{"op_code":5,"worker_id":"21d12de3-abd5-4cd3-8ec1-cdcffa4c5bca-5808","trial_id":2,"param_name":"n-epochs","param_value_internal":2,"distribution":"{\"name\": \"CategoricalDistribution\", \"attributes\": {\"choices\": [3, 5, 10]}}"}
{"op_code":5,"worker_id":"21d12de3-abd5-4cd3-8ec1-cdcffa4c5bca-5808","trial_id":2,"param_name":"gamma","param_value_internal":1,"distribution":"{\"name\": \"CategoricalDistribution\", \"attributes\": {\"choices\": [0.99, 0.995, 0.999]}}"}
{"op_code":5,"worker_id":"21d12de3-abd5-4cd3-8ec1-cdcffa4c5bca-5808","trial_id":2,"param_name":"gae-lambda","param_value_internal":0,"distribution":"{\"name\": \"CategoricalDistribution\", \"attributes\": {\"choices\": [0.9, 0.95, 0.98]}}"}
{"op_code":5,"worker_id":"21d12de3-abd5-4cd3-8ec1-cdcffa4c5bca-5808","trial_id":2,"param_name":"clip-range","param_value_internal":0,"distribution":"{\"name\": \"CategoricalDistribution\", \"attributes\": {\"choices\": [0.1, 0.2, 0.3]}}"}
{"op_code":5,"worker_id":"21d12de3-abd5-4cd3-8ec1-cdcffa4c5bca-5808","trial_id":2,"param_name":"ent-coef","param_value_internal":0.0042248177213228075,"distribution":"{\"name\": \"FloatDistribution\", \"attributes\": {\"step\": null, \"low\": 0.0001, \"high\": 0.03, \"log\": true}}"}
{"op_code":8,"worker_id":"21d12de3-abd5-4cd3-8ec1-cdcffa4c5bca-5808","trial_id":2,"user_attr":{"train_argv":"--option 2 --reward-mode objective --objectives tardiness_sq --lambda-late 1.0 --lambda-energy 1.0 --power-model linear --difficulty off_tf05 --timesteps 100000 --save-tag tune_off_tf05_o2nm_t2 --n-envs 4 --vec-backend subproc --seed 0 --algo ppo --markov-obs --work-conserving --learning-rate 0.000346361 --rollout-size 8192 --batch-size 1024 --n-epochs 10 --gamma 0.995 --gae-lambda 0.9 --clip-range 0.1 --ent-coef 0.00422482"}}
{"op_code":7,"worker_id":"21d12de3-abd5-4cd3-8ec1-cdcffa4c5bca-5808","trial_id":2,"step":25000,"intermediate_value":179594.0}
{"op_code":7,"worker_id":"21d12de3-abd5-4cd3-8ec1-cdcffa4c5bca-5808","trial_id":2,"step":50000,"intermediate_value":166795.8}
{"op_code":7,"worker_id":"21d12de3-abd5-4cd3-8ec1-cdcffa4c5bca-5808","trial_id":2,"step":75000,"intermediate_value":155748.0}
{"op_code":6,"worker_id":"21d12de3-abd5-4cd3-8ec1-cdcffa4c5bca-5808","trial_id":2,"state":1,"values":[131666.45],"datetime_complete":"2026-10-06T04:33:12.724570"}
{"op_code":4,"worker_id":"21d12de3-abd5-4cd3-8ec1-cdcffa4c5bca-5808","study_id":0,"datetime_start":"2026-10-06T04:33:13.030732"}
{"op_code":5,"worker_id":"21d12de3-abd5-4cd3-8ec1-cdcffa4c5bca-5808","trial_id":3,"param_name":"learning-rate","param_value_internal":4.8703159315306354e-05,"distribution":"{\"name\": \"FloatDistribution\", \"attributes\": {\"step\": null, \"low\": 3e-05, \"high\": 0.001, \"log\": true}}"}
{"op_code":5,"worker_id":"21d12de3-abd5-4cd3-8ec1-cdcffa4c5bca-5808","trial_id":3,"param_name":"rollout-size","param_value_internal":2,"distribution":"{\"name\": \"CategoricalDistribution\", \"attributes\": {\"choices\": [2048, 4096, 8192, 16384]}}"}
{"op_code":5,"worker_id":"21d12de3-abd5-4cd3-8ec1-cdcffa4c5bca-5808","trial_id":3,"param_name":"batch-size","param_value_internal":2,"distribution":"{\"name\": \"CategoricalDistribution\", \"attributes\": {\"choices\": [64, 256, 1024]}}"}
{"op_code":5,"worker_id":"21d12de3-abd5-4cd3-8ec1-cdcffa4c5bca-5808","trial_id":3,"param_name":"n-epochs","param_value_internal":1,"distribution":"{\"name\": \"CategoricalDistribution\", \"attributes\": {\"choices\": [3, 5, 10]}}"}
{"op_code":5,"worker_id":"21d12de3-abd5-4cd3-8ec1-cdcffa4c5bca-5808","trial_id":3,"param_name":"gamma","param_value_internal":0,"distribution":"{\"name\": \"CategoricalDistribution\", \"attributes\": {\"choices\": [0.99, 0.995, 0.999]}}"}
{"op_code":5,"worker_id":"21d12de3-abd5-4cd3-8ec1-cdcffa4c5bca-5808","trial_id":3,"param_name":"gae-lambda","param_value_internal":1,"distribution":"{\"name\": \"CategoricalDistribution\", \"attributes\": {\"choices\": [0.9, 0.95, 0.98]}}"}
{"op_code":5,"worker_id":"21d12de3-abd5-4cd3-8ec1-cdcffa4c5bca-5808","trial_id":3,"param_name":"clip-range","param_value_internal":1,"distribution":"{\"name\": \"CategoricalDistribution\", \"attributes\": {\"choices\": [0.1, 0.2, 0.3]}}"}
{"op_code":5,"worker_id":"21d12de3-abd5-4cd3-8ec1-cdcffa4c5bca-5808","trial_id":3,"param_name":"ent-coef","param_value_internal":0.005192032534497486,"distribution":"{\"name\": \"FloatDistribution\", \"attributes\": {\"step\": null, \"low\": 0.0001, \"high\": 0.03, \"log\": true}}"}
{"op_code":8,"worker_id":"21d12de3-abd5-4cd3-8ec1-cdcffa4c5bca-5808","trial_id":3,"user_attr":{"train_argv":"--option 2 --reward-mode objective --objectives tardiness_sq --lambda-late 1.0 --lambda-energy 1.0 --power-model linear --difficulty off_tf05 --timesteps 100000 --save-tag tune_off_tf05_o2nm_t3 --n-envs 4 --vec-backend subproc --seed 0 --algo ppo --markov-obs --work-conserving --learning-rate 4.87032e-05 --rollout-size 8192 --batch-size 1024 --n-epochs 5 --gamma 0.99 --gae-lambda 0.95 --clip-range 0.2 --ent-coef 0.00519203"}}
{"op_code":7,"worker_id":"21d12de3-abd5-4cd3-8ec1-cdcffa4c5bca-5808","trial_id":3,"step":25000,"intermediate_value":179590.8}
{"op_code":7,"worker_id":"21d12de3-abd5-4cd3-8ec1-cdcffa4c5bca-5808","trial_id":3,"step":50000,"intermediate_value":180983.0}
{"op_code":7,"worker_id":"21d12de3-abd5-4cd3-8ec1-cdcffa4c5bca-5808","trial_id":3,"step":75000,"intermediate_value":182442.0}
{"op_code":6,"worker_id":"21d12de3-abd5-4cd3-8ec1-cdcffa4c5bca-5808","trial_id":3,"state":1,"values":[184545.75],"datetime_complete":"2026-10-06T04:37:06.424183"}
{"op_code":4,"worker_id":"21d12de3-abd5-4cd3-8ec1-cdcffa4c5bca-5808","study_id":0,"datetime_start":"2026-10-06T04:37:06.590402"}
{"op_code":5,"worker_id":"21d12de3-abd5-4cd3-8ec1-cdcffa4c5bca-5808","trial_id":4,"param_name":"learning-rate","param_value_internal":0.00021876939530160837,"distribution":"{\"name\": \"FloatDistribution\", \"attributes\": {\"step\": null, \"low\": 3e-05, \"high\": 0.001, \"log\": true}}"}
{"op_code":5,"worker_id":"21d12de3-abd5-4cd3-8ec1-cdcffa4c5bca-5808","trial_id":4,"param_name":"rollout-size","param_value_internal":3,"distribution":"{\"name\": \"CategoricalDistribution\", \"attributes\": {\"choices\": [2048, 4096, 8192, 16384]}}"}
{"op_code":5,"worker_id":"21d12de3-abd5-4cd3-8ec1-cdcffa4c5bca-5808","trial_id":4,"param_name":"batch-size","param_value_internal":0,"distribution":"{\"name\": \"CategoricalDistribution\", \"attributes\": {\"choices\": [64, 256, 1024]}}"}
{"op_code":5,"worker_id":"21d12de3-abd5-4cd3-8ec1-cdcffa4c5bca-5808","trial_id":4,"param_name":"n-epochs","param_value_internal":1,"distribution":"{\"name\": \"CategoricalDistribution\", \"attributes\": {\"choices\": [3, 5, 10]}}"}
{"op_code":5,"worker_id":"21d12de3-abd5-4cd3-8ec1-cdcffa4c5bca-5808","trial_id":4,"param_name":"gamma","param_value_internal":1,"distribution":"{\"name\": \"CategoricalDistribution\", \"attributes\": {\"choices\": [0.99, 0.995, 0.999]}}"}
{"op_code":5,"worker_id":"21d12de3-abd5-4cd3-8ec1-cdcffa4c5bca-5808","trial_id":4,"param_name":"gae-lambda","param_value_internal":0,"distribution":"{\"name\": \"CategoricalDistribution\", \"attributes\": {\"choices\": [0.9, 0.95, 0.98]}}"}
{"op_code":5,"worker_id":"21d12de3-abd5-4cd3-8ec1-cdcffa4c5bca-5808","trial_id":4,"param_name":"clip-range","param_value_internal":2,"distribution":"{\"name\": \"CategoricalDistribution\", \"attributes\": {\"choices\": [0.1, 0.2, 0.3]}}"}
{"op_code":5,"worker_id":"21d12de3-abd5-4cd3-8ec1-cdcffa4c5bca-5808","trial_id":4,"param_name":"ent-coef","param_value_internal":0.000413229862740349,"distribution":"{\"name\": \"FloatDistribution\", \"attributes\": {\"step\": null, \"low\": 0.0001, \"high\": 0.03, \"log\": true}}"}
{"op_code":8,"worker_id":"21d12de3-abd5-4cd3-8ec1-cdcffa4c5bca-5808","trial_id":4,"user_attr":{"train_argv":"--option 2 --reward-mode objective --objectives tardiness_sq --lambda-late 1.0 --lambda-energy 1.0 --power-model linear --difficulty off_tf05 --timesteps 100000 --save-tag tune_off_tf05_o2nm_t4 --n-envs 4 --vec-backend subproc --seed 0 --algo ppo --markov-obs --work-conserving --learning-rate 0.000218769 --rollout-size 16384 --batch-size 64 --n-epochs 5 --gamma 0.995 --gae-lambda 0.9 --clip-range 0.3 --ent-coef 0.00041323"}}
{"op_code":7,"worker_id":"21d12de3-abd5-4cd3-8ec1-cdcffa4c5bca-5808","trial_id":4,"step":25000,"intermediate_value":152395.6}
{"op_code":7,"worker_id":"21d12de3-abd5-4cd3-8ec1-cdcffa4c5bca-5808","trial_id":4,"step":50000,"intermediate_value":171376.6}
{"op_code":7,"worker_id":"21d12de3-abd5-4cd3-8ec1-cdcffa4c5bca-5808","trial_id":4,"step":75000,"intermediate_value":56512.8}
{"op_code":6,"worker_id":"21d12de3-abd5-4cd3-8ec1-cdcffa4c5bca-5808","trial_id":4,"state":1,"values":[86490.1],"datetime_complete":"2026-10-06T04:40:43.896593"}
{"op_code":4,"worker_id":"21d12de3-abd5-4cd3-8ec1-cdcffa4c5bca-5808","study_id":0,"datetime_start":"2026-10-06T04:40:44.179336"}
{"op_code":5,"worker_id":"21d12de3-abd5-4cd3-8ec1-cdcffa4c5bca-5808","trial_id":5,"param_name":"learning-rate","param_value_internal":0.00022622417507807115,"distribution":"{\"name\": \"FloatDistribution\", \"attributes\": {\"step\": null, \"low\": 3e-05, \"high\": 0.001, \"log\": true}}"}
{"op_code":5,"worker_id":"21d12de3-abd5-4cd3-8ec1-cdcffa4c5bca-5808","trial_id":5,"param_name":"rollout-size","param_value_internal":3,"distribution":"{\"name\": \"CategoricalDistribution\", \"attributes\": {\"choices\": [2048, 4096, 8192, 16384]}}"}
{"op_code":5,"worker_id":"21d12de3-abd5-4cd3-8ec1-cdcffa4c5bca-5808","trial_id":5,"param_name":"batch-size","param_value_internal":1,"distribution":"{\"name\": \"CategoricalDistribution\", \"attributes\": {\"choices\": [64, 256, 1024]}}"}
{"op_code":5,"worker_id":"21d12de3-abd5-4cd3-8ec1-cdcffa4c5bca-5808","trial_id":5,"param_name":"n-epochs","param_value_internal":1,"distribution":"{\"name\": \"CategoricalDistribution\", \"attributes\": {\"choices\": [3, 5, 10]}}"}
{"op_code":5,"worker_id":"21d12de3-abd5-4cd3-8ec1-cdcffa4c5bca-5808","trial_id":5,"param_name":"gamma","param_value_internal":2,"distribution":"{\"name\": \"CategoricalDistribution\", \"attributes\": {\"choices\": [0.99, 0.995, 0.999]}}"}
{"op_code":5,"worker_id":"21d12de3-abd5-4cd3-8ec1-cdcffa4c5bca-5808","trial_id":5,"param_name":"gae-lambda","param_value_internal":1,"distribution":"{\"name\": \"CategoricalDistribution\", \"attributes\": {\"choices\": [0.9, 0.95, 0.98]}}"}
{"op_code":5,"worker_id":"21d12de3-abd5-4cd3-8ec1-cdcffa4c5bca-5808","trial_id":5,"param_name":"clip-range","param_value_internal":0,"distribution":"{\"name\": \"CategoricalDistribution\", \"attributes\": {\"choices\": [0.1, 0.2, 0.3]}}"}
{"op_code":5,"worker_id":"21d12de3-abd5-4cd3-8ec1-cdcffa4c5bca-5808","trial_id":5,"param_name":"ent-coef","param_value_internal":0.0031776753088383902,"distribution":"{\"name\": \"FloatDistribution\", \"attributes\": {\"step\": null, \"low\": 0.0001, \"high\": 0.03, \"log\": true}}"}
{"op_code":8,"worker_id":"21d12de3-abd5-4cd3-8ec1-cdcffa4c5bca-5808","trial_id":5,"user_attr":{"train_argv":"--option 2 --reward-mode objective --objectives tardiness_sq --lambda-late 1.0 --lambda-energy 1.0 --power-model linear --difficulty off_tf05 --timesteps 100000 --save-tag tune_off_tf05_o2nm_t5 --n-envs 4 --vec-backend subproc --seed 0 --algo ppo --markov-obs --work-conserving --learning-rate 0.000226224 --rollout-size 16384 --batch-size 256 --n-epochs 5 --gamma 0.999 --gae-lambda 0.95 --clip-range 0.1 --ent-coef 0.00317768"}}
{"op_code":7,"worker_id":"21d12de3-abd5-4cd3-8ec1-cdcffa4c5bca-5808","trial_id":5,"step":25000,"intermediate_value":183683.8}
{"op_code":6,"worker_id":"21d12de3-abd5-4cd3-8ec1-cdcffa4c5bca-5808","trial_id":5,"state":2,"values":[183683.8],"datetime_complete":"2026-10-06T04:41:22.977014"}
{"op_code":4,"worker_id":"21d12de3-abd5-4cd3-8ec1-cdcffa4c5bca-5808","study_id":0,"datetime_start":"2026-10-06T04:41:23.157559"}
{"op_code":5,"worker_id":"21d12de3-abd5-4cd3-8ec1-cdcffa4c5bca-5808","trial_id":6,"param_name":"learning-rate","param_value_internal":3.208855558609467e-05,"distribution":"{\"name\": \"FloatDistribution\", \"attributes\": {\"step\": null, \"low\": 3e-05, \"high\": 0.001, \"log\": true}}"}
{"op_code":5,"worker_id":"21d12de3-abd5-4cd3-8ec1-cdcffa4c5bca-5808","trial_id":6,"param_name":"rollout-size","param_value_internal":1,"distribution":"{\"name\": \"CategoricalDistribution\", \"attributes\": {\"choices\": [2048, 4096, 8192, 16384]}}"}
{"op_code":5,"worker_id":"21d12de3-abd5-4cd3-8ec1-cdcffa4c5bca-5808","trial_id":6,"param_name":"batch-size","param_value_internal":0,"distribution":"{\"name\": \"CategoricalDistribution\", \"attributes\": {\"choices\": [64, 256, 1024]}}"}
{"op_code":5,"worker_id":"21d12de3-abd5-4cd3-8ec1-cdcffa4c5bca-5808","trial_id":6,"param_name":"n-epochs","param_value_internal":1,"distribution":"{\"name\": \"CategoricalDistribution\", \"attributes\": {\"choices\": [3, 5, 10]}}"}
{"op_code":5,"worker_id":"21d12de3-abd5-4cd3-8ec1-cdcffa4c5bca-5808","trial_id":6,"param_name":"gamma","param_value_internal":0,"distribution":"{\"name\": \"CategoricalDistribution\", \"attributes\": {\"choices\": [0.99, 0.995, 0.999]}}"}
{"op_code":5,"worker_id":"21d12de3-abd5-4cd3-8ec1-cdcffa4c5bca-5808","trial_id":6,"param_name":"gae-lambda","param_value_internal":0,"distribution":"{\"name\": \"CategoricalDistribution\", \"attributes\": {\"choices\": [0.9, 0.95, 0.98]}}"}
{"op_code":5,"worker_id":"21d12de3-abd5-4cd3-8ec1-cdcffa4c5bca-5808","trial_id":6,"param_name":"clip-range","param_value_internal":0,"distribution":"{\"name\": \"CategoricalDistribution\", \"attributes\": {\"choices\": [0.1, 0.2, 0.3]}}"}
{"op_code":5,"worker_id":"21d12de3-abd5-4cd3-8ec1-cdcffa4c5bca-5808","trial_id":6,"param_name":"ent-coef","param_value_internal":0.00017712267105509928,"distribution":"{\"name\": \"FloatDistribution\", \"attributes\": {\"step\": null, \"low\": 0.0001, \"high\": 0.03, \"log\": true}}"}
{"op_code":8,"worker_id":"21d12de3-abd5-4cd3-8ec1-cdcffa4c5bca-5808","trial_id":6,"user_attr":{"train_argv":"--option 2 --reward-mode objective --objectives tardiness_sq --lambda-late 1.0 --lambda-energy 1.0 --power-model linear --difficulty off_tf05 --timesteps 100000 --save-tag tune_off_tf05_o2nm_t6 --n-envs 4 --vec-backend subproc --seed 0 --algo ppo --markov-obs --work-conserving --learning-rate 3.20886e-05 --rollout-size 4096 --batch-size 64 --n-epochs 5 --gamma 0.99 --gae-lambda 0.9 --clip-range 0.1 --ent-coef 0.000177123"}}
{"op_code":7,"worker_id":"21d12de3-abd5-4cd3-8ec1-cdcffa4c5bca-5808","trial_id":6,"step":25000,"intermediate_value":183009.8}
{"op_code":6,"worker_id":"21d12de3-abd5-4cd3-8ec1-cdcffa4c5bca-5808","trial_id":6,"state":2,"values":[183009.8],"datetime_complete":"2026-10-06T04:42:10.653472"}
{"op_code":4,"worker_id":"21d12de3-abd5-4cd3-8ec1-cdcffa4c5bca-5808","study_id":0,"datetime_start":"2026-10-06T04:42:10.879264"}
{"op_code":5,"worker_id":"21d12de3-abd5-4cd3-8ec1-cdcffa4c5bca-5808","trial_id":7,"param_name":"learning-rate","param_value_internal":0.0007540181221018431,"distribution":"{\"name\": \"FloatDistribution\", \"attributes\": {\"step\": null, \"low\": 3e-05, \"high\": 0.001, \"log\": true}}"}
{"op_code":5,"worker_id":"21d12de3-abd5-4cd3-8ec1-cdcffa4c5bca-5808","trial_id":7,"param_name":"rollout-size","param_value_internal":1,"distribution":"{\"name\": \"CategoricalDistribution\", \"attributes\": {\"choices\": [2048, 4096, 8192, 16384]}}"}
{"op_code":5,"worker_id":"21d12de3-abd5-4cd3-8ec1-cdcffa4c5bca-5808","trial_id":7,"param_name":"batch-size","param_value_internal":1,"distribution":"{\"name\": \"CategoricalDistribution\", \"attributes\": {\"choices\": [64, 256, 1024]}}"}
{"op_code":5,"worker_id":"21d12de3-abd5-4cd3-8ec1-cdcffa4c5bca-5808","trial_id":7,"param_name":"n-epochs","param_value_internal":0,"distribution":"{\"name\": \"CategoricalDistribution\", \"attributes\": {\"choices\": [3, 5, 10]}}"}
{"op_code":5,"worker_id":"21d12de3-abd5-4cd3-8ec1-cdcffa4c5bca-5808","trial_id":7,"param_name":"gamma","param_value_internal":2,"distribution":"{\"name\": \"CategoricalDistribution\", \"attributes\": {\"choices\": [0.99, 0.995, 0.999]}}"}
{"op_code":5,"worker_id":"21d12de3-abd5-4cd3-8ec1-cdcffa4c5bca-5808","trial_id":7,"param_name":"gae-lambda","param_value_internal":2,"distribution":"{\"name\": \"CategoricalDistribution\", \"attributes\": {\"choices\": [0.9, 0.95, 0.98]}}"}
{"op_code":5,"worker_id":"21d12de3-abd5-4cd3-8ec1-cdcffa4c5bca-5808","trial_id":7,"param_name":"clip-range","param_value_internal":0,"distribution":"{\"name\": \"CategoricalDistribution\", \"attributes\": {\"choices\": [0.1, 0.2, 0.3]}}"}
{"op_code":5,"worker_id":"21d12de3-abd5-4cd3-8ec1-cdcffa4c5bca-5808","trial_id":7,"param_name":"ent-coef","param_value_internal":0.000779308323413374,"distribution":"{\"name\": \"FloatDistribution\", \"attributes\": {\"step\": null, \"low\": 0.0001, \"high\": 0.03, \"log\": true}}"}
{"op_code":8,"worker_id":"21d12de3-abd5-4cd3-8ec1-cdcffa4c5bca-5808","trial_id":7,"user_attr":{"train_argv":"--option 2 --reward-mode objective --objectives tardiness_sq --lambda-late 1.0 --lambda-energy 1.0 --power-model linear --difficulty off_tf05 --timesteps 100000 --save-tag tune_off_tf05_o2nm_t7 --n-envs 4 --vec-backend subproc --seed 0 --algo ppo --markov-obs --work-conserving --learning-rate 0.000754018 --rollout-size 4096 --batch-size 256 --n-epochs 3 --gamma 0.999 --gae-lambda 0.98 --clip-range 0.1 --ent-coef 0.000779308"}}
{"op_code":7,"worker_id":"21d12de3-abd5-4cd3-8ec1-cdcffa4c5bca-5808","trial_id":7,"step":25000,"intermediate_value":176681.6}
{"op_code":7,"worker_id":"21d12de3-abd5-4cd3-8ec1-cdcffa4c5bca-5808","trial_id":7,"step":50000,"intermediate_value":170899.6}
{"op_code":7,"worker_id":"21d12de3-abd5-4cd3-8ec1-cdcffa4c5bca-5808","trial_id":7,"step":75000,"intermediate_value":164660.0}
{"op_code":6,"worker_id":"21d12de3-abd5-4cd3-8ec1-cdcffa4c5bca-5808","trial_id":7,"state":2,"values":[164660.0],"datetime_complete":"2026-10-06T04:44:01.586857"}
{"op_code":4,"worker_id":"21d12de3-abd5-4cd3-8ec1-cdcffa4c5bca-5808","study_id":0,"datetime_start":"2026-10-06T04:44:01.799094"}
{"op_code":5,"worker_id":"21d12de3-abd5-4cd3-8ec1-cdcffa4c5bca-5808","trial_id":8,"param_name":"learning-rate","param_value_internal":0.0003879791314675207,"distribution":"{\"name\": \"FloatDistribution\", \"attributes\": {\"step\": null, \"low\": 3e-05, \"high\": 0.001, \"log\": true}}"}
{"op_code":5,"worker_id":"21d12de3-abd5-4cd3-8ec1-cdcffa4c5bca-5808","trial_id":8,"param_name":"rollout-size","param_value_internal":1,"distribution":"{\"name\": \"CategoricalDistribution\", \"attributes\": {\"choices\": [2048, 4096, 8192, 16384]}}"}
{"op_code":5,"worker_id":"21d12de3-abd5-4cd3-8ec1-cdcffa4c5bca-5808","trial_id":8,"param_name":"batch-size","param_value_internal":1,"distribution":"{\"name\": \"CategoricalDistribution\", \"attributes\": {\"choices\": [64, 256, 1024]}}"}
{"op_code":5,"worker_id":"21d12de3-abd5-4cd3-8ec1-cdcffa4c5bca-5808","trial_id":8,"param_name":"n-epochs","param_value_internal":1,"distribution":"{\"name\": \"CategoricalDistribution\", \"attributes\": {\"choices\": [3, 5, 10]}}"}
{"op_code":5,"worker_id":"21d12de3-abd5-4cd3-8ec1-cdcffa4c5bca-5808","trial_id":8,"param_name":"gamma","param_value_internal":2,"distribution":"{\"name\": \"CategoricalDistribution\", \"attributes\": {\"choices\": [0.99, 0.995, 0.999]}}"}
{"op_code":5,"worker_id":"21d12de3-abd5-4cd3-8ec1-cdcffa4c5bca-5808","trial_id":8,"param_name":"gae-lambda","param_value_internal":2,"distribution":"{\"name\": \"CategoricalDistribution\", \"attributes\": {\"choices\": [0.9, 0.95, 0.98]}}"}
{"op_code":5,"worker_id":"21d12de3-abd5-4cd3-8ec1-cdcffa4c5bca-5808","trial_id":8,"param_name":"clip-range","param_value_internal":0,"distribution":"{\"name\": \"CategoricalDistribution\", \"attributes\": {\"choices\": [0.1, 0.2, 0.3]}}"}
{"op_code":5,"worker_id":"21d12de3-abd5-4cd3-8ec1-cdcffa4c5bca-5808","trial_id":8,"param_name":"ent-coef","param_value_internal":0.006435774191713849,"distribution":"{\"name\": \"FloatDistribution\", \"attributes\": {\"step\": null, \"low\": 0.0001, \"high\": 0.03, \"log\": true}}"}
{"op_code":8,"worker_id":"21d12de3-abd5-4cd3-8ec1-cdcffa4c5bca-5808","trial_id":8,"user_attr":{"train_argv":"--option 2 --reward-mode objective --objectives tardiness_sq --lambda-late 1.0 --lambda-energy 1.0 --power-model linear --difficulty off_tf05 --timesteps 100000 --save-tag tune_off_tf05_o2nm_t8 --n-envs 4 --vec-backend subproc --seed 0 --algo ppo --markov-obs --work-conserving --learning-rate 0.000387979 --rollout-size 4096 --batch-size 256 --n-epochs 5 --gamma 0.999 --gae-lambda 0.98 --clip-range 0.1 --ent-coef 0.00643577"}}
{"op_code":7,"worker_id":"21d12de3-abd5-4cd3-8ec1-cdcffa4c5bca-5808","trial_id":8,"step":25000,"intermediate_value":177368.4}
{"op_code":7,"worker_id":"21d12de3-abd5-4cd3-8ec1-cdcffa4c5bca-5808","trial_id":8,"step":50000,"intermediate_value":169078.6}
{"op_code":7,"worker_id":"21d12de3-abd5-4cd3-8ec1-cdcffa4c5bca-5808","trial_id":8,"step":75000,"intermediate_value":162596.6}
{"op_code":6,"worker_id":"21d12de3-abd5-4cd3-8ec1-cdcffa4c5bca-5808","trial_id":8,"state":2,"values":[162596.6],"datetime_complete":"2026-10-06T04:46:32.328356"}
{"op_code":4,"worker_id":"21d12de3-abd5-4cd3-8ec1-cdcffa4c5bca-5808","study_id":0,"datetime_start":"2026-10-06T04:46:32.556082"}
{"op_code":5,"worker_id":"21d12de3-abd5-4cd3-8ec1-cdcffa4c5bca-5808","trial_id":9,"param_name":"learning-rate","param_value_internal":8.95726984805228e-05,"distribution":"{\"name\": \"FloatDistribution\", \"attributes\": {\"step\": null, \"low\": 3e-05, \"high\": 0.001, \"log\": true}}"}
{"op_code":5,"worker_id":"21d12de3-abd5-4cd3-8ec1-cdcffa4c5bca-5808","trial_id":9,"param_name":"rollout-size","param_value_internal":3,"distribution":"{\"name\": \"CategoricalDistribution\", \"attributes\": {\"choices\": [2048, 4096, 8192, 16384]}}"}
{"op_code":5,"worker_id":"21d12de3-abd5-4cd3-8ec1-cdcffa4c5bca-5808","trial_id":9,"param_name":"batch-size","param_value_internal":0,"distribution":"{\"name\": \"CategoricalDistribution\", \"attributes\": {\"choices\": [64, 256, 1024]}}"}
{"op_code":5,"worker_id":"21d12de3-abd5-4cd3-8ec1-cdcffa4c5bca-5808","trial_id":9,"param_name":"n-epochs","param_value_internal":2,"distribution":"{\"name\": \"CategoricalDistribution\", \"attributes\": {\"choices\": [3, 5, 10]}}"}
{"op_code":5,"worker_id":"21d12de3-abd5-4cd3-8ec1-cdcffa4c5bca-5808","trial_id":9,"param_name":"gamma","param_value_internal":1,"distribution":"{\"name\": \"CategoricalDistribution\", \"attributes\": {\"choices\": [0.99, 0.995, 0.999]}}"}
{"op_code":5,"worker_id":"21d12de3-abd5-4cd3-8ec1-cdcffa4c5bca-5808","trial_id":9,"param_name":"gae-lambda","param_value_internal":0,"distribution":"{\"name\": \"CategoricalDistribution\", \"attributes\": {\"choices\": [0.9, 0.95, 0.98]}}"}
{"op_code":5,"worker_id":"21d12de3-abd5-4cd3-8ec1-cdcffa4c5bca-5808","trial_id":9,"param_name":"clip-range","param_value_internal":0,"distribution":"{\"name\": \"CategoricalDistribution\", \"attributes\": {\"choices\": [0.1, 0.2, 0.3]}}"}
{"op_code":5,"worker_id":"21d12de3-abd5-4cd3-8ec1-cdcffa4c5bca-5808","trial_id":9,"param_name":"ent-coef","param_value_internal":0.016640390684891242,"distribution":"{\"name\": \"FloatDistribution\", \"attributes\": {\"step\": null, \"low\": 0.0001, \"high\": 0.03, \"log\": true}}"}
{"op_code":8,"worker_id":"21d12de3-abd5-4cd3-8ec1-cdcffa4c5bca-5808","trial_id":9,"user_attr":{"train_argv":"--option 2 --reward-mode objective --objectives tardiness_sq --lambda-late 1.0 --lambda-energy 1.0 --power-model linear --difficulty off_tf05 --timesteps 100000 --save-tag tune_off_tf05_o2nm_t9 --n-envs 4 --vec-backend subproc --seed 0 --algo ppo --markov-obs --work-conserving --learning-rate 8.95727e-05 --rollout-size 16384 --batch-size 64 --n-epochs 10 --gamma 0.995 --gae-lambda 0.9 --clip-range 0.1 --ent-coef 0.0166404"}}
{"op_code":7,"worker_id":"21d12de3-abd5-4cd3-8ec1-cdcffa4c5bca-5808","trial_id":9,"step":25000,"intermediate_value":127519.0}
{"op_code":7,"worker_id":"21d12de3-abd5-4cd3-8ec1-cdcffa4c5bca-5808","trial_id":9,"step":50000,"intermediate_value":78286.2}
{"op_code":7,"worker_id":"21d12de3-abd5-4cd3-8ec1-cdcffa4c5bca-5808","trial_id":9,"step":75000,"intermediate_value":115497.8}
{"op_code":6,"worker_id":"21d12de3-abd5-4cd3-8ec1-cdcffa4c5bca-5808","trial_id":9,"state":1,"values":[65385.65],"datetime_complete":"2026-10-06T04:52:45.064593"}
{"op_code":4,"worker_id":"21d12de3-abd5-4cd3-8ec1-cdcffa4c5bca-5808","study_id":0,"datetime_start":"2026-10-06T04:52:45.423681"}
{"op_code":5,"worker_id":"21d12de3-abd5-4cd3-8ec1-cdcffa4c5bca-5808","trial_id":10,"param_name":"learning-rate","param_value_internal":9.557295405589917e-05,"distribution":"{\"name\": \"FloatDistribution\", \"attributes\": {\"step\": null, \"low\": 3e-05, \"high\": 0.001, \"log\": true}}"}
{"op_code":5,"worker_id":"21d12de3-abd5-4cd3-8ec1-cdcffa4c5bca-5808","trial_id":10,"param_name":"rollout-size","param_value_internal":3,"distribution":"{\"name\": \"CategoricalDistribution\", \"attributes\": {\"choices\": [2048, 4096, 8192, 16384]}}"}
{"op_code":5,"worker_id":"21d12de3-abd5-4cd3-8ec1-cdcffa4c5bca-5808","trial_id":10,"param_name":"batch-size","param_value_internal":0,"distribution":"{\"name\": \"CategoricalDistribution\", \"attributes\": {\"choices\": [64, 256, 1024]}}"}
{"op_code":5,"worker_id":"21d12de3-abd5-4cd3-8ec1-cdcffa4c5bca-5808","trial_id":10,"param_name":"n-epochs","param_value_internal":2,"distribution":"{\"name\": \"CategoricalDistribution\", \"attributes\": {\"choices\": [3, 5, 10]}}"}
{"op_code":5,"worker_id":"21d12de3-abd5-4cd3-8ec1-cdcffa4c5bca-5808","trial_id":10,"param_name":"gamma","param_value_internal":1,"distribution":"{\"name\": \"CategoricalDistribution\", \"attributes\": {\"choices\": [0.99, 0.995, 0.999]}}"}
{"op_code":5,"worker_id":"21d12de3-abd5-4cd3-8ec1-cdcffa4c5bca-5808","trial_id":10,"param_name":"gae-lambda","param_value_internal":0,"distribution":"{\"name\": \"CategoricalDistribution\", \"attributes\": {\"choices\": [0.9, 0.95, 0.98]}}"}
{"op_code":5,"worker_id":"21d12de3-abd5-4cd3-8ec1-cdcffa4c5bca-5808","trial_id":10,"param_name":"clip-range","param_value_internal":1,"distribution":"{\"name\": \"CategoricalDistribution\", \"attributes\": {\"choices\": [0.1, 0.2, 0.3]}}"}
{"op_code":5,"worker_id":"21d12de3-abd5-4cd3-8ec1-cdcffa4c5bca-5808","trial_id":10,"param_name":"ent-coef","param_value_internal":0.023600505858119784,"distribution":"{\"name\": \"FloatDistribution\", \"attributes\": {\"step\": null, \"low\": 0.0001, \"high\": 0.03, \"log\": true}}"}
{"op_code":8,"worker_id":"21d12de3-abd5-4cd3-8ec1-cdcffa4c5bca-5808","trial_id":10,"user_attr":{"train_argv":"--option 2 --reward-mode objective --objectives tardiness_sq --lambda-late 1.0 --lambda-energy 1.0 --power-model linear --difficulty off_tf05 --timesteps 100000 --save-tag tune_off_tf05_o2nm_t10 --n-envs 4 --vec-backend subproc --seed 0 --algo ppo --markov-obs --work-conserving --learning-rate 9.5573e-05 --rollout-size 16384 --batch-size 64 --n-epochs 10 --gamma 0.995 --gae-lambda 0.9 --clip-range 0.2 --ent-coef 0.0236005"}}
{"op_code":7,"worker_id":"21d12de3-abd5-4cd3-8ec1-cdcffa4c5bca-5808","trial_id":10,"step":25000,"intermediate_value":119699.6}
{"op_code":7,"worker_id":"21d12de3-abd5-4cd3-8ec1-cdcffa4c5bca-5808","trial_id":10,"step":50000,"intermediate_value":92106.0}
{"op_code":7,"worker_id":"21d12de3-abd5-4cd3-8ec1-cdcffa4c5bca-5808","trial_id":10,"step":75000,"intermediate_value":128053.4}
{"op_code":6,"worker_id":"21d12de3-abd5-4cd3-8ec1-cdcffa4c5bca-5808","trial_id":10,"state":1,"values":[65009.55],"datetime_complete":"2026-10-06T04:58:57.419836"}
{"op_code":4,"worker_id":"21d12de3-abd5-4cd3-8ec1-cdcffa4c5bca-5808","study_id":0,"datetime_start":"2026-10-06T04:58:57.683492"}
{"op_code":5,"worker_id":"21d12de3-abd5-4cd3-8ec1-cdcffa4c5bca-5808","trial_id":11,"param_name":"learning-rate","param_value_internal":8.726165278898726e-05,"distribution":"{\"name\": \"FloatDistribution\", \"attributes\": {\"step\": null, \"low\": 3e-05, \"high\": 0.001, \"log\": true}}"}
{"op_code":5,"worker_id":"21d12de3-abd5-4cd3-8ec1-cdcffa4c5bca-5808","trial_id":11,"param_name":"rollout-size","param_value_internal":3,"distribution":"{\"name\": \"CategoricalDistribution\", \"attributes\": {\"choices\": [2048, 4096, 8192, 16384]}}"}
{"op_code":5,"worker_id":"21d12de3-abd5-4cd3-8ec1-cdcffa4c5bca-5808","trial_id":11,"param_name":"batch-size","param_value_internal":0,"distribution":"{\"name\": \"CategoricalDistribution\", \"attributes\": {\"choices\": [64, 256, 1024]}}"}
{"op_code":5,"worker_id":"21d12de3-abd5-4cd3-8ec1-cdcffa4c5bca-5808","trial_id":11,"param_name":"n-epochs","param_value_internal":2,"distribution":"{\"name\": \"CategoricalDistribution\", \"attributes\": {\"choices\": [3, 5, 10]}}"}
{"op_code":5,"worker_id":"21d12de3-abd5-4cd3-8ec1-cdcffa4c5bca-5808","trial_id":11,"param_name":"gamma","param_value_internal":1,"distribution":"{\"name\": \"CategoricalDistribution\", \"attributes\": {\"choices\": [0.99, 0.995, 0.999]}}"}
{"op_code":5,"worker_id":"21d12de3-abd5-4cd3-8ec1-cdcffa4c5bca-5808","trial_id":11,"param_name":"gae-lambda","param_value_internal":0,"distribution":"{\"name\": \"CategoricalDistribution\", \"attributes\": {\"choices\": [0.9, 0.95, 0.98]}}"}
{"op_code":5,"worker_id":"21d12de3-abd5-4cd3-8ec1-cdcffa4c5bca-5808","trial_id":11,"param_name":"clip-range","param_value_internal":1,"distribution":"{\"name\": \"CategoricalDistribution\", \"attributes\": {\"choices\": [0.1, 0.2, 0.3]}}"}
{"op_code":5,"worker_id":"21d12de3-abd5-4cd3-8ec1-cdcffa4c5bca-5808","trial_id":11,"param_name":"ent-coef","param_value_internal":0.029383044355561834,"distribution":"{\"name\": \"FloatDistribution\", \"attributes\": {\"step\": null, \"low\": 0.0001, \"high\": 0.03, \"log\": true}}"}
{"op_code":8,"worker_id":"21d12de3-abd5-4cd3-8ec1-cdcffa4c5bca-5808","trial_id":11,"user_attr":{"train_argv":"--option 2 --reward-mode objective --objectives tardiness_sq --lambda-late 1.0 --lambda-energy 1.0 --power-model linear --difficulty off_tf05 --timesteps 100000 --save-tag tune_off_tf05_o2nm_t11 --n-envs 4 --vec-backend subproc --seed 0 --algo ppo --markov-obs --work-conserving --learning-rate 8.72617e-05 --rollout-size 16384 --batch-size 64 --n-epochs 10 --gamma 0.995 --gae-lambda 0.9 --clip-range 0.2 --ent-coef 0.029383"}}
{"op_code":7,"worker_id":"21d12de3-abd5-4cd3-8ec1-cdcffa4c5bca-5808","trial_id":11,"step":25000,"intermediate_value":131140.8}
{"op_code":7,"worker_id":"21d12de3-abd5-4cd3-8ec1-cdcffa4c5bca-5808","trial_id":11,"step":50000,"intermediate_value":64430.8}
{"op_code":7,"worker_id":"21d12de3-abd5-4cd3-8ec1-cdcffa4c5bca-5808","trial_id":11,"step":75000,"intermediate_value":116171.0}
{"op_code":6,"worker_id":"21d12de3-abd5-4cd3-8ec1-cdcffa4c5bca-5808","trial_id":11,"state":1,"values":[69306.35],"datetime_complete":"2026-10-06T05:05:06.245727"}
{"op_code":4,"worker_id":"21d12de3-abd5-4cd3-8ec1-cdcffa4c5bca-5808","study_id":0,"datetime_start":"2026-10-06T05:05:06.474058"}
{"op_code":5,"worker_id":"21d12de3-abd5-4cd3-8ec1-cdcffa4c5bca-5808","trial_id":12,"param_name":"learning-rate","param_value_internal":9.711776373014121e-05,"distribution":"{\"name\": \"FloatDistribution\", \"attributes\": {\"step\": null, \"low\": 3e-05, \"high\": 0.001, \"log\": true}}"}
{"op_code":5,"worker_id":"21d12de3-abd5-4cd3-8ec1-cdcffa4c5bca-5808","trial_id":12,"param_name":"rollout-size","param_value_internal":3,"distribution":"{\"name\": \"CategoricalDistribution\", \"attributes\": {\"choices\": [2048, 4096, 8192, 16384]}}"}
{"op_code":5,"worker_id":"21d12de3-abd5-4cd3-8ec1-cdcffa4c5bca-5808","trial_id":12,"param_name":"batch-size","param_value_internal":0,"distribution":"{\"name\": \"CategoricalDistribution\", \"attributes\": {\"choices\": [64, 256, 1024]}}"}
{"op_code":5,"worker_id":"21d12de3-abd5-4cd3-8ec1-cdcffa4c5bca-5808","trial_id":12,"param_name":"n-epochs","param_value_internal":2,"distribution":"{\"name\": \"CategoricalDistribution\", \"attributes\": {\"choices\": [3, 5, 10]}}"}
{"op_code":5,"worker_id":"21d12de3-abd5-4cd3-8ec1-cdcffa4c5bca-5808","trial_id":12,"param_name":"gamma","param_value_internal":1,"distribution":"{\"name\": \"CategoricalDistribution\", \"attributes\": {\"choices\": [0.99, 0.995, 0.999]}}"}
{"op_code":5,"worker_id":"21d12de3-abd5-4cd3-8ec1-cdcffa4c5bca-5808","trial_id":12,"param_name":"gae-lambda","param_value_internal":0,"distribution":"{\"name\": \"CategoricalDistribution\", \"attributes\": {\"choices\": [0.9, 0.95, 0.98]}}"}
{"op_code":5,"worker_id":"21d12de3-abd5-4cd3-8ec1-cdcffa4c5bca-5808","trial_id":12,"param_name":"clip-range","param_value_internal":1,"distribution":"{\"name\": \"CategoricalDistribution\", \"attributes\": {\"choices\": [0.1, 0.2, 0.3]}}"}
{"op_code":5,"worker_id":"21d12de3-abd5-4cd3-8ec1-cdcffa4c5bca-5808","trial_id":12,"param_name":"ent-coef","param_value_internal":0.012550592639549578,"distribution":"{\"name\": \"FloatDistribution\", \"attributes\": {\"step\": null, \"low\": 0.0001, \"high\": 0.03, \"log\": true}}"}
{"op_code":8,"worker_id":"21d12de3-abd5-4cd3-8ec1-cdcffa4c5bca-5808","trial_id":12,"user_attr":{"train_argv":"--option 2 --reward-mode objective --objectives tardiness_sq --lambda-late 1.0 --lambda-energy 1.0 --power-model linear --difficulty off_tf05 --timesteps 100000 --save-tag tune_off_tf05_o2nm_t12 --n-envs 4 --vec-backend subproc --seed 0 --algo ppo --markov-obs --work-conserving --learning-rate 9.71178e-05 --rollout-size 16384 --batch-size 64 --n-epochs 10 --gamma 0.995 --gae-lambda 0.9 --clip-range 0.2 --ent-coef 0.0125506"}}
{"op_code":7,"worker_id":"21d12de3-abd5-4cd3-8ec1-cdcffa4c5bca-5808","trial_id":12,"step":25000,"intermediate_value":119432.6}
{"op_code":7,"worker_id":"21d12de3-abd5-4cd3-8ec1-cdcffa4c5bca-5808","trial_id":12,"step":50000,"intermediate_value":88003.0}
{"op_code":7,"worker_id":"21d12de3-abd5-4cd3-8ec1-cdcffa4c5bca-5808","trial_id":12,"step":75000,"intermediate_value":127325.0}
{"op_code":6,"worker_id":"21d12de3-abd5-4cd3-8ec1-cdcffa4c5bca-5808","trial_id":12,"state":1,"values":[63873.2],"datetime_complete":"2026-10-06T05:11:15.330564"}
{"op_code":4,"worker_id":"21d12de3-abd5-4cd3-8ec1-cdcffa4c5bca-5808","study_id":0,"datetime_start":"2026-10-06T05:11:15.614328"}
{"op_code":5,"worker_id":"21d12de3-abd5-4cd3-8ec1-cdcffa4c5bca-5808","trial_id":13,"param_name":"learning-rate","param_value_internal":9.159866794516215e-05,"distribution":"{\"name\": \"FloatDistribution\", \"attributes\": {\"step\": null, \"low\": 3e-05, \"high\": 0.001, \"log\": true}}"}
{"op_code":5,"worker_id":"21d12de3-abd5-4cd3-8ec1-cdcffa4c5bca-5808","trial_id":13,"param_name":"rollout-size","param_value_internal":3,"distribution":"{\"name\": \"CategoricalDistribution\", \"attributes\": {\"choices\": [2048, 4096, 8192, 16384]}}"}
{"op_code":5,"worker_id":"21d12de3-abd5-4cd3-8ec1-cdcffa4c5bca-5808","trial_id":13,"param_name":"batch-size","param_value_internal":0,"distribution":"{\"name\": \"CategoricalDistribution\", \"attributes\": {\"choices\": [64, 256, 1024]}}"}
{"op_code":5,"worker_id":"21d12de3-abd5-4cd3-8ec1-cdcffa4c5bca-5808","trial_id":13,"param_name":"n-epochs","param_value_internal":2,"distribution":"{\"name\": \"CategoricalDistribution\", \"attributes\": {\"choices\": [3, 5, 10]}}"}
{"op_code":5,"worker_id":"21d12de3-abd5-4cd3-8ec1-cdcffa4c5bca-5808","trial_id":13,"param_name":"gamma","param_value_internal":1,"distribution":"{\"name\": \"CategoricalDistribution\", \"attributes\": {\"choices\": [0.99, 0.995, 0.999]}}"}
{"op_code":5,"worker_id":"21d12de3-abd5-4cd3-8ec1-cdcffa4c5bca-5808","trial_id":13,"param_name":"gae-lambda","param_value_internal":0,"distribution":"{\"name\": \"CategoricalDistribution\", \"attributes\": {\"choices\": [0.9, 0.95, 0.98]}}"}
{"op_code":5,"worker_id":"21d12de3-abd5-4cd3-8ec1-cdcffa4c5bca-5808","trial_id":13,"param_name":"clip-range","param_value_internal":1,"distribution":"{\"name\": \"CategoricalDistribution\", \"attributes\": {\"choices\": [0.1, 0.2, 0.3]}}"}
{"op_code":5,"worker_id":"21d12de3-abd5-4cd3-8ec1-cdcffa4c5bca-5808","trial_id":13,"param_name":"ent-coef","param_value_internal":0.011880662841757842,"distribution":"{\"name\": \"FloatDistribution\", \"attributes\": {\"step\": null, \"low\": 0.0001, \"high\": 0.03, \"log\": true}}"}
{"op_code":8,"worker_id":"21d12de3-abd5-4cd3-8ec1-cdcffa4c5bca-5808","trial_id":13,"user_attr":{"train_argv":"--option 2 --reward-mode objective --objectives tardiness_sq --lambda-late 1.0 --lambda-energy 1.0 --power-model linear --difficulty off_tf05 --timesteps 100000 --save-tag tune_off_tf05_o2nm_t13 --n-envs 4 --vec-backend subproc --seed 0 --algo ppo --markov-obs --work-conserving --learning-rate 9.15987e-05 --rollout-size 16384 --batch-size 64 --n-epochs 10 --gamma 0.995 --gae-lambda 0.9 --clip-range 0.2 --ent-coef 0.0118807"}}
{"op_code":7,"worker_id":"21d12de3-abd5-4cd3-8ec1-cdcffa4c5bca-5808","trial_id":13,"step":25000,"intermediate_value":123927.8}
{"op_code":7,"worker_id":"21d12de3-abd5-4cd3-8ec1-cdcffa4c5bca-5808","trial_id":13,"step":50000,"intermediate_value":91837.8}
{"op_code":7,"worker_id":"21d12de3-abd5-4cd3-8ec1-cdcffa4c5bca-5808","trial_id":13,"step":75000,"intermediate_value":126357.8}
{"op_code":6,"worker_id":"21d12de3-abd5-4cd3-8ec1-cdcffa4c5bca-5808","trial_id":13,"state":1,"values":[62352.95],"datetime_complete":"2026-10-06T05:17:31.350473"}
{"op_code":4,"worker_id":"21d12de3-abd5-4cd3-8ec1-cdcffa4c5bca-5808","study_id":0,"datetime_start":"2026-10-06T05:17:31.598355"}
{"op_code":5,"worker_id":"21d12de3-abd5-4cd3-8ec1-cdcffa4c5bca-5808","trial_id":14,"param_name":"learning-rate","param_value_internal":0.00013920682969004769,"distribution":"{\"name\": \"FloatDistribution\", \"attributes\": {\"step\": null, \"low\": 3e-05, \"high\": 0.001, \"log\": true}}"}
{"op_code":5,"worker_id":"21d12de3-abd5-4cd3-8ec1-cdcffa4c5bca-5808","trial_id":14,"param_name":"rollout-size","param_value_internal":0,"distribution":"{\"name\": \"CategoricalDistribution\", \"attributes\": {\"choices\": [2048, 4096, 8192, 16384]}}"}
{"op_code":5,"worker_id":"21d12de3-abd5-4cd3-8ec1-cdcffa4c5bca-5808","trial_id":14,"param_name":"batch-size","param_value_internal":0,"distribution":"{\"name\": \"CategoricalDistribution\", \"attributes\": {\"choices\": [64, 256, 1024]}}"}
{"op_code":5,"worker_id":"21d12de3-abd5-4cd3-8ec1-cdcffa4c5bca-5808","trial_id":14,"param_name":"n-epochs","param_value_internal":2,"distribution":"{\"name\": \"CategoricalDistribution\", \"attributes\": {\"choices\": [3, 5, 10]}}"}
{"op_code":5,"worker_id":"21d12de3-abd5-4cd3-8ec1-cdcffa4c5bca-5808","trial_id":14,"param_name":"gamma","param_value_internal":1,"distribution":"{\"name\": \"CategoricalDistribution\", \"attributes\": {\"choices\": [0.99, 0.995, 0.999]}}"}
{"op_code":5,"worker_id":"21d12de3-abd5-4cd3-8ec1-cdcffa4c5bca-5808","trial_id":14,"param_name":"gae-lambda","param_value_internal":0,"distribution":"{\"name\": \"CategoricalDistribution\", \"attributes\": {\"choices\": [0.9, 0.95, 0.98]}}"}
{"op_code":5,"worker_id":"21d12de3-abd5-4cd3-8ec1-cdcffa4c5bca-5808","trial_id":14,"param_name":"clip-range","param_value_internal":1,"distribution":"{\"name\": \"CategoricalDistribution\", \"attributes\": {\"choices\": [0.1, 0.2, 0.3]}}"}
{"op_code":5,"worker_id":"21d12de3-abd5-4cd3-8ec1-cdcffa4c5bca-5808","trial_id":14,"param_name":"ent-coef","param_value_internal":0.010500189540710114,"distribution":"{\"name\": \"FloatDistribution\", \"attributes\": {\"step\": null, \"low\": 0.0001, \"high\": 0.03, \"log\": true}}"}
{"op_code":8,"worker_id":"21d12de3-abd5-4cd3-8ec1-cdcffa4c5bca-5808","trial_id":14,"user_attr":{"train_argv":"--option 2 --reward-mode objective --objectives tardiness_sq --lambda-late 1.0 --lambda-energy 1.0 --power-model linear --difficulty off_tf05 --timesteps 100000 --save-tag tune_off_tf05_o2nm_t14 --n-envs 4 --vec-backend subproc --seed 0 --algo ppo --markov-obs --work-conserving --learning-rate 0.000139207 --rollout-size 2048 --batch-size 64 --n-epochs 10 --gamma 0.995 --gae-lambda 0.9 --clip-range 0.2 --ent-coef 0.0105002"}}
{"op_code":7,"worker_id":"21d12de3-abd5-4cd3-8ec1-cdcffa4c5bca-5808","trial_id":14,"step":25000,"intermediate_value":180710.0}
{"op_code":6,"worker_id":"21d12de3-abd5-4cd3-8ec1-cdcffa4c5bca-5808","trial_id":14,"state":2,"values":[180710.0],"datetime_complete":"2026-10-06T05:18:53.329832"}
{"op_code":4,"worker_id":"21d12de3-abd5-4cd3-8ec1-cdcffa4c5bca-5808","study_id":0,"datetime_start":"2026-10-06T05:18:53.594096"}
{"op_code":5,"worker_id":"21d12de3-abd5-4cd3-8ec1-cdcffa4c5bca-5808","trial_id":15,"param_name":"learning-rate","param_value_internal":5.4400749648137356e-05,"distribution":"{\"name\": \"FloatDistribution\", \"attributes\": {\"step\": null, \"low\": 3e-05, \"high\": 0.001, \"log\": true}}"}
{"op_code":5,"worker_id":"21d12de3-abd5-4cd3-8ec1-cdcffa4c5bca-5808","trial_id":15,"param_name":"rollout-size","param_value_internal":3,"distribution":"{\"name\": \"CategoricalDistribution\", \"attributes\": {\"choices\": [2048, 4096, 8192, 16384]}}"}
{"op_code":5,"worker_id":"21d12de3-abd5-4cd3-8ec1-cdcffa4c5bca-5808","trial_id":15,"param_name":"batch-size","param_value_internal":0,"distribution":"{\"name\": \"CategoricalDistribution\", \"attributes\": {\"choices\": [64, 256, 1024]}}"}
{"op_code":5,"worker_id":"21d12de3-abd5-4cd3-8ec1-cdcffa4c5bca-5808","trial_id":15,"param_name":"n-epochs","param_value_internal":2,"distribution":"{\"name\": \"CategoricalDistribution\", \"attributes\": {\"choices\": [3, 5, 10]}}"}
{"op_code":5,"worker_id":"21d12de3-abd5-4cd3-8ec1-cdcffa4c5bca-5808","trial_id":15,"param_name":"gamma","param_value_internal":1,"distribution":"{\"name\": \"CategoricalDistribution\", \"attributes\": {\"choices\": [0.99, 0.995, 0.999]}}"}
{"op_code":5,"worker_id":"21d12de3-abd5-4cd3-8ec1-cdcffa4c5bca-5808","trial_id":15,"param_name":"gae-lambda","param_value_internal":2,"distribution":"{\"name\": \"CategoricalDistribution\", \"attributes\": {\"choices\": [0.9, 0.95, 0.98]}}"}
{"op_code":5,"worker_id":"21d12de3-abd5-4cd3-8ec1-cdcffa4c5bca-5808","trial_id":15,"param_name":"clip-range","param_value_internal":1,"distribution":"{\"name\": \"CategoricalDistribution\", \"attributes\": {\"choices\": [0.1, 0.2, 0.3]}}"}
{"op_code":5,"worker_id":"21d12de3-abd5-4cd3-8ec1-cdcffa4c5bca-5808","trial_id":15,"param_name":"ent-coef","param_value_internal":0.010810848528609569,"distribution":"{\"name\": \"FloatDistribution\", \"attributes\": {\"step\": null, \"low\": 0.0001, \"high\": 0.03, \"log\": true}}"}
{"op_code":8,"worker_id":"21d12de3-abd5-4cd3-8ec1-cdcffa4c5bca-5808","trial_id":15,"user_attr":{"train_argv":"--option 2 --reward-mode objective --objectives tardiness_sq --lambda-late 1.0 --lambda-energy 1.0 --power-model linear --difficulty off_tf05 --timesteps 100000 --save-tag tune_off_tf05_o2nm_t15 --n-envs 4 --vec-backend subproc --seed 0 --algo ppo --markov-obs --work-conserving --learning-rate 5.44007e-05 --rollout-size 16384 --batch-size 64 --n-epochs 10 --gamma 0.995 --gae-lambda 0.98 --clip-range 0.2 --ent-coef 0.0108108"}}
{"op_code":7,"worker_id":"21d12de3-abd5-4cd3-8ec1-cdcffa4c5bca-5808","trial_id":15,"step":25000,"intermediate_value":177385.4}
{"op_code":6,"worker_id":"21d12de3-abd5-4cd3-8ec1-cdcffa4c5bca-5808","trial_id":15,"state":2,"values":[177385.4],"datetime_complete":"2026-10-06T05:19:54.796095"}
{"op_code":4,"worker_id":"21d12de3-abd5-4cd3-8ec1-cdcffa4c5bca-5808","study_id":0,"datetime_start":"2026-10-06T05:19:55.145563"}
{"op_code":5,"worker_id":"21d12de3-abd5-4cd3-8ec1-cdcffa4c5bca-5808","trial_id":16,"param_name":"learning-rate","param_value_internal":0.00013194711025674082,"distribution":"{\"name\": \"FloatDistribution\", \"attributes\": {\"step\": null, \"low\": 3e-05, \"high\": 0.001, \"log\": true}}"}
{"op_code":5,"worker_id":"21d12de3-abd5-4cd3-8ec1-cdcffa4c5bca-5808","trial_id":16,"param_name":"rollout-size","param_value_internal":3,"distribution":"{\"name\": \"CategoricalDistribution\", \"attributes\": {\"choices\": [2048, 4096, 8192, 16384]}}"}
{"op_code":5,"worker_id":"21d12de3-abd5-4cd3-8ec1-cdcffa4c5bca-5808","trial_id":16,"param_name":"batch-size","param_value_internal":0,"distribution":"{\"name\": \"CategoricalDistribution\", \"attributes\": {\"choices\": [64, 256, 1024]}}"}
{"op_code":5,"worker_id":"21d12de3-abd5-4cd3-8ec1-cdcffa4c5bca-5808","trial_id":16,"param_name":"n-epochs","param_value_internal":2,"distribution":"{\"name\": \"CategoricalDistribution\", \"attributes\": {\"choices\": [3, 5, 10]}}"}
{"op_code":5,"worker_id":"21d12de3-abd5-4cd3-8ec1-cdcffa4c5bca-5808","trial_id":16,"param_name":"gamma","param_value_internal":0,"distribution":"{\"name\": \"CategoricalDistribution\", \"attributes\": {\"choices\": [0.99, 0.995, 0.999]}}"}
{"op_code":5,"worker_id":"21d12de3-abd5-4cd3-8ec1-cdcffa4c5bca-5808","trial_id":16,"param_name":"gae-lambda","param_value_internal":0,"distribution":"{\"name\": \"CategoricalDistribution\", \"attributes\": {\"choices\": [0.9, 0.95, 0.98]}}"}
{"op_code":5,"worker_id":"21d12de3-abd5-4cd3-8ec1-cdcffa4c5bca-5808","trial_id":16,"param_name":"clip-range","param_value_internal":1,"distribution":"{\"name\": \"CategoricalDistribution\", \"attributes\": {\"choices\": [0.1, 0.2, 0.3]}}"}
{"op_code":5,"worker_id":"21d12de3-abd5-4cd3-8ec1-cdcffa4c5bca-5808","trial_id":16,"param_name":"ent-coef","param_value_internal":0.0026862883175030614,"distribution":"{\"name\": \"FloatDistribution\", \"attributes\": {\"step\": null, \"low\": 0.0001, \"high\": 0.03, \"log\": true}}"}
{"op_code":8,"worker_id":"21d12de3-abd5-4cd3-8ec1-cdcffa4c5bca-5808","trial_id":16,"user_attr":{"train_argv":"--option 2 --reward-mode objective --objectives tardiness_sq --lambda-late 1.0 --lambda-energy 1.0 --power-model linear --difficulty off_tf05 --timesteps 100000 --save-tag tune_off_tf05_o2nm_t16 --n-envs 4 --vec-backend subproc --seed 0 --algo ppo --markov-obs --work-conserving --learning-rate 0.000131947 --rollout-size 16384 --batch-size 64 --n-epochs 10 --gamma 0.99 --gae-lambda 0.9 --clip-range 0.2 --ent-coef 0.00268629"}}
{"op_code":7,"worker_id":"21d12de3-abd5-4cd3-8ec1-cdcffa4c5bca-5808","trial_id":16,"step":25000,"intermediate_value":174219.0}
{"op_code":6,"worker_id":"21d12de3-abd5-4cd3-8ec1-cdcffa4c5bca-5808","trial_id":16,"state":2,"values":[174219.0],"datetime_complete":"2026-10-06T05:20:56.983796"}
{"op_code":4,"worker_id":"21d12de3-abd5-4cd3-8ec1-cdcffa4c5bca-5808","study_id":0,"datetime_start":"2026-10-06T05:20:57.222608"}
{"op_code":5,"worker_id":"21d12de3-abd5-4cd3-8ec1-cdcffa4c5bca-5808","trial_id":17,"param_name":"learning-rate","param_value_internal":5.7503122135556377e-05,"distribution":"{\"name\": \"FloatDistribution\", \"attributes\": {\"step\": null, \"low\": 3e-05, \"high\": 0.001, \"log\": true}}"}
{"op_code":5,"worker_id":"21d12de3-abd5-4cd3-8ec1-cdcffa4c5bca-5808","trial_id":17,"param_name":"rollout-size","param_value_internal":3,"distribution":"{\"name\": \"CategoricalDistribution\", \"attributes\": {\"choices\": [2048, 4096, 8192, 16384]}}"}
{"op_code":5,"worker_id":"21d12de3-abd5-4cd3-8ec1-cdcffa4c5bca-5808","trial_id":17,"param_name":"batch-size","param_value_internal":0,"distribution":"{\"name\": \"CategoricalDistribution\", \"attributes\": {\"choices\": [64, 256, 1024]}}"}
{"op_code":5,"worker_id":"21d12de3-abd5-4cd3-8ec1-cdcffa4c5bca-5808","trial_id":17,"param_name":"n-epochs","param_value_internal":0,"distribution":"{\"name\": \"CategoricalDistribution\", \"attributes\": {\"choices\": [3, 5, 10]}}"}
{"op_code":5,"worker_id":"21d12de3-abd5-4cd3-8ec1-cdcffa4c5bca-5808","trial_id":17,"param_name":"gamma","param_value_internal":1,"distribution":"{\"name\": \"CategoricalDistribution\", \"attributes\": {\"choices\": [0.99, 0.995, 0.999]}}"}
{"op_code":5,"worker_id":"21d12de3-abd5-4cd3-8ec1-cdcffa4c5bca-5808","trial_id":17,"param_name":"gae-lambda","param_value_internal":0,"distribution":"{\"name\": \"CategoricalDistribution\", \"attributes\": {\"choices\": [0.9, 0.95, 0.98]}}"}
{"op_code":5,"worker_id":"21d12de3-abd5-4cd3-8ec1-cdcffa4c5bca-5808","trial_id":17,"param_name":"clip-range","param_value_internal":1,"distribution":"{\"name\": \"CategoricalDistribution\", \"attributes\": {\"choices\": [0.1, 0.2, 0.3]}}"}
{"op_code":5,"worker_id":"21d12de3-abd5-4cd3-8ec1-cdcffa4c5bca-5808","trial_id":17,"param_name":"ent-coef","param_value_internal":0.0017766740351773346,"distribution":"{\"name\": \"FloatDistribution\", \"attributes\": {\"step\": null, \"low\": 0.0001, \"high\": 0.03, \"log\": true}}"}
{"op_code":8,"worker_id":"21d12de3-abd5-4cd3-8ec1-cdcffa4c5bca-5808","trial_id":17,"user_attr":{"train_argv":"--option 2 --reward-mode objective --objectives tardiness_sq --lambda-late 1.0 --lambda-energy 1.0 --power-model linear --difficulty off_tf05 --timesteps 100000 --save-tag tune_off_tf05_o2nm_t17 --n-envs 4 --vec-backend subproc --seed 0 --algo ppo --markov-obs --work-conserving --learning-rate 5.75031e-05 --rollout-size 16384 --batch-size 64 --n-epochs 3 --gamma 0.995 --gae-lambda 0.9 --clip-range 0.2 --ent-coef 0.00177667"}}
{"op_code":7,"worker_id":"21d12de3-abd5-4cd3-8ec1-cdcffa4c5bca-5808","trial_id":17,"step":25000,"intermediate_value":185843.4}
{"op_code":6,"worker_id":"21d12de3-abd5-4cd3-8ec1-cdcffa4c5bca-5808","trial_id":17,"state":2,"values":[185843.4],"datetime_complete":"2026-10-06T05:21:26.760966"}
{"op_code":4,"worker_id":"21d12de3-abd5-4cd3-8ec1-cdcffa4c5bca-5808","study_id":0,"datetime_start":"2026-10-06T05:21:26.966909"}
{"op_code":5,"worker_id":"21d12de3-abd5-4cd3-8ec1-cdcffa4c5bca-5808","trial_id":18,"param_name":"learning-rate","param_value_internal":3.6101459915100875e-05,"distribution":"{\"name\": \"FloatDistribution\", \"attributes\": {\"step\": null, \"low\": 3e-05, \"high\": 0.001, \"log\": true}}"}
{"op_code":5,"worker_id":"21d12de3-abd5-4cd3-8ec1-cdcffa4c5bca-5808","trial_id":18,"param_name":"rollout-size","param_value_internal":2,"distribution":"{\"name\": \"CategoricalDistribution\", \"attributes\": {\"choices\": [2048, 4096, 8192, 16384]}}"}
{"op_code":5,"worker_id":"21d12de3-abd5-4cd3-8ec1-cdcffa4c5bca-5808","trial_id":18,"param_name":"batch-size","param_value_internal":0,"distribution":"{\"name\": \"CategoricalDistribution\", \"attributes\": {\"choices\": [64, 256, 1024]}}"}
{"op_code":5,"worker_id":"21d12de3-abd5-4cd3-8ec1-cdcffa4c5bca-5808","trial_id":18,"param_name":"n-epochs","param_value_internal":2,"distribution":"{\"name\": \"CategoricalDistribution\", \"attributes\": {\"choices\": [3, 5, 10]}}"}
{"op_code":5,"worker_id":"21d12de3-abd5-4cd3-8ec1-cdcffa4c5bca-5808","trial_id":18,"param_name":"gamma","param_value_internal":1,"distribution":"{\"name\": \"CategoricalDistribution\", \"attributes\": {\"choices\": [0.99, 0.995, 0.999]}}"}
{"op_code":5,"worker_id":"21d12de3-abd5-4cd3-8ec1-cdcffa4c5bca-5808","trial_id":18,"param_name":"gae-lambda","param_value_internal":2,"distribution":"{\"name\": \"CategoricalDistribution\", \"attributes\": {\"choices\": [0.9, 0.95, 0.98]}}"}
{"op_code":5,"worker_id":"21d12de3-abd5-4cd3-8ec1-cdcffa4c5bca-5808","trial_id":18,"param_name":"clip-range","param_value_internal":1,"distribution":"{\"name\": \"CategoricalDistribution\", \"attributes\": {\"choices\": [0.1, 0.2, 0.3]}}"}
{"op_code":5,"worker_id":"21d12de3-abd5-4cd3-8ec1-cdcffa4c5bca-5808","trial_id":18,"param_name":"ent-coef","param_value_internal":0.009174408455068662,"distribution":"{\"name\": \"FloatDistribution\", \"attributes\": {\"step\": null, \"low\": 0.0001, \"high\": 0.03, \"log\": true}}"}
{"op_code":8,"worker_id":"21d12de3-abd5-4cd3-8ec1-cdcffa4c5bca-5808","trial_id":18,"user_attr":{"train_argv":"--option 2 --reward-mode objective --objectives tardiness_sq --lambda-late 1.0 --lambda-energy 1.0 --power-model linear --difficulty off_tf05 --timesteps 100000 --save-tag tune_off_tf05_o2nm_t18 --n-envs 4 --vec-backend subproc --seed 0 --algo ppo --markov-obs --work-conserving --learning-rate 3.61015e-05 --rollout-size 8192 --batch-size 64 --n-epochs 10 --gamma 0.995 --gae-lambda 0.98 --clip-range 0.2 --ent-coef 0.00917441"}}
{"op_code":7,"worker_id":"21d12de3-abd5-4cd3-8ec1-cdcffa4c5bca-5808","trial_id":18,"step":25000,"intermediate_value":177130.6}
{"op_code":6,"worker_id":"21d12de3-abd5-4cd3-8ec1-cdcffa4c5bca-5808","trial_id":18,"state":2,"values":[177130.6],"datetime_complete":"2026-10-06T05:22:51.444670"}
{"op_code":4,"worker_id":"21d12de3-abd5-4cd3-8ec1-cdcffa4c5bca-5808","study_id":0,"datetime_start":"2026-10-06T05:22:51.739134"}
{"op_code":5,"worker_id":"21d12de3-abd5-4cd3-8ec1-cdcffa4c5bca-5808","trial_id":19,"param_name":"learning-rate","param_value_internal":0.0001381050320684484,"distribution":"{\"name\": \"FloatDistribution\", \"attributes\": {\"step\": null, \"low\": 3e-05, \"high\": 0.001, \"log\": true}}"}
{"op_code":5,"worker_id":"21d12de3-abd5-4cd3-8ec1-cdcffa4c5bca-5808","trial_id":19,"param_name":"rollout-size","param_value_internal":0,"distribution":"{\"name\": \"CategoricalDistribution\", \"attributes\": {\"choices\": [2048, 4096, 8192, 16384]}}"}
{"op_code":5,"worker_id":"21d12de3-abd5-4cd3-8ec1-cdcffa4c5bca-5808","trial_id":19,"param_name":"batch-size","param_value_internal":2,"distribution":"{\"name\": \"CategoricalDistribution\", \"attributes\": {\"choices\": [64, 256, 1024]}}"}
{"op_code":5,"worker_id":"21d12de3-abd5-4cd3-8ec1-cdcffa4c5bca-5808","trial_id":19,"param_name":"n-epochs","param_value_internal":2,"distribution":"{\"name\": \"CategoricalDistribution\", \"attributes\": {\"choices\": [3, 5, 10]}}"}
{"op_code":5,"worker_id":"21d12de3-abd5-4cd3-8ec1-cdcffa4c5bca-5808","trial_id":19,"param_name":"gamma","param_value_internal":0,"distribution":"{\"name\": \"CategoricalDistribution\", \"attributes\": {\"choices\": [0.99, 0.995, 0.999]}}"}
{"op_code":5,"worker_id":"21d12de3-abd5-4cd3-8ec1-cdcffa4c5bca-5808","trial_id":19,"param_name":"gae-lambda","param_value_internal":1,"distribution":"{\"name\": \"CategoricalDistribution\", \"attributes\": {\"choices\": [0.9, 0.95, 0.98]}}"}
{"op_code":5,"worker_id":"21d12de3-abd5-4cd3-8ec1-cdcffa4c5bca-5808","trial_id":19,"param_name":"clip-range","param_value_internal":2,"distribution":"{\"name\": \"CategoricalDistribution\", \"attributes\": {\"choices\": [0.1, 0.2, 0.3]}}"}
{"op_code":5,"worker_id":"21d12de3-abd5-4cd3-8ec1-cdcffa4c5bca-5808","trial_id":19,"param_name":"ent-coef","param_value_internal":0.01380732529457734,"distribution":"{\"name\": \"FloatDistribution\", \"attributes\": {\"step\": null, \"low\": 0.0001, \"high\": 0.03, \"log\": true}}"}
{"op_code":8,"worker_id":"21d12de3-abd5-4cd3-8ec1-cdcffa4c5bca-5808","trial_id":19,"user_attr":{"train_argv":"--option 2 --reward-mode objective --objectives tardiness_sq --lambda-late 1.0 --lambda-energy 1.0 --power-model linear --difficulty off_tf05 --timesteps 100000 --save-tag tune_off_tf05_o2nm_t19 --n-envs 4 --vec-backend subproc --seed 0 --algo ppo --markov-obs --work-conserving --learning-rate 0.000138105 --rollout-size 2048 --batch-size 1024 --n-epochs 10 --gamma 0.99 --gae-lambda 0.95 --clip-range 0.3 --ent-coef 0.0138073"}}
{"op_code":7,"worker_id":"21d12de3-abd5-4cd3-8ec1-cdcffa4c5bca-5808","trial_id":19,"step":25000,"intermediate_value":184998.4}
{"op_code":6,"worker_id":"21d12de3-abd5-4cd3-8ec1-cdcffa4c5bca-5808","trial_id":19,"state":2,"values":[184998.4],"datetime_complete":"2026-10-06T05:24:25.689770"}
{"op_code":0,"worker_id":"c2af4309-284c-46fb-9fa5-6c9de1620878-32928","study_name":"off_tf05_o2nm","directions":[1]}
{"op_code":0,"worker_id":"2d0bac15-ef29-4cac-917f-b21d40840da4-34464","study_name":"off_tf05_o2nm","directions":[1]}
{"op_code":0,"worker_id":"04af060c-e297-4f41-8595-4ee38798befd-7220","study_name":"off_tf05_o2nm","directions":[1]}
{"op_code":0,"worker_id":"544f2ef0-23ac-40a8-8939-a62b6a3ba3b6-4620","study_name":"off_tf05_o2nm","directions":[1]}
{"op_code":0,"worker_id":"310b6af7-ded3-48b8-98a8-9c0414298822-28024","study_name":"off_tf05_o2nm","directions":[1]}
{"op_code":0,"worker_id":"f76a9bea-8246-42ec-898d-be313240f288-17656","study_name":"off_tf05_o2nm","directions":[1]}
{"op_code":0,"worker_id":"416da4de-9506-4463-ba45-e12b21e9e8c8-4492","study_name":"off_tf05_o2nm","directions":[1]}
