{"op_code":0,"worker_id":"31a11df0-c1da-46d8-b54b-3e95fff54e57-14736","study_name":"off_tf05_o1cmlubr_a2c","directions":[1]}
{"op_code":4,"worker_id":"31a11df0-c1da-46d8-b54b-3e95fff54e57-14736","study_id":0,"datetime_start":null,"state":4,"value":null,"values":null,"distributions":{},"params":{},"user_attrs":{"defaults":true},"system_attrs":{"fixed_params":{}},"intermediate_values":{}}
{"op_code":6,"worker_id":"31a11df0-c1da-46d8-b54b-3e95fff54e57-14736","trial_id":0,"state":0,"values":null,"datetime_start":"2026-10-07T05:16:21.667203"}
{"op_code":8,"worker_id":"31a11df0-c1da-46d8-b54b-3e95fff54e57-14736","trial_id":0,"user_attr":{"train_argv":"--option 1 --reward-mode objective --objectives tardiness_sq --lambda-late 1.0 --lambda-energy 1.0 --power-model linear --difficulty off_tf05 --timesteps 300000 --save-tag tune_off_tf05_o1cmlubr_a2c_t0 --n-envs 4 --vec-backend subproc --seed 0 --rule-placements FirstFit,Consolidate --algo a2c --markov-obs --lookahead --fixed-scaling --critic-arrivals --lateness-shaping"}}
{"op_code":7,"worker_id":"31a11df0-c1da-46d8-b54b-3e95fff54e57-14736","trial_id":0,"step":75000,"intermediate_value":34650.0}
{"op_code":7,"worker_id":"31a11df0-c1da-46d8-b54b-3e95fff54e57-14736","trial_id":0,"step":150000,"intermediate_value":34650.0}
{"op_code":7,"worker_id":"31a11df0-c1da-46d8-b54b-3e95fff54e57-14736","trial_id":0,"step":225000,"intermediate_value":34650.0}
{"op_code":6,"worker_id":"31a11df0-c1da-46d8-b54b-3e95fff54e57-14736","trial_id":0,"state":1,"values":[37323.85],"datetime_complete":"2026-10-07T05:20:10.357127"}
{"op_code":4,"worker_id":"31a11df0-c1da-46d8-b54b-3e95fff54e57-14736","study_id":0,"datetime_start":"2026-10-07T05:20:10.589877"}
{"op_code":5,"worker_id":"31a11df0-c1da-46d8-b54b-3e95fff54e57-14736","trial_id":1,"param_name":"learning-rate","param_value_internal":0.0006466422717414558,"distribution":"{\"name\": \"FloatDistribution\", \"attributes\": {\"step\": null, \"low\": 0.0001, \"high\": 0.003, \"log\": true}}"}
{"op_code":5,"worker_id":"31a11df0-c1da-46d8-b54b-3e95fff54e57-14736","trial_id":1,"param_name":"rollout-size","param_value_internal":0,"distribution":"{\"name\": \"CategoricalDistribution\", \"attributes\": {\"choices\": [20, 80, 320]}}"}
{"op_code":5,"worker_id":"31a11df0-c1da-46d8-b54b-3e95fff54e57-14736","trial_id":1,"param_name":"gamma","param_value_internal":1,"distribution":"{\"name\": \"CategoricalDistribution\", \"attributes\": {\"choices\": [0.99, 0.995, 0.999]}}"}
{"op_code":5,"worker_id":"31a11df0-c1da-46d8-b54b-3e95fff54e57-14736","trial_id":1,"param_name":"gae-lambda","param_value_internal":1,"distribution":"{\"name\": \"CategoricalDistribution\", \"attributes\": {\"choices\": [0.9, 0.95, 1.0]}}"}
{"op_code":5,"worker_id":"31a11df0-c1da-46d8-b54b-3e95fff54e57-14736","trial_id":1,"param_name":"ent-coef","param_value_internal":0.009145320282946534,"distribution":"{\"name\": \"FloatDistribution\", \"attributes\": {\"step\": null, \"low\": 0.0001, \"high\": 0.03, \"log\": true}}"}
{"op_code":8,"worker_id":"31a11df0-c1da-46d8-b54b-3e95fff54e57-14736","trial_id":1,"user_attr":{"train_argv":"--option 1 --reward-mode objective --objectives tardiness_sq --lambda-late 1.0 --lambda-energy 1.0 --power-model linear --difficulty off_tf05 --timesteps 300000 --save-tag tune_off_tf05_o1cmlubr_a2c_t1 --n-envs 4 --vec-backend subproc --seed 0 --rule-placements FirstFit,Consolidate --algo a2c --markov-obs --lookahead --fixed-scaling --critic-arrivals --lateness-shaping --learning-rate 0.000646642 --rollout-size 20 --gamma 0.995 --gae-lambda 0.95 --ent-coef 0.00914532"}}
{"op_code":7,"worker_id":"31a11df0-c1da-46d8-b54b-3e95fff54e57-14736","trial_id":1,"step":75000,"intermediate_value":34650.0}
{"op_code":7,"worker_id":"31a11df0-c1da-46d8-b54b-3e95fff54e57-14736","trial_id":1,"step":150000,"intermediate_value":34650.0}
{"op_code":7,"worker_id":"31a11df0-c1da-46d8-b54b-3e95fff54e57-14736","trial_id":1,"step":225000,"intermediate_value":34650.0}
{"op_code":6,"worker_id":"31a11df0-c1da-46d8-b54b-3e95fff54e57-14736","trial_id":1,"state":1,"values":[37323.85],"datetime_complete":"2026-10-07T05:24:01.194020"}
{"op_code":4,"worker_id":"31a11df0-c1da-46d8-b54b-3e95fff54e57-14736","study_id":0,"datetime_start":"2026-10-07T05:24:01.384920"}
{"op_code":5,"worker_id":"31a11df0-c1da-46d8-b54b-3e95fff54e57-14736","trial_id":2,"param_name":"learning-rate","param_value_internal":0.0006042851578845063,"distribution":"{\"name\": \"FloatDistribution\", \"attributes\": {\"step\": null, \"low\": 0.0001, \"high\": 0.003, \"log\": true}}"}
{"op_code":5,"worker_id":"31a11df0-c1da-46d8-b54b-3e95fff54e57-14736","trial_id":2,"param_name":"rollout-size","param_value_internal":1,"distribution":"{\"name\": \"CategoricalDistribution\", \"attributes\": {\"choices\": [20, 80, 320]}}"}
{"op_code":5,"worker_id":"31a11df0-c1da-46d8-b54b-3e95fff54e57-14736","trial_id":2,"param_name":"gamma","param_value_internal":2,"distribution":"{\"name\": \"CategoricalDistribution\", \"attributes\": {\"choices\": [0.99, 0.995, 0.999]}}"}
{"op_code":5,"worker_id":"31a11df0-c1da-46d8-b54b-3e95fff54e57-14736","trial_id":2,"param_name":"gae-lambda","param_value_internal":2,"distribution":"{\"name\": \"CategoricalDistribution\", \"attributes\": {\"choices\": [0.9, 0.95, 1.0]}}"}
{"op_code":5,"worker_id":"31a11df0-c1da-46d8-b54b-3e95fff54e57-14736","trial_id":2,"param_name":"ent-coef","param_value_internal":0.009541412354586892,"distribution":"{\"name\": \"FloatDistribution\", \"attributes\": {\"step\": null, \"low\": 0.0001, \"high\": 0.03, \"log\": true}}"}
{"op_code":8,"worker_id":"31a11df0-c1da-46d8-b54b-3e95fff54e57-14736","trial_id":2,"user_attr":{"train_argv":"--option 1 --reward-mode objective --objectives tardiness_sq --lambda-late 1.0 --lambda-energy 1.0 --power-model linear --difficulty off_tf05 --timesteps 300000 --save-tag tune_off_tf05_o1cmlubr_a2c_t2 --n-envs 4 --vec-backend subproc --seed 0 --rule-placements FirstFit,Consolidate --algo a2c --markov-obs --lookahead --fixed-scaling --critic-arrivals --lateness-shaping --learning-rate 0.000604285 --rollout-size 80 --gamma 0.999 --gae-lambda 1 --ent-coef 0.00954141"}}
{"op_code":7,"worker_id":"31a11df0-c1da-46d8-b54b-3e95fff54e57-14736","trial_id":2,"step":75000,"intermediate_value":34650.0}
{"op_code":7,"worker_id":"31a11df0-c1da-46d8-b54b-3e95fff54e57-14736","trial_id":2,"step":150000,"intermediate_value":34650.0}
{"op_code":7,"worker_id":"31a11df0-c1da-46d8-b54b-3e95fff54e57-14736","trial_id":2,"step":225000,"intermediate_value":34650.0}
{"op_code":6,"worker_id":"31a11df0-c1da-46d8-b54b-3e95fff54e57-14736","trial_id":2,"state":1,"values":[37323.85],"datetime_complete":"2026-10-07T05:27:03.324189"}
{"op_code":4,"worker_id":"31a11df0-c1da-46d8-b54b-3e95fff54e57-14736","study_id":0,"datetime_start":"2026-10-07T05:27:03.513433"}
{"op_code":5,"worker_id":"31a11df0-c1da-46d8-b54b-3e95fff54e57-14736","trial_id":3,"param_name":"learning-rate","param_value_internal":0.0004804641349751479,"distribution":"{\"name\": \"FloatDistribution\", \"attributes\": {\"step\": null, \"low\": 0.0001, \"high\": 0.003, \"log\": true}}"}
{"op_code":5,"worker_id":"31a11df0-c1da-46d8-b54b-3e95fff54e57-14736","trial_id":3,"param_name":"rollout-size","param_value_internal":0,"distribution":"{\"name\": \"CategoricalDistribution\", \"attributes\": {\"choices\": [20, 80, 320]}}"}
{"op_code":5,"worker_id":"31a11df0-c1da-46d8-b54b-3e95fff54e57-14736","trial_id":3,"param_name":"gamma","param_value_internal":1,"distribution":"{\"name\": \"CategoricalDistribution\", \"attributes\": {\"choices\": [0.99, 0.995, 0.999]}}"}
{"op_code":5,"worker_id":"31a11df0-c1da-46d8-b54b-3e95fff54e57-14736","trial_id":3,"param_name":"gae-lambda","param_value_internal":2,"distribution":"{\"name\": \"CategoricalDistribution\", \"attributes\": {\"choices\": [0.9, 0.95, 1.0]}}"}
{"op_code":5,"worker_id":"31a11df0-c1da-46d8-b54b-3e95fff54e57-14736","trial_id":3,"param_name":"ent-coef","param_value_internal":0.001348775545730254,"distribution":"{\"name\": \"FloatDistribution\", \"attributes\": {\"step\": null, \"low\": 0.0001, \"high\": 0.03, \"log\": true}}"}
{"op_code":8,"worker_id":"31a11df0-c1da-46d8-b54b-3e95fff54e57-14736","trial_id":3,"user_attr":{"train_argv":"--option 1 --reward-mode objective --objectives tardiness_sq --lambda-late 1.0 --lambda-energy 1.0 --power-model linear --difficulty off_tf05 --timesteps 300000 --save-tag tune_off_tf05_o1cmlubr_a2c_t3 --n-envs 4 --vec-backend subproc --seed 0 --rule-placements FirstFit,Consolidate --algo a2c --markov-obs --lookahead --fixed-scaling --critic-arrivals --lateness-shaping --learning-rate 0.000480464 --rollout-size 20 --gamma 0.995 --gae-lambda 1 --ent-coef 0.00134878"}}
{"op_code":7,"worker_id":"31a11df0-c1da-46d8-b54b-3e95fff54e57-14736","trial_id":3,"step":75000,"intermediate_value":34650.0}
{"op_code":7,"worker_id":"31a11df0-c1da-46d8-b54b-3e95fff54e57-14736","trial_id":3,"step":150000,"intermediate_value":34650.0}
{"op_code":7,"worker_id":"31a11df0-c1da-46d8-b54b-3e95fff54e57-14736","trial_id":3,"step":225000,"intermediate_value":34650.0}
{"op_code":6,"worker_id":"31a11df0-c1da-46d8-b54b-3e95fff54e57-14736","trial_id":3,"state":1,"values":[37323.85],"datetime_complete":"2026-10-07T05:30:44.346980"}
{"op_code":4,"worker_id":"31a11df0-c1da-46d8-b54b-3e95fff54e57-14736","study_id":0,"datetime_start":"2026-10-07T05:30:44.522567"}
{"op_code":5,"worker_id":"31a11df0-c1da-46d8-b54b-3e95fff54e57-14736","trial_id":4,"param_name":"learning-rate","param_value_internal":0.0006912670683424538,"distribution":"{\"name\": \"FloatDistribution\", \"attributes\": {\"step\": null, \"low\": 0.0001, \"high\": 0.003, \"log\": true}}"}
{"op_code":5,"worker_id":"31a11df0-c1da-46d8-b54b-3e95fff54e57-14736","trial_id":4,"param_name":"rollout-size","param_value_internal":1,"distribution":"{\"name\": \"CategoricalDistribution\", \"attributes\": {\"choices\": [20, 80, 320]}}"}
{"op_code":5,"worker_id":"31a11df0-c1da-46d8-b54b-3e95fff54e57-14736","trial_id":4,"param_name":"gamma","param_value_internal":1,"distribution":"{\"name\": \"CategoricalDistribution\", \"attributes\": {\"choices\": [0.99, 0.995, 0.999]}}"}
{"op_code":5,"worker_id":"31a11df0-c1da-46d8-b54b-3e95fff54e57-14736","trial_id":4,"param_name":"gae-lambda","param_value_internal":2,"distribution":"{\"name\": \"CategoricalDistribution\", \"attributes\": {\"choices\": [0.9, 0.95, 1.0]}}"}
{"op_code":5,"worker_id":"31a11df0-c1da-46d8-b54b-3e95fff54e57-14736","trial_id":4,"param_name":"ent-coef","param_value_internal":0.00014098918363046996,"distribution":"{\"name\": \"FloatDistribution\", \"attributes\": {\"step\": null, \"low\": 0.0001, \"high\": 0.03, \"log\": true}}"}
{"op_code":8,"worker_id":"31a11df0-c1da-46d8-b54b-3e95fff54e57-14736","trial_id":4,"user_attr":{"train_argv":"--option 1 --reward-mode objective --objectives tardiness_sq --lambda-late 1.0 --lambda-energy 1.0 --power-model linear --difficulty off_tf05 --timesteps 300000 --save-tag tune_off_tf05_o1cmlubr_a2c_t4 --n-envs 4 --vec-backend subproc --seed 0 --rule-placements FirstFit,Consolidate --algo a2c --markov-obs --lookahead --fixed-scaling --critic-arrivals --lateness-shaping --learning-rate 0.000691267 --rollout-size 80 --gamma 0.995 --gae-lambda 1 --ent-coef 0.000140989"}}
{"op_code":7,"worker_id":"31a11df0-c1da-46d8-b54b-3e95fff54e57-14736","trial_id":4,"step":75000,"intermediate_value":34650.0}
{"op_code":7,"worker_id":"31a11df0-c1da-46d8-b54b-3e95fff54e57-14736","trial_id":4,"step":150000,"intermediate_value":34650.0}
{"op_code":7,"worker_id":"31a11df0-c1da-46d8-b54b-3e95fff54e57-14736","trial_id":4,"step":225000,"intermediate_value":34650.0}
{"op_code":6,"worker_id":"31a11df0-c1da-46d8-b54b-3e95fff54e57-14736","trial_id":4,"state":1,"values":[37323.85],"datetime_complete":"2026-10-07T05:33:45.903865"}
{"op_code":4,"worker_id":"31a11df0-c1da-46d8-b54b-3e95fff54e57-14736","study_id":0,"datetime_start":"2026-10-07T05:33:46.105315"}
{"op_code":5,"worker_id":"31a11df0-c1da-46d8-b54b-3e95fff54e57-14736","trial_id":5,"param_name":"learning-rate","param_value_internal":0.0009658179826892162,"distribution":"{\"name\": \"FloatDistribution\", \"attributes\": {\"step\": null, \"low\": 0.0001, \"high\": 0.003, \"log\": true}}"}
{"op_code":5,"worker_id":"31a11df0-c1da-46d8-b54b-3e95fff54e57-14736","trial_id":5,"param_name":"rollout-size","param_value_internal":0,"distribution":"{\"name\": \"CategoricalDistribution\", \"attributes\": {\"choices\": [20, 80, 320]}}"}
{"op_code":5,"worker_id":"31a11df0-c1da-46d8-b54b-3e95fff54e57-14736","trial_id":5,"param_name":"gamma","param_value_internal":2,"distribution":"{\"name\": \"CategoricalDistribution\", \"attributes\": {\"choices\": [0.99, 0.995, 0.999]}}"}
{"op_code":5,"worker_id":"31a11df0-c1da-46d8-b54b-3e95fff54e57-14736","trial_id":5,"param_name":"gae-lambda","param_value_internal":1,"distribution":"{\"name\": \"CategoricalDistribution\", \"attributes\": {\"choices\": [0.9, 0.95, 1.0]}}"}
{"op_code":5,"worker_id":"31a11df0-c1da-46d8-b54b-3e95fff54e57-14736","trial_id":5,"param_name":"ent-coef","param_value_internal":0.00032916454639831516,"distribution":"{\"name\": \"FloatDistribution\", \"attributes\": {\"step\": null, \"low\": 0.0001, \"high\": 0.03, \"log\": true}}"}
{"op_code":8,"worker_id":"31a11df0-c1da-46d8-b54b-3e95fff54e57-14736","trial_id":5,"user_attr":{"train_argv":"--option 1 --reward-mode objective --objectives tardiness_sq --lambda-late 1.0 --lambda-energy 1.0 --power-model linear --difficulty off_tf05 --timesteps 300000 --save-tag tune_off_tf05_o1cmlubr_a2c_t5 --n-envs 4 --vec-backend subproc --seed 0 --rule-placements FirstFit,Consolidate --algo a2c --markov-obs --lookahead --fixed-scaling --critic-arrivals --lateness-shaping --learning-rate 0.000965818 --rollout-size 20 --gamma 0.999 --gae-lambda 0.95 --ent-coef 0.000329165"}}
{"op_code":7,"worker_id":"31a11df0-c1da-46d8-b54b-3e95fff54e57-14736","trial_id":5,"step":75000,"intermediate_value":34650.0}
{"op_code":7,"worker_id":"31a11df0-c1da-46d8-b54b-3e95fff54e57-14736","trial_id":5,"step":150000,"intermediate_value":34650.0}
{"op_code":7,"worker_id":"31a11df0-c1da-46d8-b54b-3e95fff54e57-14736","trial_id":5,"step":225000,"intermediate_value":34650.0}
{"op_code":6,"worker_id":"31a11df0-c1da-46d8-b54b-3e95fff54e57-14736","trial_id":5,"state":1,"values":[37323.85],"datetime_complete":"2026-10-07T05:37:18.351441"}
{"op_code":4,"worker_id":"31a11df0-c1da-46d8-b54b-3e95fff54e57-14736","study_id":0,"datetime_start":"2026-10-07T05:37:18.593805"}
{"op_code":5,"worker_id":"31a11df0-c1da-46d8-b54b-3e95fff54e57-14736","trial_id":6,"param_name":"learning-rate","param_value_internal":0.00017309069329908935,"distribution":"{\"name\": \"FloatDistribution\", \"attributes\": {\"step\": null, \"low\": 0.0001, \"high\": 0.003, \"log\": true}}"}
{"op_code":5,"worker_id":"31a11df0-c1da-46d8-b54b-3e95fff54e57-14736","trial_id":6,"param_name":"rollout-size","param_value_internal":0,"distribution":"{\"name\": \"CategoricalDistribution\", \"attributes\": {\"choices\": [20, 80, 320]}}"}
{"op_code":5,"worker_id":"31a11df0-c1da-46d8-b54b-3e95fff54e57-14736","trial_id":6,"param_name":"gamma","param_value_internal":0,"distribution":"{\"name\": \"CategoricalDistribution\", \"attributes\": {\"choices\": [0.99, 0.995, 0.999]}}"}
{"op_code":5,"worker_id":"31a11df0-c1da-46d8-b54b-3e95fff54e57-14736","trial_id":6,"param_name":"gae-lambda","param_value_internal":0,"distribution":"{\"name\": \"CategoricalDistribution\", \"attributes\": {\"choices\": [0.9, 0.95, 1.0]}}"}
{"op_code":5,"worker_id":"31a11df0-c1da-46d8-b54b-3e95fff54e57-14736","trial_id":6,"param_name":"ent-coef","param_value_internal":0.0008191755047162099,"distribution":"{\"name\": \"FloatDistribution\", \"attributes\": {\"step\": null, \"low\": 0.0001, \"high\": 0.03, \"log\": true}}"}
{"op_code":8,"worker_id":"31a11df0-c1da-46d8-b54b-3e95fff54e57-14736","trial_id":6,"user_attr":{"train_argv":"--option 1 --reward-mode objective --objectives tardiness_sq --lambda-late 1.0 --lambda-energy 1.0 --power-model linear --difficulty off_tf05 --timesteps 300000 --save-tag tune_off_tf05_o1cmlubr_a2c_t6 --n-envs 4 --vec-backend subproc --seed 0 --rule-placements FirstFit,Consolidate --algo a2c --markov-obs --lookahead --fixed-scaling --critic-arrivals --lateness-shaping --learning-rate 0.000173091 --rollout-size 20 --gamma 0.99 --gae-lambda 0.9 --ent-coef 0.000819176"}}
{"op_code":7,"worker_id":"31a11df0-c1da-46d8-b54b-3e95fff54e57-14736","trial_id":6,"step":75000,"intermediate_value":34650.0}
{"op_code":7,"worker_id":"31a11df0-c1da-46d8-b54b-3e95fff54e57-14736","trial_id":6,"step":150000,"intermediate_value":34650.0}
{"op_code":7,"worker_id":"31a11df0-c1da-46d8-b54b-3e95fff54e57-14736","trial_id":6,"step":225000,"intermediate_value":34650.0}
{"op_code":6,"worker_id":"31a11df0-c1da-46d8-b54b-3e95fff54e57-14736","trial_id":6,"state":1,"values":[37323.85],"datetime_complete":"2026-10-07T05:41:10.218114"}
{"op_code":4,"worker_id":"31a11df0-c1da-46d8-b54b-3e95fff54e57-14736","study_id":0,"datetime_start":"2026-10-07T05:41:10.423328"}
{"op_code":5,"worker_id":"31a11df0-c1da-46d8-b54b-3e95fff54e57-14736","trial_id":7,"param_name":"learning-rate","param_value_internal":0.0016319488770709706,"distribution":"{\"name\": \"FloatDistribution\", \"attributes\": {\"step\": null, \"low\": 0.0001, \"high\": 0.003, \"log\": true}}"}
{"op_code":5,"worker_id":"31a11df0-c1da-46d8-b54b-3e95fff54e57-14736","trial_id":7,"param_name":"rollout-size","param_value_internal":1,"distribution":"{\"name\": \"CategoricalDistribution\", \"attributes\": {\"choices\": [20, 80, 320]}}"}
{"op_code":5,"worker_id":"31a11df0-c1da-46d8-b54b-3e95fff54e57-14736","trial_id":7,"param_name":"gamma","param_value_internal":2,"distribution":"{\"name\": \"CategoricalDistribution\", \"attributes\": {\"choices\": [0.99, 0.995, 0.999]}}"}
{"op_code":5,"worker_id":"31a11df0-c1da-46d8-b54b-3e95fff54e57-14736","trial_id":7,"param_name":"gae-lambda","param_value_internal":1,"distribution":"{\"name\": \"CategoricalDistribution\", \"attributes\": {\"choices\": [0.9, 0.95, 1.0]}}"}
{"op_code":5,"worker_id":"31a11df0-c1da-46d8-b54b-3e95fff54e57-14736","trial_id":7,"param_name":"ent-coef","param_value_internal":0.000501819043124292,"distribution":"{\"name\": \"FloatDistribution\", \"attributes\": {\"step\": null, \"low\": 0.0001, \"high\": 0.03, \"log\": true}}"}
{"op_code":8,"worker_id":"31a11df0-c1da-46d8-b54b-3e95fff54e57-14736","trial_id":7,"user_attr":{"train_argv":"--option 1 --reward-mode objective --objectives tardiness_sq --lambda-late 1.0 --lambda-energy 1.0 --power-model linear --difficulty off_tf05 --timesteps 300000 --save-tag tune_off_tf05_o1cmlubr_a2c_t7 --n-envs 4 --vec-backend subproc --seed 0 --rule-placements FirstFit,Consolidate --algo a2c --markov-obs --lookahead --fixed-scaling --critic-arrivals --lateness-shaping --learning-rate 0.00163195 --rollout-size 80 --gamma 0.999 --gae-lambda 0.95 --ent-coef 0.000501819"}}
{"op_code":7,"worker_id":"31a11df0-c1da-46d8-b54b-3e95fff54e57-14736","trial_id":7,"step":75000,"intermediate_value":34650.0}
{"op_code":7,"worker_id":"31a11df0-c1da-46d8-b54b-3e95fff54e57-14736","trial_id":7,"step":150000,"intermediate_value":34650.0}
{"op_code":7,"worker_id":"31a11df0-c1da-46d8-b54b-3e95fff54e57-14736","trial_id":7,"step":225000,"intermediate_value":34650.0}
{"op_code":6,"worker_id":"31a11df0-c1da-46d8-b54b-3e95fff54e57-14736","trial_id":7,"state":1,"values":[37323.85],"datetime_complete":"2026-10-07T05:44:02.287299"}
{"op_code":4,"worker_id":"31a11df0-c1da-46d8-b54b-3e95fff54e57-14736","study_id":0,"datetime_start":"2026-10-07T05:44:02.454147"}
{"op_code":5,"worker_id":"31a11df0-c1da-46d8-b54b-3e95fff54e57-14736","trial_id":8,"param_name":"learning-rate","param_value_internal":0.00015050290935598963,"distribution":"{\"name\": \"FloatDistribution\", \"attributes\": {\"step\": null, \"low\": 0.0001, \"high\": 0.003, \"log\": true}}"}
{"op_code":5,"worker_id":"31a11df0-c1da-46d8-b54b-3e95fff54e57-14736","trial_id":8,"param_name":"rollout-size","param_value_internal":2,"distribution":"{\"name\": \"CategoricalDistribution\", \"attributes\": {\"choices\": [20, 80, 320]}}"}
{"op_code":5,"worker_id":"31a11df0-c1da-46d8-b54b-3e95fff54e57-14736","trial_id":8,"param_name":"gamma","param_value_internal":2,"distribution":"{\"name\": \"CategoricalDistribution\", \"attributes\": {\"choices\": [0.99, 0.995, 0.999]}}"}
{"op_code":5,"worker_id":"31a11df0-c1da-46d8-b54b-3e95fff54e57-14736","trial_id":8,"param_name":"gae-lambda","param_value_internal":0,"distribution":"{\"name\": \"CategoricalDistribution\", \"attributes\": {\"choices\": [0.9, 0.95, 1.0]}}"}
{"op_code":5,"worker_id":"31a11df0-c1da-46d8-b54b-3e95fff54e57-14736","trial_id":8,"param_name":"ent-coef","param_value_internal":0.00017088424969157387,"distribution":"{\"name\": \"FloatDistribution\", \"attributes\": {\"step\": null, \"low\": 0.0001, \"high\": 0.03, \"log\": true}}"}
{"op_code":8,"worker_id":"31a11df0-c1da-46d8-b54b-3e95fff54e57-14736","trial_id":8,"user_attr":{"train_argv":"--option 1 --reward-mode objective --objectives tardiness_sq --lambda-late 1.0 --lambda-energy 1.0 --power-model linear --difficulty off_tf05 --timesteps 300000 --save-tag tune_off_tf05_o1cmlubr_a2c_t8 --n-envs 4 --vec-backend subproc --seed 0 --rule-placements FirstFit,Consolidate --algo a2c --markov-obs --lookahead --fixed-scaling --critic-arrivals --lateness-shaping --learning-rate 0.000150503 --rollout-size 320 --gamma 0.999 --gae-lambda 0.9 --ent-coef 0.000170884"}}
{"op_code":7,"worker_id":"31a11df0-c1da-46d8-b54b-3e95fff54e57-14736","trial_id":8,"step":75000,"intermediate_value":131604.2}
{"op_code":6,"worker_id":"31a11df0-c1da-46d8-b54b-3e95fff54e57-14736","trial_id":8,"state":2,"values":[131604.2],"datetime_complete":"2026-10-07T05:44:49.541832"}
{"op_code":4,"worker_id":"31a11df0-c1da-46d8-b54b-3e95fff54e57-14736","study_id":0,"datetime_start":"2026-10-07T05:44:49.764402"}
{"op_code":5,"worker_id":"31a11df0-c1da-46d8-b54b-3e95fff54e57-14736","trial_id":9,"param_name":"learning-rate","param_value_internal":0.0007091576793635641,"distribution":"{\"name\": \"FloatDistribution\", \"attributes\": {\"step\": null, \"low\": 0.0001, \"high\": 0.003, \"log\": true}}"}
{"op_code":5,"worker_id":"31a11df0-c1da-46d8-b54b-3e95fff54e57-14736","trial_id":9,"param_name":"rollout-size","param_value_internal":0,"distribution":"{\"name\": \"CategoricalDistribution\", \"attributes\": {\"choices\": [20, 80, 320]}}"}
{"op_code":5,"worker_id":"31a11df0-c1da-46d8-b54b-3e95fff54e57-14736","trial_id":9,"param_name":"gamma","param_value_internal":1,"distribution":"{\"name\": \"CategoricalDistribution\", \"attributes\": {\"choices\": [0.99, 0.995, 0.999]}}"}
{"op_code":5,"worker_id":"31a11df0-c1da-46d8-b54b-3e95fff54e57-14736","trial_id":9,"param_name":"gae-lambda","param_value_internal":1,"distribution":"{\"name\": \"CategoricalDistribution\", \"attributes\": {\"choices\": [0.9, 0.95, 1.0]}}"}
{"op_code":5,"worker_id":"31a11df0-c1da-46d8-b54b-3e95fff54e57-14736","trial_id":9,"param_name":"ent-coef","param_value_internal":0.011307978270179144,"distribution":"{\"name\": \"FloatDistribution\", \"attributes\": {\"step\": null, \"low\": 0.0001, \"high\": 0.03, \"log\": true}}"}
{"op_code":8,"worker_id":"31a11df0-c1da-46d8-b54b-3e95fff54e57-14736","trial_id":9,"user_attr":{"train_argv":"--option 1 --reward-mode objective --objectives tardiness_sq --lambda-late 1.0 --lambda-energy 1.0 --power-model linear --difficulty off_tf05 --timesteps 300000 --save-tag tune_off_tf05_o1cmlubr_a2c_t9 --n-envs 4 --vec-backend subproc --seed 0 --rule-placements FirstFit,Consolidate --algo a2c --markov-obs --lookahead --fixed-scaling --critic-arrivals --lateness-shaping --learning-rate 0.000709158 --rollout-size 20 --gamma 0.995 --gae-lambda 0.95 --ent-coef 0.011308"}}
{"op_code":7,"worker_id":"31a11df0-c1da-46d8-b54b-3e95fff54e57-14736","trial_id":9,"step":75000,"intermediate_value":34650.0}
{"op_code":7,"worker_id":"31a11df0-c1da-46d8-b54b-3e95fff54e57-14736","trial_id":9,"step":150000,"intermediate_value":34650.0}
{"op_code":7,"worker_id":"31a11df0-c1da-46d8-b54b-3e95fff54e57-14736","trial_id":9,"step":225000,"intermediate_value":34650.0}
{"op_code":6,"worker_id":"31a11df0-c1da-46d8-b54b-3e95fff54e57-14736","trial_id":9,"state":1,"values":[37323.85],"datetime_complete":"2026-10-07T05:48:28.261640"}
{"op_code":4,"worker_id":"31a11df0-c1da-46d8-b54b-3e95fff54e57-14736","study_id":0,"datetime_start":"2026-10-07T05:48:28.456600"}
{"op_code":5,"worker_id":"31a11df0-c1da-46d8-b54b-3e95fff54e57-14736","trial_id":10,"param_name":"learning-rate","param_value_internal":0.0024518098818580836,"distribution":"{\"name\": \"FloatDistribution\", \"attributes\": {\"step\": null, \"low\": 0.0001, \"high\": 0.003, \"log\": true}}"}
{"op_code":5,"worker_id":"31a11df0-c1da-46d8-b54b-3e95fff54e57-14736","trial_id":10,"param_name":"rollout-size","param_value_internal":2,"distribution":"{\"name\": \"CategoricalDistribution\", \"attributes\": {\"choices\": [20, 80, 320]}}"}
{"op_code":5,"worker_id":"31a11df0-c1da-46d8-b54b-3e95fff54e57-14736","trial_id":10,"param_name":"gamma","param_value_internal":0,"distribution":"{\"name\": \"CategoricalDistribution\", \"attributes\": {\"choices\": [0.99, 0.995, 0.999]}}"}
{"op_code":5,"worker_id":"31a11df0-c1da-46d8-b54b-3e95fff54e57-14736","trial_id":10,"param_name":"gae-lambda","param_value_internal":0,"distribution":"{\"name\": \"CategoricalDistribution\", \"attributes\": {\"choices\": [0.9, 0.95, 1.0]}}"}
{"op_code":5,"worker_id":"31a11df0-c1da-46d8-b54b-3e95fff54e57-14736","trial_id":10,"param_name":"ent-coef","param_value_internal":0.0027870452822917,"distribution":"{\"name\": \"FloatDistribution\", \"attributes\": {\"step\": null, \"low\": 0.0001, \"high\": 0.03, \"log\": true}}"}
{"op_code":8,"worker_id":"31a11df0-c1da-46d8-b54b-3e95fff54e57-14736","trial_id":10,"user_attr":{"train_argv":"--option 1 --reward-mode objective --objectives tardiness_sq --lambda-late 1.0 --lambda-energy 1.0 --power-model linear --difficulty off_tf05 --timesteps 300000 --save-tag tune_off_tf05_o1cmlubr_a2c_t10 --n-envs 4 --vec-backend subproc --seed 0 --rule-placements FirstFit,Consolidate --algo a2c --markov-obs --lookahead --fixed-scaling --critic-arrivals --lateness-shaping --learning-rate 0.00245181 --rollout-size 320 --gamma 0.99 --gae-lambda 0.9 --ent-coef 0.00278705"}}
{"op_code":7,"worker_id":"31a11df0-c1da-46d8-b54b-3e95fff54e57-14736","trial_id":10,"step":75000,"intermediate_value":34650.0}
{"op_code":7,"worker_id":"31a11df0-c1da-46d8-b54b-3e95fff54e57-14736","trial_id":10,"step":150000,"intermediate_value":34650.0}
{"op_code":7,"worker_id":"31a11df0-c1da-46d8-b54b-3e95fff54e57-14736","trial_id":10,"step":225000,"intermediate_value":34650.0}
{"op_code":6,"worker_id":"31a11df0-c1da-46d8-b54b-3e95fff54e57-14736","trial_id":10,"state":1,"values":[37323.85],"datetime_complete":"2026-10-07T05:51:20.498089"}
{"op_code":4,"worker_id":"31a11df0-c1da-46d8-b54b-3e95fff54e57-14736","study_id":0,"datetime_start":"2026-10-07T05:51:20.697171"}
{"op_code":5,"worker_id":"31a11df0-c1da-46d8-b54b-3e95fff54e57-14736","trial_id":11,"param_name":"learning-rate","param_value_internal":0.0002774239805879528,"distribution":"{\"name\": \"FloatDistribution\", \"attributes\": {\"step\": null, \"low\": 0.0001, \"high\": 0.003, \"log\": true}}"}
{"op_code":5,"worker_id":"31a11df0-c1da-46d8-b54b-3e95fff54e57-14736","trial_id":11,"param_name":"rollout-size","param_value_internal":0,"distribution":"{\"name\": \"CategoricalDistribution\", \"attributes\": {\"choices\": [20, 80, 320]}}"}
{"op_code":5,"worker_id":"31a11df0-c1da-46d8-b54b-3e95fff54e57-14736","trial_id":11,"param_name":"gamma","param_value_internal":1,"distribution":"{\"name\": \"CategoricalDistribution\", \"attributes\": {\"choices\": [0.99, 0.995, 0.999]}}"}
{"op_code":5,"worker_id":"31a11df0-c1da-46d8-b54b-3e95fff54e57-14736","trial_id":11,"param_name":"gae-lambda","param_value_internal":1,"distribution":"{\"name\": \"CategoricalDistribution\", \"attributes\": {\"choices\": [0.9, 0.95, 1.0]}}"}
{"op_code":5,"worker_id":"31a11df0-c1da-46d8-b54b-3e95fff54e57-14736","trial_id":11,"param_name":"ent-coef","param_value_internal":0.028977333525414532,"distribution":"{\"name\": \"FloatDistribution\", \"attributes\": {\"step\": null, \"low\": 0.0001, \"high\": 0.03, \"log\": true}}"}
{"op_code":8,"worker_id":"31a11df0-c1da-46d8-b54b-3e95fff54e57-14736","trial_id":11,"user_attr":{"train_argv":"--option 1 --reward-mode objective --objectives tardiness_sq --lambda-late 1.0 --lambda-energy 1.0 --power-model linear --difficulty off_tf05 --timesteps 300000 --save-tag tune_off_tf05_o1cmlubr_a2c_t11 --n-envs 4 --vec-backend subproc --seed 0 --rule-placements FirstFit,Consolidate --algo a2c --markov-obs --lookahead --fixed-scaling --critic-arrivals --lateness-shaping --learning-rate 0.000277424 --rollout-size 20 --gamma 0.995 --gae-lambda 0.95 --ent-coef 0.0289773"}}
{"op_code":7,"worker_id":"31a11df0-c1da-46d8-b54b-3e95fff54e57-14736","trial_id":11,"step":75000,"intermediate_value":36666.0}
{"op_code":6,"worker_id":"31a11df0-c1da-46d8-b54b-3e95fff54e57-14736","trial_id":11,"state":2,"values":[36666.0],"datetime_complete":"2026-10-07T05:52:12.675152"}
